frust-perf activity-create
frust_shell_common::perf: bench-scenario-start s1
frust_render::context: frust-perf surface-caps formats=[Rgba8UnormSrgb,Rgba8Unorm,Rgba16Float,Rgb10a2Unorm] usages=TextureUsages(COPY_SRC | COPY_DST | TEXTURE_BINDING | STORAGE_BINDING | RENDER_ATTACHMENT | STORAGE_ATOMIC) direct_to_surface=YES (Rgba8Unorm+STORAGE_BINDING)
frust_render::context: frust-perf render-path direct (Rgba8Unorm+STORAGE_BINDING)
frust_shell_common::perf: bench-scenario-end s1
frust_shell_common::perf: bench-scenario-start s5
frust_shell_common::perf: frust-perf startup init_entry=0ms font_preinit_started=0ms font_preinit_joined=0ms preinit_started=0ms preinit_joined=0ms cache_loaded=1ms pipeline_cache_restored=1ms adapter_ready=51ms device_ready=51ms renderer_ready=51ms first_rebuild_done=63ms first_encode_done=64ms first_frame_presented=83ms
frust_shell_common::perf: frust-perf raw n=1 total_us=19181 rebuild_us=54 layout_us=16 paint_us=27 encode_us=89 acquire_us=26 submit_us=18967 skipped=0 gpu_q=0
frust_shell_common::perf: frust-perf raw n=2 total_us=197876 rebuild_us=84 layout_us=16 paint_us=42 encode_us=66 acquire_us=53 submit_us=197613 skipped=0 gpu_q=0
frust_shell_common::perf: frust-perf raw n=3 total_us=147493 rebuild_us=157 layout_us=15 paint_us=18 encode_us=66 acquire_us=41 submit_us=147194 skipped=0 gpu_q=0
frust_shell_common::perf: frust-perf raw n=4 total_us=65350 rebuild_us=220 layout_us=20 paint_us=25 encode_us=68 acquire_us=48 submit_us=64967 skipped=0 gpu_q=0
frust_shell_common::perf: frust-perf raw n=5 total_us=45945 rebuild_us=327 layout_us=26 paint_us=30 encode_us=77 acquire_us=65 submit_us=45417 skipped=0 gpu_q=0
frust_shell_common::perf: frust-perf raw n=6 total_us=47594 rebuild_us=336 layout_us=31 paint_us=30 encode_us=98 acquire_us=85 submit_us=47012 skipped=0 gpu_q=0
frust_shell_common::perf: frust-perf raw n=7 total_us=39309 rebuild_us=318 layout_us=25 paint_us=28 encode_us=75 acquire_us=59 submit_us=38801 skipped=0 gpu_q=0
frust_shell_common::perf: frust-perf raw n=8 total_us=39286 rebuild_us=325 layout_us=25 paint_us=25 encode_us=218 acquire_us=121 submit_us=38570 skipped=0 gpu_q=0
frust_shell_common::perf: frust-perf raw n=9 total_us=36314 rebuild_us=323 layout_us=21 paint_us=28 encode_us=69 acquire_us=89 submit_us=35781 skipped=0 gpu_q=0
frust_shell_common::perf: frust-perf raw n=10 total_us=39646 rebuild_us=344 layout_us=25 paint_us=26 encode_us=74 acquire_us=109 submit_us=39065 skipped=0 gpu_q=0
frust_shell_common::perf: frust-perf raw n=11 total_us=37165 rebuild_us=326 layout_us=21 paint_us=28 encode_us=160 acquire_us=199 submit_us=36429 skipped=0 gpu_q=0
frust_shell_common::perf: frust-perf raw n=12 total_us=40812 rebuild_us=357 layout_us=26 paint_us=26 encode_us=75 acquire_us=85 submit_us=40241 skipped=0 gpu_q=0
frust_shell_common::perf: frust-perf raw n=13 total_us=36584 rebuild_us=381 layout_us=25 paint_us=25 encode_us=63 acquire_us=86 submit_us=36003 skipped=0 gpu_q=0
frust_shell_common::perf: frust-perf raw n=14 total_us=41390 rebuild_us=378 layout_us=27 paint_us=28 encode_us=65 acquire_us=58 submit_us=40831 skipped=0 gpu_q=0
frust_shell_common::perf: frust-perf raw n=15 total_us=35921 rebuild_us=359 layout_us=23 paint_us=21 encode_us=48 acquire_us=58 submit_us=35410 skipped=0 gpu_q=0
frust_shell_common::perf: frust-perf raw n=16 total_us=43071 rebuild_us=387 layout_us=24 paint_us=24 encode_us=62 acquire_us=79 submit_us=42492 skipped=0 gpu_q=0
frust_shell_common::perf: frust-perf raw n=17 total_us=36075 rebuild_us=387 layout_us=24 paint_us=24 encode_us=57 acquire_us=66 submit_us=35515 skipped=0 gpu_q=0
frust_shell_common::perf: frust-perf raw n=18 total_us=43607 rebuild_us=465 layout_us=25 paint_us=29 encode_us=66 acquire_us=66 submit_us=42954 skipped=0 gpu_q=0
frust_shell_common::perf: frust-perf raw n=19 total_us=36159 rebuild_us=398 layout_us=22 paint_us=42 encode_us=53 acquire_us=78 submit_us=35564 skipped=0 gpu_q=0
frust_shell_common::perf: frust-perf raw n=20 total_us=44118 rebuild_us=425 layout_us=29 paint_us=28 encode_us=65 acquire_us=72 submit_us=43497 skipped=0 gpu_q=0
frust_shell_common::perf: frust-perf raw n=21 total_us=36523 rebuild_us=471 layout_us=34 paint_us=28 encode_us=51 acquire_us=65 submit_us=35872 skipped=0 gpu_q=0
frust_shell_common::perf: frust-perf raw n=22 total_us=44129 rebuild_us=526 layout_us=23 paint_us=32 encode_us=76 acquire_us=82 submit_us=43388 skipped=0 gpu_q=0
frust_shell_common::perf: frust-perf raw n=23 total_us=36170 rebuild_us=527 layout_us=25 paint_us=37 encode_us=51 acquire_us=78 submit_us=35450 skipped=0 gpu_q=0
frust_shell_common::perf: frust-perf raw n=24 total_us=45836 rebuild_us=501 layout_us=32 paint_us=27 encode_us=70 acquire_us=76 submit_us=45127 skipped=0 gpu_q=0
frust_shell_common::perf: frust-perf raw n=25 total_us=37164 rebuild_us=1117 layout_us=56 paint_us=219 encode_us=58 acquire_us=61 submit_us=35650 skipped=0 gpu_q=0
frust_shell_android::app::frame: frust-perf platform-view tail depth=0 target=0 acquire_bound=false frame=120 expected_present_us=0 acquire_us=67 period_us=11139
frust_shell_common::perf: frust-perf raw n=26 total_us=91799 rebuild_us=288 layout_us=12 paint_us=18 encode_us=54 acquire_us=59 submit_us=91365 skipped=0 gpu_q=0
frust_shell_common::perf: frust-perf raw n=27 total_us=93560 rebuild_us=479 layout_us=20 paint_us=65 encode_us=73 acquire_us=77 submit_us=92844 skipped=0 gpu_q=0
frust_shell_common::perf: frust-perf raw n=28 total_us=95458 rebuild_us=479 layout_us=21 paint_us=33 encode_us=104 acquire_us=96 submit_us=94724 skipped=0 gpu_q=0
frust_shell_common::perf: frust-perf raw n=29 total_us=92236 rebuild_us=520 layout_us=26 paint_us=32 encode_us=82 acquire_us=95 submit_us=91479 skipped=0 gpu_q=0
frust_shell_common::perf: frust-perf raw n=30 total_us=92723 rebuild_us=409 layout_us=17 paint_us=22 encode_us=99 acquire_us=92 submit_us=92081 skipped=0 gpu_q=0
frust_shell_common::perf: frust-perf raw n=31 total_us=94486 rebuild_us=415 layout_us=15 paint_us=22 encode_us=101 acquire_us=93 submit_us=93837 skipped=0 gpu_q=0
frust_shell_common::perf: frust-perf raw n=32 total_us=95964 rebuild_us=474 layout_us=20 paint_us=29 encode_us=78 acquire_us=76 submit_us=95284 skipped=0 gpu_q=0
frust_shell_common::perf: frust-perf raw n=33 total_us=90416 rebuild_us=692 layout_us=24 paint_us=35 encode_us=99 acquire_us=105 submit_us=89458 skipped=0 gpu_q=0
frust_shell_common::perf: frust-perf frame n=33 total_p50_ms=43 total_p95_ms=147 total_p99_ms=197 rebuild_p95_ms=0 layout_p95_ms=0 paint_p95_ms=0 encode_p95_ms=0 acquire_p95_ms=0 submit_p95_ms=147 over_60hz=33 over_120hz=33 skipped=0 total_frames=33
frust_shell_common::perf: frust-perf raw n=34 total_us=96305 rebuild_us=572 layout_us=22 paint_us=32 encode_us=99 acquire_us=109 submit_us=95470 skipped=0 gpu_q=0
frust_shell_common::perf: frust-perf raw n=35 total_us=96860 rebuild_us=689 layout_us=29 paint_us=37 encode_us=117 acquire_us=115 submit_us=95871 skipped=0 gpu_q=0
frust_shell_common::perf: frust-perf raw n=36 total_us=98512 rebuild_us=684 layout_us=27 paint_us=37 encode_us=98 acquire_us=104 submit_us=97559 skipped=0 gpu_q=0
frust_shell_common::perf: frust-perf raw n=37 total_us=96898 rebuild_us=603 layout_us=25 paint_us=35 encode_us=99 acquire_us=105 submit_us=96026 skipped=0 gpu_q=0
frust_shell_common::perf: frust-perf raw n=38 total_us=97592 rebuild_us=561 layout_us=20 paint_us=30 encode_us=116 acquire_us=125 submit_us=96737 skipped=0 gpu_q=0
frust_shell_common::perf: frust-perf raw n=39 total_us=93671 rebuild_us=730 layout_us=30 paint_us=36 encode_us=99 acquire_us=113 submit_us=92660 skipped=0 gpu_q=0
frust_shell_android::app::frame: frust-perf platform-view tail depth=0 target=0 acquire_bound=false frame=240 expected_present_us=0 acquire_us=103 period_us=11705
frust_shell_common::perf: frust-perf raw n=40 total_us=92940 rebuild_us=562 layout_us=19 paint_us=30 encode_us=99 acquire_us=94 submit_us=92133 skipped=0 gpu_q=0
frust_shell_common::perf: frust-perf raw n=41 total_us=97622 rebuild_us=645 layout_us=26 paint_us=35 encode_us=99 acquire_us=107 submit_us=96708 skipped=0 gpu_q=0
frust_shell_common::perf: frust-perf raw n=42 total_us=95186 rebuild_us=566 layout_us=20 paint_us=32 encode_us=101 acquire_us=99 submit_us=94367 skipped=0 gpu_q=0
frust_shell_common::perf: frust-perf raw n=43 total_us=95590 rebuild_us=791 layout_us=34 paint_us=43 encode_us=99 acquire_us=114 submit_us=94506 skipped=0 gpu_q=0
frust_shell_common::perf: frust-perf raw n=44 total_us=95070 rebuild_us=570 layout_us=20 paint_us=31 encode_us=103 acquire_us=108 submit_us=94236 skipped=0 gpu_q=0
frust_shell_common::perf: frust-perf raw n=45 total_us=93967 rebuild_us=769 layout_us=32 paint_us=45 encode_us=106 acquire_us=143 submit_us=92868 skipped=0 gpu_q=0
frust_shell_common::perf: frust-perf raw n=46 total_us=97211 rebuild_us=596 layout_us=22 paint_us=32 encode_us=101 acquire_us=129 submit_us=96329 skipped=0 gpu_q=0
frust_shell_common::perf: frust-perf raw n=47 total_us=92928 rebuild_us=845 layout_us=34 paint_us=41 encode_us=103 acquire_us=126 submit_us=91777 skipped=0 gpu_q=0
frust_shell_common::perf: frust-perf raw n=48 total_us=96520 rebuild_us=601 layout_us=22 paint_us=34 encode_us=190 acquire_us=122 submit_us=95548 skipped=0 gpu_q=0
frust_shell_common::perf: frust-perf raw n=49 total_us=94256 rebuild_us=607 layout_us=23 paint_us=35 encode_us=89 acquire_us=93 submit_us=93406 skipped=0 gpu_q=0
frust_shell_common::perf: frust-perf raw n=50 total_us=91560 rebuild_us=615 layout_us=25 paint_us=35 encode_us=101 acquire_us=122 submit_us=90659 skipped=0 gpu_q=0
frust_shell_common::perf: frust-perf raw n=51 total_us=95176 rebuild_us=679 layout_us=27 paint_us=37 encode_us=104 acquire_us=101 submit_us=94225 skipped=0 gpu_q=0
frust_shell_common::perf: frust-perf raw n=52 total_us=96859 rebuild_us=647 layout_us=22 paint_us=33 encode_us=105 acquire_us=104 submit_us=95947 skipped=0 gpu_q=0
frust_shell_common::perf: frust-perf raw n=53 total_us=94575 rebuild_us=601 layout_us=22 paint_us=33 encode_us=97 acquire_us=93 submit_us=93726 skipped=0 gpu_q=0
frust_shell_common::perf: frust-perf raw n=54 total_us=95420 rebuild_us=757 layout_us=28 paint_us=41 encode_us=99 acquire_us=94 submit_us=94399 skipped=0 gpu_q=0
frust_shell_common::perf: frust-perf frame n=54 total_p50_ms=92 total_p95_ms=98 total_p99_ms=197 rebuild_p95_ms=0 layout_p95_ms=0 paint_p95_ms=0 encode_p95_ms=0 acquire_p95_ms=0 submit_p95_ms=97 over_60hz=54 over_120hz=54 skipped=0 total_frames=54
frust_shell_android::app::frame: frust-perf platform-view tail depth=0 target=0 acquire_bound=false frame=360 expected_present_us=0 acquire_us=125 period_us=12977
frust_shell_common::perf: frust-perf raw n=55 total_us=92828 rebuild_us=738 layout_us=33 paint_us=43 encode_us=179 acquire_us=198 submit_us=91635 skipped=0 gpu_q=0
frust_shell_common::perf: frust-perf raw n=56 total_us=94836 rebuild_us=653 layout_us=30 paint_us=47 encode_us=112 acquire_us=111 submit_us=93881 skipped=0 gpu_q=0
frust_shell_common::perf: frust-perf raw n=57 total_us=92727 rebuild_us=600 layout_us=22 paint_us=96 encode_us=99 acquire_us=182 submit_us=91726 skipped=0 gpu_q=0
frust_shell_common::perf: frust-perf raw n=58 total_us=96365 rebuild_us=605 layout_us=25 paint_us=34 encode_us=103 acquire_us=110 submit_us=95485 skipped=0 gpu_q=0
frust_shell_common::perf: frust-perf raw n=59 total_us=97971 rebuild_us=710 layout_us=37 paint_us=47 encode_us=100 acquire_us=97 submit_us=96978 skipped=0 gpu_q=0
frust_shell_common::perf: frust-perf raw n=60 total_us=93618 rebuild_us=604 layout_us=22 paint_us=33 encode_us=101 acquire_us=109 submit_us=92748 skipped=0 gpu_q=0
frust_shell_common::perf: frust-perf raw n=61 total_us=97379 rebuild_us=601 layout_us=21 paint_us=33 encode_us=95 acquire_us=106 submit_us=96521 skipped=0 gpu_q=0
frust_shell_common::perf: frust-perf raw n=62 total_us=95815 rebuild_us=734 layout_us=31 paint_us=39 encode_us=176 acquire_us=143 submit_us=94689 skipped=0 gpu_q=0
frust_shell_common::perf: frust-perf raw n=63 total_us=93713 rebuild_us=562 layout_us=20 paint_us=30 encode_us=134 acquire_us=110 submit_us=92855 skipped=0 gpu_q=0
frust_shell_common::perf: frust-perf raw n=64 total_us=91272 rebuild_us=685 layout_us=24 paint_us=36 encode_us=100 acquire_us=115 submit_us=90310 skipped=0 gpu_q=0
frust_shell_common::perf: frust-perf raw n=65 total_us=96847 rebuild_us=568 layout_us=21 paint_us=31 encode_us=62 acquire_us=68 submit_us=96095 skipped=0 gpu_q=0
frust_shell_common::perf: frust-perf raw n=66 total_us=97887 rebuild_us=628 layout_us=24 paint_us=35 encode_us=99 acquire_us=115 submit_us=96984 skipped=0 gpu_q=0
frust_shell_common::perf: frust-perf raw n=67 total_us=96701 rebuild_us=706 layout_us=27 paint_us=38 encode_us=101 acquire_us=93 submit_us=95733 skipped=0 gpu_q=0
frust_shell_common::perf: frust-perf raw n=68 total_us=95308 rebuild_us=586 layout_us=21 paint_us=33 encode_us=104 acquire_us=110 submit_us=94451 skipped=0 gpu_q=0
frust_shell_common::perf: frust-perf raw n=69 total_us=91684 rebuild_us=596 layout_us=21 paint_us=34 encode_us=101 acquire_us=111 submit_us=90820 skipped=0 gpu_q=0
frust_shell_android::app::frame: frust-perf platform-view tail depth=0 target=0 acquire_bound=false frame=480 expected_present_us=0 acquire_us=104 period_us=11187
frust_shell_common::perf: frust-perf raw n=70 total_us=94273 rebuild_us=852 layout_us=23 paint_us=36 encode_us=100 acquire_us=102 submit_us=93157 skipped=0 gpu_q=0
frust_shell_common::perf: frust-perf raw n=71 total_us=96218 rebuild_us=641 layout_us=24 paint_us=35 encode_us=160 acquire_us=155 submit_us=95202 skipped=0 gpu_q=0
frust_shell_common::perf: frust-perf raw n=72 total_us=94380 rebuild_us=555 layout_us=19 paint_us=31 encode_us=96 acquire_us=105 submit_us=93571 skipped=0 gpu_q=0
frust_shell_common::perf: frust-perf raw n=73 total_us=94841 rebuild_us=571 layout_us=20 paint_us=30 encode_us=103 acquire_us=124 submit_us=93992 skipped=0 gpu_q=0
frust_shell_common::perf: frust-perf raw n=74 total_us=96191 rebuild_us=610 layout_us=26 paint_us=34 encode_us=101 acquire_us=129 submit_us=95287 skipped=0 gpu_q=0
frust_shell_common::perf: frust-perf raw n=75 total_us=92716 rebuild_us=721 layout_us=40 paint_us=39 encode_us=96 acquire_us=100 submit_us=91718 skipped=0 gpu_q=0
frust_shell_common::perf: frust-perf raw n=76 total_us=95602 rebuild_us=561 layout_us=20 paint_us=31 encode_us=98 acquire_us=106 submit_us=94784 skipped=0 gpu_q=0
frust_shell_common::perf: frust-perf frame n=76 total_p50_ms=93 total_p95_ms=97 total_p99_ms=197 rebuild_p95_ms=0 layout_p95_ms=0 paint_p95_ms=0 encode_p95_ms=0 acquire_p95_ms=0 submit_p95_ms=96 over_60hz=76 over_120hz=76 skipped=0 total_frames=76
frust_shell_common::perf: frust-perf raw n=77 total_us=95990 rebuild_us=605 layout_us=22 paint_us=33 encode_us=100 acquire_us=123 submit_us=95104 skipped=0 gpu_q=0
frust_shell_common::perf: frust-perf raw n=78 total_us=90578 rebuild_us=618 layout_us=21 paint_us=31 encode_us=96 acquire_us=116 submit_us=89693 skipped=0 gpu_q=0
frust_shell_common::perf: frust-perf raw n=79 total_us=94287 rebuild_us=583 layout_us=22 paint_us=36 encode_us=103 acquire_us=104 submit_us=93436 skipped=0 gpu_q=0
frust_shell_common::perf: frust-perf raw n=80 total_us=95159 rebuild_us=616 layout_us=23 paint_us=36 encode_us=101 acquire_us=111 submit_us=94270 skipped=0 gpu_q=0
frust_shell_common::perf: frust-perf raw n=81 total_us=98434 rebuild_us=555 layout_us=19 paint_us=30 encode_us=101 acquire_us=98 submit_us=97629 skipped=0 gpu_q=0
frust_shell_common::perf: frust-perf raw n=82 total_us=89820 rebuild_us=630 layout_us=25 paint_us=36 encode_us=96 acquire_us=97 submit_us=88934 skipped=0 gpu_q=0
frust_shell_common::perf: frust-perf raw n=83 total_us=95780 rebuild_us=564 layout_us=20 paint_us=33 encode_us=107 acquire_us=104 submit_us=94948 skipped=0 gpu_q=0
frust_shell_common::perf: frust-perf raw n=84 total_us=96229 rebuild_us=689 layout_us=29 paint_us=43 encode_us=103 acquire_us=110 submit_us=95252 skipped=0 gpu_q=0
frust_shell_android::app::frame: frust-perf platform-view tail depth=0 target=0 acquire_bound=false frame=600 expected_present_us=0 acquire_us=105 period_us=11203
frust_shell_common::perf: frust-perf raw n=85 total_us=93895 rebuild_us=737 layout_us=29 paint_us=36 encode_us=98 acquire_us=105 submit_us=92887 skipped=0 gpu_q=0
frust_shell_common::perf: frust-perf raw n=86 total_us=95121 rebuild_us=571 layout_us=19 paint_us=30 encode_us=97 acquire_us=104 submit_us=94298 skipped=0 gpu_q=0
frust_shell_common::perf: frust-perf raw n=87 total_us=91248 rebuild_us=743 layout_us=32 paint_us=43 encode_us=97 acquire_us=89 submit_us=90241 skipped=0 gpu_q=0
frust_shell_common::perf: frust-perf raw n=88 total_us=94449 rebuild_us=568 layout_us=20 paint_us=30 encode_us=543 acquire_us=188 submit_us=93098 skipped=0 gpu_q=0
frust_shell_common::perf: frust-perf raw n=89 total_us=92158 rebuild_us=635 layout_us=25 paint_us=38 encode_us=98 acquire_us=126 submit_us=91234 skipped=0 gpu_q=0
frust_shell_common::perf: frust-perf raw n=90 total_us=102388 rebuild_us=623 layout_us=23 paint_us=34 encode_us=99 acquire_us=96 submit_us=101510 skipped=0 gpu_q=0
frust_shell_common::perf: frust-perf raw n=91 total_us=94024 rebuild_us=720 layout_us=37 paint_us=39 encode_us=101 acquire_us=126 submit_us=92999 skipped=0 gpu_q=0
frust_shell_common::perf: frust-perf raw n=92 total_us=94064 rebuild_us=585 layout_us=21 paint_us=32 encode_us=105 acquire_us=146 submit_us=93172 skipped=0 gpu_q=0
frust_shell_common::perf: frust-perf raw n=93 total_us=94539 rebuild_us=644 layout_us=25 paint_us=34 encode_us=100 acquire_us=96 submit_us=93638 skipped=0 gpu_q=0
frust_shell_common::perf: frust-perf raw n=94 total_us=94673 rebuild_us=560 layout_us=20 paint_us=30 encode_us=96 acquire_us=107 submit_us=93858 skipped=0 gpu_q=0
frust_shell_common::perf: frust-perf raw n=95 total_us=93550 rebuild_us=617 layout_us=25 paint_us=35 encode_us=101 acquire_us=106 submit_us=92664 skipped=0 gpu_q=0
frust_shell_common::perf: frust-perf raw n=96 total_us=92128 rebuild_us=771 layout_us=37 paint_us=40 encode_us=164 acquire_us=162 submit_us=90951 skipped=0 gpu_q=0
frust_shell_common::perf: frust-perf raw n=97 total_us=91301 rebuild_us=557 layout_us=20 paint_us=30 encode_us=98 acquire_us=123 submit_us=90470 skipped=0 gpu_q=0
frust_shell_common::perf: frust-perf raw n=98 total_us=91660 rebuild_us=610 layout_us=24 paint_us=34 encode_us=133 acquire_us=108 submit_us=90748 skipped=0 gpu_q=0
frust_shell_common::perf: frust-perf frame n=98 total_p50_ms=93 total_p95_ms=98 total_p99_ms=197 rebuild_p95_ms=0 layout_p95_ms=0 paint_p95_ms=0 encode_p95_ms=0 acquire_p95_ms=0 submit_p95_ms=97 over_60hz=98 over_120hz=98 skipped=0 total_frames=98
frust_shell_common::perf: frust-perf raw n=99 total_us=96099 rebuild_us=593 layout_us=21 paint_us=31 encode_us=99 acquire_us=104 submit_us=95248 skipped=0 gpu_q=0
frust_shell_android::app::frame: frust-perf platform-view tail depth=0 target=0 acquire_bound=false frame=720 expected_present_us=0 acquire_us=110 period_us=11198
frust_shell_common::perf: frust-perf raw n=100 total_us=93059 rebuild_us=672 layout_us=24 paint_us=35 encode_us=97 acquire_us=97 submit_us=92131 skipped=0 gpu_q=0
frust_shell_common::perf: frust-perf raw n=101 total_us=94477 rebuild_us=679 layout_us=23 paint_us=35 encode_us=324 acquire_us=148 submit_us=93266 skipped=0 gpu_q=0
frust_shell_common::perf: frust-perf raw n=102 total_us=96422 rebuild_us=606 layout_us=24 paint_us=35 encode_us=87 acquire_us=81 submit_us=95585 skipped=0 gpu_q=0
frust_shell_common::perf: frust-perf raw n=103 total_us=96482 rebuild_us=561 layout_us=20 paint_us=33 encode_us=97 acquire_us=104 submit_us=95665 skipped=0 gpu_q=0
frust_shell_common::perf: frust-perf raw n=104 total_us=93719 rebuild_us=667 layout_us=34 paint_us=79 encode_us=96 acquire_us=97 submit_us=92744 skipped=0 gpu_q=0
frust_shell_common::perf: frust-perf raw n=105 total_us=94436 rebuild_us=565 layout_us=20 paint_us=31 encode_us=100 acquire_us=96 submit_us=93621 skipped=0 gpu_q=0
frust_shell_common::perf: frust-perf raw n=106 total_us=97356 rebuild_us=655 layout_us=26 paint_us=37 encode_us=104 acquire_us=90 submit_us=96442 skipped=0 gpu_q=0
frust_shell_common::perf: frust-perf raw n=107 total_us=94431 rebuild_us=665 layout_us=24 paint_us=35 encode_us=97 acquire_us=105 submit_us=93501 skipped=0 gpu_q=0
frust_shell_common::perf: frust-perf raw n=108 total_us=95227 rebuild_us=579 layout_us=20 paint_us=31 encode_us=103 acquire_us=107 submit_us=94384 skipped=0 gpu_q=0
frust_shell_common::perf: frust-perf raw n=109 total_us=92274 rebuild_us=575 layout_us=20 paint_us=30 encode_us=102 acquire_us=109 submit_us=91437 skipped=0 gpu_q=0
frust_shell_common::perf: frust-perf raw n=110 total_us=96376 rebuild_us=602 layout_us=23 paint_us=35 encode_us=102 acquire_us=96 submit_us=95516 skipped=0 gpu_q=0
frust_shell_common::perf: frust-perf raw n=111 total_us=93962 rebuild_us=662 layout_us=27 paint_us=36 encode_us=97 acquire_us=94 submit_us=93044 skipped=0 gpu_q=0
frust_shell_common::perf: frust-perf raw n=112 total_us=100502 rebuild_us=658 layout_us=22 paint_us=35 encode_us=98 acquire_us=98 submit_us=99588 skipped=0 gpu_q=0
frust_shell_common::perf: frust-perf raw n=113 total_us=91085 rebuild_us=721 layout_us=26 paint_us=36 encode_us=100 acquire_us=109 submit_us=90090 skipped=0 gpu_q=0
frust_shell_common::perf: frust-perf raw n=114 total_us=93967 rebuild_us=556 layout_us=20 paint_us=30 encode_us=102 acquire_us=95 submit_us=93161 skipped=0 gpu_q=0
frust_shell_android::app::frame: frust-perf platform-view tail depth=0 target=0 acquire_bound=false frame=840 expected_present_us=0 acquire_us=103 period_us=11775
frust_shell_common::perf: frust-perf raw n=115 total_us=93962 rebuild_us=704 layout_us=26 paint_us=39 encode_us=110 acquire_us=118 submit_us=92962 skipped=0 gpu_q=0
frust_shell_common::perf: frust-perf raw n=116 total_us=92916 rebuild_us=563 layout_us=19 paint_us=29 encode_us=102 acquire_us=103 submit_us=92098 skipped=0 gpu_q=0
frust_shell_common::perf: frust-perf raw n=117 total_us=92334 rebuild_us=617 layout_us=22 paint_us=34 encode_us=99 acquire_us=105 submit_us=91454 skipped=0 gpu_q=0
frust_shell_common::perf: frust-perf raw n=118 total_us=95679 rebuild_us=556 layout_us=19 paint_us=30 encode_us=84 acquire_us=92 submit_us=94894 skipped=0 gpu_q=0
frust_shell_common::perf: frust-perf raw n=119 total_us=93950 rebuild_us=684 layout_us=24 paint_us=36 encode_us=130 acquire_us=104 submit_us=92969 skipped=0 gpu_q=0
frust_shell_common::perf: frust-perf raw n=120 total_us=98835 rebuild_us=638 layout_us=24 paint_us=35 encode_us=108 acquire_us=119 submit_us=97909 skipped=0 gpu_q=0
frust_shell_common::perf: frust-perf frame n=120 total_p50_ms=94 total_p95_ms=98 total_p99_ms=147 rebuild_p95_ms=0 layout_p95_ms=0 paint_p95_ms=0 encode_p95_ms=0 acquire_p95_ms=0 submit_p95_ms=97 over_60hz=120 over_120hz=120 skipped=0 total_frames=120
frust_shell_common::perf: frust-perf raw n=121 total_us=94002 rebuild_us=631 layout_us=23 paint_us=32 encode_us=97 acquire_us=126 submit_us=93091 skipped=0 gpu_q=0
frust_shell_common::perf: frust-perf raw n=122 total_us=99207 rebuild_us=758 layout_us=30 paint_us=37 encode_us=98 acquire_us=95 submit_us=98187 skipped=0 gpu_q=0
frust_shell_common::perf: frust-perf raw n=123 total_us=96408 rebuild_us=609 layout_us=22 paint_us=32 encode_us=103 acquire_us=132 submit_us=95508 skipped=0 gpu_q=0
frust_shell_common::perf: frust-perf raw n=124 total_us=96279 rebuild_us=567 layout_us=20 paint_us=30 encode_us=98 acquire_us=107 submit_us=95454 skipped=0 gpu_q=0
frust_shell_common::perf: frust-perf raw n=125 total_us=94109 rebuild_us=714 layout_us=28 paint_us=35 encode_us=96 acquire_us=94 submit_us=93137 skipped=0 gpu_q=0
frust_shell_common::perf: frust-perf raw n=126 total_us=93397 rebuild_us=577 layout_us=21 paint_us=31 encode_us=102 acquire_us=101 submit_us=92564 skipped=0 gpu_q=0
frust_shell_common::perf: frust-perf raw n=127 total_us=96841 rebuild_us=629 layout_us=23 paint_us=35 encode_us=106 acquire_us=109 submit_us=95936 skipped=0 gpu_q=0
frust_shell_common::perf: frust-perf raw n=128 total_us=93551 rebuild_us=559 layout_us=20 paint_us=31 encode_us=100 acquire_us=104 submit_us=92735 skipped=0 gpu_q=0
frust_shell_common::perf: frust-perf raw n=129 total_us=94767 rebuild_us=681 layout_us=28 paint_us=37 encode_us=99 acquire_us=99 submit_us=93820 skipped=0 gpu_q=0
frust_shell_android::app::frame: frust-perf platform-view tail depth=0 target=0 acquire_bound=false frame=960 expected_present_us=0 acquire_us=106 period_us=11223
frust_shell_common::perf: frust-perf raw n=130 total_us=95923 rebuild_us=557 layout_us=20 paint_us=31 encode_us=97 acquire_us=118 submit_us=95097 skipped=0 gpu_q=0
frust_shell_common::perf: frust-perf raw n=131 total_us=97880 rebuild_us=673 layout_us=26 paint_us=36 encode_us=107 acquire_us=96 submit_us=96941 skipped=0 gpu_q=0
frust_shell_common::perf: frust-perf raw n=132 total_us=92075 rebuild_us=574 layout_us=21 paint_us=31 encode_us=100 acquire_us=94 submit_us=91253 skipped=0 gpu_q=0
frust_shell_common::perf: frust-perf raw n=133 total_us=96297 rebuild_us=685 layout_us=27 paint_us=36 encode_us=176 acquire_us=194 submit_us=95176 skipped=0 gpu_q=0
frust_shell_common::perf: frust-perf raw n=134 total_us=94965 rebuild_us=602 layout_us=20 paint_us=30 encode_us=98 acquire_us=107 submit_us=94105 skipped=0 gpu_q=0
frust_shell_common::perf: frust-perf raw n=135 total_us=93488 rebuild_us=617 layout_us=25 paint_us=37 encode_us=103 acquire_us=128 submit_us=92575 skipped=0 gpu_q=0
frust_shell_common::perf: frust-perf raw n=136 total_us=95192 rebuild_us=560 layout_us=19 paint_us=31 encode_us=97 acquire_us=101 submit_us=94382 skipped=0 gpu_q=0
frust_shell_common::perf: frust-perf raw n=137 total_us=97086 rebuild_us=569 layout_us=21 paint_us=30 encode_us=97 acquire_us=92 submit_us=96274 skipped=0 gpu_q=0
frust_shell_common::perf: frust-perf raw n=138 total_us=95031 rebuild_us=672 layout_us=27 paint_us=37 encode_us=97 acquire_us=95 submit_us=94101 skipped=0 gpu_q=0
frust_shell_common::perf: frust-perf raw n=139 total_us=91819 rebuild_us=571 layout_us=20 paint_us=31 encode_us=99 acquire_us=107 submit_us=90988 skipped=0 gpu_q=0
frust_shell_common::perf: frust-perf raw n=140 total_us=94695 rebuild_us=559 layout_us=21 paint_us=36 encode_us=110 acquire_us=110 submit_us=93857 skipped=0 gpu_q=0
frust_shell_common::perf: frust-perf raw n=141 total_us=93142 rebuild_us=611 layout_us=23 paint_us=33 encode_us=97 acquire_us=92 submit_us=92284 skipped=0 gpu_q=0
frust_shell_common::perf: frust-perf raw n=142 total_us=96393 rebuild_us=635 layout_us=23 paint_us=35 encode_us=98 acquire_us=102 submit_us=95499 skipped=0 gpu_q=0
frust_shell_common::perf: frust-perf frame n=120 total_p50_ms=94 total_p95_ms=97 total_p99_ms=100 rebuild_p95_ms=0 layout_p95_ms=0 paint_p95_ms=0 encode_p95_ms=0 acquire_p95_ms=0 submit_p95_ms=96 over_60hz=142 over_120hz=142 skipped=0 total_frames=142
frust_shell_common::perf: frust-perf raw n=143 total_us=93906 rebuild_us=578 layout_us=21 paint_us=32 encode_us=106 acquire_us=109 submit_us=93057 skipped=0 gpu_q=0
frust_shell_android::app::frame: frust-perf platform-view tail depth=0 target=0 acquire_bound=false frame=1080 expected_present_us=0 acquire_us=104 period_us=11293
frust_shell_common::perf: frust-perf raw n=144 total_us=94244 rebuild_us=616 layout_us=25 paint_us=35 encode_us=101 acquire_us=107 submit_us=93358 skipped=0 gpu_q=0
frust_shell_common::perf: frust-perf raw n=145 total_us=91888 rebuild_us=660 layout_us=23 paint_us=35 encode_us=103 acquire_us=108 submit_us=90955 skipped=0 gpu_q=0
frust_shell_common::perf: frust-perf raw n=146 total_us=91630 rebuild_us=591 layout_us=22 paint_us=32 encode_us=107 acquire_us=100 submit_us=90776 skipped=0 gpu_q=0
frust_shell_common::perf: frust-perf raw n=147 total_us=96697 rebuild_us=660 layout_us=26 paint_us=35 encode_us=93 acquire_us=91 submit_us=95789 skipped=0 gpu_q=0
frust_shell_common::perf: frust-perf raw n=148 total_us=97499 rebuild_us=669 layout_us=25 paint_us=36 encode_us=99 acquire_us=106 submit_us=96561 skipped=0 gpu_q=0
frust_shell_common::perf: frust-perf raw n=149 total_us=90205 rebuild_us=597 layout_us=23 paint_us=32 encode_us=110 acquire_us=110 submit_us=89331 skipped=0 gpu_q=0
frust_shell_common::perf: frust-perf raw n=150 total_us=92086 rebuild_us=634 layout_us=20 paint_us=31 encode_us=96 acquire_us=94 submit_us=91208 skipped=0 gpu_q=0
frust_shell_common::perf: frust-perf raw n=151 total_us=96333 rebuild_us=745 layout_us=30 paint_us=38 encode_us=111 acquire_us=105 submit_us=95303 skipped=0 gpu_q=0
frust_shell_common::perf: frust-perf raw n=152 total_us=94294 rebuild_us=610 layout_us=22 paint_us=33 encode_us=101 acquire_us=98 submit_us=93427 skipped=0 gpu_q=0
frust_shell_common::perf: frust-perf raw n=153 total_us=100503 rebuild_us=740 layout_us=27 paint_us=35 encode_us=165 acquire_us=203 submit_us=99330 skipped=0 gpu_q=0
frust_shell_common::perf: frust-perf raw n=154 total_us=97053 rebuild_us=768 layout_us=32 paint_us=41 encode_us=87 acquire_us=83 submit_us=96040 skipped=0 gpu_q=0
frust_shell_common::perf: frust-perf raw n=155 total_us=93669 rebuild_us=569 layout_us=20 paint_us=32 encode_us=111 acquire_us=110 submit_us=92824 skipped=0 gpu_q=0
frust_shell_common::perf: frust-perf raw n=156 total_us=93607 rebuild_us=724 layout_us=39 paint_us=91 encode_us=99 acquire_us=94 submit_us=92557 skipped=0 gpu_q=0
frust_shell_common::perf: frust-perf raw n=157 total_us=91616 rebuild_us=556 layout_us=20 paint_us=30 encode_us=99 acquire_us=112 submit_us=90796 skipped=0 gpu_q=0
frust_shell_common::perf: frust-perf raw n=158 total_us=93548 rebuild_us=610 layout_us=24 paint_us=36 encode_us=98 acquire_us=93 submit_us=92685 skipped=0 gpu_q=0
frust_shell_android::app::frame: frust-perf platform-view tail depth=0 target=0 acquire_bound=false frame=1200 expected_present_us=0 acquire_us=107 period_us=11165
frust_shell_common::perf: frust-perf raw n=159 total_us=96327 rebuild_us=651 layout_us=23 paint_us=35 encode_us=104 acquire_us=116 submit_us=95396 skipped=0 gpu_q=0
frust_shell_common::perf: frust-perf raw n=160 total_us=93937 rebuild_us=604 layout_us=23 paint_us=31 encode_us=107 acquire_us=107 submit_us=93063 skipped=0 gpu_q=0
frust_shell_common::perf: frust-perf raw n=161 total_us=90290 rebuild_us=587 layout_us=23 paint_us=40 encode_us=89 acquire_us=99 submit_us=89450 skipped=0 gpu_q=0
frust_shell_common::perf: frust-perf raw n=162 total_us=97205 rebuild_us=565 layout_us=20 paint_us=32 encode_us=97 acquire_us=155 submit_us=96333 skipped=0 gpu_q=0
frust_shell_common::perf: frust-perf raw n=163 total_us=92022 rebuild_us=580 layout_us=29 paint_us=36 encode_us=100 acquire_us=132 submit_us=91141 skipped=0 gpu_q=0
frust_shell_common::perf: frust-perf raw n=164 total_us=92815 rebuild_us=678 layout_us=29 paint_us=36 encode_us=98 acquire_us=92 submit_us=91880 skipped=0 gpu_q=0
frust_shell_common::perf: frust-perf frame n=120 total_p50_ms=94 total_p95_ms=97 total_p99_ms=100 rebuild_p95_ms=0 layout_p95_ms=0 paint_p95_ms=0 encode_p95_ms=0 acquire_p95_ms=0 submit_p95_ms=96 over_60hz=164 over_120hz=164 skipped=0 total_frames=164
frust_shell_common::perf: frust-perf raw n=165 total_us=96868 rebuild_us=561 layout_us=20 paint_us=32 encode_us=95 acquire_us=115 submit_us=96042 skipped=0 gpu_q=0
frust_shell_common::perf: frust-perf raw n=166 total_us=97000 rebuild_us=568 layout_us=20 paint_us=31 encode_us=133 acquire_us=116 submit_us=96130 skipped=0 gpu_q=0
frust_shell_common::perf: frust-perf raw n=167 total_us=93155 rebuild_us=605 layout_us=24 paint_us=35 encode_us=96 acquire_us=106 submit_us=92286 skipped=0 gpu_q=0
frust_shell_common::perf: frust-perf raw n=168 total_us=98488 rebuild_us=635 layout_us=28 paint_us=39 encode_us=98 acquire_us=91 submit_us=97595 skipped=0 gpu_q=0
frust_shell_common::perf: frust-perf raw n=169 total_us=96869 rebuild_us=645 layout_us=22 paint_us=34 encode_us=166 acquire_us=155 submit_us=95843 skipped=0 gpu_q=0
frust_shell_common::perf: frust-perf raw n=170 total_us=95005 rebuild_us=662 layout_us=27 paint_us=37 encode_us=95 acquire_us=126 submit_us=94056 skipped=0 gpu_q=0
frust_shell_common::perf: frust-perf raw n=171 total_us=98156 rebuild_us=625 layout_us=22 paint_us=31 encode_us=101 acquire_us=95 submit_us=97279 skipped=0 gpu_q=0
frust_shell_common::perf: frust-perf raw n=172 total_us=92458 rebuild_us=694 layout_us=25 paint_us=36 encode_us=97 acquire_us=90 submit_us=91513 skipped=0 gpu_q=0
frust_shell_common::perf: frust-perf raw n=173 total_us=93351 rebuild_us=619 layout_us=23 paint_us=34 encode_us=101 acquire_us=102 submit_us=92469 skipped=0 gpu_q=0
frust_shell_android::app::frame: frust-perf platform-view tail depth=0 target=0 acquire_bound=false frame=1320 expected_present_us=0 acquire_us=101 period_us=11595
frust_shell_common::perf: frust-perf raw n=174 total_us=98084 rebuild_us=574 layout_us=21 paint_us=37 encode_us=99 acquire_us=91 submit_us=97259 skipped=0 gpu_q=0
frust_shell_common::perf: frust-perf raw n=175 total_us=96892 rebuild_us=575 layout_us=22 paint_us=31 encode_us=101 acquire_us=98 submit_us=96061 skipped=0 gpu_q=0
frust_shell_common::perf: frust-perf raw n=176 total_us=96354 rebuild_us=648 layout_us=26 paint_us=37 encode_us=96 acquire_us=86 submit_us=95459 skipped=0 gpu_q=0
frust_shell_common::perf: frust-perf raw n=177 total_us=97295 rebuild_us=565 layout_us=21 paint_us=31 encode_us=106 acquire_us=103 submit_us=96465 skipped=0 gpu_q=0
frust_shell_common::perf: frust-perf raw n=178 total_us=96153 rebuild_us=562 layout_us=20 paint_us=31 encode_us=99 acquire_us=96 submit_us=95343 skipped=0 gpu_q=0
frust_shell_common::perf: frust-perf raw n=179 total_us=91961 rebuild_us=671 layout_us=27 paint_us=35 encode_us=95 acquire_us=98 submit_us=91032 skipped=0 gpu_q=0
frust_shell_common::perf: frust-perf raw n=180 total_us=94100 rebuild_us=556 layout_us=20 paint_us=30 encode_us=273 acquire_us=329 submit_us=92889 skipped=0 gpu_q=0
frust_shell_common::perf: frust-perf raw n=181 total_us=94844 rebuild_us=562 layout_us=19 paint_us=31 encode_us=130 acquire_us=98 submit_us=94002 skipped=0 gpu_q=0
frust_shell_common::perf: frust-perf raw n=182 total_us=94949 rebuild_us=624 layout_us=24 paint_us=34 encode_us=97 acquire_us=117 submit_us=94051 skipped=0 gpu_q=0
frust_shell_common::perf: frust-perf raw n=183 total_us=95808 rebuild_us=742 layout_us=39 paint_us=39 encode_us=103 acquire_us=101 submit_us=94782 skipped=0 gpu_q=0
frust_shell_common::perf: frust-perf raw n=184 total_us=98281 rebuild_us=708 layout_us=26 paint_us=36 encode_us=94 acquire_us=91 submit_us=97325 skipped=0 gpu_q=0
frust_shell_common::perf: frust-perf raw n=185 total_us=94240 rebuild_us=587 layout_us=23 paint_us=36 encode_us=105 acquire_us=100 submit_us=93386 skipped=0 gpu_q=0
frust_shell_common::perf: frust-perf frame n=120 total_p50_ms=94 total_p95_ms=98 total_p99_ms=100 rebuild_p95_ms=0 layout_p95_ms=0 paint_p95_ms=0 encode_p95_ms=0 acquire_p95_ms=0 submit_p95_ms=97 over_60hz=185 over_120hz=185 skipped=0 total_frames=185
frust_shell_common::perf: frust-perf raw n=186 total_us=94369 rebuild_us=571 layout_us=20 paint_us=31 encode_us=94 acquire_us=99 submit_us=93552 skipped=0 gpu_q=0
frust_shell_common::perf: frust-perf raw n=187 total_us=94733 rebuild_us=585 layout_us=24 paint_us=34 encode_us=101 acquire_us=105 submit_us=93882 skipped=0 gpu_q=0
frust_shell_android::app::frame: frust-perf platform-view tail depth=0 target=0 acquire_bound=false frame=1440 expected_present_us=0 acquire_us=104 period_us=12522
frust_shell_common::perf: frust-perf raw n=188 total_us=94697 rebuild_us=558 layout_us=21 paint_us=31 encode_us=97 acquire_us=95 submit_us=93892 skipped=0 gpu_q=0
frust_shell_common::perf: frust-perf raw n=189 total_us=91651 rebuild_us=575 layout_us=21 paint_us=31 encode_us=101 acquire_us=97 submit_us=90824 skipped=0 gpu_q=0
frust_shell_common::perf: frust-perf raw n=190 total_us=93696 rebuild_us=564 layout_us=20 paint_us=30 encode_us=95 acquire_us=96 submit_us=92888 skipped=0 gpu_q=0
frust_shell_common::perf: frust-perf raw n=191 total_us=93066 rebuild_us=633 layout_us=26 paint_us=37 encode_us=100 acquire_us=106 submit_us=92162 skipped=0 gpu_q=0
frust_shell_common::perf: frust-perf raw n=192 total_us=93689 rebuild_us=660 layout_us=25 paint_us=34 encode_us=115 acquire_us=89 submit_us=92764 skipped=0 gpu_q=0
frust_shell_common::perf: frust-perf raw n=193 total_us=94463 rebuild_us=583 layout_us=21 paint_us=32 encode_us=101 acquire_us=104 submit_us=93619 skipped=0 gpu_q=0
frust_shell_common::perf: frust-perf raw n=194 total_us=96885 rebuild_us=597 layout_us=20 paint_us=30 encode_us=98 acquire_us=112 submit_us=96026 skipped=0 gpu_q=0
frust_shell_common::perf: frust-perf raw n=195 total_us=95958 rebuild_us=770 layout_us=69 paint_us=43 encode_us=95 acquire_us=95 submit_us=94884 skipped=0 gpu_q=0
frust_shell_common::perf: frust-perf raw n=196 total_us=91119 rebuild_us=580 layout_us=22 paint_us=32 encode_us=99 acquire_us=96 submit_us=90286 skipped=0 gpu_q=0
frust_shell_common::perf: frust-perf raw n=197 total_us=93961 rebuild_us=619 layout_us=24 paint_us=34 encode_us=102 acquire_us=98 submit_us=93080 skipped=0 gpu_q=0
frust_shell_common::perf: frust-perf raw n=198 total_us=94068 rebuild_us=686 layout_us=32 paint_us=43 encode_us=100 acquire_us=116 submit_us=93089 skipped=0 gpu_q=0
frust_shell_common::perf: frust-perf raw n=199 total_us=95730 rebuild_us=573 layout_us=22 paint_us=31 encode_us=99 acquire_us=106 submit_us=94895 skipped=0 gpu_q=0
frust_shell_common::perf: frust-perf raw n=200 total_us=100065 rebuild_us=767 layout_us=29 paint_us=43 encode_us=101 acquire_us=102 submit_us=99020 skipped=0 gpu_q=0
frust_shell_common::perf: frust-perf raw n=201 total_us=92238 rebuild_us=571 layout_us=21 paint_us=32 encode_us=102 acquire_us=96 submit_us=91414 skipped=0 gpu_q=0
frust_shell_common::perf: frust-perf raw n=202 total_us=94478 rebuild_us=569 layout_us=22 paint_us=30 encode_us=101 acquire_us=113 submit_us=93642 skipped=0 gpu_q=0
frust_shell_android::app::frame: frust-perf platform-view tail depth=0 target=0 acquire_bound=false frame=1560 expected_present_us=0 acquire_us=109 period_us=11158
frust_shell_common::perf: frust-perf raw n=203 total_us=93755 rebuild_us=615 layout_us=23 paint_us=33 encode_us=95 acquire_us=128 submit_us=92858 skipped=0 gpu_q=0
frust_shell_common::perf: frust-perf raw n=204 total_us=95494 rebuild_us=580 layout_us=22 paint_us=35 encode_us=90 acquire_us=92 submit_us=94672 skipped=0 gpu_q=0
frust_shell_common::perf: frust-perf raw n=205 total_us=98079 rebuild_us=554 layout_us=19 paint_us=30 encode_us=104 acquire_us=128 submit_us=97241 skipped=0 gpu_q=0
frust_shell_common::perf: frust-perf raw n=206 total_us=91482 rebuild_us=714 layout_us=27 paint_us=36 encode_us=102 acquire_us=94 submit_us=90507 skipped=0 gpu_q=0
frust_shell_common::perf: frust-perf raw n=207 total_us=93464 rebuild_us=580 layout_us=22 paint_us=31 encode_us=171 acquire_us=333 submit_us=92323 skipped=0 gpu_q=0
frust_shell_common::perf: frust-perf frame n=120 total_p50_ms=94 total_p95_ms=98 total_p99_ms=100 rebuild_p95_ms=0 layout_p95_ms=0 paint_p95_ms=0 encode_p95_ms=0 acquire_p95_ms=0 submit_p95_ms=97 over_60hz=207 over_120hz=207 skipped=0 total_frames=207
frust_shell_common::perf: frust-perf raw n=208 total_us=96401 rebuild_us=607 layout_us=24 paint_us=33 encode_us=100 acquire_us=133 submit_us=95503 skipped=0 gpu_q=0
frust_shell_common::perf: frust-perf raw n=209 total_us=97393 rebuild_us=698 layout_us=26 paint_us=36 encode_us=99 acquire_us=95 submit_us=96437 skipped=0 gpu_q=0
frust_shell_common::perf: frust-perf raw n=210 total_us=98061 rebuild_us=578 layout_us=21 paint_us=33 encode_us=98 acquire_us=113 submit_us=97216 skipped=0 gpu_q=0
frust_shell_common::perf: frust-perf raw n=211 total_us=92224 rebuild_us=569 layout_us=20 paint_us=31 encode_us=109 acquire_us=102 submit_us=91392 skipped=0 gpu_q=0
frust_shell_common::perf: frust-perf raw n=212 total_us=96464 rebuild_us=667 layout_us=25 paint_us=34 encode_us=105 acquire_us=99 submit_us=95532 skipped=0 gpu_q=0
frust_shell_common::perf: frust-perf raw n=213 total_us=96046 rebuild_us=609 layout_us=21 paint_us=31 encode_us=102 acquire_us=101 submit_us=95180 skipped=0 gpu_q=0
frust_shell_common::perf: frust-perf raw n=214 total_us=92805 rebuild_us=693 layout_us=25 paint_us=35 encode_us=94 acquire_us=91 submit_us=91866 skipped=0 gpu_q=0
frust_shell_common::perf: frust-perf raw n=215 total_us=95834 rebuild_us=648 layout_us=26 paint_us=78 encode_us=99 acquire_us=98 submit_us=94883 skipped=0 gpu_q=0
frust_shell_common::perf: frust-perf raw n=216 total_us=96241 rebuild_us=569 layout_us=21 paint_us=32 encode_us=95 acquire_us=101 submit_us=95420 skipped=0 gpu_q=0
frust_shell_common::perf: frust-perf raw n=217 total_us=94309 rebuild_us=602 layout_us=24 paint_us=36 encode_us=100 acquire_us=95 submit_us=93450 skipped=0 gpu_q=0
frust_shell_android::app::frame: frust-perf platform-view tail depth=0 target=0 acquire_bound=false frame=1680 expected_present_us=0 acquire_us=99 period_us=11168
frust_shell_common::perf: frust-perf raw n=218 total_us=94364 rebuild_us=630 layout_us=28 paint_us=36 encode_us=105 acquire_us=95 submit_us=93468 skipped=0 gpu_q=0
frust_shell_common::perf: frust-perf raw n=219 total_us=92614 rebuild_us=562 layout_us=19 paint_us=32 encode_us=97 acquire_us=101 submit_us=91801 skipped=0 gpu_q=0
frust_shell_common::perf: frust-perf raw n=220 total_us=98708 rebuild_us=585 layout_us=21 paint_us=32 encode_us=284 acquire_us=265 submit_us=97518 skipped=0 gpu_q=0
frust_shell_common::perf: frust-perf raw n=221 total_us=95471 rebuild_us=628 layout_us=25 paint_us=35 encode_us=131 acquire_us=117 submit_us=94532 skipped=0 gpu_q=0
frust_shell_common::perf: frust-perf raw n=222 total_us=95429 rebuild_us=618 layout_us=24 paint_us=34 encode_us=103 acquire_us=101 submit_us=94546 skipped=0 gpu_q=0
frust_shell_common::perf: frust-perf raw n=223 total_us=91490 rebuild_us=575 layout_us=20 paint_us=32 encode_us=107 acquire_us=98 submit_us=90657 skipped=0 gpu_q=0
frust_shell_common::perf: frust-perf raw n=224 total_us=95927 rebuild_us=604 layout_us=23 paint_us=36 encode_us=100 acquire_us=99 submit_us=95062 skipped=0 gpu_q=0
frust_shell_common::perf: frust-perf raw n=225 total_us=91474 rebuild_us=740 layout_us=29 paint_us=37 encode_us=93 acquire_us=89 submit_us=90482 skipped=0 gpu_q=0
frust_shell_common::perf: frust-perf raw n=226 total_us=102010 rebuild_us=562 layout_us=20 paint_us=31 encode_us=107 acquire_us=116 submit_us=101171 skipped=0 gpu_q=0
frust_shell_common::perf: frust-perf raw n=227 total_us=93216 rebuild_us=641 layout_us=24 paint_us=36 encode_us=99 acquire_us=95 submit_us=92318 skipped=0 gpu_q=0
frust_shell_common::perf: frust-perf raw n=228 total_us=97081 rebuild_us=603 layout_us=25 paint_us=35 encode_us=116 acquire_us=109 submit_us=96192 skipped=0 gpu_q=0
frust_shell_common::perf: frust-perf frame n=120 total_p50_ms=94 total_p95_ms=98 total_p99_ms=100 rebuild_p95_ms=0 layout_p95_ms=0 paint_p95_ms=0 encode_p95_ms=0 acquire_p95_ms=0 submit_p95_ms=97 over_60hz=228 over_120hz=228 skipped=0 total_frames=228
frust_shell_common::perf: frust-perf raw n=229 total_us=92692 rebuild_us=618 layout_us=23 paint_us=35 encode_us=159 acquire_us=117 submit_us=91738 skipped=0 gpu_q=0
frust_shell_common::perf: frust-perf raw n=230 total_us=94704 rebuild_us=558 layout_us=20 paint_us=30 encode_us=101 acquire_us=106 submit_us=93886 skipped=0 gpu_q=0
frust_shell_common::perf: frust-perf raw n=231 total_us=93709 rebuild_us=665 layout_us=24 paint_us=33 encode_us=94 acquire_us=96 submit_us=92795 skipped=0 gpu_q=0
frust_shell_common::perf: frust-perf raw n=232 total_us=96443 rebuild_us=562 layout_us=19 paint_us=30 encode_us=102 acquire_us=96 submit_us=95632 skipped=0 gpu_q=0
frust_shell_android::app::frame: frust-perf platform-view tail depth=0 target=0 acquire_bound=false frame=1800 expected_present_us=0 acquire_us=100 period_us=11598
frust_shell_common::perf: frust-perf raw n=233 total_us=95051 rebuild_us=646 layout_us=25 paint_us=35 encode_us=95 acquire_us=94 submit_us=94153 skipped=0 gpu_q=0
frust_shell_common::perf: frust-perf raw n=234 total_us=94516 rebuild_us=615 layout_us=23 paint_us=32 encode_us=99 acquire_us=104 submit_us=93641 skipped=0 gpu_q=0
frust_shell_common::perf: frust-perf raw n=235 total_us=96259 rebuild_us=747 layout_us=37 paint_us=40 encode_us=95 acquire_us=95 submit_us=95242 skipped=0 gpu_q=0
frust_shell_common::perf: frust-perf raw n=236 total_us=92220 rebuild_us=578 layout_us=23 paint_us=31 encode_us=128 acquire_us=108 submit_us=91350 skipped=0 gpu_q=0
frust_shell_common::perf: frust-perf raw n=237 total_us=97620 rebuild_us=616 layout_us=29 paint_us=36 encode_us=115 acquire_us=108 submit_us=96713 skipped=0 gpu_q=0
frust_shell_common::perf: frust-perf raw n=238 total_us=95015 rebuild_us=570 layout_us=20 paint_us=31 encode_us=101 acquire_us=107 submit_us=94183 skipped=0 gpu_q=0
frust_shell_common::perf: frust-perf raw n=239 total_us=94604 rebuild_us=710 layout_us=36 paint_us=43 encode_us=151 acquire_us=171 submit_us=93491 skipped=0 gpu_q=0
frust_shell_common::perf: frust-perf raw n=240 total_us=93374 rebuild_us=575 layout_us=21 paint_us=34 encode_us=98 acquire_us=112 submit_us=92531 skipped=0 gpu_q=0
frust_shell_common::perf: frust-perf raw n=241 total_us=99003 rebuild_us=574 layout_us=21 paint_us=31 encode_us=133 acquire_us=102 submit_us=98140 skipped=0 gpu_q=0
frust_shell_common::perf: frust-perf raw n=242 total_us=93075 rebuild_us=642 layout_us=25 paint_us=36 encode_us=97 acquire_us=97 submit_us=92175 skipped=0 gpu_q=0
frust_shell_common::perf: frust-perf raw n=243 total_us=93806 rebuild_us=615 layout_us=22 paint_us=33 encode_us=85 acquire_us=84 submit_us=92964 skipped=0 gpu_q=0
frust_shell_common::perf: frust-perf raw n=244 total_us=93452 rebuild_us=585 layout_us=23 paint_us=35 encode_us=102 acquire_us=103 submit_us=92602 skipped=0 gpu_q=0
frust_shell_common::perf: frust-perf raw n=245 total_us=98018 rebuild_us=583 layout_us=25 paint_us=36 encode_us=101 acquire_us=114 submit_us=97156 skipped=0 gpu_q=0
frust_shell_common::perf: frust-perf raw n=246 total_us=99823 rebuild_us=718 layout_us=29 paint_us=38 encode_us=96 acquire_us=91 submit_us=98849 skipped=0 gpu_q=0
frust_shell_common::perf: frust-perf raw n=247 total_us=94299 rebuild_us=740 layout_us=32 paint_us=39 encode_us=109 acquire_us=118 submit_us=93258 skipped=0 gpu_q=0
frust_shell_android::app::frame: frust-perf platform-view tail depth=0 target=0 acquire_bound=false frame=1920 expected_present_us=0 acquire_us=102 period_us=11804
frust_shell_common::perf: frust-perf raw n=248 total_us=93218 rebuild_us=565 layout_us=21 paint_us=30 encode_us=101 acquire_us=94 submit_us=92404 skipped=0 gpu_q=0
frust_shell_common::perf: frust-perf raw n=249 total_us=94475 rebuild_us=600 layout_us=22 paint_us=33 encode_us=101 acquire_us=146 submit_us=93572 skipped=0 gpu_q=0
frust_shell_common::perf: frust-perf raw n=250 total_us=93497 rebuild_us=559 layout_us=20 paint_us=31 encode_us=101 acquire_us=108 submit_us=92675 skipped=0 gpu_q=0
frust_shell_common::perf: frust-perf frame n=120 total_p50_ms=94 total_p95_ms=98 total_p99_ms=100 rebuild_p95_ms=0 layout_p95_ms=0 paint_p95_ms=0 encode_p95_ms=0 acquire_p95_ms=0 submit_p95_ms=97 over_60hz=250 over_120hz=250 skipped=0 total_frames=250
frust_shell_common::perf: frust-perf raw n=251 total_us=94924 rebuild_us=631 layout_us=26 paint_us=37 encode_us=99 acquire_us=90 submit_us=94039 skipped=0 gpu_q=0
frust_shell_common::perf: frust-perf raw n=252 total_us=93238 rebuild_us=565 layout_us=20 paint_us=31 encode_us=99 acquire_us=114 submit_us=92407 skipped=0 gpu_q=0
frust_shell_common::perf: frust-perf raw n=253 total_us=97886 rebuild_us=634 layout_us=23 paint_us=35 encode_us=99 acquire_us=102 submit_us=96990 skipped=0 gpu_q=0
frust_shell_common::perf: frust-perf raw n=254 total_us=92238 rebuild_us=667 layout_us=27 paint_us=37 encode_us=107 acquire_us=113 submit_us=91285 skipped=0 gpu_q=0
frust_shell_common::perf: frust-perf raw n=255 total_us=95300 rebuild_us=604 layout_us=20 paint_us=30 encode_us=256 acquire_us=153 submit_us=94235 skipped=0 gpu_q=0
frust_shell_common::perf: frust-perf raw n=256 total_us=94067 rebuild_us=816 layout_us=31 paint_us=39 encode_us=97 acquire_us=112 submit_us=92970 skipped=0 gpu_q=0
frust_shell_common::perf: frust-perf raw n=257 total_us=90894 rebuild_us=573 layout_us=21 paint_us=31 encode_us=116 acquire_us=120 submit_us=90032 skipped=0 gpu_q=0
frust_shell_common::perf: frust-perf raw n=258 total_us=97144 rebuild_us=632 layout_us=24 paint_us=34 encode_us=96 acquire_us=96 submit_us=96259 skipped=0 gpu_q=0
frust_shell_common::perf: frust-perf raw n=259 total_us=94996 rebuild_us=693 layout_us=34 paint_us=45 encode_us=96 acquire_us=111 submit_us=94015 skipped=0 gpu_q=0
frust_shell_common::perf: frust-perf raw n=260 total_us=92884 rebuild_us=553 layout_us=20 paint_us=31 encode_us=186 acquire_us=148 submit_us=91944 skipped=0 gpu_q=0
frust_shell_common::perf: frust-perf raw n=261 total_us=96292 rebuild_us=627 layout_us=24 paint_us=34 encode_us=86 acquire_us=94 submit_us=95423 skipped=0 gpu_q=0
frust_shell_common::perf: frust-perf raw n=262 total_us=94819 rebuild_us=562 layout_us=20 paint_us=30 encode_us=98 acquire_us=101 submit_us=94006 skipped=0 gpu_q=0
frust_shell_android::app::frame: frust-perf platform-view tail depth=0 target=0 acquire_bound=false frame=2040 expected_present_us=0 acquire_us=106 period_us=11967
frust_shell_common::perf: frust-perf raw n=263 total_us=98079 rebuild_us=656 layout_us=26 paint_us=36 encode_us=97 acquire_us=96 submit_us=97167 skipped=0 gpu_q=0
frust_shell_common::perf: frust-perf raw n=264 total_us=93384 rebuild_us=617 layout_us=21 paint_us=32 encode_us=100 acquire_us=104 submit_us=92507 skipped=0 gpu_q=0
frust_shell_common::perf: frust-perf raw n=265 total_us=94041 rebuild_us=764 layout_us=40 paint_us=37 encode_us=96 acquire_us=113 submit_us=92989 skipped=0 gpu_q=0
frust_shell_common::perf: frust-perf raw n=266 total_us=92322 rebuild_us=571 layout_us=21 paint_us=30 encode_us=101 acquire_us=115 submit_us=91481 skipped=0 gpu_q=0
frust_shell_common::perf: frust-perf raw n=267 total_us=94227 rebuild_us=572 layout_us=20 paint_us=32 encode_us=100 acquire_us=110 submit_us=93391 skipped=0 gpu_q=0
frust_shell_common::perf: frust-perf raw n=268 total_us=90652 rebuild_us=735 layout_us=28 paint_us=39 encode_us=100 acquire_us=100 submit_us=89647 skipped=0 gpu_q=0
frust_shell_common::perf: frust-perf raw n=269 total_us=96532 rebuild_us=573 layout_us=21 paint_us=31 encode_us=108 acquire_us=123 submit_us=95674 skipped=0 gpu_q=0
frust_shell_common::perf: frust-perf raw n=270 total_us=94684 rebuild_us=621 layout_us=24 paint_us=35 encode_us=103 acquire_us=102 submit_us=93796 skipped=0 gpu_q=0
frust_shell_common::perf: frust-perf raw n=271 total_us=93016 rebuild_us=644 layout_us=23 paint_us=34 encode_us=159 acquire_us=166 submit_us=91988 skipped=0 gpu_q=0
frust_shell_common::perf: frust-perf raw n=272 total_us=96642 rebuild_us=596 layout_us=20 paint_us=32 encode_us=98 acquire_us=108 submit_us=95785 skipped=0 gpu_q=0
frust_shell_common::perf: frust-perf frame n=120 total_p50_ms=94 total_p95_ms=98 total_p99_ms=100 rebuild_p95_ms=0 layout_p95_ms=0 paint_p95_ms=0 encode_p95_ms=0 acquire_p95_ms=0 submit_p95_ms=97 over_60hz=272 over_120hz=272 skipped=0 total_frames=272
frust_shell_common::perf: frust-perf raw n=273 total_us=93173 rebuild_us=730 layout_us=27 paint_us=37 encode_us=98 acquire_us=117 submit_us=92162 skipped=0 gpu_q=0
frust_shell_common::perf: frust-perf raw n=274 total_us=94814 rebuild_us=556 layout_us=20 paint_us=31 encode_us=100 acquire_us=103 submit_us=94003 skipped=0 gpu_q=0
frust_shell_common::perf: frust-perf raw n=275 total_us=94481 rebuild_us=579 layout_us=20 paint_us=32 encode_us=101 acquire_us=98 submit_us=93649 skipped=0 gpu_q=0
frust_shell_common::perf: frust-perf raw n=276 total_us=93570 rebuild_us=586 layout_us=21 paint_us=33 encode_us=103 acquire_us=159 submit_us=92665 skipped=0 gpu_q=0
frust_shell_common::perf: frust-perf raw n=277 total_us=93919 rebuild_us=643 layout_us=24 paint_us=33 encode_us=100 acquire_us=103 submit_us=93014 skipped=0 gpu_q=0
frust_shell_android::app::frame: frust-perf platform-view tail depth=0 target=0 acquire_bound=false frame=2160 expected_present_us=0 acquire_us=151 period_us=11225
frust_shell_common::perf: frust-perf raw n=278 total_us=92753 rebuild_us=652 layout_us=29 paint_us=43 encode_us=429 acquire_us=259 submit_us=91338 skipped=0 gpu_q=0
frust_shell_common::perf: frust-perf raw n=279 total_us=94024 rebuild_us=650 layout_us=24 paint_us=39 encode_us=98 acquire_us=102 submit_us=93108 skipped=0 gpu_q=0
frust_shell_common::perf: frust-perf raw n=280 total_us=95376 rebuild_us=663 layout_us=23 paint_us=35 encode_us=100 acquire_us=106 submit_us=94447 skipped=0 gpu_q=0
frust_shell_common::perf: frust-perf raw n=281 total_us=94734 rebuild_us=753 layout_us=28 paint_us=40 encode_us=96 acquire_us=96 submit_us=93719 skipped=0 gpu_q=0
frust_shell_common::perf: frust-perf raw n=282 total_us=92967 rebuild_us=593 layout_us=23 paint_us=33 encode_us=112 acquire_us=106 submit_us=92098 skipped=0 gpu_q=0
frust_shell_common::perf: frust-perf raw n=283 total_us=95943 rebuild_us=618 layout_us=24 paint_us=34 encode_us=104 acquire_us=101 submit_us=95060 skipped=0 gpu_q=0
frust_shell_common::perf: frust-perf raw n=284 total_us=93827 rebuild_us=565 layout_us=20 paint_us=32 encode_us=100 acquire_us=93 submit_us=93015 skipped=0 gpu_q=0
frust_shell_common::perf: frust-perf raw n=285 total_us=97907 rebuild_us=663 layout_us=27 paint_us=36 encode_us=102 acquire_us=95 submit_us=96982 skipped=0 gpu_q=0
frust_shell_common::perf: frust-perf raw n=286 total_us=93820 rebuild_us=639 layout_us=25 paint_us=37 encode_us=109 acquire_us=115 submit_us=92894 skipped=0 gpu_q=0
frust_shell_common::perf: frust-perf raw n=287 total_us=94623 rebuild_us=643 layout_us=24 paint_us=37 encode_us=88 acquire_us=90 submit_us=93738 skipped=0 gpu_q=0
frust_shell_common::perf: frust-perf raw n=288 total_us=95248 rebuild_us=657 layout_us=25 paint_us=38 encode_us=102 acquire_us=101 submit_us=94323 skipped=0 gpu_q=0
frust_shell_common::perf: frust-perf raw n=289 total_us=95480 rebuild_us=680 layout_us=25 paint_us=39 encode_us=101 acquire_us=96 submit_us=94536 skipped=0 gpu_q=0
frust_shell_common::perf: frust-perf raw n=290 total_us=97506 rebuild_us=590 layout_us=23 paint_us=32 encode_us=98 acquire_us=108 submit_us=96652 skipped=0 gpu_q=0
frust_shell_common::perf: frust-perf raw n=291 total_us=97033 rebuild_us=704 layout_us=26 paint_us=50 encode_us=103 acquire_us=106 submit_us=96041 skipped=0 gpu_q=0
frust_shell_common::perf: frust-perf raw n=292 total_us=97801 rebuild_us=587 layout_us=21 paint_us=36 encode_us=102 acquire_us=105 submit_us=96948 skipped=0 gpu_q=0
frust_shell_android::app::frame: frust-perf platform-view tail depth=0 target=0 acquire_bound=false frame=2280 expected_present_us=0 acquire_us=102 period_us=11983
frust_shell_common::perf: frust-perf raw n=293 total_us=94115 rebuild_us=737 layout_us=28 paint_us=38 encode_us=99 acquire_us=102 submit_us=93109 skipped=0 gpu_q=0
frust_shell_common::perf: frust-perf raw n=294 total_us=94238 rebuild_us=600 layout_us=22 paint_us=35 encode_us=103 acquire_us=108 submit_us=93368 skipped=0 gpu_q=0
frust_shell_common::perf: frust-perf frame n=120 total_p50_ms=94 total_p95_ms=98 total_p99_ms=100 rebuild_p95_ms=0 layout_p95_ms=0 paint_p95_ms=0 encode_p95_ms=0 acquire_p95_ms=0 submit_p95_ms=97 over_60hz=294 over_120hz=294 skipped=0 total_frames=294
frust_shell_common::perf: frust-perf raw n=295 total_us=93725 rebuild_us=603 layout_us=23 paint_us=33 encode_us=100 acquire_us=118 submit_us=92847 skipped=0 gpu_q=0
frust_shell_common::perf: frust-perf raw n=296 total_us=93605 rebuild_us=603 layout_us=39 paint_us=57 encode_us=101 acquire_us=112 submit_us=92689 skipped=0 gpu_q=0
frust_shell_common::perf: frust-perf raw n=297 total_us=100709 rebuild_us=639 layout_us=25 paint_us=35 encode_us=102 acquire_us=104 submit_us=99802 skipped=0 gpu_q=0
frust_shell_common::perf: frust-perf raw n=298 total_us=93530 rebuild_us=595 layout_us=22 paint_us=33 encode_us=105 acquire_us=100 submit_us=92673 skipped=0 gpu_q=0
frust_shell_common::perf: frust-perf raw n=299 total_us=95507 rebuild_us=606 layout_us=21 paint_us=34 encode_us=95 acquire_us=112 submit_us=94636 skipped=0 gpu_q=0
frust_shell_common::perf: frust-perf raw n=300 total_us=99226 rebuild_us=636 layout_us=25 paint_us=36 encode_us=102 acquire_us=99 submit_us=98326 skipped=0 gpu_q=0
frust_shell_common::perf: frust-perf raw n=301 total_us=97107 rebuild_us=602 layout_us=22 paint_us=34 encode_us=101 acquire_us=95 submit_us=96251 skipped=0 gpu_q=0
frust_shell_common::perf: frust-perf raw n=302 total_us=93985 rebuild_us=730 layout_us=29 paint_us=39 encode_us=103 acquire_us=96 submit_us=92986 skipped=0 gpu_q=0
frust_shell_common::perf: frust-perf raw n=303 total_us=96672 rebuild_us=608 layout_us=23 paint_us=37 encode_us=104 acquire_us=86 submit_us=95811 skipped=0 gpu_q=0
frust_shell_common::perf: frust-perf raw n=304 total_us=90877 rebuild_us=684 layout_us=27 paint_us=37 encode_us=101 acquire_us=97 submit_us=89928 skipped=0 gpu_q=0
frust_shell_common::perf: frust-perf raw n=305 total_us=91653 rebuild_us=630 layout_us=22 paint_us=35 encode_us=259 acquire_us=908 submit_us=89797 skipped=0 gpu_q=0
frust_shell_common::perf: frust-perf raw n=306 total_us=100712 rebuild_us=631 layout_us=28 paint_us=38 encode_us=102 acquire_us=105 submit_us=99805 skipped=0 gpu_q=0
frust_shell_android::app::frame: frust-perf platform-view tail depth=0 target=0 acquire_bound=false frame=2400 expected_present_us=0 acquire_us=218 period_us=11161
frust_shell_common::perf: frust-perf raw n=307 total_us=94564 rebuild_us=680 layout_us=26 paint_us=38 encode_us=108 acquire_us=125 submit_us=93585 skipped=0 gpu_q=0
frust_shell_common::perf: frust-perf raw n=308 total_us=95281 rebuild_us=866 layout_us=31 paint_us=42 encode_us=104 acquire_us=103 submit_us=94132 skipped=0 gpu_q=0
frust_shell_common::perf: frust-perf raw n=309 total_us=94524 rebuild_us=604 layout_us=25 paint_us=37 encode_us=101 acquire_us=106 submit_us=93648 skipped=0 gpu_q=0
frust_shell_common::perf: frust-perf raw n=310 total_us=100177 rebuild_us=638 layout_us=25 paint_us=37 encode_us=107 acquire_us=88 submit_us=99279 skipped=0 gpu_q=0
frust_shell_common::perf: frust-perf raw n=311 total_us=94752 rebuild_us=723 layout_us=31 paint_us=38 encode_us=102 acquire_us=116 submit_us=93740 skipped=0 gpu_q=0
frust_shell_common::perf: frust-perf raw n=312 total_us=97962 rebuild_us=604 layout_us=25 paint_us=46 encode_us=100 acquire_us=92 submit_us=97093 skipped=0 gpu_q=0
frust_shell_common::perf: frust-perf raw n=313 total_us=93878 rebuild_us=774 layout_us=31 paint_us=41 encode_us=98 acquire_us=109 submit_us=92822 skipped=0 gpu_q=0
frust_shell_common::perf: frust-perf raw n=314 total_us=92654 rebuild_us=609 layout_us=23 paint_us=36 encode_us=100 acquire_us=126 submit_us=91759 skipped=0 gpu_q=0
frust_shell_common::perf: frust-perf raw n=315 total_us=97398 rebuild_us=697 layout_us=26 paint_us=37 encode_us=102 acquire_us=95 submit_us=96440 skipped=0 gpu_q=0
frust_shell_common::perf: frust-perf frame n=120 total_p50_ms=94 total_p95_ms=99 total_p99_ms=100 rebuild_p95_ms=0 layout_p95_ms=0 paint_p95_ms=0 encode_p95_ms=0 acquire_p95_ms=0 submit_p95_ms=98 over_60hz=315 over_120hz=315 skipped=0 total_frames=315
frust_shell_common::perf: frust-perf raw n=316 total_us=95112 rebuild_us=684 layout_us=28 paint_us=36 encode_us=229 acquire_us=145 submit_us=93987 skipped=0 gpu_q=0
frust_shell_common::perf: frust-perf raw n=317 total_us=99368 rebuild_us=691 layout_us=26 paint_us=38 encode_us=101 acquire_us=102 submit_us=98408 skipped=0 gpu_q=0
frust_shell_common::perf: frust-perf raw n=318 total_us=97848 rebuild_us=706 layout_us=27 paint_us=39 encode_us=99 acquire_us=100 submit_us=96875 skipped=0 gpu_q=0
frust_shell_common::perf: frust-perf raw n=319 total_us=94330 rebuild_us=691 layout_us=29 paint_us=38 encode_us=106 acquire_us=108 submit_us=93356 skipped=0 gpu_q=0
frust_shell_common::perf: frust-perf raw n=320 total_us=98214 rebuild_us=606 layout_us=23 paint_us=33 encode_us=100 acquire_us=107 submit_us=97343 skipped=0 gpu_q=0
frust_shell_common::perf: frust-perf raw n=321 total_us=94175 rebuild_us=653 layout_us=27 paint_us=37 encode_us=104 acquire_us=107 submit_us=93246 skipped=0 gpu_q=0
frust_shell_android::app::frame: frust-perf platform-view tail depth=0 target=0 acquire_bound=false frame=2520 expected_present_us=0 acquire_us=109 period_us=11213
frust_shell_common::perf: frust-perf raw n=322 total_us=93453 rebuild_us=624 layout_us=25 paint_us=37 encode_us=102 acquire_us=110 submit_us=92551 skipped=0 gpu_q=0
frust_shell_common::perf: frust-perf raw n=323 total_us=95061 rebuild_us=609 layout_us=23 paint_us=33 encode_us=138 acquire_us=108 submit_us=94148 skipped=0 gpu_q=0
frust_shell_common::perf: frust-perf raw n=324 total_us=96504 rebuild_us=619 layout_us=22 paint_us=34 encode_us=103 acquire_us=110 submit_us=95615 skipped=0 gpu_q=0
frust_shell_common::perf: frust-perf raw n=325 total_us=99876 rebuild_us=611 layout_us=22 paint_us=34 encode_us=101 acquire_us=103 submit_us=99002 skipped=0 gpu_q=0
frust_shell_common::perf: frust-perf raw n=326 total_us=95074 rebuild_us=675 layout_us=27 paint_us=38 encode_us=101 acquire_us=95 submit_us=94136 skipped=0 gpu_q=0
frust_shell_common::perf: frust-perf raw n=327 total_us=96646 rebuild_us=597 layout_us=22 paint_us=34 encode_us=104 acquire_us=96 submit_us=95790 skipped=0 gpu_q=0
