frust-perf activity-create
frust_shell_common::perf: bench-scenario-start s1
frust_render::context: frust-perf surface-caps formats=[Rgba8UnormSrgb,Rgba8Unorm,Rgba16Float,Rgb10a2Unorm] usages=TextureUsages(COPY_SRC | COPY_DST | TEXTURE_BINDING | STORAGE_BINDING | RENDER_ATTACHMENT | STORAGE_ATOMIC) direct_to_surface=YES (Rgba8Unorm+STORAGE_BINDING)
frust_render::context: frust-perf render-path direct (Rgba8Unorm+STORAGE_BINDING)
frust_shell_common::perf: bench-scenario-end s1
frust_shell_common::perf: bench-scenario-start s5
frust_shell_common::perf: frust-perf startup init_entry=0ms font_preinit_started=0ms font_preinit_joined=0ms preinit_started=1ms preinit_joined=7ms cache_loaded=7ms pipeline_cache_restored=7ms adapter_ready=87ms device_ready=87ms renderer_ready=87ms first_rebuild_done=103ms first_encode_done=103ms first_frame_presented=131ms
frust_shell_common::perf: frust-perf raw n=1 total_us=28062 rebuild_us=93 layout_us=13 paint_us=18 encode_us=139 acquire_us=42 submit_us=27754 skipped=0 gpu_q=0
frust_shell_common::perf: frust-perf raw n=2 total_us=134825 rebuild_us=345 layout_us=40 paint_us=82 encode_us=67 acquire_us=32 submit_us=134258 skipped=0 gpu_q=0
frust_shell_common::perf: frust-perf raw n=3 total_us=112900 rebuild_us=136 layout_us=14 paint_us=18 encode_us=51 acquire_us=31 submit_us=112647 skipped=0 gpu_q=0
frust_shell_common::perf: frust-perf raw n=4 total_us=84555 rebuild_us=173 layout_us=18 paint_us=21 encode_us=48 acquire_us=29 submit_us=84263 skipped=0 gpu_q=0
frust_shell_common::perf: frust-perf raw n=5 total_us=40852 rebuild_us=281 layout_us=27 paint_us=27 encode_us=75 acquire_us=65 submit_us=40373 skipped=0 gpu_q=0
frust_shell_common::perf: frust-perf raw n=6 total_us=38657 rebuild_us=415 layout_us=24 paint_us=45 encode_us=78 acquire_us=65 submit_us=38028 skipped=0 gpu_q=0
frust_shell_common::perf: frust-perf raw n=7 total_us=39717 rebuild_us=395 layout_us=23 paint_us=24 encode_us=160 acquire_us=129 submit_us=38983 skipped=0 gpu_q=0
frust_shell_common::perf: frust-perf raw n=8 total_us=36887 rebuild_us=377 layout_us=23 paint_us=27 encode_us=74 acquire_us=58 submit_us=36325 skipped=0 gpu_q=0
frust_shell_common::perf: frust-perf raw n=9 total_us=38143 rebuild_us=368 layout_us=26 paint_us=27 encode_us=64 acquire_us=69 submit_us=37587 skipped=0 gpu_q=0
frust_shell_common::perf: frust-perf raw n=10 total_us=46906 rebuild_us=320 layout_us=24 paint_us=24 encode_us=69 acquire_us=79 submit_us=46389 skipped=0 gpu_q=0
frust_shell_common::perf: frust-perf raw n=11 total_us=39300 rebuild_us=347 layout_us=21 paint_us=22 encode_us=160 acquire_us=184 submit_us=38564 skipped=0 gpu_q=0
frust_shell_common::perf: frust-perf raw n=12 total_us=35242 rebuild_us=342 layout_us=25 paint_us=22 encode_us=73 acquire_us=71 submit_us=34707 skipped=0 gpu_q=0
frust_shell_common::perf: frust-perf raw n=13 total_us=36526 rebuild_us=361 layout_us=23 paint_us=24 encode_us=151 acquire_us=157 submit_us=35807 skipped=0 gpu_q=0
frust_shell_common::perf: frust-perf raw n=14 total_us=35527 rebuild_us=357 layout_us=21 paint_us=40 encode_us=74 acquire_us=74 submit_us=34958 skipped=0 gpu_q=0
frust_shell_common::perf: frust-perf raw n=15 total_us=40165 rebuild_us=366 layout_us=21 paint_us=22 encode_us=66 acquire_us=86 submit_us=39603 skipped=0 gpu_q=0
frust_shell_common::perf: frust-perf raw n=16 total_us=35954 rebuild_us=422 layout_us=26 paint_us=25 encode_us=69 acquire_us=108 submit_us=35302 skipped=0 gpu_q=0
frust_shell_common::perf: frust-perf raw n=17 total_us=41410 rebuild_us=353 layout_us=21 paint_us=22 encode_us=65 acquire_us=95 submit_us=40851 skipped=0 gpu_q=0
frust_shell_common::perf: frust-perf raw n=18 total_us=35582 rebuild_us=404 layout_us=22 paint_us=29 encode_us=157 acquire_us=309 submit_us=34660 skipped=0 gpu_q=0
frust_shell_common::perf: frust-perf raw n=19 total_us=43172 rebuild_us=408 layout_us=22 paint_us=22 encode_us=155 acquire_us=198 submit_us=42364 skipped=0 gpu_q=0
frust_shell_common::perf: frust-perf raw n=20 total_us=35675 rebuild_us=417 layout_us=19 paint_us=28 encode_us=166 acquire_us=168 submit_us=34875 skipped=0 gpu_q=0
frust_shell_common::perf: frust-perf raw n=21 total_us=43690 rebuild_us=425 layout_us=28 paint_us=22 encode_us=172 acquire_us=174 submit_us=42867 skipped=0 gpu_q=0
frust_shell_common::perf: frust-perf raw n=22 total_us=35435 rebuild_us=469 layout_us=22 paint_us=54 encode_us=137 acquire_us=121 submit_us=34629 skipped=0 gpu_q=0
frust_shell_common::perf: frust-perf raw n=23 total_us=45152 rebuild_us=431 layout_us=23 paint_us=26 encode_us=69 acquire_us=75 submit_us=44525 skipped=0 gpu_q=0
frust_shell_common::perf: frust-perf raw n=24 total_us=35487 rebuild_us=533 layout_us=24 paint_us=34 encode_us=47 acquire_us=61 submit_us=34785 skipped=0 gpu_q=0
frust_shell_common::perf: frust-perf raw n=25 total_us=45407 rebuild_us=465 layout_us=23 paint_us=36 encode_us=75 acquire_us=81 submit_us=44724 skipped=0 gpu_q=0
frust_shell_common::perf: frust-perf raw n=26 total_us=36579 rebuild_us=458 layout_us=26 paint_us=73 encode_us=51 acquire_us=81 submit_us=35888 skipped=0 gpu_q=0
frust_shell_android::app::frame: frust-perf platform-view tail depth=0 target=0 acquire_bound=false frame=120 expected_present_us=0 acquire_us=89 period_us=11134
frust_shell_common::perf: frust-perf raw n=27 total_us=91352 rebuild_us=334 layout_us=16 paint_us=85 encode_us=59 acquire_us=61 submit_us=90795 skipped=0 gpu_q=0
frust_shell_common::perf: frust-perf raw n=28 total_us=97753 rebuild_us=612 layout_us=24 paint_us=27 encode_us=78 acquire_us=91 submit_us=96918 skipped=0 gpu_q=0
frust_shell_common::perf: frust-perf raw n=29 total_us=97566 rebuild_us=712 layout_us=30 paint_us=40 encode_us=94 acquire_us=109 submit_us=96579 skipped=0 gpu_q=0
frust_shell_common::perf: frust-perf raw n=30 total_us=92981 rebuild_us=531 layout_us=23 paint_us=27 encode_us=73 acquire_us=78 submit_us=92247 skipped=0 gpu_q=0
frust_shell_common::perf: frust-perf raw n=31 total_us=94294 rebuild_us=462 layout_us=17 paint_us=25 encode_us=75 acquire_us=75 submit_us=93638 skipped=0 gpu_q=0
frust_shell_common::perf: frust-perf raw n=32 total_us=98177 rebuild_us=456 layout_us=18 paint_us=26 encode_us=97 acquire_us=89 submit_us=97488 skipped=0 gpu_q=0
frust_shell_common::perf: frust-perf raw n=33 total_us=94404 rebuild_us=504 layout_us=22 paint_us=29 encode_us=82 acquire_us=82 submit_us=93683 skipped=0 gpu_q=0
frust_shell_common::perf: frust-perf raw n=34 total_us=93723 rebuild_us=616 layout_us=23 paint_us=35 encode_us=103 acquire_us=126 submit_us=92818 skipped=0 gpu_q=0
frust_shell_common::perf: frust-perf raw n=35 total_us=95853 rebuild_us=704 layout_us=27 paint_us=36 encode_us=94 acquire_us=95 submit_us=94893 skipped=0 gpu_q=0
frust_shell_common::perf: frust-perf frame n=35 total_p50_ms=41 total_p95_ms=112 total_p99_ms=134 rebuild_p95_ms=0 layout_p95_ms=0 paint_p95_ms=0 encode_p95_ms=0 acquire_p95_ms=0 submit_p95_ms=112 over_60hz=35 over_120hz=35 skipped=0 total_frames=35
frust_shell_common::perf: frust-perf raw n=36 total_us=94068 rebuild_us=674 layout_us=30 paint_us=36 encode_us=97 acquire_us=97 submit_us=93133 skipped=0 gpu_q=0
frust_shell_common::perf: frust-perf raw n=37 total_us=96236 rebuild_us=641 layout_us=25 paint_us=34 encode_us=101 acquire_us=94 submit_us=95338 skipped=0 gpu_q=0
frust_shell_common::perf: frust-perf raw n=38 total_us=98520 rebuild_us=746 layout_us=29 paint_us=37 encode_us=98 acquire_us=92 submit_us=97517 skipped=0 gpu_q=0
frust_shell_common::perf: frust-perf raw n=39 total_us=94776 rebuild_us=792 layout_us=27 paint_us=37 encode_us=56 acquire_us=70 submit_us=93791 skipped=0 gpu_q=0
frust_shell_common::perf: frust-perf raw n=40 total_us=94405 rebuild_us=609 layout_us=23 paint_us=36 encode_us=100 acquire_us=116 submit_us=93518 skipped=0 gpu_q=0
frust_shell_android::app::frame: frust-perf platform-view tail depth=0 target=0 acquire_bound=false frame=240 expected_present_us=0 acquire_us=95 period_us=11159
frust_shell_common::perf: frust-perf raw n=41 total_us=92143 rebuild_us=665 layout_us=29 paint_us=39 encode_us=98 acquire_us=99 submit_us=91212 skipped=0 gpu_q=0
frust_shell_common::perf: frust-perf raw n=42 total_us=95994 rebuild_us=603 layout_us=25 paint_us=42 encode_us=100 acquire_us=89 submit_us=95133 skipped=0 gpu_q=0
frust_shell_common::perf: frust-perf raw n=43 total_us=95843 rebuild_us=666 layout_us=26 paint_us=36 encode_us=105 acquire_us=110 submit_us=94897 skipped=0 gpu_q=0
frust_shell_common::perf: frust-perf raw n=44 total_us=97399 rebuild_us=657 layout_us=27 paint_us=36 encode_us=100 acquire_us=95 submit_us=96481 skipped=0 gpu_q=0
frust_shell_common::perf: frust-perf raw n=45 total_us=96197 rebuild_us=607 layout_us=21 paint_us=35 encode_us=103 acquire_us=97 submit_us=95331 skipped=0 gpu_q=0
frust_shell_common::perf: frust-perf raw n=46 total_us=95819 rebuild_us=673 layout_us=31 paint_us=36 encode_us=101 acquire_us=137 submit_us=94839 skipped=0 gpu_q=0
frust_shell_common::perf: frust-perf raw n=47 total_us=97834 rebuild_us=731 layout_us=33 paint_us=38 encode_us=98 acquire_us=116 submit_us=96816 skipped=0 gpu_q=0
frust_shell_common::perf: frust-perf raw n=48 total_us=92694 rebuild_us=712 layout_us=25 paint_us=34 encode_us=108 acquire_us=110 submit_us=91702 skipped=0 gpu_q=0
frust_shell_common::perf: frust-perf raw n=49 total_us=97269 rebuild_us=685 layout_us=29 paint_us=38 encode_us=87 acquire_us=83 submit_us=96345 skipped=0 gpu_q=0
frust_shell_common::perf: frust-perf raw n=50 total_us=93865 rebuild_us=674 layout_us=24 paint_us=33 encode_us=104 acquire_us=98 submit_us=92928 skipped=0 gpu_q=0
frust_shell_common::perf: frust-perf raw n=51 total_us=95668 rebuild_us=834 layout_us=42 paint_us=40 encode_us=176 acquire_us=153 submit_us=94420 skipped=0 gpu_q=0
frust_shell_common::perf: frust-perf raw n=52 total_us=95789 rebuild_us=615 layout_us=24 paint_us=36 encode_us=100 acquire_us=96 submit_us=94916 skipped=0 gpu_q=0
frust_shell_common::perf: frust-perf raw n=53 total_us=96177 rebuild_us=760 layout_us=37 paint_us=42 encode_us=101 acquire_us=97 submit_us=95138 skipped=0 gpu_q=0
frust_shell_common::perf: frust-perf raw n=54 total_us=95673 rebuild_us=616 layout_us=23 paint_us=34 encode_us=99 acquire_us=100 submit_us=94798 skipped=0 gpu_q=0
frust_shell_common::perf: frust-perf raw n=55 total_us=93377 rebuild_us=674 layout_us=27 paint_us=39 encode_us=98 acquire_us=88 submit_us=92450 skipped=0 gpu_q=0
frust_shell_android::app::frame: frust-perf platform-view tail depth=0 target=0 acquire_bound=false frame=360 expected_present_us=0 acquire_us=99 period_us=11710
frust_shell_common::perf: frust-perf raw n=56 total_us=93863 rebuild_us=602 layout_us=22 paint_us=34 encode_us=100 acquire_us=100 submit_us=93003 skipped=0 gpu_q=0
frust_shell_common::perf: frust-perf frame n=56 total_p50_ms=92 total_p95_ms=98 total_p99_ms=134 rebuild_p95_ms=0 layout_p95_ms=0 paint_p95_ms=0 encode_p95_ms=0 acquire_p95_ms=0 submit_p95_ms=97 over_60hz=56 over_120hz=56 skipped=0 total_frames=56
frust_shell_common::perf: frust-perf raw n=57 total_us=95911 rebuild_us=686 layout_us=25 paint_us=35 encode_us=96 acquire_us=103 submit_us=94964 skipped=0 gpu_q=0
frust_shell_common::perf: frust-perf raw n=58 total_us=97215 rebuild_us=605 layout_us=22 paint_us=33 encode_us=98 acquire_us=106 submit_us=96348 skipped=0 gpu_q=0
frust_shell_common::perf: frust-perf raw n=59 total_us=99462 rebuild_us=683 layout_us=26 paint_us=36 encode_us=137 acquire_us=122 submit_us=98455 skipped=0 gpu_q=0
frust_shell_common::perf: frust-perf raw n=60 total_us=98488 rebuild_us=804 layout_us=31 paint_us=37 encode_us=103 acquire_us=99 submit_us=97412 skipped=0 gpu_q=0
frust_shell_common::perf: frust-perf raw n=61 total_us=98746 rebuild_us=773 layout_us=28 paint_us=38 encode_us=99 acquire_us=102 submit_us=97703 skipped=0 gpu_q=0
frust_shell_common::perf: frust-perf raw n=62 total_us=95321 rebuild_us=684 layout_us=27 paint_us=35 encode_us=102 acquire_us=96 submit_us=94374 skipped=0 gpu_q=0
frust_shell_common::perf: frust-perf raw n=63 total_us=98220 rebuild_us=650 layout_us=24 paint_us=34 encode_us=106 acquire_us=84 submit_us=97321 skipped=0 gpu_q=0
frust_shell_common::perf: frust-perf raw n=64 total_us=94855 rebuild_us=713 layout_us=25 paint_us=36 encode_us=102 acquire_us=103 submit_us=93873 skipped=0 gpu_q=0
frust_shell_common::perf: frust-perf raw n=65 total_us=96857 rebuild_us=466 layout_us=19 paint_us=24 encode_us=173 acquire_us=155 submit_us=96017 skipped=0 gpu_q=0
frust_shell_common::perf: frust-perf raw n=66 total_us=93193 rebuild_us=647 layout_us=28 paint_us=36 encode_us=140 acquire_us=120 submit_us=92219 skipped=0 gpu_q=0
frust_shell_common::perf: frust-perf raw n=67 total_us=94790 rebuild_us=607 layout_us=23 paint_us=38 encode_us=98 acquire_us=96 submit_us=93924 skipped=0 gpu_q=0
frust_shell_common::perf: frust-perf raw n=68 total_us=93719 rebuild_us=619 layout_us=31 paint_us=44 encode_us=114 acquire_us=107 submit_us=92803 skipped=0 gpu_q=0
frust_shell_common::perf: frust-perf raw n=69 total_us=94396 rebuild_us=689 layout_us=27 paint_us=39 encode_us=78 acquire_us=57 submit_us=93505 skipped=0 gpu_q=0
frust_shell_common::perf: frust-perf raw n=70 total_us=96970 rebuild_us=594 layout_us=23 paint_us=33 encode_us=97 acquire_us=106 submit_us=96115 skipped=0 gpu_q=0
frust_shell_android::app::frame: frust-perf platform-view tail depth=0 target=0 acquire_bound=false frame=480 expected_present_us=0 acquire_us=96 period_us=11130
frust_shell_common::perf: frust-perf raw n=71 total_us=94744 rebuild_us=649 layout_us=40 paint_us=45 encode_us=100 acquire_us=95 submit_us=93812 skipped=0 gpu_q=0
frust_shell_common::perf: frust-perf raw n=72 total_us=93482 rebuild_us=671 layout_us=25 paint_us=35 encode_us=98 acquire_us=89 submit_us=92561 skipped=0 gpu_q=0
frust_shell_common::perf: frust-perf raw n=73 total_us=96523 rebuild_us=692 layout_us=26 paint_us=35 encode_us=101 acquire_us=142 submit_us=95524 skipped=0 gpu_q=0
frust_shell_common::perf: frust-perf raw n=74 total_us=94372 rebuild_us=635 layout_us=21 paint_us=33 encode_us=98 acquire_us=108 submit_us=93474 skipped=0 gpu_q=0
frust_shell_common::perf: frust-perf raw n=75 total_us=97167 rebuild_us=662 layout_us=27 paint_us=35 encode_us=108 acquire_us=139 submit_us=96193 skipped=0 gpu_q=0
frust_shell_common::perf: frust-perf raw n=76 total_us=94199 rebuild_us=574 layout_us=20 paint_us=31 encode_us=114 acquire_us=95 submit_us=93361 skipped=0 gpu_q=0
frust_shell_common::perf: frust-perf raw n=77 total_us=94676 rebuild_us=591 layout_us=21 paint_us=32 encode_us=103 acquire_us=89 submit_us=93837 skipped=0 gpu_q=0
frust_shell_common::perf: frust-perf frame n=77 total_p50_ms=94 total_p95_ms=98 total_p99_ms=134 rebuild_p95_ms=0 layout_p95_ms=0 paint_p95_ms=0 encode_p95_ms=0 acquire_p95_ms=0 submit_p95_ms=97 over_60hz=77 over_120hz=77 skipped=0 total_frames=77
frust_shell_common::perf: frust-perf raw n=78 total_us=95023 rebuild_us=578 layout_us=22 paint_us=32 encode_us=99 acquire_us=107 submit_us=94183 skipped=0 gpu_q=0
frust_shell_common::perf: frust-perf raw n=79 total_us=96444 rebuild_us=623 layout_us=24 paint_us=33 encode_us=89 acquire_us=93 submit_us=95579 skipped=0 gpu_q=0
frust_shell_common::perf: frust-perf raw n=80 total_us=96448 rebuild_us=585 layout_us=20 paint_us=32 encode_us=101 acquire_us=104 submit_us=95603 skipped=0 gpu_q=0
frust_shell_common::perf: frust-perf raw n=81 total_us=96396 rebuild_us=570 layout_us=21 paint_us=32 encode_us=99 acquire_us=106 submit_us=95565 skipped=0 gpu_q=0
frust_shell_common::perf: frust-perf raw n=82 total_us=95094 rebuild_us=640 layout_us=27 paint_us=35 encode_us=100 acquire_us=104 submit_us=94185 skipped=0 gpu_q=0
frust_shell_common::perf: frust-perf raw n=83 total_us=94146 rebuild_us=653 layout_us=24 paint_us=36 encode_us=93 acquire_us=87 submit_us=93250 skipped=0 gpu_q=0
frust_shell_common::perf: frust-perf raw n=84 total_us=97432 rebuild_us=606 layout_us=24 paint_us=33 encode_us=102 acquire_us=105 submit_us=96560 skipped=0 gpu_q=0
frust_shell_android::app::frame: frust-perf platform-view tail depth=0 target=0 acquire_bound=false frame=600 expected_present_us=0 acquire_us=114 period_us=11251
frust_shell_common::perf: frust-perf raw n=85 total_us=96690 rebuild_us=694 layout_us=25 paint_us=35 encode_us=168 acquire_us=159 submit_us=95608 skipped=0 gpu_q=0
frust_shell_common::perf: frust-perf raw n=86 total_us=94655 rebuild_us=606 layout_us=21 paint_us=30 encode_us=89 acquire_us=87 submit_us=93819 skipped=0 gpu_q=0
frust_shell_common::perf: frust-perf raw n=87 total_us=97037 rebuild_us=655 layout_us=22 paint_us=35 encode_us=103 acquire_us=113 submit_us=96106 skipped=0 gpu_q=0
frust_shell_common::perf: frust-perf raw n=88 total_us=96726 rebuild_us=785 layout_us=30 paint_us=39 encode_us=97 acquire_us=100 submit_us=95672 skipped=0 gpu_q=0
frust_shell_common::perf: frust-perf raw n=89 total_us=95416 rebuild_us=649 layout_us=23 paint_us=33 encode_us=101 acquire_us=111 submit_us=94496 skipped=0 gpu_q=0
frust_shell_common::perf: frust-perf raw n=90 total_us=94515 rebuild_us=707 layout_us=28 paint_us=42 encode_us=100 acquire_us=109 submit_us=93525 skipped=0 gpu_q=0
frust_shell_common::perf: frust-perf raw n=91 total_us=95843 rebuild_us=601 layout_us=22 paint_us=33 encode_us=115 acquire_us=131 submit_us=94940 skipped=0 gpu_q=0
frust_shell_common::perf: frust-perf raw n=92 total_us=94573 rebuild_us=690 layout_us=34 paint_us=41 encode_us=98 acquire_us=101 submit_us=93607 skipped=0 gpu_q=0
frust_shell_common::perf: frust-perf raw n=93 total_us=97338 rebuild_us=693 layout_us=28 paint_us=36 encode_us=103 acquire_us=92 submit_us=96384 skipped=0 gpu_q=0
frust_shell_common::perf: frust-perf raw n=94 total_us=92631 rebuild_us=685 layout_us=30 paint_us=37 encode_us=101 acquire_us=97 submit_us=91679 skipped=0 gpu_q=0
frust_shell_common::perf: frust-perf raw n=95 total_us=99652 rebuild_us=596 layout_us=22 paint_us=33 encode_us=194 acquire_us=176 submit_us=98629 skipped=0 gpu_q=0
frust_shell_common::perf: frust-perf raw n=96 total_us=95012 rebuild_us=692 layout_us=26 paint_us=34 encode_us=97 acquire_us=89 submit_us=94071 skipped=0 gpu_q=0
frust_shell_common::perf: frust-perf raw n=97 total_us=94317 rebuild_us=571 layout_us=20 paint_us=30 encode_us=101 acquire_us=93 submit_us=93501 skipped=0 gpu_q=0
frust_shell_common::perf: frust-perf raw n=98 total_us=93805 rebuild_us=599 layout_us=22 paint_us=33 encode_us=105 acquire_us=124 submit_us=92920 skipped=0 gpu_q=0
frust_shell_common::perf: frust-perf frame n=98 total_p50_ms=94 total_p95_ms=98 total_p99_ms=134 rebuild_p95_ms=0 layout_p95_ms=0 paint_p95_ms=0 encode_p95_ms=0 acquire_p95_ms=0 submit_p95_ms=97 over_60hz=98 over_120hz=98 skipped=0 total_frames=98
frust_shell_common::perf: frust-perf raw n=99 total_us=96687 rebuild_us=693 layout_us=26 paint_us=35 encode_us=97 acquire_us=101 submit_us=95733 skipped=0 gpu_q=0
frust_shell_android::app::frame: frust-perf platform-view tail depth=0 target=0 acquire_bound=false frame=720 expected_present_us=0 acquire_us=106 period_us=11137
frust_shell_common::perf: frust-perf raw n=100 total_us=94880 rebuild_us=715 layout_us=28 paint_us=37 encode_us=99 acquire_us=98 submit_us=93901 skipped=0 gpu_q=0
frust_shell_common::perf: frust-perf raw n=101 total_us=98659 rebuild_us=694 layout_us=28 paint_us=37 encode_us=107 acquire_us=100 submit_us=97691 skipped=0 gpu_q=0
frust_shell_common::perf: frust-perf raw n=102 total_us=99533 rebuild_us=715 layout_us=27 paint_us=36 encode_us=97 acquire_us=119 submit_us=98538 skipped=0 gpu_q=0
frust_shell_common::perf: frust-perf raw n=103 total_us=95173 rebuild_us=706 layout_us=29 paint_us=35 encode_us=97 acquire_us=101 submit_us=94204 skipped=0 gpu_q=0
frust_shell_common::perf: frust-perf raw n=104 total_us=92971 rebuild_us=589 layout_us=21 paint_us=32 encode_us=177 acquire_us=162 submit_us=91987 skipped=0 gpu_q=0
frust_shell_common::perf: frust-perf raw n=105 total_us=92457 rebuild_us=566 layout_us=19 paint_us=30 encode_us=99 acquire_us=105 submit_us=91634 skipped=0 gpu_q=0
frust_shell_common::perf: frust-perf raw n=106 total_us=94686 rebuild_us=579 layout_us=25 paint_us=33 encode_us=103 acquire_us=104 submit_us=93841 skipped=0 gpu_q=0
frust_shell_common::perf: frust-perf raw n=107 total_us=95397 rebuild_us=632 layout_us=23 paint_us=36 encode_us=106 acquire_us=103 submit_us=94495 skipped=0 gpu_q=0
frust_shell_common::perf: frust-perf raw n=108 total_us=93523 rebuild_us=553 layout_us=19 paint_us=30 encode_us=99 acquire_us=107 submit_us=92712 skipped=0 gpu_q=0
frust_shell_common::perf: frust-perf raw n=109 total_us=98180 rebuild_us=659 layout_us=24 paint_us=33 encode_us=97 acquire_us=98 submit_us=97266 skipped=0 gpu_q=0
frust_shell_common::perf: frust-perf raw n=110 total_us=97030 rebuild_us=679 layout_us=28 paint_us=34 encode_us=98 acquire_us=94 submit_us=96095 skipped=0 gpu_q=0
frust_shell_common::perf: frust-perf raw n=111 total_us=94903 rebuild_us=671 layout_us=34 paint_us=37 encode_us=100 acquire_us=114 submit_us=93945 skipped=0 gpu_q=0
frust_shell_common::perf: frust-perf raw n=112 total_us=90938 rebuild_us=599 layout_us=23 paint_us=32 encode_us=102 acquire_us=110 submit_us=90070 skipped=0 gpu_q=0
frust_shell_common::perf: frust-perf raw n=113 total_us=94723 rebuild_us=581 layout_us=22 paint_us=34 encode_us=99 acquire_us=103 submit_us=93882 skipped=0 gpu_q=0
frust_shell_common::perf: frust-perf raw n=114 total_us=95228 rebuild_us=703 layout_us=34 paint_us=40 encode_us=93 acquire_us=88 submit_us=94268 skipped=0 gpu_q=0
frust_shell_android::app::frame: frust-perf platform-view tail depth=0 target=0 acquire_bound=false frame=840 expected_present_us=0 acquire_us=102 period_us=11150
frust_shell_common::perf: frust-perf raw n=115 total_us=93622 rebuild_us=562 layout_us=19 paint_us=32 encode_us=104 acquire_us=111 submit_us=92792 skipped=0 gpu_q=0
frust_shell_common::perf: frust-perf raw n=116 total_us=94880 rebuild_us=581 layout_us=21 paint_us=32 encode_us=102 acquire_us=97 submit_us=94045 skipped=0 gpu_q=0
frust_shell_common::perf: frust-perf raw n=117 total_us=95775 rebuild_us=653 layout_us=25 paint_us=35 encode_us=250 acquire_us=825 submit_us=93985 skipped=0 gpu_q=0
frust_shell_common::perf: frust-perf raw n=118 total_us=93350 rebuild_us=679 layout_us=26 paint_us=36 encode_us=104 acquire_us=92 submit_us=92410 skipped=0 gpu_q=0
frust_shell_common::perf: frust-perf raw n=119 total_us=95090 rebuild_us=578 layout_us=21 paint_us=31 encode_us=99 acquire_us=111 submit_us=94247 skipped=0 gpu_q=0
frust_shell_common::perf: frust-perf raw n=120 total_us=96678 rebuild_us=679 layout_us=26 paint_us=38 encode_us=101 acquire_us=94 submit_us=95737 skipped=0 gpu_q=0
frust_shell_common::perf: frust-perf frame n=120 total_p50_ms=94 total_p95_ms=98 total_p99_ms=112 rebuild_p95_ms=0 layout_p95_ms=0 paint_p95_ms=0 encode_p95_ms=0 acquire_p95_ms=0 submit_p95_ms=97 over_60hz=120 over_120hz=120 skipped=0 total_frames=120
frust_shell_common::perf: frust-perf raw n=121 total_us=90779 rebuild_us=583 layout_us=22 paint_us=97 encode_us=105 acquire_us=138 submit_us=89831 skipped=0 gpu_q=0
frust_shell_common::perf: frust-perf raw n=122 total_us=93035 rebuild_us=602 layout_us=23 paint_us=33 encode_us=102 acquire_us=95 submit_us=92178 skipped=0 gpu_q=0
frust_shell_common::perf: frust-perf raw n=123 total_us=95011 rebuild_us=635 layout_us=24 paint_us=34 encode_us=97 acquire_us=93 submit_us=94124 skipped=0 gpu_q=0
frust_shell_common::perf: frust-perf raw n=124 total_us=99117 rebuild_us=562 layout_us=19 paint_us=30 encode_us=98 acquire_us=100 submit_us=98306 skipped=0 gpu_q=0
frust_shell_common::perf: frust-perf raw n=125 total_us=95281 rebuild_us=590 layout_us=22 paint_us=31 encode_us=97 acquire_us=97 submit_us=94441 skipped=0 gpu_q=0
frust_shell_common::perf: frust-perf raw n=126 total_us=94516 rebuild_us=637 layout_us=26 paint_us=35 encode_us=100 acquire_us=95 submit_us=93621 skipped=0 gpu_q=0
frust_shell_common::perf: frust-perf raw n=127 total_us=95460 rebuild_us=697 layout_us=27 paint_us=43 encode_us=162 acquire_us=131 submit_us=94398 skipped=0 gpu_q=0
frust_shell_common::perf: frust-perf raw n=128 total_us=95413 rebuild_us=568 layout_us=20 paint_us=31 encode_us=100 acquire_us=99 submit_us=94592 skipped=0 gpu_q=0
frust_shell_android::app::frame: frust-perf platform-view tail depth=0 target=0 acquire_bound=false frame=960 expected_present_us=0 acquire_us=111 period_us=11249
frust_shell_common::perf: frust-perf raw n=129 total_us=92651 rebuild_us=721 layout_us=31 paint_us=42 encode_us=97 acquire_us=113 submit_us=91644 skipped=0 gpu_q=0
frust_shell_common::perf: frust-perf raw n=130 total_us=98541 rebuild_us=618 layout_us=20 paint_us=33 encode_us=112 acquire_us=120 submit_us=97634 skipped=0 gpu_q=0
frust_shell_common::perf: frust-perf raw n=131 total_us=94854 rebuild_us=746 layout_us=26 paint_us=37 encode_us=96 acquire_us=94 submit_us=93853 skipped=0 gpu_q=0
frust_shell_common::perf: frust-perf raw n=132 total_us=93393 rebuild_us=596 layout_us=24 paint_us=34 encode_us=152 acquire_us=85 submit_us=92500 skipped=0 gpu_q=0
frust_shell_common::perf: frust-perf raw n=133 total_us=100418 rebuild_us=579 layout_us=22 paint_us=32 encode_us=107 acquire_us=102 submit_us=99572 skipped=0 gpu_q=0
frust_shell_common::perf: frust-perf raw n=134 total_us=94518 rebuild_us=571 layout_us=21 paint_us=32 encode_us=103 acquire_us=98 submit_us=93691 skipped=0 gpu_q=0
frust_shell_common::perf: frust-perf raw n=135 total_us=94574 rebuild_us=566 layout_us=20 paint_us=30 encode_us=135 acquire_us=100 submit_us=93721 skipped=0 gpu_q=0
frust_shell_common::perf: frust-perf raw n=136 total_us=98295 rebuild_us=623 layout_us=22 paint_us=34 encode_us=101 acquire_us=86 submit_us=97426 skipped=0 gpu_q=0
frust_shell_common::perf: frust-perf raw n=137 total_us=91900 rebuild_us=585 layout_us=22 paint_us=32 encode_us=100 acquire_us=101 submit_us=91056 skipped=0 gpu_q=0
frust_shell_common::perf: frust-perf raw n=138 total_us=96049 rebuild_us=587 layout_us=21 paint_us=32 encode_us=613 acquire_us=401 submit_us=94392 skipped=0 gpu_q=0
frust_shell_common::perf: frust-perf raw n=139 total_us=98383 rebuild_us=621 layout_us=22 paint_us=33 encode_us=101 acquire_us=93 submit_us=97511 skipped=0 gpu_q=0
frust_shell_common::perf: frust-perf raw n=140 total_us=94914 rebuild_us=654 layout_us=25 paint_us=39 encode_us=96 acquire_us=116 submit_us=93981 skipped=0 gpu_q=0
frust_shell_common::perf: frust-perf raw n=141 total_us=96888 rebuild_us=573 layout_us=20 paint_us=31 encode_us=102 acquire_us=104 submit_us=96055 skipped=0 gpu_q=0
frust_shell_common::perf: frust-perf frame n=120 total_p50_ms=95 total_p95_ms=98 total_p99_ms=99 rebuild_p95_ms=0 layout_p95_ms=0 paint_p95_ms=0 encode_p95_ms=0 acquire_p95_ms=0 submit_p95_ms=97 over_60hz=141 over_120hz=141 skipped=0 total_frames=141
frust_shell_common::perf: frust-perf raw n=142 total_us=97713 rebuild_us=663 layout_us=25 paint_us=33 encode_us=92 acquire_us=93 submit_us=96804 skipped=0 gpu_q=0
frust_shell_common::perf: frust-perf raw n=143 total_us=93219 rebuild_us=668 layout_us=25 paint_us=35 encode_us=106 acquire_us=97 submit_us=92286 skipped=0 gpu_q=0
frust_shell_android::app::frame: frust-perf platform-view tail depth=0 target=0 acquire_bound=false frame=1080 expected_present_us=0 acquire_us=115 period_us=11425
frust_shell_common::perf: frust-perf raw n=144 total_us=95402 rebuild_us=681 layout_us=23 paint_us=33 encode_us=99 acquire_us=115 submit_us=94448 skipped=0 gpu_q=0
frust_shell_common::perf: frust-perf raw n=145 total_us=95426 rebuild_us=635 layout_us=24 paint_us=38 encode_us=102 acquire_us=96 submit_us=94529 skipped=0 gpu_q=0
frust_shell_common::perf: frust-perf raw n=146 total_us=95320 rebuild_us=692 layout_us=26 paint_us=40 encode_us=100 acquire_us=151 submit_us=94309 skipped=0 gpu_q=0
frust_shell_common::perf: frust-perf raw n=147 total_us=95280 rebuild_us=568 layout_us=19 paint_us=31 encode_us=100 acquire_us=101 submit_us=94458 skipped=0 gpu_q=0
frust_shell_common::perf: frust-perf raw n=148 total_us=92091 rebuild_us=694 layout_us=28 paint_us=36 encode_us=170 acquire_us=166 submit_us=90995 skipped=0 gpu_q=0
frust_shell_common::perf: frust-perf raw n=149 total_us=96396 rebuild_us=567 layout_us=21 paint_us=32 encode_us=98 acquire_us=111 submit_us=95565 skipped=0 gpu_q=0
frust_shell_common::perf: frust-perf raw n=150 total_us=95513 rebuild_us=684 layout_us=34 paint_us=40 encode_us=93 acquire_us=121 submit_us=94539 skipped=0 gpu_q=0
frust_shell_common::perf: frust-perf raw n=151 total_us=93467 rebuild_us=555 layout_us=19 paint_us=30 encode_us=100 acquire_us=98 submit_us=92662 skipped=0 gpu_q=0
frust_shell_common::perf: frust-perf raw n=152 total_us=95241 rebuild_us=669 layout_us=25 paint_us=35 encode_us=112 acquire_us=84 submit_us=94314 skipped=0 gpu_q=0
frust_shell_common::perf: frust-perf raw n=153 total_us=92606 rebuild_us=601 layout_us=20 paint_us=30 encode_us=115 acquire_us=115 submit_us=91723 skipped=0 gpu_q=0
frust_shell_common::perf: frust-perf raw n=154 total_us=94982 rebuild_us=578 layout_us=20 paint_us=31 encode_us=101 acquire_us=124 submit_us=94126 skipped=0 gpu_q=0
frust_shell_common::perf: frust-perf raw n=155 total_us=96437 rebuild_us=684 layout_us=61 paint_us=40 encode_us=99 acquire_us=97 submit_us=95453 skipped=0 gpu_q=0
frust_shell_common::perf: frust-perf raw n=156 total_us=95199 rebuild_us=565 layout_us=20 paint_us=31 encode_us=172 acquire_us=117 submit_us=94293 skipped=0 gpu_q=0
frust_shell_common::perf: frust-perf raw n=157 total_us=94768 rebuild_us=589 layout_us=21 paint_us=32 encode_us=103 acquire_us=112 submit_us=93908 skipped=0 gpu_q=0
frust_shell_common::perf: frust-perf raw n=158 total_us=99041 rebuild_us=631 layout_us=25 paint_us=33 encode_us=103 acquire_us=98 submit_us=98149 skipped=0 gpu_q=0
frust_shell_android::app::frame: frust-perf platform-view tail depth=0 target=0 acquire_bound=false frame=1200 expected_present_us=0 acquire_us=109 period_us=12104
frust_shell_common::perf: frust-perf raw n=159 total_us=93896 rebuild_us=684 layout_us=29 paint_us=35 encode_us=101 acquire_us=118 submit_us=92927 skipped=0 gpu_q=0
frust_shell_common::perf: frust-perf raw n=160 total_us=93236 rebuild_us=577 layout_us=22 paint_us=32 encode_us=106 acquire_us=93 submit_us=92403 skipped=0 gpu_q=0
frust_shell_common::perf: frust-perf raw n=161 total_us=95948 rebuild_us=559 layout_us=19 paint_us=32 encode_us=99 acquire_us=109 submit_us=95128 skipped=0 gpu_q=0
frust_shell_common::perf: frust-perf raw n=162 total_us=96232 rebuild_us=652 layout_us=24 paint_us=34 encode_us=97 acquire_us=119 submit_us=95305 skipped=0 gpu_q=0
frust_shell_common::perf: frust-perf raw n=163 total_us=92133 rebuild_us=566 layout_us=19 paint_us=31 encode_us=98 acquire_us=102 submit_us=91315 skipped=0 gpu_q=0
frust_shell_common::perf: frust-perf frame n=120 total_p50_ms=95 total_p95_ms=98 total_p99_ms=99 rebuild_p95_ms=0 layout_p95_ms=0 paint_p95_ms=0 encode_p95_ms=0 acquire_p95_ms=0 submit_p95_ms=97 over_60hz=163 over_120hz=163 skipped=0 total_frames=163
frust_shell_common::perf: frust-perf raw n=164 total_us=96139 rebuild_us=591 layout_us=22 paint_us=31 encode_us=382 acquire_us=137 submit_us=94973 skipped=0 gpu_q=0
frust_shell_common::perf: frust-perf raw n=165 total_us=95678 rebuild_us=744 layout_us=24 paint_us=36 encode_us=95 acquire_us=90 submit_us=94686 skipped=0 gpu_q=0
frust_shell_common::perf: frust-perf raw n=166 total_us=94028 rebuild_us=563 layout_us=21 paint_us=31 encode_us=102 acquire_us=93 submit_us=93216 skipped=0 gpu_q=0
frust_shell_common::perf: frust-perf raw n=167 total_us=95446 rebuild_us=668 layout_us=27 paint_us=37 encode_us=98 acquire_us=100 submit_us=94515 skipped=0 gpu_q=0
frust_shell_common::perf: frust-perf raw n=168 total_us=96232 rebuild_us=697 layout_us=26 paint_us=37 encode_us=169 acquire_us=166 submit_us=95135 skipped=0 gpu_q=0
frust_shell_common::perf: frust-perf raw n=169 total_us=95209 rebuild_us=667 layout_us=26 paint_us=35 encode_us=99 acquire_us=110 submit_us=94269 skipped=0 gpu_q=0
frust_shell_common::perf: frust-perf raw n=170 total_us=95483 rebuild_us=573 layout_us=20 paint_us=29 encode_us=99 acquire_us=149 submit_us=94610 skipped=0 gpu_q=0
frust_shell_common::perf: frust-perf raw n=171 total_us=92268 rebuild_us=696 layout_us=31 paint_us=37 encode_us=96 acquire_us=104 submit_us=91300 skipped=0 gpu_q=0
frust_shell_common::perf: frust-perf raw n=172 total_us=94620 rebuild_us=601 layout_us=27 paint_us=32 encode_us=107 acquire_us=124 submit_us=93727 skipped=0 gpu_q=0
frust_shell_common::perf: frust-perf raw n=173 total_us=99632 rebuild_us=685 layout_us=27 paint_us=35 encode_us=105 acquire_us=99 submit_us=98679 skipped=0 gpu_q=0
frust_shell_android::app::frame: frust-perf platform-view tail depth=0 target=0 acquire_bound=false frame=1320 expected_present_us=0 acquire_us=110 period_us=12500
frust_shell_common::perf: frust-perf raw n=174 total_us=92409 rebuild_us=634 layout_us=20 paint_us=31 encode_us=102 acquire_us=100 submit_us=91519 skipped=0 gpu_q=0
frust_shell_common::perf: frust-perf raw n=175 total_us=95499 rebuild_us=617 layout_us=24 paint_us=36 encode_us=98 acquire_us=101 submit_us=94620 skipped=0 gpu_q=0
frust_shell_common::perf: frust-perf raw n=176 total_us=91519 rebuild_us=601 layout_us=21 paint_us=31 encode_us=102 acquire_us=106 submit_us=90656 skipped=0 gpu_q=0
frust_shell_common::perf: frust-perf raw n=177 total_us=96640 rebuild_us=565 layout_us=20 paint_us=29 encode_us=99 acquire_us=89 submit_us=95835 skipped=0 gpu_q=0
frust_shell_common::perf: frust-perf raw n=178 total_us=94797 rebuild_us=654 layout_us=25 paint_us=33 encode_us=97 acquire_us=137 submit_us=93849 skipped=0 gpu_q=0
frust_shell_common::perf: frust-perf raw n=179 total_us=95501 rebuild_us=573 layout_us=21 paint_us=32 encode_us=179 acquire_us=171 submit_us=94523 skipped=0 gpu_q=0
frust_shell_common::perf: frust-perf raw n=180 total_us=99453 rebuild_us=585 layout_us=21 paint_us=32 encode_us=97 acquire_us=127 submit_us=98588 skipped=0 gpu_q=0
frust_shell_common::perf: frust-perf raw n=181 total_us=94154 rebuild_us=662 layout_us=24 paint_us=34 encode_us=98 acquire_us=98 submit_us=93236 skipped=0 gpu_q=0
frust_shell_common::perf: frust-perf raw n=182 total_us=95661 rebuild_us=567 layout_us=20 paint_us=31 encode_us=116 acquire_us=116 submit_us=94808 skipped=0 gpu_q=0
frust_shell_common::perf: frust-perf raw n=183 total_us=94654 rebuild_us=726 layout_us=26 paint_us=36 encode_us=127 acquire_us=116 submit_us=93620 skipped=0 gpu_q=0
frust_shell_common::perf: frust-perf raw n=184 total_us=95938 rebuild_us=565 layout_us=20 paint_us=31 encode_us=101 acquire_us=109 submit_us=95110 skipped=0 gpu_q=0
frust_shell_common::perf: frust-perf frame n=120 total_p50_ms=95 total_p95_ms=99 total_p99_ms=99 rebuild_p95_ms=0 layout_p95_ms=0 paint_p95_ms=0 encode_p95_ms=0 acquire_p95_ms=0 submit_p95_ms=98 over_60hz=184 over_120hz=184 skipped=0 total_frames=184
frust_shell_common::perf: frust-perf raw n=185 total_us=96292 rebuild_us=721 layout_us=26 paint_us=36 encode_us=94 acquire_us=95 submit_us=95319 skipped=0 gpu_q=0
frust_shell_common::perf: frust-perf raw n=186 total_us=97064 rebuild_us=600 layout_us=21 paint_us=29 encode_us=99 acquire_us=108 submit_us=96204 skipped=0 gpu_q=0
frust_shell_common::perf: frust-perf raw n=187 total_us=93451 rebuild_us=688 layout_us=25 paint_us=36 encode_us=97 acquire_us=88 submit_us=92515 skipped=0 gpu_q=0
frust_shell_common::perf: frust-perf raw n=188 total_us=94721 rebuild_us=612 layout_us=23 paint_us=32 encode_us=103 acquire_us=112 submit_us=93837 skipped=0 gpu_q=0
frust_shell_android::app::frame: frust-perf platform-view tail depth=0 target=0 acquire_bound=false frame=1440 expected_present_us=0 acquire_us=101 period_us=11974
frust_shell_common::perf: frust-perf raw n=189 total_us=93309 rebuild_us=689 layout_us=25 paint_us=35 encode_us=97 acquire_us=92 submit_us=92368 skipped=0 gpu_q=0
frust_shell_common::perf: frust-perf raw n=190 total_us=93276 rebuild_us=578 layout_us=21 paint_us=31 encode_us=177 acquire_us=165 submit_us=92301 skipped=0 gpu_q=0
frust_shell_common::perf: frust-perf raw n=191 total_us=95866 rebuild_us=623 layout_us=26 paint_us=34 encode_us=101 acquire_us=99 submit_us=94981 skipped=0 gpu_q=0
frust_shell_common::perf: frust-perf raw n=192 total_us=93955 rebuild_us=564 layout_us=20 paint_us=31 encode_us=96 acquire_us=112 submit_us=93130 skipped=0 gpu_q=0
frust_shell_common::perf: frust-perf raw n=193 total_us=96276 rebuild_us=644 layout_us=22 paint_us=34 encode_us=98 acquire_us=101 submit_us=95374 skipped=0 gpu_q=0
frust_shell_common::perf: frust-perf raw n=194 total_us=93932 rebuild_us=651 layout_us=26 paint_us=35 encode_us=94 acquire_us=88 submit_us=93036 skipped=0 gpu_q=0
frust_shell_common::perf: frust-perf raw n=195 total_us=93310 rebuild_us=606 layout_us=20 paint_us=30 encode_us=101 acquire_us=102 submit_us=92449 skipped=0 gpu_q=0
frust_shell_common::perf: frust-perf raw n=196 total_us=91689 rebuild_us=740 layout_us=32 paint_us=46 encode_us=164 acquire_us=149 submit_us=90555 skipped=0 gpu_q=0
frust_shell_common::perf: frust-perf raw n=197 total_us=97697 rebuild_us=567 layout_us=20 paint_us=31 encode_us=97 acquire_us=104 submit_us=96875 skipped=0 gpu_q=0
frust_shell_common::perf: frust-perf raw n=198 total_us=93367 rebuild_us=572 layout_us=22 paint_us=32 encode_us=110 acquire_us=121 submit_us=92508 skipped=0 gpu_q=0
frust_shell_common::perf: frust-perf raw n=199 total_us=96162 rebuild_us=570 layout_us=20 paint_us=30 encode_us=99 acquire_us=105 submit_us=95336 skipped=0 gpu_q=0
frust_shell_common::perf: frust-perf raw n=200 total_us=93320 rebuild_us=648 layout_us=28 paint_us=34 encode_us=102 acquire_us=99 submit_us=92407 skipped=0 gpu_q=0
frust_shell_common::perf: frust-perf raw n=201 total_us=96517 rebuild_us=568 layout_us=20 paint_us=31 encode_us=106 acquire_us=114 submit_us=95675 skipped=0 gpu_q=0
frust_shell_common::perf: frust-perf raw n=202 total_us=96844 rebuild_us=656 layout_us=25 paint_us=36 encode_us=100 acquire_us=95 submit_us=95931 skipped=0 gpu_q=0
frust_shell_common::perf: frust-perf raw n=203 total_us=94638 rebuild_us=570 layout_us=21 paint_us=31 encode_us=95 acquire_us=106 submit_us=93813 skipped=0 gpu_q=0
frust_shell_android::app::frame: frust-perf platform-view tail depth=0 target=0 acquire_bound=false frame=1560 expected_present_us=0 acquire_us=112 period_us=11979
frust_shell_common::perf: frust-perf raw n=204 total_us=96895 rebuild_us=655 layout_us=25 paint_us=38 encode_us=117 acquire_us=136 submit_us=95922 skipped=0 gpu_q=0
frust_shell_common::perf: frust-perf raw n=205 total_us=99345 rebuild_us=579 layout_us=21 paint_us=31 encode_us=103 acquire_us=98 submit_us=98511 skipped=0 gpu_q=0
frust_shell_common::perf: frust-perf raw n=206 total_us=95624 rebuild_us=761 layout_us=28 paint_us=37 encode_us=98 acquire_us=98 submit_us=94600 skipped=0 gpu_q=0
frust_shell_common::perf: frust-perf frame n=120 total_p50_ms=95 total_p95_ms=99 total_p99_ms=99 rebuild_p95_ms=0 layout_p95_ms=0 paint_p95_ms=0 encode_p95_ms=0 acquire_p95_ms=0 submit_p95_ms=98 over_60hz=206 over_120hz=206 skipped=0 total_frames=206
frust_shell_common::perf: frust-perf raw n=207 total_us=94380 rebuild_us=578 layout_us=21 paint_us=31 encode_us=182 acquire_us=169 submit_us=93396 skipped=0 gpu_q=0
frust_shell_common::perf: frust-perf raw n=208 total_us=94513 rebuild_us=575 layout_us=21 paint_us=31 encode_us=99 acquire_us=98 submit_us=93687 skipped=0 gpu_q=0
frust_shell_common::perf: frust-perf raw n=209 total_us=94929 rebuild_us=576 layout_us=21 paint_us=32 encode_us=100 acquire_us=80 submit_us=94117 skipped=0 gpu_q=0
frust_shell_common::perf: frust-perf raw n=210 total_us=93173 rebuild_us=568 layout_us=22 paint_us=50 encode_us=110 acquire_us=103 submit_us=92318 skipped=0 gpu_q=0
frust_shell_common::perf: frust-perf raw n=211 total_us=96934 rebuild_us=661 layout_us=27 paint_us=34 encode_us=100 acquire_us=110 submit_us=95999 skipped=0 gpu_q=0
frust_shell_common::perf: frust-perf raw n=212 total_us=98380 rebuild_us=682 layout_us=27 paint_us=38 encode_us=94 acquire_us=92 submit_us=97445 skipped=0 gpu_q=0
frust_shell_common::perf: frust-perf raw n=213 total_us=93795 rebuild_us=561 layout_us=19 paint_us=32 encode_us=115 acquire_us=112 submit_us=92954 skipped=0 gpu_q=0
frust_shell_common::perf: frust-perf raw n=214 total_us=94984 rebuild_us=588 layout_us=21 paint_us=32 encode_us=170 acquire_us=158 submit_us=94013 skipped=0 gpu_q=0
frust_shell_common::perf: frust-perf raw n=215 total_us=92378 rebuild_us=607 layout_us=23 paint_us=33 encode_us=126 acquire_us=101 submit_us=91487 skipped=0 gpu_q=0
frust_shell_common::perf: frust-perf raw n=216 total_us=94951 rebuild_us=577 layout_us=21 paint_us=32 encode_us=98 acquire_us=105 submit_us=94116 skipped=0 gpu_q=0
frust_shell_common::perf: frust-perf raw n=217 total_us=95543 rebuild_us=739 layout_us=28 paint_us=39 encode_us=100 acquire_us=123 submit_us=94512 skipped=0 gpu_q=0
frust_shell_android::app::frame: frust-perf platform-view tail depth=0 target=0 acquire_bound=false frame=1680 expected_present_us=0 acquire_us=111 period_us=11159
frust_shell_common::perf: frust-perf raw n=218 total_us=96961 rebuild_us=750 layout_us=48 paint_us=39 encode_us=94 acquire_us=102 submit_us=95926 skipped=0 gpu_q=0
frust_shell_common::perf: frust-perf raw n=219 total_us=95996 rebuild_us=608 layout_us=22 paint_us=33 encode_us=106 acquire_us=134 submit_us=95092 skipped=0 gpu_q=0
frust_shell_common::perf: frust-perf raw n=220 total_us=97804 rebuild_us=739 layout_us=28 paint_us=37 encode_us=98 acquire_us=103 submit_us=96796 skipped=0 gpu_q=0
frust_shell_common::perf: frust-perf raw n=221 total_us=95708 rebuild_us=568 layout_us=20 paint_us=32 encode_us=105 acquire_us=118 submit_us=94861 skipped=0 gpu_q=0
frust_shell_common::perf: frust-perf raw n=222 total_us=92794 rebuild_us=568 layout_us=22 paint_us=30 encode_us=99 acquire_us=104 submit_us=91969 skipped=0 gpu_q=0
frust_shell_common::perf: frust-perf raw n=223 total_us=94861 rebuild_us=676 layout_us=28 paint_us=35 encode_us=100 acquire_us=112 submit_us=93908 skipped=0 gpu_q=0
frust_shell_common::perf: frust-perf raw n=224 total_us=95895 rebuild_us=584 layout_us=21 paint_us=35 encode_us=100 acquire_us=105 submit_us=95046 skipped=0 gpu_q=0
frust_shell_common::perf: frust-perf raw n=225 total_us=91894 rebuild_us=645 layout_us=29 paint_us=37 encode_us=130 acquire_us=109 submit_us=90942 skipped=0 gpu_q=0
frust_shell_common::perf: frust-perf raw n=226 total_us=96915 rebuild_us=596 layout_us=21 paint_us=34 encode_us=84 acquire_us=84 submit_us=96093 skipped=0 gpu_q=0
frust_shell_common::perf: frust-perf raw n=227 total_us=94771 rebuild_us=675 layout_us=25 paint_us=35 encode_us=104 acquire_us=95 submit_us=93832 skipped=0 gpu_q=0
frust_shell_common::perf: frust-perf raw n=228 total_us=94324 rebuild_us=730 layout_us=32 paint_us=55 encode_us=100 acquire_us=91 submit_us=93314 skipped=0 gpu_q=0
frust_shell_common::perf: frust-perf frame n=120 total_p50_ms=95 total_p95_ms=98 total_p99_ms=99 rebuild_p95_ms=0 layout_p95_ms=0 paint_p95_ms=0 encode_p95_ms=0 acquire_p95_ms=0 submit_p95_ms=97 over_60hz=228 over_120hz=228 skipped=0 total_frames=228
frust_shell_common::perf: frust-perf raw n=229 total_us=96921 rebuild_us=570 layout_us=20 paint_us=90 encode_us=103 acquire_us=113 submit_us=96021 skipped=0 gpu_q=0
frust_shell_common::perf: frust-perf raw n=230 total_us=92645 rebuild_us=773 layout_us=35 paint_us=45 encode_us=94 acquire_us=90 submit_us=91605 skipped=0 gpu_q=0
frust_shell_common::perf: frust-perf raw n=231 total_us=96356 rebuild_us=560 layout_us=20 paint_us=32 encode_us=101 acquire_us=108 submit_us=95534 skipped=0 gpu_q=0
frust_shell_common::perf: frust-perf raw n=232 total_us=95488 rebuild_us=646 layout_us=25 paint_us=36 encode_us=103 acquire_us=109 submit_us=94566 skipped=0 gpu_q=0
frust_shell_android::app::frame: frust-perf platform-view tail depth=0 target=0 acquire_bound=false frame=1800 expected_present_us=0 acquire_us=101 period_us=13018
frust_shell_common::perf: frust-perf raw n=233 total_us=95773 rebuild_us=570 layout_us=19 paint_us=30 encode_us=100 acquire_us=98 submit_us=94953 skipped=0 gpu_q=0
frust_shell_common::perf: frust-perf raw n=234 total_us=95253 rebuild_us=719 layout_us=35 paint_us=36 encode_us=96 acquire_us=96 submit_us=94267 skipped=0 gpu_q=0
frust_shell_common::perf: frust-perf raw n=235 total_us=91710 rebuild_us=553 layout_us=19 paint_us=31 encode_us=104 acquire_us=101 submit_us=90900 skipped=0 gpu_q=0
frust_shell_common::perf: frust-perf raw n=236 total_us=94337 rebuild_us=661 layout_us=25 paint_us=35 encode_us=186 acquire_us=162 submit_us=93267 skipped=0 gpu_q=0
frust_shell_common::perf: frust-perf raw n=237 total_us=94336 rebuild_us=602 layout_us=20 paint_us=33 encode_us=98 acquire_us=103 submit_us=93478 skipped=0 gpu_q=0
frust_shell_common::perf: frust-perf raw n=238 total_us=98440 rebuild_us=584 layout_us=21 paint_us=37 encode_us=100 acquire_us=109 submit_us=97586 skipped=0 gpu_q=0
frust_shell_common::perf: frust-perf raw n=239 total_us=92969 rebuild_us=705 layout_us=27 paint_us=40 encode_us=95 acquire_us=91 submit_us=92009 skipped=0 gpu_q=0
frust_shell_common::perf: frust-perf raw n=240 total_us=98763 rebuild_us=561 layout_us=20 paint_us=31 encode_us=101 acquire_us=99 submit_us=97948 skipped=0 gpu_q=0
frust_shell_common::perf: frust-perf raw n=241 total_us=95120 rebuild_us=679 layout_us=26 paint_us=38 encode_us=98 acquire_us=100 submit_us=94176 skipped=0 gpu_q=0
frust_shell_common::perf: frust-perf raw n=242 total_us=95184 rebuild_us=558 layout_us=19 paint_us=30 encode_us=90 acquire_us=96 submit_us=94389 skipped=0 gpu_q=0
frust_shell_common::perf: frust-perf raw n=243 total_us=95299 rebuild_us=572 layout_us=20 paint_us=31 encode_us=98 acquire_us=106 submit_us=94470 skipped=0 gpu_q=0
frust_shell_common::perf: frust-perf raw n=244 total_us=95058 rebuild_us=664 layout_us=25 paint_us=36 encode_us=88 acquire_us=93 submit_us=94150 skipped=0 gpu_q=0
frust_shell_common::perf: frust-perf raw n=245 total_us=94176 rebuild_us=562 layout_us=21 paint_us=30 encode_us=105 acquire_us=113 submit_us=93343 skipped=0 gpu_q=0
frust_shell_common::perf: frust-perf raw n=246 total_us=96978 rebuild_us=653 layout_us=26 paint_us=36 encode_us=101 acquire_us=137 submit_us=96023 skipped=0 gpu_q=0
frust_shell_common::perf: frust-perf raw n=247 total_us=95642 rebuild_us=564 layout_us=20 paint_us=30 encode_us=110 acquire_us=116 submit_us=94801 skipped=0 gpu_q=0
frust_shell_android::app::frame: frust-perf platform-view tail depth=0 target=0 acquire_bound=false frame=1920 expected_present_us=0 acquire_us=109 period_us=11408
frust_shell_common::perf: frust-perf raw n=248 total_us=95020 rebuild_us=777 layout_us=30 paint_us=38 encode_us=100 acquire_us=104 submit_us=93969 skipped=0 gpu_q=0
frust_shell_common::perf: frust-perf raw n=249 total_us=96837 rebuild_us=624 layout_us=21 paint_us=31 encode_us=97 acquire_us=108 submit_us=95953 skipped=0 gpu_q=0
frust_shell_common::perf: frust-perf frame n=120 total_p50_ms=95 total_p95_ms=98 total_p99_ms=99 rebuild_p95_ms=0 layout_p95_ms=0 paint_p95_ms=0 encode_p95_ms=0 acquire_p95_ms=0 submit_p95_ms=97 over_60hz=249 over_120hz=249 skipped=0 total_frames=249
frust_shell_common::perf: frust-perf raw n=250 total_us=94343 rebuild_us=754 layout_us=30 paint_us=38 encode_us=163 acquire_us=190 submit_us=93165 skipped=0 gpu_q=0
frust_shell_common::perf: frust-perf raw n=251 total_us=94032 rebuild_us=564 layout_us=21 paint_us=31 encode_us=98 acquire_us=117 submit_us=93197 skipped=0 gpu_q=0
frust_shell_common::perf: frust-perf raw n=252 total_us=95786 rebuild_us=727 layout_us=29 paint_us=40 encode_us=104 acquire_us=80 submit_us=94803 skipped=0 gpu_q=0
frust_shell_common::perf: frust-perf raw n=253 total_us=94643 rebuild_us=612 layout_us=22 paint_us=33 encode_us=115 acquire_us=106 submit_us=93753 skipped=0 gpu_q=0
frust_shell_common::perf: frust-perf raw n=254 total_us=93806 rebuild_us=680 layout_us=30 paint_us=39 encode_us=98 acquire_us=107 submit_us=92849 skipped=0 gpu_q=0
frust_shell_common::perf: frust-perf raw n=255 total_us=93366 rebuild_us=640 layout_us=25 paint_us=36 encode_us=106 acquire_us=108 submit_us=92448 skipped=0 gpu_q=0
frust_shell_common::perf: frust-perf raw n=256 total_us=94801 rebuild_us=672 layout_us=28 paint_us=35 encode_us=98 acquire_us=126 submit_us=93839 skipped=0 gpu_q=0
frust_shell_common::perf: frust-perf raw n=257 total_us=96036 rebuild_us=756 layout_us=31 paint_us=39 encode_us=101 acquire_us=101 submit_us=95006 skipped=0 gpu_q=0
frust_shell_common::perf: frust-perf raw n=258 total_us=93380 rebuild_us=639 layout_us=21 paint_us=32 encode_us=114 acquire_us=106 submit_us=92465 skipped=0 gpu_q=0
frust_shell_common::perf: frust-perf raw n=259 total_us=99290 rebuild_us=627 layout_us=24 paint_us=37 encode_us=90 acquire_us=105 submit_us=98404 skipped=0 gpu_q=0
frust_shell_common::perf: frust-perf raw n=260 total_us=96201 rebuild_us=594 layout_us=22 paint_us=33 encode_us=101 acquire_us=101 submit_us=95348 skipped=0 gpu_q=0
frust_shell_common::perf: frust-perf raw n=261 total_us=95219 rebuild_us=699 layout_us=28 paint_us=36 encode_us=102 acquire_us=124 submit_us=94226 skipped=0 gpu_q=0
frust_shell_common::perf: frust-perf raw n=262 total_us=96291 rebuild_us=596 layout_us=21 paint_us=31 encode_us=108 acquire_us=114 submit_us=95418 skipped=0 gpu_q=0
frust_shell_android::app::frame: frust-perf platform-view tail depth=0 target=0 acquire_bound=false frame=2040 expected_present_us=0 acquire_us=107 period_us=11419
frust_shell_common::perf: frust-perf raw n=263 total_us=91346 rebuild_us=623 layout_us=24 paint_us=34 encode_us=104 acquire_us=96 submit_us=90463 skipped=0 gpu_q=0
frust_shell_common::perf: frust-perf raw n=264 total_us=96365 rebuild_us=701 layout_us=28 paint_us=35 encode_us=174 acquire_us=480 submit_us=94945 skipped=0 gpu_q=0
frust_shell_common::perf: frust-perf raw n=265 total_us=95656 rebuild_us=712 layout_us=30 paint_us=38 encode_us=99 acquire_us=94 submit_us=94681 skipped=0 gpu_q=0
frust_shell_common::perf: frust-perf raw n=266 total_us=97495 rebuild_us=626 layout_us=23 paint_us=35 encode_us=102 acquire_us=105 submit_us=96600 skipped=0 gpu_q=0
frust_shell_common::perf: frust-perf raw n=267 total_us=92982 rebuild_us=669 layout_us=28 paint_us=35 encode_us=103 acquire_us=102 submit_us=92043 skipped=0 gpu_q=0
frust_shell_common::perf: frust-perf raw n=268 total_us=91909 rebuild_us=567 layout_us=19 paint_us=32 encode_us=101 acquire_us=97 submit_us=91090 skipped=0 gpu_q=0
frust_shell_common::perf: frust-perf raw n=269 total_us=90785 rebuild_us=638 layout_us=25 paint_us=37 encode_us=99 acquire_us=99 submit_us=89886 skipped=0 gpu_q=0
frust_shell_common::perf: frust-perf raw n=270 total_us=97668 rebuild_us=574 layout_us=20 paint_us=31 encode_us=367 acquire_us=264 submit_us=96410 skipped=0 gpu_q=0
frust_shell_common::perf: frust-perf raw n=271 total_us=93445 rebuild_us=605 layout_us=24 paint_us=33 encode_us=105 acquire_us=109 submit_us=92567 skipped=0 gpu_q=0
frust_shell_common::perf: frust-perf frame n=120 total_p50_ms=95 total_p95_ms=98 total_p99_ms=99 rebuild_p95_ms=0 layout_p95_ms=0 paint_p95_ms=0 encode_p95_ms=0 acquire_p95_ms=0 submit_p95_ms=97 over_60hz=271 over_120hz=271 skipped=0 total_frames=271
frust_shell_common::perf: frust-perf raw n=272 total_us=91684 rebuild_us=713 layout_us=27 paint_us=38 encode_us=92 acquire_us=102 submit_us=90711 skipped=0 gpu_q=0
frust_shell_common::perf: frust-perf raw n=273 total_us=95930 rebuild_us=579 layout_us=20 paint_us=30 encode_us=100 acquire_us=103 submit_us=95094 skipped=0 gpu_q=0
frust_shell_common::perf: frust-perf raw n=274 total_us=96881 rebuild_us=563 layout_us=21 paint_us=31 encode_us=108 acquire_us=148 submit_us=96008 skipped=0 gpu_q=0
frust_shell_common::perf: frust-perf raw n=275 total_us=92137 rebuild_us=618 layout_us=23 paint_us=33 encode_us=99 acquire_us=105 submit_us=91256 skipped=0 gpu_q=0
frust_shell_common::perf: frust-perf raw n=276 total_us=94423 rebuild_us=662 layout_us=24 paint_us=33 encode_us=97 acquire_us=113 submit_us=93491 skipped=0 gpu_q=0
frust_shell_common::perf: frust-perf raw n=277 total_us=98108 rebuild_us=729 layout_us=40 paint_us=40 encode_us=100 acquire_us=110 submit_us=97087 skipped=0 gpu_q=0
frust_shell_android::app::frame: frust-perf platform-view tail depth=0 target=0 acquire_bound=false frame=2160 expected_present_us=0 acquire_us=118 period_us=11141
frust_shell_common::perf: frust-perf raw n=278 total_us=101278 rebuild_us=648 layout_us=23 paint_us=34 encode_us=120 acquire_us=120 submit_us=100330 skipped=0 gpu_q=0
frust_shell_common::perf: frust-perf raw n=279 total_us=93961 rebuild_us=646 layout_us=24 paint_us=34 encode_us=111 acquire_us=107 submit_us=93037 skipped=0 gpu_q=0
frust_shell_common::perf: frust-perf raw n=280 total_us=92434 rebuild_us=649 layout_us=22 paint_us=31 encode_us=95 acquire_us=106 submit_us=91528 skipped=0 gpu_q=0
frust_shell_common::perf: frust-perf raw n=281 total_us=93938 rebuild_us=638 layout_us=25 paint_us=33 encode_us=101 acquire_us=91 submit_us=93045 skipped=0 gpu_q=0
frust_shell_common::perf: frust-perf raw n=282 total_us=93684 rebuild_us=582 layout_us=23 paint_us=32 encode_us=99 acquire_us=92 submit_us=92854 skipped=0 gpu_q=0
frust_shell_common::perf: frust-perf raw n=283 total_us=94195 rebuild_us=576 layout_us=21 paint_us=32 encode_us=99 acquire_us=109 submit_us=93355 skipped=0 gpu_q=0
frust_shell_common::perf: frust-perf raw n=284 total_us=92538 rebuild_us=705 layout_us=28 paint_us=37 encode_us=105 acquire_us=92 submit_us=91568 skipped=0 gpu_q=0
frust_shell_common::perf: frust-perf raw n=285 total_us=93496 rebuild_us=617 layout_us=24 paint_us=33 encode_us=97 acquire_us=105 submit_us=92616 skipped=0 gpu_q=0
frust_shell_common::perf: frust-perf raw n=286 total_us=95086 rebuild_us=567 layout_us=21 paint_us=31 encode_us=99 acquire_us=119 submit_us=94248 skipped=0 gpu_q=0
frust_shell_common::perf: frust-perf raw n=287 total_us=98552 rebuild_us=630 layout_us=24 paint_us=36 encode_us=98 acquire_us=93 submit_us=97669 skipped=0 gpu_q=0
frust_shell_common::perf: frust-perf raw n=288 total_us=92044 rebuild_us=719 layout_us=29 paint_us=36 encode_us=98 acquire_us=94 submit_us=91066 skipped=0 gpu_q=0
frust_shell_common::perf: frust-perf raw n=289 total_us=91863 rebuild_us=570 layout_us=21 paint_us=31 encode_us=182 acquire_us=143 submit_us=90913 skipped=0 gpu_q=0
frust_shell_common::perf: frust-perf raw n=290 total_us=95325 rebuild_us=633 layout_us=24 paint_us=33 encode_us=98 acquire_us=103 submit_us=94431 skipped=0 gpu_q=0
frust_shell_common::perf: frust-perf raw n=291 total_us=94020 rebuild_us=565 layout_us=19 paint_us=31 encode_us=97 acquire_us=107 submit_us=93197 skipped=0 gpu_q=0
frust_shell_common::perf: frust-perf raw n=292 total_us=93113 rebuild_us=635 layout_us=25 paint_us=34 encode_us=101 acquire_us=95 submit_us=92221 skipped=0 gpu_q=0
frust_shell_android::app::frame: frust-perf platform-view tail depth=0 target=0 acquire_bound=false frame=2280 expected_present_us=0 acquire_us=108 period_us=11224
frust_shell_common::perf: frust-perf raw n=293 total_us=96938 rebuild_us=769 layout_us=31 paint_us=40 encode_us=102 acquire_us=122 submit_us=95870 skipped=0 gpu_q=0
frust_shell_common::perf: frust-perf frame n=120 total_p50_ms=94 total_p95_ms=98 total_p99_ms=99 rebuild_p95_ms=0 layout_p95_ms=0 paint_p95_ms=0 encode_p95_ms=0 acquire_p95_ms=0 submit_p95_ms=97 over_60hz=293 over_120hz=293 skipped=0 total_frames=293
frust_shell_common::perf: frust-perf raw n=294 total_us=94857 rebuild_us=561 layout_us=19 paint_us=30 encode_us=97 acquire_us=106 submit_us=94041 skipped=0 gpu_q=0
frust_shell_common::perf: frust-perf raw n=295 total_us=94550 rebuild_us=709 layout_us=28 paint_us=37 encode_us=98 acquire_us=87 submit_us=93589 skipped=0 gpu_q=0
frust_shell_common::perf: frust-perf raw n=296 total_us=94820 rebuild_us=620 layout_us=21 paint_us=32 encode_us=96 acquire_us=106 submit_us=93944 skipped=0 gpu_q=0
frust_shell_common::perf: frust-perf raw n=297 total_us=96208 rebuild_us=764 layout_us=38 paint_us=37 encode_us=96 acquire_us=85 submit_us=95186 skipped=0 gpu_q=0
frust_shell_common::perf: frust-perf raw n=298 total_us=95961 rebuild_us=565 layout_us=20 paint_us=29 encode_us=110 acquire_us=106 submit_us=95129 skipped=0 gpu_q=0
frust_shell_common::perf: frust-perf raw n=299 total_us=92932 rebuild_us=695 layout_us=28 paint_us=37 encode_us=97 acquire_us=98 submit_us=91975 skipped=0 gpu_q=0
frust_shell_common::perf: frust-perf raw n=300 total_us=96073 rebuild_us=581 layout_us=20 paint_us=31 encode_us=99 acquire_us=114 submit_us=95225 skipped=0 gpu_q=0
frust_shell_common::perf: frust-perf raw n=301 total_us=101174 rebuild_us=595 layout_us=27 paint_us=32 encode_us=104 acquire_us=110 submit_us=100305 skipped=0 gpu_q=0
frust_shell_common::perf: frust-perf raw n=302 total_us=92141 rebuild_us=693 layout_us=32 paint_us=40 encode_us=96 acquire_us=108 submit_us=91169 skipped=0 gpu_q=0
frust_shell_common::perf: frust-perf raw n=303 total_us=97000 rebuild_us=556 layout_us=19 paint_us=31 encode_us=103 acquire_us=104 submit_us=96186 skipped=0 gpu_q=0
frust_shell_common::perf: frust-perf raw n=304 total_us=95128 rebuild_us=654 layout_us=28 paint_us=35 encode_us=102 acquire_us=93 submit_us=94212 skipped=0 gpu_q=0
frust_shell_common::perf: frust-perf raw n=305 total_us=93801 rebuild_us=565 layout_us=20 paint_us=29 encode_us=172 acquire_us=142 submit_us=92870 skipped=0 gpu_q=0
frust_shell_common::perf: frust-perf raw n=306 total_us=95729 rebuild_us=686 layout_us=25 paint_us=35 encode_us=98 acquire_us=91 submit_us=94791 skipped=0 gpu_q=0
frust_shell_common::perf: frust-perf raw n=307 total_us=96126 rebuild_us=631 layout_us=21 paint_us=32 encode_us=112 acquire_us=112 submit_us=95215 skipped=0 gpu_q=0
frust_shell_android::app::frame: frust-perf platform-view tail depth=0 target=0 acquire_bound=false frame=2400 expected_present_us=0 acquire_us=107 period_us=12181
frust_shell_common::perf: frust-perf raw n=308 total_us=96212 rebuild_us=652 layout_us=26 paint_us=38 encode_us=105 acquire_us=136 submit_us=95253 skipped=0 gpu_q=0
frust_shell_common::perf: frust-perf raw n=309 total_us=95941 rebuild_us=623 layout_us=21 paint_us=32 encode_us=97 acquire_us=100 submit_us=95065 skipped=0 gpu_q=0
frust_shell_common::perf: frust-perf raw n=310 total_us=96440 rebuild_us=742 layout_us=29 paint_us=51 encode_us=99 acquire_us=114 submit_us=95403 skipped=0 gpu_q=0
frust_shell_common::perf: frust-perf raw n=311 total_us=92760 rebuild_us=575 layout_us=20 paint_us=32 encode_us=101 acquire_us=132 submit_us=91898 skipped=0 gpu_q=0
frust_shell_common::perf: frust-perf raw n=312 total_us=94625 rebuild_us=643 layout_us=25 paint_us=36 encode_us=95 acquire_us=83 submit_us=93740 skipped=0 gpu_q=0
frust_shell_common::perf: frust-perf raw n=313 total_us=94625 rebuild_us=614 layout_us=23 paint_us=34 encode_us=106 acquire_us=139 submit_us=93706 skipped=0 gpu_q=0
frust_shell_common::perf: frust-perf raw n=314 total_us=99813 rebuild_us=591 layout_us=22 paint_us=32 encode_us=108 acquire_us=110 submit_us=98947 skipped=0 gpu_q=0
frust_shell_common::perf: frust-perf frame n=120 total_p50_ms=95 total_p95_ms=98 total_p99_ms=101 rebuild_p95_ms=0 layout_p95_ms=0 paint_p95_ms=0 encode_p95_ms=0 acquire_p95_ms=0 submit_p95_ms=97 over_60hz=314 over_120hz=314 skipped=0 total_frames=314
frust_shell_common::perf: frust-perf raw n=315 total_us=99577 rebuild_us=645 layout_us=25 paint_us=37 encode_us=97 acquire_us=108 submit_us=98663 skipped=0 gpu_q=0
frust_shell_common::perf: frust-perf raw n=316 total_us=93198 rebuild_us=722 layout_us=27 paint_us=37 encode_us=103 acquire_us=94 submit_us=92213 skipped=0 gpu_q=0
frust_shell_common::perf: frust-perf raw n=317 total_us=92859 rebuild_us=581 layout_us=23 paint_us=30 encode_us=103 acquire_us=106 submit_us=92014 skipped=0 gpu_q=0
frust_shell_common::perf: frust-perf raw n=318 total_us=96184 rebuild_us=571 layout_us=21 paint_us=31 encode_us=170 acquire_us=117 submit_us=95272 skipped=0 gpu_q=0
frust_shell_common::perf: frust-perf raw n=319 total_us=95760 rebuild_us=716 layout_us=26 paint_us=37 encode_us=102 acquire_us=121 submit_us=94755 skipped=0 gpu_q=0
frust_shell_common::perf: frust-perf raw n=320 total_us=95609 rebuild_us=566 layout_us=19 paint_us=30 encode_us=101 acquire_us=95 submit_us=94796 skipped=0 gpu_q=0
frust_shell_common::perf: frust-perf raw n=321 total_us=96085 rebuild_us=603 layout_us=23 paint_us=34 encode_us=100 acquire_us=105 submit_us=95218 skipped=0 gpu_q=0
frust_shell_android::app::frame: frust-perf platform-view tail depth=0 target=0 acquire_bound=false frame=2520 expected_present_us=0 acquire_us=106 period_us=12542
frust_shell_common::perf: frust-perf raw n=322 total_us=95547 rebuild_us=578 layout_us=21 paint_us=95 encode_us=104 acquire_us=107 submit_us=94640 skipped=0 gpu_q=0
frust_shell_common::perf: frust-perf raw n=323 total_us=94018 rebuild_us=653 layout_us=23 paint_us=33 encode_us=106 acquire_us=110 submit_us=93091 skipped=0 gpu_q=0
frust_shell_common::perf: frust-perf raw n=324 total_us=94216 rebuild_us=561 layout_us=20 paint_us=31 encode_us=101 acquire_us=102 submit_us=93399 skipped=0 gpu_q=0
frust_shell_common::perf: frust-perf raw n=325 total_us=95795 rebuild_us=644 layout_us=26 paint_us=36 encode_us=152 acquire_us=91 submit_us=94844 skipped=0 gpu_q=0
frust_shell_common::perf: frust-perf raw n=326 total_us=95866 rebuild_us=696 layout_us=25 paint_us=37 encode_us=95 acquire_us=88 submit_us=94921 skipped=0 gpu_q=0
frust_shell_common::perf: frust-perf raw n=327 total_us=98348 rebuild_us=566 layout_us=21 paint_us=29 encode_us=101 acquire_us=100 submit_us=97528 skipped=0 gpu_q=0
frust_shell_common::perf: frust-perf raw n=328 total_us=95704 rebuild_us=594 layout_us=21 paint_us=30 encode_us=126 acquire_us=121 submit_us=94809 skipped=0 gpu_q=0
