frust-perf activity-create
frust_shell_common::perf: bench-scenario-start s1
frust_render::context: frust-perf surface-caps formats=[Rgba8UnormSrgb,Rgba8Unorm,Rgba16Float,Rgb10a2Unorm] usages=TextureUsages(COPY_SRC | COPY_DST | TEXTURE_BINDING | STORAGE_BINDING | RENDER_ATTACHMENT | STORAGE_ATOMIC) direct_to_surface=YES (Rgba8Unorm+STORAGE_BINDING)
frust_render::context: frust-perf render-path direct (Rgba8Unorm+STORAGE_BINDING)
frust_shell_common::perf: bench-scenario-end s1
frust_shell_common::perf: bench-scenario-start s5
frust_shell_common::perf: frust-perf startup init_entry=0ms font_preinit_started=0ms font_preinit_joined=0ms preinit_started=0ms preinit_joined=13ms cache_loaded=13ms pipeline_cache_restored=13ms adapter_ready=89ms device_ready=89ms renderer_ready=89ms first_rebuild_done=111ms first_encode_done=111ms first_frame_presented=140ms
frust_shell_common::perf: frust-perf raw n=1 total_us=28943 rebuild_us=118 layout_us=47 paint_us=22 encode_us=86 acquire_us=25 submit_us=28643 skipped=0 gpu_q=0
frust_shell_common::perf: frust-perf raw n=2 total_us=119754 rebuild_us=118 layout_us=15 paint_us=21 encode_us=43 acquire_us=19 submit_us=119537 skipped=0 gpu_q=0
frust_shell_common::perf: frust-perf raw n=3 total_us=102469 rebuild_us=163 layout_us=19 paint_us=20 encode_us=57 acquire_us=39 submit_us=102169 skipped=0 gpu_q=0
frust_shell_common::perf: frust-perf raw n=4 total_us=108006 rebuild_us=195 layout_us=18 paint_us=22 encode_us=64 acquire_us=38 submit_us=107667 skipped=0 gpu_q=0
frust_shell_common::perf: frust-perf raw n=5 total_us=44830 rebuild_us=446 layout_us=38 paint_us=42 encode_us=68 acquire_us=60 submit_us=44174 skipped=0 gpu_q=0
frust_shell_common::perf: frust-perf raw n=6 total_us=39329 rebuild_us=589 layout_us=85 paint_us=90 encode_us=168 acquire_us=130 submit_us=38266 skipped=0 gpu_q=0
frust_shell_common::perf: frust-perf raw n=7 total_us=37729 rebuild_us=332 layout_us=30 paint_us=31 encode_us=68 acquire_us=55 submit_us=37210 skipped=0 gpu_q=0
frust_shell_common::perf: frust-perf raw n=8 total_us=48147 rebuild_us=346 layout_us=21 paint_us=26 encode_us=162 acquire_us=184 submit_us=47406 skipped=0 gpu_q=0
frust_shell_common::perf: frust-perf raw n=9 total_us=37521 rebuild_us=384 layout_us=26 paint_us=26 encode_us=74 acquire_us=80 submit_us=36929 skipped=0 gpu_q=0
frust_shell_common::perf: frust-perf raw n=10 total_us=45595 rebuild_us=442 layout_us=36 paint_us=28 encode_us=67 acquire_us=75 submit_us=44945 skipped=0 gpu_q=0
frust_shell_common::perf: frust-perf raw n=11 total_us=36127 rebuild_us=380 layout_us=25 paint_us=24 encode_us=65 acquire_us=103 submit_us=35527 skipped=0 gpu_q=0
frust_shell_common::perf: frust-perf raw n=12 total_us=45178 rebuild_us=316 layout_us=22 paint_us=25 encode_us=150 acquire_us=184 submit_us=44479 skipped=0 gpu_q=0
frust_shell_common::perf: frust-perf raw n=13 total_us=37019 rebuild_us=350 layout_us=23 paint_us=23 encode_us=65 acquire_us=99 submit_us=36457 skipped=0 gpu_q=0
frust_shell_common::perf: frust-perf raw n=14 total_us=43426 rebuild_us=449 layout_us=25 paint_us=31 encode_us=148 acquire_us=146 submit_us=42624 skipped=0 gpu_q=0
frust_shell_common::perf: frust-perf raw n=15 total_us=36854 rebuild_us=376 layout_us=24 paint_us=23 encode_us=62 acquire_us=66 submit_us=36301 skipped=0 gpu_q=0
frust_shell_common::perf: frust-perf raw n=16 total_us=44397 rebuild_us=396 layout_us=22 paint_us=24 encode_us=63 acquire_us=73 submit_us=43816 skipped=0 gpu_q=0
frust_shell_common::perf: frust-perf raw n=17 total_us=36137 rebuild_us=463 layout_us=27 paint_us=33 encode_us=48 acquire_us=60 submit_us=35502 skipped=0 gpu_q=0
frust_shell_common::perf: frust-perf raw n=18 total_us=46737 rebuild_us=445 layout_us=24 paint_us=29 encode_us=48 acquire_us=78 submit_us=46110 skipped=0 gpu_q=0
frust_shell_common::perf: frust-perf raw n=19 total_us=36409 rebuild_us=420 layout_us=24 paint_us=25 encode_us=60 acquire_us=61 submit_us=35816 skipped=0 gpu_q=0
frust_shell_common::perf: frust-perf raw n=20 total_us=46966 rebuild_us=416 layout_us=21 paint_us=25 encode_us=84 acquire_us=116 submit_us=46302 skipped=0 gpu_q=0
frust_shell_common::perf: frust-perf raw n=21 total_us=36285 rebuild_us=443 layout_us=22 paint_us=23 encode_us=56 acquire_us=64 submit_us=35675 skipped=0 gpu_q=0
frust_shell_common::perf: frust-perf raw n=22 total_us=45369 rebuild_us=442 layout_us=25 paint_us=26 encode_us=63 acquire_us=80 submit_us=44730 skipped=0 gpu_q=0
frust_shell_common::perf: frust-perf raw n=23 total_us=36342 rebuild_us=575 layout_us=33 paint_us=27 encode_us=61 acquire_us=79 submit_us=35564 skipped=0 gpu_q=0
frust_shell_common::perf: frust-perf raw n=24 total_us=47024 rebuild_us=620 layout_us=38 paint_us=28 encode_us=70 acquire_us=85 submit_us=46181 skipped=0 gpu_q=0
frust_shell_common::perf: frust-perf raw n=25 total_us=37357 rebuild_us=532 layout_us=26 paint_us=79 encode_us=58 acquire_us=69 submit_us=36590 skipped=0 gpu_q=0
frust_shell_android::app::frame: frust-perf platform-view tail depth=0 target=0 acquire_bound=false frame=120 expected_present_us=0 acquire_us=73 period_us=11136
frust_shell_common::perf: frust-perf raw n=26 total_us=92804 rebuild_us=352 layout_us=13 paint_us=20 encode_us=57 acquire_us=61 submit_us=92299 skipped=0 gpu_q=0
frust_shell_common::perf: frust-perf raw n=27 total_us=94516 rebuild_us=467 layout_us=19 paint_us=24 encode_us=70 acquire_us=70 submit_us=93864 skipped=0 gpu_q=0
frust_shell_common::perf: frust-perf raw n=28 total_us=98884 rebuild_us=415 layout_us=15 paint_us=23 encode_us=78 acquire_us=99 submit_us=98253 skipped=0 gpu_q=0
frust_shell_common::perf: frust-perf raw n=29 total_us=93126 rebuild_us=423 layout_us=15 paint_us=22 encode_us=74 acquire_us=80 submit_us=92508 skipped=0 gpu_q=0
frust_shell_common::perf: frust-perf raw n=30 total_us=99646 rebuild_us=410 layout_us=15 paint_us=22 encode_us=77 acquire_us=86 submit_us=99034 skipped=0 gpu_q=0
frust_shell_common::perf: frust-perf raw n=31 total_us=98261 rebuild_us=604 layout_us=32 paint_us=34 encode_us=74 acquire_us=83 submit_us=97431 skipped=0 gpu_q=0
frust_shell_common::perf: frust-perf raw n=32 total_us=96054 rebuild_us=409 layout_us=14 paint_us=22 encode_us=104 acquire_us=94 submit_us=95409 skipped=0 gpu_q=0
frust_shell_common::perf: frust-perf raw n=33 total_us=95816 rebuild_us=423 layout_us=16 paint_us=22 encode_us=89 acquire_us=101 submit_us=95162 skipped=0 gpu_q=0
frust_shell_common::perf: frust-perf raw n=34 total_us=97788 rebuild_us=638 layout_us=25 paint_us=33 encode_us=100 acquire_us=93 submit_us=96897 skipped=0 gpu_q=0
frust_shell_common::perf: frust-perf frame n=34 total_p50_ms=45 total_p95_ms=108 total_p99_ms=119 rebuild_p95_ms=0 layout_p95_ms=0 paint_p95_ms=0 encode_p95_ms=0 acquire_p95_ms=0 submit_p95_ms=107 over_60hz=34 over_120hz=34 skipped=0 total_frames=34
frust_shell_common::perf: frust-perf raw n=35 total_us=97008 rebuild_us=620 layout_us=19 paint_us=30 encode_us=98 acquire_us=106 submit_us=96132 skipped=0 gpu_q=0
frust_shell_common::perf: frust-perf raw n=36 total_us=93166 rebuild_us=697 layout_us=26 paint_us=34 encode_us=96 acquire_us=89 submit_us=92222 skipped=0 gpu_q=0
frust_shell_common::perf: frust-perf raw n=37 total_us=97524 rebuild_us=570 layout_us=19 paint_us=30 encode_us=97 acquire_us=103 submit_us=96703 skipped=0 gpu_q=0
frust_shell_common::perf: frust-perf raw n=38 total_us=93891 rebuild_us=674 layout_us=28 paint_us=36 encode_us=96 acquire_us=100 submit_us=92954 skipped=0 gpu_q=0
frust_shell_common::perf: frust-perf raw n=39 total_us=95109 rebuild_us=559 layout_us=19 paint_us=29 encode_us=101 acquire_us=104 submit_us=94295 skipped=0 gpu_q=0
frust_shell_android::app::frame: frust-perf platform-view tail depth=0 target=0 acquire_bound=false frame=240 expected_present_us=0 acquire_us=131 period_us=11250
frust_shell_common::perf: frust-perf raw n=40 total_us=103601 rebuild_us=715 layout_us=29 paint_us=35 encode_us=164 acquire_us=235 submit_us=102420 skipped=0 gpu_q=0
frust_shell_common::perf: frust-perf raw n=41 total_us=97920 rebuild_us=692 layout_us=30 paint_us=35 encode_us=109 acquire_us=113 submit_us=96939 skipped=0 gpu_q=0
frust_shell_common::perf: frust-perf raw n=42 total_us=95053 rebuild_us=792 layout_us=30 paint_us=42 encode_us=99 acquire_us=104 submit_us=93984 skipped=0 gpu_q=0
frust_shell_common::perf: frust-perf raw n=43 total_us=97398 rebuild_us=611 layout_us=23 paint_us=34 encode_us=104 acquire_us=133 submit_us=96490 skipped=0 gpu_q=0
frust_shell_common::perf: frust-perf raw n=44 total_us=97263 rebuild_us=686 layout_us=28 paint_us=36 encode_us=129 acquire_us=92 submit_us=96288 skipped=0 gpu_q=0
frust_shell_common::perf: frust-perf raw n=45 total_us=95625 rebuild_us=603 layout_us=23 paint_us=31 encode_us=137 acquire_us=125 submit_us=94703 skipped=0 gpu_q=0
frust_shell_common::perf: frust-perf raw n=46 total_us=97554 rebuild_us=618 layout_us=24 paint_us=34 encode_us=102 acquire_us=106 submit_us=96668 skipped=0 gpu_q=0
frust_shell_common::perf: frust-perf raw n=47 total_us=94311 rebuild_us=693 layout_us=29 paint_us=35 encode_us=96 acquire_us=101 submit_us=93356 skipped=0 gpu_q=0
frust_shell_common::perf: frust-perf raw n=48 total_us=96144 rebuild_us=615 layout_us=23 paint_us=36 encode_us=105 acquire_us=94 submit_us=95268 skipped=0 gpu_q=0
frust_shell_common::perf: frust-perf raw n=49 total_us=97401 rebuild_us=704 layout_us=29 paint_us=36 encode_us=168 acquire_us=201 submit_us=96261 skipped=0 gpu_q=0
frust_shell_common::perf: frust-perf raw n=50 total_us=97933 rebuild_us=643 layout_us=26 paint_us=34 encode_us=93 acquire_us=90 submit_us=97045 skipped=0 gpu_q=0
frust_shell_common::perf: frust-perf raw n=51 total_us=99118 rebuild_us=634 layout_us=25 paint_us=32 encode_us=99 acquire_us=105 submit_us=98220 skipped=0 gpu_q=0
frust_shell_common::perf: frust-perf raw n=52 total_us=97468 rebuild_us=677 layout_us=27 paint_us=36 encode_us=115 acquire_us=98 submit_us=96511 skipped=0 gpu_q=0
frust_shell_common::perf: frust-perf raw n=53 total_us=94680 rebuild_us=691 layout_us=28 paint_us=37 encode_us=105 acquire_us=115 submit_us=93702 skipped=0 gpu_q=0
frust_shell_common::perf: frust-perf raw n=54 total_us=96859 rebuild_us=675 layout_us=24 paint_us=33 encode_us=102 acquire_us=101 submit_us=95922 skipped=0 gpu_q=0
frust_shell_android::app::frame: frust-perf platform-view tail depth=0 target=0 acquire_bound=false frame=360 expected_present_us=0 acquire_us=102 period_us=11182
frust_shell_common::perf: frust-perf raw n=55 total_us=98173 rebuild_us=693 layout_us=28 paint_us=35 encode_us=102 acquire_us=87 submit_us=97225 skipped=0 gpu_q=0
frust_shell_common::perf: frust-perf frame n=55 total_p50_ms=94 total_p95_ms=103 total_p99_ms=119 rebuild_p95_ms=0 layout_p95_ms=0 paint_p95_ms=0 encode_p95_ms=0 acquire_p95_ms=0 submit_p95_ms=102 over_60hz=55 over_120hz=55 skipped=0 total_frames=55
frust_shell_common::perf: frust-perf raw n=56 total_us=97089 rebuild_us=645 layout_us=23 paint_us=34 encode_us=101 acquire_us=105 submit_us=96178 skipped=0 gpu_q=0
frust_shell_common::perf: frust-perf raw n=57 total_us=98060 rebuild_us=654 layout_us=23 paint_us=38 encode_us=184 acquire_us=209 submit_us=96950 skipped=0 gpu_q=0
frust_shell_common::perf: frust-perf raw n=58 total_us=94037 rebuild_us=707 layout_us=28 paint_us=40 encode_us=103 acquire_us=109 submit_us=93048 skipped=0 gpu_q=0
frust_shell_common::perf: frust-perf raw n=59 total_us=96438 rebuild_us=588 layout_us=60 paint_us=33 encode_us=117 acquire_us=114 submit_us=95523 skipped=0 gpu_q=0
frust_shell_common::perf: frust-perf raw n=60 total_us=95653 rebuild_us=664 layout_us=23 paint_us=34 encode_us=101 acquire_us=92 submit_us=94736 skipped=0 gpu_q=0
frust_shell_common::perf: frust-perf raw n=61 total_us=98964 rebuild_us=596 layout_us=21 paint_us=31 encode_us=101 acquire_us=87 submit_us=98125 skipped=0 gpu_q=0
frust_shell_common::perf: frust-perf raw n=62 total_us=96353 rebuild_us=592 layout_us=22 paint_us=31 encode_us=98 acquire_us=96 submit_us=95511 skipped=0 gpu_q=0
frust_shell_common::perf: frust-perf raw n=63 total_us=94632 rebuild_us=688 layout_us=27 paint_us=34 encode_us=95 acquire_us=87 submit_us=93698 skipped=0 gpu_q=0
frust_shell_common::perf: frust-perf raw n=64 total_us=93844 rebuild_us=581 layout_us=25 paint_us=29 encode_us=99 acquire_us=100 submit_us=93007 skipped=0 gpu_q=0
frust_shell_common::perf: frust-perf raw n=65 total_us=93568 rebuild_us=608 layout_us=22 paint_us=32 encode_us=97 acquire_us=108 submit_us=92700 skipped=0 gpu_q=0
frust_shell_common::perf: frust-perf raw n=66 total_us=101866 rebuild_us=603 layout_us=26 paint_us=32 encode_us=174 acquire_us=133 submit_us=100896 skipped=0 gpu_q=0
frust_shell_common::perf: frust-perf raw n=67 total_us=96707 rebuild_us=630 layout_us=39 paint_us=32 encode_us=98 acquire_us=106 submit_us=95800 skipped=0 gpu_q=0
frust_shell_common::perf: frust-perf raw n=68 total_us=96290 rebuild_us=646 layout_us=25 paint_us=33 encode_us=99 acquire_us=93 submit_us=95390 skipped=0 gpu_q=0
frust_shell_common::perf: frust-perf raw n=69 total_us=98499 rebuild_us=604 layout_us=21 paint_us=31 encode_us=105 acquire_us=114 submit_us=97622 skipped=0 gpu_q=0
frust_shell_android::app::frame: frust-perf platform-view tail depth=0 target=0 acquire_bound=false frame=480 expected_present_us=0 acquire_us=102 period_us=12022
frust_shell_common::perf: frust-perf raw n=70 total_us=98804 rebuild_us=579 layout_us=21 paint_us=31 encode_us=101 acquire_us=93 submit_us=97977 skipped=0 gpu_q=0
frust_shell_common::perf: frust-perf raw n=71 total_us=96432 rebuild_us=661 layout_us=27 paint_us=35 encode_us=105 acquire_us=101 submit_us=95500 skipped=0 gpu_q=0
frust_shell_common::perf: frust-perf raw n=72 total_us=96202 rebuild_us=771 layout_us=33 paint_us=39 encode_us=99 acquire_us=103 submit_us=95154 skipped=0 gpu_q=0
frust_shell_common::perf: frust-perf raw n=73 total_us=94503 rebuild_us=584 layout_us=21 paint_us=30 encode_us=100 acquire_us=97 submit_us=93669 skipped=0 gpu_q=0
frust_shell_common::perf: frust-perf raw n=74 total_us=97208 rebuild_us=732 layout_us=32 paint_us=38 encode_us=93 acquire_us=95 submit_us=96216 skipped=0 gpu_q=0
frust_shell_common::perf: frust-perf raw n=75 total_us=98432 rebuild_us=595 layout_us=21 paint_us=30 encode_us=99 acquire_us=105 submit_us=97579 skipped=0 gpu_q=0
frust_shell_common::perf: frust-perf raw n=76 total_us=95937 rebuild_us=730 layout_us=32 paint_us=36 encode_us=99 acquire_us=105 submit_us=94932 skipped=0 gpu_q=0
frust_shell_common::perf: frust-perf frame n=76 total_p50_ms=95 total_p95_ms=102 total_p99_ms=119 rebuild_p95_ms=0 layout_p95_ms=0 paint_p95_ms=0 encode_p95_ms=0 acquire_p95_ms=0 submit_p95_ms=102 over_60hz=76 over_120hz=76 skipped=0 total_frames=76
frust_shell_common::perf: frust-perf raw n=77 total_us=96837 rebuild_us=701 layout_us=36 paint_us=37 encode_us=92 acquire_us=106 submit_us=95862 skipped=0 gpu_q=0
frust_shell_common::perf: frust-perf raw n=78 total_us=96825 rebuild_us=606 layout_us=20 paint_us=30 encode_us=170 acquire_us=189 submit_us=95806 skipped=0 gpu_q=0
frust_shell_common::perf: frust-perf raw n=79 total_us=99806 rebuild_us=728 layout_us=29 paint_us=37 encode_us=112 acquire_us=113 submit_us=98785 skipped=0 gpu_q=0
frust_shell_common::perf: frust-perf raw n=80 total_us=98137 rebuild_us=699 layout_us=29 paint_us=37 encode_us=147 acquire_us=108 submit_us=97114 skipped=0 gpu_q=0
frust_shell_common::perf: frust-perf raw n=81 total_us=95116 rebuild_us=588 layout_us=21 paint_us=31 encode_us=106 acquire_us=104 submit_us=94264 skipped=0 gpu_q=0
frust_shell_common::perf: frust-perf raw n=82 total_us=96307 rebuild_us=606 layout_us=20 paint_us=31 encode_us=102 acquire_us=122 submit_us=95424 skipped=0 gpu_q=0
frust_shell_common::perf: frust-perf raw n=83 total_us=97489 rebuild_us=865 layout_us=36 paint_us=43 encode_us=100 acquire_us=103 submit_us=96339 skipped=0 gpu_q=0
frust_shell_android::app::frame: frust-perf platform-view tail depth=0 target=0 acquire_bound=false frame=600 expected_present_us=0 acquire_us=112 period_us=11724
frust_shell_common::perf: frust-perf raw n=84 total_us=95681 rebuild_us=613 layout_us=23 paint_us=35 encode_us=105 acquire_us=114 submit_us=94788 skipped=0 gpu_q=0
frust_shell_common::perf: frust-perf raw n=85 total_us=98932 rebuild_us=704 layout_us=28 paint_us=35 encode_us=99 acquire_us=104 submit_us=97960 skipped=0 gpu_q=0
frust_shell_common::perf: frust-perf raw n=86 total_us=98753 rebuild_us=783 layout_us=36 paint_us=53 encode_us=98 acquire_us=96 submit_us=97684 skipped=0 gpu_q=0
frust_shell_common::perf: frust-perf raw n=87 total_us=96794 rebuild_us=614 layout_us=23 paint_us=32 encode_us=102 acquire_us=100 submit_us=95919 skipped=0 gpu_q=0
frust_shell_common::perf: frust-perf raw n=88 total_us=96038 rebuild_us=595 layout_us=24 paint_us=32 encode_us=103 acquire_us=95 submit_us=95186 skipped=0 gpu_q=0
frust_shell_common::perf: frust-perf raw n=89 total_us=97393 rebuild_us=725 layout_us=32 paint_us=46 encode_us=165 acquire_us=235 submit_us=96187 skipped=0 gpu_q=0
frust_shell_common::perf: frust-perf raw n=90 total_us=96298 rebuild_us=628 layout_us=23 paint_us=33 encode_us=105 acquire_us=103 submit_us=95404 skipped=0 gpu_q=0
frust_shell_common::perf: frust-perf raw n=91 total_us=93758 rebuild_us=679 layout_us=29 paint_us=37 encode_us=100 acquire_us=126 submit_us=92785 skipped=0 gpu_q=0
frust_shell_common::perf: frust-perf raw n=92 total_us=97091 rebuild_us=589 layout_us=22 paint_us=32 encode_us=102 acquire_us=96 submit_us=96248 skipped=0 gpu_q=0
frust_shell_common::perf: frust-perf raw n=93 total_us=95864 rebuild_us=705 layout_us=28 paint_us=37 encode_us=100 acquire_us=100 submit_us=94892 skipped=0 gpu_q=0
frust_shell_common::perf: frust-perf raw n=94 total_us=99727 rebuild_us=611 layout_us=22 paint_us=33 encode_us=101 acquire_us=108 submit_us=98849 skipped=0 gpu_q=0
frust_shell_common::perf: frust-perf raw n=95 total_us=92782 rebuild_us=614 layout_us=23 paint_us=34 encode_us=102 acquire_us=107 submit_us=91900 skipped=0 gpu_q=0
frust_shell_common::perf: frust-perf raw n=96 total_us=96618 rebuild_us=596 layout_us=24 paint_us=33 encode_us=103 acquire_us=116 submit_us=95742 skipped=0 gpu_q=0
frust_shell_common::perf: frust-perf raw n=97 total_us=99325 rebuild_us=685 layout_us=28 paint_us=36 encode_us=103 acquire_us=95 submit_us=98375 skipped=0 gpu_q=0
frust_shell_common::perf: frust-perf frame n=97 total_p50_ms=96 total_p95_ms=101 total_p99_ms=119 rebuild_p95_ms=0 layout_p95_ms=0 paint_p95_ms=0 encode_p95_ms=0 acquire_p95_ms=0 submit_p95_ms=100 over_60hz=97 over_120hz=97 skipped=0 total_frames=97
frust_shell_common::perf: frust-perf raw n=98 total_us=95694 rebuild_us=734 layout_us=29 paint_us=36 encode_us=109 acquire_us=105 submit_us=94680 skipped=0 gpu_q=0
frust_shell_android::app::frame: frust-perf platform-view tail depth=0 target=0 acquire_bound=false frame=720 expected_present_us=0 acquire_us=103 period_us=12471
frust_shell_common::perf: frust-perf raw n=99 total_us=97576 rebuild_us=770 layout_us=33 paint_us=42 encode_us=101 acquire_us=94 submit_us=96533 skipped=0 gpu_q=0
frust_shell_common::perf: frust-perf raw n=100 total_us=93768 rebuild_us=585 layout_us=21 paint_us=88 encode_us=102 acquire_us=109 submit_us=92861 skipped=0 gpu_q=0
frust_shell_common::perf: frust-perf raw n=101 total_us=95172 rebuild_us=573 layout_us=22 paint_us=31 encode_us=100 acquire_us=105 submit_us=94339 skipped=0 gpu_q=0
frust_shell_common::perf: frust-perf raw n=102 total_us=97935 rebuild_us=619 layout_us=24 paint_us=32 encode_us=645 acquire_us=279 submit_us=96331 skipped=0 gpu_q=0
frust_shell_common::perf: frust-perf raw n=103 total_us=94738 rebuild_us=718 layout_us=27 paint_us=36 encode_us=98 acquire_us=94 submit_us=93762 skipped=0 gpu_q=0
frust_shell_common::perf: frust-perf raw n=104 total_us=96511 rebuild_us=586 layout_us=22 paint_us=31 encode_us=102 acquire_us=99 submit_us=95669 skipped=0 gpu_q=0
frust_shell_common::perf: frust-perf raw n=105 total_us=95446 rebuild_us=583 layout_us=21 paint_us=31 encode_us=100 acquire_us=111 submit_us=94596 skipped=0 gpu_q=0
frust_shell_common::perf: frust-perf raw n=106 total_us=93890 rebuild_us=627 layout_us=24 paint_us=34 encode_us=100 acquire_us=108 submit_us=92994 skipped=0 gpu_q=0
frust_shell_common::perf: frust-perf raw n=107 total_us=94073 rebuild_us=677 layout_us=28 paint_us=36 encode_us=102 acquire_us=102 submit_us=93126 skipped=0 gpu_q=0
frust_shell_common::perf: frust-perf raw n=108 total_us=95975 rebuild_us=583 layout_us=21 paint_us=30 encode_us=97 acquire_us=111 submit_us=95131 skipped=0 gpu_q=0
frust_shell_common::perf: frust-perf raw n=109 total_us=97192 rebuild_us=617 layout_us=23 paint_us=32 encode_us=113 acquire_us=110 submit_us=96295 skipped=0 gpu_q=0
frust_shell_common::perf: frust-perf raw n=110 total_us=97093 rebuild_us=664 layout_us=24 paint_us=34 encode_us=97 acquire_us=104 submit_us=96168 skipped=0 gpu_q=0
frust_shell_common::perf: frust-perf raw n=111 total_us=96564 rebuild_us=583 layout_us=22 paint_us=29 encode_us=100 acquire_us=107 submit_us=95720 skipped=0 gpu_q=0
frust_shell_common::perf: frust-perf raw n=112 total_us=97226 rebuild_us=667 layout_us=29 paint_us=34 encode_us=192 acquire_us=185 submit_us=96116 skipped=0 gpu_q=0
frust_shell_android::app::frame: frust-perf platform-view tail depth=0 target=0 acquire_bound=false frame=840 expected_present_us=0 acquire_us=116 period_us=12644
frust_shell_common::perf: frust-perf raw n=113 total_us=97012 rebuild_us=609 layout_us=20 paint_us=31 encode_us=88 acquire_us=85 submit_us=96176 skipped=0 gpu_q=0
frust_shell_common::perf: frust-perf raw n=114 total_us=97726 rebuild_us=694 layout_us=26 paint_us=36 encode_us=100 acquire_us=113 submit_us=96755 skipped=0 gpu_q=0
frust_shell_common::perf: frust-perf raw n=115 total_us=95740 rebuild_us=665 layout_us=30 paint_us=37 encode_us=98 acquire_us=96 submit_us=94814 skipped=0 gpu_q=0
frust_shell_common::perf: frust-perf raw n=116 total_us=95585 rebuild_us=569 layout_us=21 paint_us=29 encode_us=100 acquire_us=101 submit_us=94762 skipped=0 gpu_q=0
frust_shell_common::perf: frust-perf raw n=117 total_us=95816 rebuild_us=580 layout_us=20 paint_us=30 encode_us=345 acquire_us=312 submit_us=94527 skipped=0 gpu_q=0
frust_shell_common::perf: frust-perf raw n=118 total_us=95552 rebuild_us=586 layout_us=22 paint_us=31 encode_us=104 acquire_us=97 submit_us=94708 skipped=0 gpu_q=0
frust_shell_common::perf: frust-perf frame n=118 total_p50_ms=96 total_p95_ms=99 total_p99_ms=108 rebuild_p95_ms=0 layout_p95_ms=0 paint_p95_ms=0 encode_p95_ms=0 acquire_p95_ms=0 submit_p95_ms=99 over_60hz=118 over_120hz=118 skipped=0 total_frames=118
frust_shell_common::perf: frust-perf raw n=119 total_us=98208 rebuild_us=591 layout_us=21 paint_us=31 encode_us=98 acquire_us=106 submit_us=97359 skipped=0 gpu_q=0
frust_shell_common::perf: frust-perf raw n=120 total_us=99518 rebuild_us=666 layout_us=27 paint_us=37 encode_us=97 acquire_us=90 submit_us=98598 skipped=0 gpu_q=0
frust_shell_common::perf: frust-perf raw n=121 total_us=96321 rebuild_us=736 layout_us=28 paint_us=34 encode_us=164 acquire_us=201 submit_us=95155 skipped=0 gpu_q=0
frust_shell_common::perf: frust-perf raw n=122 total_us=97979 rebuild_us=588 layout_us=21 paint_us=29 encode_us=99 acquire_us=115 submit_us=97124 skipped=0 gpu_q=0
frust_shell_common::perf: frust-perf raw n=123 total_us=101032 rebuild_us=695 layout_us=27 paint_us=34 encode_us=98 acquire_us=101 submit_us=100073 skipped=0 gpu_q=0
frust_shell_common::perf: frust-perf raw n=124 total_us=93368 rebuild_us=746 layout_us=28 paint_us=39 encode_us=101 acquire_us=91 submit_us=92361 skipped=0 gpu_q=0
frust_shell_common::perf: frust-perf raw n=125 total_us=97359 rebuild_us=583 layout_us=20 paint_us=30 encode_us=101 acquire_us=105 submit_us=96516 skipped=0 gpu_q=0
frust_shell_common::perf: frust-perf raw n=126 total_us=97562 rebuild_us=564 layout_us=19 paint_us=30 encode_us=107 acquire_us=131 submit_us=96711 skipped=0 gpu_q=0
frust_shell_common::perf: frust-perf raw n=127 total_us=99618 rebuild_us=673 layout_us=29 paint_us=34 encode_us=94 acquire_us=101 submit_us=98685 skipped=0 gpu_q=0
frust_shell_android::app::frame: frust-perf platform-view tail depth=0 target=0 acquire_bound=false frame=960 expected_present_us=0 acquire_us=119 period_us=11440
frust_shell_common::perf: frust-perf raw n=128 total_us=100368 rebuild_us=690 layout_us=39 paint_us=40 encode_us=156 acquire_us=140 submit_us=99302 skipped=0 gpu_q=0
frust_shell_common::perf: frust-perf raw n=129 total_us=98302 rebuild_us=598 layout_us=22 paint_us=32 encode_us=99 acquire_us=158 submit_us=97391 skipped=0 gpu_q=0
frust_shell_common::perf: frust-perf raw n=130 total_us=96039 rebuild_us=576 layout_us=20 paint_us=30 encode_us=102 acquire_us=100 submit_us=95208 skipped=0 gpu_q=0
frust_shell_common::perf: frust-perf raw n=131 total_us=94383 rebuild_us=669 layout_us=25 paint_us=33 encode_us=97 acquire_us=90 submit_us=93467 skipped=0 gpu_q=0
frust_shell_common::perf: frust-perf raw n=132 total_us=99600 rebuild_us=569 layout_us=20 paint_us=30 encode_us=99 acquire_us=101 submit_us=98777 skipped=0 gpu_q=0
frust_shell_common::perf: frust-perf raw n=133 total_us=92701 rebuild_us=673 layout_us=28 paint_us=34 encode_us=110 acquire_us=123 submit_us=91731 skipped=0 gpu_q=0
frust_shell_common::perf: frust-perf raw n=134 total_us=95969 rebuild_us=585 layout_us=22 paint_us=32 encode_us=121 acquire_us=111 submit_us=95096 skipped=0 gpu_q=0
frust_shell_common::perf: frust-perf raw n=135 total_us=94709 rebuild_us=572 layout_us=20 paint_us=29 encode_us=100 acquire_us=94 submit_us=93891 skipped=0 gpu_q=0
frust_shell_common::perf: frust-perf raw n=136 total_us=98681 rebuild_us=642 layout_us=23 paint_us=33 encode_us=101 acquire_us=89 submit_us=97791 skipped=0 gpu_q=0
frust_shell_common::perf: frust-perf raw n=137 total_us=95243 rebuild_us=563 layout_us=21 paint_us=29 encode_us=100 acquire_us=99 submit_us=94428 skipped=0 gpu_q=0
frust_shell_common::perf: frust-perf raw n=138 total_us=95072 rebuild_us=738 layout_us=29 paint_us=36 encode_us=98 acquire_us=92 submit_us=94077 skipped=0 gpu_q=0
frust_shell_common::perf: frust-perf raw n=139 total_us=98047 rebuild_us=571 layout_us=19 paint_us=30 encode_us=110 acquire_us=114 submit_us=97202 skipped=0 gpu_q=0
frust_shell_common::perf: frust-perf frame n=120 total_p50_ms=96 total_p95_ms=99 total_p99_ms=101 rebuild_p95_ms=0 layout_p95_ms=0 paint_p95_ms=0 encode_p95_ms=0 acquire_p95_ms=0 submit_p95_ms=98 over_60hz=139 over_120hz=139 skipped=0 total_frames=139
frust_shell_common::perf: frust-perf raw n=140 total_us=94971 rebuild_us=715 layout_us=32 paint_us=39 encode_us=156 acquire_us=200 submit_us=93828 skipped=0 gpu_q=0
frust_shell_common::perf: frust-perf raw n=141 total_us=98022 rebuild_us=574 layout_us=22 paint_us=30 encode_us=107 acquire_us=110 submit_us=97176 skipped=0 gpu_q=0
frust_shell_android::app::frame: frust-perf platform-view tail depth=0 target=0 acquire_bound=false frame=1080 expected_present_us=0 acquire_us=117 period_us=11262
frust_shell_common::perf: frust-perf raw n=142 total_us=95417 rebuild_us=573 layout_us=21 paint_us=30 encode_us=101 acquire_us=103 submit_us=94586 skipped=0 gpu_q=0
frust_shell_common::perf: frust-perf raw n=143 total_us=96271 rebuild_us=708 layout_us=29 paint_us=33 encode_us=99 acquire_us=114 submit_us=95285 skipped=0 gpu_q=0
frust_shell_common::perf: frust-perf raw n=144 total_us=97039 rebuild_us=597 layout_us=21 paint_us=34 encode_us=104 acquire_us=97 submit_us=96182 skipped=0 gpu_q=0
frust_shell_common::perf: frust-perf raw n=145 total_us=94958 rebuild_us=590 layout_us=21 paint_us=31 encode_us=100 acquire_us=97 submit_us=94116 skipped=0 gpu_q=0
frust_shell_common::perf: frust-perf raw n=146 total_us=98287 rebuild_us=714 layout_us=28 paint_us=35 encode_us=100 acquire_us=107 submit_us=97300 skipped=0 gpu_q=0
frust_shell_common::perf: frust-perf raw n=147 total_us=96152 rebuild_us=352 layout_us=16 paint_us=17 encode_us=59 acquire_us=60 submit_us=95646 skipped=0 gpu_q=0
frust_shell_common::perf: frust-perf raw n=148 total_us=94646 rebuild_us=598 layout_us=23 paint_us=33 encode_us=103 acquire_us=104 submit_us=93783 skipped=0 gpu_q=0
frust_shell_common::perf: frust-perf raw n=149 total_us=97278 rebuild_us=646 layout_us=27 paint_us=34 encode_us=100 acquire_us=108 submit_us=96359 skipped=0 gpu_q=0
frust_shell_common::perf: frust-perf raw n=150 total_us=95522 rebuild_us=687 layout_us=27 paint_us=34 encode_us=95 acquire_us=100 submit_us=94575 skipped=0 gpu_q=0
frust_shell_common::perf: frust-perf raw n=151 total_us=97323 rebuild_us=616 layout_us=24 paint_us=31 encode_us=102 acquire_us=93 submit_us=96454 skipped=0 gpu_q=0
frust_shell_common::perf: frust-perf raw n=152 total_us=97198 rebuild_us=621 layout_us=23 paint_us=33 encode_us=101 acquire_us=109 submit_us=96309 skipped=0 gpu_q=0
frust_shell_common::perf: frust-perf raw n=153 total_us=94319 rebuild_us=659 layout_us=25 paint_us=36 encode_us=101 acquire_us=90 submit_us=93405 skipped=0 gpu_q=0
frust_shell_common::perf: frust-perf raw n=154 total_us=98361 rebuild_us=643 layout_us=23 paint_us=33 encode_us=103 acquire_us=112 submit_us=97445 skipped=0 gpu_q=0
frust_shell_common::perf: frust-perf raw n=155 total_us=96627 rebuild_us=699 layout_us=26 paint_us=37 encode_us=100 acquire_us=89 submit_us=95673 skipped=0 gpu_q=0
frust_shell_common::perf: frust-perf raw n=156 total_us=98858 rebuild_us=767 layout_us=33 paint_us=40 encode_us=97 acquire_us=105 submit_us=97813 skipped=0 gpu_q=0
frust_shell_android::app::frame: frust-perf platform-view tail depth=0 target=0 acquire_bound=false frame=1200 expected_present_us=0 acquire_us=118 period_us=11634
frust_shell_common::perf: frust-perf raw n=157 total_us=93456 rebuild_us=606 layout_us=34 paint_us=32 encode_us=167 acquire_us=178 submit_us=92436 skipped=0 gpu_q=0
frust_shell_common::perf: frust-perf raw n=158 total_us=97043 rebuild_us=687 layout_us=28 paint_us=36 encode_us=103 acquire_us=111 submit_us=96076 skipped=0 gpu_q=0
frust_shell_common::perf: frust-perf raw n=159 total_us=95533 rebuild_us=671 layout_us=29 paint_us=39 encode_us=101 acquire_us=101 submit_us=94590 skipped=0 gpu_q=0
frust_shell_common::perf: frust-perf raw n=160 total_us=95547 rebuild_us=593 layout_us=22 paint_us=32 encode_us=99 acquire_us=108 submit_us=94690 skipped=0 gpu_q=0
frust_shell_common::perf: frust-perf frame n=120 total_p50_ms=96 total_p95_ms=99 total_p99_ms=101 rebuild_p95_ms=0 layout_p95_ms=0 paint_p95_ms=0 encode_p95_ms=0 acquire_p95_ms=0 submit_p95_ms=98 over_60hz=160 over_120hz=160 skipped=0 total_frames=160
frust_shell_common::perf: frust-perf raw n=161 total_us=93671 rebuild_us=636 layout_us=27 paint_us=35 encode_us=102 acquire_us=109 submit_us=92761 skipped=0 gpu_q=0
frust_shell_common::perf: frust-perf raw n=162 total_us=93894 rebuild_us=597 layout_us=22 paint_us=32 encode_us=101 acquire_us=93 submit_us=93046 skipped=0 gpu_q=0
frust_shell_common::perf: frust-perf raw n=163 total_us=96573 rebuild_us=649 layout_us=27 paint_us=38 encode_us=101 acquire_us=92 submit_us=95664 skipped=0 gpu_q=0
frust_shell_common::perf: frust-perf raw n=164 total_us=98801 rebuild_us=692 layout_us=26 paint_us=36 encode_us=96 acquire_us=102 submit_us=97847 skipped=0 gpu_q=0
frust_shell_common::perf: frust-perf raw n=165 total_us=97221 rebuild_us=742 layout_us=28 paint_us=51 encode_us=99 acquire_us=132 submit_us=96167 skipped=0 gpu_q=0
frust_shell_common::perf: frust-perf raw n=166 total_us=99096 rebuild_us=576 layout_us=21 paint_us=31 encode_us=104 acquire_us=97 submit_us=98264 skipped=0 gpu_q=0
frust_shell_common::perf: frust-perf raw n=167 total_us=96487 rebuild_us=677 layout_us=26 paint_us=36 encode_us=99 acquire_us=99 submit_us=95548 skipped=0 gpu_q=0
frust_shell_common::perf: frust-perf raw n=168 total_us=96644 rebuild_us=677 layout_us=27 paint_us=36 encode_us=97 acquire_us=105 submit_us=95700 skipped=0 gpu_q=0
frust_shell_common::perf: frust-perf raw n=169 total_us=98190 rebuild_us=618 layout_us=21 paint_us=29 encode_us=171 acquire_us=150 submit_us=97199 skipped=0 gpu_q=0
frust_shell_common::perf: frust-perf raw n=170 total_us=97024 rebuild_us=634 layout_us=24 paint_us=32 encode_us=99 acquire_us=95 submit_us=96137 skipped=0 gpu_q=0
frust_shell_android::app::frame: frust-perf platform-view tail depth=0 target=0 acquire_bound=false frame=1320 expected_present_us=0 acquire_us=106 period_us=11254
frust_shell_common::perf: frust-perf raw n=171 total_us=96325 rebuild_us=693 layout_us=27 paint_us=36 encode_us=96 acquire_us=97 submit_us=95373 skipped=0 gpu_q=0
frust_shell_common::perf: frust-perf raw n=172 total_us=96745 rebuild_us=631 layout_us=21 paint_us=30 encode_us=97 acquire_us=97 submit_us=95866 skipped=0 gpu_q=0
frust_shell_common::perf: frust-perf raw n=173 total_us=96067 rebuild_us=673 layout_us=24 paint_us=34 encode_us=109 acquire_us=105 submit_us=95120 skipped=0 gpu_q=0
frust_shell_common::perf: frust-perf raw n=174 total_us=96980 rebuild_us=748 layout_us=29 paint_us=40 encode_us=94 acquire_us=98 submit_us=95970 skipped=0 gpu_q=0
frust_shell_common::perf: frust-perf raw n=175 total_us=98293 rebuild_us=628 layout_us=21 paint_us=31 encode_us=100 acquire_us=110 submit_us=97401 skipped=0 gpu_q=0
frust_shell_common::perf: frust-perf raw n=176 total_us=98166 rebuild_us=714 layout_us=27 paint_us=35 encode_us=109 acquire_us=128 submit_us=97152 skipped=0 gpu_q=0
frust_shell_common::perf: frust-perf raw n=177 total_us=98082 rebuild_us=681 layout_us=27 paint_us=34 encode_us=98 acquire_us=96 submit_us=97143 skipped=0 gpu_q=0
frust_shell_common::perf: frust-perf raw n=178 total_us=96598 rebuild_us=587 layout_us=23 paint_us=32 encode_us=102 acquire_us=111 submit_us=95740 skipped=0 gpu_q=0
frust_shell_common::perf: frust-perf raw n=179 total_us=97455 rebuild_us=569 layout_us=21 paint_us=33 encode_us=103 acquire_us=114 submit_us=96611 skipped=0 gpu_q=0
frust_shell_common::perf: frust-perf raw n=180 total_us=96224 rebuild_us=751 layout_us=33 paint_us=37 encode_us=94 acquire_us=119 submit_us=95188 skipped=0 gpu_q=0
frust_shell_common::perf: frust-perf raw n=181 total_us=96885 rebuild_us=565 layout_us=21 paint_us=31 encode_us=110 acquire_us=105 submit_us=96050 skipped=0 gpu_q=0
frust_shell_common::perf: frust-perf frame n=120 total_p50_ms=96 total_p95_ms=99 total_p99_ms=101 rebuild_p95_ms=0 layout_p95_ms=0 paint_p95_ms=0 encode_p95_ms=0 acquire_p95_ms=0 submit_p95_ms=98 over_60hz=181 over_120hz=181 skipped=0 total_frames=181
frust_shell_common::perf: frust-perf raw n=182 total_us=97097 rebuild_us=691 layout_us=29 paint_us=35 encode_us=96 acquire_us=94 submit_us=96149 skipped=0 gpu_q=0
frust_shell_common::perf: frust-perf raw n=183 total_us=98634 rebuild_us=696 layout_us=76 paint_us=39 encode_us=100 acquire_us=92 submit_us=97629 skipped=0 gpu_q=0
frust_shell_common::perf: frust-perf raw n=184 total_us=100221 rebuild_us=582 layout_us=21 paint_us=32 encode_us=91 acquire_us=109 submit_us=99384 skipped=0 gpu_q=0
frust_shell_common::perf: frust-perf raw n=185 total_us=95985 rebuild_us=565 layout_us=21 paint_us=30 encode_us=102 acquire_us=111 submit_us=95154 skipped=0 gpu_q=0
frust_shell_android::app::frame: frust-perf platform-view tail depth=0 target=0 acquire_bound=false frame=1440 expected_present_us=0 acquire_us=103 period_us=11423
frust_shell_common::perf: frust-perf raw n=186 total_us=98703 rebuild_us=570 layout_us=20 paint_us=28 encode_us=98 acquire_us=98 submit_us=97887 skipped=0 gpu_q=0
frust_shell_common::perf: frust-perf raw n=187 total_us=97682 rebuild_us=636 layout_us=25 paint_us=35 encode_us=97 acquire_us=106 submit_us=96780 skipped=0 gpu_q=0
frust_shell_common::perf: frust-perf raw n=188 total_us=98314 rebuild_us=639 layout_us=23 paint_us=34 encode_us=102 acquire_us=107 submit_us=97407 skipped=0 gpu_q=0
frust_shell_common::perf: frust-perf raw n=189 total_us=92430 rebuild_us=574 layout_us=21 paint_us=31 encode_us=102 acquire_us=104 submit_us=91597 skipped=0 gpu_q=0
frust_shell_common::perf: frust-perf raw n=190 total_us=100095 rebuild_us=644 layout_us=24 paint_us=32 encode_us=101 acquire_us=98 submit_us=99194 skipped=0 gpu_q=0
frust_shell_common::perf: frust-perf raw n=191 total_us=97843 rebuild_us=565 layout_us=20 paint_us=30 encode_us=99 acquire_us=120 submit_us=97008 skipped=0 gpu_q=0
frust_shell_common::perf: frust-perf raw n=192 total_us=94012 rebuild_us=600 layout_us=32 paint_us=33 encode_us=101 acquire_us=103 submit_us=93141 skipped=0 gpu_q=0
frust_shell_common::perf: frust-perf raw n=193 total_us=98165 rebuild_us=782 layout_us=34 paint_us=42 encode_us=102 acquire_us=114 submit_us=97088 skipped=0 gpu_q=0
frust_shell_common::perf: frust-perf raw n=194 total_us=98558 rebuild_us=585 layout_us=21 paint_us=30 encode_us=103 acquire_us=109 submit_us=97708 skipped=0 gpu_q=0
frust_shell_common::perf: frust-perf raw n=195 total_us=95221 rebuild_us=601 layout_us=22 paint_us=32 encode_us=100 acquire_us=110 submit_us=94354 skipped=0 gpu_q=0
frust_shell_common::perf: frust-perf raw n=196 total_us=97138 rebuild_us=723 layout_us=34 paint_us=39 encode_us=147 acquire_us=223 submit_us=95970 skipped=0 gpu_q=0
frust_shell_common::perf: frust-perf raw n=197 total_us=101327 rebuild_us=556 layout_us=19 paint_us=29 encode_us=98 acquire_us=110 submit_us=100512 skipped=0 gpu_q=0
frust_shell_common::perf: frust-perf raw n=198 total_us=96173 rebuild_us=690 layout_us=28 paint_us=38 encode_us=102 acquire_us=95 submit_us=95218 skipped=0 gpu_q=0
frust_shell_common::perf: frust-perf raw n=199 total_us=99757 rebuild_us=586 layout_us=21 paint_us=31 encode_us=102 acquire_us=106 submit_us=98909 skipped=0 gpu_q=0
frust_shell_android::app::frame: frust-perf platform-view tail depth=0 target=0 acquire_bound=false frame=1560 expected_present_us=0 acquire_us=110 period_us=11138
frust_shell_common::perf: frust-perf raw n=200 total_us=102431 rebuild_us=572 layout_us=20 paint_us=30 encode_us=99 acquire_us=94 submit_us=101614 skipped=0 gpu_q=0
frust_shell_common::perf: frust-perf raw n=201 total_us=95195 rebuild_us=707 layout_us=31 paint_us=36 encode_us=99 acquire_us=110 submit_us=94209 skipped=0 gpu_q=0
frust_shell_common::perf: frust-perf raw n=202 total_us=92636 rebuild_us=561 layout_us=19 paint_us=28 encode_us=100 acquire_us=98 submit_us=91828 skipped=0 gpu_q=0
frust_shell_common::perf: frust-perf frame n=120 total_p50_ms=96 total_p95_ms=99 total_p99_ms=101 rebuild_p95_ms=0 layout_p95_ms=0 paint_p95_ms=0 encode_p95_ms=0 acquire_p95_ms=0 submit_p95_ms=98 over_60hz=202 over_120hz=202 skipped=0 total_frames=202
frust_shell_common::perf: frust-perf raw n=203 total_us=95788 rebuild_us=581 layout_us=21 paint_us=31 encode_us=93 acquire_us=107 submit_us=94954 skipped=0 gpu_q=0
frust_shell_common::perf: frust-perf raw n=204 total_us=99216 rebuild_us=644 layout_us=24 paint_us=33 encode_us=103 acquire_us=108 submit_us=98302 skipped=0 gpu_q=0
frust_shell_common::perf: frust-perf raw n=205 total_us=98622 rebuild_us=645 layout_us=25 paint_us=34 encode_us=99 acquire_us=92 submit_us=97724 skipped=0 gpu_q=0
frust_shell_common::perf: frust-perf raw n=206 total_us=95409 rebuild_us=665 layout_us=26 paint_us=37 encode_us=104 acquire_us=102 submit_us=94472 skipped=0 gpu_q=0
frust_shell_common::perf: frust-perf raw n=207 total_us=94599 rebuild_us=640 layout_us=22 paint_us=33 encode_us=100 acquire_us=122 submit_us=93679 skipped=0 gpu_q=0
frust_shell_common::perf: frust-perf raw n=208 total_us=93482 rebuild_us=570 layout_us=20 paint_us=30 encode_us=98 acquire_us=110 submit_us=92651 skipped=0 gpu_q=0
frust_shell_common::perf: frust-perf raw n=209 total_us=98075 rebuild_us=611 layout_us=22 paint_us=32 encode_us=98 acquire_us=106 submit_us=97202 skipped=0 gpu_q=0
frust_shell_common::perf: frust-perf raw n=210 total_us=96184 rebuild_us=750 layout_us=28 paint_us=36 encode_us=97 acquire_us=112 submit_us=95158 skipped=0 gpu_q=0
frust_shell_common::perf: frust-perf raw n=211 total_us=98031 rebuild_us=561 layout_us=20 paint_us=29 encode_us=103 acquire_us=115 submit_us=97200 skipped=0 gpu_q=0
frust_shell_common::perf: frust-perf raw n=212 total_us=95039 rebuild_us=571 layout_us=20 paint_us=30 encode_us=112 acquire_us=102 submit_us=94201 skipped=0 gpu_q=0
frust_shell_common::perf: frust-perf raw n=213 total_us=95721 rebuild_us=729 layout_us=32 paint_us=39 encode_us=98 acquire_us=105 submit_us=94716 skipped=0 gpu_q=0
frust_shell_common::perf: frust-perf raw n=214 total_us=95407 rebuild_us=568 layout_us=19 paint_us=28 encode_us=100 acquire_us=96 submit_us=94594 skipped=0 gpu_q=0
frust_shell_android::app::frame: frust-perf platform-view tail depth=0 target=0 acquire_bound=false frame=1680 expected_present_us=0 acquire_us=99 period_us=11750
frust_shell_common::perf: frust-perf raw n=215 total_us=92556 rebuild_us=662 layout_us=26 paint_us=35 encode_us=98 acquire_us=89 submit_us=91644 skipped=0 gpu_q=0
frust_shell_common::perf: frust-perf raw n=216 total_us=96632 rebuild_us=569 layout_us=21 paint_us=31 encode_us=105 acquire_us=110 submit_us=95794 skipped=0 gpu_q=0
frust_shell_common::perf: frust-perf raw n=217 total_us=98406 rebuild_us=683 layout_us=26 paint_us=36 encode_us=149 acquire_us=128 submit_us=97382 skipped=0 gpu_q=0
frust_shell_common::perf: frust-perf raw n=218 total_us=97412 rebuild_us=580 layout_us=20 paint_us=31 encode_us=102 acquire_us=101 submit_us=96576 skipped=0 gpu_q=0
frust_shell_common::perf: frust-perf raw n=219 total_us=95018 rebuild_us=584 layout_us=21 paint_us=31 encode_us=100 acquire_us=103 submit_us=94176 skipped=0 gpu_q=0
frust_shell_common::perf: frust-perf raw n=220 total_us=94224 rebuild_us=699 layout_us=29 paint_us=36 encode_us=137 acquire_us=122 submit_us=93199 skipped=0 gpu_q=0
frust_shell_common::perf: frust-perf raw n=221 total_us=97046 rebuild_us=567 layout_us=20 paint_us=28 encode_us=95 acquire_us=106 submit_us=96226 skipped=0 gpu_q=0
frust_shell_common::perf: frust-perf raw n=222 total_us=95599 rebuild_us=723 layout_us=38 paint_us=40 encode_us=97 acquire_us=114 submit_us=94584 skipped=0 gpu_q=0
frust_shell_common::perf: frust-perf raw n=223 total_us=93014 rebuild_us=612 layout_us=20 paint_us=31 encode_us=103 acquire_us=94 submit_us=92152 skipped=0 gpu_q=0
frust_shell_common::perf: frust-perf frame n=120 total_p50_ms=96 total_p95_ms=99 total_p99_ms=101 rebuild_p95_ms=0 layout_p95_ms=0 paint_p95_ms=0 encode_p95_ms=0 acquire_p95_ms=0 submit_p95_ms=98 over_60hz=223 over_120hz=223 skipped=0 total_frames=223
frust_shell_common::perf: frust-perf raw n=224 total_us=95239 rebuild_us=783 layout_us=31 paint_us=83 encode_us=98 acquire_us=106 submit_us=94135 skipped=0 gpu_q=0
frust_shell_common::perf: frust-perf raw n=225 total_us=98873 rebuild_us=564 layout_us=20 paint_us=30 encode_us=99 acquire_us=95 submit_us=98063 skipped=0 gpu_q=0
frust_shell_common::perf: frust-perf raw n=226 total_us=97998 rebuild_us=699 layout_us=26 paint_us=34 encode_us=96 acquire_us=91 submit_us=97050 skipped=0 gpu_q=0
frust_shell_common::perf: frust-perf raw n=227 total_us=95811 rebuild_us=577 layout_us=21 paint_us=30 encode_us=103 acquire_us=103 submit_us=94975 skipped=0 gpu_q=0
frust_shell_common::perf: frust-perf raw n=228 total_us=92624 rebuild_us=580 layout_us=20 paint_us=30 encode_us=97 acquire_us=95 submit_us=91801 skipped=0 gpu_q=0
frust_shell_android::app::frame: frust-perf platform-view tail depth=0 target=0 acquire_bound=false frame=1800 expected_present_us=0 acquire_us=107 period_us=11155
frust_shell_common::perf: frust-perf raw n=229 total_us=97458 rebuild_us=669 layout_us=28 paint_us=34 encode_us=165 acquire_us=136 submit_us=96422 skipped=0 gpu_q=0
frust_shell_common::perf: frust-perf raw n=230 total_us=96560 rebuild_us=566 layout_us=20 paint_us=30 encode_us=101 acquire_us=111 submit_us=95730 skipped=0 gpu_q=0
frust_shell_common::perf: frust-perf raw n=231 total_us=97802 rebuild_us=632 layout_us=72 paint_us=35 encode_us=106 acquire_us=123 submit_us=96831 skipped=0 gpu_q=0
frust_shell_common::perf: frust-perf raw n=232 total_us=99248 rebuild_us=612 layout_us=25 paint_us=33 encode_us=100 acquire_us=103 submit_us=98373 skipped=0 gpu_q=0
frust_shell_common::perf: frust-perf raw n=233 total_us=95185 rebuild_us=584 layout_us=21 paint_us=31 encode_us=98 acquire_us=132 submit_us=94317 skipped=0 gpu_q=0
frust_shell_common::perf: frust-perf raw n=234 total_us=97553 rebuild_us=691 layout_us=33 paint_us=38 encode_us=101 acquire_us=97 submit_us=96590 skipped=0 gpu_q=0
frust_shell_common::perf: frust-perf raw n=235 total_us=95984 rebuild_us=579 layout_us=20 paint_us=30 encode_us=89 acquire_us=95 submit_us=95169 skipped=0 gpu_q=0
frust_shell_common::perf: frust-perf raw n=236 total_us=98959 rebuild_us=581 layout_us=20 paint_us=31 encode_us=184 acquire_us=193 submit_us=97947 skipped=0 gpu_q=0
frust_shell_common::perf: frust-perf raw n=237 total_us=93512 rebuild_us=675 layout_us=28 paint_us=35 encode_us=97 acquire_us=89 submit_us=92585 skipped=0 gpu_q=0
frust_shell_common::perf: frust-perf raw n=238 total_us=97337 rebuild_us=606 layout_us=19 paint_us=30 encode_us=103 acquire_us=104 submit_us=96474 skipped=0 gpu_q=0
frust_shell_common::perf: frust-perf raw n=239 total_us=93163 rebuild_us=690 layout_us=27 paint_us=35 encode_us=96 acquire_us=102 submit_us=92212 skipped=0 gpu_q=0
frust_shell_common::perf: frust-perf raw n=240 total_us=96019 rebuild_us=562 layout_us=20 paint_us=28 encode_us=98 acquire_us=96 submit_us=95213 skipped=0 gpu_q=0
frust_shell_common::perf: frust-perf raw n=241 total_us=96545 rebuild_us=756 layout_us=28 paint_us=35 encode_us=97 acquire_us=114 submit_us=95512 skipped=0 gpu_q=0
frust_shell_common::perf: frust-perf raw n=242 total_us=95907 rebuild_us=602 layout_us=22 paint_us=32 encode_us=102 acquire_us=101 submit_us=95045 skipped=0 gpu_q=0
frust_shell_common::perf: frust-perf raw n=243 total_us=98217 rebuild_us=594 layout_us=21 paint_us=33 encode_us=104 acquire_us=97 submit_us=97365 skipped=0 gpu_q=0
frust_shell_android::app::frame: frust-perf platform-view tail depth=0 target=0 acquire_bound=false frame=1920 expected_present_us=0 acquire_us=102 period_us=11172
frust_shell_common::perf: frust-perf raw n=244 total_us=101797 rebuild_us=670 layout_us=30 paint_us=70 encode_us=99 acquire_us=99 submit_us=100827 skipped=0 gpu_q=0
frust_shell_common::perf: frust-perf frame n=120 total_p50_ms=96 total_p95_ms=99 total_p99_ms=101 rebuild_p95_ms=0 layout_p95_ms=0 paint_p95_ms=0 encode_p95_ms=0 acquire_p95_ms=0 submit_p95_ms=98 over_60hz=244 over_120hz=244 skipped=0 total_frames=244
frust_shell_common::perf: frust-perf raw n=245 total_us=95222 rebuild_us=736 layout_us=31 paint_us=39 encode_us=100 acquire_us=103 submit_us=94210 skipped=0 gpu_q=0
frust_shell_common::perf: frust-perf raw n=246 total_us=94754 rebuild_us=602 layout_us=23 paint_us=32 encode_us=104 acquire_us=93 submit_us=93897 skipped=0 gpu_q=0
frust_shell_common::perf: frust-perf raw n=247 total_us=96764 rebuild_us=670 layout_us=28 paint_us=43 encode_us=97 acquire_us=99 submit_us=95825 skipped=0 gpu_q=0
frust_shell_common::perf: frust-perf raw n=248 total_us=93026 rebuild_us=605 layout_us=23 paint_us=32 encode_us=268 acquire_us=237 submit_us=91859 skipped=0 gpu_q=0
frust_shell_common::perf: frust-perf raw n=249 total_us=96481 rebuild_us=647 layout_us=32 paint_us=51 encode_us=102 acquire_us=112 submit_us=95534 skipped=0 gpu_q=0
frust_shell_common::perf: frust-perf raw n=250 total_us=92709 rebuild_us=655 layout_us=26 paint_us=36 encode_us=106 acquire_us=102 submit_us=91782 skipped=0 gpu_q=0
frust_shell_common::perf: frust-perf raw n=251 total_us=95294 rebuild_us=686 layout_us=30 paint_us=35 encode_us=104 acquire_us=105 submit_us=94331 skipped=0 gpu_q=0
frust_shell_common::perf: frust-perf raw n=252 total_us=95799 rebuild_us=615 layout_us=23 paint_us=33 encode_us=100 acquire_us=113 submit_us=94912 skipped=0 gpu_q=0
frust_shell_common::perf: frust-perf raw n=253 total_us=95970 rebuild_us=745 layout_us=34 paint_us=43 encode_us=104 acquire_us=111 submit_us=94931 skipped=0 gpu_q=0
frust_shell_common::perf: frust-perf raw n=254 total_us=94979 rebuild_us=674 layout_us=25 paint_us=36 encode_us=127 acquire_us=117 submit_us=93998 skipped=0 gpu_q=0
frust_shell_common::perf: frust-perf raw n=255 total_us=94780 rebuild_us=794 layout_us=49 paint_us=40 encode_us=97 acquire_us=94 submit_us=93704 skipped=0 gpu_q=0
frust_shell_common::perf: frust-perf raw n=256 total_us=96451 rebuild_us=620 layout_us=24 paint_us=33 encode_us=103 acquire_us=111 submit_us=95559 skipped=0 gpu_q=0
frust_shell_common::perf: frust-perf raw n=257 total_us=95790 rebuild_us=741 layout_us=43 paint_us=44 encode_us=102 acquire_us=110 submit_us=94748 skipped=0 gpu_q=0
frust_shell_common::perf: frust-perf raw n=258 total_us=94009 rebuild_us=602 layout_us=23 paint_us=34 encode_us=99 acquire_us=99 submit_us=93149 skipped=0 gpu_q=0
frust_shell_android::app::frame: frust-perf platform-view tail depth=0 target=0 acquire_bound=false frame=2040 expected_present_us=0 acquire_us=105 period_us=11958
frust_shell_common::perf: frust-perf raw n=259 total_us=97871 rebuild_us=808 layout_us=36 paint_us=41 encode_us=99 acquire_us=104 submit_us=96779 skipped=0 gpu_q=0
frust_shell_common::perf: frust-perf raw n=260 total_us=97482 rebuild_us=627 layout_us=25 paint_us=36 encode_us=106 acquire_us=110 submit_us=96576 skipped=0 gpu_q=0
frust_shell_common::perf: frust-perf raw n=261 total_us=93468 rebuild_us=706 layout_us=30 paint_us=38 encode_us=97 acquire_us=131 submit_us=92464 skipped=0 gpu_q=0
frust_shell_common::perf: frust-perf raw n=262 total_us=96965 rebuild_us=607 layout_us=23 paint_us=34 encode_us=103 acquire_us=106 submit_us=96089 skipped=0 gpu_q=0
frust_shell_common::perf: frust-perf raw n=263 total_us=96078 rebuild_us=682 layout_us=25 paint_us=35 encode_us=97 acquire_us=103 submit_us=95133 skipped=0 gpu_q=0
frust_shell_common::perf: frust-perf raw n=264 total_us=94687 rebuild_us=726 layout_us=28 paint_us=35 encode_us=105 acquire_us=98 submit_us=93692 skipped=0 gpu_q=0
frust_shell_common::perf: frust-perf raw n=265 total_us=95620 rebuild_us=668 layout_us=23 paint_us=34 encode_us=197 acquire_us=247 submit_us=94448 skipped=0 gpu_q=0
frust_shell_common::perf: frust-perf frame n=120 total_p50_ms=96 total_p95_ms=99 total_p99_ms=101 rebuild_p95_ms=0 layout_p95_ms=0 paint_p95_ms=0 encode_p95_ms=0 acquire_p95_ms=0 submit_p95_ms=98 over_60hz=265 over_120hz=265 skipped=0 total_frames=265
frust_shell_common::perf: frust-perf raw n=266 total_us=95244 rebuild_us=639 layout_us=26 paint_us=35 encode_us=102 acquire_us=99 submit_us=94342 skipped=0 gpu_q=0
frust_shell_common::perf: frust-perf raw n=267 total_us=93625 rebuild_us=622 layout_us=20 paint_us=31 encode_us=103 acquire_us=114 submit_us=92733 skipped=0 gpu_q=0
frust_shell_common::perf: frust-perf raw n=268 total_us=95352 rebuild_us=593 layout_us=22 paint_us=32 encode_us=103 acquire_us=97 submit_us=94502 skipped=0 gpu_q=0
frust_shell_common::perf: frust-perf raw n=269 total_us=99809 rebuild_us=576 layout_us=20 paint_us=30 encode_us=97 acquire_us=105 submit_us=98979 skipped=0 gpu_q=0
frust_shell_common::perf: frust-perf raw n=270 total_us=97766 rebuild_us=698 layout_us=29 paint_us=38 encode_us=100 acquire_us=93 submit_us=96806 skipped=0 gpu_q=0
frust_shell_common::perf: frust-perf raw n=271 total_us=98477 rebuild_us=710 layout_us=28 paint_us=35 encode_us=87 acquire_us=99 submit_us=97515 skipped=0 gpu_q=0
frust_shell_common::perf: frust-perf raw n=272 total_us=94766 rebuild_us=577 layout_us=19 paint_us=30 encode_us=98 acquire_us=109 submit_us=93930 skipped=0 gpu_q=0
frust_shell_android::app::frame: frust-perf platform-view tail depth=0 target=0 acquire_bound=false frame=2160 expected_present_us=0 acquire_us=102 period_us=11160
frust_shell_common::perf: frust-perf raw n=273 total_us=95158 rebuild_us=578 layout_us=22 paint_us=33 encode_us=97 acquire_us=93 submit_us=94333 skipped=0 gpu_q=0
frust_shell_common::perf: frust-perf raw n=274 total_us=93935 rebuild_us=633 layout_us=27 paint_us=33 encode_us=179 acquire_us=138 submit_us=92923 skipped=0 gpu_q=0
frust_shell_common::perf: frust-perf raw n=275 total_us=99774 rebuild_us=753 layout_us=31 paint_us=41 encode_us=101 acquire_us=104 submit_us=98741 skipped=0 gpu_q=0
frust_shell_common::perf: frust-perf raw n=276 total_us=96948 rebuild_us=579 layout_us=22 paint_us=30 encode_us=90 acquire_us=87 submit_us=96136 skipped=0 gpu_q=0
frust_shell_common::perf: frust-perf raw n=277 total_us=94746 rebuild_us=555 layout_us=19 paint_us=30 encode_us=98 acquire_us=106 submit_us=93934 skipped=0 gpu_q=0
frust_shell_common::perf: frust-perf raw n=278 total_us=99242 rebuild_us=717 layout_us=24 paint_us=36 encode_us=95 acquire_us=91 submit_us=98275 skipped=0 gpu_q=0
frust_shell_common::perf: frust-perf raw n=279 total_us=96388 rebuild_us=561 layout_us=20 paint_us=28 encode_us=101 acquire_us=105 submit_us=95571 skipped=0 gpu_q=0
frust_shell_common::perf: frust-perf raw n=280 total_us=94637 rebuild_us=592 layout_us=22 paint_us=32 encode_us=101 acquire_us=140 submit_us=93748 skipped=0 gpu_q=0
frust_shell_common::perf: frust-perf raw n=281 total_us=98756 rebuild_us=630 layout_us=22 paint_us=34 encode_us=104 acquire_us=104 submit_us=97859 skipped=0 gpu_q=0
frust_shell_common::perf: frust-perf raw n=282 total_us=95485 rebuild_us=610 layout_us=20 paint_us=30 encode_us=98 acquire_us=103 submit_us=94622 skipped=0 gpu_q=0
frust_shell_common::perf: frust-perf raw n=283 total_us=96511 rebuild_us=736 layout_us=27 paint_us=36 encode_us=98 acquire_us=95 submit_us=95517 skipped=0 gpu_q=0
frust_shell_common::perf: frust-perf raw n=284 total_us=95211 rebuild_us=568 layout_us=21 paint_us=30 encode_us=100 acquire_us=100 submit_us=94390 skipped=0 gpu_q=0
frust_shell_common::perf: frust-perf raw n=285 total_us=97436 rebuild_us=598 layout_us=22 paint_us=31 encode_us=98 acquire_us=110 submit_us=96574 skipped=0 gpu_q=0
frust_shell_common::perf: frust-perf raw n=286 total_us=96183 rebuild_us=786 layout_us=40 paint_us=38 encode_us=95 acquire_us=98 submit_us=95124 skipped=0 gpu_q=0
frust_shell_common::perf: frust-perf frame n=120 total_p50_ms=96 total_p95_ms=99 total_p99_ms=101 rebuild_p95_ms=0 layout_p95_ms=0 paint_p95_ms=0 encode_p95_ms=0 acquire_p95_ms=0 submit_p95_ms=98 over_60hz=286 over_120hz=286 skipped=0 total_frames=286
frust_shell_common::perf: frust-perf raw n=287 total_us=95045 rebuild_us=589 layout_us=21 paint_us=33 encode_us=132 acquire_us=112 submit_us=94156 skipped=0 gpu_q=0
frust_shell_android::app::frame: frust-perf platform-view tail depth=0 target=0 acquire_bound=false frame=2280 expected_present_us=0 acquire_us=101 period_us=11502
frust_shell_common::perf: frust-perf raw n=288 total_us=96549 rebuild_us=683 layout_us=27 paint_us=37 encode_us=95 acquire_us=94 submit_us=95611 skipped=0 gpu_q=0
frust_shell_common::perf: frust-perf raw n=289 total_us=95441 rebuild_us=604 layout_us=22 paint_us=33 encode_us=146 acquire_us=143 submit_us=94490 skipped=0 gpu_q=0
frust_shell_common::perf: frust-perf raw n=290 total_us=95637 rebuild_us=680 layout_us=27 paint_us=35 encode_us=98 acquire_us=96 submit_us=94699 skipped=0 gpu_q=0
frust_shell_common::perf: frust-perf raw n=291 total_us=93845 rebuild_us=565 layout_us=19 paint_us=30 encode_us=100 acquire_us=112 submit_us=93016 skipped=0 gpu_q=0
frust_shell_common::perf: frust-perf raw n=292 total_us=96452 rebuild_us=667 layout_us=26 paint_us=36 encode_us=95 acquire_us=91 submit_us=95534 skipped=0 gpu_q=0
frust_shell_common::perf: frust-perf raw n=293 total_us=92143 rebuild_us=570 layout_us=20 paint_us=30 encode_us=100 acquire_us=108 submit_us=91312 skipped=0 gpu_q=0
frust_shell_common::perf: frust-perf raw n=294 total_us=95939 rebuild_us=653 layout_us=27 paint_us=35 encode_us=101 acquire_us=100 submit_us=95021 skipped=0 gpu_q=0
frust_shell_common::perf: frust-perf raw n=295 total_us=98863 rebuild_us=616 layout_us=20 paint_us=30 encode_us=95 acquire_us=110 submit_us=97990 skipped=0 gpu_q=0
frust_shell_common::perf: frust-perf raw n=296 total_us=94779 rebuild_us=713 layout_us=27 paint_us=36 encode_us=95 acquire_us=91 submit_us=93814 skipped=0 gpu_q=0
frust_shell_common::perf: frust-perf raw n=297 total_us=97189 rebuild_us=571 layout_us=19 paint_us=30 encode_us=101 acquire_us=106 submit_us=96361 skipped=0 gpu_q=0
frust_shell_common::perf: frust-perf raw n=298 total_us=94500 rebuild_us=613 layout_us=24 paint_us=35 encode_us=96 acquire_us=116 submit_us=93612 skipped=0 gpu_q=0
frust_shell_common::perf: frust-perf raw n=299 total_us=95086 rebuild_us=579 layout_us=20 paint_us=31 encode_us=101 acquire_us=106 submit_us=94245 skipped=0 gpu_q=0
frust_shell_common::perf: frust-perf raw n=300 total_us=96272 rebuild_us=609 layout_us=23 paint_us=33 encode_us=104 acquire_us=111 submit_us=95389 skipped=0 gpu_q=0
frust_shell_common::perf: frust-perf raw n=301 total_us=98289 rebuild_us=669 layout_us=29 paint_us=35 encode_us=104 acquire_us=120 submit_us=97330 skipped=0 gpu_q=0
frust_shell_common::perf: frust-perf raw n=302 total_us=95969 rebuild_us=591 layout_us=21 paint_us=35 encode_us=102 acquire_us=105 submit_us=95112 skipped=0 gpu_q=0
frust_shell_android::app::frame: frust-perf platform-view tail depth=0 target=0 acquire_bound=false frame=2400 expected_present_us=0 acquire_us=104 period_us=11605
frust_shell_common::perf: frust-perf raw n=303 total_us=97708 rebuild_us=684 layout_us=28 paint_us=35 encode_us=96 acquire_us=97 submit_us=96765 skipped=0 gpu_q=0
frust_shell_common::perf: frust-perf raw n=304 total_us=96903 rebuild_us=738 layout_us=33 paint_us=42 encode_us=172 acquire_us=194 submit_us=95722 skipped=0 gpu_q=0
frust_shell_common::perf: frust-perf raw n=305 total_us=95936 rebuild_us=597 layout_us=22 paint_us=31 encode_us=100 acquire_us=105 submit_us=95078 skipped=0 gpu_q=0
frust_shell_common::perf: frust-perf raw n=306 total_us=97750 rebuild_us=657 layout_us=27 paint_us=35 encode_us=96 acquire_us=97 submit_us=96835 skipped=0 gpu_q=0
frust_shell_common::perf: frust-perf raw n=307 total_us=96228 rebuild_us=578 layout_us=20 paint_us=30 encode_us=88 acquire_us=98 submit_us=95413 skipped=0 gpu_q=0
frust_shell_common::perf: frust-perf frame n=120 total_p50_ms=95 total_p95_ms=99 total_p99_ms=101 rebuild_p95_ms=0 layout_p95_ms=0 paint_p95_ms=0 encode_p95_ms=0 acquire_p95_ms=0 submit_p95_ms=98 over_60hz=307 over_120hz=307 skipped=0 total_frames=307
frust_shell_common::perf: frust-perf raw n=308 total_us=97679 rebuild_us=586 layout_us=21 paint_us=31 encode_us=98 acquire_us=117 submit_us=96823 skipped=0 gpu_q=0
frust_shell_common::perf: frust-perf raw n=309 total_us=94913 rebuild_us=683 layout_us=27 paint_us=37 encode_us=98 acquire_us=93 submit_us=93971 skipped=0 gpu_q=0
frust_shell_common::perf: frust-perf raw n=310 total_us=96963 rebuild_us=566 layout_us=20 paint_us=30 encode_us=180 acquire_us=183 submit_us=95981 skipped=0 gpu_q=0
frust_shell_common::perf: frust-perf raw n=311 total_us=97089 rebuild_us=635 layout_us=21 paint_us=32 encode_us=109 acquire_us=111 submit_us=96178 skipped=0 gpu_q=0
frust_shell_common::perf: frust-perf raw n=312 total_us=98318 rebuild_us=736 layout_us=31 paint_us=39 encode_us=93 acquire_us=112 submit_us=97306 skipped=0 gpu_q=0
frust_shell_common::perf: frust-perf raw n=313 total_us=98243 rebuild_us=621 layout_us=20 paint_us=31 encode_us=98 acquire_us=108 submit_us=97363 skipped=0 gpu_q=0
frust_shell_common::perf: frust-perf raw n=314 total_us=98945 rebuild_us=628 layout_us=21 paint_us=32 encode_us=110 acquire_us=111 submit_us=98040 skipped=0 gpu_q=0
frust_shell_common::perf: frust-perf raw n=315 total_us=100243 rebuild_us=689 layout_us=25 paint_us=34 encode_us=97 acquire_us=89 submit_us=99308 skipped=0 gpu_q=0
frust_shell_common::perf: frust-perf raw n=316 total_us=98154 rebuild_us=651 layout_us=25 paint_us=34 encode_us=98 acquire_us=119 submit_us=97225 skipped=0 gpu_q=0
frust_shell_android::app::frame: frust-perf platform-view tail depth=0 target=0 acquire_bound=false frame=2520 expected_present_us=0 acquire_us=110 period_us=11296
frust_shell_common::perf: frust-perf raw n=317 total_us=96887 rebuild_us=702 layout_us=34 paint_us=39 encode_us=94 acquire_us=113 submit_us=95904 skipped=0 gpu_q=0
frust_shell_common::perf: frust-perf raw n=318 total_us=95891 rebuild_us=676 layout_us=24 paint_us=34 encode_us=101 acquire_us=113 submit_us=94940 skipped=0 gpu_q=0
frust_shell_common::perf: frust-perf raw n=319 total_us=97182 rebuild_us=712 layout_us=29 paint_us=37 encode_us=155 acquire_us=152 submit_us=96094 skipped=0 gpu_q=0
frust_shell_common::perf: frust-perf raw n=320 total_us=100020 rebuild_us=656 layout_us=24 paint_us=33 encode_us=88 acquire_us=98 submit_us=99119 skipped=0 gpu_q=0
frust_shell_common::perf: frust-perf raw n=321 total_us=97448 rebuild_us=635 layout_us=22 paint_us=33 encode_us=101 acquire_us=107 submit_us=96548 skipped=0 gpu_q=0
frust_shell_common::perf: frust-perf raw n=322 total_us=97611 rebuild_us=601 layout_us=20 paint_us=31 encode_us=96 acquire_us=157 submit_us=96702 skipped=0 gpu_q=0
