frust-perf activity-create
frust_shell_common::perf: bench-scenario-start s1
frust_render::context: frust-perf surface-caps formats=[Rgba8UnormSrgb,Rgba8Unorm,Rgba16Float,Rgb10a2Unorm] usages=TextureUsages(COPY_SRC | COPY_DST | TEXTURE_BINDING | STORAGE_BINDING | RENDER_ATTACHMENT | STORAGE_ATOMIC) direct_to_surface=YES (Rgba8Unorm+STORAGE_BINDING)
frust_render::context: frust-perf render-path direct (Rgba8Unorm+STORAGE_BINDING)
frust_shell_common::perf: bench-scenario-end s1
frust_shell_common::perf: bench-scenario-start s5
frust_shell_common::perf: frust-perf startup init_entry=0ms font_preinit_started=0ms font_preinit_joined=0ms preinit_started=0ms preinit_joined=6ms cache_loaded=6ms pipeline_cache_restored=6ms adapter_ready=90ms device_ready=90ms renderer_ready=90ms first_rebuild_done=95ms first_encode_done=95ms first_frame_presented=124ms
frust_shell_common::perf: frust-perf raw n=1 total_us=29276 rebuild_us=104 layout_us=21 paint_us=18 encode_us=78 acquire_us=22 submit_us=29030 skipped=0 gpu_q=0
frust_shell_common::perf: frust-perf raw n=2 total_us=135834 rebuild_us=93 layout_us=17 paint_us=20 encode_us=91 acquire_us=60 submit_us=135551 skipped=0 gpu_q=0
frust_shell_common::perf: frust-perf raw n=3 total_us=119882 rebuild_us=150 layout_us=18 paint_us=21 encode_us=53 acquire_us=35 submit_us=119603 skipped=0 gpu_q=0
frust_shell_common::perf: frust-perf raw n=4 total_us=101204 rebuild_us=166 layout_us=22 paint_us=20 encode_us=69 acquire_us=44 submit_us=100880 skipped=0 gpu_q=0
frust_shell_common::perf: frust-perf raw n=5 total_us=42615 rebuild_us=291 layout_us=28 paint_us=38 encode_us=141 acquire_us=108 submit_us=42006 skipped=0 gpu_q=0
frust_shell_common::perf: frust-perf raw n=6 total_us=52892 rebuild_us=482 layout_us=45 paint_us=53 encode_us=78 acquire_us=71 submit_us=52159 skipped=0 gpu_q=0
frust_shell_common::perf: frust-perf raw n=7 total_us=40410 rebuild_us=414 layout_us=30 paint_us=35 encode_us=184 acquire_us=125 submit_us=39620 skipped=0 gpu_q=0
frust_shell_common::perf: frust-perf raw n=8 total_us=39771 rebuild_us=426 layout_us=59 paint_us=43 encode_us=67 acquire_us=59 submit_us=39115 skipped=0 gpu_q=0
frust_shell_common::perf: frust-perf raw n=9 total_us=37414 rebuild_us=278 layout_us=27 paint_us=25 encode_us=55 acquire_us=67 submit_us=36959 skipped=0 gpu_q=0
frust_shell_common::perf: frust-perf raw n=10 total_us=38672 rebuild_us=383 layout_us=28 paint_us=35 encode_us=50 acquire_us=57 submit_us=38117 skipped=0 gpu_q=0
frust_shell_common::perf: frust-perf raw n=11 total_us=38063 rebuild_us=353 layout_us=17 paint_us=25 encode_us=153 acquire_us=165 submit_us=37349 skipped=0 gpu_q=0
frust_shell_common::perf: frust-perf raw n=12 total_us=40355 rebuild_us=359 layout_us=25 paint_us=29 encode_us=58 acquire_us=74 submit_us=39808 skipped=0 gpu_q=0
frust_shell_common::perf: frust-perf raw n=13 total_us=37698 rebuild_us=352 layout_us=24 paint_us=31 encode_us=49 acquire_us=58 submit_us=37181 skipped=0 gpu_q=0
frust_shell_common::perf: frust-perf raw n=14 total_us=44999 rebuild_us=395 layout_us=20 paint_us=29 encode_us=54 acquire_us=65 submit_us=44433 skipped=0 gpu_q=0
frust_shell_common::perf: frust-perf raw n=15 total_us=37376 rebuild_us=446 layout_us=68 paint_us=28 encode_us=49 acquire_us=59 submit_us=36724 skipped=0 gpu_q=0
frust_shell_common::perf: frust-perf raw n=16 total_us=42398 rebuild_us=399 layout_us=28 paint_us=42 encode_us=63 acquire_us=68 submit_us=41796 skipped=0 gpu_q=0
frust_shell_common::perf: frust-perf raw n=17 total_us=37388 rebuild_us=448 layout_us=33 paint_us=32 encode_us=71 acquire_us=65 submit_us=36736 skipped=0 gpu_q=0
frust_shell_common::perf: frust-perf raw n=18 total_us=43881 rebuild_us=471 layout_us=24 paint_us=30 encode_us=49 acquire_us=59 submit_us=43246 skipped=0 gpu_q=0
frust_shell_common::perf: frust-perf raw n=19 total_us=37676 rebuild_us=408 layout_us=23 paint_us=30 encode_us=74 acquire_us=107 submit_us=37031 skipped=0 gpu_q=0
frust_shell_common::perf: frust-perf raw n=20 total_us=45826 rebuild_us=422 layout_us=29 paint_us=56 encode_us=52 acquire_us=77 submit_us=45189 skipped=0 gpu_q=0
frust_shell_common::perf: frust-perf raw n=21 total_us=37860 rebuild_us=497 layout_us=44 paint_us=33 encode_us=140 acquire_us=127 submit_us=37016 skipped=0 gpu_q=0
frust_shell_common::perf: frust-perf raw n=22 total_us=42296 rebuild_us=486 layout_us=31 paint_us=37 encode_us=64 acquire_us=79 submit_us=41596 skipped=0 gpu_q=0
frust_shell_common::perf: frust-perf raw n=23 total_us=37915 rebuild_us=529 layout_us=25 paint_us=31 encode_us=71 acquire_us=91 submit_us=37166 skipped=0 gpu_q=0
frust_shell_common::perf: frust-perf raw n=24 total_us=44488 rebuild_us=589 layout_us=24 paint_us=31 encode_us=63 acquire_us=76 submit_us=43702 skipped=0 gpu_q=0
frust_shell_common::perf: frust-perf raw n=25 total_us=36485 rebuild_us=307 layout_us=16 paint_us=67 encode_us=56 acquire_us=67 submit_us=35969 skipped=0 gpu_q=0
frust_shell_android::app::frame: frust-perf platform-view tail depth=0 target=0 acquire_bound=false frame=120 expected_present_us=0 acquire_us=74 period_us=11134
frust_shell_common::perf: frust-perf raw n=26 total_us=98958 rebuild_us=281 layout_us=13 paint_us=19 encode_us=54 acquire_us=61 submit_us=98526 skipped=0 gpu_q=0
frust_shell_common::perf: frust-perf raw n=27 total_us=96995 rebuild_us=504 layout_us=22 paint_us=27 encode_us=73 acquire_us=75 submit_us=96291 skipped=0 gpu_q=0
frust_shell_common::perf: frust-perf raw n=28 total_us=97660 rebuild_us=541 layout_us=23 paint_us=37 encode_us=76 acquire_us=82 submit_us=96898 skipped=0 gpu_q=0
frust_shell_common::perf: frust-perf raw n=29 total_us=96306 rebuild_us=430 layout_us=17 paint_us=27 encode_us=74 acquire_us=79 submit_us=95676 skipped=0 gpu_q=0
frust_shell_common::perf: frust-perf raw n=30 total_us=96879 rebuild_us=421 layout_us=15 paint_us=24 encode_us=75 acquire_us=79 submit_us=96263 skipped=0 gpu_q=0
frust_shell_common::perf: frust-perf raw n=31 total_us=98000 rebuild_us=532 layout_us=24 paint_us=32 encode_us=78 acquire_us=87 submit_us=97245 skipped=0 gpu_q=0
frust_shell_common::perf: frust-perf raw n=32 total_us=98997 rebuild_us=565 layout_us=26 paint_us=28 encode_us=73 acquire_us=66 submit_us=98236 skipped=0 gpu_q=0
frust_shell_common::perf: frust-perf raw n=33 total_us=97617 rebuild_us=455 layout_us=21 paint_us=27 encode_us=79 acquire_us=84 submit_us=96948 skipped=0 gpu_q=0
frust_shell_common::perf: frust-perf frame n=33 total_p50_ms=42 total_p95_ms=119 total_p99_ms=135 rebuild_p95_ms=0 layout_p95_ms=0 paint_p95_ms=0 encode_p95_ms=0 acquire_p95_ms=0 submit_p95_ms=119 over_60hz=33 over_120hz=33 skipped=0 total_frames=33
frust_shell_common::perf: frust-perf raw n=34 total_us=95405 rebuild_us=582 layout_us=20 paint_us=32 encode_us=99 acquire_us=110 submit_us=94558 skipped=0 gpu_q=0
frust_shell_common::perf: frust-perf raw n=35 total_us=99217 rebuild_us=750 layout_us=36 paint_us=41 encode_us=100 acquire_us=94 submit_us=98193 skipped=0 gpu_q=0
frust_shell_common::perf: frust-perf raw n=36 total_us=95536 rebuild_us=618 layout_us=26 paint_us=34 encode_us=103 acquire_us=110 submit_us=94642 skipped=0 gpu_q=0
frust_shell_common::perf: frust-perf raw n=37 total_us=100098 rebuild_us=608 layout_us=25 paint_us=34 encode_us=98 acquire_us=100 submit_us=99230 skipped=0 gpu_q=0
frust_shell_common::perf: frust-perf raw n=38 total_us=96266 rebuild_us=670 layout_us=28 paint_us=37 encode_us=99 acquire_us=88 submit_us=95343 skipped=0 gpu_q=0
frust_shell_common::perf: frust-perf raw n=39 total_us=97609 rebuild_us=683 layout_us=24 paint_us=33 encode_us=179 acquire_us=145 submit_us=96542 skipped=0 gpu_q=0
frust_shell_android::app::frame: frust-perf platform-view tail depth=0 target=0 acquire_bound=false frame=240 expected_present_us=0 acquire_us=105 period_us=11346
frust_shell_common::perf: frust-perf raw n=40 total_us=94572 rebuild_us=702 layout_us=26 paint_us=36 encode_us=101 acquire_us=105 submit_us=93600 skipped=0 gpu_q=0
frust_shell_common::perf: frust-perf raw n=41 total_us=96696 rebuild_us=747 layout_us=36 paint_us=44 encode_us=98 acquire_us=98 submit_us=95670 skipped=0 gpu_q=0
frust_shell_common::perf: frust-perf raw n=42 total_us=99902 rebuild_us=1249 layout_us=41 paint_us=64 encode_us=100 acquire_us=93 submit_us=98353 skipped=0 gpu_q=0
frust_shell_common::perf: frust-perf raw n=43 total_us=95222 rebuild_us=692 layout_us=62 paint_us=39 encode_us=97 acquire_us=96 submit_us=94234 skipped=0 gpu_q=0
frust_shell_common::perf: frust-perf raw n=44 total_us=100878 rebuild_us=622 layout_us=25 paint_us=37 encode_us=105 acquire_us=92 submit_us=99995 skipped=0 gpu_q=0
frust_shell_common::perf: frust-perf raw n=45 total_us=98331 rebuild_us=633 layout_us=26 paint_us=37 encode_us=105 acquire_us=96 submit_us=97432 skipped=0 gpu_q=0
frust_shell_common::perf: frust-perf raw n=46 total_us=95250 rebuild_us=600 layout_us=22 paint_us=33 encode_us=101 acquire_us=108 submit_us=94383 skipped=0 gpu_q=0
frust_shell_common::perf: frust-perf raw n=47 total_us=97270 rebuild_us=723 layout_us=66 paint_us=42 encode_us=101 acquire_us=105 submit_us=96230 skipped=0 gpu_q=0
frust_shell_common::perf: frust-perf raw n=48 total_us=99494 rebuild_us=653 layout_us=28 paint_us=36 encode_us=103 acquire_us=108 submit_us=98564 skipped=0 gpu_q=0
frust_shell_common::perf: frust-perf raw n=49 total_us=94593 rebuild_us=599 layout_us=23 paint_us=33 encode_us=98 acquire_us=98 submit_us=93738 skipped=0 gpu_q=0
frust_shell_common::perf: frust-perf raw n=50 total_us=101115 rebuild_us=732 layout_us=33 paint_us=40 encode_us=99 acquire_us=109 submit_us=100099 skipped=0 gpu_q=0
frust_shell_common::perf: frust-perf raw n=51 total_us=95926 rebuild_us=731 layout_us=29 paint_us=41 encode_us=101 acquire_us=95 submit_us=94927 skipped=0 gpu_q=0
frust_shell_common::perf: frust-perf raw n=52 total_us=100158 rebuild_us=686 layout_us=29 paint_us=39 encode_us=125 acquire_us=120 submit_us=99157 skipped=0 gpu_q=0
frust_shell_common::perf: frust-perf raw n=53 total_us=98319 rebuild_us=626 layout_us=23 paint_us=34 encode_us=104 acquire_us=106 submit_us=97423 skipped=0 gpu_q=0
frust_shell_common::perf: frust-perf raw n=54 total_us=98591 rebuild_us=713 layout_us=32 paint_us=42 encode_us=95 acquire_us=88 submit_us=97618 skipped=0 gpu_q=0
frust_shell_common::perf: frust-perf frame n=54 total_p50_ms=95 total_p95_ms=101 total_p99_ms=135 rebuild_p95_ms=0 layout_p95_ms=0 paint_p95_ms=0 encode_p95_ms=0 acquire_p95_ms=0 submit_p95_ms=100 over_60hz=54 over_120hz=54 skipped=0 total_frames=54
frust_shell_android::app::frame: frust-perf platform-view tail depth=0 target=0 acquire_bound=false frame=360 expected_present_us=0 acquire_us=98 period_us=11150
frust_shell_common::perf: frust-perf raw n=55 total_us=96528 rebuild_us=721 layout_us=29 paint_us=38 encode_us=96 acquire_us=93 submit_us=95549 skipped=0 gpu_q=0
frust_shell_common::perf: frust-perf raw n=56 total_us=98015 rebuild_us=625 layout_us=25 paint_us=39 encode_us=102 acquire_us=110 submit_us=97112 skipped=0 gpu_q=0
frust_shell_common::perf: frust-perf raw n=57 total_us=94507 rebuild_us=630 layout_us=28 paint_us=37 encode_us=139 acquire_us=107 submit_us=93565 skipped=0 gpu_q=0
frust_shell_common::perf: frust-perf raw n=58 total_us=99302 rebuild_us=734 layout_us=31 paint_us=44 encode_us=98 acquire_us=101 submit_us=98293 skipped=0 gpu_q=0
frust_shell_common::perf: frust-perf raw n=59 total_us=98833 rebuild_us=639 layout_us=23 paint_us=38 encode_us=116 acquire_us=110 submit_us=97905 skipped=0 gpu_q=0
frust_shell_common::perf: frust-perf raw n=60 total_us=98352 rebuild_us=613 layout_us=28 paint_us=37 encode_us=108 acquire_us=113 submit_us=97450 skipped=0 gpu_q=0
frust_shell_common::perf: frust-perf raw n=61 total_us=94864 rebuild_us=668 layout_us=27 paint_us=37 encode_us=111 acquire_us=123 submit_us=93895 skipped=0 gpu_q=0
frust_shell_common::perf: frust-perf raw n=62 total_us=94855 rebuild_us=606 layout_us=22 paint_us=33 encode_us=100 acquire_us=113 submit_us=93978 skipped=0 gpu_q=0
frust_shell_common::perf: frust-perf raw n=63 total_us=97094 rebuild_us=585 layout_us=22 paint_us=35 encode_us=100 acquire_us=77 submit_us=96273 skipped=0 gpu_q=0
frust_shell_common::perf: frust-perf raw n=64 total_us=96236 rebuild_us=726 layout_us=38 paint_us=47 encode_us=99 acquire_us=97 submit_us=95227 skipped=0 gpu_q=0
frust_shell_common::perf: frust-perf raw n=65 total_us=99104 rebuild_us=592 layout_us=23 paint_us=33 encode_us=99 acquire_us=109 submit_us=98246 skipped=0 gpu_q=0
frust_shell_common::perf: frust-perf raw n=66 total_us=97438 rebuild_us=689 layout_us=26 paint_us=38 encode_us=101 acquire_us=114 submit_us=96468 skipped=0 gpu_q=0
frust_shell_common::perf: frust-perf raw n=67 total_us=96260 rebuild_us=747 layout_us=30 paint_us=39 encode_us=114 acquire_us=104 submit_us=95223 skipped=0 gpu_q=0
frust_shell_common::perf: frust-perf raw n=68 total_us=94317 rebuild_us=624 layout_us=38 paint_us=34 encode_us=99 acquire_us=136 submit_us=93382 skipped=0 gpu_q=0
frust_shell_android::app::frame: frust-perf platform-view tail depth=0 target=0 acquire_bound=false frame=480 expected_present_us=0 acquire_us=113 period_us=11699
frust_shell_common::perf: frust-perf raw n=69 total_us=100289 rebuild_us=600 layout_us=22 paint_us=34 encode_us=106 acquire_us=119 submit_us=99406 skipped=0 gpu_q=0
frust_shell_common::perf: frust-perf raw n=70 total_us=93254 rebuild_us=657 layout_us=29 paint_us=37 encode_us=129 acquire_us=91 submit_us=92309 skipped=0 gpu_q=0
frust_shell_common::perf: frust-perf raw n=71 total_us=98134 rebuild_us=616 layout_us=23 paint_us=36 encode_us=97 acquire_us=102 submit_us=97257 skipped=0 gpu_q=0
frust_shell_common::perf: frust-perf raw n=72 total_us=96524 rebuild_us=700 layout_us=28 paint_us=38 encode_us=98 acquire_us=101 submit_us=95555 skipped=0 gpu_q=0
frust_shell_common::perf: frust-perf raw n=73 total_us=100149 rebuild_us=654 layout_us=23 paint_us=35 encode_us=102 acquire_us=120 submit_us=99212 skipped=0 gpu_q=0
frust_shell_common::perf: frust-perf raw n=74 total_us=99549 rebuild_us=622 layout_us=22 paint_us=34 encode_us=104 acquire_us=103 submit_us=98662 skipped=0 gpu_q=0
frust_shell_common::perf: frust-perf raw n=75 total_us=96792 rebuild_us=705 layout_us=27 paint_us=38 encode_us=105 acquire_us=103 submit_us=95812 skipped=0 gpu_q=0
frust_shell_common::perf: frust-perf frame n=75 total_p50_ms=96 total_p95_ms=101 total_p99_ms=135 rebuild_p95_ms=0 layout_p95_ms=0 paint_p95_ms=0 encode_p95_ms=0 acquire_p95_ms=0 submit_p95_ms=100 over_60hz=75 over_120hz=75 skipped=0 total_frames=75
frust_shell_common::perf: frust-perf raw n=76 total_us=96804 rebuild_us=680 layout_us=27 paint_us=37 encode_us=96 acquire_us=108 submit_us=95854 skipped=0 gpu_q=0
frust_shell_common::perf: frust-perf raw n=77 total_us=99480 rebuild_us=573 layout_us=21 paint_us=30 encode_us=100 acquire_us=109 submit_us=98645 skipped=0 gpu_q=0
frust_shell_common::perf: frust-perf raw n=78 total_us=98755 rebuild_us=632 layout_us=21 paint_us=33 encode_us=102 acquire_us=101 submit_us=97864 skipped=0 gpu_q=0
frust_shell_common::perf: frust-perf raw n=79 total_us=94276 rebuild_us=637 layout_us=23 paint_us=34 encode_us=181 acquire_us=258 submit_us=93140 skipped=0 gpu_q=0
frust_shell_common::perf: frust-perf raw n=80 total_us=98496 rebuild_us=763 layout_us=33 paint_us=40 encode_us=99 acquire_us=116 submit_us=97443 skipped=0 gpu_q=0
frust_shell_common::perf: frust-perf raw n=81 total_us=97967 rebuild_us=721 layout_us=22 paint_us=34 encode_us=102 acquire_us=101 submit_us=96984 skipped=0 gpu_q=0
frust_shell_common::perf: frust-perf raw n=82 total_us=94702 rebuild_us=610 layout_us=24 paint_us=36 encode_us=98 acquire_us=110 submit_us=93822 skipped=0 gpu_q=0
frust_shell_common::perf: frust-perf raw n=83 total_us=100014 rebuild_us=630 layout_us=26 paint_us=38 encode_us=137 acquire_us=135 submit_us=99047 skipped=0 gpu_q=0
frust_shell_android::app::frame: frust-perf platform-view tail depth=0 target=0 acquire_bound=false frame=600 expected_present_us=0 acquire_us=125 period_us=11149
frust_shell_common::perf: frust-perf raw n=84 total_us=97238 rebuild_us=680 layout_us=27 paint_us=39 encode_us=100 acquire_us=108 submit_us=96282 skipped=0 gpu_q=0
frust_shell_common::perf: frust-perf raw n=85 total_us=97121 rebuild_us=620 layout_us=23 paint_us=35 encode_us=99 acquire_us=108 submit_us=96234 skipped=0 gpu_q=0
frust_shell_common::perf: frust-perf raw n=86 total_us=97905 rebuild_us=729 layout_us=27 paint_us=42 encode_us=99 acquire_us=106 submit_us=96900 skipped=0 gpu_q=0
frust_shell_common::perf: frust-perf raw n=87 total_us=101238 rebuild_us=587 layout_us=21 paint_us=33 encode_us=136 acquire_us=113 submit_us=100346 skipped=0 gpu_q=0
frust_shell_common::perf: frust-perf raw n=88 total_us=96774 rebuild_us=608 layout_us=24 paint_us=33 encode_us=106 acquire_us=103 submit_us=95897 skipped=0 gpu_q=0
frust_shell_common::perf: frust-perf raw n=89 total_us=97202 rebuild_us=589 layout_us=24 paint_us=32 encode_us=101 acquire_us=107 submit_us=96346 skipped=0 gpu_q=0
frust_shell_common::perf: frust-perf raw n=90 total_us=96762 rebuild_us=700 layout_us=29 paint_us=38 encode_us=100 acquire_us=103 submit_us=95790 skipped=0 gpu_q=0
frust_shell_common::perf: frust-perf raw n=91 total_us=96283 rebuild_us=604 layout_us=24 paint_us=33 encode_us=103 acquire_us=115 submit_us=95402 skipped=0 gpu_q=0
frust_shell_common::perf: frust-perf raw n=92 total_us=100103 rebuild_us=636 layout_us=27 paint_us=37 encode_us=101 acquire_us=105 submit_us=99196 skipped=0 gpu_q=0
frust_shell_common::perf: frust-perf raw n=93 total_us=99620 rebuild_us=670 layout_us=26 paint_us=37 encode_us=100 acquire_us=100 submit_us=98685 skipped=0 gpu_q=0
frust_shell_common::perf: frust-perf raw n=94 total_us=98016 rebuild_us=737 layout_us=30 paint_us=36 encode_us=246 acquire_us=171 submit_us=96794 skipped=0 gpu_q=0
frust_shell_common::perf: frust-perf raw n=95 total_us=99582 rebuild_us=899 layout_us=45 paint_us=42 encode_us=97 acquire_us=103 submit_us=98395 skipped=0 gpu_q=0
frust_shell_common::perf: frust-perf raw n=96 total_us=98754 rebuild_us=572 layout_us=21 paint_us=31 encode_us=102 acquire_us=134 submit_us=97891 skipped=0 gpu_q=0
frust_shell_common::perf: frust-perf frame n=96 total_p50_ms=96 total_p95_ms=101 total_p99_ms=135 rebuild_p95_ms=0 layout_p95_ms=0 paint_p95_ms=0 encode_p95_ms=0 acquire_p95_ms=0 submit_p95_ms=100 over_60hz=96 over_120hz=96 skipped=0 total_frames=96
frust_shell_common::perf: frust-perf raw n=97 total_us=98192 rebuild_us=625 layout_us=26 paint_us=34 encode_us=100 acquire_us=99 submit_us=97306 skipped=0 gpu_q=0
frust_shell_android::app::frame: frust-perf platform-view tail depth=0 target=0 acquire_bound=false frame=720 expected_present_us=0 acquire_us=110 period_us=11178
frust_shell_common::perf: frust-perf raw n=98 total_us=95731 rebuild_us=668 layout_us=25 paint_us=34 encode_us=98 acquire_us=95 submit_us=94808 skipped=0 gpu_q=0
frust_shell_common::perf: frust-perf raw n=99 total_us=97411 rebuild_us=873 layout_us=36 paint_us=41 encode_us=97 acquire_us=99 submit_us=96262 skipped=0 gpu_q=0
frust_shell_common::perf: frust-perf raw n=100 total_us=96324 rebuild_us=611 layout_us=23 paint_us=34 encode_us=102 acquire_us=106 submit_us=95446 skipped=0 gpu_q=0
frust_shell_common::perf: frust-perf raw n=101 total_us=96457 rebuild_us=708 layout_us=29 paint_us=37 encode_us=98 acquire_us=138 submit_us=95445 skipped=0 gpu_q=0
frust_shell_common::perf: frust-perf raw n=102 total_us=96880 rebuild_us=573 layout_us=23 paint_us=31 encode_us=100 acquire_us=103 submit_us=96048 skipped=0 gpu_q=0
frust_shell_common::perf: frust-perf raw n=103 total_us=100125 rebuild_us=585 layout_us=28 paint_us=35 encode_us=98 acquire_us=99 submit_us=99278 skipped=0 gpu_q=0
frust_shell_common::perf: frust-perf raw n=104 total_us=99344 rebuild_us=667 layout_us=27 paint_us=36 encode_us=157 acquire_us=174 submit_us=98280 skipped=0 gpu_q=0
frust_shell_common::perf: frust-perf raw n=105 total_us=97287 rebuild_us=702 layout_us=28 paint_us=34 encode_us=97 acquire_us=94 submit_us=96330 skipped=0 gpu_q=0
frust_shell_common::perf: frust-perf raw n=106 total_us=96023 rebuild_us=793 layout_us=33 paint_us=42 encode_us=99 acquire_us=111 submit_us=94943 skipped=0 gpu_q=0
frust_shell_common::perf: frust-perf raw n=107 total_us=94517 rebuild_us=573 layout_us=20 paint_us=31 encode_us=104 acquire_us=112 submit_us=93675 skipped=0 gpu_q=0
frust_shell_common::perf: frust-perf raw n=108 total_us=94807 rebuild_us=733 layout_us=31 paint_us=39 encode_us=98 acquire_us=93 submit_us=93811 skipped=0 gpu_q=0
frust_shell_common::perf: frust-perf raw n=109 total_us=101443 rebuild_us=568 layout_us=19 paint_us=30 encode_us=98 acquire_us=95 submit_us=100629 skipped=0 gpu_q=0
frust_shell_common::perf: frust-perf raw n=110 total_us=96939 rebuild_us=689 layout_us=27 paint_us=38 encode_us=102 acquire_us=102 submit_us=95978 skipped=0 gpu_q=0
frust_shell_common::perf: frust-perf raw n=111 total_us=94510 rebuild_us=703 layout_us=26 paint_us=36 encode_us=97 acquire_us=96 submit_us=93548 skipped=0 gpu_q=0
frust_shell_android::app::frame: frust-perf platform-view tail depth=0 target=0 acquire_bound=false frame=840 expected_present_us=0 acquire_us=99 period_us=11257
frust_shell_common::perf: frust-perf raw n=112 total_us=97843 rebuild_us=562 layout_us=18 paint_us=30 encode_us=101 acquire_us=95 submit_us=97035 skipped=0 gpu_q=0
frust_shell_common::perf: frust-perf raw n=113 total_us=93903 rebuild_us=674 layout_us=27 paint_us=35 encode_us=98 acquire_us=90 submit_us=92978 skipped=0 gpu_q=0
frust_shell_common::perf: frust-perf raw n=114 total_us=97233 rebuild_us=583 layout_us=22 paint_us=32 encode_us=184 acquire_us=183 submit_us=96227 skipped=0 gpu_q=0
frust_shell_common::perf: frust-perf raw n=115 total_us=95805 rebuild_us=704 layout_us=30 paint_us=36 encode_us=98 acquire_us=97 submit_us=94836 skipped=0 gpu_q=0
frust_shell_common::perf: frust-perf raw n=116 total_us=99946 rebuild_us=568 layout_us=15 paint_us=72 encode_us=97 acquire_us=102 submit_us=99090 skipped=0 gpu_q=0
frust_shell_common::perf: frust-perf raw n=117 total_us=98417 rebuild_us=633 layout_us=22 paint_us=32 encode_us=101 acquire_us=105 submit_us=97522 skipped=0 gpu_q=0
frust_shell_common::perf: frust-perf frame n=117 total_p50_ms=96 total_p95_ms=101 total_p99_ms=119 rebuild_p95_ms=0 layout_p95_ms=0 paint_p95_ms=0 encode_p95_ms=0 acquire_p95_ms=0 submit_p95_ms=100 over_60hz=117 over_120hz=117 skipped=0 total_frames=117
frust_shell_common::perf: frust-perf raw n=118 total_us=93910 rebuild_us=611 layout_us=21 paint_us=31 encode_us=103 acquire_us=104 submit_us=93038 skipped=0 gpu_q=0
frust_shell_common::perf: frust-perf raw n=119 total_us=96370 rebuild_us=781 layout_us=32 paint_us=38 encode_us=96 acquire_us=97 submit_us=95323 skipped=0 gpu_q=0
frust_shell_common::perf: frust-perf raw n=120 total_us=98960 rebuild_us=626 layout_us=22 paint_us=36 encode_us=100 acquire_us=156 submit_us=98016 skipped=0 gpu_q=0
frust_shell_common::perf: frust-perf raw n=121 total_us=95536 rebuild_us=703 layout_us=27 paint_us=36 encode_us=96 acquire_us=90 submit_us=94581 skipped=0 gpu_q=0
frust_shell_common::perf: frust-perf raw n=122 total_us=96344 rebuild_us=619 layout_us=25 paint_us=35 encode_us=88 acquire_us=86 submit_us=95488 skipped=0 gpu_q=0
frust_shell_common::perf: frust-perf raw n=123 total_us=93793 rebuild_us=567 layout_us=20 paint_us=28 encode_us=102 acquire_us=108 submit_us=92965 skipped=0 gpu_q=0
frust_shell_common::perf: frust-perf raw n=124 total_us=97121 rebuild_us=570 layout_us=21 paint_us=32 encode_us=181 acquire_us=159 submit_us=96155 skipped=0 gpu_q=0
frust_shell_common::perf: frust-perf raw n=125 total_us=94827 rebuild_us=599 layout_us=23 paint_us=33 encode_us=108 acquire_us=115 submit_us=93946 skipped=0 gpu_q=0
frust_shell_common::perf: frust-perf raw n=126 total_us=98365 rebuild_us=777 layout_us=36 paint_us=41 encode_us=97 acquire_us=110 submit_us=97302 skipped=0 gpu_q=0
frust_shell_android::app::frame: frust-perf platform-view tail depth=0 target=0 acquire_bound=false frame=960 expected_present_us=0 acquire_us=111 period_us=11910
frust_shell_common::perf: frust-perf raw n=127 total_us=98585 rebuild_us=561 layout_us=21 paint_us=31 encode_us=100 acquire_us=101 submit_us=97768 skipped=0 gpu_q=0
frust_shell_common::perf: frust-perf raw n=128 total_us=93537 rebuild_us=580 layout_us=21 paint_us=29 encode_us=102 acquire_us=106 submit_us=92697 skipped=0 gpu_q=0
frust_shell_common::perf: frust-perf raw n=129 total_us=98181 rebuild_us=655 layout_us=27 paint_us=36 encode_us=104 acquire_us=95 submit_us=97261 skipped=0 gpu_q=0
frust_shell_common::perf: frust-perf raw n=130 total_us=97586 rebuild_us=560 layout_us=20 paint_us=30 encode_us=102 acquire_us=116 submit_us=96755 skipped=0 gpu_q=0
frust_shell_common::perf: frust-perf raw n=131 total_us=96191 rebuild_us=665 layout_us=26 paint_us=36 encode_us=98 acquire_us=105 submit_us=95258 skipped=0 gpu_q=0
frust_shell_common::perf: frust-perf raw n=132 total_us=98236 rebuild_us=556 layout_us=19 paint_us=30 encode_us=105 acquire_us=111 submit_us=97413 skipped=0 gpu_q=0
frust_shell_common::perf: frust-perf raw n=133 total_us=97014 rebuild_us=577 layout_us=21 paint_us=32 encode_us=100 acquire_us=103 submit_us=96179 skipped=0 gpu_q=0
frust_shell_common::perf: frust-perf raw n=134 total_us=98394 rebuild_us=558 layout_us=21 paint_us=29 encode_us=99 acquire_us=127 submit_us=97558 skipped=0 gpu_q=0
frust_shell_common::perf: frust-perf raw n=135 total_us=94311 rebuild_us=657 layout_us=25 paint_us=35 encode_us=95 acquire_us=89 submit_us=93407 skipped=0 gpu_q=0
frust_shell_common::perf: frust-perf raw n=136 total_us=98910 rebuild_us=706 layout_us=25 paint_us=34 encode_us=97 acquire_us=96 submit_us=97949 skipped=0 gpu_q=0
frust_shell_common::perf: frust-perf raw n=137 total_us=98881 rebuild_us=706 layout_us=27 paint_us=36 encode_us=96 acquire_us=90 submit_us=97923 skipped=0 gpu_q=0
frust_shell_common::perf: frust-perf raw n=138 total_us=96558 rebuild_us=678 layout_us=28 paint_us=39 encode_us=102 acquire_us=106 submit_us=95602 skipped=0 gpu_q=0
frust_shell_common::perf: frust-perf frame n=120 total_p50_ms=97 total_p95_ms=100 total_p99_ms=101 rebuild_p95_ms=0 layout_p95_ms=0 paint_p95_ms=0 encode_p95_ms=0 acquire_p95_ms=0 submit_p95_ms=99 over_60hz=138 over_120hz=138 skipped=0 total_frames=138
frust_shell_common::perf: frust-perf raw n=139 total_us=97558 rebuild_us=605 layout_us=21 paint_us=30 encode_us=132 acquire_us=94 submit_us=96673 skipped=0 gpu_q=0
frust_shell_common::perf: frust-perf raw n=140 total_us=99697 rebuild_us=626 layout_us=21 paint_us=32 encode_us=103 acquire_us=117 submit_us=98795 skipped=0 gpu_q=0
frust_shell_common::perf: frust-perf raw n=141 total_us=97727 rebuild_us=688 layout_us=25 paint_us=35 encode_us=97 acquire_us=103 submit_us=96776 skipped=0 gpu_q=0
frust_shell_android::app::frame: frust-perf platform-view tail depth=0 target=0 acquire_bound=false frame=1080 expected_present_us=0 acquire_us=102 period_us=11200
frust_shell_common::perf: frust-perf raw n=142 total_us=98044 rebuild_us=639 layout_us=26 paint_us=35 encode_us=98 acquire_us=105 submit_us=97140 skipped=0 gpu_q=0
frust_shell_common::perf: frust-perf raw n=143 total_us=95433 rebuild_us=636 layout_us=22 paint_us=31 encode_us=104 acquire_us=93 submit_us=94544 skipped=0 gpu_q=0
frust_shell_common::perf: frust-perf raw n=144 total_us=100578 rebuild_us=632 layout_us=23 paint_us=32 encode_us=97 acquire_us=100 submit_us=99691 skipped=0 gpu_q=0
frust_shell_common::perf: frust-perf raw n=145 total_us=100419 rebuild_us=719 layout_us=30 paint_us=37 encode_us=97 acquire_us=96 submit_us=99437 skipped=0 gpu_q=0
frust_shell_common::perf: frust-perf raw n=146 total_us=96241 rebuild_us=656 layout_us=25 paint_us=36 encode_us=99 acquire_us=99 submit_us=95323 skipped=0 gpu_q=0
frust_shell_common::perf: frust-perf raw n=147 total_us=98786 rebuild_us=600 layout_us=22 paint_us=37 encode_us=184 acquire_us=297 submit_us=97645 skipped=0 gpu_q=0
frust_shell_common::perf: frust-perf raw n=148 total_us=96602 rebuild_us=643 layout_us=20 paint_us=30 encode_us=115 acquire_us=100 submit_us=95691 skipped=0 gpu_q=0
frust_shell_common::perf: frust-perf raw n=149 total_us=95248 rebuild_us=737 layout_us=26 paint_us=36 encode_us=96 acquire_us=101 submit_us=94250 skipped=0 gpu_q=0
frust_shell_common::perf: frust-perf raw n=150 total_us=95331 rebuild_us=592 layout_us=21 paint_us=34 encode_us=101 acquire_us=108 submit_us=94473 skipped=0 gpu_q=0
frust_shell_common::perf: frust-perf raw n=151 total_us=96505 rebuild_us=577 layout_us=20 paint_us=33 encode_us=97 acquire_us=114 submit_us=95662 skipped=0 gpu_q=0
frust_shell_common::perf: frust-perf raw n=152 total_us=100354 rebuild_us=644 layout_us=26 paint_us=36 encode_us=102 acquire_us=97 submit_us=99447 skipped=0 gpu_q=0
frust_shell_common::perf: frust-perf raw n=153 total_us=98682 rebuild_us=572 layout_us=21 paint_us=30 encode_us=137 acquire_us=108 submit_us=97812 skipped=0 gpu_q=0
frust_shell_common::perf: frust-perf raw n=154 total_us=96314 rebuild_us=582 layout_us=22 paint_us=32 encode_us=101 acquire_us=107 submit_us=95468 skipped=0 gpu_q=0
frust_shell_common::perf: frust-perf raw n=155 total_us=96639 rebuild_us=749 layout_us=29 paint_us=38 encode_us=97 acquire_us=93 submit_us=95632 skipped=0 gpu_q=0
frust_shell_android::app::frame: frust-perf platform-view tail depth=0 target=0 acquire_bound=false frame=1200 expected_present_us=0 acquire_us=105 period_us=13133
frust_shell_common::perf: frust-perf raw n=156 total_us=96873 rebuild_us=560 layout_us=20 paint_us=32 encode_us=105 acquire_us=106 submit_us=96047 skipped=0 gpu_q=0
frust_shell_common::perf: frust-perf raw n=157 total_us=98551 rebuild_us=633 layout_us=24 paint_us=35 encode_us=98 acquire_us=112 submit_us=97645 skipped=0 gpu_q=0
frust_shell_common::perf: frust-perf raw n=158 total_us=95845 rebuild_us=673 layout_us=28 paint_us=37 encode_us=167 acquire_us=156 submit_us=94782 skipped=0 gpu_q=0
frust_shell_common::perf: frust-perf raw n=159 total_us=97485 rebuild_us=576 layout_us=21 paint_us=32 encode_us=105 acquire_us=120 submit_us=96628 skipped=0 gpu_q=0
frust_shell_common::perf: frust-perf frame n=120 total_p50_ms=97 total_p95_ms=100 total_p99_ms=101 rebuild_p95_ms=0 layout_p95_ms=0 paint_p95_ms=0 encode_p95_ms=0 acquire_p95_ms=0 submit_p95_ms=99 over_60hz=159 over_120hz=159 skipped=0 total_frames=159
frust_shell_common::perf: frust-perf raw n=160 total_us=92990 rebuild_us=591 layout_us=22 paint_us=32 encode_us=99 acquire_us=94 submit_us=92149 skipped=0 gpu_q=0
frust_shell_common::perf: frust-perf raw n=161 total_us=95310 rebuild_us=639 layout_us=25 paint_us=36 encode_us=102 acquire_us=100 submit_us=94407 skipped=0 gpu_q=0
frust_shell_common::perf: frust-perf raw n=162 total_us=98410 rebuild_us=577 layout_us=21 paint_us=31 encode_us=101 acquire_us=117 submit_us=97560 skipped=0 gpu_q=0
frust_shell_common::perf: frust-perf raw n=163 total_us=97178 rebuild_us=706 layout_us=29 paint_us=39 encode_us=96 acquire_us=109 submit_us=96197 skipped=0 gpu_q=0
frust_shell_common::perf: frust-perf raw n=164 total_us=98920 rebuild_us=578 layout_us=22 paint_us=31 encode_us=104 acquire_us=116 submit_us=98066 skipped=0 gpu_q=0
frust_shell_common::perf: frust-perf raw n=165 total_us=97165 rebuild_us=589 layout_us=21 paint_us=32 encode_us=102 acquire_us=106 submit_us=96312 skipped=0 gpu_q=0
frust_shell_common::perf: frust-perf raw n=166 total_us=95519 rebuild_us=633 layout_us=26 paint_us=34 encode_us=99 acquire_us=94 submit_us=94631 skipped=0 gpu_q=0
frust_shell_common::perf: frust-perf raw n=167 total_us=96027 rebuild_us=624 layout_us=24 paint_us=34 encode_us=187 acquire_us=188 submit_us=94967 skipped=0 gpu_q=0
frust_shell_common::perf: frust-perf raw n=168 total_us=100635 rebuild_us=564 layout_us=19 paint_us=30 encode_us=105 acquire_us=139 submit_us=99776 skipped=0 gpu_q=0
frust_shell_common::perf: frust-perf raw n=169 total_us=98431 rebuild_us=643 layout_us=25 paint_us=37 encode_us=135 acquire_us=131 submit_us=97457 skipped=0 gpu_q=0
frust_shell_common::perf: frust-perf raw n=170 total_us=100020 rebuild_us=646 layout_us=25 paint_us=36 encode_us=99 acquire_us=114 submit_us=99097 skipped=0 gpu_q=0
frust_shell_android::app::frame: frust-perf platform-view tail depth=0 target=0 acquire_bound=false frame=1320 expected_present_us=0 acquire_us=118 period_us=11801
frust_shell_common::perf: frust-perf raw n=171 total_us=97142 rebuild_us=725 layout_us=32 paint_us=50 encode_us=102 acquire_us=102 submit_us=96128 skipped=0 gpu_q=0
frust_shell_common::perf: frust-perf raw n=172 total_us=98998 rebuild_us=563 layout_us=20 paint_us=30 encode_us=99 acquire_us=108 submit_us=98176 skipped=0 gpu_q=0
frust_shell_common::perf: frust-perf raw n=173 total_us=103616 rebuild_us=569 layout_us=20 paint_us=30 encode_us=99 acquire_us=96 submit_us=102798 skipped=0 gpu_q=0
frust_shell_common::perf: frust-perf raw n=174 total_us=99922 rebuild_us=658 layout_us=24 paint_us=36 encode_us=102 acquire_us=105 submit_us=98995 skipped=0 gpu_q=0
frust_shell_common::perf: frust-perf raw n=175 total_us=97025 rebuild_us=561 layout_us=21 paint_us=32 encode_us=100 acquire_us=108 submit_us=96201 skipped=0 gpu_q=0
frust_shell_common::perf: frust-perf raw n=176 total_us=98316 rebuild_us=564 layout_us=19 paint_us=40 encode_us=99 acquire_us=92 submit_us=97497 skipped=0 gpu_q=0
frust_shell_common::perf: frust-perf raw n=177 total_us=95815 rebuild_us=673 layout_us=26 paint_us=37 encode_us=97 acquire_us=92 submit_us=94888 skipped=0 gpu_q=0
frust_shell_common::perf: frust-perf raw n=178 total_us=97925 rebuild_us=569 layout_us=21 paint_us=32 encode_us=102 acquire_us=97 submit_us=97101 skipped=0 gpu_q=0
frust_shell_common::perf: frust-perf raw n=179 total_us=97968 rebuild_us=591 layout_us=22 paint_us=31 encode_us=111 acquire_us=116 submit_us=97095 skipped=0 gpu_q=0
frust_shell_common::perf: frust-perf raw n=180 total_us=98254 rebuild_us=680 layout_us=27 paint_us=36 encode_us=140 acquire_us=182 submit_us=97186 skipped=0 gpu_q=0
frust_shell_common::perf: frust-perf frame n=120 total_p50_ms=97 total_p95_ms=100 total_p99_ms=101 rebuild_p95_ms=0 layout_p95_ms=0 paint_p95_ms=0 encode_p95_ms=0 acquire_p95_ms=0 submit_p95_ms=99 over_60hz=180 over_120hz=180 skipped=0 total_frames=180
frust_shell_common::perf: frust-perf raw n=181 total_us=98143 rebuild_us=782 layout_us=33 paint_us=43 encode_us=95 acquire_us=118 submit_us=97069 skipped=0 gpu_q=0
frust_shell_common::perf: frust-perf raw n=182 total_us=99699 rebuild_us=570 layout_us=21 paint_us=32 encode_us=99 acquire_us=110 submit_us=98864 skipped=0 gpu_q=0
frust_shell_common::perf: frust-perf raw n=183 total_us=94931 rebuild_us=664 layout_us=27 paint_us=36 encode_us=98 acquire_us=99 submit_us=94005 skipped=0 gpu_q=0
frust_shell_common::perf: frust-perf raw n=184 total_us=97023 rebuild_us=773 layout_us=36 paint_us=44 encode_us=97 acquire_us=103 submit_us=95968 skipped=0 gpu_q=0
frust_shell_android::app::frame: frust-perf platform-view tail depth=0 target=0 acquire_bound=false frame=1440 expected_present_us=0 acquire_us=106 period_us=11633
frust_shell_common::perf: frust-perf raw n=185 total_us=98209 rebuild_us=588 layout_us=21 paint_us=31 encode_us=101 acquire_us=96 submit_us=97370 skipped=0 gpu_q=0
frust_shell_common::perf: frust-perf raw n=186 total_us=96833 rebuild_us=582 layout_us=22 paint_us=33 encode_us=103 acquire_us=96 submit_us=95995 skipped=0 gpu_q=0
frust_shell_common::perf: frust-perf raw n=187 total_us=97797 rebuild_us=675 layout_us=25 paint_us=34 encode_us=152 acquire_us=155 submit_us=96753 skipped=0 gpu_q=0
frust_shell_common::perf: frust-perf raw n=188 total_us=97701 rebuild_us=562 layout_us=20 paint_us=31 encode_us=85 acquire_us=98 submit_us=96903 skipped=0 gpu_q=0
frust_shell_common::perf: frust-perf raw n=189 total_us=96618 rebuild_us=579 layout_us=21 paint_us=32 encode_us=116 acquire_us=116 submit_us=95750 skipped=0 gpu_q=0
frust_shell_common::perf: frust-perf raw n=190 total_us=97887 rebuild_us=662 layout_us=27 paint_us=40 encode_us=98 acquire_us=91 submit_us=96967 skipped=0 gpu_q=0
frust_shell_common::perf: frust-perf raw n=191 total_us=97775 rebuild_us=586 layout_us=19 paint_us=30 encode_us=100 acquire_us=101 submit_us=96936 skipped=0 gpu_q=0
frust_shell_common::perf: frust-perf raw n=192 total_us=94678 rebuild_us=627 layout_us=21 paint_us=31 encode_us=99 acquire_us=119 submit_us=93777 skipped=0 gpu_q=0
frust_shell_common::perf: frust-perf raw n=193 total_us=93921 rebuild_us=612 layout_us=25 paint_us=35 encode_us=169 acquire_us=245 submit_us=92832 skipped=0 gpu_q=0
frust_shell_common::perf: frust-perf raw n=194 total_us=95991 rebuild_us=602 layout_us=20 paint_us=31 encode_us=263 acquire_us=175 submit_us=94898 skipped=0 gpu_q=0
frust_shell_common::perf: frust-perf raw n=195 total_us=97861 rebuild_us=687 layout_us=25 paint_us=38 encode_us=97 acquire_us=107 submit_us=96905 skipped=0 gpu_q=0
frust_shell_common::perf: frust-perf raw n=196 total_us=96877 rebuild_us=553 layout_us=21 paint_us=29 encode_us=102 acquire_us=108 submit_us=96061 skipped=0 gpu_q=0
frust_shell_common::perf: frust-perf raw n=197 total_us=102406 rebuild_us=592 layout_us=22 paint_us=34 encode_us=100 acquire_us=108 submit_us=101548 skipped=0 gpu_q=0
frust_shell_common::perf: frust-perf raw n=198 total_us=95856 rebuild_us=684 layout_us=27 paint_us=37 encode_us=101 acquire_us=95 submit_us=94909 skipped=0 gpu_q=0
frust_shell_android::app::frame: frust-perf platform-view tail depth=0 target=0 acquire_bound=false frame=1560 expected_present_us=0 acquire_us=111 period_us=12617
frust_shell_common::perf: frust-perf raw n=199 total_us=96081 rebuild_us=739 layout_us=30 paint_us=38 encode_us=98 acquire_us=97 submit_us=95077 skipped=0 gpu_q=0
frust_shell_common::perf: frust-perf raw n=200 total_us=94831 rebuild_us=598 layout_us=22 paint_us=32 encode_us=100 acquire_us=109 submit_us=93968 skipped=0 gpu_q=0
frust_shell_common::perf: frust-perf raw n=201 total_us=97421 rebuild_us=681 layout_us=29 paint_us=37 encode_us=168 acquire_us=143 submit_us=96360 skipped=0 gpu_q=0
frust_shell_common::perf: frust-perf frame n=120 total_p50_ms=97 total_p95_ms=100 total_p99_ms=102 rebuild_p95_ms=0 layout_p95_ms=0 paint_p95_ms=0 encode_p95_ms=0 acquire_p95_ms=0 submit_p95_ms=99 over_60hz=201 over_120hz=201 skipped=0 total_frames=201
frust_shell_common::perf: frust-perf raw n=202 total_us=99161 rebuild_us=555 layout_us=20 paint_us=30 encode_us=101 acquire_us=113 submit_us=98339 skipped=0 gpu_q=0
frust_shell_common::perf: frust-perf raw n=203 total_us=100094 rebuild_us=594 layout_us=21 paint_us=33 encode_us=102 acquire_us=97 submit_us=99246 skipped=0 gpu_q=0
frust_shell_common::perf: frust-perf raw n=204 total_us=93634 rebuild_us=672 layout_us=25 paint_us=36 encode_us=109 acquire_us=116 submit_us=92674 skipped=0 gpu_q=0
frust_shell_common::perf: frust-perf raw n=205 total_us=97643 rebuild_us=704 layout_us=25 paint_us=37 encode_us=100 acquire_us=113 submit_us=96662 skipped=0 gpu_q=0
frust_shell_common::perf: frust-perf raw n=206 total_us=99165 rebuild_us=583 layout_us=27 paint_us=33 encode_us=102 acquire_us=112 submit_us=98304 skipped=0 gpu_q=0
frust_shell_common::perf: frust-perf raw n=207 total_us=99414 rebuild_us=679 layout_us=28 paint_us=35 encode_us=106 acquire_us=104 submit_us=98459 skipped=0 gpu_q=0
frust_shell_common::perf: frust-perf raw n=208 total_us=96830 rebuild_us=684 layout_us=28 paint_us=39 encode_us=97 acquire_us=94 submit_us=95886 skipped=0 gpu_q=0
frust_shell_common::perf: frust-perf raw n=209 total_us=95725 rebuild_us=732 layout_us=30 paint_us=39 encode_us=164 acquire_us=136 submit_us=94621 skipped=0 gpu_q=0
frust_shell_common::perf: frust-perf raw n=210 total_us=94228 rebuild_us=557 layout_us=20 paint_us=29 encode_us=99 acquire_us=104 submit_us=93416 skipped=0 gpu_q=0
frust_shell_common::perf: frust-perf raw n=211 total_us=100537 rebuild_us=701 layout_us=40 paint_us=40 encode_us=97 acquire_us=111 submit_us=99547 skipped=0 gpu_q=0
frust_shell_common::perf: frust-perf raw n=212 total_us=100428 rebuild_us=568 layout_us=20 paint_us=32 encode_us=103 acquire_us=105 submit_us=99598 skipped=0 gpu_q=0
frust_shell_common::perf: frust-perf raw n=213 total_us=94376 rebuild_us=629 layout_us=27 paint_us=35 encode_us=105 acquire_us=100 submit_us=93479 skipped=0 gpu_q=0
frust_shell_android::app::frame: frust-perf platform-view tail depth=0 target=0 acquire_bound=false frame=1680 expected_present_us=0 acquire_us=116 period_us=11207
frust_shell_common::perf: frust-perf raw n=214 total_us=95845 rebuild_us=576 layout_us=21 paint_us=32 encode_us=101 acquire_us=148 submit_us=94965 skipped=0 gpu_q=0
frust_shell_common::perf: frust-perf raw n=215 total_us=95259 rebuild_us=620 layout_us=24 paint_us=37 encode_us=101 acquire_us=101 submit_us=94374 skipped=0 gpu_q=0
frust_shell_common::perf: frust-perf raw n=216 total_us=95032 rebuild_us=585 layout_us=22 paint_us=32 encode_us=97 acquire_us=150 submit_us=94144 skipped=0 gpu_q=0
frust_shell_common::perf: frust-perf raw n=217 total_us=98304 rebuild_us=696 layout_us=29 paint_us=39 encode_us=99 acquire_us=96 submit_us=97343 skipped=0 gpu_q=0
frust_shell_common::perf: frust-perf raw n=218 total_us=99571 rebuild_us=562 layout_us=20 paint_us=32 encode_us=101 acquire_us=96 submit_us=98757 skipped=0 gpu_q=0
frust_shell_common::perf: frust-perf raw n=219 total_us=98097 rebuild_us=681 layout_us=27 paint_us=37 encode_us=101 acquire_us=103 submit_us=97145 skipped=0 gpu_q=0
frust_shell_common::perf: frust-perf raw n=220 total_us=96020 rebuild_us=685 layout_us=27 paint_us=36 encode_us=99 acquire_us=95 submit_us=95075 skipped=0 gpu_q=0
frust_shell_common::perf: frust-perf raw n=221 total_us=95503 rebuild_us=618 layout_us=21 paint_us=33 encode_us=99 acquire_us=96 submit_us=94633 skipped=0 gpu_q=0
frust_shell_common::perf: frust-perf raw n=222 total_us=99679 rebuild_us=620 layout_us=20 paint_us=29 encode_us=305 acquire_us=268 submit_us=98435 skipped=0 gpu_q=0
frust_shell_common::perf: frust-perf frame n=120 total_p50_ms=97 total_p95_ms=100 total_p99_ms=102 rebuild_p95_ms=0 layout_p95_ms=0 paint_p95_ms=0 encode_p95_ms=0 acquire_p95_ms=0 submit_p95_ms=99 over_60hz=222 over_120hz=222 skipped=0 total_frames=222
frust_shell_common::perf: frust-perf raw n=223 total_us=94560 rebuild_us=712 layout_us=26 paint_us=35 encode_us=93 acquire_us=96 submit_us=93594 skipped=0 gpu_q=0
frust_shell_common::perf: frust-perf raw n=224 total_us=95480 rebuild_us=599 layout_us=20 paint_us=31 encode_us=106 acquire_us=128 submit_us=94593 skipped=0 gpu_q=0
frust_shell_common::perf: frust-perf raw n=225 total_us=97259 rebuild_us=720 layout_us=28 paint_us=36 encode_us=98 acquire_us=93 submit_us=96283 skipped=0 gpu_q=0
frust_shell_common::perf: frust-perf raw n=226 total_us=96013 rebuild_us=560 layout_us=20 paint_us=31 encode_us=133 acquire_us=103 submit_us=95163 skipped=0 gpu_q=0
frust_shell_common::perf: frust-perf raw n=227 total_us=96982 rebuild_us=569 layout_us=19 paint_us=31 encode_us=97 acquire_us=108 submit_us=96155 skipped=0 gpu_q=0
frust_shell_android::app::frame: frust-perf platform-view tail depth=0 target=0 acquire_bound=false frame=1800 expected_present_us=0 acquire_us=108 period_us=11145
frust_shell_common::perf: frust-perf raw n=228 total_us=99587 rebuild_us=690 layout_us=28 paint_us=36 encode_us=96 acquire_us=95 submit_us=98640 skipped=0 gpu_q=0
frust_shell_common::perf: frust-perf raw n=229 total_us=100393 rebuild_us=803 layout_us=36 paint_us=41 encode_us=97 acquire_us=100 submit_us=99315 skipped=0 gpu_q=0
frust_shell_common::perf: frust-perf raw n=230 total_us=97104 rebuild_us=651 layout_us=27 paint_us=36 encode_us=99 acquire_us=103 submit_us=96186 skipped=0 gpu_q=0
frust_shell_common::perf: frust-perf raw n=231 total_us=99385 rebuild_us=583 layout_us=20 paint_us=30 encode_us=118 acquire_us=125 submit_us=98506 skipped=0 gpu_q=0
frust_shell_common::perf: frust-perf raw n=232 total_us=97800 rebuild_us=665 layout_us=26 paint_us=34 encode_us=98 acquire_us=91 submit_us=96884 skipped=0 gpu_q=0
frust_shell_common::perf: frust-perf raw n=233 total_us=98372 rebuild_us=695 layout_us=27 paint_us=34 encode_us=94 acquire_us=97 submit_us=97422 skipped=0 gpu_q=0
frust_shell_common::perf: frust-perf raw n=234 total_us=101370 rebuild_us=783 layout_us=35 paint_us=43 encode_us=940 acquire_us=135 submit_us=99432 skipped=0 gpu_q=0
frust_shell_common::perf: frust-perf raw n=235 total_us=95316 rebuild_us=785 layout_us=33 paint_us=41 encode_us=99 acquire_us=90 submit_us=94266 skipped=0 gpu_q=0
frust_shell_common::perf: frust-perf raw n=236 total_us=96015 rebuild_us=586 layout_us=21 paint_us=31 encode_us=101 acquire_us=122 submit_us=95152 skipped=0 gpu_q=0
frust_shell_common::perf: frust-perf raw n=237 total_us=98881 rebuild_us=727 layout_us=39 paint_us=47 encode_us=97 acquire_us=98 submit_us=97869 skipped=0 gpu_q=0
frust_shell_common::perf: frust-perf raw n=238 total_us=97552 rebuild_us=560 layout_us=20 paint_us=31 encode_us=105 acquire_us=95 submit_us=96738 skipped=0 gpu_q=0
frust_shell_common::perf: frust-perf raw n=239 total_us=95837 rebuild_us=584 layout_us=24 paint_us=33 encode_us=99 acquire_us=126 submit_us=94969 skipped=0 gpu_q=0
frust_shell_common::perf: frust-perf raw n=240 total_us=94815 rebuild_us=708 layout_us=31 paint_us=38 encode_us=99 acquire_us=115 submit_us=93821 skipped=0 gpu_q=0
frust_shell_common::perf: frust-perf raw n=241 total_us=95996 rebuild_us=590 layout_us=21 paint_us=32 encode_us=100 acquire_us=110 submit_us=95142 skipped=0 gpu_q=0
frust_shell_common::perf: frust-perf raw n=242 total_us=94882 rebuild_us=661 layout_us=27 paint_us=37 encode_us=98 acquire_us=99 submit_us=93957 skipped=0 gpu_q=0
frust_shell_android::app::frame: frust-perf platform-view tail depth=0 target=0 acquire_bound=false frame=1920 expected_present_us=0 acquire_us=107 period_us=12166
frust_shell_common::perf: frust-perf raw n=243 total_us=95242 rebuild_us=561 layout_us=19 paint_us=29 encode_us=115 acquire_us=113 submit_us=94403 skipped=0 gpu_q=0
frust_shell_common::perf: frust-perf frame n=120 total_p50_ms=97 total_p95_ms=100 total_p99_ms=102 rebuild_p95_ms=0 layout_p95_ms=0 paint_p95_ms=0 encode_p95_ms=0 acquire_p95_ms=0 submit_p95_ms=99 over_60hz=243 over_120hz=243 skipped=0 total_frames=243
frust_shell_common::perf: frust-perf raw n=244 total_us=94731 rebuild_us=711 layout_us=33 paint_us=47 encode_us=95 acquire_us=98 submit_us=93745 skipped=0 gpu_q=0
frust_shell_common::perf: frust-perf raw n=245 total_us=93660 rebuild_us=577 layout_us=20 paint_us=30 encode_us=97 acquire_us=100 submit_us=92833 skipped=0 gpu_q=0
frust_shell_common::perf: frust-perf raw n=246 total_us=100718 rebuild_us=693 layout_us=25 paint_us=36 encode_us=95 acquire_us=100 submit_us=99766 skipped=0 gpu_q=0
frust_shell_common::perf: frust-perf raw n=247 total_us=99717 rebuild_us=604 layout_us=20 paint_us=31 encode_us=102 acquire_us=100 submit_us=98856 skipped=0 gpu_q=0
frust_shell_common::perf: frust-perf raw n=248 total_us=96780 rebuild_us=640 layout_us=21 paint_us=34 encode_us=138 acquire_us=100 submit_us=95843 skipped=0 gpu_q=0
frust_shell_common::perf: frust-perf raw n=249 total_us=99433 rebuild_us=577 layout_us=21 paint_us=32 encode_us=115 acquire_us=111 submit_us=98574 skipped=0 gpu_q=0
frust_shell_common::perf: frust-perf raw n=250 total_us=96711 rebuild_us=671 layout_us=29 paint_us=36 encode_us=99 acquire_us=96 submit_us=95778 skipped=0 gpu_q=0
frust_shell_common::perf: frust-perf raw n=251 total_us=97442 rebuild_us=581 layout_us=21 paint_us=31 encode_us=174 acquire_us=141 submit_us=96491 skipped=0 gpu_q=0
frust_shell_common::perf: frust-perf raw n=252 total_us=97762 rebuild_us=679 layout_us=24 paint_us=37 encode_us=101 acquire_us=114 submit_us=96805 skipped=0 gpu_q=0
frust_shell_common::perf: frust-perf raw n=253 total_us=94574 rebuild_us=694 layout_us=27 paint_us=36 encode_us=99 acquire_us=108 submit_us=93608 skipped=0 gpu_q=0
frust_shell_common::perf: frust-perf raw n=254 total_us=97437 rebuild_us=598 layout_us=20 paint_us=30 encode_us=104 acquire_us=98 submit_us=96584 skipped=0 gpu_q=0
frust_shell_common::perf: frust-perf raw n=255 total_us=94997 rebuild_us=637 layout_us=21 paint_us=33 encode_us=101 acquire_us=130 submit_us=94073 skipped=0 gpu_q=0
frust_shell_common::perf: frust-perf raw n=256 total_us=95622 rebuild_us=611 layout_us=23 paint_us=33 encode_us=106 acquire_us=112 submit_us=94734 skipped=0 gpu_q=0
frust_shell_android::app::frame: frust-perf platform-view tail depth=0 target=0 acquire_bound=false frame=2040 expected_present_us=0 acquire_us=110 period_us=12152
frust_shell_common::perf: frust-perf raw n=257 total_us=95142 rebuild_us=652 layout_us=21 paint_us=33 encode_us=101 acquire_us=105 submit_us=94229 skipped=0 gpu_q=0
frust_shell_common::perf: frust-perf raw n=258 total_us=102221 rebuild_us=619 layout_us=32 paint_us=35 encode_us=103 acquire_us=136 submit_us=101294 skipped=0 gpu_q=0
frust_shell_common::perf: frust-perf raw n=259 total_us=96995 rebuild_us=832 layout_us=29 paint_us=42 encode_us=98 acquire_us=84 submit_us=95909 skipped=0 gpu_q=0
frust_shell_common::perf: frust-perf raw n=260 total_us=93731 rebuild_us=568 layout_us=21 paint_us=33 encode_us=102 acquire_us=102 submit_us=92902 skipped=0 gpu_q=0
frust_shell_common::perf: frust-perf raw n=261 total_us=94679 rebuild_us=762 layout_us=56 paint_us=42 encode_us=94 acquire_us=84 submit_us=93637 skipped=0 gpu_q=0
frust_shell_common::perf: frust-perf raw n=262 total_us=97852 rebuild_us=560 layout_us=21 paint_us=30 encode_us=97 acquire_us=98 submit_us=97045 skipped=0 gpu_q=0
frust_shell_common::perf: frust-perf raw n=263 total_us=98892 rebuild_us=697 layout_us=27 paint_us=36 encode_us=149 acquire_us=159 submit_us=97820 skipped=0 gpu_q=0
frust_shell_common::perf: frust-perf raw n=264 total_us=98061 rebuild_us=755 layout_us=36 paint_us=44 encode_us=97 acquire_us=96 submit_us=97031 skipped=0 gpu_q=0
frust_shell_common::perf: frust-perf frame n=120 total_p50_ms=97 total_p95_ms=100 total_p99_ms=102 rebuild_p95_ms=0 layout_p95_ms=0 paint_p95_ms=0 encode_p95_ms=0 acquire_p95_ms=0 submit_p95_ms=99 over_60hz=264 over_120hz=264 skipped=0 total_frames=264
frust_shell_common::perf: frust-perf raw n=265 total_us=96037 rebuild_us=595 layout_us=22 paint_us=32 encode_us=100 acquire_us=105 submit_us=95180 skipped=0 gpu_q=0
frust_shell_common::perf: frust-perf raw n=266 total_us=99321 rebuild_us=578 layout_us=20 paint_us=32 encode_us=134 acquire_us=121 submit_us=98433 skipped=0 gpu_q=0
frust_shell_common::perf: frust-perf raw n=267 total_us=96167 rebuild_us=662 layout_us=26 paint_us=36 encode_us=94 acquire_us=89 submit_us=95257 skipped=0 gpu_q=0
frust_shell_common::perf: frust-perf raw n=268 total_us=93386 rebuild_us=566 layout_us=21 paint_us=31 encode_us=101 acquire_us=90 submit_us=92575 skipped=0 gpu_q=0
frust_shell_common::perf: frust-perf raw n=269 total_us=98071 rebuild_us=587 layout_us=21 paint_us=31 encode_us=98 acquire_us=95 submit_us=97237 skipped=0 gpu_q=0
frust_shell_common::perf: frust-perf raw n=270 total_us=97261 rebuild_us=721 layout_us=30 paint_us=39 encode_us=102 acquire_us=111 submit_us=96255 skipped=0 gpu_q=0
frust_shell_common::perf: frust-perf raw n=271 total_us=100115 rebuild_us=565 layout_us=20 paint_us=30 encode_us=99 acquire_us=103 submit_us=99296 skipped=0 gpu_q=0
frust_shell_android::app::frame: frust-perf platform-view tail depth=0 target=0 acquire_bound=false frame=2160 expected_present_us=0 acquire_us=110 period_us=11413
frust_shell_common::perf: frust-perf raw n=272 total_us=96258 rebuild_us=651 layout_us=27 paint_us=36 encode_us=162 acquire_us=137 submit_us=95244 skipped=0 gpu_q=0
frust_shell_common::perf: frust-perf raw n=273 total_us=97060 rebuild_us=687 layout_us=26 paint_us=36 encode_us=167 acquire_us=212 submit_us=95929 skipped=0 gpu_q=0
frust_shell_common::perf: frust-perf raw n=274 total_us=97238 rebuild_us=562 layout_us=21 paint_us=31 encode_us=100 acquire_us=101 submit_us=96422 skipped=0 gpu_q=0
frust_shell_common::perf: frust-perf raw n=275 total_us=97775 rebuild_us=661 layout_us=25 paint_us=36 encode_us=98 acquire_us=100 submit_us=96854 skipped=0 gpu_q=0
frust_shell_common::perf: frust-perf raw n=276 total_us=95316 rebuild_us=763 layout_us=34 paint_us=44 encode_us=132 acquire_us=96 submit_us=94245 skipped=0 gpu_q=0
frust_shell_common::perf: frust-perf raw n=277 total_us=93330 rebuild_us=758 layout_us=30 paint_us=41 encode_us=100 acquire_us=123 submit_us=92275 skipped=0 gpu_q=0
frust_shell_common::perf: frust-perf raw n=278 total_us=99866 rebuild_us=663 layout_us=26 paint_us=36 encode_us=187 acquire_us=269 submit_us=98682 skipped=0 gpu_q=0
frust_shell_common::perf: frust-perf raw n=279 total_us=97858 rebuild_us=691 layout_us=24 paint_us=34 encode_us=98 acquire_us=101 submit_us=96907 skipped=0 gpu_q=0
frust_shell_common::perf: frust-perf raw n=280 total_us=101675 rebuild_us=613 layout_us=21 paint_us=32 encode_us=101 acquire_us=95 submit_us=100810 skipped=0 gpu_q=0
frust_shell_common::perf: frust-perf raw n=281 total_us=95151 rebuild_us=709 layout_us=26 paint_us=35 encode_us=98 acquire_us=104 submit_us=94177 skipped=0 gpu_q=0
frust_shell_common::perf: frust-perf raw n=282 total_us=96471 rebuild_us=755 layout_us=38 paint_us=47 encode_us=100 acquire_us=92 submit_us=95436 skipped=0 gpu_q=0
frust_shell_common::perf: frust-perf raw n=283 total_us=94823 rebuild_us=571 layout_us=21 paint_us=31 encode_us=100 acquire_us=97 submit_us=94000 skipped=0 gpu_q=0
frust_shell_common::perf: frust-perf raw n=284 total_us=96908 rebuild_us=742 layout_us=29 paint_us=40 encode_us=94 acquire_us=92 submit_us=95908 skipped=0 gpu_q=0
frust_shell_common::perf: frust-perf raw n=285 total_us=99690 rebuild_us=588 layout_us=22 paint_us=32 encode_us=99 acquire_us=110 submit_us=98837 skipped=0 gpu_q=0
frust_shell_common::perf: frust-perf frame n=120 total_p50_ms=97 total_p95_ms=100 total_p99_ms=102 rebuild_p95_ms=0 layout_p95_ms=0 paint_p95_ms=0 encode_p95_ms=0 acquire_p95_ms=0 submit_p95_ms=99 over_60hz=285 over_120hz=285 skipped=0 total_frames=285
frust_shell_common::perf: frust-perf raw n=286 total_us=92143 rebuild_us=591 layout_us=22 paint_us=33 encode_us=100 acquire_us=111 submit_us=91283 skipped=0 gpu_q=0
frust_shell_android::app::frame: frust-perf platform-view tail depth=0 target=0 acquire_bound=false frame=2280 expected_present_us=0 acquire_us=106 period_us=11228
frust_shell_common::perf: frust-perf raw n=287 total_us=99224 rebuild_us=592 layout_us=23 paint_us=32 encode_us=99 acquire_us=114 submit_us=98362 skipped=0 gpu_q=0
frust_shell_common::perf: frust-perf raw n=288 total_us=96546 rebuild_us=590 layout_us=21 paint_us=31 encode_us=107 acquire_us=94 submit_us=95699 skipped=0 gpu_q=0
frust_shell_common::perf: frust-perf raw n=289 total_us=96277 rebuild_us=583 layout_us=21 paint_us=31 encode_us=101 acquire_us=103 submit_us=95435 skipped=0 gpu_q=0
frust_shell_common::perf: frust-perf raw n=290 total_us=94192 rebuild_us=768 layout_us=33 paint_us=39 encode_us=125 acquire_us=106 submit_us=93118 skipped=0 gpu_q=0
frust_shell_common::perf: frust-perf raw n=291 total_us=94404 rebuild_us=567 layout_us=20 paint_us=33 encode_us=101 acquire_us=115 submit_us=93565 skipped=0 gpu_q=0
frust_shell_common::perf: frust-perf raw n=292 total_us=97593 rebuild_us=628 layout_us=25 paint_us=35 encode_us=98 acquire_us=97 submit_us=96708 skipped=0 gpu_q=0
frust_shell_common::perf: frust-perf raw n=293 total_us=96397 rebuild_us=579 layout_us=22 paint_us=32 encode_us=99 acquire_us=109 submit_us=95554 skipped=0 gpu_q=0
frust_shell_common::perf: frust-perf raw n=294 total_us=99737 rebuild_us=717 layout_us=40 paint_us=49 encode_us=100 acquire_us=104 submit_us=98725 skipped=0 gpu_q=0
frust_shell_common::perf: frust-perf raw n=295 total_us=99297 rebuild_us=761 layout_us=33 paint_us=41 encode_us=99 acquire_us=118 submit_us=98244 skipped=0 gpu_q=0
frust_shell_common::perf: frust-perf raw n=296 total_us=101518 rebuild_us=591 layout_us=21 paint_us=31 encode_us=97 acquire_us=113 submit_us=100662 skipped=0 gpu_q=0
frust_shell_common::perf: frust-perf raw n=297 total_us=97827 rebuild_us=577 layout_us=23 paint_us=33 encode_us=85 acquire_us=99 submit_us=97008 skipped=0 gpu_q=0
frust_shell_common::perf: frust-perf raw n=298 total_us=97556 rebuild_us=582 layout_us=21 paint_us=31 encode_us=102 acquire_us=106 submit_us=96710 skipped=0 gpu_q=0
frust_shell_common::perf: frust-perf raw n=299 total_us=93935 rebuild_us=670 layout_us=25 paint_us=35 encode_us=95 acquire_us=93 submit_us=93013 skipped=0 gpu_q=0
frust_shell_common::perf: frust-perf raw n=300 total_us=98193 rebuild_us=575 layout_us=22 paint_us=32 encode_us=98 acquire_us=105 submit_us=97358 skipped=0 gpu_q=0
frust_shell_android::app::frame: frust-perf platform-view tail depth=0 target=0 acquire_bound=false frame=2400 expected_present_us=0 acquire_us=100 period_us=11403
frust_shell_common::perf: frust-perf raw n=301 total_us=96164 rebuild_us=681 layout_us=29 paint_us=36 encode_us=95 acquire_us=94 submit_us=95226 skipped=0 gpu_q=0
frust_shell_common::perf: frust-perf raw n=302 total_us=98739 rebuild_us=709 layout_us=43 paint_us=41 encode_us=98 acquire_us=94 submit_us=97752 skipped=0 gpu_q=0
frust_shell_common::perf: frust-perf raw n=303 total_us=94709 rebuild_us=584 layout_us=20 paint_us=32 encode_us=104 acquire_us=97 submit_us=93870 skipped=0 gpu_q=0
frust_shell_common::perf: frust-perf raw n=304 total_us=97231 rebuild_us=560 layout_us=20 paint_us=30 encode_us=195 acquire_us=168 submit_us=96256 skipped=0 gpu_q=0
frust_shell_common::perf: frust-perf raw n=305 total_us=99761 rebuild_us=839 layout_us=32 paint_us=40 encode_us=97 acquire_us=106 submit_us=98644 skipped=0 gpu_q=0
frust_shell_common::perf: frust-perf raw n=306 total_us=97971 rebuild_us=608 layout_us=20 paint_us=32 encode_us=104 acquire_us=102 submit_us=97103 skipped=0 gpu_q=0
frust_shell_common::perf: frust-perf frame n=120 total_p50_ms=97 total_p95_ms=100 total_p99_ms=102 rebuild_p95_ms=0 layout_p95_ms=0 paint_p95_ms=0 encode_p95_ms=0 acquire_p95_ms=0 submit_p95_ms=99 over_60hz=306 over_120hz=306 skipped=0 total_frames=306
frust_shell_common::perf: frust-perf raw n=307 total_us=101938 rebuild_us=601 layout_us=20 paint_us=30 encode_us=96 acquire_us=107 submit_us=101081 skipped=0 gpu_q=0
frust_shell_common::perf: frust-perf raw n=308 total_us=98191 rebuild_us=667 layout_us=27 paint_us=36 encode_us=99 acquire_us=101 submit_us=97259 skipped=0 gpu_q=0
frust_shell_common::perf: frust-perf raw n=309 total_us=97244 rebuild_us=671 layout_us=28 paint_us=36 encode_us=101 acquire_us=105 submit_us=96300 skipped=0 gpu_q=0
frust_shell_common::perf: frust-perf raw n=310 total_us=96401 rebuild_us=700 layout_us=31 paint_us=36 encode_us=97 acquire_us=94 submit_us=95440 skipped=0 gpu_q=0
frust_shell_common::perf: frust-perf raw n=311 total_us=101561 rebuild_us=563 layout_us=20 paint_us=29 encode_us=114 acquire_us=117 submit_us=100715 skipped=0 gpu_q=0
frust_shell_common::perf: frust-perf raw n=312 total_us=97937 rebuild_us=566 layout_us=20 paint_us=30 encode_us=99 acquire_us=115 submit_us=97104 skipped=0 gpu_q=0
frust_shell_common::perf: frust-perf raw n=313 total_us=98641 rebuild_us=550 layout_us=20 paint_us=30 encode_us=110 acquire_us=104 submit_us=97825 skipped=0 gpu_q=0
frust_shell_common::perf: frust-perf raw n=314 total_us=95696 rebuild_us=703 layout_us=27 paint_us=37 encode_us=98 acquire_us=95 submit_us=94735 skipped=0 gpu_q=0
frust_shell_common::perf: frust-perf raw n=315 total_us=95678 rebuild_us=572 layout_us=22 paint_us=31 encode_us=102 acquire_us=96 submit_us=94854 skipped=0 gpu_q=0
frust_shell_android::app::frame: frust-perf platform-view tail depth=0 target=0 acquire_bound=false frame=2520 expected_present_us=0 acquire_us=103 period_us=11964
frust_shell_common::perf: frust-perf raw n=316 total_us=95073 rebuild_us=615 layout_us=25 paint_us=35 encode_us=112 acquire_us=111 submit_us=94173 skipped=0 gpu_q=0
frust_shell_common::perf: frust-perf raw n=317 total_us=96279 rebuild_us=628 layout_us=23 paint_us=34 encode_us=105 acquire_us=109 submit_us=95378 skipped=0 gpu_q=0
frust_shell_common::perf: frust-perf raw n=318 total_us=98051 rebuild_us=556 layout_us=20 paint_us=31 encode_us=99 acquire_us=103 submit_us=97239 skipped=0 gpu_q=0
frust_shell_common::perf: frust-perf raw n=319 total_us=96008 rebuild_us=703 layout_us=25 paint_us=37 encode_us=98 acquire_us=92 submit_us=95051 skipped=0 gpu_q=0
frust_shell_common::perf: frust-perf raw n=320 total_us=95628 rebuild_us=578 layout_us=22 paint_us=31 encode_us=99 acquire_us=99 submit_us=94796 skipped=0 gpu_q=0
