frust-perf activity-create
frust_shell_common::perf: bench-scenario-start s1
frust_render::context: frust-perf surface-caps formats=[Rgba8UnormSrgb,Rgba8Unorm,Rgba16Float,Rgb10a2Unorm] usages=TextureUsages(COPY_SRC | COPY_DST | TEXTURE_BINDING | STORAGE_BINDING | RENDER_ATTACHMENT | STORAGE_ATOMIC) direct_to_surface=YES (Rgba8Unorm+STORAGE_BINDING)
frust_render::context: frust-perf render-path direct (Rgba8Unorm+STORAGE_BINDING)
frust_shell_common::perf: bench-scenario-end s1
frust_shell_common::perf: bench-scenario-start s5
frust_shell_common::perf: frust-perf startup init_entry=0ms font_preinit_started=0ms font_preinit_joined=0ms preinit_started=1ms preinit_joined=3ms cache_loaded=4ms pipeline_cache_restored=4ms adapter_ready=88ms device_ready=88ms renderer_ready=88ms first_rebuild_done=114ms first_encode_done=114ms first_frame_presented=139ms
frust_shell_common::perf: frust-perf raw n=1 total_us=25674 rebuild_us=320 layout_us=51 paint_us=29 encode_us=126 acquire_us=38 submit_us=25108 skipped=0 gpu_q=0
frust_shell_common::perf: frust-perf raw n=2 total_us=130870 rebuild_us=593 layout_us=19 paint_us=18 encode_us=220 acquire_us=94 submit_us=129922 skipped=0 gpu_q=0
frust_shell_common::perf: frust-perf raw n=3 total_us=105709 rebuild_us=149 layout_us=14 paint_us=18 encode_us=241 acquire_us=114 submit_us=105171 skipped=0 gpu_q=0
frust_shell_common::perf: frust-perf raw n=4 total_us=92662 rebuild_us=205 layout_us=21 paint_us=20 encode_us=71 acquire_us=37 submit_us=92305 skipped=0 gpu_q=0
frust_shell_common::perf: frust-perf raw n=5 total_us=42354 rebuild_us=428 layout_us=36 paint_us=61 encode_us=179 acquire_us=765 submit_us=40882 skipped=0 gpu_q=0
frust_shell_common::perf: frust-perf raw n=6 total_us=38224 rebuild_us=313 layout_us=25 paint_us=30 encode_us=66 acquire_us=55 submit_us=37732 skipped=0 gpu_q=0
frust_shell_common::perf: frust-perf raw n=7 total_us=37821 rebuild_us=381 layout_us=27 paint_us=41 encode_us=69 acquire_us=62 submit_us=37239 skipped=0 gpu_q=0
frust_shell_common::perf: frust-perf raw n=8 total_us=45682 rebuild_us=290 layout_us=21 paint_us=24 encode_us=63 acquire_us=57 submit_us=45225 skipped=0 gpu_q=0
frust_shell_common::perf: frust-perf raw n=9 total_us=38506 rebuild_us=413 layout_us=24 paint_us=39 encode_us=65 acquire_us=80 submit_us=37881 skipped=0 gpu_q=0
frust_shell_common::perf: frust-perf raw n=10 total_us=45668 rebuild_us=584 layout_us=30 paint_us=35 encode_us=63 acquire_us=92 submit_us=44861 skipped=0 gpu_q=0
frust_shell_common::perf: frust-perf raw n=11 total_us=36845 rebuild_us=342 layout_us=19 paint_us=28 encode_us=62 acquire_us=75 submit_us=36317 skipped=0 gpu_q=0
frust_shell_common::perf: frust-perf raw n=12 total_us=44575 rebuild_us=429 layout_us=23 paint_us=28 encode_us=189 acquire_us=174 submit_us=43729 skipped=0 gpu_q=0
frust_shell_common::perf: frust-perf raw n=13 total_us=37754 rebuild_us=411 layout_us=25 paint_us=32 encode_us=66 acquire_us=85 submit_us=37132 skipped=0 gpu_q=0
frust_shell_common::perf: frust-perf raw n=14 total_us=42996 rebuild_us=389 layout_us=23 paint_us=26 encode_us=113 acquire_us=134 submit_us=42309 skipped=0 gpu_q=0
frust_shell_common::perf: frust-perf raw n=15 total_us=36416 rebuild_us=386 layout_us=45 paint_us=36 encode_us=62 acquire_us=83 submit_us=35802 skipped=0 gpu_q=0
frust_shell_common::perf: frust-perf raw n=16 total_us=43386 rebuild_us=375 layout_us=24 paint_us=24 encode_us=73 acquire_us=87 submit_us=42800 skipped=0 gpu_q=0
frust_shell_common::perf: frust-perf raw n=17 total_us=36315 rebuild_us=508 layout_us=27 paint_us=34 encode_us=66 acquire_us=88 submit_us=35590 skipped=0 gpu_q=0
frust_shell_common::perf: frust-perf raw n=18 total_us=46157 rebuild_us=466 layout_us=29 paint_us=26 encode_us=101 acquire_us=90 submit_us=45442 skipped=0 gpu_q=0
frust_shell_common::perf: frust-perf raw n=19 total_us=36791 rebuild_us=458 layout_us=29 paint_us=37 encode_us=47 acquire_us=65 submit_us=36153 skipped=0 gpu_q=0
frust_shell_common::perf: frust-perf raw n=20 total_us=47336 rebuild_us=424 layout_us=24 paint_us=23 encode_us=46 acquire_us=59 submit_us=46757 skipped=0 gpu_q=0
frust_shell_common::perf: frust-perf raw n=21 total_us=36159 rebuild_us=426 layout_us=22 paint_us=25 encode_us=63 acquire_us=81 submit_us=35539 skipped=0 gpu_q=0
frust_shell_common::perf: frust-perf raw n=22 total_us=45052 rebuild_us=508 layout_us=23 paint_us=28 encode_us=64 acquire_us=78 submit_us=44348 skipped=0 gpu_q=0
frust_shell_common::perf: frust-perf raw n=23 total_us=35830 rebuild_us=508 layout_us=33 paint_us=25 encode_us=62 acquire_us=66 submit_us=35133 skipped=0 gpu_q=0
frust_shell_common::perf: frust-perf raw n=24 total_us=45076 rebuild_us=536 layout_us=24 paint_us=30 encode_us=70 acquire_us=83 submit_us=44330 skipped=0 gpu_q=0
frust_shell_common::perf: frust-perf raw n=25 total_us=36058 rebuild_us=501 layout_us=25 paint_us=85 encode_us=61 acquire_us=65 submit_us=35319 skipped=0 gpu_q=0
frust_shell_android::app::frame: frust-perf platform-view tail depth=0 target=0 acquire_bound=false frame=120 expected_present_us=0 acquire_us=77 period_us=11130
frust_shell_common::perf: frust-perf raw n=26 total_us=94504 rebuild_us=390 layout_us=21 paint_us=26 encode_us=74 acquire_us=87 submit_us=93904 skipped=0 gpu_q=0
frust_shell_common::perf: frust-perf raw n=27 total_us=95245 rebuild_us=443 layout_us=18 paint_us=22 encode_us=74 acquire_us=69 submit_us=94617 skipped=0 gpu_q=0
frust_shell_common::perf: frust-perf raw n=28 total_us=95266 rebuild_us=491 layout_us=22 paint_us=30 encode_us=82 acquire_us=81 submit_us=94558 skipped=0 gpu_q=0
frust_shell_common::perf: frust-perf raw n=29 total_us=91574 rebuild_us=431 layout_us=19 paint_us=25 encode_us=72 acquire_us=79 submit_us=90947 skipped=0 gpu_q=0
frust_shell_common::perf: frust-perf raw n=30 total_us=96910 rebuild_us=496 layout_us=25 paint_us=30 encode_us=78 acquire_us=93 submit_us=96187 skipped=0 gpu_q=0
frust_shell_common::perf: frust-perf raw n=31 total_us=95504 rebuild_us=535 layout_us=25 paint_us=28 encode_us=72 acquire_us=75 submit_us=94766 skipped=0 gpu_q=0
frust_shell_common::perf: frust-perf raw n=32 total_us=97950 rebuild_us=447 layout_us=19 paint_us=27 encode_us=77 acquire_us=84 submit_us=97294 skipped=0 gpu_q=0
frust_shell_common::perf: frust-perf raw n=33 total_us=97166 rebuild_us=460 layout_us=27 paint_us=28 encode_us=78 acquire_us=81 submit_us=96489 skipped=0 gpu_q=0
frust_shell_common::perf: frust-perf raw n=34 total_us=97333 rebuild_us=668 layout_us=29 paint_us=37 encode_us=96 acquire_us=93 submit_us=96408 skipped=0 gpu_q=0
frust_shell_common::perf: frust-perf frame n=34 total_p50_ms=45 total_p95_ms=105 total_p99_ms=130 rebuild_p95_ms=0 layout_p95_ms=0 paint_p95_ms=0 encode_p95_ms=0 acquire_p95_ms=0 submit_p95_ms=105 over_60hz=34 over_120hz=34 skipped=0 total_frames=34
frust_shell_common::perf: frust-perf raw n=35 total_us=96767 rebuild_us=604 layout_us=26 paint_us=34 encode_us=99 acquire_us=90 submit_us=95912 skipped=0 gpu_q=0
frust_shell_common::perf: frust-perf raw n=36 total_us=96869 rebuild_us=686 layout_us=29 paint_us=37 encode_us=119 acquire_us=102 submit_us=95894 skipped=0 gpu_q=0
frust_shell_common::perf: frust-perf raw n=37 total_us=95772 rebuild_us=735 layout_us=29 paint_us=37 encode_us=97 acquire_us=97 submit_us=94774 skipped=0 gpu_q=0
frust_shell_common::perf: frust-perf raw n=38 total_us=95902 rebuild_us=612 layout_us=22 paint_us=34 encode_us=101 acquire_us=102 submit_us=95028 skipped=0 gpu_q=0
frust_shell_common::perf: frust-perf raw n=39 total_us=96293 rebuild_us=677 layout_us=26 paint_us=35 encode_us=96 acquire_us=89 submit_us=95369 skipped=0 gpu_q=0
frust_shell_android::app::frame: frust-perf platform-view tail depth=0 target=0 acquire_bound=false frame=240 expected_present_us=0 acquire_us=93 period_us=13117
frust_shell_common::perf: frust-perf raw n=40 total_us=97582 rebuild_us=680 layout_us=26 paint_us=37 encode_us=98 acquire_us=99 submit_us=96640 skipped=0 gpu_q=0
frust_shell_common::perf: frust-perf raw n=41 total_us=99155 rebuild_us=691 layout_us=26 paint_us=36 encode_us=102 acquire_us=104 submit_us=98194 skipped=0 gpu_q=0
frust_shell_common::perf: frust-perf raw n=42 total_us=91833 rebuild_us=675 layout_us=27 paint_us=36 encode_us=99 acquire_us=91 submit_us=90902 skipped=0 gpu_q=0
frust_shell_common::perf: frust-perf raw n=43 total_us=97449 rebuild_us=628 layout_us=21 paint_us=34 encode_us=102 acquire_us=117 submit_us=96544 skipped=0 gpu_q=0
frust_shell_common::perf: frust-perf raw n=44 total_us=91895 rebuild_us=693 layout_us=30 paint_us=39 encode_us=98 acquire_us=115 submit_us=90917 skipped=0 gpu_q=0
frust_shell_common::perf: frust-perf raw n=45 total_us=93078 rebuild_us=628 layout_us=24 paint_us=34 encode_us=115 acquire_us=106 submit_us=92169 skipped=0 gpu_q=0
frust_shell_common::perf: frust-perf raw n=46 total_us=95835 rebuild_us=682 layout_us=28 paint_us=37 encode_us=98 acquire_us=102 submit_us=94885 skipped=0 gpu_q=0
frust_shell_common::perf: frust-perf raw n=47 total_us=97132 rebuild_us=640 layout_us=23 paint_us=36 encode_us=260 acquire_us=237 submit_us=95933 skipped=0 gpu_q=0
frust_shell_common::perf: frust-perf raw n=48 total_us=95994 rebuild_us=615 layout_us=25 paint_us=35 encode_us=101 acquire_us=140 submit_us=95076 skipped=0 gpu_q=0
frust_shell_common::perf: frust-perf raw n=49 total_us=97505 rebuild_us=646 layout_us=29 paint_us=37 encode_us=97 acquire_us=91 submit_us=96603 skipped=0 gpu_q=0
frust_shell_common::perf: frust-perf raw n=50 total_us=97719 rebuild_us=694 layout_us=29 paint_us=39 encode_us=103 acquire_us=107 submit_us=96745 skipped=0 gpu_q=0
frust_shell_common::perf: frust-perf raw n=51 total_us=96565 rebuild_us=593 layout_us=23 paint_us=33 encode_us=104 acquire_us=102 submit_us=95709 skipped=0 gpu_q=0
frust_shell_common::perf: frust-perf raw n=52 total_us=94066 rebuild_us=605 layout_us=24 paint_us=33 encode_us=113 acquire_us=124 submit_us=93165 skipped=0 gpu_q=0
frust_shell_common::perf: frust-perf raw n=53 total_us=97509 rebuild_us=666 layout_us=28 paint_us=37 encode_us=101 acquire_us=97 submit_us=96576 skipped=0 gpu_q=0
frust_shell_common::perf: frust-perf raw n=54 total_us=94523 rebuild_us=616 layout_us=23 paint_us=33 encode_us=103 acquire_us=111 submit_us=93634 skipped=0 gpu_q=0
frust_shell_android::app::frame: frust-perf platform-view tail depth=0 target=0 acquire_bound=false frame=360 expected_present_us=0 acquire_us=109 period_us=11601
frust_shell_common::perf: frust-perf raw n=55 total_us=96263 rebuild_us=719 layout_us=34 paint_us=48 encode_us=98 acquire_us=104 submit_us=95258 skipped=0 gpu_q=0
frust_shell_common::perf: frust-perf frame n=55 total_p50_ms=94 total_p95_ms=99 total_p99_ms=130 rebuild_p95_ms=0 layout_p95_ms=0 paint_p95_ms=0 encode_p95_ms=0 acquire_p95_ms=0 submit_p95_ms=98 over_60hz=55 over_120hz=55 skipped=0 total_frames=55
frust_shell_common::perf: frust-perf raw n=56 total_us=99707 rebuild_us=654 layout_us=25 paint_us=35 encode_us=101 acquire_us=111 submit_us=98779 skipped=0 gpu_q=0
frust_shell_common::perf: frust-perf raw n=57 total_us=99622 rebuild_us=735 layout_us=29 paint_us=37 encode_us=105 acquire_us=102 submit_us=98612 skipped=0 gpu_q=0
frust_shell_common::perf: frust-perf raw n=58 total_us=97290 rebuild_us=721 layout_us=29 paint_us=37 encode_us=101 acquire_us=104 submit_us=96296 skipped=0 gpu_q=0
frust_shell_common::perf: frust-perf raw n=59 total_us=93358 rebuild_us=719 layout_us=33 paint_us=48 encode_us=99 acquire_us=96 submit_us=92362 skipped=0 gpu_q=0
frust_shell_common::perf: frust-perf raw n=60 total_us=98176 rebuild_us=587 layout_us=20 paint_us=37 encode_us=101 acquire_us=95 submit_us=97333 skipped=0 gpu_q=0
frust_shell_common::perf: frust-perf raw n=61 total_us=97733 rebuild_us=730 layout_us=33 paint_us=38 encode_us=97 acquire_us=96 submit_us=96737 skipped=0 gpu_q=0
frust_shell_common::perf: frust-perf raw n=62 total_us=94572 rebuild_us=595 layout_us=23 paint_us=34 encode_us=104 acquire_us=100 submit_us=93713 skipped=0 gpu_q=0
frust_shell_common::perf: frust-perf raw n=63 total_us=95940 rebuild_us=614 layout_us=23 paint_us=34 encode_us=100 acquire_us=112 submit_us=95054 skipped=0 gpu_q=0
frust_shell_common::perf: frust-perf raw n=64 total_us=97047 rebuild_us=977 layout_us=30 paint_us=41 encode_us=94 acquire_us=85 submit_us=95817 skipped=0 gpu_q=0
frust_shell_common::perf: frust-perf raw n=65 total_us=92014 rebuild_us=602 layout_us=21 paint_us=35 encode_us=99 acquire_us=96 submit_us=91158 skipped=0 gpu_q=0
frust_shell_common::perf: frust-perf raw n=66 total_us=95329 rebuild_us=663 layout_us=26 paint_us=39 encode_us=140 acquire_us=107 submit_us=94351 skipped=0 gpu_q=0
frust_shell_common::perf: frust-perf raw n=67 total_us=98306 rebuild_us=670 layout_us=29 paint_us=35 encode_us=97 acquire_us=93 submit_us=97381 skipped=0 gpu_q=0
frust_shell_common::perf: frust-perf raw n=68 total_us=99026 rebuild_us=735 layout_us=26 paint_us=37 encode_us=75 acquire_us=86 submit_us=98065 skipped=0 gpu_q=0
frust_shell_android::app::frame: frust-perf platform-view tail depth=0 target=0 acquire_bound=false frame=480 expected_present_us=0 acquire_us=93 period_us=11230
frust_shell_common::perf: frust-perf raw n=69 total_us=96148 rebuild_us=652 layout_us=24 paint_us=35 encode_us=102 acquire_us=96 submit_us=95236 skipped=0 gpu_q=0
frust_shell_common::perf: frust-perf raw n=70 total_us=95449 rebuild_us=596 layout_us=22 paint_us=34 encode_us=100 acquire_us=103 submit_us=94592 skipped=0 gpu_q=0
frust_shell_common::perf: frust-perf raw n=71 total_us=95957 rebuild_us=714 layout_us=27 paint_us=39 encode_us=100 acquire_us=98 submit_us=94977 skipped=0 gpu_q=0
frust_shell_common::perf: frust-perf raw n=72 total_us=95531 rebuild_us=643 layout_us=22 paint_us=33 encode_us=101 acquire_us=141 submit_us=94588 skipped=0 gpu_q=0
frust_shell_common::perf: frust-perf raw n=73 total_us=96527 rebuild_us=738 layout_us=25 paint_us=34 encode_us=47 acquire_us=59 submit_us=95621 skipped=0 gpu_q=0
frust_shell_common::perf: frust-perf raw n=74 total_us=94011 rebuild_us=591 layout_us=80 paint_us=36 encode_us=101 acquire_us=114 submit_us=93086 skipped=0 gpu_q=0
frust_shell_common::perf: frust-perf raw n=75 total_us=99194 rebuild_us=816 layout_us=72 paint_us=42 encode_us=99 acquire_us=90 submit_us=98072 skipped=0 gpu_q=0
frust_shell_common::perf: frust-perf raw n=76 total_us=95577 rebuild_us=586 layout_us=22 paint_us=31 encode_us=111 acquire_us=110 submit_us=94714 skipped=0 gpu_q=0
frust_shell_common::perf: frust-perf frame n=76 total_p50_ms=95 total_p95_ms=99 total_p99_ms=130 rebuild_p95_ms=0 layout_p95_ms=0 paint_p95_ms=0 encode_p95_ms=0 acquire_p95_ms=0 submit_p95_ms=98 over_60hz=76 over_120hz=76 skipped=0 total_frames=76
frust_shell_common::perf: frust-perf raw n=77 total_us=93552 rebuild_us=589 layout_us=22 paint_us=32 encode_us=104 acquire_us=104 submit_us=92699 skipped=0 gpu_q=0
frust_shell_common::perf: frust-perf raw n=78 total_us=95823 rebuild_us=627 layout_us=24 paint_us=35 encode_us=102 acquire_us=96 submit_us=94936 skipped=0 gpu_q=0
frust_shell_common::perf: frust-perf raw n=79 total_us=94661 rebuild_us=644 layout_us=26 paint_us=36 encode_us=101 acquire_us=90 submit_us=93760 skipped=0 gpu_q=0
frust_shell_common::perf: frust-perf raw n=80 total_us=96533 rebuild_us=605 layout_us=23 paint_us=34 encode_us=100 acquire_us=115 submit_us=95653 skipped=0 gpu_q=0
frust_shell_common::perf: frust-perf raw n=81 total_us=98106 rebuild_us=679 layout_us=31 paint_us=36 encode_us=101 acquire_us=88 submit_us=97170 skipped=0 gpu_q=0
frust_shell_common::perf: frust-perf raw n=82 total_us=96593 rebuild_us=738 layout_us=32 paint_us=41 encode_us=97 acquire_us=97 submit_us=95586 skipped=0 gpu_q=0
frust_shell_common::perf: frust-perf raw n=83 total_us=92973 rebuild_us=642 layout_us=26 paint_us=36 encode_us=102 acquire_us=114 submit_us=92051 skipped=0 gpu_q=0
frust_shell_android::app::frame: frust-perf platform-view tail depth=0 target=0 acquire_bound=false frame=600 expected_present_us=0 acquire_us=104 period_us=11173
frust_shell_common::perf: frust-perf raw n=84 total_us=95083 rebuild_us=697 layout_us=35 paint_us=38 encode_us=104 acquire_us=115 submit_us=94092 skipped=0 gpu_q=0
frust_shell_common::perf: frust-perf raw n=85 total_us=94926 rebuild_us=670 layout_us=29 paint_us=40 encode_us=107 acquire_us=120 submit_us=93959 skipped=0 gpu_q=0
frust_shell_common::perf: frust-perf raw n=86 total_us=94445 rebuild_us=643 layout_us=26 paint_us=37 encode_us=101 acquire_us=115 submit_us=93521 skipped=0 gpu_q=0
frust_shell_common::perf: frust-perf raw n=87 total_us=96133 rebuild_us=595 layout_us=22 paint_us=33 encode_us=105 acquire_us=120 submit_us=95257 skipped=0 gpu_q=0
frust_shell_common::perf: frust-perf raw n=88 total_us=97611 rebuild_us=625 layout_us=24 paint_us=33 encode_us=101 acquire_us=110 submit_us=96715 skipped=0 gpu_q=0
frust_shell_common::perf: frust-perf raw n=89 total_us=96119 rebuild_us=595 layout_us=23 paint_us=34 encode_us=108 acquire_us=129 submit_us=95228 skipped=0 gpu_q=0
frust_shell_common::perf: frust-perf raw n=90 total_us=98085 rebuild_us=698 layout_us=30 paint_us=37 encode_us=97 acquire_us=91 submit_us=97130 skipped=0 gpu_q=0
frust_shell_common::perf: frust-perf raw n=91 total_us=95943 rebuild_us=591 layout_us=22 paint_us=31 encode_us=102 acquire_us=103 submit_us=95092 skipped=0 gpu_q=0
frust_shell_common::perf: frust-perf raw n=92 total_us=94169 rebuild_us=604 layout_us=23 paint_us=34 encode_us=102 acquire_us=105 submit_us=93300 skipped=0 gpu_q=0
frust_shell_common::perf: frust-perf raw n=93 total_us=102092 rebuild_us=654 layout_us=30 paint_us=37 encode_us=190 acquire_us=181 submit_us=100998 skipped=0 gpu_q=0
frust_shell_common::perf: frust-perf raw n=94 total_us=92778 rebuild_us=627 layout_us=24 paint_us=35 encode_us=117 acquire_us=117 submit_us=91855 skipped=0 gpu_q=0
frust_shell_common::perf: frust-perf raw n=95 total_us=97231 rebuild_us=611 layout_us=23 paint_us=34 encode_us=103 acquire_us=121 submit_us=96336 skipped=0 gpu_q=0
frust_shell_common::perf: frust-perf raw n=96 total_us=95950 rebuild_us=656 layout_us=24 paint_us=36 encode_us=106 acquire_us=105 submit_us=95022 skipped=0 gpu_q=0
frust_shell_common::perf: frust-perf raw n=97 total_us=97608 rebuild_us=582 layout_us=21 paint_us=31 encode_us=104 acquire_us=110 submit_us=96759 skipped=0 gpu_q=0
frust_shell_common::perf: frust-perf frame n=97 total_p50_ms=95 total_p95_ms=99 total_p99_ms=130 rebuild_p95_ms=0 layout_p95_ms=0 paint_p95_ms=0 encode_p95_ms=0 acquire_p95_ms=0 submit_p95_ms=98 over_60hz=97 over_120hz=97 skipped=0 total_frames=97
frust_shell_common::perf: frust-perf raw n=98 total_us=95842 rebuild_us=685 layout_us=27 paint_us=37 encode_us=97 acquire_us=102 submit_us=94892 skipped=0 gpu_q=0
frust_shell_android::app::frame: frust-perf platform-view tail depth=0 target=0 acquire_bound=false frame=720 expected_present_us=0 acquire_us=111 period_us=11903
frust_shell_common::perf: frust-perf raw n=99 total_us=92904 rebuild_us=587 layout_us=21 paint_us=34 encode_us=102 acquire_us=111 submit_us=92046 skipped=0 gpu_q=0
frust_shell_common::perf: frust-perf raw n=100 total_us=98372 rebuild_us=735 layout_us=38 paint_us=51 encode_us=91 acquire_us=94 submit_us=97360 skipped=0 gpu_q=0
frust_shell_common::perf: frust-perf raw n=101 total_us=96160 rebuild_us=602 layout_us=82 paint_us=34 encode_us=392 acquire_us=140 submit_us=94908 skipped=0 gpu_q=0
frust_shell_common::perf: frust-perf raw n=102 total_us=96735 rebuild_us=659 layout_us=23 paint_us=33 encode_us=100 acquire_us=99 submit_us=95820 skipped=0 gpu_q=0
frust_shell_common::perf: frust-perf raw n=103 total_us=96175 rebuild_us=632 layout_us=28 paint_us=36 encode_us=106 acquire_us=100 submit_us=95271 skipped=0 gpu_q=0
frust_shell_common::perf: frust-perf raw n=104 total_us=95814 rebuild_us=593 layout_us=22 paint_us=73 encode_us=105 acquire_us=122 submit_us=94897 skipped=0 gpu_q=0
frust_shell_common::perf: frust-perf raw n=105 total_us=93658 rebuild_us=674 layout_us=29 paint_us=38 encode_us=99 acquire_us=87 submit_us=92728 skipped=0 gpu_q=0
frust_shell_common::perf: frust-perf raw n=106 total_us=92493 rebuild_us=602 layout_us=22 paint_us=32 encode_us=117 acquire_us=94 submit_us=91624 skipped=0 gpu_q=0
frust_shell_common::perf: frust-perf raw n=107 total_us=92260 rebuild_us=662 layout_us=25 paint_us=36 encode_us=129 acquire_us=98 submit_us=91308 skipped=0 gpu_q=0
frust_shell_common::perf: frust-perf raw n=108 total_us=96328 rebuild_us=717 layout_us=29 paint_us=37 encode_us=108 acquire_us=97 submit_us=95338 skipped=0 gpu_q=0
frust_shell_common::perf: frust-perf raw n=109 total_us=93714 rebuild_us=601 layout_us=22 paint_us=33 encode_us=103 acquire_us=113 submit_us=92840 skipped=0 gpu_q=0
frust_shell_common::perf: frust-perf raw n=110 total_us=93697 rebuild_us=699 layout_us=29 paint_us=38 encode_us=87 acquire_us=85 submit_us=92756 skipped=0 gpu_q=0
frust_shell_common::perf: frust-perf raw n=111 total_us=94169 rebuild_us=660 layout_us=23 paint_us=35 encode_us=108 acquire_us=112 submit_us=93228 skipped=0 gpu_q=0
frust_shell_common::perf: frust-perf raw n=112 total_us=99702 rebuild_us=610 layout_us=23 paint_us=34 encode_us=121 acquire_us=133 submit_us=98778 skipped=0 gpu_q=0
frust_shell_common::perf: frust-perf raw n=113 total_us=95257 rebuild_us=669 layout_us=25 paint_us=36 encode_us=115 acquire_us=137 submit_us=94273 skipped=0 gpu_q=0
frust_shell_android::app::frame: frust-perf platform-view tail depth=0 target=0 acquire_bound=false frame=840 expected_present_us=0 acquire_us=111 period_us=11121
frust_shell_common::perf: frust-perf raw n=114 total_us=98691 rebuild_us=742 layout_us=29 paint_us=41 encode_us=101 acquire_us=99 submit_us=97678 skipped=0 gpu_q=0
frust_shell_common::perf: frust-perf raw n=115 total_us=94069 rebuild_us=613 layout_us=32 paint_us=35 encode_us=99 acquire_us=100 submit_us=93188 skipped=0 gpu_q=0
frust_shell_common::perf: frust-perf raw n=116 total_us=92567 rebuild_us=586 layout_us=21 paint_us=32 encode_us=109 acquire_us=132 submit_us=91685 skipped=0 gpu_q=0
frust_shell_common::perf: frust-perf raw n=117 total_us=94582 rebuild_us=650 layout_us=26 paint_us=37 encode_us=100 acquire_us=102 submit_us=93665 skipped=0 gpu_q=0
frust_shell_common::perf: frust-perf raw n=118 total_us=98863 rebuild_us=674 layout_us=27 paint_us=39 encode_us=101 acquire_us=97 submit_us=97922 skipped=0 gpu_q=0
frust_shell_common::perf: frust-perf frame n=118 total_p50_ms=95 total_p95_ms=99 total_p99_ms=105 rebuild_p95_ms=0 layout_p95_ms=0 paint_p95_ms=0 encode_p95_ms=0 acquire_p95_ms=0 submit_p95_ms=98 over_60hz=118 over_120hz=118 skipped=0 total_frames=118
frust_shell_common::perf: frust-perf raw n=119 total_us=94896 rebuild_us=588 layout_us=21 paint_us=33 encode_us=103 acquire_us=144 submit_us=94004 skipped=0 gpu_q=0
frust_shell_common::perf: frust-perf raw n=120 total_us=95586 rebuild_us=717 layout_us=27 paint_us=39 encode_us=99 acquire_us=90 submit_us=94613 skipped=0 gpu_q=0
frust_shell_common::perf: frust-perf raw n=121 total_us=96990 rebuild_us=636 layout_us=22 paint_us=32 encode_us=260 acquire_us=188 submit_us=95849 skipped=0 gpu_q=0
frust_shell_common::perf: frust-perf raw n=122 total_us=97720 rebuild_us=696 layout_us=26 paint_us=37 encode_us=99 acquire_us=122 submit_us=96737 skipped=0 gpu_q=0
frust_shell_common::perf: frust-perf raw n=123 total_us=99960 rebuild_us=725 layout_us=35 paint_us=44 encode_us=98 acquire_us=95 submit_us=98961 skipped=0 gpu_q=0
frust_shell_common::perf: frust-perf raw n=124 total_us=92817 rebuild_us=691 layout_us=27 paint_us=37 encode_us=89 acquire_us=117 submit_us=91854 skipped=0 gpu_q=0
frust_shell_common::perf: frust-perf raw n=125 total_us=96150 rebuild_us=670 layout_us=24 paint_us=34 encode_us=99 acquire_us=96 submit_us=95225 skipped=0 gpu_q=0
frust_shell_common::perf: frust-perf raw n=126 total_us=92418 rebuild_us=615 layout_us=25 paint_us=37 encode_us=104 acquire_us=98 submit_us=91536 skipped=0 gpu_q=0
frust_shell_common::perf: frust-perf raw n=127 total_us=90457 rebuild_us=600 layout_us=24 paint_us=43 encode_us=98 acquire_us=95 submit_us=89595 skipped=0 gpu_q=0
frust_shell_android::app::frame: frust-perf platform-view tail depth=0 target=0 acquire_bound=false frame=960 expected_present_us=0 acquire_us=102 period_us=11289
frust_shell_common::perf: frust-perf raw n=128 total_us=95714 rebuild_us=638 layout_us=25 paint_us=37 encode_us=103 acquire_us=98 submit_us=94811 skipped=0 gpu_q=0
frust_shell_common::perf: frust-perf raw n=129 total_us=93140 rebuild_us=653 layout_us=26 paint_us=38 encode_us=98 acquire_us=91 submit_us=92231 skipped=0 gpu_q=0
frust_shell_common::perf: frust-perf raw n=130 total_us=99098 rebuild_us=762 layout_us=31 paint_us=41 encode_us=102 acquire_us=100 submit_us=98060 skipped=0 gpu_q=0
frust_shell_common::perf: frust-perf raw n=131 total_us=97115 rebuild_us=607 layout_us=21 paint_us=35 encode_us=101 acquire_us=95 submit_us=96255 skipped=0 gpu_q=0
frust_shell_common::perf: frust-perf raw n=132 total_us=96379 rebuild_us=655 layout_us=23 paint_us=33 encode_us=104 acquire_us=115 submit_us=95447 skipped=0 gpu_q=0
frust_shell_common::perf: frust-perf raw n=133 total_us=97364 rebuild_us=708 layout_us=36 paint_us=43 encode_us=98 acquire_us=92 submit_us=96383 skipped=0 gpu_q=0
frust_shell_common::perf: frust-perf raw n=134 total_us=92961 rebuild_us=651 layout_us=22 paint_us=33 encode_us=98 acquire_us=113 submit_us=92042 skipped=0 gpu_q=0
frust_shell_common::perf: frust-perf raw n=135 total_us=99703 rebuild_us=654 layout_us=26 paint_us=35 encode_us=102 acquire_us=97 submit_us=98786 skipped=0 gpu_q=0
frust_shell_common::perf: frust-perf raw n=136 total_us=96490 rebuild_us=679 layout_us=28 paint_us=36 encode_us=104 acquire_us=90 submit_us=95551 skipped=0 gpu_q=0
frust_shell_common::perf: frust-perf raw n=137 total_us=93631 rebuild_us=625 layout_us=21 paint_us=33 encode_us=131 acquire_us=124 submit_us=92694 skipped=0 gpu_q=0
frust_shell_common::perf: frust-perf raw n=138 total_us=93899 rebuild_us=605 layout_us=22 paint_us=36 encode_us=101 acquire_us=90 submit_us=93042 skipped=0 gpu_q=0
frust_shell_common::perf: frust-perf raw n=139 total_us=96561 rebuild_us=592 layout_us=21 paint_us=32 encode_us=111 acquire_us=107 submit_us=95695 skipped=0 gpu_q=0
frust_shell_common::perf: frust-perf frame n=120 total_p50_ms=95 total_p95_ms=99 total_p99_ms=99 rebuild_p95_ms=0 layout_p95_ms=0 paint_p95_ms=0 encode_p95_ms=0 acquire_p95_ms=0 submit_p95_ms=98 over_60hz=139 over_120hz=139 skipped=0 total_frames=139
frust_shell_common::perf: frust-perf raw n=140 total_us=94553 rebuild_us=658 layout_us=27 paint_us=37 encode_us=103 acquire_us=95 submit_us=93630 skipped=0 gpu_q=0
frust_shell_common::perf: frust-perf raw n=141 total_us=94592 rebuild_us=602 layout_us=22 paint_us=32 encode_us=102 acquire_us=97 submit_us=93734 skipped=0 gpu_q=0
frust_shell_common::perf: frust-perf raw n=142 total_us=98960 rebuild_us=668 layout_us=26 paint_us=36 encode_us=101 acquire_us=101 submit_us=98025 skipped=0 gpu_q=0
frust_shell_android::app::frame: frust-perf platform-view tail depth=0 target=0 acquire_bound=false frame=1080 expected_present_us=0 acquire_us=100 period_us=11707
frust_shell_common::perf: frust-perf raw n=143 total_us=97641 rebuild_us=615 layout_us=24 paint_us=36 encode_us=102 acquire_us=107 submit_us=96754 skipped=0 gpu_q=0
frust_shell_common::perf: frust-perf raw n=144 total_us=99083 rebuild_us=708 layout_us=30 paint_us=37 encode_us=100 acquire_us=101 submit_us=98105 skipped=0 gpu_q=0
frust_shell_common::perf: frust-perf raw n=145 total_us=98445 rebuild_us=699 layout_us=28 paint_us=37 encode_us=102 acquire_us=107 submit_us=97470 skipped=0 gpu_q=0
frust_shell_common::perf: frust-perf raw n=146 total_us=94320 rebuild_us=626 layout_us=24 paint_us=36 encode_us=164 acquire_us=173 submit_us=93294 skipped=0 gpu_q=0
frust_shell_common::perf: frust-perf raw n=147 total_us=95241 rebuild_us=605 layout_us=24 paint_us=33 encode_us=98 acquire_us=114 submit_us=94365 skipped=0 gpu_q=0
frust_shell_common::perf: frust-perf raw n=148 total_us=95070 rebuild_us=736 layout_us=28 paint_us=40 encode_us=101 acquire_us=91 submit_us=94070 skipped=0 gpu_q=0
frust_shell_common::perf: frust-perf raw n=149 total_us=96260 rebuild_us=654 layout_us=24 paint_us=35 encode_us=118 acquire_us=123 submit_us=95303 skipped=0 gpu_q=0
frust_shell_common::perf: frust-perf raw n=150 total_us=94426 rebuild_us=639 layout_us=31 paint_us=39 encode_us=108 acquire_us=105 submit_us=93502 skipped=0 gpu_q=0
frust_shell_common::perf: frust-perf raw n=151 total_us=95814 rebuild_us=586 layout_us=21 paint_us=31 encode_us=103 acquire_us=139 submit_us=94932 skipped=0 gpu_q=0
frust_shell_common::perf: frust-perf raw n=152 total_us=96744 rebuild_us=646 layout_us=34 paint_us=39 encode_us=94 acquire_us=94 submit_us=95835 skipped=0 gpu_q=0
frust_shell_common::perf: frust-perf raw n=153 total_us=94025 rebuild_us=588 layout_us=22 paint_us=33 encode_us=99 acquire_us=105 submit_us=93176 skipped=0 gpu_q=0
frust_shell_common::perf: frust-perf raw n=154 total_us=98020 rebuild_us=682 layout_us=31 paint_us=40 encode_us=99 acquire_us=117 submit_us=97048 skipped=0 gpu_q=0
frust_shell_common::perf: frust-perf raw n=155 total_us=100777 rebuild_us=597 layout_us=23 paint_us=33 encode_us=102 acquire_us=102 submit_us=99917 skipped=0 gpu_q=0
frust_shell_common::perf: frust-perf raw n=156 total_us=92686 rebuild_us=678 layout_us=27 paint_us=37 encode_us=99 acquire_us=131 submit_us=91713 skipped=0 gpu_q=0
frust_shell_common::perf: frust-perf raw n=157 total_us=96054 rebuild_us=602 layout_us=23 paint_us=36 encode_us=105 acquire_us=104 submit_us=95181 skipped=0 gpu_q=0
frust_shell_android::app::frame: frust-perf platform-view tail depth=0 target=0 acquire_bound=false frame=1200 expected_present_us=0 acquire_us=110 period_us=11516
frust_shell_common::perf: frust-perf raw n=158 total_us=95409 rebuild_us=608 layout_us=23 paint_us=34 encode_us=100 acquire_us=113 submit_us=94529 skipped=0 gpu_q=0
frust_shell_common::perf: frust-perf raw n=159 total_us=95476 rebuild_us=760 layout_us=31 paint_us=40 encode_us=97 acquire_us=105 submit_us=94440 skipped=0 gpu_q=0
frust_shell_common::perf: frust-perf raw n=160 total_us=94865 rebuild_us=593 layout_us=21 paint_us=32 encode_us=153 acquire_us=114 submit_us=93948 skipped=0 gpu_q=0
frust_shell_common::perf: frust-perf frame n=120 total_p50_ms=95 total_p95_ms=99 total_p99_ms=100 rebuild_p95_ms=0 layout_p95_ms=0 paint_p95_ms=0 encode_p95_ms=0 acquire_p95_ms=0 submit_p95_ms=98 over_60hz=160 over_120hz=160 skipped=0 total_frames=160
frust_shell_common::perf: frust-perf raw n=161 total_us=95097 rebuild_us=726 layout_us=29 paint_us=37 encode_us=99 acquire_us=114 submit_us=94090 skipped=0 gpu_q=0
frust_shell_common::perf: frust-perf raw n=162 total_us=94708 rebuild_us=630 layout_us=22 paint_us=34 encode_us=108 acquire_us=121 submit_us=93791 skipped=0 gpu_q=0
frust_shell_common::perf: frust-perf raw n=163 total_us=99775 rebuild_us=670 layout_us=26 paint_us=35 encode_us=88 acquire_us=97 submit_us=98857 skipped=0 gpu_q=0
frust_shell_common::perf: frust-perf raw n=164 total_us=94865 rebuild_us=589 layout_us=21 paint_us=32 encode_us=101 acquire_us=103 submit_us=94015 skipped=0 gpu_q=0
frust_shell_common::perf: frust-perf raw n=165 total_us=94779 rebuild_us=656 layout_us=23 paint_us=36 encode_us=103 acquire_us=160 submit_us=93798 skipped=0 gpu_q=0
frust_shell_common::perf: frust-perf raw n=166 total_us=101461 rebuild_us=607 layout_us=25 paint_us=43 encode_us=100 acquire_us=99 submit_us=100586 skipped=0 gpu_q=0
frust_shell_common::perf: frust-perf raw n=167 total_us=97257 rebuild_us=656 layout_us=26 paint_us=37 encode_us=110 acquire_us=100 submit_us=96324 skipped=0 gpu_q=0
frust_shell_common::perf: frust-perf raw n=168 total_us=98508 rebuild_us=634 layout_us=26 paint_us=36 encode_us=104 acquire_us=96 submit_us=97608 skipped=0 gpu_q=0
frust_shell_common::perf: frust-perf raw n=169 total_us=95008 rebuild_us=735 layout_us=27 paint_us=36 encode_us=98 acquire_us=97 submit_us=94014 skipped=0 gpu_q=0
frust_shell_common::perf: frust-perf raw n=170 total_us=95340 rebuild_us=639 layout_us=27 paint_us=35 encode_us=103 acquire_us=103 submit_us=94431 skipped=0 gpu_q=0
frust_shell_common::perf: frust-perf raw n=171 total_us=95141 rebuild_us=700 layout_us=27 paint_us=35 encode_us=98 acquire_us=96 submit_us=94183 skipped=0 gpu_q=0
frust_shell_android::app::frame: frust-perf platform-view tail depth=0 target=0 acquire_bound=false frame=1320 expected_present_us=0 acquire_us=136 period_us=12175
frust_shell_common::perf: frust-perf raw n=172 total_us=97380 rebuild_us=601 layout_us=22 paint_us=33 encode_us=446 acquire_us=242 submit_us=96034 skipped=0 gpu_q=0
frust_shell_common::perf: frust-perf raw n=173 total_us=98290 rebuild_us=664 layout_us=25 paint_us=38 encode_us=101 acquire_us=135 submit_us=97324 skipped=0 gpu_q=0
frust_shell_common::perf: frust-perf raw n=174 total_us=94594 rebuild_us=730 layout_us=37 paint_us=44 encode_us=104 acquire_us=111 submit_us=93566 skipped=0 gpu_q=0
frust_shell_common::perf: frust-perf raw n=175 total_us=96259 rebuild_us=621 layout_us=24 paint_us=34 encode_us=99 acquire_us=96 submit_us=95382 skipped=0 gpu_q=0
frust_shell_common::perf: frust-perf raw n=176 total_us=92073 rebuild_us=704 layout_us=29 paint_us=36 encode_us=97 acquire_us=100 submit_us=91104 skipped=0 gpu_q=0
frust_shell_common::perf: frust-perf raw n=177 total_us=93771 rebuild_us=591 layout_us=22 paint_us=32 encode_us=102 acquire_us=124 submit_us=92898 skipped=0 gpu_q=0
frust_shell_common::perf: frust-perf raw n=178 total_us=98625 rebuild_us=629 layout_us=30 paint_us=77 encode_us=115 acquire_us=106 submit_us=97667 skipped=0 gpu_q=0
frust_shell_common::perf: frust-perf raw n=179 total_us=96330 rebuild_us=626 layout_us=21 paint_us=34 encode_us=100 acquire_us=105 submit_us=95441 skipped=0 gpu_q=0
frust_shell_common::perf: frust-perf raw n=180 total_us=94999 rebuild_us=740 layout_us=29 paint_us=45 encode_us=99 acquire_us=106 submit_us=93977 skipped=0 gpu_q=0
frust_shell_common::perf: frust-perf raw n=181 total_us=98293 rebuild_us=615 layout_us=23 paint_us=34 encode_us=101 acquire_us=103 submit_us=97413 skipped=0 gpu_q=0
frust_shell_common::perf: frust-perf frame n=120 total_p50_ms=95 total_p95_ms=99 total_p99_ms=101 rebuild_p95_ms=0 layout_p95_ms=0 paint_p95_ms=0 encode_p95_ms=0 acquire_p95_ms=0 submit_p95_ms=98 over_60hz=181 over_120hz=181 skipped=0 total_frames=181
frust_shell_common::perf: frust-perf raw n=182 total_us=97829 rebuild_us=673 layout_us=27 paint_us=38 encode_us=95 acquire_us=99 submit_us=96895 skipped=0 gpu_q=0
frust_shell_common::perf: frust-perf raw n=183 total_us=97170 rebuild_us=841 layout_us=29 paint_us=43 encode_us=99 acquire_us=104 submit_us=96051 skipped=0 gpu_q=0
frust_shell_common::perf: frust-perf raw n=184 total_us=97043 rebuild_us=626 layout_us=24 paint_us=34 encode_us=177 acquire_us=157 submit_us=96022 skipped=0 gpu_q=0
frust_shell_common::perf: frust-perf raw n=185 total_us=95367 rebuild_us=591 layout_us=21 paint_us=33 encode_us=112 acquire_us=114 submit_us=94494 skipped=0 gpu_q=0
frust_shell_common::perf: frust-perf raw n=186 total_us=95010 rebuild_us=627 layout_us=24 paint_us=35 encode_us=87 acquire_us=85 submit_us=94148 skipped=0 gpu_q=0
frust_shell_android::app::frame: frust-perf platform-view tail depth=0 target=0 acquire_bound=false frame=1440 expected_present_us=0 acquire_us=110 period_us=13006
frust_shell_common::perf: frust-perf raw n=187 total_us=95501 rebuild_us=602 layout_us=22 paint_us=34 encode_us=105 acquire_us=116 submit_us=94619 skipped=0 gpu_q=0
frust_shell_common::perf: frust-perf raw n=188 total_us=94763 rebuild_us=680 layout_us=27 paint_us=35 encode_us=99 acquire_us=90 submit_us=93829 skipped=0 gpu_q=0
frust_shell_common::perf: frust-perf raw n=189 total_us=92939 rebuild_us=609 layout_us=22 paint_us=33 encode_us=98 acquire_us=123 submit_us=92051 skipped=0 gpu_q=0
frust_shell_common::perf: frust-perf raw n=190 total_us=92373 rebuild_us=701 layout_us=27 paint_us=37 encode_us=102 acquire_us=103 submit_us=91400 skipped=0 gpu_q=0
frust_shell_common::perf: frust-perf raw n=191 total_us=97365 rebuild_us=645 layout_us=27 paint_us=37 encode_us=100 acquire_us=109 submit_us=96444 skipped=0 gpu_q=0
frust_shell_common::perf: frust-perf raw n=192 total_us=93663 rebuild_us=644 layout_us=24 paint_us=34 encode_us=100 acquire_us=147 submit_us=92712 skipped=0 gpu_q=0
frust_shell_common::perf: frust-perf raw n=193 total_us=95593 rebuild_us=636 layout_us=31 paint_us=38 encode_us=100 acquire_us=89 submit_us=94697 skipped=0 gpu_q=0
frust_shell_common::perf: frust-perf raw n=194 total_us=93774 rebuild_us=597 layout_us=23 paint_us=33 encode_us=105 acquire_us=95 submit_us=92918 skipped=0 gpu_q=0
frust_shell_common::perf: frust-perf raw n=195 total_us=94981 rebuild_us=615 layout_us=22 paint_us=34 encode_us=181 acquire_us=175 submit_us=93950 skipped=0 gpu_q=0
frust_shell_common::perf: frust-perf raw n=196 total_us=100018 rebuild_us=616 layout_us=23 paint_us=33 encode_us=105 acquire_us=127 submit_us=99112 skipped=0 gpu_q=0
frust_shell_common::perf: frust-perf raw n=197 total_us=95366 rebuild_us=678 layout_us=26 paint_us=35 encode_us=99 acquire_us=102 submit_us=94424 skipped=0 gpu_q=0
frust_shell_common::perf: frust-perf raw n=198 total_us=91960 rebuild_us=589 layout_us=22 paint_us=33 encode_us=103 acquire_us=108 submit_us=91102 skipped=0 gpu_q=0
frust_shell_common::perf: frust-perf raw n=199 total_us=95749 rebuild_us=730 layout_us=28 paint_us=38 encode_us=105 acquire_us=100 submit_us=94745 skipped=0 gpu_q=0
frust_shell_common::perf: frust-perf raw n=200 total_us=98056 rebuild_us=601 layout_us=24 paint_us=33 encode_us=101 acquire_us=132 submit_us=97162 skipped=0 gpu_q=0
frust_shell_common::perf: frust-perf raw n=201 total_us=96913 rebuild_us=680 layout_us=30 paint_us=37 encode_us=98 acquire_us=89 submit_us=95977 skipped=0 gpu_q=0
frust_shell_android::app::frame: frust-perf platform-view tail depth=0 target=0 acquire_bound=false frame=1560 expected_present_us=0 acquire_us=106 period_us=13132
frust_shell_common::perf: frust-perf raw n=202 total_us=94846 rebuild_us=651 layout_us=22 paint_us=33 encode_us=100 acquire_us=100 submit_us=93939 skipped=0 gpu_q=0
frust_shell_common::perf: frust-perf frame n=120 total_p50_ms=95 total_p95_ms=99 total_p99_ms=101 rebuild_p95_ms=0 layout_p95_ms=0 paint_p95_ms=0 encode_p95_ms=0 acquire_p95_ms=0 submit_p95_ms=98 over_60hz=202 over_120hz=202 skipped=0 total_frames=202
frust_shell_common::perf: frust-perf raw n=203 total_us=95798 rebuild_us=647 layout_us=26 paint_us=37 encode_us=97 acquire_us=107 submit_us=94881 skipped=0 gpu_q=0
frust_shell_common::perf: frust-perf raw n=204 total_us=95497 rebuild_us=712 layout_us=27 paint_us=37 encode_us=100 acquire_us=100 submit_us=94520 skipped=0 gpu_q=0
frust_shell_common::perf: frust-perf raw n=205 total_us=95008 rebuild_us=643 layout_us=25 paint_us=34 encode_us=100 acquire_us=102 submit_us=94101 skipped=0 gpu_q=0
frust_shell_common::perf: frust-perf raw n=206 total_us=94501 rebuild_us=651 layout_us=29 paint_us=40 encode_us=105 acquire_us=97 submit_us=93576 skipped=0 gpu_q=0
frust_shell_common::perf: frust-perf raw n=207 total_us=97451 rebuild_us=584 layout_us=22 paint_us=32 encode_us=107 acquire_us=123 submit_us=96580 skipped=0 gpu_q=0
frust_shell_common::perf: frust-perf raw n=208 total_us=99358 rebuild_us=648 layout_us=28 paint_us=37 encode_us=103 acquire_us=92 submit_us=98448 skipped=0 gpu_q=0
frust_shell_common::perf: frust-perf raw n=209 total_us=95120 rebuild_us=652 layout_us=25 paint_us=37 encode_us=103 acquire_us=98 submit_us=94203 skipped=0 gpu_q=0
frust_shell_common::perf: frust-perf raw n=210 total_us=93807 rebuild_us=597 layout_us=22 paint_us=33 encode_us=100 acquire_us=104 submit_us=92949 skipped=0 gpu_q=0
frust_shell_common::perf: frust-perf raw n=211 total_us=96849 rebuild_us=643 layout_us=26 paint_us=36 encode_us=178 acquire_us=191 submit_us=95771 skipped=0 gpu_q=0
frust_shell_common::perf: frust-perf raw n=212 total_us=100113 rebuild_us=709 layout_us=29 paint_us=40 encode_us=103 acquire_us=97 submit_us=99132 skipped=0 gpu_q=0
frust_shell_common::perf: frust-perf raw n=213 total_us=95468 rebuild_us=684 layout_us=26 paint_us=35 encode_us=115 acquire_us=113 submit_us=94493 skipped=0 gpu_q=0
frust_shell_common::perf: frust-perf raw n=214 total_us=97678 rebuild_us=592 layout_us=22 paint_us=31 encode_us=101 acquire_us=106 submit_us=96824 skipped=0 gpu_q=0
frust_shell_common::perf: frust-perf raw n=215 total_us=98953 rebuild_us=687 layout_us=26 paint_us=37 encode_us=139 acquire_us=90 submit_us=97971 skipped=0 gpu_q=0
frust_shell_common::perf: frust-perf raw n=216 total_us=98413 rebuild_us=685 layout_us=28 paint_us=37 encode_us=103 acquire_us=97 submit_us=97460 skipped=0 gpu_q=0
frust_shell_android::app::frame: frust-perf platform-view tail depth=0 target=0 acquire_bound=false frame=1680 expected_present_us=0 acquire_us=102 period_us=11518
frust_shell_common::perf: frust-perf raw n=217 total_us=94402 rebuild_us=801 layout_us=34 paint_us=42 encode_us=103 acquire_us=100 submit_us=93319 skipped=0 gpu_q=0
frust_shell_common::perf: frust-perf raw n=218 total_us=94161 rebuild_us=607 layout_us=23 paint_us=33 encode_us=102 acquire_us=110 submit_us=93284 skipped=0 gpu_q=0
frust_shell_common::perf: frust-perf raw n=219 total_us=96244 rebuild_us=730 layout_us=30 paint_us=39 encode_us=129 acquire_us=106 submit_us=95209 skipped=0 gpu_q=0
frust_shell_common::perf: frust-perf raw n=220 total_us=95883 rebuild_us=629 layout_us=22 paint_us=32 encode_us=100 acquire_us=109 submit_us=94990 skipped=0 gpu_q=0
frust_shell_common::perf: frust-perf raw n=221 total_us=96598 rebuild_us=652 layout_us=29 paint_us=37 encode_us=105 acquire_us=102 submit_us=95671 skipped=0 gpu_q=0
frust_shell_common::perf: frust-perf raw n=222 total_us=97552 rebuild_us=593 layout_us=20 paint_us=70 encode_us=112 acquire_us=122 submit_us=96633 skipped=0 gpu_q=0
frust_shell_common::perf: frust-perf raw n=223 total_us=96813 rebuild_us=708 layout_us=27 paint_us=35 encode_us=98 acquire_us=93 submit_us=95848 skipped=0 gpu_q=0
frust_shell_common::perf: frust-perf frame n=120 total_p50_ms=95 total_p95_ms=99 total_p99_ms=100 rebuild_p95_ms=0 layout_p95_ms=0 paint_p95_ms=0 encode_p95_ms=0 acquire_p95_ms=0 submit_p95_ms=98 over_60hz=223 over_120hz=223 skipped=0 total_frames=223
frust_shell_common::perf: frust-perf raw n=224 total_us=98826 rebuild_us=594 layout_us=23 paint_us=33 encode_us=136 acquire_us=107 submit_us=97931 skipped=0 gpu_q=0
frust_shell_common::perf: frust-perf raw n=225 total_us=94070 rebuild_us=626 layout_us=27 paint_us=36 encode_us=103 acquire_us=100 submit_us=93174 skipped=0 gpu_q=0
frust_shell_common::perf: frust-perf raw n=226 total_us=93417 rebuild_us=693 layout_us=26 paint_us=38 encode_us=156 acquire_us=147 submit_us=92355 skipped=0 gpu_q=0
frust_shell_common::perf: frust-perf raw n=227 total_us=95433 rebuild_us=585 layout_us=22 paint_us=32 encode_us=106 acquire_us=107 submit_us=94579 skipped=0 gpu_q=0
frust_shell_common::perf: frust-perf raw n=228 total_us=95444 rebuild_us=683 layout_us=27 paint_us=38 encode_us=104 acquire_us=97 submit_us=94493 skipped=0 gpu_q=0
frust_shell_common::perf: frust-perf raw n=229 total_us=94532 rebuild_us=616 layout_us=23 paint_us=33 encode_us=102 acquire_us=108 submit_us=93647 skipped=0 gpu_q=0
frust_shell_common::perf: frust-perf raw n=230 total_us=98843 rebuild_us=673 layout_us=27 paint_us=39 encode_us=103 acquire_us=96 submit_us=97902 skipped=0 gpu_q=0
frust_shell_common::perf: frust-perf raw n=231 total_us=97132 rebuild_us=606 layout_us=23 paint_us=33 encode_us=102 acquire_us=97 submit_us=96269 skipped=0 gpu_q=0
frust_shell_android::app::frame: frust-perf platform-view tail depth=0 target=0 acquire_bound=false frame=1800 expected_present_us=0 acquire_us=99 period_us=11764
frust_shell_common::perf: frust-perf raw n=232 total_us=96193 rebuild_us=694 layout_us=27 paint_us=36 encode_us=97 acquire_us=90 submit_us=95247 skipped=0 gpu_q=0
frust_shell_common::perf: frust-perf raw n=233 total_us=94075 rebuild_us=672 layout_us=22 paint_us=34 encode_us=104 acquire_us=101 submit_us=93140 skipped=0 gpu_q=0
frust_shell_common::perf: frust-perf raw n=234 total_us=101419 rebuild_us=638 layout_us=24 paint_us=35 encode_us=99 acquire_us=109 submit_us=100513 skipped=0 gpu_q=0
frust_shell_common::perf: frust-perf raw n=235 total_us=94775 rebuild_us=697 layout_us=28 paint_us=38 encode_us=101 acquire_us=97 submit_us=93812 skipped=0 gpu_q=0
frust_shell_common::perf: frust-perf raw n=236 total_us=97648 rebuild_us=640 layout_us=23 paint_us=32 encode_us=178 acquire_us=145 submit_us=96627 skipped=0 gpu_q=0
frust_shell_common::perf: frust-perf raw n=237 total_us=94508 rebuild_us=678 layout_us=23 paint_us=34 encode_us=102 acquire_us=119 submit_us=93549 skipped=0 gpu_q=0
frust_shell_common::perf: frust-perf raw n=238 total_us=96872 rebuild_us=631 layout_us=29 paint_us=39 encode_us=192 acquire_us=420 submit_us=95560 skipped=0 gpu_q=0
frust_shell_common::perf: frust-perf raw n=239 total_us=98610 rebuild_us=628 layout_us=22 paint_us=33 encode_us=102 acquire_us=109 submit_us=97713 skipped=0 gpu_q=0
frust_shell_common::perf: frust-perf raw n=240 total_us=92062 rebuild_us=763 layout_us=29 paint_us=38 encode_us=102 acquire_us=112 submit_us=91017 skipped=0 gpu_q=0
frust_shell_common::perf: frust-perf raw n=241 total_us=95391 rebuild_us=594 layout_us=22 paint_us=32 encode_us=135 acquire_us=108 submit_us=94497 skipped=0 gpu_q=0
frust_shell_common::perf: frust-perf raw n=242 total_us=94108 rebuild_us=669 layout_us=29 paint_us=37 encode_us=98 acquire_us=92 submit_us=93180 skipped=0 gpu_q=0
frust_shell_common::perf: frust-perf raw n=243 total_us=94387 rebuild_us=593 layout_us=22 paint_us=33 encode_us=101 acquire_us=93 submit_us=93543 skipped=0 gpu_q=0
frust_shell_common::perf: frust-perf raw n=244 total_us=93840 rebuild_us=670 layout_us=31 paint_us=37 encode_us=104 acquire_us=99 submit_us=92896 skipped=0 gpu_q=0
frust_shell_common::perf: frust-perf frame n=120 total_p50_ms=95 total_p95_ms=99 total_p99_ms=101 rebuild_p95_ms=0 layout_p95_ms=0 paint_p95_ms=0 encode_p95_ms=0 acquire_p95_ms=0 submit_p95_ms=98 over_60hz=244 over_120hz=244 skipped=0 total_frames=244
frust_shell_common::perf: frust-perf raw n=245 total_us=92363 rebuild_us=593 layout_us=22 paint_us=33 encode_us=96 acquire_us=111 submit_us=91505 skipped=0 gpu_q=0
frust_shell_android::app::frame: frust-perf platform-view tail depth=0 target=0 acquire_bound=false frame=1920 expected_present_us=0 acquire_us=109 period_us=11257
frust_shell_common::perf: frust-perf raw n=246 total_us=96765 rebuild_us=694 layout_us=30 paint_us=37 encode_us=111 acquire_us=97 submit_us=95794 skipped=0 gpu_q=0
frust_shell_common::perf: frust-perf raw n=247 total_us=98875 rebuild_us=730 layout_us=30 paint_us=38 encode_us=96 acquire_us=118 submit_us=97860 skipped=0 gpu_q=0
frust_shell_common::perf: frust-perf raw n=248 total_us=98091 rebuild_us=588 layout_us=60 paint_us=34 encode_us=105 acquire_us=102 submit_us=97199 skipped=0 gpu_q=0
frust_shell_common::perf: frust-perf raw n=249 total_us=92245 rebuild_us=681 layout_us=35 paint_us=33 encode_us=103 acquire_us=96 submit_us=91295 skipped=0 gpu_q=0
frust_shell_common::perf: frust-perf raw n=250 total_us=95302 rebuild_us=626 layout_us=26 paint_us=36 encode_us=96 acquire_us=101 submit_us=94415 skipped=0 gpu_q=0
frust_shell_common::perf: frust-perf raw n=251 total_us=95290 rebuild_us=612 layout_us=25 paint_us=41 encode_us=102 acquire_us=101 submit_us=94407 skipped=0 gpu_q=0
frust_shell_common::perf: frust-perf raw n=252 total_us=99934 rebuild_us=606 layout_us=25 paint_us=49 encode_us=208 acquire_us=142 submit_us=98901 skipped=0 gpu_q=0
frust_shell_common::perf: frust-perf raw n=253 total_us=97320 rebuild_us=594 layout_us=21 paint_us=32 encode_us=190 acquire_us=187 submit_us=96294 skipped=0 gpu_q=0
frust_shell_common::perf: frust-perf raw n=254 total_us=97083 rebuild_us=592 layout_us=21 paint_us=33 encode_us=100 acquire_us=97 submit_us=96237 skipped=0 gpu_q=0
frust_shell_common::perf: frust-perf raw n=255 total_us=99765 rebuild_us=700 layout_us=30 paint_us=36 encode_us=103 acquire_us=105 submit_us=98787 skipped=0 gpu_q=0
frust_shell_common::perf: frust-perf raw n=256 total_us=94950 rebuild_us=654 layout_us=30 paint_us=44 encode_us=100 acquire_us=97 submit_us=94023 skipped=0 gpu_q=0
frust_shell_common::perf: frust-perf raw n=257 total_us=96445 rebuild_us=604 layout_us=24 paint_us=34 encode_us=101 acquire_us=104 submit_us=95575 skipped=0 gpu_q=0
frust_shell_common::perf: frust-perf raw n=258 total_us=96291 rebuild_us=694 layout_us=26 paint_us=34 encode_us=99 acquire_us=109 submit_us=95327 skipped=0 gpu_q=0
frust_shell_common::perf: frust-perf raw n=259 total_us=96430 rebuild_us=585 layout_us=23 paint_us=33 encode_us=99 acquire_us=101 submit_us=95587 skipped=0 gpu_q=0
frust_shell_common::perf: frust-perf raw n=260 total_us=98682 rebuild_us=611 layout_us=25 paint_us=34 encode_us=132 acquire_us=108 submit_us=97770 skipped=0 gpu_q=0
frust_shell_android::app::frame: frust-perf platform-view tail depth=0 target=0 acquire_bound=false frame=2040 expected_present_us=0 acquire_us=109 period_us=11155
frust_shell_common::perf: frust-perf raw n=261 total_us=94789 rebuild_us=709 layout_us=28 paint_us=36 encode_us=98 acquire_us=116 submit_us=93801 skipped=0 gpu_q=0
frust_shell_common::perf: frust-perf raw n=262 total_us=98221 rebuild_us=589 layout_us=23 paint_us=33 encode_us=213 acquire_us=172 submit_us=97189 skipped=0 gpu_q=0
frust_shell_common::perf: frust-perf raw n=263 total_us=94123 rebuild_us=688 layout_us=26 paint_us=38 encode_us=96 acquire_us=119 submit_us=93154 skipped=0 gpu_q=0
frust_shell_common::perf: frust-perf raw n=264 total_us=94418 rebuild_us=605 layout_us=21 paint_us=33 encode_us=131 acquire_us=97 submit_us=93527 skipped=0 gpu_q=0
frust_shell_common::perf: frust-perf raw n=265 total_us=94927 rebuild_us=614 layout_us=23 paint_us=36 encode_us=101 acquire_us=99 submit_us=94052 skipped=0 gpu_q=0
frust_shell_common::perf: frust-perf frame n=120 total_p50_ms=95 total_p95_ms=99 total_p99_ms=101 rebuild_p95_ms=0 layout_p95_ms=0 paint_p95_ms=0 encode_p95_ms=0 acquire_p95_ms=0 submit_p95_ms=98 over_60hz=265 over_120hz=265 skipped=0 total_frames=265
frust_shell_common::perf: frust-perf raw n=266 total_us=96856 rebuild_us=694 layout_us=30 paint_us=40 encode_us=101 acquire_us=106 submit_us=95882 skipped=0 gpu_q=0
frust_shell_common::perf: frust-perf raw n=267 total_us=95255 rebuild_us=723 layout_us=24 paint_us=37 encode_us=96 acquire_us=90 submit_us=94282 skipped=0 gpu_q=0
frust_shell_common::perf: frust-perf raw n=268 total_us=92344 rebuild_us=594 layout_us=21 paint_us=32 encode_us=117 acquire_us=99 submit_us=91478 skipped=0 gpu_q=0
frust_shell_common::perf: frust-perf raw n=269 total_us=94449 rebuild_us=600 layout_us=24 paint_us=35 encode_us=256 acquire_us=200 submit_us=93331 skipped=0 gpu_q=0
frust_shell_common::perf: frust-perf raw n=270 total_us=98490 rebuild_us=615 layout_us=34 paint_us=37 encode_us=99 acquire_us=96 submit_us=97607 skipped=0 gpu_q=0
frust_shell_common::perf: frust-perf raw n=271 total_us=93441 rebuild_us=656 layout_us=25 paint_us=36 encode_us=98 acquire_us=86 submit_us=92538 skipped=0 gpu_q=0
frust_shell_common::perf: frust-perf raw n=272 total_us=98703 rebuild_us=614 layout_us=24 paint_us=35 encode_us=102 acquire_us=103 submit_us=97823 skipped=0 gpu_q=0
frust_shell_common::perf: frust-perf raw n=273 total_us=95725 rebuild_us=609 layout_us=27 paint_us=36 encode_us=114 acquire_us=99 submit_us=94837 skipped=0 gpu_q=0
frust_shell_common::perf: frust-perf raw n=274 total_us=94628 rebuild_us=661 layout_us=26 paint_us=39 encode_us=99 acquire_us=96 submit_us=93704 skipped=0 gpu_q=0
frust_shell_android::app::frame: frust-perf platform-view tail depth=0 target=0 acquire_bound=false frame=2160 expected_present_us=0 acquire_us=129 period_us=12987
frust_shell_common::perf: frust-perf raw n=275 total_us=100205 rebuild_us=619 layout_us=23 paint_us=36 encode_us=201 acquire_us=213 submit_us=99110 skipped=0 gpu_q=0
frust_shell_common::perf: frust-perf raw n=276 total_us=94120 rebuild_us=657 layout_us=28 paint_us=38 encode_us=98 acquire_us=97 submit_us=93200 skipped=0 gpu_q=0
frust_shell_common::perf: frust-perf raw n=277 total_us=101227 rebuild_us=613 layout_us=23 paint_us=34 encode_us=102 acquire_us=106 submit_us=100346 skipped=0 gpu_q=0
frust_shell_common::perf: frust-perf raw n=278 total_us=95628 rebuild_us=725 layout_us=30 paint_us=40 encode_us=99 acquire_us=88 submit_us=94643 skipped=0 gpu_q=0
frust_shell_common::perf: frust-perf raw n=279 total_us=95688 rebuild_us=664 layout_us=26 paint_us=35 encode_us=101 acquire_us=111 submit_us=94749 skipped=0 gpu_q=0
frust_shell_common::perf: frust-perf raw n=280 total_us=96990 rebuild_us=660 layout_us=23 paint_us=33 encode_us=100 acquire_us=103 submit_us=96068 skipped=0 gpu_q=0
frust_shell_common::perf: frust-perf raw n=281 total_us=97065 rebuild_us=593 layout_us=21 paint_us=31 encode_us=99 acquire_us=130 submit_us=96190 skipped=0 gpu_q=0
frust_shell_common::perf: frust-perf raw n=282 total_us=94786 rebuild_us=717 layout_us=29 paint_us=36 encode_us=98 acquire_us=95 submit_us=93808 skipped=0 gpu_q=0
frust_shell_common::perf: frust-perf raw n=283 total_us=93681 rebuild_us=641 layout_us=23 paint_us=36 encode_us=296 acquire_us=419 submit_us=92263 skipped=0 gpu_q=0
frust_shell_common::perf: frust-perf raw n=284 total_us=96326 rebuild_us=640 layout_us=27 paint_us=37 encode_us=99 acquire_us=128 submit_us=95393 skipped=0 gpu_q=0
frust_shell_common::perf: frust-perf raw n=285 total_us=95418 rebuild_us=588 layout_us=22 paint_us=32 encode_us=102 acquire_us=103 submit_us=94569 skipped=0 gpu_q=0
frust_shell_common::perf: frust-perf raw n=286 total_us=99691 rebuild_us=759 layout_us=36 paint_us=43 encode_us=110 acquire_us=108 submit_us=98633 skipped=0 gpu_q=0
frust_shell_common::perf: frust-perf frame n=120 total_p50_ms=95 total_p95_ms=99 total_p99_ms=101 rebuild_p95_ms=0 layout_p95_ms=0 paint_p95_ms=0 encode_p95_ms=0 acquire_p95_ms=0 submit_p95_ms=98 over_60hz=286 over_120hz=286 skipped=0 total_frames=286
frust_shell_common::perf: frust-perf raw n=287 total_us=94715 rebuild_us=594 layout_us=20 paint_us=32 encode_us=89 acquire_us=85 submit_us=93892 skipped=0 gpu_q=0
frust_shell_common::perf: frust-perf raw n=288 total_us=95134 rebuild_us=643 layout_us=24 paint_us=36 encode_us=102 acquire_us=122 submit_us=94203 skipped=0 gpu_q=0
frust_shell_common::perf: frust-perf raw n=289 total_us=94941 rebuild_us=652 layout_us=28 paint_us=37 encode_us=98 acquire_us=91 submit_us=94033 skipped=0 gpu_q=0
frust_shell_android::app::frame: frust-perf platform-view tail depth=0 target=0 acquire_bound=false frame=2280 expected_present_us=0 acquire_us=112 period_us=11148
frust_shell_common::perf: frust-perf raw n=290 total_us=95762 rebuild_us=594 layout_us=22 paint_us=33 encode_us=103 acquire_us=100 submit_us=94909 skipped=0 gpu_q=0
frust_shell_common::perf: frust-perf raw n=291 total_us=91844 rebuild_us=612 layout_us=24 paint_us=36 encode_us=106 acquire_us=124 submit_us=90941 skipped=0 gpu_q=0
frust_shell_common::perf: frust-perf raw n=292 total_us=97374 rebuild_us=706 layout_us=36 paint_us=41 encode_us=98 acquire_us=110 submit_us=96381 skipped=0 gpu_q=0
frust_shell_common::perf: frust-perf raw n=293 total_us=96903 rebuild_us=648 layout_us=29 paint_us=37 encode_us=100 acquire_us=102 submit_us=95985 skipped=0 gpu_q=0
frust_shell_common::perf: frust-perf raw n=294 total_us=93930 rebuild_us=645 layout_us=25 paint_us=35 encode_us=97 acquire_us=90 submit_us=93035 skipped=0 gpu_q=0
frust_shell_common::perf: frust-perf raw n=295 total_us=93892 rebuild_us=659 layout_us=26 paint_us=35 encode_us=179 acquire_us=146 submit_us=92845 skipped=0 gpu_q=0
frust_shell_common::perf: frust-perf raw n=296 total_us=96317 rebuild_us=640 layout_us=25 paint_us=37 encode_us=97 acquire_us=94 submit_us=95421 skipped=0 gpu_q=0
frust_shell_common::perf: frust-perf raw n=297 total_us=97809 rebuild_us=665 layout_us=29 paint_us=38 encode_us=102 acquire_us=96 submit_us=96877 skipped=0 gpu_q=0
frust_shell_common::perf: frust-perf raw n=298 total_us=95540 rebuild_us=714 layout_us=30 paint_us=38 encode_us=107 acquire_us=124 submit_us=94525 skipped=0 gpu_q=0
frust_shell_common::perf: frust-perf raw n=299 total_us=98478 rebuild_us=584 layout_us=22 paint_us=32 encode_us=104 acquire_us=97 submit_us=97637 skipped=0 gpu_q=0
frust_shell_common::perf: frust-perf raw n=300 total_us=96150 rebuild_us=597 layout_us=29 paint_us=37 encode_us=98 acquire_us=96 submit_us=95291 skipped=0 gpu_q=0
frust_shell_common::perf: frust-perf raw n=301 total_us=96169 rebuild_us=699 layout_us=28 paint_us=39 encode_us=102 acquire_us=104 submit_us=95195 skipped=0 gpu_q=0
frust_shell_common::perf: frust-perf raw n=302 total_us=93211 rebuild_us=613 layout_us=24 paint_us=34 encode_us=103 acquire_us=98 submit_us=92336 skipped=0 gpu_q=0
frust_shell_common::perf: frust-perf raw n=303 total_us=96177 rebuild_us=613 layout_us=24 paint_us=36 encode_us=351 acquire_us=298 submit_us=94852 skipped=0 gpu_q=0
frust_shell_android::app::frame: frust-perf platform-view tail depth=0 target=0 acquire_bound=false frame=2400 expected_present_us=0 acquire_us=142 period_us=11184
frust_shell_common::perf: frust-perf raw n=304 total_us=93586 rebuild_us=658 layout_us=26 paint_us=37 encode_us=103 acquire_us=118 submit_us=92642 skipped=0 gpu_q=0
frust_shell_common::perf: frust-perf raw n=305 total_us=97056 rebuild_us=613 layout_us=24 paint_us=35 encode_us=103 acquire_us=115 submit_us=96164 skipped=0 gpu_q=0
frust_shell_common::perf: frust-perf raw n=306 total_us=93356 rebuild_us=725 layout_us=30 paint_us=39 encode_us=105 acquire_us=109 submit_us=92345 skipped=0 gpu_q=0
frust_shell_common::perf: frust-perf raw n=307 total_us=94896 rebuild_us=649 layout_us=23 paint_us=42 encode_us=105 acquire_us=105 submit_us=93970 skipped=0 gpu_q=0
frust_shell_common::perf: frust-perf frame n=120 total_p50_ms=95 total_p95_ms=99 total_p99_ms=101 rebuild_p95_ms=0 layout_p95_ms=0 paint_p95_ms=0 encode_p95_ms=0 acquire_p95_ms=0 submit_p95_ms=98 over_60hz=307 over_120hz=307 skipped=0 total_frames=307
frust_shell_common::perf: frust-perf raw n=308 total_us=93259 rebuild_us=632 layout_us=27 paint_us=40 encode_us=100 acquire_us=148 submit_us=92310 skipped=0 gpu_q=0
frust_shell_common::perf: frust-perf raw n=309 total_us=95910 rebuild_us=621 layout_us=27 paint_us=38 encode_us=94 acquire_us=85 submit_us=95042 skipped=0 gpu_q=0
frust_shell_common::perf: frust-perf raw n=310 total_us=98415 rebuild_us=608 layout_us=23 paint_us=33 encode_us=106 acquire_us=112 submit_us=97531 skipped=0 gpu_q=0
frust_shell_common::perf: frust-perf raw n=311 total_us=97088 rebuild_us=697 layout_us=28 paint_us=39 encode_us=103 acquire_us=101 submit_us=96117 skipped=0 gpu_q=0
frust_shell_common::perf: frust-perf raw n=312 total_us=94757 rebuild_us=583 layout_us=21 paint_us=32 encode_us=102 acquire_us=107 submit_us=93909 skipped=0 gpu_q=0
frust_shell_common::perf: frust-perf raw n=313 total_us=95006 rebuild_us=598 layout_us=22 paint_us=32 encode_us=99 acquire_us=109 submit_us=94146 skipped=0 gpu_q=0
frust_shell_common::perf: frust-perf raw n=314 total_us=100040 rebuild_us=680 layout_us=29 paint_us=39 encode_us=99 acquire_us=93 submit_us=99098 skipped=0 gpu_q=0
frust_shell_common::perf: frust-perf raw n=315 total_us=95544 rebuild_us=596 layout_us=22 paint_us=34 encode_us=104 acquire_us=107 submit_us=94679 skipped=0 gpu_q=0
frust_shell_common::perf: frust-perf raw n=316 total_us=94726 rebuild_us=677 layout_us=29 paint_us=39 encode_us=100 acquire_us=96 submit_us=93783 skipped=0 gpu_q=0
frust_shell_common::perf: frust-perf raw n=317 total_us=98089 rebuild_us=605 layout_us=23 paint_us=33 encode_us=179 acquire_us=146 submit_us=97102 skipped=0 gpu_q=0
frust_shell_common::perf: frust-perf raw n=318 total_us=92052 rebuild_us=670 layout_us=27 paint_us=37 encode_us=100 acquire_us=100 submit_us=91115 skipped=0 gpu_q=0
frust_shell_android::app::frame: frust-perf platform-view tail depth=0 target=0 acquire_bound=false frame=2520 expected_present_us=0 acquire_us=110 period_us=11706
frust_shell_common::perf: frust-perf raw n=319 total_us=93588 rebuild_us=644 layout_us=22 paint_us=35 encode_us=102 acquire_us=116 submit_us=92667 skipped=0 gpu_q=0
frust_shell_common::perf: frust-perf raw n=320 total_us=97937 rebuild_us=793 layout_us=41 paint_us=40 encode_us=101 acquire_us=124 submit_us=96835 skipped=0 gpu_q=0
frust_shell_common::perf: frust-perf raw n=321 total_us=97485 rebuild_us=594 layout_us=22 paint_us=32 encode_us=101 acquire_us=102 submit_us=96631 skipped=0 gpu_q=0
frust_shell_common::perf: frust-perf raw n=322 total_us=93638 rebuild_us=614 layout_us=25 paint_us=34 encode_us=100 acquire_us=106 submit_us=92755 skipped=0 gpu_q=0
frust_shell_common::perf: frust-perf raw n=323 total_us=92311 rebuild_us=617 layout_us=25 paint_us=38 encode_us=97 acquire_us=94 submit_us=91437 skipped=0 gpu_q=0
frust_shell_common::perf: frust-perf raw n=324 total_us=92842 rebuild_us=679 layout_us=31 paint_us=42 encode_us=162 acquire_us=165 submit_us=91761 skipped=0 gpu_q=0
frust_shell_common::perf: frust-perf raw n=325 total_us=94310 rebuild_us=659 layout_us=27 paint_us=38 encode_us=100 acquire_us=97 submit_us=93387 skipped=0 gpu_q=0
