frust-perf activity-create
frust_shell_common::perf: bench-scenario-start s1
frust_render::context: frust-perf surface-caps formats=[Rgba8UnormSrgb,Rgba8Unorm,Rgba16Float,Rgb10a2Unorm] usages=TextureUsages(COPY_SRC | COPY_DST | TEXTURE_BINDING | STORAGE_BINDING | RENDER_ATTACHMENT | STORAGE_ATOMIC) direct_to_surface=YES (Rgba8Unorm+STORAGE_BINDING)
frust_render::context: frust-perf render-path direct (Rgba8Unorm+STORAGE_BINDING)
frust_shell_common::perf: bench-scenario-end s1
frust_shell_common::perf: bench-scenario-start s5
frust_shell_common::perf: frust-perf startup init_entry=0ms font_preinit_started=0ms font_preinit_joined=0ms preinit_started=0ms preinit_joined=4ms cache_loaded=5ms pipeline_cache_restored=5ms adapter_ready=103ms device_ready=103ms renderer_ready=103ms first_rebuild_done=122ms first_encode_done=123ms first_frame_presented=155ms
frust_shell_common::perf: frust-perf raw n=1 total_us=33149 rebuild_us=144 layout_us=28 paint_us=25 encode_us=145 acquire_us=52 submit_us=32754 skipped=0 gpu_q=0
frust_shell_common::perf: frust-perf raw n=2 total_us=120667 rebuild_us=234 layout_us=35 paint_us=58 encode_us=63 acquire_us=26 submit_us=120249 skipped=0 gpu_q=0
frust_shell_common::perf: frust-perf raw n=3 total_us=112381 rebuild_us=167 layout_us=16 paint_us=20 encode_us=62 acquire_us=41 submit_us=112072 skipped=0 gpu_q=0
frust_shell_common::perf: frust-perf raw n=4 total_us=76304 rebuild_us=209 layout_us=19 paint_us=21 encode_us=81 acquire_us=48 submit_us=75923 skipped=0 gpu_q=0
frust_shell_common::perf: frust-perf raw n=5 total_us=39316 rebuild_us=299 layout_us=23 paint_us=25 encode_us=73 acquire_us=59 submit_us=38835 skipped=0 gpu_q=0
frust_shell_common::perf: frust-perf raw n=6 total_us=38398 rebuild_us=445 layout_us=38 paint_us=38 encode_us=75 acquire_us=59 submit_us=37740 skipped=0 gpu_q=0
frust_shell_common::perf: frust-perf raw n=7 total_us=36716 rebuild_us=300 layout_us=37 paint_us=35 encode_us=71 acquire_us=60 submit_us=36211 skipped=0 gpu_q=0
frust_shell_common::perf: frust-perf raw n=8 total_us=45583 rebuild_us=403 layout_us=29 paint_us=30 encode_us=264 acquire_us=91 submit_us=44763 skipped=0 gpu_q=0
frust_shell_common::perf: frust-perf raw n=9 total_us=35464 rebuild_us=403 layout_us=30 paint_us=37 encode_us=65 acquire_us=69 submit_us=34858 skipped=0 gpu_q=0
frust_shell_common::perf: frust-perf raw n=10 total_us=44900 rebuild_us=326 layout_us=24 paint_us=26 encode_us=69 acquire_us=81 submit_us=44370 skipped=0 gpu_q=0
frust_shell_common::perf: frust-perf raw n=11 total_us=37229 rebuild_us=422 layout_us=33 paint_us=40 encode_us=82 acquire_us=104 submit_us=36546 skipped=0 gpu_q=0
frust_shell_common::perf: frust-perf raw n=12 total_us=47585 rebuild_us=320 layout_us=25 paint_us=25 encode_us=59 acquire_us=68 submit_us=47086 skipped=0 gpu_q=0
frust_shell_common::perf: frust-perf raw n=13 total_us=37627 rebuild_us=389 layout_us=20 paint_us=31 encode_us=47 acquire_us=41 submit_us=37096 skipped=0 gpu_q=0
frust_shell_common::perf: frust-perf raw n=14 total_us=44186 rebuild_us=380 layout_us=24 paint_us=30 encode_us=52 acquire_us=65 submit_us=43632 skipped=0 gpu_q=0
frust_shell_common::perf: frust-perf raw n=15 total_us=35892 rebuild_us=380 layout_us=32 paint_us=34 encode_us=62 acquire_us=74 submit_us=35306 skipped=0 gpu_q=0
frust_shell_common::perf: frust-perf raw n=16 total_us=45133 rebuild_us=377 layout_us=23 paint_us=24 encode_us=67 acquire_us=86 submit_us=44554 skipped=0 gpu_q=0
frust_shell_common::perf: frust-perf raw n=17 total_us=36497 rebuild_us=376 layout_us=24 paint_us=25 encode_us=62 acquire_us=79 submit_us=35929 skipped=0 gpu_q=0
frust_shell_common::perf: frust-perf raw n=18 total_us=47012 rebuild_us=404 layout_us=25 paint_us=34 encode_us=50 acquire_us=56 submit_us=46441 skipped=0 gpu_q=0
frust_shell_common::perf: frust-perf raw n=19 total_us=37207 rebuild_us=412 layout_us=29 paint_us=42 encode_us=152 acquire_us=199 submit_us=36370 skipped=0 gpu_q=0
frust_shell_common::perf: frust-perf raw n=20 total_us=47115 rebuild_us=429 layout_us=30 paint_us=25 encode_us=151 acquire_us=167 submit_us=46310 skipped=0 gpu_q=0
frust_shell_common::perf: frust-perf raw n=21 total_us=34803 rebuild_us=492 layout_us=30 paint_us=34 encode_us=68 acquire_us=72 submit_us=34105 skipped=0 gpu_q=0
frust_shell_common::perf: frust-perf raw n=22 total_us=48434 rebuild_us=463 layout_us=33 paint_us=26 encode_us=65 acquire_us=90 submit_us=47755 skipped=0 gpu_q=0
frust_shell_common::perf: frust-perf raw n=23 total_us=36711 rebuild_us=536 layout_us=33 paint_us=26 encode_us=63 acquire_us=82 submit_us=35970 skipped=0 gpu_q=0
frust_shell_common::perf: frust-perf raw n=24 total_us=46404 rebuild_us=532 layout_us=23 paint_us=23 encode_us=64 acquire_us=82 submit_us=45676 skipped=0 gpu_q=0
frust_shell_common::perf: frust-perf raw n=25 total_us=34235 rebuild_us=511 layout_us=26 paint_us=73 encode_us=52 acquire_us=65 submit_us=33506 skipped=0 gpu_q=0
frust_shell_android::app::frame: frust-perf platform-view tail depth=0 target=0 acquire_bound=false frame=120 expected_present_us=0 acquire_us=79 period_us=11137
frust_shell_common::perf: frust-perf raw n=26 total_us=94865 rebuild_us=358 layout_us=16 paint_us=81 encode_us=55 acquire_us=61 submit_us=94291 skipped=0 gpu_q=0
frust_shell_common::perf: frust-perf raw n=27 total_us=90862 rebuild_us=459 layout_us=20 paint_us=27 encode_us=98 acquire_us=92 submit_us=90164 skipped=0 gpu_q=0
frust_shell_common::perf: frust-perf raw n=28 total_us=94898 rebuild_us=441 layout_us=18 paint_us=25 encode_us=74 acquire_us=92 submit_us=94246 skipped=0 gpu_q=0
frust_shell_common::perf: frust-perf raw n=29 total_us=94435 rebuild_us=522 layout_us=23 paint_us=28 encode_us=74 acquire_us=74 submit_us=93711 skipped=0 gpu_q=0
frust_shell_common::perf: frust-perf raw n=30 total_us=93182 rebuild_us=469 layout_us=20 paint_us=30 encode_us=73 acquire_us=78 submit_us=92510 skipped=0 gpu_q=0
frust_shell_common::perf: frust-perf raw n=31 total_us=92740 rebuild_us=465 layout_us=18 paint_us=26 encode_us=81 acquire_us=92 submit_us=92056 skipped=0 gpu_q=0
frust_shell_common::perf: frust-perf raw n=32 total_us=91102 rebuild_us=480 layout_us=21 paint_us=27 encode_us=75 acquire_us=69 submit_us=90427 skipped=0 gpu_q=0
frust_shell_common::perf: frust-perf raw n=33 total_us=93353 rebuild_us=609 layout_us=26 paint_us=34 encode_us=96 acquire_us=87 submit_us=92499 skipped=0 gpu_q=0
frust_shell_common::perf: frust-perf raw n=34 total_us=95806 rebuild_us=666 layout_us=26 paint_us=35 encode_us=97 acquire_us=99 submit_us=94881 skipped=0 gpu_q=0
frust_shell_common::perf: frust-perf frame n=34 total_p50_ms=45 total_p95_ms=112 total_p99_ms=120 rebuild_p95_ms=0 layout_p95_ms=0 paint_p95_ms=0 encode_p95_ms=0 acquire_p95_ms=0 submit_p95_ms=112 over_60hz=34 over_120hz=34 skipped=0 total_frames=34
frust_shell_common::perf: frust-perf raw n=35 total_us=94486 rebuild_us=635 layout_us=26 paint_us=32 encode_us=104 acquire_us=100 submit_us=93587 skipped=0 gpu_q=0
frust_shell_common::perf: frust-perf raw n=36 total_us=94269 rebuild_us=694 layout_us=82 paint_us=41 encode_us=87 acquire_us=81 submit_us=93281 skipped=0 gpu_q=0
frust_shell_common::perf: frust-perf raw n=37 total_us=93366 rebuild_us=638 layout_us=27 paint_us=39 encode_us=102 acquire_us=167 submit_us=92390 skipped=0 gpu_q=0
frust_shell_common::perf: frust-perf raw n=38 total_us=95475 rebuild_us=683 layout_us=24 paint_us=34 encode_us=99 acquire_us=105 submit_us=94527 skipped=0 gpu_q=0
frust_shell_common::perf: frust-perf raw n=39 total_us=96534 rebuild_us=693 layout_us=34 paint_us=44 encode_us=100 acquire_us=94 submit_us=95567 skipped=0 gpu_q=0
frust_shell_common::perf: frust-perf raw n=40 total_us=93995 rebuild_us=617 layout_us=23 paint_us=34 encode_us=134 acquire_us=109 submit_us=93076 skipped=0 gpu_q=0
frust_shell_android::app::frame: frust-perf platform-view tail depth=0 target=0 acquire_bound=false frame=240 expected_present_us=0 acquire_us=102 period_us=11715
frust_shell_common::perf: frust-perf raw n=41 total_us=93297 rebuild_us=689 layout_us=35 paint_us=44 encode_us=94 acquire_us=102 submit_us=92331 skipped=0 gpu_q=0
frust_shell_common::perf: frust-perf raw n=42 total_us=95477 rebuild_us=623 layout_us=25 paint_us=33 encode_us=98 acquire_us=110 submit_us=94585 skipped=0 gpu_q=0
frust_shell_common::perf: frust-perf raw n=43 total_us=92801 rebuild_us=719 layout_us=29 paint_us=37 encode_us=113 acquire_us=101 submit_us=91800 skipped=0 gpu_q=0
frust_shell_common::perf: frust-perf raw n=44 total_us=93055 rebuild_us=637 layout_us=23 paint_us=35 encode_us=100 acquire_us=106 submit_us=92151 skipped=0 gpu_q=0
frust_shell_common::perf: frust-perf raw n=45 total_us=91520 rebuild_us=645 layout_us=28 paint_us=37 encode_us=112 acquire_us=97 submit_us=90599 skipped=0 gpu_q=0
frust_shell_common::perf: frust-perf raw n=46 total_us=92139 rebuild_us=598 layout_us=24 paint_us=34 encode_us=106 acquire_us=104 submit_us=91272 skipped=0 gpu_q=0
frust_shell_common::perf: frust-perf raw n=47 total_us=95638 rebuild_us=659 layout_us=27 paint_us=38 encode_us=102 acquire_us=97 submit_us=94714 skipped=0 gpu_q=0
frust_shell_common::perf: frust-perf raw n=48 total_us=95122 rebuild_us=610 layout_us=24 paint_us=35 encode_us=104 acquire_us=97 submit_us=94250 skipped=0 gpu_q=0
frust_shell_common::perf: frust-perf raw n=49 total_us=96582 rebuild_us=719 layout_us=31 paint_us=37 encode_us=95 acquire_us=101 submit_us=95596 skipped=0 gpu_q=0
frust_shell_common::perf: frust-perf raw n=50 total_us=95290 rebuild_us=619 layout_us=24 paint_us=34 encode_us=138 acquire_us=108 submit_us=94364 skipped=0 gpu_q=0
frust_shell_common::perf: frust-perf raw n=51 total_us=93798 rebuild_us=815 layout_us=33 paint_us=43 encode_us=97 acquire_us=109 submit_us=92698 skipped=0 gpu_q=0
frust_shell_common::perf: frust-perf raw n=52 total_us=90295 rebuild_us=685 layout_us=23 paint_us=33 encode_us=98 acquire_us=96 submit_us=89356 skipped=0 gpu_q=0
frust_shell_common::perf: frust-perf raw n=53 total_us=90913 rebuild_us=619 layout_us=26 paint_us=42 encode_us=100 acquire_us=112 submit_us=90012 skipped=0 gpu_q=0
frust_shell_common::perf: frust-perf raw n=54 total_us=98068 rebuild_us=661 layout_us=27 paint_us=36 encode_us=100 acquire_us=90 submit_us=97151 skipped=0 gpu_q=0
frust_shell_common::perf: frust-perf raw n=55 total_us=93636 rebuild_us=691 layout_us=29 paint_us=37 encode_us=169 acquire_us=165 submit_us=92543 skipped=0 gpu_q=0
frust_shell_android::app::frame: frust-perf platform-view tail depth=0 target=0 acquire_bound=false frame=360 expected_present_us=0 acquire_us=117 period_us=11683
frust_shell_common::perf: frust-perf raw n=56 total_us=94296 rebuild_us=639 layout_us=24 paint_us=35 encode_us=112 acquire_us=123 submit_us=93361 skipped=0 gpu_q=0
frust_shell_common::perf: frust-perf frame n=56 total_p50_ms=91 total_p95_ms=98 total_p99_ms=120 rebuild_p95_ms=0 layout_p95_ms=0 paint_p95_ms=0 encode_p95_ms=0 acquire_p95_ms=0 submit_p95_ms=97 over_60hz=56 over_120hz=56 skipped=0 total_frames=56
frust_shell_common::perf: frust-perf raw n=57 total_us=98357 rebuild_us=687 layout_us=26 paint_us=36 encode_us=104 acquire_us=96 submit_us=97405 skipped=0 gpu_q=0
frust_shell_common::perf: frust-perf raw n=58 total_us=94757 rebuild_us=619 layout_us=23 paint_us=32 encode_us=100 acquire_us=95 submit_us=93885 skipped=0 gpu_q=0
frust_shell_common::perf: frust-perf raw n=59 total_us=92607 rebuild_us=614 layout_us=22 paint_us=33 encode_us=98 acquire_us=107 submit_us=91730 skipped=0 gpu_q=0
frust_shell_common::perf: frust-perf raw n=60 total_us=93171 rebuild_us=670 layout_us=27 paint_us=36 encode_us=102 acquire_us=94 submit_us=92241 skipped=0 gpu_q=0
frust_shell_common::perf: frust-perf raw n=61 total_us=92394 rebuild_us=628 layout_us=28 paint_us=38 encode_us=114 acquire_us=105 submit_us=91479 skipped=0 gpu_q=0
frust_shell_common::perf: frust-perf raw n=62 total_us=93266 rebuild_us=621 layout_us=23 paint_us=34 encode_us=103 acquire_us=116 submit_us=92368 skipped=0 gpu_q=0
frust_shell_common::perf: frust-perf raw n=63 total_us=91944 rebuild_us=613 layout_us=23 paint_us=34 encode_us=101 acquire_us=111 submit_us=91058 skipped=0 gpu_q=0
frust_shell_common::perf: frust-perf raw n=64 total_us=95359 rebuild_us=652 layout_us=27 paint_us=36 encode_us=100 acquire_us=97 submit_us=94444 skipped=0 gpu_q=0
frust_shell_common::perf: frust-perf raw n=65 total_us=94897 rebuild_us=863 layout_us=35 paint_us=42 encode_us=190 acquire_us=176 submit_us=93589 skipped=0 gpu_q=0
frust_shell_common::perf: frust-perf raw n=66 total_us=97330 rebuild_us=614 layout_us=22 paint_us=34 encode_us=101 acquire_us=104 submit_us=96453 skipped=0 gpu_q=0
frust_shell_common::perf: frust-perf raw n=67 total_us=91002 rebuild_us=768 layout_us=30 paint_us=41 encode_us=101 acquire_us=103 submit_us=89957 skipped=0 gpu_q=0
frust_shell_common::perf: frust-perf raw n=68 total_us=94728 rebuild_us=690 layout_us=25 paint_us=34 encode_us=206 acquire_us=128 submit_us=93642 skipped=0 gpu_q=0
frust_shell_common::perf: frust-perf raw n=69 total_us=93027 rebuild_us=643 layout_us=28 paint_us=37 encode_us=102 acquire_us=108 submit_us=92106 skipped=0 gpu_q=0
frust_shell_common::perf: frust-perf raw n=70 total_us=93012 rebuild_us=704 layout_us=32 paint_us=35 encode_us=99 acquire_us=98 submit_us=92042 skipped=0 gpu_q=0
frust_shell_android::app::frame: frust-perf platform-view tail depth=0 target=0 acquire_bound=false frame=480 expected_present_us=0 acquire_us=108 period_us=11159
frust_shell_common::perf: frust-perf raw n=71 total_us=97108 rebuild_us=600 layout_us=23 paint_us=32 encode_us=100 acquire_us=105 submit_us=96246 skipped=0 gpu_q=0
frust_shell_common::perf: frust-perf raw n=72 total_us=97635 rebuild_us=624 layout_us=27 paint_us=35 encode_us=85 acquire_us=92 submit_us=96770 skipped=0 gpu_q=0
frust_shell_common::perf: frust-perf raw n=73 total_us=94991 rebuild_us=665 layout_us=28 paint_us=36 encode_us=98 acquire_us=98 submit_us=94064 skipped=0 gpu_q=0
frust_shell_common::perf: frust-perf raw n=74 total_us=97448 rebuild_us=714 layout_us=30 paint_us=37 encode_us=204 acquire_us=128 submit_us=96333 skipped=0 gpu_q=0
frust_shell_common::perf: frust-perf raw n=75 total_us=95935 rebuild_us=603 layout_us=24 paint_us=34 encode_us=100 acquire_us=115 submit_us=95056 skipped=0 gpu_q=0
frust_shell_common::perf: frust-perf raw n=76 total_us=93628 rebuild_us=603 layout_us=39 paint_us=33 encode_us=123 acquire_us=117 submit_us=92711 skipped=0 gpu_q=0
frust_shell_common::perf: frust-perf raw n=77 total_us=92866 rebuild_us=689 layout_us=27 paint_us=35 encode_us=103 acquire_us=97 submit_us=91912 skipped=0 gpu_q=0
frust_shell_common::perf: frust-perf raw n=78 total_us=93444 rebuild_us=611 layout_us=28 paint_us=37 encode_us=86 acquire_us=82 submit_us=92597 skipped=0 gpu_q=0
frust_shell_common::perf: frust-perf frame n=78 total_p50_ms=93 total_p95_ms=98 total_p99_ms=120 rebuild_p95_ms=0 layout_p95_ms=0 paint_p95_ms=0 encode_p95_ms=0 acquire_p95_ms=0 submit_p95_ms=97 over_60hz=78 over_120hz=78 skipped=0 total_frames=78
frust_shell_common::perf: frust-perf raw n=79 total_us=93504 rebuild_us=590 layout_us=23 paint_us=33 encode_us=101 acquire_us=128 submit_us=92627 skipped=0 gpu_q=0
frust_shell_common::perf: frust-perf raw n=80 total_us=92852 rebuild_us=626 layout_us=25 paint_us=35 encode_us=134 acquire_us=108 submit_us=91921 skipped=0 gpu_q=0
frust_shell_common::perf: frust-perf raw n=81 total_us=94347 rebuild_us=664 layout_us=30 paint_us=38 encode_us=104 acquire_us=111 submit_us=93398 skipped=0 gpu_q=0
frust_shell_common::perf: frust-perf raw n=82 total_us=96775 rebuild_us=597 layout_us=23 paint_us=34 encode_us=100 acquire_us=116 submit_us=95903 skipped=0 gpu_q=0
frust_shell_common::perf: frust-perf raw n=83 total_us=98319 rebuild_us=713 layout_us=45 paint_us=39 encode_us=94 acquire_us=102 submit_us=97323 skipped=0 gpu_q=0
frust_shell_common::perf: frust-perf raw n=84 total_us=97771 rebuild_us=634 layout_us=26 paint_us=37 encode_us=102 acquire_us=103 submit_us=96867 skipped=0 gpu_q=0
frust_shell_android::app::frame: frust-perf platform-view tail depth=0 target=0 acquire_bound=false frame=600 expected_present_us=0 acquire_us=107 period_us=11355
frust_shell_common::perf: frust-perf raw n=85 total_us=94698 rebuild_us=597 layout_us=23 paint_us=34 encode_us=102 acquire_us=111 submit_us=93828 skipped=0 gpu_q=0
frust_shell_common::perf: frust-perf raw n=86 total_us=92855 rebuild_us=688 layout_us=27 paint_us=36 encode_us=84 acquire_us=78 submit_us=91939 skipped=0 gpu_q=0
frust_shell_common::perf: frust-perf raw n=87 total_us=97814 rebuild_us=646 layout_us=24 paint_us=34 encode_us=98 acquire_us=174 submit_us=96836 skipped=0 gpu_q=0
frust_shell_common::perf: frust-perf raw n=88 total_us=95751 rebuild_us=657 layout_us=36 paint_us=39 encode_us=101 acquire_us=108 submit_us=94807 skipped=0 gpu_q=0
frust_shell_common::perf: frust-perf raw n=89 total_us=95716 rebuild_us=611 layout_us=23 paint_us=34 encode_us=98 acquire_us=96 submit_us=94852 skipped=0 gpu_q=0
frust_shell_common::perf: frust-perf raw n=90 total_us=93458 rebuild_us=768 layout_us=33 paint_us=40 encode_us=166 acquire_us=152 submit_us=92297 skipped=0 gpu_q=0
frust_shell_common::perf: frust-perf raw n=91 total_us=95872 rebuild_us=603 layout_us=23 paint_us=34 encode_us=101 acquire_us=101 submit_us=95007 skipped=0 gpu_q=0
frust_shell_common::perf: frust-perf raw n=92 total_us=93970 rebuild_us=668 layout_us=27 paint_us=37 encode_us=106 acquire_us=97 submit_us=93033 skipped=0 gpu_q=0
frust_shell_common::perf: frust-perf raw n=93 total_us=94155 rebuild_us=696 layout_us=28 paint_us=38 encode_us=102 acquire_us=93 submit_us=93196 skipped=0 gpu_q=0
frust_shell_common::perf: frust-perf raw n=94 total_us=96801 rebuild_us=599 layout_us=22 paint_us=33 encode_us=100 acquire_us=101 submit_us=95943 skipped=0 gpu_q=0
frust_shell_common::perf: frust-perf raw n=95 total_us=95514 rebuild_us=679 layout_us=29 paint_us=37 encode_us=100 acquire_us=94 submit_us=94574 skipped=0 gpu_q=0
frust_shell_common::perf: frust-perf raw n=96 total_us=91364 rebuild_us=638 layout_us=23 paint_us=33 encode_us=101 acquire_us=128 submit_us=90439 skipped=0 gpu_q=0
frust_shell_common::perf: frust-perf raw n=97 total_us=96995 rebuild_us=618 layout_us=26 paint_us=34 encode_us=379 acquire_us=297 submit_us=95639 skipped=0 gpu_q=0
frust_shell_common::perf: frust-perf raw n=98 total_us=94569 rebuild_us=693 layout_us=28 paint_us=36 encode_us=100 acquire_us=95 submit_us=93615 skipped=0 gpu_q=0
frust_shell_common::perf: frust-perf raw n=99 total_us=95997 rebuild_us=926 layout_us=37 paint_us=45 encode_us=109 acquire_us=105 submit_us=94772 skipped=0 gpu_q=0
frust_shell_android::app::frame: frust-perf platform-view tail depth=0 target=0 acquire_bound=false frame=720 expected_present_us=0 acquire_us=125 period_us=11672
frust_shell_common::perf: frust-perf raw n=100 total_us=99056 rebuild_us=602 layout_us=22 paint_us=33 encode_us=103 acquire_us=110 submit_us=98184 skipped=0 gpu_q=0
frust_shell_common::perf: frust-perf frame n=100 total_p50_ms=93 total_p95_ms=98 total_p99_ms=112 rebuild_p95_ms=0 layout_p95_ms=0 paint_p95_ms=0 encode_p95_ms=0 acquire_p95_ms=0 submit_p95_ms=97 over_60hz=100 over_120hz=100 skipped=0 total_frames=100
frust_shell_common::perf: frust-perf raw n=101 total_us=94062 rebuild_us=714 layout_us=27 paint_us=36 encode_us=100 acquire_us=106 submit_us=93076 skipped=0 gpu_q=0
frust_shell_common::perf: frust-perf raw n=102 total_us=93627 rebuild_us=616 layout_us=22 paint_us=32 encode_us=102 acquire_us=94 submit_us=92759 skipped=0 gpu_q=0
frust_shell_common::perf: frust-perf raw n=103 total_us=91493 rebuild_us=602 layout_us=25 paint_us=34 encode_us=100 acquire_us=121 submit_us=90608 skipped=0 gpu_q=0
frust_shell_common::perf: frust-perf raw n=104 total_us=92532 rebuild_us=643 layout_us=27 paint_us=37 encode_us=100 acquire_us=119 submit_us=91605 skipped=0 gpu_q=0
frust_shell_common::perf: frust-perf raw n=105 total_us=94355 rebuild_us=617 layout_us=25 paint_us=34 encode_us=106 acquire_us=106 submit_us=93465 skipped=0 gpu_q=0
frust_shell_common::perf: frust-perf raw n=106 total_us=96890 rebuild_us=698 layout_us=30 paint_us=38 encode_us=104 acquire_us=108 submit_us=95910 skipped=0 gpu_q=0
frust_shell_common::perf: frust-perf raw n=107 total_us=92660 rebuild_us=635 layout_us=23 paint_us=34 encode_us=100 acquire_us=109 submit_us=91756 skipped=0 gpu_q=0
frust_shell_common::perf: frust-perf raw n=108 total_us=94846 rebuild_us=642 layout_us=29 paint_us=38 encode_us=101 acquire_us=95 submit_us=93938 skipped=0 gpu_q=0
frust_shell_common::perf: frust-perf raw n=109 total_us=93605 rebuild_us=596 layout_us=22 paint_us=32 encode_us=102 acquire_us=118 submit_us=92733 skipped=0 gpu_q=0
frust_shell_common::perf: frust-perf raw n=110 total_us=95434 rebuild_us=615 layout_us=26 paint_us=33 encode_us=132 acquire_us=107 submit_us=94519 skipped=0 gpu_q=0
frust_shell_common::perf: frust-perf raw n=111 total_us=94946 rebuild_us=690 layout_us=26 paint_us=36 encode_us=97 acquire_us=100 submit_us=93994 skipped=0 gpu_q=0
frust_shell_common::perf: frust-perf raw n=112 total_us=92250 rebuild_us=596 layout_us=22 paint_us=33 encode_us=153 acquire_us=118 submit_us=91326 skipped=0 gpu_q=0
frust_shell_common::perf: frust-perf raw n=113 total_us=91511 rebuild_us=759 layout_us=35 paint_us=41 encode_us=104 acquire_us=95 submit_us=90474 skipped=0 gpu_q=0
frust_shell_common::perf: frust-perf raw n=114 total_us=93925 rebuild_us=655 layout_us=27 paint_us=37 encode_us=86 acquire_us=84 submit_us=93034 skipped=0 gpu_q=0
frust_shell_android::app::frame: frust-perf platform-view tail depth=0 target=0 acquire_bound=false frame=840 expected_present_us=0 acquire_us=99 period_us=11413
frust_shell_common::perf: frust-perf raw n=115 total_us=95549 rebuild_us=684 layout_us=25 paint_us=36 encode_us=101 acquire_us=99 submit_us=94601 skipped=0 gpu_q=0
frust_shell_common::perf: frust-perf raw n=116 total_us=94694 rebuild_us=617 layout_us=24 paint_us=35 encode_us=103 acquire_us=101 submit_us=93811 skipped=0 gpu_q=0
frust_shell_common::perf: frust-perf raw n=117 total_us=93829 rebuild_us=597 layout_us=23 paint_us=32 encode_us=101 acquire_us=106 submit_us=92968 skipped=0 gpu_q=0
frust_shell_common::perf: frust-perf raw n=118 total_us=94630 rebuild_us=669 layout_us=27 paint_us=38 encode_us=101 acquire_us=96 submit_us=93697 skipped=0 gpu_q=0
frust_shell_common::perf: frust-perf raw n=119 total_us=93234 rebuild_us=700 layout_us=30 paint_us=39 encode_us=103 acquire_us=113 submit_us=92248 skipped=0 gpu_q=0
frust_shell_common::perf: frust-perf raw n=120 total_us=94508 rebuild_us=606 layout_us=24 paint_us=33 encode_us=99 acquire_us=111 submit_us=93634 skipped=0 gpu_q=0
frust_shell_common::perf: frust-perf raw n=121 total_us=93977 rebuild_us=705 layout_us=27 paint_us=36 encode_us=101 acquire_us=89 submit_us=93015 skipped=0 gpu_q=0
frust_shell_common::perf: frust-perf raw n=122 total_us=95185 rebuild_us=612 layout_us=23 paint_us=33 encode_us=247 acquire_us=189 submit_us=94078 skipped=0 gpu_q=0
frust_shell_common::perf: frust-perf frame n=120 total_p50_ms=93 total_p95_ms=97 total_p99_ms=99 rebuild_p95_ms=0 layout_p95_ms=0 paint_p95_ms=0 encode_p95_ms=0 acquire_p95_ms=0 submit_p95_ms=96 over_60hz=122 over_120hz=122 skipped=0 total_frames=122
frust_shell_common::perf: frust-perf raw n=123 total_us=94720 rebuild_us=661 layout_us=26 paint_us=75 encode_us=101 acquire_us=100 submit_us=93754 skipped=0 gpu_q=0
frust_shell_common::perf: frust-perf raw n=124 total_us=96471 rebuild_us=666 layout_us=21 paint_us=33 encode_us=98 acquire_us=105 submit_us=95545 skipped=0 gpu_q=0
frust_shell_common::perf: frust-perf raw n=125 total_us=96811 rebuild_us=659 layout_us=28 paint_us=35 encode_us=100 acquire_us=93 submit_us=95894 skipped=0 gpu_q=0
frust_shell_common::perf: frust-perf raw n=126 total_us=95928 rebuild_us=593 layout_us=22 paint_us=32 encode_us=100 acquire_us=108 submit_us=95069 skipped=0 gpu_q=0
frust_shell_common::perf: frust-perf raw n=127 total_us=96825 rebuild_us=807 layout_us=37 paint_us=44 encode_us=98 acquire_us=104 submit_us=95734 skipped=0 gpu_q=0
frust_shell_common::perf: frust-perf raw n=128 total_us=93009 rebuild_us=617 layout_us=22 paint_us=36 encode_us=101 acquire_us=105 submit_us=92125 skipped=0 gpu_q=0
frust_shell_common::perf: frust-perf raw n=129 total_us=93976 rebuild_us=715 layout_us=30 paint_us=38 encode_us=107 acquire_us=100 submit_us=92983 skipped=0 gpu_q=0
frust_shell_android::app::frame: frust-perf platform-view tail depth=0 target=0 acquire_bound=false frame=960 expected_present_us=0 acquire_us=103 period_us=12998
frust_shell_common::perf: frust-perf raw n=130 total_us=96456 rebuild_us=606 layout_us=24 paint_us=34 encode_us=96 acquire_us=101 submit_us=95592 skipped=0 gpu_q=0
frust_shell_common::perf: frust-perf raw n=131 total_us=96555 rebuild_us=695 layout_us=28 paint_us=39 encode_us=103 acquire_us=120 submit_us=95566 skipped=0 gpu_q=0
frust_shell_common::perf: frust-perf raw n=132 total_us=93862 rebuild_us=598 layout_us=23 paint_us=35 encode_us=101 acquire_us=112 submit_us=92990 skipped=0 gpu_q=0
frust_shell_common::perf: frust-perf raw n=133 total_us=95878 rebuild_us=718 layout_us=28 paint_us=37 encode_us=112 acquire_us=115 submit_us=94866 skipped=0 gpu_q=0
frust_shell_common::perf: frust-perf raw n=134 total_us=92056 rebuild_us=639 layout_us=27 paint_us=37 encode_us=105 acquire_us=99 submit_us=91146 skipped=0 gpu_q=0
frust_shell_common::perf: frust-perf raw n=135 total_us=93009 rebuild_us=658 layout_us=26 paint_us=36 encode_us=100 acquire_us=89 submit_us=92098 skipped=0 gpu_q=0
frust_shell_common::perf: frust-perf raw n=136 total_us=97567 rebuild_us=632 layout_us=26 paint_us=38 encode_us=104 acquire_us=93 submit_us=96671 skipped=0 gpu_q=0
frust_shell_common::perf: frust-perf raw n=137 total_us=92540 rebuild_us=590 layout_us=23 paint_us=33 encode_us=100 acquire_us=102 submit_us=91690 skipped=0 gpu_q=0
frust_shell_common::perf: frust-perf raw n=138 total_us=97805 rebuild_us=675 layout_us=29 paint_us=35 encode_us=294 acquire_us=435 submit_us=96335 skipped=0 gpu_q=0
frust_shell_common::perf: frust-perf raw n=139 total_us=99568 rebuild_us=693 layout_us=27 paint_us=38 encode_us=102 acquire_us=102 submit_us=98604 skipped=0 gpu_q=0
frust_shell_common::perf: frust-perf raw n=140 total_us=100162 rebuild_us=678 layout_us=26 paint_us=38 encode_us=100 acquire_us=92 submit_us=99224 skipped=0 gpu_q=0
frust_shell_common::perf: frust-perf raw n=141 total_us=92046 rebuild_us=676 layout_us=30 paint_us=36 encode_us=100 acquire_us=107 submit_us=91094 skipped=0 gpu_q=0
frust_shell_common::perf: frust-perf raw n=142 total_us=94415 rebuild_us=606 layout_us=22 paint_us=32 encode_us=102 acquire_us=105 submit_us=93545 skipped=0 gpu_q=0
frust_shell_common::perf: frust-perf raw n=143 total_us=95907 rebuild_us=691 layout_us=36 paint_us=53 encode_us=97 acquire_us=102 submit_us=94926 skipped=0 gpu_q=0
frust_shell_common::perf: frust-perf frame n=120 total_p50_ms=94 total_p95_ms=97 total_p99_ms=99 rebuild_p95_ms=0 layout_p95_ms=0 paint_p95_ms=0 encode_p95_ms=0 acquire_p95_ms=0 submit_p95_ms=96 over_60hz=143 over_120hz=143 skipped=0 total_frames=143
frust_shell_common::perf: frust-perf raw n=144 total_us=96335 rebuild_us=638 layout_us=24 paint_us=36 encode_us=97 acquire_us=105 submit_us=95432 skipped=0 gpu_q=0
frust_shell_android::app::frame: frust-perf platform-view tail depth=0 target=0 acquire_bound=false frame=1080 expected_present_us=0 acquire_us=118 period_us=11342
frust_shell_common::perf: frust-perf raw n=145 total_us=96621 rebuild_us=709 layout_us=29 paint_us=36 encode_us=149 acquire_us=127 submit_us=95569 skipped=0 gpu_q=0
frust_shell_common::perf: frust-perf raw n=146 total_us=93134 rebuild_us=702 layout_us=27 paint_us=35 encode_us=101 acquire_us=105 submit_us=92161 skipped=0 gpu_q=0
frust_shell_common::perf: frust-perf raw n=147 total_us=92782 rebuild_us=645 layout_us=26 paint_us=38 encode_us=97 acquire_us=96 submit_us=91877 skipped=0 gpu_q=0
frust_shell_common::perf: frust-perf raw n=148 total_us=92832 rebuild_us=636 layout_us=24 paint_us=77 encode_us=98 acquire_us=104 submit_us=91890 skipped=0 gpu_q=0
frust_shell_common::perf: frust-perf raw n=149 total_us=92303 rebuild_us=686 layout_us=33 paint_us=37 encode_us=105 acquire_us=95 submit_us=91344 skipped=0 gpu_q=0
frust_shell_common::perf: frust-perf raw n=150 total_us=95685 rebuild_us=652 layout_us=26 paint_us=36 encode_us=169 acquire_us=171 submit_us=94627 skipped=0 gpu_q=0
frust_shell_common::perf: frust-perf raw n=151 total_us=94499 rebuild_us=610 layout_us=23 paint_us=34 encode_us=101 acquire_us=104 submit_us=93624 skipped=0 gpu_q=0
frust_shell_common::perf: frust-perf raw n=152 total_us=95371 rebuild_us=619 layout_us=23 paint_us=34 encode_us=100 acquire_us=106 submit_us=94487 skipped=0 gpu_q=0
frust_shell_common::perf: frust-perf raw n=153 total_us=94814 rebuild_us=655 layout_us=27 paint_us=37 encode_us=100 acquire_us=106 submit_us=93887 skipped=0 gpu_q=0
frust_shell_common::perf: frust-perf raw n=154 total_us=96395 rebuild_us=692 layout_us=30 paint_us=36 encode_us=104 acquire_us=93 submit_us=95439 skipped=0 gpu_q=0
frust_shell_common::perf: frust-perf raw n=155 total_us=96539 rebuild_us=686 layout_us=27 paint_us=35 encode_us=95 acquire_us=89 submit_us=95604 skipped=0 gpu_q=0
frust_shell_common::perf: frust-perf raw n=156 total_us=94963 rebuild_us=715 layout_us=30 paint_us=38 encode_us=101 acquire_us=107 submit_us=93970 skipped=0 gpu_q=0
frust_shell_common::perf: frust-perf raw n=157 total_us=94956 rebuild_us=726 layout_us=28 paint_us=36 encode_us=180 acquire_us=158 submit_us=93825 skipped=0 gpu_q=0
frust_shell_common::perf: frust-perf raw n=158 total_us=94526 rebuild_us=648 layout_us=28 paint_us=39 encode_us=93 acquire_us=81 submit_us=93634 skipped=0 gpu_q=0
frust_shell_common::perf: frust-perf raw n=159 total_us=95997 rebuild_us=599 layout_us=23 paint_us=34 encode_us=101 acquire_us=112 submit_us=95126 skipped=0 gpu_q=0
frust_shell_android::app::frame: frust-perf platform-view tail depth=0 target=0 acquire_bound=false frame=1200 expected_present_us=0 acquire_us=103 period_us=11761
frust_shell_common::perf: frust-perf raw n=160 total_us=94465 rebuild_us=604 layout_us=24 paint_us=34 encode_us=108 acquire_us=91 submit_us=93601 skipped=0 gpu_q=0
frust_shell_common::perf: frust-perf raw n=161 total_us=99376 rebuild_us=608 layout_us=22 paint_us=34 encode_us=100 acquire_us=136 submit_us=98472 skipped=0 gpu_q=0
frust_shell_common::perf: frust-perf raw n=162 total_us=92303 rebuild_us=705 layout_us=29 paint_us=37 encode_us=102 acquire_us=102 submit_us=91326 skipped=0 gpu_q=0
frust_shell_common::perf: frust-perf raw n=163 total_us=91604 rebuild_us=594 layout_us=22 paint_us=33 encode_us=100 acquire_us=150 submit_us=90702 skipped=0 gpu_q=0
frust_shell_common::perf: frust-perf raw n=164 total_us=97388 rebuild_us=688 layout_us=29 paint_us=36 encode_us=103 acquire_us=143 submit_us=96387 skipped=0 gpu_q=0
frust_shell_common::perf: frust-perf raw n=165 total_us=96611 rebuild_us=673 layout_us=26 paint_us=36 encode_us=100 acquire_us=95 submit_us=95679 skipped=0 gpu_q=0
frust_shell_common::perf: frust-perf frame n=120 total_p50_ms=94 total_p95_ms=98 total_p99_ms=99 rebuild_p95_ms=0 layout_p95_ms=0 paint_p95_ms=0 encode_p95_ms=0 acquire_p95_ms=0 submit_p95_ms=97 over_60hz=165 over_120hz=165 skipped=0 total_frames=165
frust_shell_common::perf: frust-perf raw n=166 total_us=97305 rebuild_us=653 layout_us=23 paint_us=35 encode_us=105 acquire_us=101 submit_us=96386 skipped=0 gpu_q=0
frust_shell_common::perf: frust-perf raw n=167 total_us=94504 rebuild_us=675 layout_us=24 paint_us=35 encode_us=104 acquire_us=109 submit_us=93555 skipped=0 gpu_q=0
frust_shell_common::perf: frust-perf raw n=168 total_us=96211 rebuild_us=657 layout_us=26 paint_us=39 encode_us=107 acquire_us=123 submit_us=95257 skipped=0 gpu_q=0
frust_shell_common::perf: frust-perf raw n=169 total_us=96655 rebuild_us=684 layout_us=23 paint_us=35 encode_us=99 acquire_us=129 submit_us=95682 skipped=0 gpu_q=0
frust_shell_common::perf: frust-perf raw n=170 total_us=94387 rebuild_us=700 layout_us=29 paint_us=41 encode_us=96 acquire_us=88 submit_us=93431 skipped=0 gpu_q=0
frust_shell_common::perf: frust-perf raw n=171 total_us=93613 rebuild_us=634 layout_us=25 paint_us=36 encode_us=100 acquire_us=106 submit_us=92710 skipped=0 gpu_q=0
frust_shell_common::perf: frust-perf raw n=172 total_us=99018 rebuild_us=674 layout_us=27 paint_us=36 encode_us=101 acquire_us=99 submit_us=98079 skipped=0 gpu_q=0
frust_shell_common::perf: frust-perf raw n=173 total_us=95275 rebuild_us=603 layout_us=23 paint_us=33 encode_us=99 acquire_us=104 submit_us=94411 skipped=0 gpu_q=0
frust_shell_common::perf: frust-perf raw n=174 total_us=96384 rebuild_us=603 layout_us=25 paint_us=45 encode_us=100 acquire_us=95 submit_us=95512 skipped=0 gpu_q=0
frust_shell_android::app::frame: frust-perf platform-view tail depth=0 target=0 acquire_bound=false frame=1320 expected_present_us=0 acquire_us=107 period_us=11149
frust_shell_common::perf: frust-perf raw n=175 total_us=92807 rebuild_us=656 layout_us=26 paint_us=37 encode_us=159 acquire_us=126 submit_us=91800 skipped=0 gpu_q=0
frust_shell_common::perf: frust-perf raw n=176 total_us=97370 rebuild_us=605 layout_us=23 paint_us=35 encode_us=101 acquire_us=95 submit_us=96509 skipped=0 gpu_q=0
frust_shell_common::perf: frust-perf raw n=177 total_us=95360 rebuild_us=611 layout_us=24 paint_us=35 encode_us=99 acquire_us=95 submit_us=94495 skipped=0 gpu_q=0
frust_shell_common::perf: frust-perf raw n=178 total_us=96228 rebuild_us=666 layout_us=26 paint_us=38 encode_us=101 acquire_us=97 submit_us=95297 skipped=0 gpu_q=0
frust_shell_common::perf: frust-perf raw n=179 total_us=95332 rebuild_us=720 layout_us=28 paint_us=39 encode_us=101 acquire_us=111 submit_us=94331 skipped=0 gpu_q=0
frust_shell_common::perf: frust-perf raw n=180 total_us=95084 rebuild_us=619 layout_us=24 paint_us=35 encode_us=296 acquire_us=156 submit_us=93952 skipped=0 gpu_q=0
frust_shell_common::perf: frust-perf raw n=181 total_us=95039 rebuild_us=644 layout_us=31 paint_us=37 encode_us=138 acquire_us=105 submit_us=94081 skipped=0 gpu_q=0
frust_shell_common::perf: frust-perf raw n=182 total_us=93653 rebuild_us=713 layout_us=27 paint_us=36 encode_us=111 acquire_us=101 submit_us=92663 skipped=0 gpu_q=0
frust_shell_common::perf: frust-perf raw n=183 total_us=96565 rebuild_us=672 layout_us=33 paint_us=40 encode_us=103 acquire_us=99 submit_us=95616 skipped=0 gpu_q=0
frust_shell_common::perf: frust-perf raw n=184 total_us=91152 rebuild_us=717 layout_us=29 paint_us=37 encode_us=140 acquire_us=97 submit_us=90130 skipped=0 gpu_q=0
frust_shell_common::perf: frust-perf raw n=185 total_us=95493 rebuild_us=623 layout_us=24 paint_us=35 encode_us=111 acquire_us=98 submit_us=94599 skipped=0 gpu_q=0
frust_shell_common::perf: frust-perf raw n=186 total_us=92472 rebuild_us=631 layout_us=25 paint_us=36 encode_us=90 acquire_us=88 submit_us=91599 skipped=0 gpu_q=0
frust_shell_common::perf: frust-perf raw n=187 total_us=97913 rebuild_us=713 layout_us=39 paint_us=39 encode_us=118 acquire_us=114 submit_us=96888 skipped=0 gpu_q=0
frust_shell_common::perf: frust-perf frame n=120 total_p50_ms=94 total_p95_ms=97 total_p99_ms=99 rebuild_p95_ms=0 layout_p95_ms=0 paint_p95_ms=0 encode_p95_ms=0 acquire_p95_ms=0 submit_p95_ms=96 over_60hz=187 over_120hz=187 skipped=0 total_frames=187
frust_shell_common::perf: frust-perf raw n=188 total_us=96411 rebuild_us=686 layout_us=27 paint_us=37 encode_us=84 acquire_us=90 submit_us=95484 skipped=0 gpu_q=0
frust_shell_android::app::frame: frust-perf platform-view tail depth=0 target=0 acquire_bound=false frame=1440 expected_present_us=0 acquire_us=103 period_us=11856
frust_shell_common::perf: frust-perf raw n=189 total_us=96483 rebuild_us=630 layout_us=24 paint_us=37 encode_us=104 acquire_us=120 submit_us=95566 skipped=0 gpu_q=0
frust_shell_common::perf: frust-perf raw n=190 total_us=93417 rebuild_us=663 layout_us=33 paint_us=41 encode_us=96 acquire_us=96 submit_us=92486 skipped=0 gpu_q=0
frust_shell_common::perf: frust-perf raw n=191 total_us=90406 rebuild_us=645 layout_us=22 paint_us=33 encode_us=97 acquire_us=107 submit_us=89499 skipped=0 gpu_q=0
frust_shell_common::perf: frust-perf raw n=192 total_us=90605 rebuild_us=616 layout_us=24 paint_us=35 encode_us=104 acquire_us=103 submit_us=89720 skipped=0 gpu_q=0
frust_shell_common::perf: frust-perf raw n=193 total_us=98119 rebuild_us=642 layout_us=27 paint_us=35 encode_us=101 acquire_us=103 submit_us=97208 skipped=0 gpu_q=0
frust_shell_common::perf: frust-perf raw n=194 total_us=97601 rebuild_us=713 layout_us=28 paint_us=37 encode_us=101 acquire_us=97 submit_us=96621 skipped=0 gpu_q=0
frust_shell_common::perf: frust-perf raw n=195 total_us=96469 rebuild_us=790 layout_us=31 paint_us=42 encode_us=95 acquire_us=100 submit_us=95407 skipped=0 gpu_q=0
frust_shell_common::perf: frust-perf raw n=196 total_us=99470 rebuild_us=607 layout_us=23 paint_us=33 encode_us=182 acquire_us=258 submit_us=98365 skipped=0 gpu_q=0
frust_shell_common::perf: frust-perf raw n=197 total_us=95189 rebuild_us=696 layout_us=26 paint_us=36 encode_us=102 acquire_us=104 submit_us=94222 skipped=0 gpu_q=0
frust_shell_common::perf: frust-perf raw n=198 total_us=94234 rebuild_us=611 layout_us=22 paint_us=35 encode_us=104 acquire_us=109 submit_us=93351 skipped=0 gpu_q=0
frust_shell_common::perf: frust-perf raw n=199 total_us=92092 rebuild_us=614 layout_us=24 paint_us=35 encode_us=98 acquire_us=108 submit_us=91211 skipped=0 gpu_q=0
frust_shell_common::perf: frust-perf raw n=200 total_us=98481 rebuild_us=670 layout_us=26 paint_us=35 encode_us=100 acquire_us=93 submit_us=97555 skipped=0 gpu_q=0
frust_shell_common::perf: frust-perf raw n=201 total_us=94619 rebuild_us=667 layout_us=27 paint_us=36 encode_us=102 acquire_us=95 submit_us=93689 skipped=0 gpu_q=0
frust_shell_common::perf: frust-perf raw n=202 total_us=97389 rebuild_us=604 layout_us=22 paint_us=35 encode_us=101 acquire_us=99 submit_us=96526 skipped=0 gpu_q=0
frust_shell_common::perf: frust-perf raw n=203 total_us=94167 rebuild_us=606 layout_us=24 paint_us=34 encode_us=99 acquire_us=119 submit_us=93283 skipped=0 gpu_q=0
frust_shell_android::app::frame: frust-perf platform-view tail depth=0 target=0 acquire_bound=false frame=1560 expected_present_us=0 acquire_us=106 period_us=11265
frust_shell_common::perf: frust-perf raw n=204 total_us=97829 rebuild_us=689 layout_us=27 paint_us=38 encode_us=98 acquire_us=100 submit_us=96875 skipped=0 gpu_q=0
frust_shell_common::perf: frust-perf raw n=205 total_us=95665 rebuild_us=639 layout_us=25 paint_us=36 encode_us=105 acquire_us=110 submit_us=94748 skipped=0 gpu_q=0
frust_shell_common::perf: frust-perf raw n=206 total_us=96118 rebuild_us=751 layout_us=29 paint_us=39 encode_us=101 acquire_us=95 submit_us=95102 skipped=0 gpu_q=0
frust_shell_common::perf: frust-perf raw n=207 total_us=94812 rebuild_us=739 layout_us=30 paint_us=37 encode_us=116 acquire_us=113 submit_us=93775 skipped=0 gpu_q=0
frust_shell_common::perf: frust-perf raw n=208 total_us=92757 rebuild_us=675 layout_us=26 paint_us=37 encode_us=98 acquire_us=98 submit_us=91820 skipped=0 gpu_q=0
frust_shell_common::perf: frust-perf frame n=120 total_p50_ms=94 total_p95_ms=98 total_p99_ms=99 rebuild_p95_ms=0 layout_p95_ms=0 paint_p95_ms=0 encode_p95_ms=0 acquire_p95_ms=0 submit_p95_ms=97 over_60hz=208 over_120hz=208 skipped=0 total_frames=208
frust_shell_common::perf: frust-perf raw n=209 total_us=92592 rebuild_us=714 layout_us=29 paint_us=39 encode_us=100 acquire_us=103 submit_us=91605 skipped=0 gpu_q=0
frust_shell_common::perf: frust-perf raw n=210 total_us=97810 rebuild_us=630 layout_us=24 paint_us=35 encode_us=101 acquire_us=104 submit_us=96914 skipped=0 gpu_q=0
frust_shell_common::perf: frust-perf raw n=211 total_us=94469 rebuild_us=688 layout_us=28 paint_us=38 encode_us=99 acquire_us=95 submit_us=93519 skipped=0 gpu_q=0
frust_shell_common::perf: frust-perf raw n=212 total_us=95708 rebuild_us=673 layout_us=24 paint_us=35 encode_us=102 acquire_us=133 submit_us=94739 skipped=0 gpu_q=0
frust_shell_common::perf: frust-perf raw n=213 total_us=92426 rebuild_us=655 layout_us=23 paint_us=34 encode_us=97 acquire_us=100 submit_us=91515 skipped=0 gpu_q=0
frust_shell_common::perf: frust-perf raw n=214 total_us=96155 rebuild_us=641 layout_us=25 paint_us=35 encode_us=130 acquire_us=107 submit_us=95214 skipped=0 gpu_q=0
frust_shell_common::perf: frust-perf raw n=215 total_us=96552 rebuild_us=722 layout_us=28 paint_us=39 encode_us=100 acquire_us=94 submit_us=95567 skipped=0 gpu_q=0
frust_shell_common::perf: frust-perf raw n=216 total_us=92997 rebuild_us=606 layout_us=22 paint_us=36 encode_us=107 acquire_us=115 submit_us=92108 skipped=0 gpu_q=0
frust_shell_common::perf: frust-perf raw n=217 total_us=93707 rebuild_us=620 layout_us=25 paint_us=38 encode_us=99 acquire_us=104 submit_us=92819 skipped=0 gpu_q=0
frust_shell_common::perf: frust-perf raw n=218 total_us=98415 rebuild_us=658 layout_us=28 paint_us=36 encode_us=100 acquire_us=106 submit_us=97485 skipped=0 gpu_q=0
frust_shell_android::app::frame: frust-perf platform-view tail depth=0 target=0 acquire_bound=false frame=1680 expected_present_us=0 acquire_us=101 period_us=11151
frust_shell_common::perf: frust-perf raw n=219 total_us=94023 rebuild_us=683 layout_us=25 paint_us=36 encode_us=103 acquire_us=92 submit_us=93081 skipped=0 gpu_q=0
frust_shell_common::perf: frust-perf raw n=220 total_us=92215 rebuild_us=610 layout_us=23 paint_us=34 encode_us=115 acquire_us=123 submit_us=91308 skipped=0 gpu_q=0
frust_shell_common::perf: frust-perf raw n=221 total_us=93515 rebuild_us=674 layout_us=25 paint_us=36 encode_us=181 acquire_us=186 submit_us=92411 skipped=0 gpu_q=0
frust_shell_common::perf: frust-perf raw n=222 total_us=95419 rebuild_us=640 layout_us=22 paint_us=36 encode_us=99 acquire_us=93 submit_us=94527 skipped=0 gpu_q=0
frust_shell_common::perf: frust-perf raw n=223 total_us=92123 rebuild_us=623 layout_us=25 paint_us=35 encode_us=98 acquire_us=97 submit_us=91243 skipped=0 gpu_q=0
frust_shell_common::perf: frust-perf raw n=224 total_us=94716 rebuild_us=619 layout_us=24 paint_us=35 encode_us=101 acquire_us=98 submit_us=93836 skipped=0 gpu_q=0
frust_shell_common::perf: frust-perf raw n=225 total_us=95019 rebuild_us=594 layout_us=21 paint_us=33 encode_us=106 acquire_us=125 submit_us=94138 skipped=0 gpu_q=0
frust_shell_common::perf: frust-perf raw n=226 total_us=93585 rebuild_us=681 layout_us=31 paint_us=38 encode_us=101 acquire_us=99 submit_us=92632 skipped=0 gpu_q=0
frust_shell_common::perf: frust-perf raw n=227 total_us=94588 rebuild_us=626 layout_us=25 paint_us=36 encode_us=102 acquire_us=109 submit_us=93688 skipped=0 gpu_q=0
frust_shell_common::perf: frust-perf raw n=228 total_us=93767 rebuild_us=612 layout_us=23 paint_us=34 encode_us=104 acquire_us=124 submit_us=92868 skipped=0 gpu_q=0
frust_shell_common::perf: frust-perf raw n=229 total_us=96478 rebuild_us=673 layout_us=26 paint_us=34 encode_us=105 acquire_us=113 submit_us=95525 skipped=0 gpu_q=0
frust_shell_common::perf: frust-perf raw n=230 total_us=92731 rebuild_us=652 layout_us=27 paint_us=37 encode_us=101 acquire_us=98 submit_us=91814 skipped=0 gpu_q=0
frust_shell_common::perf: frust-perf frame n=120 total_p50_ms=94 total_p95_ms=98 total_p99_ms=99 rebuild_p95_ms=0 layout_p95_ms=0 paint_p95_ms=0 encode_p95_ms=0 acquire_p95_ms=0 submit_p95_ms=97 over_60hz=230 over_120hz=230 skipped=0 total_frames=230
frust_shell_common::perf: frust-perf raw n=231 total_us=96970 rebuild_us=652 layout_us=26 paint_us=35 encode_us=99 acquire_us=94 submit_us=96061 skipped=0 gpu_q=0
frust_shell_common::perf: frust-perf raw n=232 total_us=91708 rebuild_us=613 layout_us=23 paint_us=32 encode_us=99 acquire_us=117 submit_us=90823 skipped=0 gpu_q=0
frust_shell_common::perf: frust-perf raw n=233 total_us=98010 rebuild_us=748 layout_us=29 paint_us=42 encode_us=1683 acquire_us=146 submit_us=95359 skipped=0 gpu_q=0
frust_shell_android::app::frame: frust-perf platform-view tail depth=0 target=0 acquire_bound=false frame=1800 expected_present_us=0 acquire_us=112 period_us=11230
frust_shell_common::perf: frust-perf raw n=234 total_us=92147 rebuild_us=680 layout_us=29 paint_us=37 encode_us=101 acquire_us=100 submit_us=91198 skipped=0 gpu_q=0
frust_shell_common::perf: frust-perf raw n=235 total_us=93563 rebuild_us=612 layout_us=22 paint_us=31 encode_us=96 acquire_us=120 submit_us=92678 skipped=0 gpu_q=0
frust_shell_common::perf: frust-perf raw n=236 total_us=94669 rebuild_us=623 layout_us=24 paint_us=32 encode_us=86 acquire_us=87 submit_us=93815 skipped=0 gpu_q=0
frust_shell_common::perf: frust-perf raw n=237 total_us=94399 rebuild_us=658 layout_us=29 paint_us=39 encode_us=100 acquire_us=110 submit_us=93461 skipped=0 gpu_q=0
frust_shell_common::perf: frust-perf raw n=238 total_us=96343 rebuild_us=665 layout_us=29 paint_us=38 encode_us=104 acquire_us=93 submit_us=95412 skipped=0 gpu_q=0
frust_shell_common::perf: frust-perf raw n=239 total_us=96500 rebuild_us=597 layout_us=23 paint_us=36 encode_us=103 acquire_us=112 submit_us=95627 skipped=0 gpu_q=0
frust_shell_common::perf: frust-perf raw n=240 total_us=96214 rebuild_us=843 layout_us=36 paint_us=42 encode_us=99 acquire_us=108 submit_us=95083 skipped=0 gpu_q=0
frust_shell_common::perf: frust-perf raw n=241 total_us=93750 rebuild_us=648 layout_us=24 paint_us=34 encode_us=100 acquire_us=99 submit_us=92843 skipped=0 gpu_q=0
frust_shell_common::perf: frust-perf raw n=242 total_us=95424 rebuild_us=646 layout_us=29 paint_us=36 encode_us=98 acquire_us=89 submit_us=94525 skipped=0 gpu_q=0
frust_shell_common::perf: frust-perf raw n=243 total_us=96761 rebuild_us=610 layout_us=23 paint_us=35 encode_us=103 acquire_us=109 submit_us=95879 skipped=0 gpu_q=0
frust_shell_common::perf: frust-perf raw n=244 total_us=96514 rebuild_us=730 layout_us=39 paint_us=45 encode_us=98 acquire_us=126 submit_us=95475 skipped=0 gpu_q=0
frust_shell_common::perf: frust-perf raw n=245 total_us=99099 rebuild_us=601 layout_us=22 paint_us=34 encode_us=98 acquire_us=109 submit_us=98233 skipped=0 gpu_q=0
frust_shell_common::perf: frust-perf raw n=246 total_us=94045 rebuild_us=679 layout_us=27 paint_us=36 encode_us=101 acquire_us=111 submit_us=93089 skipped=0 gpu_q=0
frust_shell_common::perf: frust-perf raw n=247 total_us=96949 rebuild_us=600 layout_us=22 paint_us=34 encode_us=105 acquire_us=108 submit_us=96077 skipped=0 gpu_q=0
frust_shell_android::app::frame: frust-perf platform-view tail depth=0 target=0 acquire_bound=false frame=1920 expected_present_us=0 acquire_us=105 period_us=11291
frust_shell_common::perf: frust-perf raw n=248 total_us=93972 rebuild_us=696 layout_us=31 paint_us=36 encode_us=101 acquire_us=97 submit_us=93008 skipped=0 gpu_q=0
frust_shell_common::perf: frust-perf raw n=249 total_us=94721 rebuild_us=648 layout_us=23 paint_us=37 encode_us=100 acquire_us=101 submit_us=93809 skipped=0 gpu_q=0
frust_shell_common::perf: frust-perf raw n=250 total_us=93945 rebuild_us=610 layout_us=21 paint_us=32 encode_us=168 acquire_us=185 submit_us=92927 skipped=0 gpu_q=0
frust_shell_common::perf: frust-perf raw n=251 total_us=92914 rebuild_us=710 layout_us=26 paint_us=36 encode_us=98 acquire_us=99 submit_us=91942 skipped=0 gpu_q=0
frust_shell_common::perf: frust-perf raw n=252 total_us=98303 rebuild_us=664 layout_us=26 paint_us=37 encode_us=106 acquire_us=112 submit_us=97355 skipped=0 gpu_q=0
frust_shell_common::perf: frust-perf frame n=120 total_p50_ms=95 total_p95_ms=98 total_p99_ms=99 rebuild_p95_ms=0 layout_p95_ms=0 paint_p95_ms=0 encode_p95_ms=0 acquire_p95_ms=0 submit_p95_ms=97 over_60hz=252 over_120hz=252 skipped=0 total_frames=252
frust_shell_common::perf: frust-perf raw n=253 total_us=99435 rebuild_us=636 layout_us=28 paint_us=38 encode_us=102 acquire_us=108 submit_us=98521 skipped=0 gpu_q=0
frust_shell_common::perf: frust-perf raw n=254 total_us=95702 rebuild_us=676 layout_us=27 paint_us=34 encode_us=99 acquire_us=95 submit_us=94769 skipped=0 gpu_q=0
frust_shell_common::perf: frust-perf raw n=255 total_us=94455 rebuild_us=732 layout_us=28 paint_us=37 encode_us=99 acquire_us=104 submit_us=93452 skipped=0 gpu_q=0
frust_shell_common::perf: frust-perf raw n=256 total_us=93809 rebuild_us=630 layout_us=25 paint_us=35 encode_us=104 acquire_us=106 submit_us=92907 skipped=0 gpu_q=0
frust_shell_common::perf: frust-perf raw n=257 total_us=95263 rebuild_us=602 layout_us=23 paint_us=34 encode_us=99 acquire_us=102 submit_us=94400 skipped=0 gpu_q=0
frust_shell_common::perf: frust-perf raw n=258 total_us=97197 rebuild_us=608 layout_us=23 paint_us=35 encode_us=101 acquire_us=100 submit_us=96327 skipped=0 gpu_q=0
frust_shell_common::perf: frust-perf raw n=259 total_us=94845 rebuild_us=684 layout_us=28 paint_us=37 encode_us=95 acquire_us=99 submit_us=93899 skipped=0 gpu_q=0
frust_shell_common::perf: frust-perf raw n=260 total_us=91757 rebuild_us=602 layout_us=22 paint_us=32 encode_us=97 acquire_us=120 submit_us=90882 skipped=0 gpu_q=0
frust_shell_common::perf: frust-perf raw n=261 total_us=96178 rebuild_us=721 layout_us=30 paint_us=38 encode_us=177 acquire_us=169 submit_us=95040 skipped=0 gpu_q=0
frust_shell_common::perf: frust-perf raw n=262 total_us=95565 rebuild_us=617 layout_us=22 paint_us=34 encode_us=98 acquire_us=107 submit_us=94685 skipped=0 gpu_q=0
frust_shell_android::app::frame: frust-perf platform-view tail depth=0 target=0 acquire_bound=false frame=2040 expected_present_us=0 acquire_us=113 period_us=11403
frust_shell_common::perf: frust-perf raw n=263 total_us=94925 rebuild_us=683 layout_us=26 paint_us=35 encode_us=104 acquire_us=104 submit_us=93971 skipped=0 gpu_q=0
frust_shell_common::perf: frust-perf raw n=264 total_us=90975 rebuild_us=678 layout_us=25 paint_us=34 encode_us=106 acquire_us=119 submit_us=90010 skipped=0 gpu_q=0
frust_shell_common::perf: frust-perf raw n=265 total_us=94748 rebuild_us=632 layout_us=27 paint_us=37 encode_us=103 acquire_us=106 submit_us=93840 skipped=0 gpu_q=0
frust_shell_common::perf: frust-perf raw n=266 total_us=96285 rebuild_us=629 layout_us=28 paint_us=38 encode_us=103 acquire_us=107 submit_us=95376 skipped=0 gpu_q=0
frust_shell_common::perf: frust-perf raw n=267 total_us=94459 rebuild_us=599 layout_us=22 paint_us=32 encode_us=98 acquire_us=106 submit_us=93598 skipped=0 gpu_q=0
frust_shell_common::perf: frust-perf raw n=268 total_us=95409 rebuild_us=697 layout_us=29 paint_us=37 encode_us=785 acquire_us=138 submit_us=93721 skipped=0 gpu_q=0
frust_shell_common::perf: frust-perf raw n=269 total_us=95028 rebuild_us=606 layout_us=23 paint_us=33 encode_us=102 acquire_us=108 submit_us=94153 skipped=0 gpu_q=0
frust_shell_common::perf: frust-perf raw n=270 total_us=96329 rebuild_us=692 layout_us=29 paint_us=38 encode_us=100 acquire_us=104 submit_us=95364 skipped=0 gpu_q=0
frust_shell_common::perf: frust-perf raw n=271 total_us=92066 rebuild_us=600 layout_us=21 paint_us=32 encode_us=102 acquire_us=166 submit_us=91142 skipped=0 gpu_q=0
frust_shell_common::perf: frust-perf raw n=272 total_us=92532 rebuild_us=665 layout_us=28 paint_us=38 encode_us=100 acquire_us=105 submit_us=91594 skipped=0 gpu_q=0
frust_shell_common::perf: frust-perf raw n=273 total_us=95058 rebuild_us=645 layout_us=27 paint_us=37 encode_us=123 acquire_us=91 submit_us=94132 skipped=0 gpu_q=0
frust_shell_common::perf: frust-perf raw n=274 total_us=93746 rebuild_us=601 layout_us=22 paint_us=32 encode_us=107 acquire_us=106 submit_us=92875 skipped=0 gpu_q=0
frust_shell_common::perf: frust-perf frame n=120 total_p50_ms=95 total_p95_ms=98 total_p99_ms=99 rebuild_p95_ms=0 layout_p95_ms=0 paint_p95_ms=0 encode_p95_ms=0 acquire_p95_ms=0 submit_p95_ms=97 over_60hz=274 over_120hz=274 skipped=0 total_frames=274
frust_shell_common::perf: frust-perf raw n=275 total_us=95728 rebuild_us=619 layout_us=24 paint_us=33 encode_us=111 acquire_us=97 submit_us=94842 skipped=0 gpu_q=0
frust_shell_common::perf: frust-perf raw n=276 total_us=94795 rebuild_us=614 layout_us=23 paint_us=34 encode_us=98 acquire_us=110 submit_us=93913 skipped=0 gpu_q=0
frust_shell_common::perf: frust-perf raw n=277 total_us=92549 rebuild_us=661 layout_us=25 paint_us=36 encode_us=100 acquire_us=116 submit_us=91607 skipped=0 gpu_q=0
frust_shell_android::app::frame: frust-perf platform-view tail depth=0 target=0 acquire_bound=false frame=2160 expected_present_us=0 acquire_us=111 period_us=11318
frust_shell_common::perf: frust-perf raw n=278 total_us=94085 rebuild_us=682 layout_us=31 paint_us=39 encode_us=98 acquire_us=118 submit_us=93115 skipped=0 gpu_q=0
frust_shell_common::perf: frust-perf raw n=279 total_us=95974 rebuild_us=638 layout_us=26 paint_us=35 encode_us=104 acquire_us=112 submit_us=95055 skipped=0 gpu_q=0
frust_shell_common::perf: frust-perf raw n=280 total_us=97131 rebuild_us=651 layout_us=24 paint_us=35 encode_us=103 acquire_us=110 submit_us=96206 skipped=0 gpu_q=0
frust_shell_common::perf: frust-perf raw n=281 total_us=93041 rebuild_us=693 layout_us=26 paint_us=35 encode_us=96 acquire_us=99 submit_us=92092 skipped=0 gpu_q=0
frust_shell_common::perf: frust-perf raw n=282 total_us=96418 rebuild_us=674 layout_us=27 paint_us=38 encode_us=222 acquire_us=130 submit_us=95326 skipped=0 gpu_q=0
frust_shell_common::perf: frust-perf raw n=283 total_us=96803 rebuild_us=699 layout_us=25 paint_us=34 encode_us=101 acquire_us=102 submit_us=95839 skipped=0 gpu_q=0
frust_shell_common::perf: frust-perf raw n=284 total_us=97253 rebuild_us=721 layout_us=30 paint_us=39 encode_us=97 acquire_us=88 submit_us=96275 skipped=0 gpu_q=0
frust_shell_common::perf: frust-perf raw n=285 total_us=95398 rebuild_us=609 layout_us=22 paint_us=34 encode_us=109 acquire_us=106 submit_us=94515 skipped=0 gpu_q=0
frust_shell_common::perf: frust-perf raw n=286 total_us=97953 rebuild_us=637 layout_us=26 paint_us=35 encode_us=138 acquire_us=98 submit_us=97017 skipped=0 gpu_q=0
frust_shell_common::perf: frust-perf raw n=287 total_us=96486 rebuild_us=845 layout_us=41 paint_us=42 encode_us=98 acquire_us=107 submit_us=95350 skipped=0 gpu_q=0
frust_shell_common::perf: frust-perf raw n=288 total_us=91254 rebuild_us=590 layout_us=23 paint_us=34 encode_us=102 acquire_us=107 submit_us=90396 skipped=0 gpu_q=0
frust_shell_common::perf: frust-perf raw n=289 total_us=93216 rebuild_us=660 layout_us=28 paint_us=37 encode_us=100 acquire_us=119 submit_us=92269 skipped=0 gpu_q=0
frust_shell_common::perf: frust-perf raw n=290 total_us=92065 rebuild_us=619 layout_us=27 paint_us=39 encode_us=104 acquire_us=98 submit_us=91176 skipped=0 gpu_q=0
frust_shell_common::perf: frust-perf raw n=291 total_us=96853 rebuild_us=650 layout_us=27 paint_us=36 encode_us=100 acquire_us=101 submit_us=95936 skipped=0 gpu_q=0
frust_shell_common::perf: frust-perf raw n=292 total_us=95077 rebuild_us=716 layout_us=29 paint_us=38 encode_us=87 acquire_us=82 submit_us=94123 skipped=0 gpu_q=0
frust_shell_android::app::frame: frust-perf platform-view tail depth=0 target=0 acquire_bound=false frame=2280 expected_present_us=0 acquire_us=101 period_us=12125
frust_shell_common::perf: frust-perf raw n=293 total_us=96990 rebuild_us=711 layout_us=29 paint_us=39 encode_us=101 acquire_us=113 submit_us=95996 skipped=0 gpu_q=0
frust_shell_common::perf: frust-perf raw n=294 total_us=93600 rebuild_us=789 layout_us=41 paint_us=47 encode_us=111 acquire_us=117 submit_us=92494 skipped=0 gpu_q=0
frust_shell_common::perf: frust-perf raw n=295 total_us=96059 rebuild_us=608 layout_us=22 paint_us=37 encode_us=261 acquire_us=190 submit_us=94938 skipped=0 gpu_q=0
frust_shell_common::perf: frust-perf raw n=296 total_us=94386 rebuild_us=640 layout_us=27 paint_us=37 encode_us=101 acquire_us=99 submit_us=93481 skipped=0 gpu_q=0
frust_shell_common::perf: frust-perf frame n=120 total_p50_ms=95 total_p95_ms=98 total_p99_ms=99 rebuild_p95_ms=0 layout_p95_ms=0 paint_p95_ms=0 encode_p95_ms=0 acquire_p95_ms=0 submit_p95_ms=97 over_60hz=296 over_120hz=296 skipped=0 total_frames=296
frust_shell_common::perf: frust-perf raw n=297 total_us=94490 rebuild_us=601 layout_us=23 paint_us=32 encode_us=99 acquire_us=102 submit_us=93632 skipped=0 gpu_q=0
frust_shell_common::perf: frust-perf raw n=298 total_us=95399 rebuild_us=660 layout_us=35 paint_us=44 encode_us=115 acquire_us=121 submit_us=94423 skipped=0 gpu_q=0
frust_shell_common::perf: frust-perf raw n=299 total_us=96493 rebuild_us=593 layout_us=22 paint_us=32 encode_us=100 acquire_us=110 submit_us=95633 skipped=0 gpu_q=0
frust_shell_common::perf: frust-perf raw n=300 total_us=95077 rebuild_us=649 layout_us=27 paint_us=37 encode_us=101 acquire_us=81 submit_us=94180 skipped=0 gpu_q=0
frust_shell_common::perf: frust-perf raw n=301 total_us=93956 rebuild_us=590 layout_us=22 paint_us=32 encode_us=99 acquire_us=105 submit_us=93105 skipped=0 gpu_q=0
frust_shell_common::perf: frust-perf raw n=302 total_us=93128 rebuild_us=666 layout_us=25 paint_us=35 encode_us=97 acquire_us=86 submit_us=92217 skipped=0 gpu_q=0
frust_shell_common::perf: frust-perf raw n=303 total_us=94541 rebuild_us=655 layout_us=29 paint_us=39 encode_us=112 acquire_us=139 submit_us=93564 skipped=0 gpu_q=0
frust_shell_common::perf: frust-perf raw n=304 total_us=93026 rebuild_us=624 layout_us=25 paint_us=37 encode_us=100 acquire_us=103 submit_us=92135 skipped=0 gpu_q=0
frust_shell_common::perf: frust-perf raw n=305 total_us=94609 rebuild_us=630 layout_us=28 paint_us=37 encode_us=100 acquire_us=94 submit_us=93717 skipped=0 gpu_q=0
frust_shell_common::perf: frust-perf raw n=306 total_us=95238 rebuild_us=598 layout_us=22 paint_us=32 encode_us=97 acquire_us=102 submit_us=94384 skipped=0 gpu_q=0
frust_shell_common::perf: frust-perf raw n=307 total_us=96526 rebuild_us=618 layout_us=23 paint_us=34 encode_us=101 acquire_us=126 submit_us=95622 skipped=0 gpu_q=0
frust_shell_android::app::frame: frust-perf platform-view tail depth=0 target=0 acquire_bound=false frame=2400 expected_present_us=0 acquire_us=103 period_us=11189
frust_shell_common::perf: frust-perf raw n=308 total_us=94645 rebuild_us=656 layout_us=26 paint_us=37 encode_us=97 acquire_us=89 submit_us=93737 skipped=0 gpu_q=0
frust_shell_common::perf: frust-perf raw n=309 total_us=92279 rebuild_us=601 layout_us=24 paint_us=35 encode_us=101 acquire_us=96 submit_us=91420 skipped=0 gpu_q=0
frust_shell_common::perf: frust-perf raw n=310 total_us=95950 rebuild_us=822 layout_us=35 paint_us=42 encode_us=99 acquire_us=102 submit_us=94847 skipped=0 gpu_q=0
frust_shell_common::perf: frust-perf raw n=311 total_us=92935 rebuild_us=604 layout_us=23 paint_us=32 encode_us=101 acquire_us=98 submit_us=92074 skipped=0 gpu_q=0
frust_shell_common::perf: frust-perf raw n=312 total_us=98945 rebuild_us=647 layout_us=62 paint_us=38 encode_us=101 acquire_us=99 submit_us=97996 skipped=0 gpu_q=0
frust_shell_common::perf: frust-perf raw n=313 total_us=95259 rebuild_us=660 layout_us=25 paint_us=34 encode_us=101 acquire_us=106 submit_us=94331 skipped=0 gpu_q=0
frust_shell_common::perf: frust-perf raw n=314 total_us=91422 rebuild_us=669 layout_us=28 paint_us=35 encode_us=95 acquire_us=88 submit_us=90505 skipped=0 gpu_q=0
frust_shell_common::perf: frust-perf raw n=315 total_us=95445 rebuild_us=624 layout_us=25 paint_us=34 encode_us=106 acquire_us=108 submit_us=94546 skipped=0 gpu_q=0
frust_shell_common::perf: frust-perf raw n=316 total_us=91638 rebuild_us=599 layout_us=24 paint_us=36 encode_us=176 acquire_us=196 submit_us=90606 skipped=0 gpu_q=0
frust_shell_common::perf: frust-perf raw n=317 total_us=95546 rebuild_us=614 layout_us=23 paint_us=34 encode_us=98 acquire_us=125 submit_us=94651 skipped=0 gpu_q=0
frust_shell_common::perf: frust-perf raw n=318 total_us=94323 rebuild_us=650 layout_us=25 paint_us=37 encode_us=100 acquire_us=97 submit_us=93412 skipped=0 gpu_q=0
frust_shell_common::perf: frust-perf frame n=120 total_p50_ms=94 total_p95_ms=98 total_p99_ms=99 rebuild_p95_ms=0 layout_p95_ms=0 paint_p95_ms=0 encode_p95_ms=0 acquire_p95_ms=0 submit_p95_ms=97 over_60hz=318 over_120hz=318 skipped=0 total_frames=318
frust_shell_common::perf: frust-perf raw n=319 total_us=94255 rebuild_us=681 layout_us=25 paint_us=37 encode_us=99 acquire_us=88 submit_us=93323 skipped=0 gpu_q=0
frust_shell_common::perf: frust-perf raw n=320 total_us=92790 rebuild_us=598 layout_us=23 paint_us=33 encode_us=104 acquire_us=122 submit_us=91908 skipped=0 gpu_q=0
frust_shell_common::perf: frust-perf raw n=321 total_us=98829 rebuild_us=685 layout_us=27 paint_us=35 encode_us=97 acquire_us=101 submit_us=97881 skipped=0 gpu_q=0
frust_shell_common::perf: frust-perf raw n=322 total_us=94228 rebuild_us=651 layout_us=25 paint_us=36 encode_us=98 acquire_us=97 submit_us=93319 skipped=0 gpu_q=0
frust_shell_android::app::frame: frust-perf platform-view tail depth=0 target=0 acquire_bound=false frame=2520 expected_present_us=0 acquire_us=104 period_us=12457
frust_shell_common::perf: frust-perf raw n=323 total_us=94725 rebuild_us=602 layout_us=23 paint_us=34 encode_us=105 acquire_us=101 submit_us=93858 skipped=0 gpu_q=0
frust_shell_common::perf: frust-perf raw n=324 total_us=95109 rebuild_us=699 layout_us=27 paint_us=37 encode_us=99 acquire_us=104 submit_us=94140 skipped=0 gpu_q=0
frust_shell_common::perf: frust-perf raw n=325 total_us=96803 rebuild_us=653 layout_us=26 paint_us=38 encode_us=102 acquire_us=100 submit_us=95880 skipped=0 gpu_q=0
frust_shell_common::perf: frust-perf raw n=326 total_us=93510 rebuild_us=692 layout_us=27 paint_us=35 encode_us=101 acquire_us=105 submit_us=92548 skipped=0 gpu_q=0
frust_shell_common::perf: frust-perf raw n=327 total_us=94585 rebuild_us=593 layout_us=22 paint_us=31 encode_us=102 acquire_us=108 submit_us=93726 skipped=0 gpu_q=0
frust_shell_common::perf: frust-perf raw n=328 total_us=98009 rebuild_us=659 layout_us=26 paint_us=35 encode_us=96 acquire_us=100 submit_us=97091 skipped=0 gpu_q=0
