frust-perf activity-create
frust_shell_common::perf: bench-scenario-start s1
frust_render::context: frust-perf surface-caps formats=[Rgba8UnormSrgb,Rgba8Unorm,Rgba16Float,Rgb10a2Unorm] usages=TextureUsages(COPY_SRC | COPY_DST | TEXTURE_BINDING | STORAGE_BINDING | RENDER_ATTACHMENT | STORAGE_ATOMIC) direct_to_surface=YES (Rgba8Unorm+STORAGE_BINDING)
frust_render::context: frust-perf render-path direct (Rgba8Unorm+STORAGE_BINDING)
frust_shell_common::perf: bench-scenario-end s1
frust_shell_common::perf: bench-scenario-start s5
frust_shell_common::perf: frust-perf startup init_entry=0ms font_preinit_started=0ms font_preinit_joined=0ms preinit_started=1ms preinit_joined=16ms cache_loaded=16ms pipeline_cache_restored=16ms adapter_ready=89ms device_ready=89ms renderer_ready=89ms first_rebuild_done=104ms first_encode_done=105ms first_frame_presented=131ms
frust_shell_common::perf: frust-perf raw n=1 total_us=26904 rebuild_us=133 layout_us=24 paint_us=25 encode_us=127 acquire_us=48 submit_us=26547 skipped=0
frust_shell_common::perf: frust-perf raw n=2 total_us=77118 rebuild_us=273 layout_us=41 paint_us=102 encode_us=61 acquire_us=27 submit_us=76612 skipped=0
frust_shell_common::perf: frust-perf raw n=3 total_us=44974 rebuild_us=212 layout_us=36 paint_us=27 encode_us=62 acquire_us=43 submit_us=44591 skipped=0
frust_shell_common::perf: frust-perf raw n=4 total_us=39805 rebuild_us=487 layout_us=119 paint_us=88 encode_us=83 acquire_us=54 submit_us=38971 skipped=0
frust_shell_common::perf: frust-perf raw n=5 total_us=46204 rebuild_us=267 layout_us=29 paint_us=27 encode_us=57 acquire_us=56 submit_us=45766 skipped=0
frust_shell_common::perf: frust-perf raw n=6 total_us=39594 rebuild_us=276 layout_us=20 paint_us=24 encode_us=48 acquire_us=61 submit_us=39162 skipped=0
frust_shell_common::perf: frust-perf raw n=7 total_us=40465 rebuild_us=289 layout_us=26 paint_us=27 encode_us=157 acquire_us=118 submit_us=39846 skipped=0
frust_shell_common::perf: frust-perf raw n=8 total_us=37072 rebuild_us=317 layout_us=25 paint_us=39 encode_us=73 acquire_us=58 submit_us=36558 skipped=0
frust_shell_common::perf: frust-perf raw n=9 total_us=37150 rebuild_us=365 layout_us=23 paint_us=28 encode_us=59 acquire_us=59 submit_us=36612 skipped=0
frust_shell_common::perf: frust-perf raw n=10 total_us=34947 rebuild_us=308 layout_us=35 paint_us=30 encode_us=55 acquire_us=71 submit_us=34445 skipped=0
frust_shell_common::perf: frust-perf raw n=11 total_us=40751 rebuild_us=355 layout_us=34 paint_us=36 encode_us=91 acquire_us=146 submit_us=40086 skipped=0
frust_shell_common::perf: frust-perf raw n=12 total_us=35462 rebuild_us=320 layout_us=24 paint_us=25 encode_us=71 acquire_us=83 submit_us=34935 skipped=0
frust_shell_common::perf: frust-perf raw n=13 total_us=43394 rebuild_us=717 layout_us=89 paint_us=121 encode_us=151 acquire_us=168 submit_us=42146 skipped=0
frust_shell_common::perf: frust-perf raw n=14 total_us=34086 rebuild_us=301 layout_us=22 paint_us=24 encode_us=70 acquire_us=87 submit_us=33580 skipped=0
frust_shell_common::perf: frust-perf raw n=15 total_us=44045 rebuild_us=304 layout_us=22 paint_us=24 encode_us=68 acquire_us=91 submit_us=43532 skipped=0
frust_shell_common::perf: frust-perf raw n=16 total_us=35318 rebuild_us=306 layout_us=21 paint_us=24 encode_us=60 acquire_us=76 submit_us=34829 skipped=0
frust_shell_common::perf: frust-perf raw n=17 total_us=43945 rebuild_us=342 layout_us=24 paint_us=34 encode_us=83 acquire_us=82 submit_us=43377 skipped=0
frust_shell_common::perf: frust-perf raw n=18 total_us=35354 rebuild_us=349 layout_us=22 paint_us=33 encode_us=58 acquire_us=46 submit_us=34844 skipped=0
frust_shell_common::perf: frust-perf raw n=19 total_us=47240 rebuild_us=390 layout_us=23 paint_us=23 encode_us=64 acquire_us=70 submit_us=46668 skipped=0
frust_shell_common::perf: frust-perf raw n=20 total_us=36411 rebuild_us=385 layout_us=26 paint_us=39 encode_us=50 acquire_us=55 submit_us=35853 skipped=0
frust_shell_common::perf: frust-perf raw n=21 total_us=45715 rebuild_us=359 layout_us=23 paint_us=29 encode_us=63 acquire_us=77 submit_us=45161 skipped=0
frust_shell_common::perf: frust-perf raw n=22 total_us=34388 rebuild_us=441 layout_us=21 paint_us=23 encode_us=63 acquire_us=80 submit_us=33758 skipped=0
frust_shell_common::perf: frust-perf raw n=23 total_us=42821 rebuild_us=399 layout_us=20 paint_us=27 encode_us=62 acquire_us=79 submit_us=42232 skipped=0
frust_shell_common::perf: frust-perf raw n=24 total_us=36602 rebuild_us=389 layout_us=23 paint_us=26 encode_us=63 acquire_us=118 submit_us=35980 skipped=0
frust_shell_common::perf: frust-perf raw n=25 total_us=45100 rebuild_us=399 layout_us=22 paint_us=25 encode_us=146 acquire_us=240 submit_us=44264 skipped=0
frust_shell_common::perf: frust-perf raw n=26 total_us=36900 rebuild_us=498 layout_us=32 paint_us=30 encode_us=63 acquire_us=69 submit_us=36205 skipped=0
frust_shell_common::perf: frust-perf raw n=27 total_us=45847 rebuild_us=438 layout_us=23 paint_us=30 encode_us=69 acquire_us=80 submit_us=45204 skipped=0
frust_shell_common::perf: frust-perf raw n=28 total_us=39677 rebuild_us=461 layout_us=19 paint_us=22 encode_us=65 acquire_us=62 submit_us=39046 skipped=0
frust_shell_common::perf: frust-perf raw n=29 total_us=34352 rebuild_us=531 layout_us=22 paint_us=26 encode_us=63 acquire_us=82 submit_us=33627 skipped=0
frust_shell_common::perf: frust-perf raw n=30 total_us=37221 rebuild_us=540 layout_us=34 paint_us=40 encode_us=192 acquire_us=179 submit_us=36234 skipped=0
frust_shell_android::app::frame: frust-perf platform-view tail depth=0 target=0 acquire_bound=false frame=120 expected_present_us=0 acquire_us=99 period_us=11136
frust_shell_common::perf: frust-perf raw n=31 total_us=40072 rebuild_us=256 layout_us=12 paint_us=32 encode_us=57 acquire_us=68 submit_us=39644 skipped=0
frust_shell_common::perf: frust-perf raw n=32 total_us=94861 rebuild_us=330 layout_us=15 paint_us=19 encode_us=66 acquire_us=76 submit_us=94353 skipped=0
frust_shell_common::perf: frust-perf raw n=33 total_us=94979 rebuild_us=387 layout_us=18 paint_us=22 encode_us=76 acquire_us=84 submit_us=94390 skipped=0
frust_shell_common::perf: frust-perf raw n=34 total_us=92914 rebuild_us=555 layout_us=22 paint_us=29 encode_us=74 acquire_us=73 submit_us=92159 skipped=0
frust_shell_common::perf: frust-perf raw n=35 total_us=94441 rebuild_us=397 layout_us=14 paint_us=22 encode_us=75 acquire_us=81 submit_us=93849 skipped=0
frust_shell_common::perf: frust-perf raw n=36 total_us=92295 rebuild_us=454 layout_us=18 paint_us=26 encode_us=76 acquire_us=81 submit_us=91636 skipped=0
frust_shell_common::perf: frust-perf raw n=37 total_us=97019 rebuild_us=398 layout_us=15 paint_us=23 encode_us=76 acquire_us=140 submit_us=96363 skipped=0
frust_shell_common::perf: frust-perf raw n=38 total_us=90932 rebuild_us=482 layout_us=20 paint_us=27 encode_us=73 acquire_us=72 submit_us=90257 skipped=0
frust_shell_common::perf: frust-perf raw n=39 total_us=96229 rebuild_us=551 layout_us=19 paint_us=29 encode_us=84 acquire_us=95 submit_us=95447 skipped=0
frust_shell_common::perf: frust-perf frame n=39 total_p50_ms=40 total_p95_ms=96 total_p99_ms=97 rebuild_p95_ms=0 layout_p95_ms=0 paint_p95_ms=0 encode_p95_ms=0 acquire_p95_ms=0 submit_p95_ms=95 over_60hz=39 over_120hz=39 skipped=0 total_frames=39
frust_shell_common::perf: frust-perf raw n=40 total_us=92387 rebuild_us=642 layout_us=26 paint_us=33 encode_us=96 acquire_us=93 submit_us=91496 skipped=0
frust_shell_common::perf: frust-perf raw n=41 total_us=94219 rebuild_us=562 layout_us=21 paint_us=29 encode_us=95 acquire_us=87 submit_us=93422 skipped=0
frust_shell_common::perf: frust-perf raw n=42 total_us=91490 rebuild_us=547 layout_us=18 paint_us=29 encode_us=96 acquire_us=109 submit_us=90687 skipped=0
frust_shell_common::perf: frust-perf raw n=43 total_us=94340 rebuild_us=586 layout_us=22 paint_us=33 encode_us=96 acquire_us=103 submit_us=93497 skipped=0
frust_shell_common::perf: frust-perf raw n=44 total_us=90622 rebuild_us=596 layout_us=21 paint_us=31 encode_us=101 acquire_us=98 submit_us=89771 skipped=0
frust_shell_common::perf: frust-perf raw n=45 total_us=96101 rebuild_us=593 layout_us=22 paint_us=35 encode_us=166 acquire_us=168 submit_us=95115 skipped=0
frust_shell_android::app::frame: frust-perf platform-view tail depth=0 target=0 acquire_bound=false frame=240 expected_present_us=0 acquire_us=112 period_us=12533
frust_shell_common::perf: frust-perf raw n=46 total_us=91591 rebuild_us=610 layout_us=21 paint_us=31 encode_us=110 acquire_us=107 submit_us=90710 skipped=0
frust_shell_common::perf: frust-perf raw n=47 total_us=90361 rebuild_us=576 layout_us=23 paint_us=33 encode_us=95 acquire_us=112 submit_us=89521 skipped=0
frust_shell_common::perf: frust-perf raw n=48 total_us=91799 rebuild_us=582 layout_us=23 paint_us=35 encode_us=95 acquire_us=133 submit_us=90927 skipped=0
frust_shell_common::perf: frust-perf raw n=49 total_us=90655 rebuild_us=589 layout_us=21 paint_us=32 encode_us=88 acquire_us=95 submit_us=89827 skipped=0
frust_shell_common::perf: frust-perf raw n=50 total_us=95301 rebuild_us=557 layout_us=19 paint_us=30 encode_us=86 acquire_us=86 submit_us=94520 skipped=0
frust_shell_common::perf: frust-perf raw n=51 total_us=95156 rebuild_us=617 layout_us=21 paint_us=32 encode_us=99 acquire_us=104 submit_us=94279 skipped=0
frust_shell_common::perf: frust-perf raw n=52 total_us=93982 rebuild_us=568 layout_us=21 paint_us=32 encode_us=100 acquire_us=111 submit_us=93149 skipped=0
frust_shell_common::perf: frust-perf raw n=53 total_us=96489 rebuild_us=550 layout_us=19 paint_us=30 encode_us=98 acquire_us=104 submit_us=95686 skipped=0
frust_shell_common::perf: frust-perf raw n=54 total_us=92312 rebuild_us=673 layout_us=27 paint_us=37 encode_us=122 acquire_us=101 submit_us=91349 skipped=0
frust_shell_common::perf: frust-perf raw n=55 total_us=92875 rebuild_us=547 layout_us=20 paint_us=29 encode_us=97 acquire_us=96 submit_us=92085 skipped=0
frust_shell_common::perf: frust-perf raw n=56 total_us=91582 rebuild_us=598 layout_us=22 paint_us=32 encode_us=100 acquire_us=95 submit_us=90734 skipped=0
frust_shell_common::perf: frust-perf raw n=57 total_us=96067 rebuild_us=618 layout_us=22 paint_us=32 encode_us=99 acquire_us=102 submit_us=95191 skipped=0
frust_shell_common::perf: frust-perf raw n=58 total_us=91530 rebuild_us=678 layout_us=26 paint_us=37 encode_us=98 acquire_us=93 submit_us=90596 skipped=0
frust_shell_common::perf: frust-perf raw n=59 total_us=95729 rebuild_us=545 layout_us=19 paint_us=29 encode_us=97 acquire_us=108 submit_us=94929 skipped=0
frust_shell_common::perf: frust-perf raw n=60 total_us=90573 rebuild_us=718 layout_us=29 paint_us=40 encode_us=210 acquire_us=166 submit_us=89408 skipped=0
frust_shell_android::app::frame: frust-perf platform-view tail depth=0 target=0 acquire_bound=false frame=360 expected_present_us=0 acquire_us=120 period_us=12554
frust_shell_common::perf: frust-perf raw n=61 total_us=95220 rebuild_us=569 layout_us=20 paint_us=30 encode_us=96 acquire_us=137 submit_us=94367 skipped=0
frust_shell_common::perf: frust-perf frame n=61 total_p50_ms=77 total_p95_ms=96 total_p99_ms=97 rebuild_p95_ms=0 layout_p95_ms=0 paint_p95_ms=0 encode_p95_ms=0 acquire_p95_ms=0 submit_p95_ms=95 over_60hz=61 over_120hz=61 skipped=0 total_frames=61
frust_shell_common::perf: frust-perf raw n=62 total_us=90179 rebuild_us=594 layout_us=24 paint_us=32 encode_us=93 acquire_us=87 submit_us=89345 skipped=0
frust_shell_common::perf: frust-perf raw n=63 total_us=90960 rebuild_us=614 layout_us=22 paint_us=31 encode_us=96 acquire_us=92 submit_us=90102 skipped=0
frust_shell_common::perf: frust-perf raw n=64 total_us=95389 rebuild_us=570 layout_us=21 paint_us=31 encode_us=96 acquire_us=104 submit_us=94565 skipped=0
frust_shell_common::perf: frust-perf raw n=65 total_us=95178 rebuild_us=693 layout_us=24 paint_us=39 encode_us=108 acquire_us=96 submit_us=94215 skipped=0
frust_shell_common::perf: frust-perf raw n=66 total_us=94749 rebuild_us=563 layout_us=19 paint_us=56 encode_us=106 acquire_us=101 submit_us=93900 skipped=0
frust_shell_common::perf: frust-perf raw n=67 total_us=91347 rebuild_us=617 layout_us=38 paint_us=33 encode_us=102 acquire_us=101 submit_us=90455 skipped=0
frust_shell_common::perf: frust-perf raw n=68 total_us=91872 rebuild_us=548 layout_us=20 paint_us=45 encode_us=101 acquire_us=107 submit_us=91047 skipped=0
frust_shell_common::perf: frust-perf raw n=69 total_us=93819 rebuild_us=592 layout_us=28 paint_us=32 encode_us=95 acquire_us=95 submit_us=92974 skipped=0
frust_shell_common::perf: frust-perf raw n=70 total_us=95342 rebuild_us=574 layout_us=22 paint_us=31 encode_us=100 acquire_us=101 submit_us=94511 skipped=0
frust_shell_common::perf: frust-perf raw n=71 total_us=89677 rebuild_us=593 layout_us=19 paint_us=29 encode_us=97 acquire_us=111 submit_us=88825 skipped=0
frust_shell_common::perf: frust-perf raw n=72 total_us=95751 rebuild_us=563 layout_us=21 paint_us=33 encode_us=98 acquire_us=92 submit_us=94940 skipped=0
frust_shell_common::perf: frust-perf raw n=73 total_us=95444 rebuild_us=586 layout_us=21 paint_us=32 encode_us=98 acquire_us=89 submit_us=94615 skipped=0
frust_shell_common::perf: frust-perf raw n=74 total_us=94381 rebuild_us=547 layout_us=20 paint_us=31 encode_us=100 acquire_us=91 submit_us=93589 skipped=0
frust_shell_common::perf: frust-perf raw n=75 total_us=92472 rebuild_us=616 layout_us=23 paint_us=33 encode_us=172 acquire_us=145 submit_us=91480 skipped=0
frust_shell_android::app::frame: frust-perf platform-view tail depth=0 target=0 acquire_bound=false frame=480 expected_present_us=0 acquire_us=106 period_us=12526
frust_shell_common::perf: frust-perf raw n=76 total_us=94206 rebuild_us=552 layout_us=18 paint_us=53 encode_us=159 acquire_us=108 submit_us=93312 skipped=0
frust_shell_common::perf: frust-perf raw n=77 total_us=93401 rebuild_us=823 layout_us=24 paint_us=35 encode_us=170 acquire_us=177 submit_us=92170 skipped=0
frust_shell_common::perf: frust-perf raw n=78 total_us=92460 rebuild_us=571 layout_us=28 paint_us=39 encode_us=100 acquire_us=101 submit_us=91619 skipped=0
frust_shell_common::perf: frust-perf raw n=79 total_us=93937 rebuild_us=961 layout_us=22 paint_us=32 encode_us=97 acquire_us=112 submit_us=92710 skipped=0
frust_shell_common::perf: frust-perf raw n=80 total_us=92468 rebuild_us=552 layout_us=20 paint_us=29 encode_us=98 acquire_us=105 submit_us=91662 skipped=0
frust_shell_common::perf: frust-perf raw n=81 total_us=93753 rebuild_us=591 layout_us=22 paint_us=31 encode_us=98 acquire_us=98 submit_us=92910 skipped=0
frust_shell_common::perf: frust-perf raw n=82 total_us=93278 rebuild_us=631 layout_us=24 paint_us=35 encode_us=97 acquire_us=93 submit_us=92395 skipped=0
frust_shell_common::perf: frust-perf raw n=83 total_us=95263 rebuild_us=600 layout_us=20 paint_us=29 encode_us=99 acquire_us=103 submit_us=94410 skipped=0
frust_shell_common::perf: frust-perf frame n=83 total_p50_ms=91 total_p95_ms=96 total_p99_ms=97 rebuild_p95_ms=0 layout_p95_ms=0 paint_p95_ms=0 encode_p95_ms=0 acquire_p95_ms=0 submit_p95_ms=95 over_60hz=83 over_120hz=83 skipped=0 total_frames=83
frust_shell_common::perf: frust-perf raw n=84 total_us=93828 rebuild_us=570 layout_us=21 paint_us=31 encode_us=95 acquire_us=109 submit_us=92999 skipped=0
frust_shell_common::perf: frust-perf raw n=85 total_us=97053 rebuild_us=557 layout_us=19 paint_us=30 encode_us=98 acquire_us=116 submit_us=96231 skipped=0
frust_shell_common::perf: frust-perf raw n=86 total_us=94005 rebuild_us=650 layout_us=30 paint_us=38 encode_us=102 acquire_us=104 submit_us=93079 skipped=0
frust_shell_common::perf: frust-perf raw n=87 total_us=91020 rebuild_us=547 layout_us=20 paint_us=30 encode_us=99 acquire_us=105 submit_us=90216 skipped=0
frust_shell_common::perf: frust-perf raw n=88 total_us=91539 rebuild_us=596 layout_us=23 paint_us=32 encode_us=102 acquire_us=92 submit_us=90693 skipped=0
frust_shell_common::perf: frust-perf raw n=89 total_us=92534 rebuild_us=602 layout_us=20 paint_us=31 encode_us=175 acquire_us=169 submit_us=91535 skipped=0
frust_shell_common::perf: frust-perf raw n=90 total_us=93653 rebuild_us=567 layout_us=20 paint_us=32 encode_us=98 acquire_us=108 submit_us=92827 skipped=0
frust_shell_android::app::frame: frust-perf platform-view tail depth=0 target=0 acquire_bound=false frame=600 expected_present_us=0 acquire_us=111 period_us=11289
frust_shell_common::perf: frust-perf raw n=91 total_us=97468 rebuild_us=600 layout_us=23 paint_us=32 encode_us=96 acquire_us=99 submit_us=96615 skipped=0
frust_shell_common::perf: frust-perf raw n=92 total_us=93077 rebuild_us=570 layout_us=22 paint_us=32 encode_us=101 acquire_us=102 submit_us=92248 skipped=0
frust_shell_common::perf: frust-perf raw n=93 total_us=93085 rebuild_us=545 layout_us=19 paint_us=29 encode_us=98 acquire_us=96 submit_us=92295 skipped=0
frust_shell_common::perf: frust-perf raw n=94 total_us=95787 rebuild_us=598 layout_us=22 paint_us=32 encode_us=97 acquire_us=95 submit_us=94940 skipped=0
frust_shell_common::perf: frust-perf raw n=95 total_us=96596 rebuild_us=628 layout_us=24 paint_us=33 encode_us=95 acquire_us=89 submit_us=95724 skipped=0
frust_shell_common::perf: frust-perf raw n=96 total_us=91202 rebuild_us=550 layout_us=19 paint_us=29 encode_us=97 acquire_us=99 submit_us=90404 skipped=0
frust_shell_common::perf: frust-perf raw n=97 total_us=94050 rebuild_us=642 layout_us=24 paint_us=34 encode_us=165 acquire_us=131 submit_us=93053 skipped=0
frust_shell_common::perf: frust-perf raw n=98 total_us=91998 rebuild_us=612 layout_us=19 paint_us=30 encode_us=96 acquire_us=93 submit_us=91145 skipped=0
frust_shell_common::perf: frust-perf raw n=99 total_us=92420 rebuild_us=591 layout_us=22 paint_us=32 encode_us=97 acquire_us=94 submit_us=91581 skipped=0
frust_shell_common::perf: frust-perf raw n=100 total_us=91603 rebuild_us=609 layout_us=23 paint_us=34 encode_us=100 acquire_us=95 submit_us=90739 skipped=0
frust_shell_common::perf: frust-perf raw n=101 total_us=94025 rebuild_us=565 layout_us=21 paint_us=31 encode_us=92 acquire_us=100 submit_us=93214 skipped=0
frust_shell_common::perf: frust-perf raw n=102 total_us=92631 rebuild_us=549 layout_us=20 paint_us=30 encode_us=97 acquire_us=106 submit_us=91827 skipped=0
frust_shell_common::perf: frust-perf raw n=103 total_us=97245 rebuild_us=589 layout_us=20 paint_us=31 encode_us=253 acquire_us=1656 submit_us=94695 skipped=0
frust_shell_common::perf: frust-perf raw n=104 total_us=94257 rebuild_us=579 layout_us=22 paint_us=32 encode_us=96 acquire_us=96 submit_us=93428 skipped=0
frust_shell_common::perf: frust-perf raw n=105 total_us=92330 rebuild_us=573 layout_us=22 paint_us=32 encode_us=99 acquire_us=97 submit_us=91504 skipped=0
frust_shell_common::perf: frust-perf frame n=105 total_p50_ms=92 total_p95_ms=96 total_p99_ms=97 rebuild_p95_ms=0 layout_p95_ms=0 paint_p95_ms=0 encode_p95_ms=0 acquire_p95_ms=0 submit_p95_ms=95 over_60hz=105 over_120hz=105 skipped=0 total_frames=105
frust_shell_android::app::frame: frust-perf platform-view tail depth=0 target=0 acquire_bound=false frame=720 expected_present_us=0 acquire_us=264 period_us=11135
frust_shell_common::perf: frust-perf raw n=106 total_us=92601 rebuild_us=561 layout_us=19 paint_us=30 encode_us=131 acquire_us=111 submit_us=91746 skipped=0
frust_shell_common::perf: frust-perf raw n=107 total_us=93675 rebuild_us=555 layout_us=20 paint_us=30 encode_us=98 acquire_us=108 submit_us=92863 skipped=0
frust_shell_common::perf: frust-perf raw n=108 total_us=91639 rebuild_us=630 layout_us=24 paint_us=34 encode_us=114 acquire_us=115 submit_us=90719 skipped=0
frust_shell_common::perf: frust-perf raw n=109 total_us=93679 rebuild_us=699 layout_us=26 paint_us=39 encode_us=99 acquire_us=95 submit_us=92720 skipped=0
frust_shell_common::perf: frust-perf raw n=110 total_us=91709 rebuild_us=593 layout_us=23 paint_us=32 encode_us=97 acquire_us=97 submit_us=90864 skipped=0
frust_shell_common::perf: frust-perf raw n=111 total_us=91376 rebuild_us=581 layout_us=22 paint_us=34 encode_us=98 acquire_us=95 submit_us=90544 skipped=0
frust_shell_common::perf: frust-perf raw n=112 total_us=92985 rebuild_us=554 layout_us=18 paint_us=30 encode_us=99 acquire_us=102 submit_us=92179 skipped=0
frust_shell_common::perf: frust-perf raw n=113 total_us=99378 rebuild_us=595 layout_us=24 paint_us=32 encode_us=97 acquire_us=99 submit_us=98529 skipped=0
frust_shell_common::perf: frust-perf raw n=114 total_us=93033 rebuild_us=551 layout_us=19 paint_us=30 encode_us=99 acquire_us=104 submit_us=92227 skipped=0
frust_shell_common::perf: frust-perf raw n=115 total_us=92567 rebuild_us=652 layout_us=23 paint_us=34 encode_us=164 acquire_us=174 submit_us=91517 skipped=0
frust_shell_common::perf: frust-perf raw n=116 total_us=91132 rebuild_us=560 layout_us=19 paint_us=28 encode_us=97 acquire_us=103 submit_us=90323 skipped=0
frust_shell_common::perf: frust-perf raw n=117 total_us=91730 rebuild_us=581 layout_us=21 paint_us=31 encode_us=98 acquire_us=99 submit_us=90898 skipped=0
frust_shell_common::perf: frust-perf raw n=118 total_us=93410 rebuild_us=563 layout_us=21 paint_us=31 encode_us=98 acquire_us=105 submit_us=92590 skipped=0
frust_shell_common::perf: frust-perf raw n=119 total_us=95610 rebuild_us=590 layout_us=22 paint_us=33 encode_us=96 acquire_us=112 submit_us=94754 skipped=0
frust_shell_common::perf: frust-perf raw n=120 total_us=94624 rebuild_us=552 layout_us=18 paint_us=30 encode_us=98 acquire_us=116 submit_us=93806 skipped=0
frust_shell_android::app::frame: frust-perf platform-view tail depth=0 target=0 acquire_bound=false frame=840 expected_present_us=0 acquire_us=107 period_us=11397
frust_shell_common::perf: frust-perf raw n=121 total_us=89743 rebuild_us=641 layout_us=23 paint_us=33 encode_us=97 acquire_us=91 submit_us=88856 skipped=0
frust_shell_common::perf: frust-perf raw n=122 total_us=90574 rebuild_us=606 layout_us=20 paint_us=30 encode_us=135 acquire_us=115 submit_us=89664 skipped=0
frust_shell_common::perf: frust-perf raw n=123 total_us=93652 rebuild_us=580 layout_us=21 paint_us=33 encode_us=119 acquire_us=97 submit_us=92800 skipped=0
frust_shell_common::perf: frust-perf raw n=124 total_us=92218 rebuild_us=560 layout_us=20 paint_us=30 encode_us=101 acquire_us=107 submit_us=91397 skipped=0
frust_shell_common::perf: frust-perf raw n=125 total_us=93505 rebuild_us=611 layout_us=22 paint_us=33 encode_us=95 acquire_us=89 submit_us=92653 skipped=0
frust_shell_common::perf: frust-perf raw n=126 total_us=94416 rebuild_us=560 layout_us=20 paint_us=30 encode_us=145 acquire_us=149 submit_us=93510 skipped=0
frust_shell_common::perf: frust-perf raw n=127 total_us=94033 rebuild_us=580 layout_us=20 paint_us=29 encode_us=96 acquire_us=107 submit_us=93198 skipped=0
frust_shell_common::perf: frust-perf frame n=120 total_p50_ms=92 total_p95_ms=96 total_p99_ms=97 rebuild_p95_ms=0 layout_p95_ms=0 paint_p95_ms=0 encode_p95_ms=0 acquire_p95_ms=0 submit_p95_ms=95 over_60hz=127 over_120hz=127 skipped=0 total_frames=127
frust_shell_common::perf: frust-perf raw n=128 total_us=95369 rebuild_us=609 layout_us=60 paint_us=33 encode_us=97 acquire_us=108 submit_us=94458 skipped=0
frust_shell_common::perf: frust-perf raw n=129 total_us=93468 rebuild_us=636 layout_us=26 paint_us=37 encode_us=133 acquire_us=95 submit_us=92539 skipped=0
frust_shell_common::perf: frust-perf raw n=130 total_us=93736 rebuild_us=591 layout_us=21 paint_us=32 encode_us=100 acquire_us=100 submit_us=92890 skipped=0
frust_shell_common::perf: frust-perf raw n=131 total_us=92031 rebuild_us=598 layout_us=22 paint_us=32 encode_us=99 acquire_us=97 submit_us=91180 skipped=0
frust_shell_common::perf: frust-perf raw n=132 total_us=91210 rebuild_us=560 layout_us=19 paint_us=31 encode_us=100 acquire_us=97 submit_us=90399 skipped=0
frust_shell_common::perf: frust-perf raw n=133 total_us=93862 rebuild_us=559 layout_us=20 paint_us=30 encode_us=105 acquire_us=104 submit_us=93041 skipped=0
frust_shell_common::perf: frust-perf raw n=134 total_us=92595 rebuild_us=552 layout_us=19 paint_us=28 encode_us=98 acquire_us=117 submit_us=91780 skipped=0
frust_shell_common::perf: frust-perf raw n=135 total_us=94822 rebuild_us=564 layout_us=20 paint_us=29 encode_us=101 acquire_us=98 submit_us=94009 skipped=0
frust_shell_android::app::frame: frust-perf platform-view tail depth=0 target=0 acquire_bound=false frame=960 expected_present_us=0 acquire_us=101 period_us=11144
frust_shell_common::perf: frust-perf raw n=136 total_us=91304 rebuild_us=572 layout_us=22 paint_us=30 encode_us=105 acquire_us=97 submit_us=90475 skipped=0
frust_shell_common::perf: frust-perf raw n=137 total_us=100271 rebuild_us=568 layout_us=23 paint_us=35 encode_us=166 acquire_us=158 submit_us=99319 skipped=0
frust_shell_common::perf: frust-perf raw n=138 total_us=94128 rebuild_us=661 layout_us=25 paint_us=35 encode_us=98 acquire_us=99 submit_us=93207 skipped=0
frust_shell_common::perf: frust-perf raw n=139 total_us=90647 rebuild_us=608 layout_us=24 paint_us=33 encode_us=110 acquire_us=83 submit_us=89786 skipped=0
frust_shell_common::perf: frust-perf raw n=140 total_us=94858 rebuild_us=588 layout_us=23 paint_us=34 encode_us=96 acquire_us=103 submit_us=94012 skipped=0
frust_shell_common::perf: frust-perf raw n=141 total_us=92450 rebuild_us=599 layout_us=21 paint_us=33 encode_us=97 acquire_us=104 submit_us=91593 skipped=0
frust_shell_common::perf: frust-perf raw n=142 total_us=91840 rebuild_us=579 layout_us=21 paint_us=31 encode_us=96 acquire_us=89 submit_us=91022 skipped=0
frust_shell_common::perf: frust-perf raw n=143 total_us=94924 rebuild_us=570 layout_us=21 paint_us=29 encode_us=98 acquire_us=106 submit_us=94098 skipped=0
frust_shell_common::perf: frust-perf raw n=144 total_us=95014 rebuild_us=563 layout_us=19 paint_us=31 encode_us=787 acquire_us=157 submit_us=93455 skipped=0
frust_shell_common::perf: frust-perf raw n=145 total_us=94889 rebuild_us=594 layout_us=21 paint_us=32 encode_us=96 acquire_us=100 submit_us=94044 skipped=0
frust_shell_common::perf: frust-perf raw n=146 total_us=95090 rebuild_us=551 layout_us=19 paint_us=30 encode_us=98 acquire_us=101 submit_us=94289 skipped=0
frust_shell_common::perf: frust-perf raw n=147 total_us=95038 rebuild_us=677 layout_us=25 paint_us=34 encode_us=99 acquire_us=103 submit_us=94097 skipped=0
frust_shell_common::perf: frust-perf raw n=148 total_us=90557 rebuild_us=549 layout_us=19 paint_us=29 encode_us=97 acquire_us=97 submit_us=89764 skipped=0
frust_shell_common::perf: frust-perf raw n=149 total_us=92838 rebuild_us=599 layout_us=24 paint_us=32 encode_us=105 acquire_us=100 submit_us=91975 skipped=0
frust_shell_common::perf: frust-perf frame n=120 total_p50_ms=93 total_p95_ms=96 total_p99_ms=99 rebuild_p95_ms=0 layout_p95_ms=0 paint_p95_ms=0 encode_p95_ms=0 acquire_p95_ms=0 submit_p95_ms=95 over_60hz=149 over_120hz=149 skipped=0 total_frames=149
frust_shell_common::perf: frust-perf raw n=150 total_us=95515 rebuild_us=557 layout_us=20 paint_us=29 encode_us=206 acquire_us=158 submit_us=94541 skipped=0
frust_shell_android::app::frame: frust-perf platform-view tail depth=0 target=0 acquire_bound=false frame=1080 expected_present_us=0 acquire_us=108 period_us=11125
frust_shell_common::perf: frust-perf raw n=151 total_us=91320 rebuild_us=610 layout_us=23 paint_us=33 encode_us=95 acquire_us=87 submit_us=90470 skipped=0
frust_shell_common::perf: frust-perf raw n=152 total_us=93299 rebuild_us=563 layout_us=21 paint_us=33 encode_us=156 acquire_us=129 submit_us=92394 skipped=0
frust_shell_common::perf: frust-perf raw n=153 total_us=92028 rebuild_us=557 layout_us=20 paint_us=30 encode_us=99 acquire_us=107 submit_us=91212 skipped=0
frust_shell_common::perf: frust-perf raw n=154 total_us=97712 rebuild_us=597 layout_us=20 paint_us=30 encode_us=88 acquire_us=97 submit_us=96878 skipped=0
frust_shell_common::perf: frust-perf raw n=155 total_us=92226 rebuild_us=595 layout_us=20 paint_us=30 encode_us=100 acquire_us=114 submit_us=91365 skipped=0
frust_shell_common::perf: frust-perf raw n=156 total_us=100516 rebuild_us=590 layout_us=25 paint_us=35 encode_us=95 acquire_us=98 submit_us=99671 skipped=0
frust_shell_common::perf: frust-perf raw n=157 total_us=94844 rebuild_us=564 layout_us=20 paint_us=30 encode_us=98 acquire_us=113 submit_us=94015 skipped=0
frust_shell_common::perf: frust-perf raw n=158 total_us=93669 rebuild_us=567 layout_us=20 paint_us=30 encode_us=105 acquire_us=100 submit_us=92844 skipped=0
frust_shell_common::perf: frust-perf raw n=159 total_us=94205 rebuild_us=556 layout_us=23 paint_us=35 encode_us=96 acquire_us=105 submit_us=93387 skipped=0
frust_shell_common::perf: frust-perf raw n=160 total_us=94855 rebuild_us=636 layout_us=29 paint_us=37 encode_us=99 acquire_us=91 submit_us=93962 skipped=0
frust_shell_common::perf: frust-perf raw n=161 total_us=91968 rebuild_us=548 layout_us=18 paint_us=30 encode_us=243 acquire_us=195 submit_us=90931 skipped=0
frust_shell_common::perf: frust-perf raw n=162 total_us=94086 rebuild_us=558 layout_us=18 paint_us=30 encode_us=104 acquire_us=157 submit_us=93217 skipped=0
frust_shell_common::perf: frust-perf raw n=163 total_us=94060 rebuild_us=594 layout_us=21 paint_us=33 encode_us=99 acquire_us=95 submit_us=93216 skipped=0
frust_shell_common::perf: frust-perf raw n=164 total_us=93165 rebuild_us=675 layout_us=25 paint_us=34 encode_us=96 acquire_us=88 submit_us=92244 skipped=0
frust_shell_android::app::frame: frust-perf platform-view tail depth=0 target=0 acquire_bound=false frame=1200 expected_present_us=0 acquire_us=107 period_us=11136
frust_shell_common::perf: frust-perf raw n=165 total_us=99124 rebuild_us=554 layout_us=21 paint_us=29 encode_us=99 acquire_us=89 submit_us=98329 skipped=0
frust_shell_common::perf: frust-perf raw n=166 total_us=96907 rebuild_us=568 layout_us=20 paint_us=31 encode_us=98 acquire_us=97 submit_us=96091 skipped=0
frust_shell_common::perf: frust-perf raw n=167 total_us=93306 rebuild_us=641 layout_us=25 paint_us=34 encode_us=98 acquire_us=94 submit_us=92412 skipped=0
frust_shell_common::perf: frust-perf raw n=168 total_us=92349 rebuild_us=555 layout_us=18 paint_us=31 encode_us=169 acquire_us=221 submit_us=91351 skipped=0
frust_shell_common::perf: frust-perf raw n=169 total_us=93469 rebuild_us=585 layout_us=22 paint_us=33 encode_us=99 acquire_us=107 submit_us=92619 skipped=0
frust_shell_common::perf: frust-perf raw n=170 total_us=93782 rebuild_us=547 layout_us=18 paint_us=30 encode_us=102 acquire_us=107 submit_us=92975 skipped=0
frust_shell_common::perf: frust-perf raw n=171 total_us=93022 rebuild_us=622 layout_us=23 paint_us=32 encode_us=99 acquire_us=96 submit_us=92148 skipped=0
frust_shell_common::perf: frust-perf frame n=120 total_p50_ms=93 total_p95_ms=97 total_p99_ms=100 rebuild_p95_ms=0 layout_p95_ms=0 paint_p95_ms=0 encode_p95_ms=0 acquire_p95_ms=0 submit_p95_ms=96 over_60hz=171 over_120hz=171 skipped=0 total_frames=171
frust_shell_common::perf: frust-perf raw n=172 total_us=95918 rebuild_us=666 layout_us=26 paint_us=38 encode_us=93 acquire_us=94 submit_us=94999 skipped=0
frust_shell_common::perf: frust-perf raw n=173 total_us=93437 rebuild_us=550 layout_us=19 paint_us=32 encode_us=96 acquire_us=104 submit_us=92634 skipped=0
frust_shell_common::perf: frust-perf raw n=174 total_us=94420 rebuild_us=627 layout_us=25 paint_us=36 encode_us=96 acquire_us=90 submit_us=93544 skipped=0
frust_shell_common::perf: frust-perf raw n=175 total_us=93016 rebuild_us=550 layout_us=18 paint_us=29 encode_us=99 acquire_us=106 submit_us=92211 skipped=0
frust_shell_common::perf: frust-perf raw n=176 total_us=95747 rebuild_us=579 layout_us=24 paint_us=32 encode_us=100 acquire_us=98 submit_us=94913 skipped=0
frust_shell_common::perf: frust-perf raw n=177 total_us=93746 rebuild_us=648 layout_us=27 paint_us=35 encode_us=97 acquire_us=90 submit_us=92848 skipped=0
frust_shell_common::perf: frust-perf raw n=178 total_us=93510 rebuild_us=592 layout_us=21 paint_us=30 encode_us=100 acquire_us=91 submit_us=92674 skipped=0
frust_shell_common::perf: frust-perf raw n=179 total_us=92638 rebuild_us=591 layout_us=22 paint_us=34 encode_us=96 acquire_us=87 submit_us=91805 skipped=0
frust_shell_common::perf: frust-perf raw n=180 total_us=93209 rebuild_us=590 layout_us=20 paint_us=30 encode_us=98 acquire_us=108 submit_us=92361 skipped=0
frust_shell_android::app::frame: frust-perf platform-view tail depth=0 target=0 acquire_bound=false frame=1320 expected_present_us=0 acquire_us=100 period_us=12177
frust_shell_common::perf: frust-perf raw n=181 total_us=94818 rebuild_us=586 layout_us=27 paint_us=41 encode_us=97 acquire_us=113 submit_us=93951 skipped=0
frust_shell_common::perf: frust-perf raw n=182 total_us=92345 rebuild_us=582 layout_us=23 paint_us=37 encode_us=175 acquire_us=180 submit_us=91344 skipped=0
frust_shell_common::perf: frust-perf raw n=183 total_us=90844 rebuild_us=551 layout_us=19 paint_us=30 encode_us=98 acquire_us=108 submit_us=90035 skipped=0
frust_shell_common::perf: frust-perf raw n=184 total_us=92646 rebuild_us=558 layout_us=20 paint_us=29 encode_us=98 acquire_us=100 submit_us=91838 skipped=0
frust_shell_common::perf: frust-perf raw n=185 total_us=93397 rebuild_us=589 layout_us=20 paint_us=31 encode_us=483 acquire_us=398 submit_us=91874 skipped=0
frust_shell_common::perf: frust-perf raw n=186 total_us=90935 rebuild_us=550 layout_us=19 paint_us=30 encode_us=99 acquire_us=133 submit_us=90102 skipped=0
frust_shell_common::perf: frust-perf raw n=187 total_us=94168 rebuild_us=633 layout_us=24 paint_us=34 encode_us=94 acquire_us=120 submit_us=93260 skipped=0
frust_shell_common::perf: frust-perf raw n=188 total_us=94106 rebuild_us=562 layout_us=19 paint_us=30 encode_us=97 acquire_us=112 submit_us=93285 skipped=0
frust_shell_common::perf: frust-perf raw n=189 total_us=96226 rebuild_us=585 layout_us=22 paint_us=31 encode_us=96 acquire_us=88 submit_us=95402 skipped=0
frust_shell_common::perf: frust-perf raw n=190 total_us=99879 rebuild_us=552 layout_us=20 paint_us=30 encode_us=99 acquire_us=92 submit_us=99084 skipped=0
frust_shell_common::perf: frust-perf raw n=191 total_us=89217 rebuild_us=603 layout_us=24 paint_us=32 encode_us=94 acquire_us=90 submit_us=88371 skipped=0
frust_shell_common::perf: frust-perf raw n=192 total_us=92631 rebuild_us=549 layout_us=19 paint_us=30 encode_us=108 acquire_us=110 submit_us=91812 skipped=0
frust_shell_common::perf: frust-perf raw n=193 total_us=98488 rebuild_us=581 layout_us=22 paint_us=32 encode_us=99 acquire_us=121 submit_us=97631 skipped=0
frust_shell_common::perf: frust-perf frame n=120 total_p50_ms=93 total_p95_ms=97 total_p99_ms=100 rebuild_p95_ms=0 layout_p95_ms=0 paint_p95_ms=0 encode_p95_ms=0 acquire_p95_ms=0 submit_p95_ms=96 over_60hz=193 over_120hz=193 skipped=0 total_frames=193
frust_shell_common::perf: frust-perf raw n=194 total_us=89732 rebuild_us=640 layout_us=22 paint_us=31 encode_us=92 acquire_us=98 submit_us=88845 skipped=0
frust_shell_android::app::frame: frust-perf platform-view tail depth=0 target=0 acquire_bound=false frame=1440 expected_present_us=0 acquire_us=107 period_us=12990
frust_shell_common::perf: frust-perf raw n=195 total_us=92043 rebuild_us=557 layout_us=20 paint_us=29 encode_us=99 acquire_us=103 submit_us=91232 skipped=0
frust_shell_common::perf: frust-perf raw n=196 total_us=95940 rebuild_us=613 layout_us=25 paint_us=33 encode_us=95 acquire_us=95 submit_us=95076 skipped=0
frust_shell_common::perf: frust-perf raw n=197 total_us=89300 rebuild_us=609 layout_us=23 paint_us=33 encode_us=96 acquire_us=97 submit_us=88441 skipped=0
frust_shell_common::perf: frust-perf raw n=198 total_us=93812 rebuild_us=548 layout_us=18 paint_us=30 encode_us=105 acquire_us=117 submit_us=92991 skipped=0
frust_shell_common::perf: frust-perf raw n=199 total_us=93961 rebuild_us=613 layout_us=23 paint_us=32 encode_us=96 acquire_us=105 submit_us=93090 skipped=0
frust_shell_common::perf: frust-perf raw n=200 total_us=93766 rebuild_us=640 layout_us=28 paint_us=35 encode_us=97 acquire_us=87 submit_us=92876 skipped=0
frust_shell_common::perf: frust-perf raw n=201 total_us=90491 rebuild_us=560 layout_us=20 paint_us=30 encode_us=95 acquire_us=118 submit_us=89665 skipped=0
frust_shell_common::perf: frust-perf raw n=202 total_us=98727 rebuild_us=594 layout_us=22 paint_us=32 encode_us=171 acquire_us=175 submit_us=97729 skipped=0
frust_shell_common::perf: frust-perf raw n=203 total_us=93361 rebuild_us=638 layout_us=25 paint_us=34 encode_us=95 acquire_us=92 submit_us=92474 skipped=0
frust_shell_common::perf: frust-perf raw n=204 total_us=87403 rebuild_us=549 layout_us=19 paint_us=29 encode_us=141 acquire_us=106 submit_us=86557 skipped=0
frust_shell_common::perf: frust-perf raw n=205 total_us=93296 rebuild_us=621 layout_us=23 paint_us=33 encode_us=98 acquire_us=102 submit_us=92416 skipped=0
frust_shell_common::perf: frust-perf raw n=206 total_us=91524 rebuild_us=574 layout_us=22 paint_us=33 encode_us=97 acquire_us=113 submit_us=90682 skipped=0
frust_shell_common::perf: frust-perf raw n=207 total_us=95772 rebuild_us=584 layout_us=21 paint_us=32 encode_us=97 acquire_us=87 submit_us=94949 skipped=0
frust_shell_common::perf: frust-perf raw n=208 total_us=94096 rebuild_us=637 layout_us=25 paint_us=33 encode_us=96 acquire_us=93 submit_us=93209 skipped=0
frust_shell_common::perf: frust-perf raw n=209 total_us=93541 rebuild_us=561 layout_us=20 paint_us=30 encode_us=100 acquire_us=112 submit_us=92716 skipped=0
frust_shell_android::app::frame: frust-perf platform-view tail depth=0 target=0 acquire_bound=false frame=1560 expected_present_us=0 acquire_us=99 period_us=11176
frust_shell_common::perf: frust-perf raw n=210 total_us=91447 rebuild_us=620 layout_us=33 paint_us=41 encode_us=92 acquire_us=90 submit_us=90569 skipped=0
frust_shell_common::perf: frust-perf raw n=211 total_us=95061 rebuild_us=587 layout_us=20 paint_us=31 encode_us=103 acquire_us=105 submit_us=94213 skipped=0
frust_shell_common::perf: frust-perf raw n=212 total_us=93709 rebuild_us=637 layout_us=27 paint_us=37 encode_us=99 acquire_us=96 submit_us=92810 skipped=0
frust_shell_common::perf: frust-perf raw n=213 total_us=98445 rebuild_us=732 layout_us=79 paint_us=41 encode_us=90 acquire_us=95 submit_us=97406 skipped=0
frust_shell_common::perf: frust-perf raw n=214 total_us=93587 rebuild_us=550 layout_us=20 paint_us=29 encode_us=100 acquire_us=90 submit_us=92795 skipped=0
frust_shell_common::perf: frust-perf raw n=215 total_us=88593 rebuild_us=580 layout_us=22 paint_us=32 encode_us=110 acquire_us=128 submit_us=87720 skipped=0
frust_shell_common::perf: frust-perf frame n=120 total_p50_ms=93 total_p95_ms=98 total_p99_ms=100 rebuild_p95_ms=0 layout_p95_ms=0 paint_p95_ms=0 encode_p95_ms=0 acquire_p95_ms=0 submit_p95_ms=97 over_60hz=215 over_120hz=215 skipped=0 total_frames=215
frust_shell_common::perf: frust-perf raw n=216 total_us=91566 rebuild_us=588 layout_us=23 paint_us=33 encode_us=160 acquire_us=309 submit_us=90451 skipped=0
frust_shell_common::perf: frust-perf raw n=217 total_us=95745 rebuild_us=575 layout_us=22 paint_us=33 encode_us=98 acquire_us=105 submit_us=94909 skipped=0
frust_shell_common::perf: frust-perf raw n=218 total_us=91051 rebuild_us=653 layout_us=23 paint_us=32 encode_us=97 acquire_us=85 submit_us=90157 skipped=0
frust_shell_common::perf: frust-perf raw n=219 total_us=94523 rebuild_us=552 layout_us=18 paint_us=29 encode_us=82 acquire_us=91 submit_us=93748 skipped=0
frust_shell_common::perf: frust-perf raw n=220 total_us=97995 rebuild_us=557 layout_us=19 paint_us=30 encode_us=100 acquire_us=90 submit_us=97195 skipped=0
frust_shell_common::perf: frust-perf raw n=221 total_us=93809 rebuild_us=610 layout_us=22 paint_us=32 encode_us=93 acquire_us=93 submit_us=92955 skipped=0
frust_shell_common::perf: frust-perf raw n=222 total_us=91183 rebuild_us=575 layout_us=20 paint_us=32 encode_us=105 acquire_us=117 submit_us=90331 skipped=0
frust_shell_common::perf: frust-perf raw n=223 total_us=88798 rebuild_us=551 layout_us=18 paint_us=28 encode_us=97 acquire_us=114 submit_us=87987 skipped=0
frust_shell_common::perf: frust-perf raw n=224 total_us=93106 rebuild_us=611 layout_us=19 paint_us=31 encode_us=100 acquire_us=97 submit_us=92245 skipped=0
frust_shell_android::app::frame: frust-perf platform-view tail depth=0 target=0 acquire_bound=false frame=1680 expected_present_us=0 acquire_us=103 period_us=11137
frust_shell_common::perf: frust-perf raw n=225 total_us=95057 rebuild_us=548 layout_us=18 paint_us=29 encode_us=114 acquire_us=97 submit_us=94248 skipped=0
frust_shell_common::perf: frust-perf raw n=226 total_us=92986 rebuild_us=566 layout_us=20 paint_us=31 encode_us=97 acquire_us=100 submit_us=92170 skipped=0
frust_shell_common::perf: frust-perf raw n=227 total_us=97244 rebuild_us=584 layout_us=22 paint_us=31 encode_us=95 acquire_us=97 submit_us=96412 skipped=0
frust_shell_common::perf: frust-perf raw n=228 total_us=93440 rebuild_us=622 layout_us=24 paint_us=35 encode_us=97 acquire_us=103 submit_us=92558 skipped=0
frust_shell_common::perf: frust-perf raw n=229 total_us=92701 rebuild_us=569 layout_us=18 paint_us=29 encode_us=99 acquire_us=107 submit_us=91876 skipped=0
frust_shell_common::perf: frust-perf raw n=230 total_us=92066 rebuild_us=637 layout_us=24 paint_us=34 encode_us=98 acquire_us=94 submit_us=91177 skipped=0
