bench-scenario-start s3
bench-scenario-start s3-create1k
bench-scenario-end s3-create1k
flutter-perf raw n=1 build_us=9600 raster_us=7195 total_us=83642
flutter-perf raw n=2 build_us=96 raster_us=1434 total_us=6575
flutter-perf raw n=3 build_us=121 raster_us=1478 total_us=1968
bench-scenario-start s3-create10k
bench-scenario-end s3-create10k
flutter-perf raw n=4 build_us=793 raster_us=1587 total_us=2976
bench-scenario-start s3-update
bench-scenario-end s3-update
flutter-perf raw n=5 build_us=3376 raster_us=3882 total_us=9811
bench-scenario-start s3-swap
bench-scenario-end s3-swap
flutter-perf raw n=6 build_us=3413 raster_us=9710 total_us=14087
bench-scenario-start s3-clear
bench-scenario-end s3-clear
flutter-perf raw n=7 build_us=4368 raster_us=29033 total_us=36715
bench-scenario-start s3-create1k
bench-scenario-end s3-create1k
flutter-perf raw n=8 build_us=27938 raster_us=8334 total_us=38114
bench-scenario-start s3-create10k
bench-scenario-end s3-create10k
flutter-perf raw n=9 build_us=9148 raster_us=8341 total_us=18038
bench-scenario-start s3-update
bench-scenario-end s3-update
flutter-perf raw n=10 build_us=2756 raster_us=8840 total_us=13323
bench-scenario-start s3-swap
bench-scenario-end s3-swap
flutter-perf raw n=11 build_us=5715 raster_us=8255 total_us=16344
bench-scenario-start s3-clear
bench-scenario-end s3-clear
flutter-perf raw n=12 build_us=4331 raster_us=7289 total_us=13973
bench-scenario-start s3-create1k
bench-scenario-end s3-create1k
flutter-perf raw n=13 build_us=17915 raster_us=8342 total_us=28221
bench-scenario-start s3-create10k
bench-scenario-end s3-create10k
flutter-perf raw n=14 build_us=18754 raster_us=8466 total_us=28833
bench-scenario-start s3-update
bench-scenario-end s3-update
flutter-perf raw n=15 build_us=8806 raster_us=8765 total_us=20031
bench-scenario-start s3-swap
bench-scenario-end s3-swap
flutter-perf raw n=16 build_us=8152 raster_us=8440 total_us=18979
bench-scenario-start s3-clear
bench-scenario-end s3-clear
flutter-perf raw n=17 build_us=4566 raster_us=7472 total_us=14898
bench-scenario-start s3-create1k
bench-scenario-end s3-create1k
flutter-perf raw n=18 build_us=23161 raster_us=8268 total_us=34084
bench-scenario-start s3-create10k
bench-scenario-end s3-create10k
flutter-perf raw n=19 build_us=8390 raster_us=6243 total_us=16544
bench-scenario-start s3-update
bench-scenario-end s3-update
flutter-perf raw n=20 build_us=2900 raster_us=8903 total_us=13772
bench-scenario-start s3-swap
bench-scenario-end s3-swap
flutter-perf raw n=21 build_us=6886 raster_us=8827 total_us=18307
bench-scenario-start s3-clear
bench-scenario-end s3-clear
flutter-perf raw n=22 build_us=4357 raster_us=7451 total_us=14317
bench-scenario-start s3-create1k
bench-scenario-end s3-create1k
flutter-perf raw n=23 build_us=20723 raster_us=8339 total_us=31418
bench-scenario-start s3-create10k
bench-scenario-end s3-create10k
flutter-perf raw n=24 build_us=16620 raster_us=8347 total_us=26830
bench-scenario-start s3-update
bench-scenario-end s3-update
flutter-perf raw n=25 build_us=8633 raster_us=8686 total_us=19803
bench-scenario-start s3-swap
bench-scenario-end s3-swap
flutter-perf raw n=26 build_us=7706 raster_us=8456 total_us=18513
bench-scenario-start s3-clear
bench-scenario-end s3-clear
flutter-perf raw n=27 build_us=4626 raster_us=7567 total_us=14709
bench-scenario-start s3-create1k
bench-scenario-end s3-create1k
flutter-perf raw n=28 build_us=14491 raster_us=7821 total_us=23853
bench-scenario-start s3-create10k
bench-scenario-end s3-create10k
flutter-perf raw n=29 build_us=14951 raster_us=8592 total_us=25339
bench-scenario-start s3-update
bench-scenario-end s3-update
flutter-perf raw n=30 build_us=8261 raster_us=8917 total_us=19541
bench-scenario-start s3-swap
bench-scenario-end s3-swap
flutter-perf raw n=31 build_us=8014 raster_us=8419 total_us=18921
bench-scenario-start s3-clear
bench-scenario-end s3-clear
flutter-perf raw n=32 build_us=4170 raster_us=7293 total_us=13573
bench-scenario-start s3-create1k
bench-scenario-end s3-create1k
flutter-perf raw n=33 build_us=20932 raster_us=8303 total_us=31314
bench-scenario-start s3-create10k
bench-scenario-end s3-create10k
flutter-perf raw n=34 build_us=17267 raster_us=8309 total_us=27086
bench-scenario-start s3-update
bench-scenario-end s3-update
flutter-perf raw n=35 build_us=8428 raster_us=8824 total_us=19521
bench-scenario-start s3-swap
bench-scenario-end s3-swap
flutter-perf raw n=36 build_us=7782 raster_us=8367 total_us=18958
bench-scenario-start s3-clear
bench-scenario-end s3-clear
flutter-perf raw n=37 build_us=4330 raster_us=7646 total_us=15148
bench-scenario-start s3-create1k
bench-scenario-end s3-create1k
flutter-perf raw n=38 build_us=22579 raster_us=7715 total_us=32466
bench-scenario-start s3-create10k
bench-scenario-end s3-create10k
flutter-perf raw n=39 build_us=21163 raster_us=8420 total_us=31379
bench-scenario-start s3-update
bench-scenario-end s3-update
flutter-perf raw n=40 build_us=8140 raster_us=8686 total_us=19266
bench-scenario-start s3-swap
bench-scenario-end s3-swap
flutter-perf raw n=41 build_us=8195 raster_us=8523 total_us=19474
bench-scenario-start s3-clear
bench-scenario-end s3-clear
flutter-perf raw n=42 build_us=4469 raster_us=7596 total_us=14960
bench-scenario-start s3-create1k
bench-scenario-end s3-create1k
flutter-perf raw n=43 build_us=20664 raster_us=8335 total_us=31407
bench-scenario-start s3-create10k
bench-scenario-end s3-create10k
flutter-perf raw n=44 build_us=16269 raster_us=8198 total_us=25963
bench-scenario-start s3-update
bench-scenario-end s3-update
flutter-perf raw n=45 build_us=8415 raster_us=8893 total_us=19860
bench-scenario-start s3-swap
bench-scenario-end s3-swap
flutter-perf raw n=46 build_us=7422 raster_us=8377 total_us=18358
bench-scenario-start s3-clear
bench-scenario-end s3-clear
flutter-perf raw n=47 build_us=4238 raster_us=7396 total_us=14161
bench-scenario-start s3-create1k
bench-scenario-end s3-create1k
flutter-perf raw n=48 build_us=22189 raster_us=8454 total_us=33370
bench-scenario-start s3-create10k
bench-scenario-end s3-create10k
flutter-perf raw n=49 build_us=16806 raster_us=8180 total_us=26778
bench-scenario-start s3-update
bench-scenario-end s3-update
flutter-perf raw n=50 build_us=8947 raster_us=7298 total_us=18699
bench-scenario-start s3-swap
bench-scenario-end s3-swap
flutter-perf raw n=51 build_us=6368 raster_us=8860 total_us=17515
bench-scenario-start s3-clear
bench-scenario-end s3-clear
flutter-perf raw n=52 build_us=3849 raster_us=7334 total_us=13123
bench-scenario-start s3-create1k
bench-scenario-end s3-create1k
flutter-perf raw n=53 build_us=20678 raster_us=8475 total_us=31340
bench-scenario-start s3-create10k
bench-scenario-end s3-create10k
flutter-perf raw n=54 build_us=16547 raster_us=8311 total_us=26366
bench-scenario-start s3-update
bench-scenario-end s3-update
flutter-perf raw n=55 build_us=8525 raster_us=8797 total_us=19725
bench-scenario-start s3-swap
bench-scenario-end s3-swap
flutter-perf raw n=56 build_us=7691 raster_us=8579 total_us=18720
bench-scenario-start s3-clear
bench-scenario-end s3-clear
flutter-perf raw n=57 build_us=4240 raster_us=7655 total_us=14453
bench-scenario-start s3-create1k
bench-scenario-end s3-create1k
flutter-perf raw n=58 build_us=22680 raster_us=8001 total_us=33091
bench-scenario-start s3-create10k
bench-scenario-end s3-create10k
flutter-perf raw n=59 build_us=14758 raster_us=8056 total_us=24596
bench-scenario-start s3-update
bench-scenario-end s3-update
flutter-perf raw n=60 build_us=2759 raster_us=8706 total_us=14030
bench-scenario-start s3-swap
bench-scenario-end s3-swap
flutter-perf raw n=61 build_us=2519 raster_us=8491 total_us=13398
bench-scenario-start s3-clear
bench-scenario-end s3-clear
flutter-perf raw n=62 build_us=3921 raster_us=7362 total_us=13412
bench-scenario-start s3-create1k
bench-scenario-end s3-create1k
flutter-perf raw n=63 build_us=20324 raster_us=8114 total_us=31011
bench-scenario-start s3-create10k
bench-scenario-end s3-create10k
flutter-perf raw n=64 build_us=18437 raster_us=8843 total_us=29194
bench-scenario-start s3-update
bench-scenario-end s3-update
flutter-perf raw n=65 build_us=8286 raster_us=8408 total_us=19068
bench-scenario-start s3-swap
bench-scenario-end s3-swap
flutter-perf raw n=66 build_us=7711 raster_us=8371 total_us=19231
bench-scenario-start s3-clear
bench-scenario-end s3-clear
flutter-perf raw n=67 build_us=4136 raster_us=7407 total_us=14043
bench-scenario-start s3-create1k
bench-scenario-end s3-create1k
flutter-perf raw n=68 build_us=22362 raster_us=8024 total_us=32527
bench-scenario-start s3-create10k
bench-scenario-end s3-create10k
flutter-perf raw n=69 build_us=21347 raster_us=8767 total_us=31962
bench-scenario-start s3-update
bench-scenario-end s3-update
flutter-perf raw n=70 build_us=2986 raster_us=8828 total_us=13063
bench-scenario-start s3-swap
bench-scenario-end s3-swap
flutter-perf raw n=71 build_us=7414 raster_us=8719 total_us=18409
bench-scenario-start s3-clear
bench-scenario-end s3-clear
flutter-perf raw n=72 build_us=4384 raster_us=7552 total_us=14422
bench-scenario-start s3-create1k
bench-scenario-end s3-create1k
flutter-perf raw n=73 build_us=20590 raster_us=8284 total_us=31603
bench-scenario-start s3-create10k
bench-scenario-end s3-create10k
flutter-perf raw n=74 build_us=16568 raster_us=8204 total_us=26746
bench-scenario-start s3-update
bench-scenario-end s3-update
flutter-perf raw n=75 build_us=8190 raster_us=8529 total_us=18754
bench-scenario-start s3-swap
bench-scenario-end s3-swap
flutter-perf raw n=76 build_us=7745 raster_us=8675 total_us=18920
bench-scenario-start s3-clear
bench-scenario-end s3-clear
flutter-perf raw n=77 build_us=4356 raster_us=7348 total_us=14536
bench-scenario-start s3-create1k
bench-scenario-end s3-create1k
flutter-perf raw n=78 build_us=22711 raster_us=7954 total_us=32758
bench-scenario-start s3-create10k
bench-scenario-end s3-create10k
flutter-perf raw n=79 build_us=16416 raster_us=8580 total_us=26567
bench-scenario-start s3-update
bench-scenario-end s3-update
flutter-perf raw n=80 build_us=2850 raster_us=8627 total_us=13184
bench-scenario-start s3-swap
bench-scenario-end s3-swap
flutter-perf raw n=81 build_us=2623 raster_us=8749 total_us=13942
bench-scenario-start s3-clear
bench-scenario-end s3-clear
flutter-perf raw n=82 build_us=4190 raster_us=7638 total_us=14336
bench-scenario-start s3-create1k
bench-scenario-end s3-create1k
flutter-perf raw n=83 build_us=20935 raster_us=8200 total_us=31794
bench-scenario-start s3-create10k
bench-scenario-end s3-create10k
flutter-perf raw n=84 build_us=16788 raster_us=8321 total_us=26721
bench-scenario-start s3-update
bench-scenario-end s3-update
flutter-perf raw n=85 build_us=8425 raster_us=9057 total_us=19817
bench-scenario-start s3-swap
bench-scenario-end s3-swap
flutter-perf raw n=86 build_us=7904 raster_us=8761 total_us=19824
bench-scenario-start s3-clear
bench-scenario-end s3-clear
flutter-perf raw n=87 build_us=4404 raster_us=7542 total_us=14780
bench-scenario-start s3-create1k
bench-scenario-end s3-create1k
flutter-perf raw n=88 build_us=23265 raster_us=8226 total_us=33464
bench-scenario-start s3-create10k
bench-scenario-end s3-create10k
flutter-perf raw n=89 build_us=21192 raster_us=8568 total_us=31857
bench-scenario-start s3-update
bench-scenario-end s3-update
flutter-perf raw n=90 build_us=2723 raster_us=8148 total_us=13031
bench-scenario-start s3-swap
bench-scenario-end s3-swap
flutter-perf raw n=91 build_us=2767 raster_us=8536 total_us=13609
bench-scenario-start s3-clear
bench-scenario-end s3-clear
flutter-perf raw n=92 build_us=4136 raster_us=7374 total_us=13723
bench-scenario-start s3-create1k
bench-scenario-end s3-create1k
flutter-perf raw n=93 build_us=21422 raster_us=8432 total_us=31984
