bench-scenario-start s3
bench-scenario-start s3-create1k
bench-scenario-end s3-create1k
flutter-perf raw n=2 build_us=4 raster_us=11910 total_us=11955
flutter-perf raw n=3 build_us=10014 raster_us=7609 total_us=18926
bench-scenario-start s3-create10k
bench-scenario-end s3-create10k
flutter-perf raw n=4 build_us=832 raster_us=1634 total_us=2956
bench-scenario-start s3-update
bench-scenario-end s3-update
flutter-perf raw n=5 build_us=3822 raster_us=4624 total_us=9836
bench-scenario-start s3-swap
bench-scenario-end s3-swap
flutter-perf raw n=6 build_us=7352 raster_us=9798 total_us=19448
bench-scenario-start s3-clear
bench-scenario-end s3-clear
flutter-perf raw n=7 build_us=1628 raster_us=7481 total_us=12245
bench-scenario-start s3-create1k
bench-scenario-end s3-create1k
flutter-perf raw n=8 build_us=28511 raster_us=8004 total_us=38276
bench-scenario-start s3-create10k
bench-scenario-end s3-create10k
flutter-perf raw n=9 build_us=8708 raster_us=7777 total_us=18925
bench-scenario-start s3-update
bench-scenario-end s3-update
flutter-perf raw n=10 build_us=2936 raster_us=9066 total_us=14980
bench-scenario-start s3-swap
bench-scenario-end s3-swap
flutter-perf raw n=11 build_us=8086 raster_us=8426 total_us=18950
bench-scenario-start s3-clear
bench-scenario-end s3-clear
flutter-perf raw n=12 build_us=4622 raster_us=7490 total_us=14982
bench-scenario-start s3-create1k
bench-scenario-end s3-create1k
flutter-perf raw n=13 build_us=18543 raster_us=8533 total_us=29522
bench-scenario-start s3-create10k
bench-scenario-end s3-create10k
flutter-perf raw n=14 build_us=9854 raster_us=8714 total_us=20349
bench-scenario-start s3-update
bench-scenario-end s3-update
flutter-perf raw n=15 build_us=3082 raster_us=8503 total_us=13468
bench-scenario-start s3-swap
bench-scenario-end s3-swap
flutter-perf raw n=16 build_us=2645 raster_us=8635 total_us=14094
bench-scenario-start s3-clear
bench-scenario-end s3-clear
flutter-perf raw n=17 build_us=4199 raster_us=7406 total_us=14028
bench-scenario-start s3-create1k
bench-scenario-end s3-create1k
flutter-perf raw n=18 build_us=23416 raster_us=8334 total_us=34525
bench-scenario-start s3-create10k
bench-scenario-end s3-create10k
flutter-perf raw n=19 build_us=20268 raster_us=8911 total_us=31124
bench-scenario-start s3-update
bench-scenario-end s3-update
flutter-perf raw n=20 build_us=7953 raster_us=8497 total_us=18771
bench-scenario-start s3-swap
bench-scenario-end s3-swap
flutter-perf raw n=21 build_us=7487 raster_us=8626 total_us=18181
bench-scenario-start s3-clear
bench-scenario-end s3-clear
flutter-perf raw n=22 build_us=4620 raster_us=7505 total_us=14850
bench-scenario-start s3-create1k
bench-scenario-end s3-create1k
flutter-perf raw n=23 build_us=21559 raster_us=8316 total_us=32194
bench-scenario-start s3-create10k
bench-scenario-end s3-create10k
flutter-perf raw n=24 build_us=14791 raster_us=8114 total_us=23846
bench-scenario-start s3-update
bench-scenario-end s3-update
flutter-perf raw n=25 build_us=9013 raster_us=8610 total_us=20851
bench-scenario-start s3-swap
bench-scenario-end s3-swap
flutter-perf raw n=26 build_us=8122 raster_us=8302 total_us=19203
bench-scenario-start s3-clear
bench-scenario-end s3-clear
flutter-perf raw n=27 build_us=4588 raster_us=7412 total_us=15092
bench-scenario-start s3-create1k
bench-scenario-end s3-create1k
flutter-perf raw n=28 build_us=23195 raster_us=8483 total_us=33908
bench-scenario-start s3-create10k
bench-scenario-end s3-create10k
flutter-perf raw n=29 build_us=21477 raster_us=8581 total_us=32251
bench-scenario-start s3-update
bench-scenario-end s3-update
flutter-perf raw n=30 build_us=3174 raster_us=8351 total_us=12960
bench-scenario-start s3-swap
bench-scenario-end s3-swap
flutter-perf raw n=31 build_us=2777 raster_us=8926 total_us=14156
bench-scenario-start s3-clear
bench-scenario-end s3-clear
flutter-perf raw n=32 build_us=4636 raster_us=7413 total_us=14600
bench-scenario-start s3-create1k
bench-scenario-end s3-create1k
flutter-perf raw n=33 build_us=21918 raster_us=8436 total_us=32188
bench-scenario-start s3-create10k
bench-scenario-end s3-create10k
flutter-perf raw n=34 build_us=14967 raster_us=7454 total_us=23597
bench-scenario-start s3-update
bench-scenario-end s3-update
flutter-perf raw n=35 build_us=9053 raster_us=8681 total_us=20094
bench-scenario-start s3-swap
bench-scenario-end s3-swap
flutter-perf raw n=36 build_us=8253 raster_us=8491 total_us=18856
bench-scenario-start s3-clear
bench-scenario-end s3-clear
flutter-perf raw n=37 build_us=3145 raster_us=7250 total_us=12063
bench-scenario-start s3-create1k
bench-scenario-end s3-create1k
flutter-perf raw n=38 build_us=23631 raster_us=8297 total_us=34161
bench-scenario-start s3-create10k
bench-scenario-end s3-create10k
flutter-perf raw n=39 build_us=19123 raster_us=8831 total_us=29778
bench-scenario-start s3-update
bench-scenario-end s3-update
flutter-perf raw n=40 build_us=9012 raster_us=8454 total_us=19471
bench-scenario-start s3-swap
bench-scenario-end s3-swap
flutter-perf raw n=41 build_us=7816 raster_us=8921 total_us=19757
bench-scenario-start s3-clear
bench-scenario-end s3-clear
flutter-perf raw n=42 build_us=4478 raster_us=7409 total_us=15194
bench-scenario-start s3-create1k
bench-scenario-end s3-create1k
flutter-perf raw n=43 build_us=21235 raster_us=8445 total_us=31898
bench-scenario-start s3-create10k
bench-scenario-end s3-create10k
flutter-perf raw n=44 build_us=13607 raster_us=7366 total_us=22463
bench-scenario-start s3-update
bench-scenario-end s3-update
flutter-perf raw n=45 build_us=3023 raster_us=8441 total_us=13345
bench-scenario-start s3-swap
bench-scenario-end s3-swap
flutter-perf raw n=46 build_us=7954 raster_us=8961 total_us=19213
bench-scenario-start s3-clear
bench-scenario-end s3-clear
flutter-perf raw n=47 build_us=4669 raster_us=7451 total_us=15192
bench-scenario-start s3-create1k
bench-scenario-end s3-create1k
flutter-perf raw n=48 build_us=22868 raster_us=8205 total_us=33640
bench-scenario-start s3-create10k
bench-scenario-end s3-create10k
flutter-perf raw n=49 build_us=20709 raster_us=8535 total_us=31469
bench-scenario-start s3-update
bench-scenario-end s3-update
flutter-perf raw n=50 build_us=8139 raster_us=8589 total_us=19057
bench-scenario-start s3-swap
bench-scenario-end s3-swap
flutter-perf raw n=51 build_us=8504 raster_us=7550 total_us=18967
bench-scenario-start s3-clear
bench-scenario-end s3-clear
flutter-perf raw n=52 build_us=3296 raster_us=7666 total_us=13028
bench-scenario-start s3-create1k
bench-scenario-end s3-create1k
flutter-perf raw n=53 build_us=20868 raster_us=8607 total_us=31472
bench-scenario-start s3-create10k
bench-scenario-end s3-create10k
flutter-perf raw n=54 build_us=15182 raster_us=8698 total_us=25458
bench-scenario-start s3-update
bench-scenario-end s3-update
flutter-perf raw n=55 build_us=9547 raster_us=8390 total_us=20457
bench-scenario-start s3-swap
bench-scenario-end s3-swap
flutter-perf raw n=56 build_us=8207 raster_us=8508 total_us=19567
bench-scenario-start s3-clear
bench-scenario-end s3-clear
flutter-perf raw n=57 build_us=4250 raster_us=7622 total_us=13952
bench-scenario-start s3-create1k
bench-scenario-end s3-create1k
flutter-perf raw n=58 build_us=23265 raster_us=8642 total_us=34171
bench-scenario-start s3-create10k
bench-scenario-end s3-create10k
flutter-perf raw n=59 build_us=20830 raster_us=8577 total_us=31009
bench-scenario-start s3-update
bench-scenario-end s3-update
flutter-perf raw n=60 build_us=8618 raster_us=8646 total_us=19654
bench-scenario-start s3-swap
bench-scenario-end s3-swap
flutter-perf raw n=61 build_us=8021 raster_us=8893 total_us=19262
bench-scenario-start s3-clear
bench-scenario-end s3-clear
flutter-perf raw n=62 build_us=4439 raster_us=7454 total_us=14884
bench-scenario-start s3-create1k
bench-scenario-end s3-create1k
flutter-perf raw n=63 build_us=23899 raster_us=8335 total_us=34488
bench-scenario-start s3-create10k
bench-scenario-end s3-create10k
flutter-perf raw n=64 build_us=19870 raster_us=8720 total_us=30183
bench-scenario-start s3-update
bench-scenario-end s3-update
flutter-perf raw n=65 build_us=9283 raster_us=8571 total_us=20205
bench-scenario-start s3-swap
bench-scenario-end s3-swap
flutter-perf raw n=66 build_us=7420 raster_us=8803 total_us=18189
bench-scenario-start s3-clear
bench-scenario-end s3-clear
flutter-perf raw n=67 build_us=4084 raster_us=7495 total_us=13807
bench-scenario-start s3-create1k
bench-scenario-end s3-create1k
flutter-perf raw n=68 build_us=22592 raster_us=8359 total_us=33319
bench-scenario-start s3-create10k
bench-scenario-end s3-create10k
flutter-perf raw n=69 build_us=23909 raster_us=8467 total_us=34444
bench-scenario-start s3-update
bench-scenario-end s3-update
flutter-perf raw n=70 build_us=8882 raster_us=9147 total_us=21086
bench-scenario-start s3-swap
bench-scenario-end s3-swap
flutter-perf raw n=71 build_us=7864 raster_us=8872 total_us=19214
bench-scenario-start s3-clear
bench-scenario-end s3-clear
flutter-perf raw n=72 build_us=4241 raster_us=7467 total_us=13994
bench-scenario-start s3-create1k
bench-scenario-end s3-create1k
flutter-perf raw n=73 build_us=24131 raster_us=8077 total_us=34419
bench-scenario-start s3-create10k
bench-scenario-end s3-create10k
flutter-perf raw n=74 build_us=21141 raster_us=8782 total_us=32129
bench-scenario-start s3-update
bench-scenario-end s3-update
flutter-perf raw n=75 build_us=2813 raster_us=8152 total_us=13299
bench-scenario-start s3-swap
bench-scenario-end s3-swap
flutter-perf raw n=76 build_us=6585 raster_us=8384 total_us=16861
bench-scenario-start s3-clear
bench-scenario-end s3-clear
flutter-perf raw n=77 build_us=4151 raster_us=7456 total_us=13617
bench-scenario-start s3-create1k
bench-scenario-end s3-create1k
flutter-perf raw n=78 build_us=21990 raster_us=8136 total_us=32783
bench-scenario-start s3-create10k
bench-scenario-end s3-create10k
flutter-perf raw n=79 build_us=23781 raster_us=8653 total_us=35051
bench-scenario-start s3-update
bench-scenario-end s3-update
flutter-perf raw n=80 build_us=8955 raster_us=8926 total_us=20253
bench-scenario-start s3-swap
bench-scenario-end s3-swap
flutter-perf raw n=81 build_us=7739 raster_us=8688 total_us=19495
bench-scenario-start s3-clear
bench-scenario-end s3-clear
flutter-perf raw n=82 build_us=4385 raster_us=7620 total_us=14854
bench-scenario-start s3-create1k
bench-scenario-end s3-create1k
flutter-perf raw n=83 build_us=22115 raster_us=8393 total_us=32731
bench-scenario-start s3-create10k
bench-scenario-end s3-create10k
flutter-perf raw n=84 build_us=20713 raster_us=8467 total_us=31055
bench-scenario-start s3-update
bench-scenario-end s3-update
flutter-perf raw n=85 build_us=8929 raster_us=8817 total_us=19875
bench-scenario-start s3-swap
bench-scenario-end s3-swap
flutter-perf raw n=86 build_us=8135 raster_us=8448 total_us=19630
bench-scenario-start s3-clear
bench-scenario-end s3-clear
flutter-perf raw n=87 build_us=4246 raster_us=7331 total_us=13646
bench-scenario-start s3-create1k
bench-scenario-end s3-create1k
flutter-perf raw n=88 build_us=24606 raster_us=8184 total_us=35495
bench-scenario-start s3-create10k
bench-scenario-end s3-create10k
flutter-perf raw n=89 build_us=18505 raster_us=8883 total_us=29195
bench-scenario-start s3-update
bench-scenario-end s3-update
flutter-perf raw n=90 build_us=2885 raster_us=8772 total_us=13108
bench-scenario-start s3-swap
bench-scenario-end s3-swap
flutter-perf raw n=91 build_us=2730 raster_us=8407 total_us=14192
bench-scenario-start s3-clear
bench-scenario-end s3-clear
flutter-perf raw n=92 build_us=4450 raster_us=7461 total_us=14318
bench-scenario-start s3-create1k
bench-scenario-end s3-create1k
