bench-scenario-start s3
bench-scenario-start s3-create1k
bench-scenario-end s3-create1k
flutter-perf raw n=3 build_us=3 raster_us=10533 total_us=10577
flutter-perf raw n=4 build_us=10541 raster_us=7294 total_us=22731
bench-scenario-start s3-create10k
bench-scenario-end s3-create10k
flutter-perf raw n=5 build_us=743 raster_us=1926 total_us=3159
bench-scenario-start s3-update
bench-scenario-end s3-update
flutter-perf raw n=6 build_us=3328 raster_us=4240 total_us=8778
bench-scenario-start s3-swap
bench-scenario-end s3-swap
flutter-perf raw n=7 build_us=3313 raster_us=10371 total_us=16277
bench-scenario-start s3-clear
bench-scenario-end s3-clear
flutter-perf raw n=8 build_us=4524 raster_us=7523 total_us=14738
bench-scenario-start s3-create1k
bench-scenario-end s3-create1k
flutter-perf raw n=9 build_us=27770 raster_us=8428 total_us=38253
bench-scenario-start s3-create10k
bench-scenario-end s3-create10k
flutter-perf raw n=10 build_us=10639 raster_us=7017 total_us=18487
bench-scenario-start s3-update
bench-scenario-end s3-update
flutter-perf raw n=11 build_us=2882 raster_us=8715 total_us=13205
bench-scenario-start s3-swap
bench-scenario-end s3-swap
flutter-perf raw n=12 build_us=8232 raster_us=8813 total_us=19458
bench-scenario-start s3-clear
bench-scenario-end s3-clear
flutter-perf raw n=13 build_us=4288 raster_us=7381 total_us=14478
bench-scenario-start s3-create1k
bench-scenario-end s3-create1k
flutter-perf raw n=14 build_us=20781 raster_us=8312 total_us=31409
bench-scenario-start s3-create10k
bench-scenario-end s3-create10k
flutter-perf raw n=15 build_us=16880 raster_us=8824 total_us=27664
bench-scenario-start s3-update
bench-scenario-end s3-update
flutter-perf raw n=16 build_us=3064 raster_us=8998 total_us=13542
bench-scenario-start s3-swap
bench-scenario-end s3-swap
flutter-perf raw n=17 build_us=7753 raster_us=8598 total_us=18397
bench-scenario-start s3-clear
bench-scenario-end s3-clear
flutter-perf raw n=18 build_us=4303 raster_us=7442 total_us=13950
bench-scenario-start s3-create1k
bench-scenario-end s3-create1k
flutter-perf raw n=19 build_us=22915 raster_us=7826 total_us=33149
bench-scenario-start s3-create10k
bench-scenario-end s3-create10k
flutter-perf raw n=20 build_us=16924 raster_us=8696 total_us=27353
bench-scenario-start s3-update
bench-scenario-end s3-update
flutter-perf raw n=21 build_us=8518 raster_us=8800 total_us=20370
bench-scenario-start s3-swap
bench-scenario-end s3-swap
flutter-perf raw n=22 build_us=3986 raster_us=7259 total_us=11774
bench-scenario-start s3-clear
bench-scenario-end s3-clear
flutter-perf raw n=23 build_us=4331 raster_us=7627 total_us=14724
bench-scenario-start s3-create1k
bench-scenario-end s3-create1k
flutter-perf raw n=24 build_us=24021 raster_us=8207 total_us=34423
bench-scenario-start s3-create10k
bench-scenario-end s3-create10k
flutter-perf raw n=25 build_us=21759 raster_us=8682 total_us=32442
bench-scenario-start s3-update
bench-scenario-end s3-update
flutter-perf raw n=26 build_us=8374 raster_us=8839 total_us=19335
bench-scenario-start s3-swap
bench-scenario-end s3-swap
flutter-perf raw n=27 build_us=7903 raster_us=9002 total_us=19551
bench-scenario-start s3-clear
bench-scenario-end s3-clear
flutter-perf raw n=28 build_us=4217 raster_us=7709 total_us=14050
bench-scenario-start s3-create1k
bench-scenario-end s3-create1k
flutter-perf raw n=29 build_us=18267 raster_us=4524 total_us=23688
bench-scenario-start s3-create10k
bench-scenario-end s3-create10k
flutter-perf raw n=30 build_us=23264 raster_us=8740 total_us=34559
bench-scenario-start s3-update
bench-scenario-end s3-update
flutter-perf raw n=31 build_us=8543 raster_us=8739 total_us=19863
bench-scenario-start s3-swap
bench-scenario-end s3-swap
flutter-perf raw n=32 build_us=7606 raster_us=8621 total_us=19253
bench-scenario-start s3-clear
bench-scenario-end s3-clear
flutter-perf raw n=33 build_us=3941 raster_us=7621 total_us=14071
bench-scenario-start s3-create1k
bench-scenario-end s3-create1k
flutter-perf raw n=34 build_us=23697 raster_us=8456 total_us=34334
bench-scenario-start s3-create10k
bench-scenario-end s3-create10k
flutter-perf raw n=35 build_us=9552 raster_us=8037 total_us=18861
bench-scenario-start s3-update
bench-scenario-end s3-update
flutter-perf raw n=36 build_us=2934 raster_us=8566 total_us=14132
bench-scenario-start s3-swap
bench-scenario-end s3-swap
flutter-perf raw n=37 build_us=2603 raster_us=8683 total_us=13625
bench-scenario-start s3-clear
bench-scenario-end s3-clear
flutter-perf raw n=38 build_us=4091 raster_us=7439 total_us=14117
bench-scenario-start s3-create1k
bench-scenario-end s3-create1k
flutter-perf raw n=39 build_us=21574 raster_us=8079 total_us=32062
bench-scenario-start s3-create10k
bench-scenario-end s3-create10k
flutter-perf raw n=40 build_us=16343 raster_us=8497 total_us=26502
bench-scenario-start s3-update
bench-scenario-end s3-update
flutter-perf raw n=41 build_us=3039 raster_us=8568 total_us=14408
bench-scenario-start s3-swap
bench-scenario-end s3-swap
flutter-perf raw n=42 build_us=8134 raster_us=8863 total_us=19438
bench-scenario-start s3-clear
bench-scenario-end s3-clear
flutter-perf raw n=43 build_us=4075 raster_us=7805 total_us=14201
bench-scenario-start s3-create1k
bench-scenario-end s3-create1k
flutter-perf raw n=44 build_us=15681 raster_us=7886 total_us=25070
bench-scenario-start s3-create10k
bench-scenario-end s3-create10k
flutter-perf raw n=45 build_us=17022 raster_us=8901 total_us=27448
bench-scenario-start s3-update
bench-scenario-end s3-update
flutter-perf raw n=46 build_us=8128 raster_us=8824 total_us=19436
bench-scenario-start s3-swap
bench-scenario-end s3-swap
flutter-perf raw n=47 build_us=7373 raster_us=8819 total_us=19250
bench-scenario-start s3-clear
bench-scenario-end s3-clear
flutter-perf raw n=48 build_us=4430 raster_us=7505 total_us=14354
bench-scenario-start s3-create1k
bench-scenario-end s3-create1k
flutter-perf raw n=49 build_us=21016 raster_us=8438 total_us=31914
bench-scenario-start s3-create10k
bench-scenario-end s3-create10k
flutter-perf raw n=50 build_us=16184 raster_us=8839 total_us=26764
bench-scenario-start s3-update
bench-scenario-end s3-update
flutter-perf raw n=51 build_us=8651 raster_us=8621 total_us=20288
bench-scenario-start s3-swap
bench-scenario-end s3-swap
flutter-perf raw n=52 build_us=7889 raster_us=6758 total_us=17517
bench-scenario-start s3-clear
bench-scenario-end s3-clear
flutter-perf raw n=53 build_us=3335 raster_us=7738 total_us=13274
bench-scenario-start s3-create1k
bench-scenario-end s3-create1k
flutter-perf raw n=54 build_us=21693 raster_us=8408 total_us=32226
bench-scenario-start s3-create10k
bench-scenario-end s3-create10k
flutter-perf raw n=55 build_us=14530 raster_us=8618 total_us=24896
bench-scenario-start s3-update
bench-scenario-end s3-update
flutter-perf raw n=56 build_us=2788 raster_us=8505 total_us=12881
bench-scenario-start s3-swap
bench-scenario-end s3-swap
flutter-perf raw n=57 build_us=2544 raster_us=8732 total_us=13833
bench-scenario-start s3-clear
bench-scenario-end s3-clear
flutter-perf raw n=58 build_us=4362 raster_us=7534 total_us=14661
bench-scenario-start s3-create1k
bench-scenario-end s3-create1k
flutter-perf raw n=59 build_us=20531 raster_us=8316 total_us=30965
bench-scenario-start s3-create10k
bench-scenario-end s3-create10k
flutter-perf raw n=60 build_us=16209 raster_us=8533 total_us=26281
bench-scenario-start s3-update
bench-scenario-end s3-update
flutter-perf raw n=61 build_us=2969 raster_us=8814 total_us=14319
bench-scenario-start s3-swap
bench-scenario-end s3-swap
flutter-perf raw n=62 build_us=7651 raster_us=8867 total_us=18851
bench-scenario-start s3-clear
bench-scenario-end s3-clear
flutter-perf raw n=63 build_us=4088 raster_us=7552 total_us=13799
bench-scenario-start s3-create1k
bench-scenario-end s3-create1k
flutter-perf raw n=64 build_us=22481 raster_us=8375 total_us=33102
bench-scenario-start s3-create10k
bench-scenario-end s3-create10k
flutter-perf raw n=65 build_us=15688 raster_us=8230 total_us=26087
bench-scenario-start s3-update
bench-scenario-end s3-update
flutter-perf raw n=66 build_us=8248 raster_us=7899 total_us=18745
bench-scenario-start s3-swap
bench-scenario-end s3-swap
flutter-perf raw n=67 build_us=7769 raster_us=8585 total_us=18473
bench-scenario-start s3-clear
bench-scenario-end s3-clear
flutter-perf raw n=68 build_us=4522 raster_us=7676 total_us=15248
bench-scenario-start s3-create1k
bench-scenario-end s3-create1k
flutter-perf raw n=69 build_us=23724 raster_us=8080 total_us=34530
bench-scenario-start s3-create10k
bench-scenario-end s3-create10k
flutter-perf raw n=70 build_us=15260 raster_us=8570 total_us=25737
bench-scenario-start s3-update
bench-scenario-end s3-update
flutter-perf raw n=71 build_us=8051 raster_us=8658 total_us=19108
bench-scenario-start s3-swap
bench-scenario-end s3-swap
flutter-perf raw n=72 build_us=7890 raster_us=8477 total_us=19456
bench-scenario-start s3-clear
bench-scenario-end s3-clear
flutter-perf raw n=73 build_us=4271 raster_us=7616 total_us=14594
bench-scenario-start s3-create1k
bench-scenario-end s3-create1k
flutter-perf raw n=74 build_us=21974 raster_us=8694 total_us=33233
bench-scenario-start s3-create10k
bench-scenario-end s3-create10k
flutter-perf raw n=75 build_us=14838 raster_us=8264 total_us=24630
bench-scenario-start s3-update
bench-scenario-end s3-update
flutter-perf raw n=76 build_us=2724 raster_us=7521 total_us=13205
bench-scenario-start s3-swap
bench-scenario-end s3-swap
flutter-perf raw n=77 build_us=2615 raster_us=8924 total_us=14125
bench-scenario-start s3-clear
bench-scenario-end s3-clear
flutter-perf raw n=78 build_us=4054 raster_us=7338 total_us=13729
bench-scenario-start s3-create1k
bench-scenario-end s3-create1k
flutter-perf raw n=79 build_us=23940 raster_us=8180 total_us=34229
bench-scenario-start s3-create10k
bench-scenario-end s3-create10k
flutter-perf raw n=80 build_us=21545 raster_us=8760 total_us=32552
bench-scenario-start s3-update
bench-scenario-end s3-update
flutter-perf raw n=81 build_us=8014 raster_us=8662 total_us=18993
bench-scenario-start s3-swap
bench-scenario-end s3-swap
flutter-perf raw n=82 build_us=7654 raster_us=8526 total_us=18610
bench-scenario-start s3-clear
bench-scenario-end s3-clear
flutter-perf raw n=83 build_us=4316 raster_us=7976 total_us=14616
bench-scenario-start s3-create1k
bench-scenario-end s3-create1k
flutter-perf raw n=84 build_us=22148 raster_us=8446 total_us=32656
bench-scenario-start s3-create10k
bench-scenario-end s3-create10k
flutter-perf raw n=85 build_us=15578 raster_us=8607 total_us=25893
bench-scenario-start s3-update
bench-scenario-end s3-update
flutter-perf raw n=86 build_us=8720 raster_us=8431 total_us=19702
bench-scenario-start s3-swap
bench-scenario-end s3-swap
flutter-perf raw n=87 build_us=7832 raster_us=8957 total_us=19303
bench-scenario-start s3-clear
bench-scenario-end s3-clear
flutter-perf raw n=88 build_us=3945 raster_us=7510 total_us=13918
bench-scenario-start s3-create1k
bench-scenario-end s3-create1k
flutter-perf raw n=89 build_us=23193 raster_us=7962 total_us=33875
bench-scenario-start s3-create10k
bench-scenario-end s3-create10k
flutter-perf raw n=90 build_us=17809 raster_us=8724 total_us=28468
bench-scenario-start s3-update
bench-scenario-end s3-update
flutter-perf raw n=91 build_us=8210 raster_us=9028 total_us=19594
bench-scenario-start s3-swap
bench-scenario-end s3-swap
flutter-perf raw n=92 build_us=8012 raster_us=8608 total_us=19428
bench-scenario-start s3-clear
bench-scenario-end s3-clear
flutter-perf raw n=93 build_us=4115 raster_us=7364 total_us=13744
bench-scenario-start s3-create1k
bench-scenario-end s3-create1k
flutter-perf raw n=94 build_us=20848 raster_us=8383 total_us=32267
