bench-scenario-start s3
bench-scenario-start s3-create1k
bench-scenario-end s3-create1k
flutter-perf raw n=2 build_us=3 raster_us=19177 total_us=19222
flutter-perf raw n=3 build_us=11295 raster_us=7825 total_us=25915
bench-scenario-start s3-create10k
bench-scenario-end s3-create10k
flutter-perf raw n=4 build_us=774 raster_us=1636 total_us=2863
bench-scenario-start s3-update
bench-scenario-end s3-update
flutter-perf raw n=5 build_us=4071 raster_us=4700 total_us=10204
bench-scenario-start s3-swap
bench-scenario-end s3-swap
flutter-perf raw n=6 build_us=7030 raster_us=9640 total_us=19058
bench-scenario-start s3-clear
bench-scenario-end s3-clear
flutter-perf raw n=7 build_us=4625 raster_us=7350 total_us=15134
bench-scenario-start s3-create1k
bench-scenario-end s3-create1k
flutter-perf raw n=8 build_us=27747 raster_us=7924 total_us=37261
bench-scenario-start s3-create10k
bench-scenario-end s3-create10k
flutter-perf raw n=9 build_us=19885 raster_us=8462 total_us=30294
bench-scenario-start s3-update
bench-scenario-end s3-update
flutter-perf raw n=10 build_us=2780 raster_us=8949 total_us=13240
bench-scenario-start s3-swap
bench-scenario-end s3-swap
flutter-perf raw n=11 build_us=8256 raster_us=8814 total_us=19550
bench-scenario-start s3-clear
bench-scenario-end s3-clear
flutter-perf raw n=12 build_us=4567 raster_us=7615 total_us=14721
bench-scenario-start s3-create1k
bench-scenario-end s3-create1k
flutter-perf raw n=13 build_us=19035 raster_us=8121 total_us=29858
bench-scenario-start s3-create10k
bench-scenario-end s3-create10k
flutter-perf raw n=14 build_us=17973 raster_us=8604 total_us=28344
bench-scenario-start s3-update
bench-scenario-end s3-update
flutter-perf raw n=15 build_us=2888 raster_us=8366 total_us=12771
bench-scenario-start s3-swap
bench-scenario-end s3-swap
flutter-perf raw n=16 build_us=7877 raster_us=8689 total_us=18931
bench-scenario-start s3-clear
bench-scenario-end s3-clear
flutter-perf raw n=17 build_us=4534 raster_us=7480 total_us=14211
bench-scenario-start s3-create1k
bench-scenario-end s3-create1k
flutter-perf raw n=18 build_us=22773 raster_us=8431 total_us=33448
bench-scenario-start s3-create10k
bench-scenario-end s3-create10k
flutter-perf raw n=19 build_us=15799 raster_us=8521 total_us=26985
bench-scenario-start s3-update
bench-scenario-end s3-update
flutter-perf raw n=20 build_us=9494 raster_us=8825 total_us=20773
bench-scenario-start s3-swap
bench-scenario-end s3-swap
flutter-perf raw n=21 build_us=2659 raster_us=8523 total_us=13830
bench-scenario-start s3-clear
bench-scenario-end s3-clear
flutter-perf raw n=22 build_us=3769 raster_us=7631 total_us=14142
bench-scenario-start s3-create1k
bench-scenario-end s3-create1k
flutter-perf raw n=23 build_us=24456 raster_us=8268 total_us=35619
bench-scenario-start s3-create10k
bench-scenario-end s3-create10k
flutter-perf raw n=24 build_us=20193 raster_us=8449 total_us=30649
bench-scenario-start s3-update
bench-scenario-end s3-update
flutter-perf raw n=25 build_us=6726 raster_us=8454 total_us=17507
bench-scenario-start s3-swap
bench-scenario-end s3-swap
flutter-perf raw n=26 build_us=8271 raster_us=8502 total_us=18823
bench-scenario-start s3-clear
bench-scenario-end s3-clear
flutter-perf raw n=27 build_us=4914 raster_us=7452 total_us=14893
bench-scenario-start s3-create1k
bench-scenario-end s3-create1k
flutter-perf raw n=28 build_us=22699 raster_us=8447 total_us=33249
bench-scenario-start s3-create10k
bench-scenario-end s3-create10k
flutter-perf raw n=29 build_us=24124 raster_us=8642 total_us=35304
bench-scenario-start s3-update
bench-scenario-end s3-update
flutter-perf raw n=30 build_us=3094 raster_us=8499 total_us=14533
bench-scenario-start s3-swap
bench-scenario-end s3-swap
flutter-perf raw n=31 build_us=2789 raster_us=8919 total_us=14276
bench-scenario-start s3-clear
bench-scenario-end s3-clear
flutter-perf raw n=32 build_us=4464 raster_us=7672 total_us=14660
bench-scenario-start s3-create1k
bench-scenario-end s3-create1k
flutter-perf raw n=33 build_us=24350 raster_us=8413 total_us=35409
bench-scenario-start s3-create10k
bench-scenario-end s3-create10k
flutter-perf raw n=34 build_us=10212 raster_us=8139 total_us=20045
bench-scenario-start s3-update
bench-scenario-end s3-update
flutter-perf raw n=35 build_us=7867 raster_us=8618 total_us=18773
bench-scenario-start s3-swap
bench-scenario-end s3-swap
flutter-perf raw n=36 build_us=8106 raster_us=8436 total_us=19200
bench-scenario-start s3-clear
bench-scenario-end s3-clear
flutter-perf raw n=37 build_us=4247 raster_us=7474 total_us=14616
bench-scenario-start s3-create1k
bench-scenario-end s3-create1k
flutter-perf raw n=38 build_us=22131 raster_us=8399 total_us=32589
bench-scenario-start s3-create10k
bench-scenario-end s3-create10k
flutter-perf raw n=39 build_us=24255 raster_us=8758 total_us=35169
bench-scenario-start s3-update
bench-scenario-end s3-update
flutter-perf raw n=40 build_us=8470 raster_us=8723 total_us=19583
bench-scenario-start s3-swap
bench-scenario-end s3-swap
flutter-perf raw n=41 build_us=8346 raster_us=8610 total_us=19311
bench-scenario-start s3-clear
bench-scenario-end s3-clear
flutter-perf raw n=42 build_us=4565 raster_us=7378 total_us=14109
bench-scenario-start s3-create1k
bench-scenario-end s3-create1k
flutter-perf raw n=43 build_us=23955 raster_us=8244 total_us=34661
bench-scenario-start s3-create10k
bench-scenario-end s3-create10k
flutter-perf raw n=44 build_us=20517 raster_us=8340 total_us=30839
bench-scenario-start s3-update
bench-scenario-end s3-update
flutter-perf raw n=45 build_us=8106 raster_us=8366 total_us=18894
bench-scenario-start s3-swap
bench-scenario-end s3-swap
flutter-perf raw n=46 build_us=8716 raster_us=8560 total_us=19291
bench-scenario-start s3-clear
bench-scenario-end s3-clear
flutter-perf raw n=47 build_us=4534 raster_us=7481 total_us=14856
bench-scenario-start s3-create1k
bench-scenario-end s3-create1k
flutter-perf raw n=48 build_us=21267 raster_us=8303 total_us=31770
bench-scenario-start s3-create10k
bench-scenario-end s3-create10k
flutter-perf raw n=49 build_us=14800 raster_us=7302 total_us=23546
bench-scenario-start s3-update
bench-scenario-end s3-update
flutter-perf raw n=50 build_us=3099 raster_us=8862 total_us=14540
bench-scenario-start s3-swap
bench-scenario-end s3-swap
flutter-perf raw n=51 build_us=2741 raster_us=6697 total_us=11630
bench-scenario-start s3-clear
bench-scenario-end s3-clear
flutter-perf raw n=52 build_us=3755 raster_us=7557 total_us=13296
bench-scenario-start s3-create1k
bench-scenario-end s3-create1k
flutter-perf raw n=53 build_us=23807 raster_us=8508 total_us=35190
bench-scenario-start s3-create10k
bench-scenario-end s3-create10k
flutter-perf raw n=54 build_us=8826 raster_us=8261 total_us=18379
bench-scenario-start s3-update
bench-scenario-end s3-update
flutter-perf raw n=55 build_us=8809 raster_us=8387 total_us=19207
bench-scenario-start s3-swap
bench-scenario-end s3-swap
flutter-perf raw n=56 build_us=8097 raster_us=8525 total_us=19153
bench-scenario-start s3-clear
bench-scenario-end s3-clear
flutter-perf raw n=57 build_us=4404 raster_us=7427 total_us=13951
bench-scenario-start s3-create1k
bench-scenario-end s3-create1k
flutter-perf raw n=58 build_us=22190 raster_us=8837 total_us=33290
bench-scenario-start s3-create10k
bench-scenario-end s3-create10k
flutter-perf raw n=59 build_us=14044 raster_us=8692 total_us=24159
bench-scenario-start s3-update
bench-scenario-end s3-update
flutter-perf raw n=60 build_us=7966 raster_us=8561 total_us=18633
bench-scenario-start s3-swap
bench-scenario-end s3-swap
flutter-perf raw n=61 build_us=8399 raster_us=8901 total_us=19359
bench-scenario-start s3-clear
bench-scenario-end s3-clear
flutter-perf raw n=62 build_us=4446 raster_us=7365 total_us=14289
bench-scenario-start s3-create1k
bench-scenario-end s3-create1k
flutter-perf raw n=63 build_us=24457 raster_us=8247 total_us=35293
bench-scenario-start s3-create10k
bench-scenario-end s3-create10k
flutter-perf raw n=64 build_us=20391 raster_us=8735 total_us=30990
bench-scenario-start s3-update
bench-scenario-end s3-update
flutter-perf raw n=65 build_us=8244 raster_us=8446 total_us=19233
bench-scenario-start s3-swap
bench-scenario-end s3-swap
flutter-perf raw n=66 build_us=8845 raster_us=8528 total_us=20179
bench-scenario-start s3-clear
bench-scenario-end s3-clear
flutter-perf raw n=67 build_us=4324 raster_us=7372 total_us=13940
bench-scenario-start s3-create1k
bench-scenario-end s3-create1k
flutter-perf raw n=68 build_us=21982 raster_us=8459 total_us=32695
bench-scenario-start s3-create10k
bench-scenario-end s3-create10k
flutter-perf raw n=69 build_us=23408 raster_us=8356 total_us=34632
bench-scenario-start s3-update
bench-scenario-end s3-update
flutter-perf raw n=70 build_us=9023 raster_us=8579 total_us=20542
bench-scenario-start s3-swap
bench-scenario-end s3-swap
flutter-perf raw n=71 build_us=8088 raster_us=8613 total_us=19106
bench-scenario-start s3-clear
bench-scenario-end s3-clear
flutter-perf raw n=72 build_us=4320 raster_us=7616 total_us=14757
bench-scenario-start s3-create1k
bench-scenario-end s3-create1k
flutter-perf raw n=73 build_us=23594 raster_us=8091 total_us=33992
bench-scenario-start s3-create10k
bench-scenario-end s3-create10k
flutter-perf raw n=74 build_us=20869 raster_us=8588 total_us=31441
bench-scenario-start s3-update
bench-scenario-end s3-update
flutter-perf raw n=75 build_us=3108 raster_us=8245 total_us=13845
bench-scenario-start s3-swap
bench-scenario-end s3-swap
flutter-perf raw n=76 build_us=2667 raster_us=8812 total_us=14134
bench-scenario-start s3-clear
bench-scenario-end s3-clear
flutter-perf raw n=77 build_us=4403 raster_us=7533 total_us=14197
bench-scenario-start s3-create1k
bench-scenario-end s3-create1k
flutter-perf raw n=78 build_us=21467 raster_us=8491 total_us=32599
bench-scenario-start s3-create10k
bench-scenario-end s3-create10k
flutter-perf raw n=79 build_us=14970 raster_us=7125 total_us=23271
bench-scenario-start s3-update
bench-scenario-end s3-update
flutter-perf raw n=80 build_us=3094 raster_us=8605 total_us=14303
bench-scenario-start s3-swap
bench-scenario-end s3-swap
flutter-perf raw n=81 build_us=7328 raster_us=8802 total_us=18417
bench-scenario-start s3-clear
bench-scenario-end s3-clear
flutter-perf raw n=82 build_us=4270 raster_us=7452 total_us=14125
bench-scenario-start s3-create1k
bench-scenario-end s3-create1k
flutter-perf raw n=83 build_us=24124 raster_us=8583 total_us=34868
bench-scenario-start s3-create10k
bench-scenario-end s3-create10k
flutter-perf raw n=84 build_us=20249 raster_us=8902 total_us=30672
bench-scenario-start s3-update
bench-scenario-end s3-update
flutter-perf raw n=85 build_us=8114 raster_us=8420 total_us=18779
bench-scenario-start s3-swap
bench-scenario-end s3-swap
flutter-perf raw n=86 build_us=8707 raster_us=8432 total_us=19752
bench-scenario-start s3-clear
bench-scenario-end s3-clear
flutter-perf raw n=87 build_us=4425 raster_us=7495 total_us=14453
bench-scenario-start s3-create1k
bench-scenario-end s3-create1k
flutter-perf raw n=88 build_us=21364 raster_us=8282 total_us=31849
bench-scenario-start s3-create10k
bench-scenario-end s3-create10k
flutter-perf raw n=89 build_us=15045 raster_us=7553 total_us=23747
bench-scenario-start s3-update
bench-scenario-end s3-update
flutter-perf raw n=90 build_us=6721 raster_us=8602 total_us=17851
bench-scenario-start s3-swap
bench-scenario-end s3-swap
flutter-perf raw n=91 build_us=8023 raster_us=8497 total_us=19404
bench-scenario-start s3-clear
bench-scenario-end s3-clear
flutter-perf raw n=92 build_us=4482 raster_us=7626 total_us=14540
bench-scenario-start s3-create1k
bench-scenario-end s3-create1k
flutter-perf raw n=93 build_us=23101 raster_us=8414 total_us=33663
