bench-scenario-start s3
bench-scenario-start s3-create1k
bench-scenario-end s3-create1k
flutter-perf raw n=3 build_us=3 raster_us=11189 total_us=11237
flutter-perf raw n=4 build_us=11435 raster_us=7741 total_us=21336
bench-scenario-start s3-create10k
bench-scenario-end s3-create10k
flutter-perf raw n=5 build_us=755 raster_us=1869 total_us=3105
bench-scenario-start s3-update
bench-scenario-end s3-update
flutter-perf raw n=6 build_us=3430 raster_us=4331 total_us=9123
bench-scenario-start s3-swap
bench-scenario-end s3-swap
flutter-perf raw n=7 build_us=2990 raster_us=9924 total_us=15419
bench-scenario-start s3-clear
bench-scenario-end s3-clear
flutter-perf raw n=8 build_us=4178 raster_us=7206 total_us=13492
bench-scenario-start s3-create1k
bench-scenario-end s3-create1k
flutter-perf raw n=9 build_us=29834 raster_us=8264 total_us=40034
bench-scenario-start s3-create10k
bench-scenario-end s3-create10k
flutter-perf raw n=10 build_us=3889 raster_us=7115 total_us=11440
bench-scenario-start s3-update
bench-scenario-end s3-update
flutter-perf raw n=11 build_us=2737 raster_us=8585 total_us=13094
bench-scenario-start s3-swap
bench-scenario-end s3-swap
flutter-perf raw n=12 build_us=7460 raster_us=8829 total_us=18539
bench-scenario-start s3-clear
bench-scenario-end s3-clear
flutter-perf raw n=13 build_us=4408 raster_us=7460 total_us=14758
bench-scenario-start s3-create1k
bench-scenario-end s3-create1k
flutter-perf raw n=14 build_us=21439 raster_us=7922 total_us=31686
bench-scenario-start s3-create10k
bench-scenario-end s3-create10k
flutter-perf raw n=15 build_us=15460 raster_us=7100 total_us=23885
bench-scenario-start s3-update
bench-scenario-end s3-update
flutter-perf raw n=16 build_us=3194 raster_us=8422 total_us=14528
bench-scenario-start s3-swap
bench-scenario-end s3-swap
flutter-perf raw n=17 build_us=2991 raster_us=8491 total_us=13741
bench-scenario-start s3-clear
bench-scenario-end s3-clear
flutter-perf raw n=18 build_us=4355 raster_us=7425 total_us=14273
bench-scenario-start s3-create1k
bench-scenario-end s3-create1k
flutter-perf raw n=19 build_us=24468 raster_us=8543 total_us=35757
bench-scenario-start s3-create10k
bench-scenario-end s3-create10k
flutter-perf raw n=20 build_us=9715 raster_us=8744 total_us=19645
bench-scenario-start s3-update
bench-scenario-end s3-update
flutter-perf raw n=21 build_us=8314 raster_us=8535 total_us=19491
bench-scenario-start s3-swap
bench-scenario-end s3-swap
flutter-perf raw n=22 build_us=7916 raster_us=8559 total_us=18997
bench-scenario-start s3-clear
bench-scenario-end s3-clear
flutter-perf raw n=23 build_us=4251 raster_us=7552 total_us=14811
bench-scenario-start s3-create1k
bench-scenario-end s3-create1k
flutter-perf raw n=24 build_us=21892 raster_us=8230 total_us=32690
bench-scenario-start s3-create10k
bench-scenario-end s3-create10k
flutter-perf raw n=25 build_us=15450 raster_us=8180 total_us=25264
bench-scenario-start s3-update
bench-scenario-end s3-update
flutter-perf raw n=26 build_us=8494 raster_us=8525 total_us=19499
bench-scenario-start s3-swap
bench-scenario-end s3-swap
flutter-perf raw n=27 build_us=8230 raster_us=8677 total_us=19338
bench-scenario-start s3-clear
bench-scenario-end s3-clear
flutter-perf raw n=28 build_us=4179 raster_us=7426 total_us=13631
bench-scenario-start s3-create1k
bench-scenario-end s3-create1k
flutter-perf raw n=29 build_us=22942 raster_us=8180 total_us=33507
bench-scenario-start s3-create10k
bench-scenario-end s3-create10k
flutter-perf raw n=30 build_us=16531 raster_us=8542 total_us=26786
bench-scenario-start s3-update
bench-scenario-end s3-update
flutter-perf raw n=31 build_us=8081 raster_us=8630 total_us=19839
bench-scenario-start s3-swap
bench-scenario-end s3-swap
flutter-perf raw n=32 build_us=7725 raster_us=8520 total_us=18984
bench-scenario-start s3-clear
bench-scenario-end s3-clear
flutter-perf raw n=33 build_us=4239 raster_us=7523 total_us=14850
bench-scenario-start s3-create1k
bench-scenario-end s3-create1k
flutter-perf raw n=34 build_us=21957 raster_us=8057 total_us=32497
bench-scenario-start s3-create10k
bench-scenario-end s3-create10k
flutter-perf raw n=35 build_us=16687 raster_us=8413 total_us=27094
bench-scenario-start s3-update
bench-scenario-end s3-update
flutter-perf raw n=36 build_us=2752 raster_us=9035 total_us=14187
bench-scenario-start s3-swap
bench-scenario-end s3-swap
flutter-perf raw n=37 build_us=2529 raster_us=8683 total_us=13339
bench-scenario-start s3-clear
bench-scenario-end s3-clear
flutter-perf raw n=38 build_us=3632 raster_us=7610 total_us=14086
bench-scenario-start s3-create1k
bench-scenario-end s3-create1k
flutter-perf raw n=39 build_us=23399 raster_us=8381 total_us=34701
bench-scenario-start s3-create10k
bench-scenario-end s3-create10k
flutter-perf raw n=40 build_us=21435 raster_us=8739 total_us=32359
bench-scenario-start s3-update
bench-scenario-end s3-update
flutter-perf raw n=41 build_us=7684 raster_us=8667 total_us=18881
bench-scenario-start s3-swap
bench-scenario-end s3-swap
flutter-perf raw n=42 build_us=7780 raster_us=8442 total_us=19288
bench-scenario-start s3-clear
bench-scenario-end s3-clear
flutter-perf raw n=43 build_us=4210 raster_us=7475 total_us=14122
bench-scenario-start s3-create1k
bench-scenario-end s3-create1k
flutter-perf raw n=44 build_us=21783 raster_us=8266 total_us=32820
bench-scenario-start s3-create10k
bench-scenario-end s3-create10k
flutter-perf raw n=45 build_us=14715 raster_us=7091 total_us=23335
bench-scenario-start s3-update
bench-scenario-end s3-update
flutter-perf raw n=46 build_us=7144 raster_us=8384 total_us=17412
bench-scenario-start s3-swap
bench-scenario-end s3-swap
flutter-perf raw n=47 build_us=6124 raster_us=8354 total_us=16464
bench-scenario-start s3-clear
bench-scenario-end s3-clear
flutter-perf raw n=48 build_us=4151 raster_us=7343 total_us=14038
bench-scenario-start s3-create1k
bench-scenario-end s3-create1k
flutter-perf raw n=49 build_us=23223 raster_us=8380 total_us=33910
bench-scenario-start s3-create10k
bench-scenario-end s3-create10k
flutter-perf raw n=50 build_us=15414 raster_us=8408 total_us=25509
bench-scenario-start s3-update
bench-scenario-end s3-update
flutter-perf raw n=51 build_us=8185 raster_us=8681 total_us=19229
bench-scenario-start s3-swap
bench-scenario-end s3-swap
flutter-perf raw n=52 build_us=7853 raster_us=6643 total_us=16885
bench-scenario-start s3-clear
bench-scenario-end s3-clear
flutter-perf raw n=53 build_us=3545 raster_us=7219 total_us=13347
bench-scenario-start s3-create1k
bench-scenario-end s3-create1k
flutter-perf raw n=54 build_us=22091 raster_us=8222 total_us=32441
bench-scenario-start s3-create10k
bench-scenario-end s3-create10k
flutter-perf raw n=55 build_us=14933 raster_us=8044 total_us=24767
bench-scenario-start s3-update
bench-scenario-end s3-update
flutter-perf raw n=56 build_us=2846 raster_us=8531 total_us=12911
bench-scenario-start s3-swap
bench-scenario-end s3-swap
flutter-perf raw n=57 build_us=2597 raster_us=8677 total_us=13951
bench-scenario-start s3-clear
bench-scenario-end s3-clear
flutter-perf raw n=58 build_us=4063 raster_us=7311 total_us=13363
bench-scenario-start s3-create1k
bench-scenario-end s3-create1k
flutter-perf raw n=59 build_us=23629 raster_us=8316 total_us=34322
bench-scenario-start s3-create10k
bench-scenario-end s3-create10k
flutter-perf raw n=60 build_us=14389 raster_us=8081 total_us=23905
bench-scenario-start s3-update
bench-scenario-end s3-update
flutter-perf raw n=61 build_us=2887 raster_us=8641 total_us=13120
bench-scenario-start s3-swap
bench-scenario-end s3-swap
flutter-perf raw n=62 build_us=8084 raster_us=8663 total_us=19301
bench-scenario-start s3-clear
bench-scenario-end s3-clear
flutter-perf raw n=63 build_us=4160 raster_us=7706 total_us=14233
bench-scenario-start s3-create1k
bench-scenario-end s3-create1k
flutter-perf raw n=64 build_us=22912 raster_us=8142 total_us=33235
bench-scenario-start s3-create10k
bench-scenario-end s3-create10k
flutter-perf raw n=65 build_us=21309 raster_us=8505 total_us=31623
bench-scenario-start s3-update
bench-scenario-end s3-update
flutter-perf raw n=66 build_us=7552 raster_us=8434 total_us=18430
bench-scenario-start s3-swap
bench-scenario-end s3-swap
flutter-perf raw n=67 build_us=7570 raster_us=8396 total_us=18369
bench-scenario-start s3-clear
bench-scenario-end s3-clear
flutter-perf raw n=68 build_us=4394 raster_us=7635 total_us=14833
bench-scenario-start s3-create1k
bench-scenario-end s3-create1k
flutter-perf raw n=69 build_us=17383 raster_us=8364 total_us=27842
bench-scenario-start s3-create10k
bench-scenario-end s3-create10k
flutter-perf raw n=70 build_us=20986 raster_us=8704 total_us=31887
bench-scenario-start s3-update
bench-scenario-end s3-update
flutter-perf raw n=71 build_us=6380 raster_us=8490 total_us=17164
bench-scenario-start s3-swap
bench-scenario-end s3-swap
flutter-perf raw n=72 build_us=7732 raster_us=8353 total_us=18992
bench-scenario-start s3-clear
bench-scenario-end s3-clear
flutter-perf raw n=73 build_us=4145 raster_us=7530 total_us=14788
bench-scenario-start s3-create1k
bench-scenario-end s3-create1k
flutter-perf raw n=74 build_us=22374 raster_us=8352 total_us=33271
bench-scenario-start s3-create10k
bench-scenario-end s3-create10k
flutter-perf raw n=75 build_us=15863 raster_us=8263 total_us=26773
bench-scenario-start s3-update
bench-scenario-end s3-update
flutter-perf raw n=76 build_us=2885 raster_us=9210 total_us=14719
bench-scenario-start s3-swap
bench-scenario-end s3-swap
flutter-perf raw n=77 build_us=2654 raster_us=8651 total_us=13524
bench-scenario-start s3-clear
bench-scenario-end s3-clear
flutter-perf raw n=78 build_us=4416 raster_us=7594 total_us=14498
bench-scenario-start s3-create1k
bench-scenario-end s3-create1k
flutter-perf raw n=79 build_us=20540 raster_us=8563 total_us=31225
bench-scenario-start s3-create10k
bench-scenario-end s3-create10k
flutter-perf raw n=80 build_us=16775 raster_us=8578 total_us=26981
bench-scenario-start s3-update
bench-scenario-end s3-update
flutter-perf raw n=81 build_us=2791 raster_us=8828 total_us=14690
bench-scenario-start s3-swap
bench-scenario-end s3-swap
flutter-perf raw n=82 build_us=7493 raster_us=8653 total_us=18303
bench-scenario-start s3-clear
bench-scenario-end s3-clear
flutter-perf raw n=83 build_us=4447 raster_us=7576 total_us=14517
bench-scenario-start s3-create1k
bench-scenario-end s3-create1k
flutter-perf raw n=84 build_us=22008 raster_us=8379 total_us=32689
bench-scenario-start s3-create10k
bench-scenario-end s3-create10k
flutter-perf raw n=85 build_us=14310 raster_us=7929 total_us=23808
bench-scenario-start s3-update
bench-scenario-end s3-update
flutter-perf raw n=86 build_us=8833 raster_us=8817 total_us=20059
bench-scenario-start s3-swap
bench-scenario-end s3-swap
flutter-perf raw n=87 build_us=8008 raster_us=8468 total_us=18885
bench-scenario-start s3-clear
bench-scenario-end s3-clear
flutter-perf raw n=88 build_us=4332 raster_us=7624 total_us=14957
bench-scenario-start s3-create1k
bench-scenario-end s3-create1k
flutter-perf raw n=89 build_us=23325 raster_us=8310 total_us=33865
bench-scenario-start s3-create10k
bench-scenario-end s3-create10k
flutter-perf raw n=90 build_us=15459 raster_us=8576 total_us=25575
bench-scenario-start s3-update
bench-scenario-end s3-update
flutter-perf raw n=91 build_us=4428 raster_us=8292 total_us=14751
bench-scenario-start s3-swap
bench-scenario-end s3-swap
flutter-perf raw n=92 build_us=5402 raster_us=8078 total_us=15544
bench-scenario-start s3-clear
bench-scenario-end s3-clear
flutter-perf raw n=93 build_us=4314 raster_us=7452 total_us=14130
bench-scenario-start s3-create1k
bench-scenario-end s3-create1k
flutter-perf raw n=94 build_us=22430 raster_us=8148 total_us=33232
