bench-scenario-start s3
bench-scenario-start s3-create1k
bench-scenario-end s3-create1k
flutter-perf raw n=2 build_us=4 raster_us=15154 total_us=15198
flutter-perf raw n=3 build_us=11658 raster_us=7536 total_us=22595
bench-scenario-start s3-create10k
bench-scenario-end s3-create10k
flutter-perf raw n=4 build_us=688 raster_us=1684 total_us=2840
bench-scenario-start s3-update
bench-scenario-end s3-update
flutter-perf raw n=5 build_us=3979 raster_us=10095 total_us=15427
bench-scenario-start s3-swap
bench-scenario-end s3-swap
flutter-perf raw n=6 build_us=3077 raster_us=9910 total_us=15062
bench-scenario-start s3-clear
bench-scenario-end s3-clear
flutter-perf raw n=7 build_us=4660 raster_us=7410 total_us=14234
bench-scenario-start s3-create1k
bench-scenario-end s3-create1k
flutter-perf raw n=8 build_us=30327 raster_us=8180 total_us=40216
bench-scenario-start s3-create10k
bench-scenario-end s3-create10k
flutter-perf raw n=9 build_us=3866 raster_us=5909 total_us=10277
bench-scenario-start s3-update
bench-scenario-end s3-update
flutter-perf raw n=10 build_us=2753 raster_us=8425 total_us=13363
bench-scenario-start s3-swap
bench-scenario-end s3-swap
flutter-perf raw n=11 build_us=8026 raster_us=8747 total_us=18760
bench-scenario-start s3-clear
bench-scenario-end s3-clear
flutter-perf raw n=12 build_us=4652 raster_us=7290 total_us=14475
bench-scenario-start s3-create1k
bench-scenario-end s3-create1k
flutter-perf raw n=13 build_us=22151 raster_us=8437 total_us=32820
bench-scenario-start s3-create10k
bench-scenario-end s3-create10k
flutter-perf raw n=14 build_us=23803 raster_us=8555 total_us=34744
bench-scenario-start s3-update
bench-scenario-end s3-update
flutter-perf raw n=15 build_us=2805 raster_us=8805 total_us=13942
bench-scenario-start s3-swap
bench-scenario-end s3-swap
flutter-perf raw n=16 build_us=2810 raster_us=8677 total_us=13951
bench-scenario-start s3-clear
bench-scenario-end s3-clear
flutter-perf raw n=17 build_us=4388 raster_us=7359 total_us=14299
bench-scenario-start s3-create1k
bench-scenario-end s3-create1k
flutter-perf raw n=18 build_us=24096 raster_us=8293 total_us=34898
bench-scenario-start s3-create10k
bench-scenario-end s3-create10k
flutter-perf raw n=19 build_us=20266 raster_us=8675 total_us=30740
bench-scenario-start s3-update
bench-scenario-end s3-update
flutter-perf raw n=20 build_us=8503 raster_us=8517 total_us=19590
bench-scenario-start s3-swap
bench-scenario-end s3-swap
flutter-perf raw n=21 build_us=8130 raster_us=8837 total_us=19134
bench-scenario-start s3-clear
bench-scenario-end s3-clear
flutter-perf raw n=22 build_us=4363 raster_us=7507 total_us=13868
bench-scenario-start s3-create1k
bench-scenario-end s3-create1k
flutter-perf raw n=23 build_us=22002 raster_us=8288 total_us=32427
bench-scenario-start s3-create10k
bench-scenario-end s3-create10k
flutter-perf raw n=24 build_us=23845 raster_us=8809 total_us=35387
bench-scenario-start s3-update
bench-scenario-end s3-update
flutter-perf raw n=25 build_us=8320 raster_us=8333 total_us=19292
bench-scenario-start s3-swap
bench-scenario-end s3-swap
flutter-perf raw n=26 build_us=8419 raster_us=8740 total_us=19187
bench-scenario-start s3-clear
bench-scenario-end s3-clear
flutter-perf raw n=27 build_us=4539 raster_us=7363 total_us=14348
bench-scenario-start s3-create1k
bench-scenario-end s3-create1k
flutter-perf raw n=28 build_us=19156 raster_us=8637 total_us=29550
bench-scenario-start s3-create10k
bench-scenario-end s3-create10k
flutter-perf raw n=29 build_us=18992 raster_us=8502 total_us=29120
bench-scenario-start s3-update
bench-scenario-end s3-update
flutter-perf raw n=30 build_us=7988 raster_us=8762 total_us=19122
bench-scenario-start s3-swap
bench-scenario-end s3-swap
flutter-perf raw n=31 build_us=8503 raster_us=8483 total_us=19499
bench-scenario-start s3-clear
bench-scenario-end s3-clear
flutter-perf raw n=32 build_us=4573 raster_us=7519 total_us=14901
bench-scenario-start s3-create1k
bench-scenario-end s3-create1k
flutter-perf raw n=33 build_us=21774 raster_us=8597 total_us=32614
bench-scenario-start s3-create10k
bench-scenario-end s3-create10k
flutter-perf raw n=34 build_us=10311 raster_us=8767 total_us=21543
bench-scenario-start s3-update
bench-scenario-end s3-update
flutter-perf raw n=35 build_us=8419 raster_us=8576 total_us=19091
bench-scenario-start s3-swap
bench-scenario-end s3-swap
flutter-perf raw n=36 build_us=7907 raster_us=8255 total_us=19270
bench-scenario-start s3-clear
bench-scenario-end s3-clear
flutter-perf raw n=37 build_us=4243 raster_us=7574 total_us=14581
bench-scenario-start s3-create1k
bench-scenario-end s3-create1k
flutter-perf raw n=38 build_us=23740 raster_us=8198 total_us=34618
bench-scenario-start s3-create10k
bench-scenario-end s3-create10k
flutter-perf raw n=39 build_us=20957 raster_us=8534 total_us=31240
bench-scenario-start s3-update
bench-scenario-end s3-update
flutter-perf raw n=40 build_us=2879 raster_us=8574 total_us=13603
bench-scenario-start s3-swap
bench-scenario-end s3-swap
flutter-perf raw n=41 build_us=6171 raster_us=8263 total_us=16854
bench-scenario-start s3-clear
bench-scenario-end s3-clear
flutter-perf raw n=42 build_us=4665 raster_us=7480 total_us=14448
bench-scenario-start s3-create1k
bench-scenario-end s3-create1k
flutter-perf raw n=43 build_us=22170 raster_us=8288 total_us=32633
bench-scenario-start s3-create10k
bench-scenario-end s3-create10k
flutter-perf raw n=44 build_us=15004 raster_us=7269 total_us=23437
bench-scenario-start s3-update
bench-scenario-end s3-update
flutter-perf raw n=45 build_us=8984 raster_us=8749 total_us=20786
bench-scenario-start s3-swap
bench-scenario-end s3-swap
flutter-perf raw n=46 build_us=7644 raster_us=8584 total_us=18780
bench-scenario-start s3-clear
bench-scenario-end s3-clear
flutter-perf raw n=47 build_us=4621 raster_us=7318 total_us=14861
bench-scenario-start s3-create1k
bench-scenario-end s3-create1k
flutter-perf raw n=48 build_us=23056 raster_us=8429 total_us=33595
bench-scenario-start s3-create10k
bench-scenario-end s3-create10k
flutter-perf raw n=49 build_us=21214 raster_us=8529 total_us=31559
bench-scenario-start s3-update
bench-scenario-end s3-update
flutter-perf raw n=50 build_us=8599 raster_us=8879 total_us=19560
bench-scenario-start s3-swap
bench-scenario-end s3-swap
flutter-perf raw n=51 build_us=8307 raster_us=6894 total_us=17939
bench-scenario-start s3-clear
bench-scenario-end s3-clear
flutter-perf raw n=52 build_us=3303 raster_us=7363 total_us=12860
bench-scenario-start s3-create1k
bench-scenario-end s3-create1k
flutter-perf raw n=53 build_us=24553 raster_us=8579 total_us=35285
bench-scenario-start s3-create10k
bench-scenario-end s3-create10k
flutter-perf raw n=54 build_us=20364 raster_us=8725 total_us=31166
bench-scenario-start s3-update
bench-scenario-end s3-update
flutter-perf raw n=55 build_us=6506 raster_us=8779 total_us=17724
bench-scenario-start s3-swap
bench-scenario-end s3-swap
flutter-perf raw n=56 build_us=7772 raster_us=8552 total_us=18513
bench-scenario-start s3-clear
bench-scenario-end s3-clear
flutter-perf raw n=57 build_us=4784 raster_us=7414 total_us=14588
bench-scenario-start s3-create1k
bench-scenario-end s3-create1k
flutter-perf raw n=58 build_us=22699 raster_us=8400 total_us=33357
bench-scenario-start s3-create10k
bench-scenario-end s3-create10k
flutter-perf raw n=59 build_us=15540 raster_us=8397 total_us=25527
bench-scenario-start s3-update
bench-scenario-end s3-update
flutter-perf raw n=60 build_us=9326 raster_us=8641 total_us=20903
bench-scenario-start s3-swap
bench-scenario-end s3-swap
flutter-perf raw n=61 build_us=2646 raster_us=8791 total_us=14166
bench-scenario-start s3-clear
bench-scenario-end s3-clear
flutter-perf raw n=62 build_us=3088 raster_us=7406 total_us=12442
bench-scenario-start s3-create1k
bench-scenario-end s3-create1k
flutter-perf raw n=63 build_us=24741 raster_us=8243 total_us=35724
bench-scenario-start s3-create10k
bench-scenario-end s3-create10k
flutter-perf raw n=64 build_us=20625 raster_us=8514 total_us=31073
bench-scenario-start s3-update
bench-scenario-end s3-update
flutter-perf raw n=65 build_us=2898 raster_us=8735 total_us=14504
bench-scenario-start s3-swap
bench-scenario-end s3-swap
flutter-perf raw n=66 build_us=6282 raster_us=8582 total_us=17305
bench-scenario-start s3-clear
bench-scenario-end s3-clear
flutter-perf raw n=67 build_us=4659 raster_us=6898 total_us=14411
bench-scenario-start s3-create1k
bench-scenario-end s3-create1k
flutter-perf raw n=68 build_us=22260 raster_us=8292 total_us=32822
bench-scenario-start s3-create10k
bench-scenario-end s3-create10k
flutter-perf raw n=69 build_us=23703 raster_us=8571 total_us=34838
bench-scenario-start s3-update
bench-scenario-end s3-update
flutter-perf raw n=70 build_us=3159 raster_us=8467 total_us=14567
bench-scenario-start s3-swap
bench-scenario-end s3-swap
flutter-perf raw n=71 build_us=2779 raster_us=8424 total_us=13863
bench-scenario-start s3-clear
bench-scenario-end s3-clear
flutter-perf raw n=72 build_us=4210 raster_us=7559 total_us=14050
bench-scenario-start s3-create1k
bench-scenario-end s3-create1k
flutter-perf raw n=73 build_us=24677 raster_us=8324 total_us=34862
bench-scenario-start s3-create10k
bench-scenario-end s3-create10k
flutter-perf raw n=74 build_us=21369 raster_us=8069 total_us=31197
bench-scenario-start s3-update
bench-scenario-end s3-update
flutter-perf raw n=75 build_us=8120 raster_us=8496 total_us=18730
bench-scenario-start s3-swap
bench-scenario-end s3-swap
flutter-perf raw n=76 build_us=7675 raster_us=8461 total_us=18164
bench-scenario-start s3-clear
bench-scenario-end s3-clear
flutter-perf raw n=77 build_us=4567 raster_us=7533 total_us=14716
bench-scenario-start s3-create1k
bench-scenario-end s3-create1k
flutter-perf raw n=78 build_us=21785 raster_us=8281 total_us=32274
bench-scenario-start s3-create10k
bench-scenario-end s3-create10k
flutter-perf raw n=79 build_us=23687 raster_us=8571 total_us=34788
bench-scenario-start s3-update
bench-scenario-end s3-update
flutter-perf raw n=80 build_us=9436 raster_us=8701 total_us=20524
bench-scenario-start s3-swap
bench-scenario-end s3-swap
flutter-perf raw n=81 build_us=8205 raster_us=8374 total_us=19662
bench-scenario-start s3-clear
bench-scenario-end s3-clear
flutter-perf raw n=82 build_us=4428 raster_us=7516 total_us=15012
bench-scenario-start s3-create1k
bench-scenario-end s3-create1k
flutter-perf raw n=83 build_us=23297 raster_us=8291 total_us=33802
bench-scenario-start s3-create10k
bench-scenario-end s3-create10k
flutter-perf raw n=84 build_us=20333 raster_us=8529 total_us=30668
bench-scenario-start s3-update
bench-scenario-end s3-update
flutter-perf raw n=85 build_us=8800 raster_us=8523 total_us=19297
bench-scenario-start s3-swap
bench-scenario-end s3-swap
flutter-perf raw n=86 build_us=2918 raster_us=8563 total_us=14113
bench-scenario-start s3-clear
bench-scenario-end s3-clear
flutter-perf raw n=87 build_us=1784 raster_us=8071 total_us=12170
bench-scenario-start s3-create1k
bench-scenario-end s3-create1k
flutter-perf raw n=88 build_us=24027 raster_us=8336 total_us=34681
bench-scenario-start s3-create10k
bench-scenario-end s3-create10k
flutter-perf raw n=89 build_us=20201 raster_us=8749 total_us=30966
bench-scenario-start s3-update
bench-scenario-end s3-update
flutter-perf raw n=90 build_us=6810 raster_us=8687 total_us=17843
bench-scenario-start s3-swap
bench-scenario-end s3-swap
flutter-perf raw n=91 build_us=7577 raster_us=8438 total_us=18096
bench-scenario-start s3-clear
bench-scenario-end s3-clear
flutter-perf raw n=92 build_us=4467 raster_us=7407 total_us=15029
bench-scenario-start s3-create1k
bench-scenario-end s3-create1k
flutter-perf raw n=93 build_us=22946 raster_us=8962 total_us=34106
