bench-scenario-start s3
bench-scenario-start s3-create1k
bench-scenario-end s3-create1k
flutter-perf raw n=2 build_us=3 raster_us=11179 total_us=11239
flutter-perf raw n=3 build_us=9540 raster_us=7727 total_us=19391
bench-scenario-start s3-create10k
bench-scenario-end s3-create10k
flutter-perf raw n=4 build_us=804 raster_us=3542 total_us=4739
bench-scenario-start s3-update
bench-scenario-end s3-update
flutter-perf raw n=5 build_us=3420 raster_us=4394 total_us=9063
bench-scenario-start s3-swap
bench-scenario-end s3-swap
flutter-perf raw n=6 build_us=3189 raster_us=9829 total_us=15566
bench-scenario-start s3-clear
bench-scenario-end s3-clear
flutter-perf raw n=7 build_us=4256 raster_us=7656 total_us=14975
bench-scenario-start s3-create1k
bench-scenario-end s3-create1k
flutter-perf raw n=8 build_us=26195 raster_us=8321 total_us=36066
bench-scenario-start s3-create10k
bench-scenario-end s3-create10k
flutter-perf raw n=9 build_us=9816 raster_us=7888 total_us=18486
bench-scenario-start s3-update
bench-scenario-end s3-update
flutter-perf raw n=10 build_us=2810 raster_us=8746 total_us=13508
bench-scenario-start s3-swap
bench-scenario-end s3-swap
flutter-perf raw n=11 build_us=8407 raster_us=8537 total_us=19380
bench-scenario-start s3-clear
bench-scenario-end s3-clear
flutter-perf raw n=12 build_us=4402 raster_us=7636 total_us=14539
bench-scenario-start s3-create1k
bench-scenario-end s3-create1k
flutter-perf raw n=13 build_us=19537 raster_us=8322 total_us=30391
bench-scenario-start s3-create10k
bench-scenario-end s3-create10k
flutter-perf raw n=14 build_us=19809 raster_us=8918 total_us=30745
bench-scenario-start s3-update
bench-scenario-end s3-update
flutter-perf raw n=15 build_us=3027 raster_us=8668 total_us=14176
bench-scenario-start s3-swap
bench-scenario-end s3-swap
flutter-perf raw n=16 build_us=8317 raster_us=8621 total_us=19322
bench-scenario-start s3-clear
bench-scenario-end s3-clear
flutter-perf raw n=17 build_us=4402 raster_us=7412 total_us=13918
bench-scenario-start s3-create1k
bench-scenario-end s3-create1k
flutter-perf raw n=18 build_us=22058 raster_us=7097 total_us=31293
bench-scenario-start s3-create10k
bench-scenario-end s3-create10k
flutter-perf raw n=19 build_us=15836 raster_us=8699 total_us=26314
bench-scenario-start s3-update
bench-scenario-end s3-update
flutter-perf raw n=20 build_us=8402 raster_us=8955 total_us=20019
bench-scenario-start s3-swap
bench-scenario-end s3-swap
flutter-perf raw n=21 build_us=7382 raster_us=8490 total_us=17832
bench-scenario-start s3-clear
bench-scenario-end s3-clear
flutter-perf raw n=22 build_us=4304 raster_us=7577 total_us=14220
bench-scenario-start s3-create1k
bench-scenario-end s3-create1k
flutter-perf raw n=23 build_us=23075 raster_us=8164 total_us=33729
bench-scenario-start s3-create10k
bench-scenario-end s3-create10k
flutter-perf raw n=24 build_us=20997 raster_us=8480 total_us=31189
bench-scenario-start s3-update
bench-scenario-end s3-update
flutter-perf raw n=25 build_us=7703 raster_us=8910 total_us=18863
bench-scenario-start s3-swap
bench-scenario-end s3-swap
flutter-perf raw n=26 build_us=7767 raster_us=8382 total_us=19285
bench-scenario-start s3-clear
bench-scenario-end s3-clear
flutter-perf raw n=27 build_us=4289 raster_us=7489 total_us=14236
bench-scenario-start s3-create1k
bench-scenario-end s3-create1k
flutter-perf raw n=28 build_us=20896 raster_us=8169 total_us=31373
bench-scenario-start s3-create10k
bench-scenario-end s3-create10k
flutter-perf raw n=29 build_us=16632 raster_us=8393 total_us=26601
bench-scenario-start s3-update
bench-scenario-end s3-update
flutter-perf raw n=30 build_us=8134 raster_us=8543 total_us=19721
bench-scenario-start s3-swap
bench-scenario-end s3-swap
flutter-perf raw n=31 build_us=7633 raster_us=8802 total_us=18616
bench-scenario-start s3-clear
bench-scenario-end s3-clear
flutter-perf raw n=32 build_us=4271 raster_us=7459 total_us=14681
bench-scenario-start s3-create1k
bench-scenario-end s3-create1k
flutter-perf raw n=33 build_us=22518 raster_us=8251 total_us=33212
bench-scenario-start s3-create10k
bench-scenario-end s3-create10k
flutter-perf raw n=34 build_us=9710 raster_us=7656 total_us=18599
bench-scenario-start s3-update
bench-scenario-end s3-update
flutter-perf raw n=35 build_us=2735 raster_us=8488 total_us=13874
bench-scenario-start s3-swap
bench-scenario-end s3-swap
flutter-perf raw n=36 build_us=2548 raster_us=8693 total_us=13816
bench-scenario-start s3-clear
bench-scenario-end s3-clear
flutter-perf raw n=37 build_us=4204 raster_us=7398 total_us=13935
bench-scenario-start s3-create1k
bench-scenario-end s3-create1k
flutter-perf raw n=38 build_us=20696 raster_us=8165 total_us=31455
bench-scenario-start s3-create10k
bench-scenario-end s3-create10k
flutter-perf raw n=39 build_us=15455 raster_us=8591 total_us=25629
bench-scenario-start s3-update
bench-scenario-end s3-update
flutter-perf raw n=40 build_us=2891 raster_us=8810 total_us=13295
bench-scenario-start s3-swap
bench-scenario-end s3-swap
flutter-perf raw n=41 build_us=7624 raster_us=8674 total_us=18811
bench-scenario-start s3-clear
bench-scenario-end s3-clear
flutter-perf raw n=42 build_us=4001 raster_us=7635 total_us=13921
bench-scenario-start s3-create1k
bench-scenario-end s3-create1k
flutter-perf raw n=43 build_us=22887 raster_us=8318 total_us=33223
bench-scenario-start s3-create10k
bench-scenario-end s3-create10k
flutter-perf raw n=44 build_us=20808 raster_us=8695 total_us=31507
bench-scenario-start s3-update
bench-scenario-end s3-update
flutter-perf raw n=45 build_us=7896 raster_us=8671 total_us=18828
bench-scenario-start s3-swap
bench-scenario-end s3-swap
flutter-perf raw n=46 build_us=6586 raster_us=8480 total_us=17680
bench-scenario-start s3-clear
bench-scenario-end s3-clear
flutter-perf raw n=47 build_us=4325 raster_us=7419 total_us=14067
bench-scenario-start s3-create1k
bench-scenario-end s3-create1k
flutter-perf raw n=48 build_us=20606 raster_us=8402 total_us=31472
bench-scenario-start s3-create10k
bench-scenario-end s3-create10k
flutter-perf raw n=49 build_us=20035 raster_us=8864 total_us=30602
bench-scenario-start s3-update
bench-scenario-end s3-update
flutter-perf raw n=50 build_us=8280 raster_us=8863 total_us=19198
bench-scenario-start s3-swap
bench-scenario-end s3-swap
flutter-perf raw n=51 build_us=7987 raster_us=7441 total_us=18001
bench-scenario-start s3-clear
bench-scenario-end s3-clear
flutter-perf raw n=52 build_us=3392 raster_us=7546 total_us=13516
bench-scenario-start s3-create1k
bench-scenario-end s3-create1k
flutter-perf raw n=53 build_us=22812 raster_us=8397 total_us=33259
bench-scenario-start s3-create10k
bench-scenario-end s3-create10k
flutter-perf raw n=54 build_us=14982 raster_us=8366 total_us=25133
bench-scenario-start s3-update
bench-scenario-end s3-update
flutter-perf raw n=55 build_us=2907 raster_us=8673 total_us=13857
bench-scenario-start s3-swap
bench-scenario-end s3-swap
flutter-perf raw n=56 build_us=2609 raster_us=7774 total_us=12699
bench-scenario-start s3-clear
bench-scenario-end s3-clear
flutter-perf raw n=57 build_us=4268 raster_us=7271 total_us=13904
bench-scenario-start s3-create1k
bench-scenario-end s3-create1k
flutter-perf raw n=58 build_us=20415 raster_us=8287 total_us=30584
bench-scenario-start s3-create10k
bench-scenario-end s3-create10k
flutter-perf raw n=59 build_us=16735 raster_us=8691 total_us=26978
bench-scenario-start s3-update
bench-scenario-end s3-update
flutter-perf raw n=60 build_us=2844 raster_us=8474 total_us=13953
bench-scenario-start s3-swap
bench-scenario-end s3-swap
flutter-perf raw n=61 build_us=7894 raster_us=8547 total_us=19021
bench-scenario-start s3-clear
bench-scenario-end s3-clear
flutter-perf raw n=62 build_us=4050 raster_us=7619 total_us=13817
bench-scenario-start s3-create1k
bench-scenario-end s3-create1k
flutter-perf raw n=63 build_us=22795 raster_us=8282 total_us=33261
bench-scenario-start s3-create10k
bench-scenario-end s3-create10k
flutter-perf raw n=64 build_us=15530 raster_us=8247 total_us=25363
bench-scenario-start s3-update
bench-scenario-end s3-update
flutter-perf raw n=65 build_us=8537 raster_us=8677 total_us=20068
bench-scenario-start s3-swap
bench-scenario-end s3-swap
flutter-perf raw n=66 build_us=7982 raster_us=8686 total_us=19150
bench-scenario-start s3-clear
bench-scenario-end s3-clear
flutter-perf raw n=67 build_us=4418 raster_us=7307 total_us=14207
bench-scenario-start s3-create1k
bench-scenario-end s3-create1k
flutter-perf raw n=68 build_us=20377 raster_us=8725 total_us=31252
bench-scenario-start s3-create10k
bench-scenario-end s3-create10k
flutter-perf raw n=69 build_us=16530 raster_us=7992 total_us=26013
bench-scenario-start s3-update
bench-scenario-end s3-update
flutter-perf raw n=70 build_us=8337 raster_us=8744 total_us=19758
bench-scenario-start s3-swap
bench-scenario-end s3-swap
flutter-perf raw n=71 build_us=7510 raster_us=8763 total_us=18767
bench-scenario-start s3-clear
bench-scenario-end s3-clear
flutter-perf raw n=72 build_us=4496 raster_us=7458 total_us=15068
bench-scenario-start s3-create1k
bench-scenario-end s3-create1k
flutter-perf raw n=73 build_us=22050 raster_us=8271 total_us=32780
bench-scenario-start s3-create10k
bench-scenario-end s3-create10k
flutter-perf raw n=74 build_us=16735 raster_us=8702 total_us=27282
bench-scenario-start s3-update
bench-scenario-end s3-update
flutter-perf raw n=75 build_us=2708 raster_us=9015 total_us=14438
bench-scenario-start s3-swap
bench-scenario-end s3-swap
flutter-perf raw n=76 build_us=2558 raster_us=8823 total_us=13618
bench-scenario-start s3-clear
bench-scenario-end s3-clear
flutter-perf raw n=77 build_us=4226 raster_us=7267 total_us=13516
bench-scenario-start s3-create1k
bench-scenario-end s3-create1k
flutter-perf raw n=78 build_us=23242 raster_us=8223 total_us=33929
bench-scenario-start s3-create10k
bench-scenario-end s3-create10k
flutter-perf raw n=79 build_us=15645 raster_us=8480 total_us=26085
bench-scenario-start s3-update
bench-scenario-end s3-update
flutter-perf raw n=80 build_us=2820 raster_us=8992 total_us=15059
bench-scenario-start s3-swap
bench-scenario-end s3-swap
flutter-perf raw n=81 build_us=2468 raster_us=8611 total_us=13648
bench-scenario-start s3-clear
bench-scenario-end s3-clear
flutter-perf raw n=82 build_us=4203 raster_us=7360 total_us=13953
bench-scenario-start s3-create1k
bench-scenario-end s3-create1k
flutter-perf raw n=83 build_us=22128 raster_us=8180 total_us=33193
bench-scenario-start s3-create10k
bench-scenario-end s3-create10k
flutter-perf raw n=84 build_us=14953 raster_us=8414 total_us=25234
bench-scenario-start s3-update
bench-scenario-end s3-update
flutter-perf raw n=85 build_us=8107 raster_us=8683 total_us=18907
bench-scenario-start s3-swap
bench-scenario-end s3-swap
flutter-perf raw n=86 build_us=7835 raster_us=8606 total_us=18852
bench-scenario-start s3-clear
bench-scenario-end s3-clear
flutter-perf raw n=87 build_us=4100 raster_us=7710 total_us=14923
bench-scenario-start s3-create1k
bench-scenario-end s3-create1k
flutter-perf raw n=88 build_us=23241 raster_us=8047 total_us=33652
bench-scenario-start s3-create10k
bench-scenario-end s3-create10k
flutter-perf raw n=89 build_us=15219 raster_us=8400 total_us=25271
bench-scenario-start s3-update
bench-scenario-end s3-update
flutter-perf raw n=90 build_us=8396 raster_us=8392 total_us=19167
bench-scenario-start s3-swap
bench-scenario-end s3-swap
flutter-perf raw n=91 build_us=7878 raster_us=8765 total_us=19553
bench-scenario-start s3-clear
bench-scenario-end s3-clear
flutter-perf raw n=92 build_us=4263 raster_us=7386 total_us=14751
bench-scenario-start s3-create1k
bench-scenario-end s3-create1k
flutter-perf raw n=93 build_us=20390 raster_us=8682 total_us=30897
