bench-scenario-start s3
bench-scenario-start s3-create1k
bench-scenario-end s3-create1k
flutter-perf raw n=3 build_us=4 raster_us=11258 total_us=11757
flutter-perf raw n=4 build_us=9366 raster_us=7689 total_us=21915
bench-scenario-start s3-create10k
bench-scenario-end s3-create10k
flutter-perf raw n=5 build_us=732 raster_us=1812 total_us=3262
bench-scenario-start s3-update
bench-scenario-end s3-update
flutter-perf raw n=6 build_us=3455 raster_us=4439 total_us=10242
bench-scenario-start s3-swap
bench-scenario-end s3-swap
flutter-perf raw n=7 build_us=3063 raster_us=9836 total_us=14075
bench-scenario-start s3-clear
bench-scenario-end s3-clear
flutter-perf raw n=8 build_us=4169 raster_us=7405 total_us=13696
bench-scenario-start s3-create1k
bench-scenario-end s3-create1k
flutter-perf raw n=9 build_us=24944 raster_us=8460 total_us=35343
bench-scenario-start s3-create10k
bench-scenario-end s3-create10k
flutter-perf raw n=10 build_us=21813 raster_us=9108 total_us=32929
bench-scenario-start s3-update
bench-scenario-end s3-update
flutter-perf raw n=11 build_us=2977 raster_us=8549 total_us=12946
bench-scenario-start s3-swap
bench-scenario-end s3-swap
flutter-perf raw n=12 build_us=7993 raster_us=8561 total_us=19142
bench-scenario-start s3-clear
bench-scenario-end s3-clear
flutter-perf raw n=13 build_us=4414 raster_us=7464 total_us=14985
bench-scenario-start s3-create1k
bench-scenario-end s3-create1k
flutter-perf raw n=14 build_us=19634 raster_us=8445 total_us=30517
bench-scenario-start s3-create10k
bench-scenario-end s3-create10k
flutter-perf raw n=15 build_us=21096 raster_us=8789 total_us=31991
bench-scenario-start s3-update
bench-scenario-end s3-update
flutter-perf raw n=16 build_us=3087 raster_us=8552 total_us=13076
bench-scenario-start s3-swap
bench-scenario-end s3-swap
flutter-perf raw n=17 build_us=8743 raster_us=8597 total_us=19664
bench-scenario-start s3-clear
bench-scenario-end s3-clear
flutter-perf raw n=18 build_us=4422 raster_us=7470 total_us=14533
bench-scenario-start s3-create1k
bench-scenario-end s3-create1k
flutter-perf raw n=19 build_us=13250 raster_us=8387 total_us=23036
bench-scenario-start s3-create10k
bench-scenario-end s3-create10k
flutter-perf raw n=20 build_us=17322 raster_us=8737 total_us=28014
bench-scenario-start s3-update
bench-scenario-end s3-update
flutter-perf raw n=21 build_us=8620 raster_us=8774 total_us=19678
bench-scenario-start s3-swap
bench-scenario-end s3-swap
flutter-perf raw n=22 build_us=7925 raster_us=8610 total_us=19331
bench-scenario-start s3-clear
bench-scenario-end s3-clear
flutter-perf raw n=23 build_us=4400 raster_us=7411 total_us=14897
bench-scenario-start s3-create1k
bench-scenario-end s3-create1k
flutter-perf raw n=24 build_us=21548 raster_us=8452 total_us=32536
bench-scenario-start s3-create10k
bench-scenario-end s3-create10k
flutter-perf raw n=25 build_us=14947 raster_us=8128 total_us=24585
bench-scenario-start s3-update
bench-scenario-end s3-update
flutter-perf raw n=26 build_us=9436 raster_us=8565 total_us=20599
bench-scenario-start s3-swap
bench-scenario-end s3-swap
flutter-perf raw n=27 build_us=8079 raster_us=8323 total_us=19241
bench-scenario-start s3-clear
bench-scenario-end s3-clear
flutter-perf raw n=28 build_us=3024 raster_us=7393 total_us=12295
bench-scenario-start s3-create1k
bench-scenario-end s3-create1k
flutter-perf raw n=29 build_us=24165 raster_us=8416 total_us=34640
bench-scenario-start s3-create10k
bench-scenario-end s3-create10k
flutter-perf raw n=30 build_us=21135 raster_us=8836 total_us=31969
bench-scenario-start s3-update
bench-scenario-end s3-update
flutter-perf raw n=31 build_us=7901 raster_us=8518 total_us=18504
bench-scenario-start s3-swap
bench-scenario-end s3-swap
flutter-perf raw n=32 build_us=8024 raster_us=8790 total_us=19803
bench-scenario-start s3-clear
bench-scenario-end s3-clear
flutter-perf raw n=33 build_us=4459 raster_us=7374 total_us=14376
bench-scenario-start s3-create1k
bench-scenario-end s3-create1k
flutter-perf raw n=34 build_us=21620 raster_us=8378 total_us=31917
bench-scenario-start s3-create10k
bench-scenario-end s3-create10k
flutter-perf raw n=35 build_us=16561 raster_us=8474 total_us=26837
bench-scenario-start s3-update
bench-scenario-end s3-update
flutter-perf raw n=36 build_us=8694 raster_us=8741 total_us=20289
bench-scenario-start s3-swap
bench-scenario-end s3-swap
flutter-perf raw n=37 build_us=8104 raster_us=8847 total_us=20063
bench-scenario-start s3-clear
bench-scenario-end s3-clear
flutter-perf raw n=38 build_us=4295 raster_us=7434 total_us=14545
bench-scenario-start s3-create1k
bench-scenario-end s3-create1k
flutter-perf raw n=39 build_us=23603 raster_us=8282 total_us=34330
bench-scenario-start s3-create10k
bench-scenario-end s3-create10k
flutter-perf raw n=40 build_us=20858 raster_us=8516 total_us=31418
bench-scenario-start s3-update
bench-scenario-end s3-update
flutter-perf raw n=41 build_us=8305 raster_us=8763 total_us=20123
bench-scenario-start s3-swap
bench-scenario-end s3-swap
flutter-perf raw n=42 build_us=7961 raster_us=8659 total_us=19125
bench-scenario-start s3-clear
bench-scenario-end s3-clear
flutter-perf raw n=43 build_us=4627 raster_us=7329 total_us=14722
bench-scenario-start s3-create1k
bench-scenario-end s3-create1k
flutter-perf raw n=44 build_us=20730 raster_us=8091 total_us=30829
bench-scenario-start s3-create10k
bench-scenario-end s3-create10k
flutter-perf raw n=45 build_us=17139 raster_us=8621 total_us=27757
bench-scenario-start s3-update
bench-scenario-end s3-update
flutter-perf raw n=46 build_us=9022 raster_us=8554 total_us=19915
bench-scenario-start s3-swap
bench-scenario-end s3-swap
flutter-perf raw n=47 build_us=7568 raster_us=8627 total_us=18609
bench-scenario-start s3-clear
bench-scenario-end s3-clear
flutter-perf raw n=48 build_us=4239 raster_us=7462 total_us=14573
bench-scenario-start s3-create1k
bench-scenario-end s3-create1k
flutter-perf raw n=49 build_us=22487 raster_us=7786 total_us=32366
bench-scenario-start s3-create10k
bench-scenario-end s3-create10k
flutter-perf raw n=50 build_us=15131 raster_us=7948 total_us=24743
bench-scenario-start s3-update
bench-scenario-end s3-update
flutter-perf raw n=51 build_us=8998 raster_us=8828 total_us=20743
bench-scenario-start s3-swap
bench-scenario-end s3-swap
flutter-perf raw n=52 build_us=8123 raster_us=7123 total_us=17827
bench-scenario-start s3-clear
bench-scenario-end s3-clear
flutter-perf raw n=53 build_us=1558 raster_us=7946 total_us=12657
bench-scenario-start s3-create1k
bench-scenario-end s3-create1k
flutter-perf raw n=54 build_us=23523 raster_us=8595 total_us=34320
bench-scenario-start s3-create10k
bench-scenario-end s3-create10k
flutter-perf raw n=55 build_us=14822 raster_us=8592 total_us=24876
bench-scenario-start s3-update
bench-scenario-end s3-update
flutter-perf raw n=56 build_us=2937 raster_us=8858 total_us=14438
bench-scenario-start s3-swap
bench-scenario-end s3-swap
flutter-perf raw n=57 build_us=2511 raster_us=8688 total_us=13652
bench-scenario-start s3-clear
bench-scenario-end s3-clear
flutter-perf raw n=58 build_us=4305 raster_us=7512 total_us=13952
bench-scenario-start s3-create1k
bench-scenario-end s3-create1k
flutter-perf raw n=59 build_us=22069 raster_us=8569 total_us=33436
bench-scenario-start s3-create10k
bench-scenario-end s3-create10k
flutter-perf raw n=60 build_us=14358 raster_us=8314 total_us=24337
bench-scenario-start s3-update
bench-scenario-end s3-update
flutter-perf raw n=61 build_us=7666 raster_us=8436 total_us=18082
bench-scenario-start s3-swap
bench-scenario-end s3-swap
flutter-perf raw n=62 build_us=8266 raster_us=8818 total_us=19867
bench-scenario-start s3-clear
bench-scenario-end s3-clear
flutter-perf raw n=63 build_us=4257 raster_us=7362 total_us=14079
bench-scenario-start s3-create1k
bench-scenario-end s3-create1k
flutter-perf raw n=64 build_us=23175 raster_us=8195 total_us=33614
bench-scenario-start s3-create10k
bench-scenario-end s3-create10k
flutter-perf raw n=65 build_us=22171 raster_us=8325 total_us=32786
bench-scenario-start s3-update
bench-scenario-end s3-update
flutter-perf raw n=66 build_us=8318 raster_us=8528 total_us=18996
bench-scenario-start s3-swap
bench-scenario-end s3-swap
flutter-perf raw n=67 build_us=7583 raster_us=8792 total_us=18472
bench-scenario-start s3-clear
bench-scenario-end s3-clear
flutter-perf raw n=68 build_us=4034 raster_us=7427 total_us=14058
bench-scenario-start s3-create1k
bench-scenario-end s3-create1k
flutter-perf raw n=69 build_us=22082 raster_us=8049 total_us=31987
bench-scenario-start s3-create10k
bench-scenario-end s3-create10k
flutter-perf raw n=70 build_us=15121 raster_us=8389 total_us=25082
bench-scenario-start s3-update
bench-scenario-end s3-update
flutter-perf raw n=71 build_us=8536 raster_us=8527 total_us=19882
bench-scenario-start s3-swap
bench-scenario-end s3-swap
flutter-perf raw n=72 build_us=7863 raster_us=8724 total_us=18683
bench-scenario-start s3-clear
bench-scenario-end s3-clear
flutter-perf raw n=73 build_us=4179 raster_us=7443 total_us=14109
bench-scenario-start s3-create1k
bench-scenario-end s3-create1k
flutter-perf raw n=74 build_us=23376 raster_us=8338 total_us=34670
bench-scenario-start s3-create10k
bench-scenario-end s3-create10k
flutter-perf raw n=75 build_us=21330 raster_us=8705 total_us=31637
bench-scenario-start s3-update
bench-scenario-end s3-update
flutter-perf raw n=76 build_us=2783 raster_us=8550 total_us=13602
bench-scenario-start s3-swap
bench-scenario-end s3-swap
flutter-perf raw n=77 build_us=2654 raster_us=8894 total_us=14264
bench-scenario-start s3-clear
bench-scenario-end s3-clear
flutter-perf raw n=78 build_us=4283 raster_us=7352 total_us=13666
bench-scenario-start s3-create1k
bench-scenario-end s3-create1k
flutter-perf raw n=79 build_us=21372 raster_us=8410 total_us=31964
bench-scenario-start s3-create10k
bench-scenario-end s3-create10k
flutter-perf raw n=80 build_us=15574 raster_us=8465 total_us=25742
bench-scenario-start s3-update
bench-scenario-end s3-update
flutter-perf raw n=81 build_us=3101 raster_us=8686 total_us=14225
bench-scenario-start s3-swap
bench-scenario-end s3-swap
flutter-perf raw n=82 build_us=2714 raster_us=8525 total_us=13787
bench-scenario-start s3-clear
bench-scenario-end s3-clear
flutter-perf raw n=83 build_us=4332 raster_us=7519 total_us=14540
bench-scenario-start s3-create1k
bench-scenario-end s3-create1k
flutter-perf raw n=84 build_us=23600 raster_us=8429 total_us=34206
bench-scenario-start s3-create10k
bench-scenario-end s3-create10k
flutter-perf raw n=85 build_us=21371 raster_us=8695 total_us=32047
bench-scenario-start s3-update
bench-scenario-end s3-update
flutter-perf raw n=86 build_us=8078 raster_us=8835 total_us=19170
bench-scenario-start s3-swap
bench-scenario-end s3-swap
flutter-perf raw n=87 build_us=8109 raster_us=8485 total_us=19428
bench-scenario-start s3-clear
bench-scenario-end s3-clear
flutter-perf raw n=88 build_us=3064 raster_us=7463 total_us=12757
bench-scenario-start s3-create1k
bench-scenario-end s3-create1k
flutter-perf raw n=89 build_us=21192 raster_us=8229 total_us=32276
bench-scenario-start s3-create10k
bench-scenario-end s3-create10k
flutter-perf raw n=90 build_us=17614 raster_us=8702 total_us=28336
bench-scenario-start s3-update
bench-scenario-end s3-update
flutter-perf raw n=91 build_us=8208 raster_us=8598 total_us=19715
bench-scenario-start s3-swap
bench-scenario-end s3-swap
flutter-perf raw n=92 build_us=8162 raster_us=8938 total_us=19482
bench-scenario-start s3-clear
bench-scenario-end s3-clear
flutter-perf raw n=93 build_us=4140 raster_us=7884 total_us=14275
bench-scenario-start s3-create1k
bench-scenario-end s3-create1k
flutter-perf raw n=94 build_us=23239 raster_us=8195 total_us=33571
