bench-scenario-start s3
bench-scenario-start s3-create1k
bench-scenario-end s3-create1k
flutter-perf raw n=2 build_us=3 raster_us=10952 total_us=11009
flutter-perf raw n=3 build_us=11346 raster_us=8032 total_us=22445
bench-scenario-start s3-create10k
bench-scenario-end s3-create10k
flutter-perf raw n=4 build_us=732 raster_us=2035 total_us=3194
bench-scenario-start s3-update
bench-scenario-end s3-update
flutter-perf raw n=5 build_us=3356 raster_us=3982 total_us=8338
bench-scenario-start s3-swap
bench-scenario-end s3-swap
flutter-perf raw n=6 build_us=3216 raster_us=10130 total_us=16185
bench-scenario-start s3-clear
bench-scenario-end s3-clear
flutter-perf raw n=7 build_us=4466 raster_us=7467 total_us=14327
bench-scenario-start s3-create1k
bench-scenario-end s3-create1k
flutter-perf raw n=8 build_us=26799 raster_us=8309 total_us=36644
bench-scenario-start s3-create10k
bench-scenario-end s3-create10k
flutter-perf raw n=9 build_us=22692 raster_us=8772 total_us=33367
bench-scenario-start s3-update
bench-scenario-end s3-update
flutter-perf raw n=10 build_us=2670 raster_us=8787 total_us=12865
bench-scenario-start s3-swap
bench-scenario-end s3-swap
flutter-perf raw n=11 build_us=7999 raster_us=8437 total_us=18606
bench-scenario-start s3-clear
bench-scenario-end s3-clear
flutter-perf raw n=12 build_us=4181 raster_us=7699 total_us=14134
bench-scenario-start s3-create1k
bench-scenario-end s3-create1k
flutter-perf raw n=13 build_us=19514 raster_us=8203 total_us=30288
bench-scenario-start s3-create10k
bench-scenario-end s3-create10k
flutter-perf raw n=14 build_us=20263 raster_us=8942 total_us=30742
bench-scenario-start s3-update
bench-scenario-end s3-update
flutter-perf raw n=15 build_us=8097 raster_us=8456 total_us=18692
bench-scenario-start s3-swap
bench-scenario-end s3-swap
flutter-perf raw n=16 build_us=7989 raster_us=8529 total_us=19322
bench-scenario-start s3-clear
bench-scenario-end s3-clear
flutter-perf raw n=17 build_us=4587 raster_us=7767 total_us=14730
bench-scenario-start s3-create1k
bench-scenario-end s3-create1k
flutter-perf raw n=18 build_us=20787 raster_us=8155 total_us=31658
bench-scenario-start s3-create10k
bench-scenario-end s3-create10k
flutter-perf raw n=19 build_us=16227 raster_us=8792 total_us=26881
bench-scenario-start s3-update
bench-scenario-end s3-update
flutter-perf raw n=20 build_us=9146 raster_us=8690 total_us=20271
bench-scenario-start s3-swap
bench-scenario-end s3-swap
flutter-perf raw n=21 build_us=2533 raster_us=8891 total_us=14129
bench-scenario-start s3-clear
bench-scenario-end s3-clear
flutter-perf raw n=22 build_us=3790 raster_us=7416 total_us=13812
bench-scenario-start s3-create1k
bench-scenario-end s3-create1k
flutter-perf raw n=23 build_us=22765 raster_us=8018 total_us=32961
bench-scenario-start s3-create10k
bench-scenario-end s3-create10k
flutter-perf raw n=24 build_us=21181 raster_us=8333 total_us=31404
bench-scenario-start s3-update
bench-scenario-end s3-update
flutter-perf raw n=25 build_us=8392 raster_us=8753 total_us=19415
bench-scenario-start s3-swap
bench-scenario-end s3-swap
flutter-perf raw n=26 build_us=7920 raster_us=8412 total_us=18776
bench-scenario-start s3-clear
bench-scenario-end s3-clear
flutter-perf raw n=27 build_us=4375 raster_us=7565 total_us=14849
bench-scenario-start s3-create1k
bench-scenario-end s3-create1k
flutter-perf raw n=28 build_us=20056 raster_us=8149 total_us=30489
bench-scenario-start s3-create10k
bench-scenario-end s3-create10k
flutter-perf raw n=29 build_us=16049 raster_us=8660 total_us=26278
bench-scenario-start s3-update
bench-scenario-end s3-update
flutter-perf raw n=30 build_us=9344 raster_us=8710 total_us=20370
bench-scenario-start s3-swap
bench-scenario-end s3-swap
flutter-perf raw n=31 build_us=8070 raster_us=8583 total_us=19194
bench-scenario-start s3-clear
bench-scenario-end s3-clear
flutter-perf raw n=32 build_us=4338 raster_us=7488 total_us=14267
bench-scenario-start s3-create1k
bench-scenario-end s3-create1k
flutter-perf raw n=33 build_us=22969 raster_us=8333 total_us=33542
bench-scenario-start s3-create10k
bench-scenario-end s3-create10k
flutter-perf raw n=34 build_us=20798 raster_us=8567 total_us=31437
bench-scenario-start s3-update
bench-scenario-end s3-update
flutter-perf raw n=35 build_us=8604 raster_us=8874 total_us=19382
bench-scenario-start s3-swap
bench-scenario-end s3-swap
flutter-perf raw n=36 build_us=8709 raster_us=8841 total_us=19941
bench-scenario-start s3-clear
bench-scenario-end s3-clear
flutter-perf raw n=37 build_us=5026 raster_us=7335 total_us=15071
bench-scenario-start s3-create1k
bench-scenario-end s3-create1k
flutter-perf raw n=38 build_us=20573 raster_us=8088 total_us=30622
bench-scenario-start s3-create10k
bench-scenario-end s3-create10k
flutter-perf raw n=39 build_us=18867 raster_us=8722 total_us=29592
bench-scenario-start s3-update
bench-scenario-end s3-update
flutter-perf raw n=40 build_us=8102 raster_us=8665 total_us=18914
bench-scenario-start s3-swap
bench-scenario-end s3-swap
flutter-perf raw n=41 build_us=8037 raster_us=8636 total_us=19301
bench-scenario-start s3-clear
bench-scenario-end s3-clear
flutter-perf raw n=42 build_us=4675 raster_us=7581 total_us=14690
bench-scenario-start s3-create1k
bench-scenario-end s3-create1k
flutter-perf raw n=43 build_us=22408 raster_us=8052 total_us=32628
bench-scenario-start s3-create10k
bench-scenario-end s3-create10k
flutter-perf raw n=44 build_us=15118 raster_us=7075 total_us=23888
bench-scenario-start s3-update
bench-scenario-end s3-update
flutter-perf raw n=45 build_us=8069 raster_us=8460 total_us=18806
bench-scenario-start s3-swap
bench-scenario-end s3-swap
flutter-perf raw n=46 build_us=8163 raster_us=9116 total_us=19727
bench-scenario-start s3-clear
bench-scenario-end s3-clear
flutter-perf raw n=47 build_us=4718 raster_us=7469 total_us=14622
bench-scenario-start s3-create1k
bench-scenario-end s3-create1k
flutter-perf raw n=48 build_us=23488 raster_us=8279 total_us=34395
bench-scenario-start s3-create10k
bench-scenario-end s3-create10k
flutter-perf raw n=49 build_us=21545 raster_us=8727 total_us=31993
bench-scenario-start s3-update
bench-scenario-end s3-update
flutter-perf raw n=50 build_us=7923 raster_us=8948 total_us=19181
bench-scenario-start s3-swap
bench-scenario-end s3-swap
flutter-perf raw n=51 build_us=7795 raster_us=6362 total_us=16501
bench-scenario-start s3-clear
bench-scenario-end s3-clear
flutter-perf raw n=52 build_us=3597 raster_us=7635 total_us=13622
bench-scenario-start s3-create1k
bench-scenario-end s3-create1k
flutter-perf raw n=53 build_us=21816 raster_us=8218 total_us=32463
bench-scenario-start s3-create10k
bench-scenario-end s3-create10k
flutter-perf raw n=54 build_us=15606 raster_us=8795 total_us=25978
bench-scenario-start s3-update
bench-scenario-end s3-update
flutter-perf raw n=55 build_us=8906 raster_us=9081 total_us=20697
bench-scenario-start s3-swap
bench-scenario-end s3-swap
flutter-perf raw n=56 build_us=7871 raster_us=8518 total_us=18605
bench-scenario-start s3-clear
bench-scenario-end s3-clear
flutter-perf raw n=57 build_us=4212 raster_us=7738 total_us=14972
bench-scenario-start s3-create1k
bench-scenario-end s3-create1k
flutter-perf raw n=58 build_us=21828 raster_us=8327 total_us=32307
bench-scenario-start s3-create10k
bench-scenario-end s3-create10k
flutter-perf raw n=59 build_us=16975 raster_us=8916 total_us=27771
bench-scenario-start s3-update
bench-scenario-end s3-update
flutter-perf raw n=60 build_us=8115 raster_us=8459 total_us=18657
bench-scenario-start s3-swap
bench-scenario-end s3-swap
flutter-perf raw n=61 build_us=7909 raster_us=8697 total_us=19730
bench-scenario-start s3-clear
bench-scenario-end s3-clear
flutter-perf raw n=62 build_us=4358 raster_us=7622 total_us=14520
bench-scenario-start s3-create1k
bench-scenario-end s3-create1k
flutter-perf raw n=63 build_us=20951 raster_us=8252 total_us=31658
bench-scenario-start s3-create10k
bench-scenario-end s3-create10k
flutter-perf raw n=64 build_us=16047 raster_us=8775 total_us=26548
bench-scenario-start s3-update
bench-scenario-end s3-update
flutter-perf raw n=65 build_us=8993 raster_us=8665 total_us=20426
bench-scenario-start s3-swap
bench-scenario-end s3-swap
flutter-perf raw n=66 build_us=7643 raster_us=8657 total_us=18994
bench-scenario-start s3-clear
bench-scenario-end s3-clear
flutter-perf raw n=67 build_us=4107 raster_us=7498 total_us=13602
bench-scenario-start s3-create1k
bench-scenario-end s3-create1k
flutter-perf raw n=68 build_us=23068 raster_us=8144 total_us=34003
bench-scenario-start s3-create10k
bench-scenario-end s3-create10k
flutter-perf raw n=69 build_us=20924 raster_us=8672 total_us=31748
bench-scenario-start s3-update
bench-scenario-end s3-update
flutter-perf raw n=70 build_us=7765 raster_us=8876 total_us=18636
bench-scenario-start s3-swap
bench-scenario-end s3-swap
flutter-perf raw n=71 build_us=7927 raster_us=8302 total_us=19360
bench-scenario-start s3-clear
bench-scenario-end s3-clear
flutter-perf raw n=72 build_us=4345 raster_us=7489 total_us=14252
bench-scenario-start s3-create1k
bench-scenario-end s3-create1k
flutter-perf raw n=73 build_us=20865 raster_us=8247 total_us=31619
bench-scenario-start s3-create10k
bench-scenario-end s3-create10k
flutter-perf raw n=74 build_us=16058 raster_us=8856 total_us=26480
bench-scenario-start s3-update
bench-scenario-end s3-update
flutter-perf raw n=75 build_us=3003 raster_us=8647 total_us=14361
bench-scenario-start s3-swap
bench-scenario-end s3-swap
flutter-perf raw n=76 build_us=2391 raster_us=8904 total_us=14553
bench-scenario-start s3-clear
bench-scenario-end s3-clear
flutter-perf raw n=77 build_us=4261 raster_us=7537 total_us=13989
bench-scenario-start s3-create1k
bench-scenario-end s3-create1k
flutter-perf raw n=78 build_us=22800 raster_us=8385 total_us=33451
bench-scenario-start s3-create10k
bench-scenario-end s3-create10k
flutter-perf raw n=79 build_us=15905 raster_us=8251 total_us=25740
bench-scenario-start s3-update
bench-scenario-end s3-update
flutter-perf raw n=80 build_us=2532 raster_us=8269 total_us=11920
bench-scenario-start s3-swap
bench-scenario-end s3-swap
flutter-perf raw n=81 build_us=2582 raster_us=9004 total_us=14203
bench-scenario-start s3-clear
bench-scenario-end s3-clear
flutter-perf raw n=82 build_us=4317 raster_us=7423 total_us=14059
bench-scenario-start s3-create1k
bench-scenario-end s3-create1k
flutter-perf raw n=83 build_us=21497 raster_us=8560 total_us=32181
bench-scenario-start s3-create10k
bench-scenario-end s3-create10k
flutter-perf raw n=84 build_us=15556 raster_us=8617 total_us=25757
bench-scenario-start s3-update
bench-scenario-end s3-update
flutter-perf raw n=85 build_us=8107 raster_us=8540 total_us=18924
bench-scenario-start s3-swap
bench-scenario-end s3-swap
flutter-perf raw n=86 build_us=7749 raster_us=8535 total_us=19054
bench-scenario-start s3-clear
bench-scenario-end s3-clear
flutter-perf raw n=87 build_us=4351 raster_us=7576 total_us=14550
bench-scenario-start s3-create1k
bench-scenario-end s3-create1k
flutter-perf raw n=88 build_us=23002 raster_us=8391 total_us=33920
bench-scenario-start s3-create10k
bench-scenario-end s3-create10k
flutter-perf raw n=89 build_us=20270 raster_us=8703 total_us=31304
bench-scenario-start s3-update
bench-scenario-end s3-update
flutter-perf raw n=90 build_us=8227 raster_us=8863 total_us=19811
bench-scenario-start s3-swap
bench-scenario-end s3-swap
flutter-perf raw n=91 build_us=7925 raster_us=8513 total_us=18990
bench-scenario-start s3-clear
bench-scenario-end s3-clear
flutter-perf raw n=92 build_us=4324 raster_us=7519 total_us=14295
bench-scenario-start s3-create1k
bench-scenario-end s3-create1k
