bench-scenario-start s3
bench-scenario-start s3-create1k
bench-scenario-end s3-create1k
flutter-perf raw n=5 build_us=177 raster_us=11725 total_us=10152
bench-scenario-start s3-create10k
bench-scenario-end s3-create10k
flutter-perf raw n=7 build_us=3809 raster_us=3753 total_us=7821
flutter-perf raw n=9 build_us=214 raster_us=3046 total_us=-265
bench-scenario-start s3-update
bench-scenario-end s3-update
flutter-perf raw n=11 build_us=4452 raster_us=2033 total_us=3021
bench-scenario-start s3-swap
bench-scenario-end s3-swap
flutter-perf raw n=13 build_us=3386 raster_us=2385 total_us=2357
bench-scenario-start s3-clear
bench-scenario-end s3-clear
flutter-perf raw n=15 build_us=1377 raster_us=973 total_us=-880
bench-scenario-start s3-create1k
bench-scenario-end s3-create1k
flutter-perf raw n=17 build_us=11883 raster_us=1730 total_us=10322
bench-scenario-start s3-create10k
bench-scenario-end s3-create10k
flutter-perf raw n=19 build_us=6795 raster_us=1142 total_us=4499
bench-scenario-start s3-update
bench-scenario-end s3-update
flutter-perf raw n=21 build_us=2934 raster_us=1798 total_us=1310
bench-scenario-start s3-swap
bench-scenario-end s3-swap
flutter-perf raw n=23 build_us=3005 raster_us=1802 total_us=1373
bench-scenario-start s3-clear
bench-scenario-end s3-clear
flutter-perf raw n=25 build_us=1413 raster_us=1019 total_us=-993
bench-scenario-start s3-create1k
bench-scenario-end s3-create1k
flutter-perf raw n=27 build_us=9655 raster_us=1346 total_us=7649
bench-scenario-start s3-create10k
bench-scenario-end s3-create10k
flutter-perf raw n=29 build_us=6507 raster_us=1195 total_us=4277
bench-scenario-start s3-update
bench-scenario-end s3-update
flutter-perf raw n=31 build_us=3286 raster_us=1895 total_us=1794
bench-scenario-start s3-swap
bench-scenario-end s3-swap
flutter-perf raw n=33 build_us=2638 raster_us=1637 total_us=851
bench-scenario-start s3-clear
bench-scenario-end s3-clear
flutter-perf raw n=35 build_us=1371 raster_us=994 total_us=-1072
bench-scenario-start s3-create1k
bench-scenario-end s3-create1k
flutter-perf raw n=37 build_us=8083 raster_us=1065 total_us=5741
bench-scenario-start s3-create10k
bench-scenario-end s3-create10k
flutter-perf raw n=39 build_us=7235 raster_us=1143 total_us=4997
bench-scenario-start s3-update
bench-scenario-end s3-update
flutter-perf raw n=41 build_us=2885 raster_us=1496 total_us=1001
bench-scenario-start s3-swap
bench-scenario-end s3-swap
flutter-perf raw n=43 build_us=2862 raster_us=1784 total_us=1234
bench-scenario-start s3-clear
bench-scenario-end s3-clear
flutter-perf raw n=45 build_us=1247 raster_us=914 total_us=-1268
bench-scenario-start s3-create1k
bench-scenario-end s3-create1k
flutter-perf raw n=47 build_us=11116 raster_us=1258 total_us=8955
bench-scenario-start s3-create10k
bench-scenario-end s3-create10k
flutter-perf raw n=49 build_us=6952 raster_us=1106 total_us=4580
bench-scenario-start s3-update
bench-scenario-end s3-update
flutter-perf raw n=51 build_us=3116 raster_us=1935 total_us=1721
bench-scenario-start s3-swap
bench-scenario-end s3-swap
flutter-perf raw n=53 build_us=2844 raster_us=1864 total_us=1433
bench-scenario-start s3-clear
bench-scenario-end s3-clear
flutter-perf raw n=55 build_us=1466 raster_us=1004 total_us=-745
bench-scenario-start s3-create1k
bench-scenario-end s3-create1k
flutter-perf raw n=57 build_us=11528 raster_us=1240 total_us=9369
bench-scenario-start s3-create10k
bench-scenario-end s3-create10k
flutter-perf raw n=59 build_us=6897 raster_us=1158 total_us=4533
bench-scenario-start s3-update
bench-scenario-end s3-update
flutter-perf raw n=61 build_us=3160 raster_us=1880 total_us=1609
bench-scenario-start s3-swap
bench-scenario-end s3-swap
flutter-perf raw n=63 build_us=2909 raster_us=1838 total_us=1426
bench-scenario-start s3-clear
bench-scenario-end s3-clear
flutter-perf raw n=65 build_us=1413 raster_us=1024 total_us=-883
bench-scenario-start s3-create1k
bench-scenario-end s3-create1k
flutter-perf raw n=67 build_us=10212 raster_us=1325 total_us=8241
bench-scenario-start s3-create10k
bench-scenario-end s3-create10k
flutter-perf raw n=69 build_us=7698 raster_us=1334 total_us=5673
bench-scenario-start s3-update
bench-scenario-end s3-update
flutter-perf raw n=71 build_us=3082 raster_us=1822 total_us=1495
bench-scenario-start s3-swap
bench-scenario-end s3-swap
flutter-perf raw n=73 build_us=2883 raster_us=1751 total_us=1233
bench-scenario-start s3-clear
bench-scenario-end s3-clear
flutter-perf raw n=75 build_us=1483 raster_us=958 total_us=-875
bench-scenario-start s3-create1k
bench-scenario-end s3-create1k
flutter-perf raw n=77 build_us=10326 raster_us=1291 total_us=8352
bench-scenario-start s3-create10k
bench-scenario-end s3-create10k
flutter-perf raw n=79 build_us=7788 raster_us=1333 total_us=5730
bench-scenario-start s3-update
bench-scenario-end s3-update
flutter-perf raw n=81 build_us=3299 raster_us=1759 total_us=1656
bench-scenario-start s3-swap
bench-scenario-end s3-swap
flutter-perf raw n=83 build_us=2688 raster_us=1692 total_us=1020
bench-scenario-start s3-clear
bench-scenario-end s3-clear
flutter-perf raw n=85 build_us=1500 raster_us=960 total_us=-918
bench-scenario-start s3-create1k
bench-scenario-end s3-create1k
flutter-perf raw n=87 build_us=8939 raster_us=1310 total_us=6895
bench-scenario-start s3-create10k
bench-scenario-end s3-create10k
flutter-perf raw n=89 build_us=7790 raster_us=1341 total_us=5831
bench-scenario-start s3-update
bench-scenario-end s3-update
flutter-perf raw n=91 build_us=2932 raster_us=1330 total_us=942
bench-scenario-start s3-swap
bench-scenario-end s3-swap
flutter-perf raw n=93 build_us=2917 raster_us=1870 total_us=1348
bench-scenario-start s3-clear
bench-scenario-end s3-clear
flutter-perf raw n=95 build_us=1470 raster_us=915 total_us=-1018
bench-scenario-start s3-create1k
bench-scenario-end s3-create1k
flutter-perf raw n=97 build_us=6747 raster_us=1054 total_us=4320
bench-scenario-start s3-create10k
bench-scenario-end s3-create10k
flutter-perf raw n=99 build_us=5284 raster_us=981 total_us=4342
bench-scenario-start s3-update
bench-scenario-end s3-update
flutter-perf raw n=101 build_us=3108 raster_us=1812 total_us=1637
bench-scenario-start s3-swap
bench-scenario-end s3-swap
flutter-perf raw n=103 build_us=3114 raster_us=1857 total_us=1550
bench-scenario-start s3-clear
bench-scenario-end s3-clear
flutter-perf raw n=105 build_us=1027 raster_us=654 total_us=-1796
bench-scenario-start s3-create1k
bench-scenario-end s3-create1k
flutter-perf raw n=107 build_us=6078 raster_us=1061 total_us=3611
bench-scenario-start s3-create10k
bench-scenario-end s3-create10k
flutter-perf raw n=109 build_us=9356 raster_us=1168 total_us=7125
bench-scenario-start s3-update
bench-scenario-end s3-update
flutter-perf raw n=111 build_us=2977 raster_us=1779 total_us=1402
bench-scenario-start s3-swap
bench-scenario-end s3-swap
flutter-perf raw n=113 build_us=1565 raster_us=968 total_us=-964
bench-scenario-start s3-clear
bench-scenario-end s3-clear
flutter-perf raw n=115 build_us=1484 raster_us=1018 total_us=-882
bench-scenario-start s3-create1k
bench-scenario-end s3-create1k
flutter-perf raw n=117 build_us=10515 raster_us=1322 total_us=8369
bench-scenario-start s3-create10k
bench-scenario-end s3-create10k
flutter-perf raw n=119 build_us=4267 raster_us=876 total_us=2922
bench-scenario-start s3-update
bench-scenario-end s3-update
flutter-perf raw n=121 build_us=3069 raster_us=1738 total_us=1406
bench-scenario-start s3-swap
bench-scenario-end s3-swap
flutter-perf raw n=123 build_us=3044 raster_us=1824 total_us=1592
bench-scenario-start s3-clear
bench-scenario-end s3-clear
flutter-perf raw n=125 build_us=1497 raster_us=970 total_us=-876
bench-scenario-start s3-create1k
bench-scenario-end s3-create1k
flutter-perf raw n=127 build_us=11359 raster_us=1305 total_us=9284
bench-scenario-start s3-create10k
bench-scenario-end s3-create10k
flutter-perf raw n=129 build_us=6783 raster_us=1064 total_us=4334
bench-scenario-start s3-update
bench-scenario-end s3-update
flutter-perf raw n=131 build_us=3094 raster_us=1770 total_us=1442
bench-scenario-start s3-swap
bench-scenario-end s3-swap
flutter-perf raw n=133 build_us=2680 raster_us=1655 total_us=957
bench-scenario-start s3-clear
bench-scenario-end s3-clear
flutter-perf raw n=135 build_us=1469 raster_us=979 total_us=-914
bench-scenario-start s3-create1k
bench-scenario-end s3-create1k
flutter-perf raw n=137 build_us=9821 raster_us=1299 total_us=7817
bench-scenario-start s3-create10k
bench-scenario-end s3-create10k
flutter-perf raw n=139 build_us=4160 raster_us=899 total_us=1608
bench-scenario-start s3-update
bench-scenario-end s3-update
flutter-perf raw n=141 build_us=3026 raster_us=1822 total_us=1456
bench-scenario-start s3-swap
bench-scenario-end s3-swap
flutter-perf raw n=143 build_us=3083 raster_us=1771 total_us=1452
bench-scenario-start s3-clear
bench-scenario-end s3-clear
flutter-perf raw n=145 build_us=1407 raster_us=853 total_us=-1194
bench-scenario-start s3-create1k
bench-scenario-end s3-create1k
flutter-perf raw n=147 build_us=11259 raster_us=1299 total_us=9184
bench-scenario-start s3-create10k
bench-scenario-end s3-create10k
flutter-perf raw n=149 build_us=6754 raster_us=1155 total_us=4472
