bench-scenario-start s3
bench-scenario-start s3-create1k
bench-scenario-end s3-create1k
flutter-perf raw n=3 build_us=101 raster_us=9079 total_us=9490
bench-scenario-start s3-create10k
bench-scenario-end s3-create10k
flutter-perf raw n=4 build_us=2676 raster_us=3347 total_us=8587
flutter-perf raw n=5 build_us=232 raster_us=3737 total_us=4215
bench-scenario-start s3-update
bench-scenario-end s3-update
flutter-perf raw n=6 build_us=4215 raster_us=1564 total_us=6095
bench-scenario-start s3-swap
bench-scenario-end s3-swap
flutter-perf raw n=7 build_us=3413 raster_us=2559 total_us=6367
bench-scenario-start s3-clear
bench-scenario-end s3-clear
flutter-perf raw n=8 build_us=966 raster_us=641 total_us=1854
bench-scenario-start s3-create1k
bench-scenario-end s3-create1k
flutter-perf raw n=9 build_us=14875 raster_us=1829 total_us=17102
bench-scenario-start s3-create10k
bench-scenario-end s3-create10k
flutter-perf raw n=10 build_us=7052 raster_us=1471 total_us=8931
bench-scenario-start s3-update
bench-scenario-end s3-update
flutter-perf raw n=11 build_us=3111 raster_us=1476 total_us=5044
bench-scenario-start s3-swap
bench-scenario-end s3-swap
flutter-perf raw n=12 build_us=2950 raster_us=1860 total_us=5182
bench-scenario-start s3-clear
bench-scenario-end s3-clear
flutter-perf raw n=13 build_us=1283 raster_us=904 total_us=2579
bench-scenario-start s3-create1k
bench-scenario-end s3-create1k
flutter-perf raw n=14 build_us=8873 raster_us=1365 total_us=10698
bench-scenario-start s3-create10k
bench-scenario-end s3-create10k
flutter-perf raw n=15 build_us=6466 raster_us=1175 total_us=7974
bench-scenario-start s3-update
bench-scenario-end s3-update
flutter-perf raw n=16 build_us=3189 raster_us=1963 total_us=5587
bench-scenario-start s3-swap
bench-scenario-end s3-swap
flutter-perf raw n=17 build_us=2875 raster_us=1958 total_us=5317
bench-scenario-start s3-clear
bench-scenario-end s3-clear
flutter-perf raw n=18 build_us=1388 raster_us=938 total_us=2749
bench-scenario-start s3-create1k
bench-scenario-end s3-create1k
flutter-perf raw n=19 build_us=8492 raster_us=1359 total_us=10333
bench-scenario-start s3-create10k
bench-scenario-end s3-create10k
flutter-perf raw n=20 build_us=6995 raster_us=1286 total_us=8561
bench-scenario-start s3-update
bench-scenario-end s3-update
flutter-perf raw n=21 build_us=2986 raster_us=1905 total_us=5361
bench-scenario-start s3-swap
bench-scenario-end s3-swap
flutter-perf raw n=22 build_us=2878 raster_us=2045 total_us=5294
bench-scenario-start s3-clear
bench-scenario-end s3-clear
flutter-perf raw n=23 build_us=1468 raster_us=1156 total_us=3048
bench-scenario-start s3-create1k
bench-scenario-end s3-create1k
flutter-perf raw n=24 build_us=11312 raster_us=1468 total_us=13186
bench-scenario-start s3-create10k
bench-scenario-end s3-create10k
flutter-perf raw n=25 build_us=4456 raster_us=992 total_us=5780
bench-scenario-start s3-update
bench-scenario-end s3-update
flutter-perf raw n=26 build_us=3129 raster_us=1830 total_us=5372
bench-scenario-start s3-swap
bench-scenario-end s3-swap
flutter-perf raw n=27 build_us=3287 raster_us=1953 total_us=5724
bench-scenario-start s3-clear
bench-scenario-end s3-clear
flutter-perf raw n=28 build_us=1514 raster_us=966 total_us=2891
bench-scenario-start s3-create1k
bench-scenario-end s3-create1k
flutter-perf raw n=29 build_us=11198 raster_us=1418 total_us=12978
bench-scenario-start s3-create10k
bench-scenario-end s3-create10k
flutter-perf raw n=30 build_us=7011 raster_us=1227 total_us=8539
bench-scenario-start s3-update
bench-scenario-end s3-update
flutter-perf raw n=31 build_us=3520 raster_us=2101 total_us=6335
bench-scenario-start s3-swap
bench-scenario-end s3-swap
flutter-perf raw n=32 build_us=2853 raster_us=1971 total_us=5297
bench-scenario-start s3-clear
bench-scenario-end s3-clear
flutter-perf raw n=33 build_us=1545 raster_us=938 total_us=2945
bench-scenario-start s3-create1k
bench-scenario-end s3-create1k
flutter-perf raw n=34 build_us=11827 raster_us=1461 total_us=13729
bench-scenario-start s3-create10k
bench-scenario-end s3-create10k
flutter-perf raw n=35 build_us=7041 raster_us=1422 total_us=8817
bench-scenario-start s3-update
bench-scenario-end s3-update
flutter-perf raw n=36 build_us=1778 raster_us=998 total_us=2951
bench-scenario-start s3-swap
bench-scenario-end s3-swap
flutter-perf raw n=37 build_us=3004 raster_us=2004 total_us=5445
bench-scenario-start s3-clear
bench-scenario-end s3-clear
flutter-perf raw n=38 build_us=1506 raster_us=892 total_us=2808
bench-scenario-start s3-create1k
bench-scenario-end s3-create1k
flutter-perf raw n=39 build_us=10983 raster_us=1492 total_us=12888
bench-scenario-start s3-create10k
bench-scenario-end s3-create10k
flutter-perf raw n=40 build_us=6490 raster_us=1149 total_us=7935
bench-scenario-start s3-update
bench-scenario-end s3-update
flutter-perf raw n=41 build_us=3213 raster_us=2016 total_us=5655
bench-scenario-start s3-swap
bench-scenario-end s3-swap
flutter-perf raw n=42 build_us=2662 raster_us=1951 total_us=5023
bench-scenario-start s3-clear
bench-scenario-end s3-clear
flutter-perf raw n=43 build_us=1434 raster_us=1009 total_us=2803
bench-scenario-start s3-create1k
bench-scenario-end s3-create1k
flutter-perf raw n=44 build_us=8989 raster_us=1256 total_us=10637
bench-scenario-start s3-create10k
bench-scenario-end s3-create10k
flutter-perf raw n=45 build_us=8614 raster_us=1506 total_us=10471
bench-scenario-start s3-update
bench-scenario-end s3-update
flutter-perf raw n=46 build_us=3381 raster_us=1966 total_us=5877
bench-scenario-start s3-swap
bench-scenario-end s3-swap
flutter-perf raw n=47 build_us=2935 raster_us=2007 total_us=5362
bench-scenario-start s3-clear
bench-scenario-end s3-clear
flutter-perf raw n=48 build_us=1468 raster_us=945 total_us=2822
bench-scenario-start s3-create1k
bench-scenario-end s3-create1k
flutter-perf raw n=49 build_us=11071 raster_us=1428 total_us=12919
bench-scenario-start s3-create10k
bench-scenario-end s3-create10k
flutter-perf raw n=50 build_us=6713 raster_us=1183 total_us=8259
bench-scenario-start s3-update
bench-scenario-end s3-update
flutter-perf raw n=51 build_us=3147 raster_us=1816 total_us=5308
bench-scenario-start s3-swap
bench-scenario-end s3-swap
flutter-perf raw n=52 build_us=1799 raster_us=1788 total_us=3840
bench-scenario-start s3-clear
bench-scenario-end s3-clear
flutter-perf raw n=53 build_us=1523 raster_us=967 total_us=2871
bench-scenario-start s3-create1k
bench-scenario-end s3-create1k
flutter-perf raw n=54 build_us=10186 raster_us=1377 total_us=11997
bench-scenario-start s3-create10k
bench-scenario-end s3-create10k
flutter-perf raw n=55 build_us=8659 raster_us=1452 total_us=10622
bench-scenario-start s3-update
bench-scenario-end s3-update
flutter-perf raw n=56 build_us=3150 raster_us=1913 total_us=5513
bench-scenario-start s3-swap
bench-scenario-end s3-swap
flutter-perf raw n=57 build_us=3073 raster_us=2090 total_us=5605
bench-scenario-start s3-clear
bench-scenario-end s3-clear
flutter-perf raw n=58 build_us=1462 raster_us=954 total_us=2803
bench-scenario-start s3-create1k
bench-scenario-end s3-create1k
flutter-perf raw n=59 build_us=10350 raster_us=1463 total_us=12265
bench-scenario-start s3-create10k
bench-scenario-end s3-create10k
flutter-perf raw n=60 build_us=8894 raster_us=1370 total_us=10635
bench-scenario-start s3-update
bench-scenario-end s3-update
flutter-perf raw n=61 build_us=3135 raster_us=1986 total_us=5691
bench-scenario-start s3-swap
bench-scenario-end s3-swap
flutter-perf raw n=62 build_us=2854 raster_us=1961 total_us=5215
bench-scenario-start s3-clear
bench-scenario-end s3-clear
flutter-perf raw n=63 build_us=1501 raster_us=959 total_us=2901
bench-scenario-start s3-create1k
bench-scenario-end s3-create1k
flutter-perf raw n=64 build_us=11182 raster_us=1392 total_us=12931
bench-scenario-start s3-create10k
bench-scenario-end s3-create10k
flutter-perf raw n=65 build_us=7443 raster_us=1254 total_us=8944
bench-scenario-start s3-update
bench-scenario-end s3-update
flutter-perf raw n=66 build_us=3104 raster_us=1881 total_us=5359
bench-scenario-start s3-swap
bench-scenario-end s3-swap
flutter-perf raw n=67 build_us=3151 raster_us=1769 total_us=5377
bench-scenario-start s3-clear
bench-scenario-end s3-clear
flutter-perf raw n=68 build_us=1450 raster_us=1046 total_us=2966
bench-scenario-start s3-create1k
bench-scenario-end s3-create1k
flutter-perf raw n=69 build_us=11019 raster_us=1454 total_us=12921
bench-scenario-start s3-create10k
bench-scenario-end s3-create10k
flutter-perf raw n=70 build_us=8095 raster_us=1494 total_us=9999
bench-scenario-start s3-update
bench-scenario-end s3-update
flutter-perf raw n=71 build_us=3138 raster_us=1875 total_us=5429
bench-scenario-start s3-swap
bench-scenario-end s3-swap
flutter-perf raw n=72 build_us=2850 raster_us=1959 total_us=5254
bench-scenario-start s3-clear
bench-scenario-end s3-clear
flutter-perf raw n=73 build_us=1523 raster_us=939 total_us=2922
bench-scenario-start s3-create1k
bench-scenario-end s3-create1k
flutter-perf raw n=74 build_us=11767 raster_us=1524 total_us=13738
bench-scenario-start s3-create10k
bench-scenario-end s3-create10k
flutter-perf raw n=75 build_us=6503 raster_us=1273 total_us=8081
bench-scenario-start s3-update
bench-scenario-end s3-update
flutter-perf raw n=76 build_us=3369 raster_us=1870 total_us=5676
bench-scenario-start s3-swap
bench-scenario-end s3-swap
flutter-perf raw n=77 build_us=1688 raster_us=1083 total_us=3057
bench-scenario-start s3-clear
bench-scenario-end s3-clear
flutter-perf raw n=78 build_us=1439 raster_us=941 total_us=2803
bench-scenario-start s3-create1k
bench-scenario-end s3-create1k
flutter-perf raw n=79 build_us=11195 raster_us=1444 total_us=12987
bench-scenario-start s3-create10k
bench-scenario-end s3-create10k
flutter-perf raw n=80 build_us=7027 raster_us=1485 total_us=8823
bench-scenario-start s3-update
bench-scenario-end s3-update
flutter-perf raw n=81 build_us=3244 raster_us=2036 total_us=5736
bench-scenario-start s3-swap
bench-scenario-end s3-swap
flutter-perf raw n=82 build_us=2935 raster_us=2025 total_us=5371
bench-scenario-start s3-clear
bench-scenario-end s3-clear
flutter-perf raw n=83 build_us=1514 raster_us=969 total_us=2881
bench-scenario-start s3-create1k
bench-scenario-end s3-create1k
flutter-perf raw n=84 build_us=11100 raster_us=1396 total_us=12892
bench-scenario-start s3-create10k
bench-scenario-end s3-create10k
flutter-perf raw n=85 build_us=6797 raster_us=1329 total_us=8431
bench-scenario-start s3-update
bench-scenario-end s3-update
flutter-perf raw n=86 build_us=3285 raster_us=1870 total_us=5577
bench-scenario-start s3-swap
bench-scenario-end s3-swap
flutter-perf raw n=87 build_us=2996 raster_us=1955 total_us=5381
bench-scenario-start s3-clear
bench-scenario-end s3-clear
flutter-perf raw n=88 build_us=1479 raster_us=935 total_us=2845
bench-scenario-start s3-create1k
bench-scenario-end s3-create1k
flutter-perf raw n=89 build_us=11163 raster_us=1648 total_us=13232
bench-scenario-start s3-create10k
bench-scenario-end s3-create10k
flutter-perf raw n=90 build_us=7605 raster_us=1308 total_us=9317
bench-scenario-start s3-update
bench-scenario-end s3-update
flutter-perf raw n=91 build_us=3352 raster_us=1891 total_us=5711
bench-scenario-start s3-swap
bench-scenario-end s3-swap
flutter-perf raw n=92 build_us=2719 raster_us=1909 total_us=5085
bench-scenario-start s3-clear
bench-scenario-end s3-clear
flutter-perf raw n=93 build_us=1407 raster_us=933 total_us=2730
bench-scenario-start s3-create1k
bench-scenario-end s3-create1k
flutter-perf raw n=94 build_us=10488 raster_us=1385 total_us=12266
bench-scenario-start s3-create10k
bench-scenario-end s3-create10k
flutter-perf raw n=95 build_us=6474 raster_us=1225 total_us=8035
bench-scenario-start s3-update
bench-scenario-end s3-update
flutter-perf raw n=96 build_us=2500 raster_us=1477 total_us=4310
bench-scenario-start s3-swap
bench-scenario-end s3-swap
flutter-perf raw n=97 build_us=2641 raster_us=1756 total_us=4756
bench-scenario-start s3-clear
bench-scenario-end s3-clear
flutter-perf raw n=98 build_us=1425 raster_us=1003 total_us=2830
bench-scenario-start s3-create1k
bench-scenario-end s3-create1k
flutter-perf raw n=99 build_us=10247 raster_us=1291 total_us=11913
bench-scenario-start s3-create10k
bench-scenario-end s3-create10k
flutter-perf raw n=100 build_us=9847 raster_us=1532 total_us=11947
bench-scenario-start s3-update
bench-scenario-end s3-update
flutter-perf raw n=101 build_us=3273 raster_us=1744 total_us=5515
bench-scenario-start s3-swap
bench-scenario-end s3-swap
flutter-perf raw n=102 build_us=2936 raster_us=1924 total_us=5254
bench-scenario-start s3-clear
bench-scenario-end s3-clear
flutter-perf raw n=103 build_us=1496 raster_us=1020 total_us=2922
bench-scenario-start s3-create1k
bench-scenario-end s3-create1k
flutter-perf raw n=104 build_us=10040 raster_us=1399 total_us=11849
bench-scenario-start s3-create10k
bench-scenario-end s3-create10k
flutter-perf raw n=105 build_us=6266 raster_us=1113 total_us=7694
bench-scenario-start s3-update
bench-scenario-end s3-update
flutter-perf raw n=106 build_us=3490 raster_us=1823 total_us=5816
bench-scenario-start s3-swap
bench-scenario-end s3-swap
flutter-perf raw n=107 build_us=3053 raster_us=1922 total_us=5419
bench-scenario-start s3-clear
bench-scenario-end s3-clear
flutter-perf raw n=108 build_us=1506 raster_us=898 total_us=2842
bench-scenario-start s3-create1k
bench-scenario-end s3-create1k
flutter-perf raw n=109 build_us=4626 raster_us=887 total_us=5799
bench-scenario-start s3-create10k
bench-scenario-end s3-create10k
flutter-perf raw n=110 build_us=5721 raster_us=1090 total_us=7045
