bench-scenario-start s3
bench-scenario-start s3-create1k
bench-scenario-end s3-create1k
flutter-perf raw n=3 build_us=136 raster_us=11448 total_us=11730
bench-scenario-start s3-create10k
bench-scenario-end s3-create10k
flutter-perf raw n=4 build_us=2713 raster_us=2510 total_us=5486
flutter-perf raw n=5 build_us=212 raster_us=2332 total_us=2688
bench-scenario-start s3-update
bench-scenario-end s3-update
flutter-perf raw n=6 build_us=4082 raster_us=3205 total_us=7673
bench-scenario-start s3-swap
bench-scenario-end s3-swap
flutter-perf raw n=7 build_us=3525 raster_us=1480 total_us=5483
bench-scenario-start s3-clear
bench-scenario-end s3-clear
flutter-perf raw n=8 build_us=1407 raster_us=949 total_us=2776
bench-scenario-start s3-create1k
bench-scenario-end s3-create1k
flutter-perf raw n=9 build_us=11785 raster_us=1940 total_us=14120
bench-scenario-start s3-create10k
bench-scenario-end s3-create10k
flutter-perf raw n=10 build_us=7318 raster_us=1190 total_us=8873
bench-scenario-start s3-update
bench-scenario-end s3-update
flutter-perf raw n=11 build_us=2899 raster_us=1913 total_us=5271
bench-scenario-start s3-swap
bench-scenario-end s3-swap
flutter-perf raw n=12 build_us=2961 raster_us=1594 total_us=4958
bench-scenario-start s3-clear
bench-scenario-end s3-clear
flutter-perf raw n=13 build_us=1464 raster_us=925 total_us=2801
bench-scenario-start s3-create1k
bench-scenario-end s3-create1k
flutter-perf raw n=14 build_us=10607 raster_us=1431 total_us=12420
bench-scenario-start s3-create10k
bench-scenario-end s3-create10k
flutter-perf raw n=15 build_us=6164 raster_us=1175 total_us=7626
bench-scenario-start s3-update
bench-scenario-end s3-update
flutter-perf raw n=16 build_us=3249 raster_us=1841 total_us=5494
bench-scenario-start s3-swap
bench-scenario-end s3-swap
flutter-perf raw n=17 build_us=3002 raster_us=1924 total_us=5351
bench-scenario-start s3-clear
bench-scenario-end s3-clear
flutter-perf raw n=18 build_us=1426 raster_us=1030 total_us=2851
bench-scenario-start s3-create1k
bench-scenario-end s3-create1k
flutter-perf raw n=19 build_us=10429 raster_us=1333 total_us=12191
bench-scenario-start s3-create10k
bench-scenario-end s3-create10k
flutter-perf raw n=20 build_us=7191 raster_us=1193 total_us=8674
bench-scenario-start s3-update
bench-scenario-end s3-update
flutter-perf raw n=21 build_us=3067 raster_us=1893 total_us=5409
bench-scenario-start s3-swap
bench-scenario-end s3-swap
flutter-perf raw n=22 build_us=3002 raster_us=1973 total_us=5386
bench-scenario-start s3-clear
bench-scenario-end s3-clear
flutter-perf raw n=23 build_us=1492 raster_us=873 total_us=2760
bench-scenario-start s3-create1k
bench-scenario-end s3-create1k
flutter-perf raw n=24 build_us=11076 raster_us=1303 total_us=12749
bench-scenario-start s3-create10k
bench-scenario-end s3-create10k
flutter-perf raw n=25 build_us=7063 raster_us=1209 total_us=8586
bench-scenario-start s3-update
bench-scenario-end s3-update
flutter-perf raw n=26 build_us=3026 raster_us=1884 total_us=5273
bench-scenario-start s3-swap
bench-scenario-end s3-swap
flutter-perf raw n=27 build_us=1585 raster_us=893 total_us=2677
bench-scenario-start s3-clear
bench-scenario-end s3-clear
flutter-perf raw n=28 build_us=1457 raster_us=851 total_us=2653
bench-scenario-start s3-create1k
bench-scenario-end s3-create1k
flutter-perf raw n=29 build_us=10374 raster_us=1381 total_us=12084
bench-scenario-start s3-create10k
bench-scenario-end s3-create10k
flutter-perf raw n=30 build_us=7176 raster_us=1403 total_us=8898
bench-scenario-start s3-update
bench-scenario-end s3-update
flutter-perf raw n=31 build_us=3185 raster_us=1953 total_us=5569
bench-scenario-start s3-swap
bench-scenario-end s3-swap
flutter-perf raw n=32 build_us=2897 raster_us=1770 total_us=5125
bench-scenario-start s3-clear
bench-scenario-end s3-clear
flutter-perf raw n=33 build_us=1400 raster_us=794 total_us=2627
bench-scenario-start s3-create1k
bench-scenario-end s3-create1k
flutter-perf raw n=34 build_us=11010 raster_us=1292 total_us=12650
bench-scenario-start s3-create10k
bench-scenario-end s3-create10k
flutter-perf raw n=35 build_us=7122 raster_us=1341 total_us=8802
bench-scenario-start s3-update
bench-scenario-end s3-update
flutter-perf raw n=36 build_us=2876 raster_us=1383 total_us=4626
bench-scenario-start s3-swap
bench-scenario-end s3-swap
flutter-perf raw n=37 build_us=2327 raster_us=1618 total_us=4271
bench-scenario-start s3-clear
bench-scenario-end s3-clear
flutter-perf raw n=38 build_us=1466 raster_us=854 total_us=2747
bench-scenario-start s3-create1k
bench-scenario-end s3-create1k
flutter-perf raw n=39 build_us=10349 raster_us=1392 total_us=12190
bench-scenario-start s3-create10k
bench-scenario-end s3-create10k
flutter-perf raw n=40 build_us=6940 raster_us=1407 total_us=8692
bench-scenario-start s3-update
bench-scenario-end s3-update
flutter-perf raw n=41 build_us=3031 raster_us=1786 total_us=5199
bench-scenario-start s3-swap
bench-scenario-end s3-swap
flutter-perf raw n=42 build_us=2834 raster_us=1934 total_us=5135
bench-scenario-start s3-clear
bench-scenario-end s3-clear
flutter-perf raw n=43 build_us=1496 raster_us=936 total_us=2840
bench-scenario-start s3-create1k
bench-scenario-end s3-create1k
flutter-perf raw n=44 build_us=11708 raster_us=1359 total_us=13489
bench-scenario-start s3-create10k
bench-scenario-end s3-create10k
flutter-perf raw n=45 build_us=6794 raster_us=1193 total_us=8285
bench-scenario-start s3-update
bench-scenario-end s3-update
flutter-perf raw n=46 build_us=2945 raster_us=1891 total_us=5273
bench-scenario-start s3-swap
bench-scenario-end s3-swap
flutter-perf raw n=47 build_us=2876 raster_us=1806 total_us=5115
bench-scenario-start s3-clear
bench-scenario-end s3-clear
flutter-perf raw n=48 build_us=1355 raster_us=799 total_us=2582
bench-scenario-start s3-create1k
bench-scenario-end s3-create1k
flutter-perf raw n=49 build_us=11935 raster_us=1357 total_us=13712
bench-scenario-start s3-create10k
bench-scenario-end s3-create10k
flutter-perf raw n=50 build_us=7868 raster_us=1464 total_us=9666
bench-scenario-start s3-update
bench-scenario-end s3-update
flutter-perf raw n=51 build_us=3067 raster_us=1869 total_us=5277
bench-scenario-start s3-swap
bench-scenario-end s3-swap
flutter-perf raw n=52 build_us=2776 raster_us=1864 total_us=5060
bench-scenario-start s3-clear
bench-scenario-end s3-clear
flutter-perf raw n=53 build_us=1481 raster_us=911 total_us=2753
bench-scenario-start s3-create1k
bench-scenario-end s3-create1k
flutter-perf raw n=54 build_us=11215 raster_us=1429 total_us=13029
bench-scenario-start s3-create10k
bench-scenario-end s3-create10k
flutter-perf raw n=55 build_us=6731 raster_us=1126 total_us=8160
bench-scenario-start s3-update
bench-scenario-end s3-update
flutter-perf raw n=56 build_us=2972 raster_us=1942 total_us=5356
bench-scenario-start s3-swap
bench-scenario-end s3-swap
flutter-perf raw n=57 build_us=2929 raster_us=1725 total_us=5072
bench-scenario-start s3-clear
bench-scenario-end s3-clear
flutter-perf raw n=58 build_us=1406 raster_us=835 total_us=2648
bench-scenario-start s3-create1k
bench-scenario-end s3-create1k
flutter-perf raw n=59 build_us=10046 raster_us=1224 total_us=11660
bench-scenario-start s3-create10k
bench-scenario-end s3-create10k
flutter-perf raw n=60 build_us=6827 raster_us=1174 total_us=8335
bench-scenario-start s3-update
bench-scenario-end s3-update
flutter-perf raw n=61 build_us=3207 raster_us=1818 total_us=5434
bench-scenario-start s3-swap
bench-scenario-end s3-swap
flutter-perf raw n=62 build_us=2838 raster_us=1876 total_us=5125
bench-scenario-start s3-clear
bench-scenario-end s3-clear
flutter-perf raw n=63 build_us=1391 raster_us=837 total_us=2674
bench-scenario-start s3-create1k
bench-scenario-end s3-create1k
flutter-perf raw n=64 build_us=11302 raster_us=1322 total_us=13025
bench-scenario-start s3-create10k
bench-scenario-end s3-create10k
flutter-perf raw n=65 build_us=7148 raster_us=1478 total_us=8977
bench-scenario-start s3-update
bench-scenario-end s3-update
flutter-perf raw n=66 build_us=3115 raster_us=1916 total_us=5428
bench-scenario-start s3-swap
bench-scenario-end s3-swap
flutter-perf raw n=67 build_us=2988 raster_us=1969 total_us=5429
bench-scenario-start s3-clear
bench-scenario-end s3-clear
flutter-perf raw n=68 build_us=1416 raster_us=857 total_us=2710
bench-scenario-start s3-create1k
bench-scenario-end s3-create1k
flutter-perf raw n=69 build_us=11329 raster_us=1403 total_us=13109
bench-scenario-start s3-create10k
bench-scenario-end s3-create10k
flutter-perf raw n=70 build_us=7786 raster_us=1347 total_us=9495
bench-scenario-start s3-update
bench-scenario-end s3-update
flutter-perf raw n=71 build_us=3045 raster_us=1836 total_us=5287
bench-scenario-start s3-swap
bench-scenario-end s3-swap
flutter-perf raw n=72 build_us=2677 raster_us=1847 total_us=4925
bench-scenario-start s3-clear
bench-scenario-end s3-clear
flutter-perf raw n=73 build_us=1378 raster_us=854 total_us=2584
bench-scenario-start s3-create1k
bench-scenario-end s3-create1k
flutter-perf raw n=74 build_us=11224 raster_us=1325 total_us=12923
bench-scenario-start s3-create10k
bench-scenario-end s3-create10k
flutter-perf raw n=75 build_us=7204 raster_us=1395 total_us=8925
bench-scenario-start s3-update
bench-scenario-end s3-update
flutter-perf raw n=76 build_us=2906 raster_us=1872 total_us=5235
bench-scenario-start s3-swap
bench-scenario-end s3-swap
flutter-perf raw n=77 build_us=2990 raster_us=1956 total_us=5362
bench-scenario-start s3-clear
bench-scenario-end s3-clear
flutter-perf raw n=78 build_us=1364 raster_us=787 total_us=2513
bench-scenario-start s3-create1k
bench-scenario-end s3-create1k
flutter-perf raw n=79 build_us=10883 raster_us=1357 total_us=12625
bench-scenario-start s3-create10k
bench-scenario-end s3-create10k
flutter-perf raw n=80 build_us=6027 raster_us=1021 total_us=7290
bench-scenario-start s3-update
bench-scenario-end s3-update
flutter-perf raw n=81 build_us=3277 raster_us=1956 total_us=5669
bench-scenario-start s3-swap
bench-scenario-end s3-swap
flutter-perf raw n=82 build_us=2816 raster_us=1824 total_us=5000
bench-scenario-start s3-clear
bench-scenario-end s3-clear
flutter-perf raw n=83 build_us=1363 raster_us=794 total_us=2584
bench-scenario-start s3-create1k
bench-scenario-end s3-create1k
flutter-perf raw n=84 build_us=11311 raster_us=1401 total_us=13061
bench-scenario-start s3-create10k
bench-scenario-end s3-create10k
flutter-perf raw n=85 build_us=6733 raster_us=1162 total_us=8239
bench-scenario-start s3-update
bench-scenario-end s3-update
flutter-perf raw n=86 build_us=2975 raster_us=1911 total_us=5283
bench-scenario-start s3-swap
bench-scenario-end s3-swap
flutter-perf raw n=87 build_us=3188 raster_us=2060 total_us=5674
bench-scenario-start s3-clear
bench-scenario-end s3-clear
flutter-perf raw n=88 build_us=1416 raster_us=841 total_us=2638
bench-scenario-start s3-create1k
bench-scenario-end s3-create1k
flutter-perf raw n=89 build_us=11890 raster_us=1398 total_us=13713
bench-scenario-start s3-create10k
bench-scenario-end s3-create10k
flutter-perf raw n=90 build_us=7146 raster_us=1500 total_us=8972
bench-scenario-start s3-update
bench-scenario-end s3-update
flutter-perf raw n=91 build_us=3274 raster_us=1905 total_us=5582
bench-scenario-start s3-swap
bench-scenario-end s3-swap
flutter-perf raw n=92 build_us=2855 raster_us=1905 total_us=5195
bench-scenario-start s3-clear
bench-scenario-end s3-clear
flutter-perf raw n=93 build_us=1418 raster_us=828 total_us=2707
bench-scenario-start s3-create1k
bench-scenario-end s3-create1k
flutter-perf raw n=94 build_us=11080 raster_us=1297 total_us=12734
bench-scenario-start s3-create10k
bench-scenario-end s3-create10k
flutter-perf raw n=95 build_us=7143 raster_us=1457 total_us=8898
bench-scenario-start s3-update
bench-scenario-end s3-update
flutter-perf raw n=96 build_us=2916 raster_us=1872 total_us=5236
bench-scenario-start s3-swap
bench-scenario-end s3-swap
flutter-perf raw n=97 build_us=2908 raster_us=1876 total_us=5164
bench-scenario-start s3-clear
bench-scenario-end s3-clear
flutter-perf raw n=98 build_us=1442 raster_us=867 total_us=2709
bench-scenario-start s3-create1k
bench-scenario-end s3-create1k
flutter-perf raw n=99 build_us=4795 raster_us=893 total_us=5953
bench-scenario-start s3-create10k
bench-scenario-end s3-create10k
flutter-perf raw n=100 build_us=3928 raster_us=912 total_us=5117
