bench-scenario-start s3
bench-scenario-start s3-create1k
bench-scenario-end s3-create1k
flutter-perf raw n=5 build_us=186 raster_us=15621 total_us=12262
bench-scenario-start s3-create10k
bench-scenario-end s3-create10k
flutter-perf raw n=7 build_us=3167 raster_us=2952 total_us=2494
flutter-perf raw n=9 build_us=222 raster_us=2826 total_us=-408
bench-scenario-start s3-update
bench-scenario-end s3-update
flutter-perf raw n=11 build_us=2092 raster_us=1481 total_us=-37
bench-scenario-start s3-swap
bench-scenario-end s3-swap
flutter-perf raw n=13 build_us=3494 raster_us=2435 total_us=2541
bench-scenario-start s3-clear
bench-scenario-end s3-clear
flutter-perf raw n=15 build_us=1419 raster_us=869 total_us=-1147
bench-scenario-start s3-create1k
bench-scenario-end s3-create1k
flutter-perf raw n=17 build_us=7191 raster_us=1262 total_us=4845
bench-scenario-start s3-create10k
bench-scenario-end s3-create10k
flutter-perf raw n=19 build_us=4284 raster_us=925 total_us=5063
bench-scenario-start s3-update
bench-scenario-end s3-update
flutter-perf raw n=21 build_us=3235 raster_us=1783 total_us=1651
bench-scenario-start s3-swap
bench-scenario-end s3-swap
flutter-perf raw n=23 build_us=3011 raster_us=1795 total_us=1394
bench-scenario-start s3-clear
bench-scenario-end s3-clear
flutter-perf raw n=25 build_us=1429 raster_us=961 total_us=-1034
bench-scenario-start s3-create1k
bench-scenario-end s3-create1k
flutter-perf raw n=27 build_us=9876 raster_us=1379 total_us=7809
bench-scenario-start s3-create10k
bench-scenario-end s3-create10k
flutter-perf raw n=29 build_us=5739 raster_us=1078 total_us=3243
bench-scenario-start s3-update
bench-scenario-end s3-update
flutter-perf raw n=31 build_us=3035 raster_us=1813 total_us=1494
bench-scenario-start s3-swap
bench-scenario-end s3-swap
flutter-perf raw n=33 build_us=2878 raster_us=1864 total_us=1493
bench-scenario-start s3-clear
bench-scenario-end s3-clear
flutter-perf raw n=35 build_us=1400 raster_us=1180 total_us=-764
bench-scenario-start s3-create1k
bench-scenario-end s3-create1k
flutter-perf raw n=37 build_us=10902 raster_us=1244 total_us=8696
bench-scenario-start s3-create10k
bench-scenario-end s3-create10k
flutter-perf raw n=39 build_us=7812 raster_us=1216 total_us=5556
bench-scenario-start s3-update
bench-scenario-end s3-update
flutter-perf raw n=41 build_us=1623 raster_us=937 total_us=-1020
bench-scenario-start s3-swap
bench-scenario-end s3-swap
flutter-perf raw n=43 build_us=2872 raster_us=1856 total_us=1370
bench-scenario-start s3-clear
bench-scenario-end s3-clear
flutter-perf raw n=45 build_us=1487 raster_us=1024 total_us=-899
bench-scenario-start s3-create1k
bench-scenario-end s3-create1k
flutter-perf raw n=47 build_us=10230 raster_us=1364 total_us=8272
bench-scenario-start s3-create10k
bench-scenario-end s3-create10k
flutter-perf raw n=49 build_us=6344 raster_us=1119 total_us=3962
bench-scenario-start s3-update
bench-scenario-end s3-update
flutter-perf raw n=51 build_us=2786 raster_us=1783 total_us=1116
bench-scenario-start s3-swap
bench-scenario-end s3-swap
flutter-perf raw n=53 build_us=3008 raster_us=1773 total_us=1355
bench-scenario-start s3-clear
bench-scenario-end s3-clear
flutter-perf raw n=55 build_us=1454 raster_us=953 total_us=-1024
bench-scenario-start s3-create1k
bench-scenario-end s3-create1k
flutter-perf raw n=57 build_us=8888 raster_us=1304 total_us=6810
bench-scenario-start s3-create10k
bench-scenario-end s3-create10k
flutter-perf raw n=59 build_us=7454 raster_us=1123 total_us=5117
bench-scenario-start s3-update
bench-scenario-end s3-update
flutter-perf raw n=61 build_us=3123 raster_us=1776 total_us=1491
bench-scenario-start s3-swap
bench-scenario-end s3-swap
flutter-perf raw n=63 build_us=2826 raster_us=1712 total_us=1123
bench-scenario-start s3-clear
bench-scenario-end s3-clear
flutter-perf raw n=65 build_us=1444 raster_us=897 total_us=-1017
bench-scenario-start s3-create1k
bench-scenario-end s3-create1k
flutter-perf raw n=67 build_us=10485 raster_us=1366 total_us=8460
bench-scenario-start s3-create10k
bench-scenario-end s3-create10k
flutter-perf raw n=69 build_us=7826 raster_us=1401 total_us=5832
bench-scenario-start s3-update
bench-scenario-end s3-update
flutter-perf raw n=71 build_us=3140 raster_us=1786 total_us=1622
bench-scenario-start s3-swap
bench-scenario-end s3-swap
flutter-perf raw n=73 build_us=2175 raster_us=1488 total_us=98
bench-scenario-start s3-clear
bench-scenario-end s3-clear
flutter-perf raw n=75 build_us=1399 raster_us=818 total_us=-1209
bench-scenario-start s3-create1k
bench-scenario-end s3-create1k
flutter-perf raw n=77 build_us=8547 raster_us=958 total_us=6697
bench-scenario-start s3-create10k
bench-scenario-end s3-create10k
flutter-perf raw n=79 build_us=7506 raster_us=1279 total_us=5457
bench-scenario-start s3-update
bench-scenario-end s3-update
flutter-perf raw n=81 build_us=3124 raster_us=1911 total_us=1694
bench-scenario-start s3-swap
bench-scenario-end s3-swap
flutter-perf raw n=83 build_us=1882 raster_us=1178 total_us=-490
bench-scenario-start s3-clear
bench-scenario-end s3-clear
flutter-perf raw n=85 build_us=1478 raster_us=996 total_us=-842
bench-scenario-start s3-create1k
bench-scenario-end s3-create1k
flutter-perf raw n=87 build_us=11039 raster_us=1303 total_us=8894
bench-scenario-start s3-create10k
bench-scenario-end s3-create10k
flutter-perf raw n=89 build_us=6998 raster_us=1174 total_us=4668
bench-scenario-start s3-update
bench-scenario-end s3-update
flutter-perf raw n=91 build_us=3249 raster_us=2091 total_us=2014
bench-scenario-start s3-swap
bench-scenario-end s3-swap
flutter-perf raw n=93 build_us=1624 raster_us=947 total_us=-850
bench-scenario-start s3-clear
bench-scenario-end s3-clear
flutter-perf raw n=95 build_us=1492 raster_us=928 total_us=-975
bench-scenario-start s3-create1k
bench-scenario-end s3-create1k
flutter-perf raw n=97 build_us=11997 raster_us=1405 total_us=10027
bench-scenario-start s3-create10k
bench-scenario-end s3-create10k
flutter-perf raw n=99 build_us=7845 raster_us=1339 total_us=5791
bench-scenario-start s3-update
bench-scenario-end s3-update
flutter-perf raw n=101 build_us=3049 raster_us=1811 total_us=5364
bench-scenario-start s3-swap
bench-scenario-end s3-swap
flutter-perf raw n=103 build_us=2897 raster_us=1761 total_us=1287
bench-scenario-start s3-clear
bench-scenario-end s3-clear
flutter-perf raw n=105 build_us=1479 raster_us=1021 total_us=-851
bench-scenario-start s3-create1k
bench-scenario-end s3-create1k
flutter-perf raw n=107 build_us=10658 raster_us=944 total_us=8177
bench-scenario-start s3-create10k
bench-scenario-end s3-create10k
flutter-perf raw n=109 build_us=6938 raster_us=1128 total_us=4533
bench-scenario-start s3-update
bench-scenario-end s3-update
flutter-perf raw n=111 build_us=2860 raster_us=1757 total_us=1262
bench-scenario-start s3-swap
bench-scenario-end s3-swap
flutter-perf raw n=113 build_us=3077 raster_us=1811 total_us=1439
bench-scenario-start s3-clear
bench-scenario-end s3-clear
flutter-perf raw n=115 build_us=1539 raster_us=974 total_us=-868
bench-scenario-start s3-create1k
bench-scenario-end s3-create1k
flutter-perf raw n=117 build_us=10827 raster_us=1339 total_us=8785
bench-scenario-start s3-create10k
bench-scenario-end s3-create10k
flutter-perf raw n=119 build_us=7177 raster_us=1328 total_us=5091
bench-scenario-start s3-update
bench-scenario-end s3-update
flutter-perf raw n=121 build_us=3020 raster_us=1783 total_us=1369
bench-scenario-start s3-swap
bench-scenario-end s3-swap
flutter-perf raw n=123 build_us=2897 raster_us=1743 total_us=1286
bench-scenario-start s3-clear
bench-scenario-end s3-clear
flutter-perf raw n=125 build_us=1388 raster_us=865 total_us=-1211
bench-scenario-start s3-create1k
bench-scenario-end s3-create1k
flutter-perf raw n=127 build_us=9565 raster_us=1311 total_us=7593
bench-scenario-start s3-create10k
bench-scenario-end s3-create10k
flutter-perf raw n=129 build_us=7317 raster_us=1294 total_us=5231
bench-scenario-start s3-update
bench-scenario-end s3-update
flutter-perf raw n=131 build_us=3085 raster_us=1956 total_us=1721
bench-scenario-start s3-swap
bench-scenario-end s3-swap
flutter-perf raw n=133 build_us=3101 raster_us=1731 total_us=1412
bench-scenario-start s3-clear
bench-scenario-end s3-clear
flutter-perf raw n=135 build_us=1423 raster_us=895 total_us=-1125
bench-scenario-start s3-create1k
bench-scenario-end s3-create1k
flutter-perf raw n=137 build_us=9331 raster_us=1391 total_us=7330
bench-scenario-start s3-create10k
bench-scenario-end s3-create10k
flutter-perf raw n=139 build_us=6873 raster_us=1228 total_us=4713
bench-scenario-start s3-update
bench-scenario-end s3-update
flutter-perf raw n=141 build_us=3113 raster_us=1949 total_us=1664
bench-scenario-start s3-swap
bench-scenario-end s3-swap
flutter-perf raw n=143 build_us=2985 raster_us=2087 total_us=1712
bench-scenario-start s3-clear
bench-scenario-end s3-clear
flutter-perf raw n=145 build_us=1446 raster_us=1008 total_us=-1008
bench-scenario-start s3-create1k
bench-scenario-end s3-create1k
flutter-perf raw n=147 build_us=10709 raster_us=1288 total_us=8553
bench-scenario-start s3-create10k
bench-scenario-end s3-create10k
flutter-perf raw n=149 build_us=5340 raster_us=1016 total_us=2726
bench-scenario-start s3-update
bench-scenario-end s3-update
flutter-perf raw n=151 build_us=3125 raster_us=1844 total_us=1560
bench-scenario-start s3-swap
bench-scenario-end s3-swap
flutter-perf raw n=153 build_us=2832 raster_us=1360 total_us=844
bench-scenario-start s3-clear
bench-scenario-end s3-clear
flutter-perf raw n=155 build_us=1494 raster_us=1193 total_us=-671
bench-scenario-start s3-create1k
bench-scenario-end s3-create1k
flutter-perf raw n=157 build_us=10262 raster_us=1287 total_us=8088
bench-scenario-start s3-create10k
bench-scenario-end s3-create10k
flutter-perf raw n=159 build_us=7033 raster_us=1051 total_us=4569
bench-scenario-start s3-update
bench-scenario-end s3-update
flutter-perf raw n=161 build_us=2953 raster_us=1641 total_us=2115
bench-scenario-start s3-swap
bench-scenario-end s3-swap
flutter-perf raw n=163 build_us=2883 raster_us=1791 total_us=1316
bench-scenario-start s3-clear
bench-scenario-end s3-clear
flutter-perf raw n=165 build_us=1485 raster_us=964 total_us=-942
bench-scenario-start s3-create1k
bench-scenario-end s3-create1k
flutter-perf raw n=167 build_us=10142 raster_us=1407 total_us=8205
bench-scenario-start s3-create10k
bench-scenario-end s3-create10k
flutter-perf raw n=169 build_us=7659 raster_us=1153 total_us=5230
bench-scenario-start s3-update
bench-scenario-end s3-update
flutter-perf raw n=171 build_us=3031 raster_us=1818 total_us=1490
bench-scenario-start s3-swap
bench-scenario-end s3-swap
flutter-perf raw n=173 build_us=3013 raster_us=1775 total_us=1358
bench-scenario-start s3-clear
bench-scenario-end s3-clear
flutter-perf raw n=175 build_us=1427 raster_us=1009 total_us=-965
bench-scenario-start s3-create1k
bench-scenario-end s3-create1k
flutter-perf raw n=177 build_us=9890 raster_us=1428 total_us=7898
bench-scenario-start s3-create10k
bench-scenario-end s3-create10k
flutter-perf raw n=179 build_us=4534 raster_us=891 total_us=2992
bench-scenario-start s3-update
bench-scenario-end s3-update
flutter-perf raw n=181 build_us=1524 raster_us=897 total_us=-1269
bench-scenario-start s3-swap
bench-scenario-end s3-swap
flutter-perf raw n=183 build_us=2818 raster_us=1860 total_us=1462
bench-scenario-start s3-clear
bench-scenario-end s3-clear
flutter-perf raw n=185 build_us=1459 raster_us=983 total_us=-938
bench-scenario-start s3-create1k
bench-scenario-end s3-create1k
flutter-perf raw n=187 build_us=10400 raster_us=1311 total_us=8343
bench-scenario-start s3-create10k
bench-scenario-end s3-create10k
flutter-perf raw n=189 build_us=6721 raster_us=1157 total_us=4406
bench-scenario-start s3-update
bench-scenario-end s3-update
flutter-perf raw n=191 build_us=3153 raster_us=1999 total_us=1786
bench-scenario-start s3-swap
bench-scenario-end s3-swap
flutter-perf raw n=193 build_us=2988 raster_us=1776 total_us=1361
bench-scenario-start s3-clear
bench-scenario-end s3-clear
flutter-perf raw n=195 build_us=1402 raster_us=900 total_us=-1138
bench-scenario-start s3-create1k
bench-scenario-end s3-create1k
flutter-perf raw n=197 build_us=8275 raster_us=1171 total_us=6112
bench-scenario-start s3-create10k
bench-scenario-end s3-create10k
flutter-perf raw n=199 build_us=6837 raster_us=1309 total_us=4618
bench-scenario-start s3-update
bench-scenario-end s3-update
