bench-scenario-start s3
bench-scenario-start s3-create1k
bench-scenario-end s3-create1k
flutter-perf raw n=5 build_us=237 raster_us=14431 total_us=11204
bench-scenario-start s3-create10k
bench-scenario-end s3-create10k
flutter-perf raw n=7 build_us=3795 raster_us=2733 total_us=3109
flutter-perf raw n=9 build_us=244 raster_us=3078 total_us=-165
bench-scenario-start s3-update
bench-scenario-end s3-update
flutter-perf raw n=11 build_us=2328 raster_us=1602 total_us=452
bench-scenario-start s3-swap
bench-scenario-end s3-swap
flutter-perf raw n=13 build_us=3375 raster_us=2489 total_us=2482
bench-scenario-start s3-clear
bench-scenario-end s3-clear
flutter-perf raw n=15 build_us=1368 raster_us=999 total_us=-904
bench-scenario-start s3-create1k
bench-scenario-end s3-create1k
flutter-perf raw n=17 build_us=16934 raster_us=1685 total_us=15174
bench-scenario-start s3-create10k
bench-scenario-end s3-create10k
flutter-perf raw n=19 build_us=6840 raster_us=1197 total_us=4471
bench-scenario-start s3-update
bench-scenario-end s3-update
flutter-perf raw n=21 build_us=1732 raster_us=879 total_us=-1059
bench-scenario-start s3-swap
bench-scenario-end s3-swap
flutter-perf raw n=23 build_us=2810 raster_us=1750 total_us=1135
bench-scenario-start s3-clear
bench-scenario-end s3-clear
flutter-perf raw n=25 build_us=1433 raster_us=1033 total_us=-886
bench-scenario-start s3-create1k
bench-scenario-end s3-create1k
flutter-perf raw n=27 build_us=10895 raster_us=1317 total_us=9035
bench-scenario-start s3-create10k
bench-scenario-end s3-create10k
flutter-perf raw n=29 build_us=5674 raster_us=1124 total_us=3240
bench-scenario-start s3-update
bench-scenario-end s3-update
flutter-perf raw n=31 build_us=3268 raster_us=1738 total_us=1658
bench-scenario-start s3-swap
bench-scenario-end s3-swap
flutter-perf raw n=33 build_us=2911 raster_us=1601 total_us=1057
bench-scenario-start s3-clear
bench-scenario-end s3-clear
flutter-perf raw n=35 build_us=1278 raster_us=922 total_us=-1118
bench-scenario-start s3-create1k
bench-scenario-end s3-create1k
flutter-perf raw n=37 build_us=10614 raster_us=1212 total_us=8494
bench-scenario-start s3-create10k
bench-scenario-end s3-create10k
flutter-perf raw n=39 build_us=6369 raster_us=1089 total_us=4038
bench-scenario-start s3-update
bench-scenario-end s3-update
flutter-perf raw n=41 build_us=2286 raster_us=1285 total_us=127
bench-scenario-start s3-swap
bench-scenario-end s3-swap
flutter-perf raw n=43 build_us=2913 raster_us=1786 total_us=1271
bench-scenario-start s3-clear
bench-scenario-end s3-clear
flutter-perf raw n=45 build_us=1452 raster_us=900 total_us=-1066
bench-scenario-start s3-create1k
bench-scenario-end s3-create1k
flutter-perf raw n=47 build_us=10474 raster_us=1177 total_us=8250
bench-scenario-start s3-create10k
bench-scenario-end s3-create10k
flutter-perf raw n=49 build_us=6858 raster_us=1098 total_us=4565
bench-scenario-start s3-update
bench-scenario-end s3-update
flutter-perf raw n=51 build_us=3013 raster_us=1657 total_us=1329
bench-scenario-start s3-swap
bench-scenario-end s3-swap
flutter-perf raw n=53 build_us=3047 raster_us=1752 total_us=1319
bench-scenario-start s3-clear
bench-scenario-end s3-clear
flutter-perf raw n=55 build_us=1422 raster_us=981 total_us=-1006
bench-scenario-start s3-create1k
bench-scenario-end s3-create1k
flutter-perf raw n=57 build_us=10940 raster_us=1299 total_us=8806
bench-scenario-start s3-create10k
bench-scenario-end s3-create10k
flutter-perf raw n=59 build_us=7462 raster_us=1162 total_us=5190
bench-scenario-start s3-update
bench-scenario-end s3-update
flutter-perf raw n=61 build_us=3106 raster_us=1777 total_us=1491
bench-scenario-start s3-swap
bench-scenario-end s3-swap
flutter-perf raw n=63 build_us=2924 raster_us=1777 total_us=1443
bench-scenario-start s3-clear
bench-scenario-end s3-clear
flutter-perf raw n=65 build_us=1519 raster_us=918 total_us=-1023
bench-scenario-start s3-create1k
bench-scenario-end s3-create1k
flutter-perf raw n=67 build_us=11048 raster_us=1276 total_us=8823
bench-scenario-start s3-create10k
bench-scenario-end s3-create10k
flutter-perf raw n=69 build_us=6964 raster_us=1118 total_us=4612
bench-scenario-start s3-update
bench-scenario-end s3-update
flutter-perf raw n=71 build_us=3272 raster_us=1844 total_us=1700
bench-scenario-start s3-swap
bench-scenario-end s3-swap
flutter-perf raw n=73 build_us=3020 raster_us=1767 total_us=1424
bench-scenario-start s3-clear
bench-scenario-end s3-clear
flutter-perf raw n=75 build_us=1439 raster_us=961 total_us=-893
bench-scenario-start s3-create1k
bench-scenario-end s3-create1k
flutter-perf raw n=77 build_us=9467 raster_us=1290 total_us=7322
bench-scenario-start s3-create10k
bench-scenario-end s3-create10k
flutter-perf raw n=79 build_us=8735 raster_us=1353 total_us=6763
bench-scenario-start s3-update
bench-scenario-end s3-update
flutter-perf raw n=81 build_us=3208 raster_us=1765 total_us=1559
bench-scenario-start s3-swap
bench-scenario-end s3-swap
flutter-perf raw n=83 build_us=2709 raster_us=1689 total_us=944
bench-scenario-start s3-clear
bench-scenario-end s3-clear
flutter-perf raw n=85 build_us=1396 raster_us=916 total_us=-1114
bench-scenario-start s3-create1k
bench-scenario-end s3-create1k
flutter-perf raw n=87 build_us=10462 raster_us=1219 total_us=8299
bench-scenario-start s3-create10k
bench-scenario-end s3-create10k
flutter-perf raw n=89 build_us=7539 raster_us=1124 total_us=7235
bench-scenario-start s3-update
bench-scenario-end s3-update
flutter-perf raw n=91 build_us=3239 raster_us=1788 total_us=1539
bench-scenario-start s3-swap
bench-scenario-end s3-swap
flutter-perf raw n=93 build_us=3102 raster_us=1770 total_us=1472
bench-scenario-start s3-clear
bench-scenario-end s3-clear
flutter-perf raw n=95 build_us=1320 raster_us=1080 total_us=-959
bench-scenario-start s3-create1k
bench-scenario-end s3-create1k
flutter-perf raw n=97 build_us=10714 raster_us=1330 total_us=8873
bench-scenario-start s3-create10k
bench-scenario-end s3-create10k
flutter-perf raw n=99 build_us=7408 raster_us=1108 total_us=5018
bench-scenario-start s3-update
bench-scenario-end s3-update
flutter-perf raw n=101 build_us=3224 raster_us=1723 total_us=2097
bench-scenario-start s3-swap
bench-scenario-end s3-swap
flutter-perf raw n=103 build_us=2597 raster_us=1649 total_us=827
bench-scenario-start s3-clear
bench-scenario-end s3-clear
flutter-perf raw n=105 build_us=1048 raster_us=703 total_us=-1870
bench-scenario-start s3-create1k
bench-scenario-end s3-create1k
flutter-perf raw n=107 build_us=9613 raster_us=1298 total_us=7544
bench-scenario-start s3-create10k
bench-scenario-end s3-create10k
flutter-perf raw n=109 build_us=6942 raster_us=1129 total_us=4711
bench-scenario-start s3-update
bench-scenario-end s3-update
flutter-perf raw n=111 build_us=3127 raster_us=1658 total_us=1399
bench-scenario-start s3-swap
bench-scenario-end s3-swap
flutter-perf raw n=113 build_us=3048 raster_us=1726 total_us=1377
bench-scenario-start s3-clear
bench-scenario-end s3-clear
flutter-perf raw n=115 build_us=844 raster_us=606 total_us=-2193
bench-scenario-start s3-create1k
bench-scenario-end s3-create1k
flutter-perf raw n=117 build_us=8281 raster_us=926 total_us=5862
bench-scenario-start s3-create10k
bench-scenario-end s3-create10k
flutter-perf raw n=119 build_us=4327 raster_us=903 total_us=2615
bench-scenario-start s3-update
bench-scenario-end s3-update
flutter-perf raw n=121 build_us=3195 raster_us=1926 total_us=1764
bench-scenario-start s3-swap
bench-scenario-end s3-swap
flutter-perf raw n=123 build_us=1580 raster_us=995 total_us=-902
bench-scenario-start s3-clear
bench-scenario-end s3-clear
flutter-perf raw n=125 build_us=1480 raster_us=887 total_us=-1119
bench-scenario-start s3-create1k
bench-scenario-end s3-create1k
flutter-perf raw n=127 build_us=11372 raster_us=1277 total_us=9252
bench-scenario-start s3-create10k
bench-scenario-end s3-create10k
flutter-perf raw n=129 build_us=7188 raster_us=1326 total_us=5033
bench-scenario-start s3-update
bench-scenario-end s3-update
flutter-perf raw n=131 build_us=3320 raster_us=1821 total_us=1749
bench-scenario-start s3-swap
bench-scenario-end s3-swap
flutter-perf raw n=133 build_us=2918 raster_us=1861 total_us=1541
bench-scenario-start s3-clear
bench-scenario-end s3-clear
flutter-perf raw n=135 build_us=1383 raster_us=924 total_us=-1124
bench-scenario-start s3-create1k
bench-scenario-end s3-create1k
flutter-perf raw n=137 build_us=11309 raster_us=1219 total_us=9095
bench-scenario-start s3-create10k
bench-scenario-end s3-create10k
flutter-perf raw n=139 build_us=5518 raster_us=1111 total_us=3117
bench-scenario-start s3-update
bench-scenario-end s3-update
flutter-perf raw n=141 build_us=3226 raster_us=1704 total_us=1492
bench-scenario-start s3-swap
bench-scenario-end s3-swap
flutter-perf raw n=143 build_us=2868 raster_us=1782 total_us=1305
bench-scenario-start s3-clear
bench-scenario-end s3-clear
flutter-perf raw n=145 build_us=1609 raster_us=1044 total_us=-742
bench-scenario-start s3-create1k
bench-scenario-end s3-create1k
flutter-perf raw n=147 build_us=11259 raster_us=1372 total_us=9465
bench-scenario-start s3-create10k
bench-scenario-end s3-create10k
flutter-perf raw n=149 build_us=6916 raster_us=1141 total_us=4509
bench-scenario-start s3-update
bench-scenario-end s3-update
flutter-perf raw n=151 build_us=3194 raster_us=1705 total_us=1489
bench-scenario-start s3-swap
bench-scenario-end s3-swap
flutter-perf raw n=153 build_us=3007 raster_us=1726 total_us=1278
bench-scenario-start s3-clear
bench-scenario-end s3-clear
flutter-perf raw n=155 build_us=1441 raster_us=912 total_us=-1089
bench-scenario-start s3-create1k
bench-scenario-end s3-create1k
flutter-perf raw n=157 build_us=9729 raster_us=1170 total_us=7534
bench-scenario-start s3-create10k
bench-scenario-end s3-create10k
flutter-perf raw n=159 build_us=7584 raster_us=1265 total_us=5466
bench-scenario-start s3-update
bench-scenario-end s3-update
flutter-perf raw n=161 build_us=3202 raster_us=1747 total_us=1540
bench-scenario-start s3-swap
bench-scenario-end s3-swap
flutter-perf raw n=163 build_us=2780 raster_us=1737 total_us=1078
bench-scenario-start s3-clear
bench-scenario-end s3-clear
flutter-perf raw n=165 build_us=1425 raster_us=818 total_us=-1187
bench-scenario-start s3-create1k
bench-scenario-end s3-create1k
flutter-perf raw n=167 build_us=10512 raster_us=1333 total_us=8384
bench-scenario-start s3-create10k
bench-scenario-end s3-create10k
flutter-perf raw n=169 build_us=4112 raster_us=900 total_us=1790
bench-scenario-start s3-update
bench-scenario-end s3-update
flutter-perf raw n=171 build_us=3290 raster_us=1867 total_us=1805
bench-scenario-start s3-swap
bench-scenario-end s3-swap
flutter-perf raw n=173 build_us=3046 raster_us=1790 total_us=1408
bench-scenario-start s3-clear
bench-scenario-end s3-clear
flutter-perf raw n=175 build_us=1394 raster_us=868 total_us=-1196
bench-scenario-start s3-create1k
bench-scenario-end s3-create1k
flutter-perf raw n=177 build_us=10034 raster_us=1240 total_us=7982
bench-scenario-start s3-create10k
bench-scenario-end s3-create10k
flutter-perf raw n=179 build_us=7247 raster_us=1129 total_us=5089
bench-scenario-start s3-update
bench-scenario-end s3-update
flutter-perf raw n=181 build_us=3220 raster_us=1852 total_us=1784
bench-scenario-start s3-swap
bench-scenario-end s3-swap
flutter-perf raw n=183 build_us=2945 raster_us=1806 total_us=1477
bench-scenario-start s3-clear
bench-scenario-end s3-clear
flutter-perf raw n=185 build_us=1478 raster_us=990 total_us=-956
bench-scenario-start s3-create1k
bench-scenario-end s3-create1k
flutter-perf raw n=187 build_us=11436 raster_us=1303 total_us=9295
bench-scenario-start s3-create10k
bench-scenario-end s3-create10k
flutter-perf raw n=189 build_us=8096 raster_us=1119 total_us=5783
bench-scenario-start s3-update
bench-scenario-end s3-update
flutter-perf raw n=191 build_us=3297 raster_us=1777 total_us=1700
bench-scenario-start s3-swap
bench-scenario-end s3-swap
flutter-perf raw n=193 build_us=2957 raster_us=1769 total_us=1492
bench-scenario-start s3-clear
bench-scenario-end s3-clear
flutter-perf raw n=195 build_us=978 raster_us=663 total_us=-1938
bench-scenario-start s3-create1k
bench-scenario-end s3-create1k
flutter-perf raw n=197 build_us=6004 raster_us=1072 total_us=3494
bench-scenario-start s3-create10k
bench-scenario-end s3-create10k
flutter-perf raw n=199 build_us=6649 raster_us=1111 total_us=4325
