bench-scenario-start s3
bench-scenario-start s3-create1k
bench-scenario-end s3-create1k
flutter-perf raw n=3 build_us=116 raster_us=11557 total_us=12065
bench-scenario-start s3-create10k
bench-scenario-end s3-create10k
flutter-perf raw n=4 build_us=3109 raster_us=2462 total_us=5853
flutter-perf raw n=5 build_us=216 raster_us=2624 total_us=3110
bench-scenario-start s3-update
bench-scenario-end s3-update
flutter-perf raw n=6 build_us=5433 raster_us=1712 total_us=7534
bench-scenario-start s3-swap
bench-scenario-end s3-swap
flutter-perf raw n=7 build_us=3203 raster_us=1981 total_us=5553
bench-scenario-start s3-clear
bench-scenario-end s3-clear
flutter-perf raw n=8 build_us=1407 raster_us=930 total_us=2761
bench-scenario-start s3-create1k
bench-scenario-end s3-create1k
flutter-perf raw n=9 build_us=12037 raster_us=1574 total_us=13955
bench-scenario-start s3-create10k
bench-scenario-end s3-create10k
flutter-perf raw n=10 build_us=8229 raster_us=1583 total_us=10204
bench-scenario-start s3-update
bench-scenario-end s3-update
flutter-perf raw n=11 build_us=3447 raster_us=1705 total_us=5525
bench-scenario-start s3-swap
bench-scenario-end s3-swap
flutter-perf raw n=12 build_us=3065 raster_us=1664 total_us=5167
bench-scenario-start s3-clear
bench-scenario-end s3-clear
flutter-perf raw n=13 build_us=1470 raster_us=983 total_us=2853
bench-scenario-start s3-create1k
bench-scenario-end s3-create1k
flutter-perf raw n=14 build_us=11568 raster_us=1544 total_us=13546
bench-scenario-start s3-create10k
bench-scenario-end s3-create10k
flutter-perf raw n=15 build_us=5144 raster_us=1105 total_us=6522
bench-scenario-start s3-update
bench-scenario-end s3-update
flutter-perf raw n=16 build_us=3067 raster_us=1963 total_us=5448
bench-scenario-start s3-swap
bench-scenario-end s3-swap
flutter-perf raw n=17 build_us=2892 raster_us=1931 total_us=5246
bench-scenario-start s3-clear
bench-scenario-end s3-clear
flutter-perf raw n=18 build_us=1461 raster_us=945 total_us=2811
bench-scenario-start s3-create1k
bench-scenario-end s3-create1k
flutter-perf raw n=19 build_us=11120 raster_us=1388 total_us=12887
bench-scenario-start s3-create10k
bench-scenario-end s3-create10k
flutter-perf raw n=20 build_us=8022 raster_us=1276 total_us=9658
bench-scenario-start s3-update
bench-scenario-end s3-update
flutter-perf raw n=21 build_us=3049 raster_us=2014 total_us=5448
bench-scenario-start s3-swap
bench-scenario-end s3-swap
flutter-perf raw n=22 build_us=2942 raster_us=1900 total_us=5273
bench-scenario-start s3-clear
bench-scenario-end s3-clear
flutter-perf raw n=23 build_us=1343 raster_us=935 total_us=2619
bench-scenario-start s3-create1k
bench-scenario-end s3-create1k
flutter-perf raw n=24 build_us=10486 raster_us=1308 total_us=12100
bench-scenario-start s3-create10k
bench-scenario-end s3-create10k
flutter-perf raw n=25 build_us=6476 raster_us=1257 total_us=8032
bench-scenario-start s3-update
bench-scenario-end s3-update
flutter-perf raw n=26 build_us=3183 raster_us=1938 total_us=5494
bench-scenario-start s3-swap
bench-scenario-end s3-swap
flutter-perf raw n=27 build_us=3095 raster_us=1991 total_us=5519
bench-scenario-start s3-clear
bench-scenario-end s3-clear
flutter-perf raw n=28 build_us=1391 raster_us=944 total_us=2765
bench-scenario-start s3-create1k
bench-scenario-end s3-create1k
flutter-perf raw n=29 build_us=10637 raster_us=1493 total_us=12542
bench-scenario-start s3-create10k
bench-scenario-end s3-create10k
flutter-perf raw n=30 build_us=7110 raster_us=1190 total_us=8587
bench-scenario-start s3-update
bench-scenario-end s3-update
flutter-perf raw n=31 build_us=3085 raster_us=2000 total_us=5475
bench-scenario-start s3-swap
bench-scenario-end s3-swap
flutter-perf raw n=32 build_us=2862 raster_us=1846 total_us=5155
bench-scenario-start s3-clear
bench-scenario-end s3-clear
flutter-perf raw n=33 build_us=1451 raster_us=937 total_us=2780
bench-scenario-start s3-create1k
bench-scenario-end s3-create1k
flutter-perf raw n=34 build_us=10611 raster_us=1343 total_us=12269
bench-scenario-start s3-create10k
bench-scenario-end s3-create10k
flutter-perf raw n=35 build_us=7341 raster_us=1338 total_us=8999
bench-scenario-start s3-update
bench-scenario-end s3-update
flutter-perf raw n=36 build_us=3106 raster_us=1469 total_us=4952
bench-scenario-start s3-swap
bench-scenario-end s3-swap
flutter-perf raw n=37 build_us=3088 raster_us=2081 total_us=5617
bench-scenario-start s3-clear
bench-scenario-end s3-clear
flutter-perf raw n=38 build_us=1370 raster_us=915 total_us=2708
bench-scenario-start s3-create1k
bench-scenario-end s3-create1k
flutter-perf raw n=39 build_us=11817 raster_us=1471 total_us=13760
bench-scenario-start s3-create10k
bench-scenario-end s3-create10k
flutter-perf raw n=40 build_us=7208 raster_us=1387 total_us=8915
bench-scenario-start s3-update
bench-scenario-end s3-update
flutter-perf raw n=41 build_us=2978 raster_us=1768 total_us=5155
bench-scenario-start s3-swap
bench-scenario-end s3-swap
flutter-perf raw n=42 build_us=2088 raster_us=1526 total_us=3998
bench-scenario-start s3-clear
bench-scenario-end s3-clear
flutter-perf raw n=43 build_us=1487 raster_us=1018 total_us=2921
bench-scenario-start s3-create1k
bench-scenario-end s3-create1k
flutter-perf raw n=44 build_us=11219 raster_us=1421 total_us=13126
bench-scenario-start s3-create10k
bench-scenario-end s3-create10k
flutter-perf raw n=45 build_us=6867 raster_us=1243 total_us=8416
bench-scenario-start s3-update
bench-scenario-end s3-update
flutter-perf raw n=46 build_us=3354 raster_us=1982 total_us=5766
bench-scenario-start s3-swap
bench-scenario-end s3-swap
flutter-perf raw n=47 build_us=2952 raster_us=1791 total_us=5243
bench-scenario-start s3-clear
bench-scenario-end s3-clear
flutter-perf raw n=48 build_us=1382 raster_us=852 total_us=2658
bench-scenario-start s3-create1k
bench-scenario-end s3-create1k
flutter-perf raw n=49 build_us=10498 raster_us=1421 total_us=12372
bench-scenario-start s3-create10k
bench-scenario-end s3-create10k
flutter-perf raw n=50 build_us=6911 raster_us=1268 total_us=8486
bench-scenario-start s3-update
bench-scenario-end s3-update
flutter-perf raw n=51 build_us=3066 raster_us=1979 total_us=5488
bench-scenario-start s3-swap
bench-scenario-end s3-swap
flutter-perf raw n=52 build_us=2928 raster_us=2013 total_us=5349
bench-scenario-start s3-clear
bench-scenario-end s3-clear
flutter-perf raw n=53 build_us=1451 raster_us=924 total_us=2781
