bench-scenario-start s3
bench-scenario-start s3-create1k
bench-scenario-end s3-create1k
flutter-perf raw n=3 build_us=200 raster_us=12023 total_us=12393
bench-scenario-start s3-create10k
bench-scenario-end s3-create10k
flutter-perf raw n=4 build_us=3462 raster_us=2685 total_us=6456
flutter-perf raw n=5 build_us=260 raster_us=2612 total_us=3130
bench-scenario-start s3-update
bench-scenario-end s3-update
flutter-perf raw n=6 build_us=4260 raster_us=1905 total_us=6466
bench-scenario-start s3-swap
bench-scenario-end s3-swap
flutter-perf raw n=7 build_us=3474 raster_us=2582 total_us=6552
bench-scenario-start s3-clear
bench-scenario-end s3-clear
flutter-perf raw n=8 build_us=1483 raster_us=855 total_us=2744
bench-scenario-start s3-create1k
bench-scenario-end s3-create1k
flutter-perf raw n=9 build_us=13500 raster_us=1978 total_us=15867
bench-scenario-start s3-create10k
bench-scenario-end s3-create10k
flutter-perf raw n=10 build_us=7325 raster_us=1252 total_us=8863
bench-scenario-start s3-update
bench-scenario-end s3-update
flutter-perf raw n=11 build_us=2893 raster_us=2084 total_us=5373
bench-scenario-start s3-swap
bench-scenario-end s3-swap
flutter-perf raw n=12 build_us=2899 raster_us=1610 total_us=4854
bench-scenario-start s3-clear
bench-scenario-end s3-clear
flutter-perf raw n=13 build_us=1451 raster_us=870 total_us=2602
bench-scenario-start s3-create1k
bench-scenario-end s3-create1k
flutter-perf raw n=14 build_us=11430 raster_us=1454 total_us=13250
bench-scenario-start s3-create10k
bench-scenario-end s3-create10k
flutter-perf raw n=15 build_us=5867 raster_us=1173 total_us=7348
bench-scenario-start s3-update
bench-scenario-end s3-update
flutter-perf raw n=16 build_us=3344 raster_us=1857 total_us=5624
bench-scenario-start s3-swap
bench-scenario-end s3-swap
flutter-perf raw n=17 build_us=2916 raster_us=1950 total_us=5298
bench-scenario-start s3-clear
bench-scenario-end s3-clear
flutter-perf raw n=18 build_us=1444 raster_us=972 total_us=2879
bench-scenario-start s3-create1k
bench-scenario-end s3-create1k
flutter-perf raw n=19 build_us=10588 raster_us=1294 total_us=12275
bench-scenario-start s3-create10k
bench-scenario-end s3-create10k
flutter-perf raw n=20 build_us=7110 raster_us=1223 total_us=8625
bench-scenario-start s3-update
bench-scenario-end s3-update
flutter-perf raw n=21 build_us=3102 raster_us=1954 total_us=5510
bench-scenario-start s3-swap
bench-scenario-end s3-swap
flutter-perf raw n=22 build_us=3032 raster_us=1785 total_us=5217
bench-scenario-start s3-clear
bench-scenario-end s3-clear
flutter-perf raw n=23 build_us=1522 raster_us=840 total_us=2802
bench-scenario-start s3-create1k
bench-scenario-end s3-create1k
flutter-perf raw n=24 build_us=11165 raster_us=1352 total_us=12896
bench-scenario-start s3-create10k
bench-scenario-end s3-create10k
flutter-perf raw n=25 build_us=7377 raster_us=1150 total_us=8935
bench-scenario-start s3-update
bench-scenario-end s3-update
flutter-perf raw n=26 build_us=3243 raster_us=1905 total_us=5545
bench-scenario-start s3-swap
bench-scenario-end s3-swap
flutter-perf raw n=27 build_us=2981 raster_us=1944 total_us=5327
bench-scenario-start s3-clear
bench-scenario-end s3-clear
flutter-perf raw n=28 build_us=1438 raster_us=935 total_us=2772
