bench-scenario-start s3
bench-scenario-start s3-create1k
bench-scenario-end s3-create1k
flutter-perf raw n=3 build_us=146 raster_us=12223 total_us=12525
bench-scenario-start s3-create10k
bench-scenario-end s3-create10k
flutter-perf raw n=4 build_us=4715 raster_us=4034 total_us=9015
flutter-perf raw n=5 build_us=288 raster_us=2584 total_us=3121
bench-scenario-start s3-update
bench-scenario-end s3-update
flutter-perf raw n=6 build_us=4233 raster_us=1948 total_us=6531
bench-scenario-start s3-swap
bench-scenario-end s3-swap
flutter-perf raw n=7 build_us=3084 raster_us=2434 total_us=5851
bench-scenario-start s3-clear
bench-scenario-end s3-clear
flutter-perf raw n=8 build_us=1401 raster_us=890 total_us=2654
bench-scenario-start s3-create1k
bench-scenario-end s3-create1k
flutter-perf raw n=9 build_us=14564 raster_us=1726 total_us=16689
bench-scenario-start s3-create10k
bench-scenario-end s3-create10k
flutter-perf raw n=10 build_us=6977 raster_us=1167 total_us=8433
bench-scenario-start s3-update
bench-scenario-end s3-update
flutter-perf raw n=11 build_us=2840 raster_us=1868 total_us=5138
bench-scenario-start s3-swap
bench-scenario-end s3-swap
flutter-perf raw n=12 build_us=2777 raster_us=1915 total_us=5114
bench-scenario-start s3-clear
bench-scenario-end s3-clear
flutter-perf raw n=13 build_us=1456 raster_us=946 total_us=2830
bench-scenario-start s3-create1k
bench-scenario-end s3-create1k
flutter-perf raw n=14 build_us=11759 raster_us=1516 total_us=13689
bench-scenario-start s3-create10k
bench-scenario-end s3-create10k
flutter-perf raw n=15 build_us=5354 raster_us=1146 total_us=6743
bench-scenario-start s3-update
bench-scenario-end s3-update
flutter-perf raw n=16 build_us=3118 raster_us=1855 total_us=5409
bench-scenario-start s3-swap
bench-scenario-end s3-swap
flutter-perf raw n=17 build_us=2841 raster_us=1874 total_us=5112
bench-scenario-start s3-clear
bench-scenario-end s3-clear
flutter-perf raw n=18 build_us=1407 raster_us=876 total_us=2752
bench-scenario-start s3-create1k
bench-scenario-end s3-create1k
flutter-perf raw n=19 build_us=11309 raster_us=1385 total_us=13131
bench-scenario-start s3-create10k
bench-scenario-end s3-create10k
flutter-perf raw n=20 build_us=7054 raster_us=1591 total_us=8938
bench-scenario-start s3-update
bench-scenario-end s3-update
flutter-perf raw n=21 build_us=3022 raster_us=1953 total_us=5459
bench-scenario-start s3-swap
bench-scenario-end s3-swap
flutter-perf raw n=22 build_us=2931 raster_us=1956 total_us=5321
bench-scenario-start s3-clear
bench-scenario-end s3-clear
flutter-perf raw n=23 build_us=1467 raster_us=916 total_us=2818
bench-scenario-start s3-create1k
bench-scenario-end s3-create1k
flutter-perf raw n=24 build_us=10897 raster_us=1404 total_us=12695
bench-scenario-start s3-create10k
bench-scenario-end s3-create10k
flutter-perf raw n=25 build_us=8199 raster_us=1469 total_us=9944
bench-scenario-start s3-update
bench-scenario-end s3-update
flutter-perf raw n=26 build_us=3398 raster_us=1975 total_us=5812
bench-scenario-start s3-swap
bench-scenario-end s3-swap
flutter-perf raw n=27 build_us=2961 raster_us=1896 total_us=5251
bench-scenario-start s3-clear
bench-scenario-end s3-clear
flutter-perf raw n=28 build_us=1475 raster_us=937 total_us=2805
bench-scenario-start s3-create1k
bench-scenario-end s3-create1k
flutter-perf raw n=29 build_us=10156 raster_us=1498 total_us=11958
bench-scenario-start s3-create10k
bench-scenario-end s3-create10k
flutter-perf raw n=30 build_us=9830 raster_us=1211 total_us=11645
bench-scenario-start s3-update
bench-scenario-end s3-update
flutter-perf raw n=31 build_us=3115 raster_us=1850 total_us=5358
bench-scenario-start s3-swap
bench-scenario-end s3-swap
flutter-perf raw n=32 build_us=3025 raster_us=1941 total_us=5367
bench-scenario-start s3-clear
bench-scenario-end s3-clear
flutter-perf raw n=33 build_us=1540 raster_us=844 total_us=2807
bench-scenario-start s3-create1k
bench-scenario-end s3-create1k
flutter-perf raw n=34 build_us=11368 raster_us=1401 total_us=13138
bench-scenario-start s3-create10k
bench-scenario-end s3-create10k
flutter-perf raw n=35 build_us=6315 raster_us=1203 total_us=7807
bench-scenario-start s3-update
bench-scenario-end s3-update
flutter-perf raw n=36 build_us=2551 raster_us=1246 total_us=4061
bench-scenario-start s3-swap
bench-scenario-end s3-swap
flutter-perf raw n=37 build_us=2425 raster_us=1436 total_us=4219
bench-scenario-start s3-clear
bench-scenario-end s3-clear
flutter-perf raw n=38 build_us=1508 raster_us=943 total_us=2877
bench-scenario-start s3-create1k
bench-scenario-end s3-create1k
flutter-perf raw n=39 build_us=11096 raster_us=1457 total_us=12933
bench-scenario-start s3-create10k
bench-scenario-end s3-create10k
flutter-perf raw n=40 build_us=6874 raster_us=1232 total_us=8387
bench-scenario-start s3-update
bench-scenario-end s3-update
flutter-perf raw n=41 build_us=3109 raster_us=1802 total_us=5302
bench-scenario-start s3-swap
bench-scenario-end s3-swap
flutter-perf raw n=42 build_us=2886 raster_us=1962 total_us=5224
bench-scenario-start s3-clear
bench-scenario-end s3-clear
flutter-perf raw n=43 build_us=1563 raster_us=945 total_us=2919
bench-scenario-start s3-create1k
bench-scenario-end s3-create1k
flutter-perf raw n=44 build_us=10678 raster_us=1496 total_us=12601
bench-scenario-start s3-create10k
bench-scenario-end s3-create10k
flutter-perf raw n=45 build_us=6665 raster_us=1188 total_us=8037
bench-scenario-start s3-update
bench-scenario-end s3-update
flutter-perf raw n=46 build_us=3357 raster_us=1941 total_us=5721
bench-scenario-start s3-swap
bench-scenario-end s3-swap
flutter-perf raw n=47 build_us=2971 raster_us=1864 total_us=5270
bench-scenario-start s3-clear
bench-scenario-end s3-clear
flutter-perf raw n=48 build_us=1425 raster_us=770 total_us=2585
bench-scenario-start s3-create1k
bench-scenario-end s3-create1k
flutter-perf raw n=49 build_us=11244 raster_us=1358 total_us=12956
bench-scenario-start s3-create10k
bench-scenario-end s3-create10k
flutter-perf raw n=50 build_us=7235 raster_us=1331 total_us=8875
bench-scenario-start s3-update
bench-scenario-end s3-update
flutter-perf raw n=51 build_us=3210 raster_us=1808 total_us=5400
bench-scenario-start s3-swap
bench-scenario-end s3-swap
flutter-perf raw n=52 build_us=2813 raster_us=1767 total_us=5011
bench-scenario-start s3-clear
bench-scenario-end s3-clear
flutter-perf raw n=53 build_us=1516 raster_us=865 total_us=2820
bench-scenario-start s3-create1k
bench-scenario-end s3-create1k
flutter-perf raw n=54 build_us=11196 raster_us=1479 total_us=12988
bench-scenario-start s3-create10k
bench-scenario-end s3-create10k
flutter-perf raw n=55 build_us=7903 raster_us=1308 total_us=9575
bench-scenario-start s3-update
bench-scenario-end s3-update
flutter-perf raw n=56 build_us=3273 raster_us=1379 total_us=4963
bench-scenario-start s3-swap
bench-scenario-end s3-swap
flutter-perf raw n=57 build_us=3122 raster_us=1927 total_us=5473
bench-scenario-start s3-clear
bench-scenario-end s3-clear
flutter-perf raw n=58 build_us=1511 raster_us=934 total_us=2881
bench-scenario-start s3-create1k
bench-scenario-end s3-create1k
flutter-perf raw n=59 build_us=11037 raster_us=1349 total_us=12828
bench-scenario-start s3-create10k
bench-scenario-end s3-create10k
flutter-perf raw n=60 build_us=6917 raster_us=1206 total_us=8422
bench-scenario-start s3-update
bench-scenario-end s3-update
flutter-perf raw n=61 build_us=3158 raster_us=1926 total_us=5502
bench-scenario-start s3-swap
bench-scenario-end s3-swap
flutter-perf raw n=62 build_us=2802 raster_us=1881 total_us=5074
bench-scenario-start s3-clear
bench-scenario-end s3-clear
flutter-perf raw n=63 build_us=1436 raster_us=814 total_us=2648
bench-scenario-start s3-create1k
bench-scenario-end s3-create1k
flutter-perf raw n=64 build_us=11599 raster_us=1447 total_us=13422
bench-scenario-start s3-create10k
bench-scenario-end s3-create10k
flutter-perf raw n=65 build_us=6740 raster_us=1265 total_us=8254
bench-scenario-start s3-update
bench-scenario-end s3-update
flutter-perf raw n=66 build_us=3303 raster_us=1943 total_us=5631
bench-scenario-start s3-swap
bench-scenario-end s3-swap
flutter-perf raw n=67 build_us=3001 raster_us=1883 total_us=5315
bench-scenario-start s3-clear
bench-scenario-end s3-clear
flutter-perf raw n=68 build_us=1458 raster_us=855 total_us=2744
bench-scenario-start s3-create1k
bench-scenario-end s3-create1k
flutter-perf raw n=69 build_us=10180 raster_us=1254 total_us=11746
bench-scenario-start s3-create10k
bench-scenario-end s3-create10k
flutter-perf raw n=70 build_us=6862 raster_us=1293 total_us=8452
bench-scenario-start s3-update
bench-scenario-end s3-update
flutter-perf raw n=71 build_us=3250 raster_us=1945 total_us=5626
bench-scenario-start s3-swap
bench-scenario-end s3-swap
flutter-perf raw n=72 build_us=2720 raster_us=1836 total_us=4961
bench-scenario-start s3-clear
bench-scenario-end s3-clear
flutter-perf raw n=73 build_us=1492 raster_us=909 total_us=2838
bench-scenario-start s3-create1k
bench-scenario-end s3-create1k
flutter-perf raw n=74 build_us=11079 raster_us=1345 total_us=12854
bench-scenario-start s3-create10k
bench-scenario-end s3-create10k
flutter-perf raw n=75 build_us=6732 raster_us=1193 total_us=8205
bench-scenario-start s3-update
bench-scenario-end s3-update
flutter-perf raw n=76 build_us=3186 raster_us=2117 total_us=5766
bench-scenario-start s3-swap
bench-scenario-end s3-swap
flutter-perf raw n=77 build_us=2994 raster_us=1891 total_us=5318
bench-scenario-start s3-clear
bench-scenario-end s3-clear
flutter-perf raw n=78 build_us=1398 raster_us=838 total_us=2631
bench-scenario-start s3-create1k
bench-scenario-end s3-create1k
flutter-perf raw n=79 build_us=11309 raster_us=1479 total_us=13095
bench-scenario-start s3-create10k
bench-scenario-end s3-create10k
flutter-perf raw n=80 build_us=6871 raster_us=1295 total_us=8488
bench-scenario-start s3-update
bench-scenario-end s3-update
flutter-perf raw n=81 build_us=3232 raster_us=1971 total_us=5641
bench-scenario-start s3-swap
bench-scenario-end s3-swap
flutter-perf raw n=82 build_us=2720 raster_us=1368 total_us=4494
bench-scenario-start s3-clear
bench-scenario-end s3-clear
flutter-perf raw n=83 build_us=1524 raster_us=848 total_us=2804
bench-scenario-start s3-create1k
bench-scenario-end s3-create1k
flutter-perf raw n=84 build_us=7602 raster_us=1074 total_us=9104
bench-scenario-start s3-create10k
bench-scenario-end s3-create10k
flutter-perf raw n=85 build_us=6833 raster_us=1497 total_us=8672
bench-scenario-start s3-update
bench-scenario-end s3-update
flutter-perf raw n=86 build_us=3331 raster_us=1845 total_us=5468
bench-scenario-start s3-swap
bench-scenario-end s3-swap
flutter-perf raw n=87 build_us=2852 raster_us=1855 total_us=5057
bench-scenario-start s3-clear
bench-scenario-end s3-clear
flutter-perf raw n=88 build_us=1481 raster_us=847 total_us=2752
bench-scenario-start s3-create1k
bench-scenario-end s3-create1k
flutter-perf raw n=89 build_us=11010 raster_us=1373 total_us=12743
bench-scenario-start s3-create10k
bench-scenario-end s3-create10k
flutter-perf raw n=90 build_us=6889 raster_us=1307 total_us=8493
bench-scenario-start s3-update
bench-scenario-end s3-update
flutter-perf raw n=91 build_us=3239 raster_us=2006 total_us=5676
bench-scenario-start s3-swap
bench-scenario-end s3-swap
flutter-perf raw n=92 build_us=2698 raster_us=1823 total_us=4943
bench-scenario-start s3-clear
bench-scenario-end s3-clear
flutter-perf raw n=93 build_us=1402 raster_us=851 total_us=2693
bench-scenario-start s3-create1k
bench-scenario-end s3-create1k
flutter-perf raw n=94 build_us=12307 raster_us=1375 total_us=14091
bench-scenario-start s3-create10k
bench-scenario-end s3-create10k
flutter-perf raw n=95 build_us=6954 raster_us=1292 total_us=8547
bench-scenario-start s3-update
bench-scenario-end s3-update
flutter-perf raw n=96 build_us=3269 raster_us=1894 total_us=5547
bench-scenario-start s3-swap
bench-scenario-end s3-swap
flutter-perf raw n=97 build_us=3003 raster_us=1851 total_us=5251
bench-scenario-start s3-clear
bench-scenario-end s3-clear
flutter-perf raw n=98 build_us=1466 raster_us=894 total_us=2793
bench-scenario-start s3-create1k
bench-scenario-end s3-create1k
flutter-perf raw n=99 build_us=10771 raster_us=1342 total_us=12466
bench-scenario-start s3-create10k
bench-scenario-end s3-create10k
flutter-perf raw n=100 build_us=4717 raster_us=1009 total_us=5959
bench-scenario-start s3-update
bench-scenario-end s3-update
flutter-perf raw n=101 build_us=3198 raster_us=1877 total_us=5478
bench-scenario-start s3-swap
bench-scenario-end s3-swap
flutter-perf raw n=102 build_us=2953 raster_us=2094 total_us=5484
