bench-scenario-start s3
bench-scenario-start s3-create1k
bench-scenario-end s3-create1k
flutter-perf raw n=3 build_us=156 raster_us=11830 total_us=12136
bench-scenario-start s3-create10k
bench-scenario-end s3-create10k
flutter-perf raw n=4 build_us=4762 raster_us=2464 total_us=7553
flutter-perf raw n=5 build_us=297 raster_us=2908 total_us=3715
bench-scenario-start s3-update
bench-scenario-end s3-update
flutter-perf raw n=6 build_us=4117 raster_us=1668 total_us=6159
bench-scenario-start s3-swap
bench-scenario-end s3-swap
flutter-perf raw n=7 build_us=3346 raster_us=2355 total_us=6135
bench-scenario-start s3-clear
bench-scenario-end s3-clear
flutter-perf raw n=8 build_us=1282 raster_us=843 total_us=2486
bench-scenario-start s3-create1k
bench-scenario-end s3-create1k
flutter-perf raw n=9 build_us=15017 raster_us=1839 total_us=17313
bench-scenario-start s3-create10k
bench-scenario-end s3-create10k
flutter-perf raw n=10 build_us=7318 raster_us=1217 total_us=8829
bench-scenario-start s3-update
bench-scenario-end s3-update
flutter-perf raw n=11 build_us=2984 raster_us=1882 total_us=5286
bench-scenario-start s3-swap
bench-scenario-end s3-swap
flutter-perf raw n=12 build_us=2961 raster_us=1880 total_us=5264
bench-scenario-start s3-clear
bench-scenario-end s3-clear
flutter-perf raw n=13 build_us=1433 raster_us=941 total_us=2783
bench-scenario-start s3-create1k
bench-scenario-end s3-create1k
flutter-perf raw n=14 build_us=11465 raster_us=1373 total_us=13244
bench-scenario-start s3-create10k
bench-scenario-end s3-create10k
flutter-perf raw n=15 build_us=5528 raster_us=1185 total_us=6973
bench-scenario-start s3-update
bench-scenario-end s3-update
flutter-perf raw n=16 build_us=3066 raster_us=1870 total_us=5288
bench-scenario-start s3-swap
bench-scenario-end s3-swap
flutter-perf raw n=17 build_us=2768 raster_us=1958 total_us=5173
bench-scenario-start s3-clear
bench-scenario-end s3-clear
flutter-perf raw n=18 build_us=1412 raster_us=874 total_us=2696
bench-scenario-start s3-create1k
bench-scenario-end s3-create1k
flutter-perf raw n=19 build_us=11039 raster_us=1411 total_us=12890
bench-scenario-start s3-create10k
bench-scenario-end s3-create10k
flutter-perf raw n=20 build_us=7253 raster_us=1246 total_us=8802
bench-scenario-start s3-update
bench-scenario-end s3-update
flutter-perf raw n=21 build_us=3178 raster_us=2217 total_us=5796
bench-scenario-start s3-swap
bench-scenario-end s3-swap
flutter-perf raw n=22 build_us=2936 raster_us=1931 total_us=5302
bench-scenario-start s3-clear
bench-scenario-end s3-clear
flutter-perf raw n=23 build_us=1521 raster_us=916 total_us=2868
bench-scenario-start s3-create1k
bench-scenario-end s3-create1k
flutter-perf raw n=24 build_us=10779 raster_us=1472 total_us=12716
bench-scenario-start s3-create10k
bench-scenario-end s3-create10k
flutter-perf raw n=25 build_us=7273 raster_us=1478 total_us=9070
bench-scenario-start s3-update
bench-scenario-end s3-update
flutter-perf raw n=26 build_us=3020 raster_us=1938 total_us=5409
bench-scenario-start s3-swap
bench-scenario-end s3-swap
flutter-perf raw n=27 build_us=2840 raster_us=1910 total_us=5173
bench-scenario-start s3-clear
bench-scenario-end s3-clear
flutter-perf raw n=28 build_us=1514 raster_us=943 total_us=2889
bench-scenario-start s3-create1k
bench-scenario-end s3-create1k
flutter-perf raw n=29 build_us=11066 raster_us=1402 total_us=12870
bench-scenario-start s3-create10k
bench-scenario-end s3-create10k
flutter-perf raw n=30 build_us=6789 raster_us=1196 total_us=8293
bench-scenario-start s3-update
bench-scenario-end s3-update
flutter-perf raw n=31 build_us=3200 raster_us=2025 total_us=5671
bench-scenario-start s3-swap
bench-scenario-end s3-swap
flutter-perf raw n=32 build_us=3001 raster_us=2019 total_us=5464
bench-scenario-start s3-clear
bench-scenario-end s3-clear
flutter-perf raw n=33 build_us=1460 raster_us=921 total_us=2800
bench-scenario-start s3-create1k
bench-scenario-end s3-create1k
flutter-perf raw n=34 build_us=10758 raster_us=1352 total_us=12499
bench-scenario-start s3-create10k
bench-scenario-end s3-create10k
flutter-perf raw n=35 build_us=7007 raster_us=1327 total_us=8675
bench-scenario-start s3-update
bench-scenario-end s3-update
flutter-perf raw n=36 build_us=2993 raster_us=1194 total_us=4577
bench-scenario-start s3-swap
bench-scenario-end s3-swap
flutter-perf raw n=37 build_us=2855 raster_us=1872 total_us=5170
bench-scenario-start s3-clear
bench-scenario-end s3-clear
flutter-perf raw n=38 build_us=1408 raster_us=834 total_us=2665
bench-scenario-start s3-create1k
bench-scenario-end s3-create1k
flutter-perf raw n=39 build_us=10965 raster_us=1355 total_us=12688
bench-scenario-start s3-create10k
bench-scenario-end s3-create10k
flutter-perf raw n=40 build_us=6844 raster_us=1225 total_us=8453
bench-scenario-start s3-update
bench-scenario-end s3-update
flutter-perf raw n=41 build_us=3190 raster_us=1857 total_us=5446
bench-scenario-start s3-swap
bench-scenario-end s3-swap
flutter-perf raw n=42 build_us=2827 raster_us=1804 total_us=4995
bench-scenario-start s3-clear
bench-scenario-end s3-clear
flutter-perf raw n=43 build_us=1381 raster_us=809 total_us=2618
bench-scenario-start s3-create1k
bench-scenario-end s3-create1k
flutter-perf raw n=44 build_us=10486 raster_us=1344 total_us=12254
bench-scenario-start s3-create10k
bench-scenario-end s3-create10k
flutter-perf raw n=45 build_us=7358 raster_us=1188 total_us=8905
bench-scenario-start s3-update
bench-scenario-end s3-update
flutter-perf raw n=46 build_us=3056 raster_us=1764 total_us=5257
bench-scenario-start s3-swap
bench-scenario-end s3-swap
flutter-perf raw n=47 build_us=2779 raster_us=1816 total_us=5050
bench-scenario-start s3-clear
bench-scenario-end s3-clear
flutter-perf raw n=48 build_us=1443 raster_us=943 total_us=2822
bench-scenario-start s3-create1k
bench-scenario-end s3-create1k
flutter-perf raw n=49 build_us=10609 raster_us=1409 total_us=12424
bench-scenario-start s3-create10k
bench-scenario-end s3-create10k
flutter-perf raw n=50 build_us=7589 raster_us=1368 total_us=9278
bench-scenario-start s3-update
bench-scenario-end s3-update
flutter-perf raw n=51 build_us=2949 raster_us=1909 total_us=5299
bench-scenario-start s3-swap
bench-scenario-end s3-swap
flutter-perf raw n=52 build_us=2990 raster_us=1777 total_us=5185
bench-scenario-start s3-clear
bench-scenario-end s3-clear
flutter-perf raw n=53 build_us=1454 raster_us=921 total_us=2756
bench-scenario-start s3-create1k
bench-scenario-end s3-create1k
flutter-perf raw n=54 build_us=10837 raster_us=1327 total_us=12618
bench-scenario-start s3-create10k
bench-scenario-end s3-create10k
flutter-perf raw n=55 build_us=7045 raster_us=1393 total_us=8729
bench-scenario-start s3-update
bench-scenario-end s3-update
flutter-perf raw n=56 build_us=3196 raster_us=1838 total_us=5468
bench-scenario-start s3-swap
bench-scenario-end s3-swap
flutter-perf raw n=57 build_us=2724 raster_us=1846 total_us=5001
bench-scenario-start s3-clear
bench-scenario-end s3-clear
flutter-perf raw n=58 build_us=1481 raster_us=952 total_us=2847
bench-scenario-start s3-create1k
bench-scenario-end s3-create1k
flutter-perf raw n=59 build_us=11021 raster_us=1401 total_us=12883
bench-scenario-start s3-create10k
bench-scenario-end s3-create10k
flutter-perf raw n=60 build_us=7127 raster_us=1201 total_us=8665
bench-scenario-start s3-update
bench-scenario-end s3-update
flutter-perf raw n=61 build_us=3005 raster_us=1591 total_us=5008
bench-scenario-start s3-swap
bench-scenario-end s3-swap
flutter-perf raw n=62 build_us=2797 raster_us=1896 total_us=5128
bench-scenario-start s3-clear
bench-scenario-end s3-clear
flutter-perf raw n=63 build_us=1472 raster_us=754 total_us=2651
bench-scenario-start s3-create1k
bench-scenario-end s3-create1k
flutter-perf raw n=64 build_us=11197 raster_us=1341 total_us=12862
bench-scenario-start s3-create10k
bench-scenario-end s3-create10k
flutter-perf raw n=65 build_us=6565 raster_us=1244 total_us=8098
bench-scenario-start s3-update
bench-scenario-end s3-update
flutter-perf raw n=66 build_us=3153 raster_us=1908 total_us=5479
bench-scenario-start s3-swap
bench-scenario-end s3-swap
flutter-perf raw n=67 build_us=2898 raster_us=2064 total_us=5429
bench-scenario-start s3-clear
bench-scenario-end s3-clear
flutter-perf raw n=68 build_us=1494 raster_us=895 total_us=2827
bench-scenario-start s3-create1k
bench-scenario-end s3-create1k
flutter-perf raw n=69 build_us=10793 raster_us=1426 total_us=12600
bench-scenario-start s3-create10k
bench-scenario-end s3-create10k
flutter-perf raw n=70 build_us=8251 raster_us=1177 total_us=9806
bench-scenario-start s3-update
bench-scenario-end s3-update
flutter-perf raw n=71 build_us=2870 raster_us=1820 total_us=5056
bench-scenario-start s3-swap
bench-scenario-end s3-swap
flutter-perf raw n=72 build_us=3099 raster_us=1966 total_us=5512
bench-scenario-start s3-clear
bench-scenario-end s3-clear
flutter-perf raw n=73 build_us=1355 raster_us=811 total_us=2439
bench-scenario-start s3-create1k
bench-scenario-end s3-create1k
flutter-perf raw n=74 build_us=10147 raster_us=1351 total_us=11919
bench-scenario-start s3-create10k
bench-scenario-end s3-create10k
flutter-perf raw n=75 build_us=6685 raster_us=1185 total_us=8198
bench-scenario-start s3-update
bench-scenario-end s3-update
flutter-perf raw n=76 build_us=3165 raster_us=1943 total_us=5568
bench-scenario-start s3-swap
bench-scenario-end s3-swap
flutter-perf raw n=77 build_us=2944 raster_us=1870 total_us=5275
bench-scenario-start s3-clear
bench-scenario-end s3-clear
flutter-perf raw n=78 build_us=1503 raster_us=952 total_us=2850
