bench-scenario-start s3
bench-scenario-start s3-create1k
bench-scenario-end s3-create1k
flutter-perf raw n=3 build_us=161 raster_us=11956 total_us=12256
bench-scenario-start s3-create10k
bench-scenario-end s3-create10k
flutter-perf raw n=4 build_us=2606 raster_us=4416 total_us=7233
flutter-perf raw n=5 build_us=240 raster_us=2499 total_us=2936
bench-scenario-start s3-update
bench-scenario-end s3-update
flutter-perf raw n=6 build_us=4093 raster_us=1637 total_us=6118
bench-scenario-start s3-swap
bench-scenario-end s3-swap
flutter-perf raw n=7 build_us=3514 raster_us=1561 total_us=5576
bench-scenario-start s3-clear
bench-scenario-end s3-clear
flutter-perf raw n=8 build_us=996 raster_us=661 total_us=1886
bench-scenario-start s3-create1k
bench-scenario-end s3-create1k
flutter-perf raw n=9 build_us=13714 raster_us=1631 total_us=15740
bench-scenario-start s3-create10k
bench-scenario-end s3-create10k
flutter-perf raw n=10 build_us=7220 raster_us=1213 total_us=8734
bench-scenario-start s3-update
bench-scenario-end s3-update
flutter-perf raw n=11 build_us=3265 raster_us=1488 total_us=5207
bench-scenario-start s3-swap
bench-scenario-end s3-swap
flutter-perf raw n=12 build_us=3044 raster_us=1987 total_us=5455
bench-scenario-start s3-clear
bench-scenario-end s3-clear
flutter-perf raw n=13 build_us=1402 raster_us=915 total_us=2705
bench-scenario-start s3-create1k
bench-scenario-end s3-create1k
flutter-perf raw n=14 build_us=11002 raster_us=1424 total_us=12820
bench-scenario-start s3-create10k
bench-scenario-end s3-create10k
flutter-perf raw n=15 build_us=5511 raster_us=1185 total_us=7058
bench-scenario-start s3-update
bench-scenario-end s3-update
flutter-perf raw n=16 build_us=2984 raster_us=1913 total_us=5324
bench-scenario-start s3-swap
bench-scenario-end s3-swap
flutter-perf raw n=17 build_us=3017 raster_us=1964 total_us=5399
bench-scenario-start s3-clear
bench-scenario-end s3-clear
flutter-perf raw n=18 build_us=1386 raster_us=1018 total_us=2828
bench-scenario-start s3-create1k
bench-scenario-end s3-create1k
flutter-perf raw n=19 build_us=10878 raster_us=1394 total_us=12663
bench-scenario-start s3-create10k
bench-scenario-end s3-create10k
flutter-perf raw n=20 build_us=7773 raster_us=1235 total_us=9475
bench-scenario-start s3-update
bench-scenario-end s3-update
flutter-perf raw n=21 build_us=3056 raster_us=2003 total_us=5518
bench-scenario-start s3-swap
bench-scenario-end s3-swap
flutter-perf raw n=22 build_us=2940 raster_us=1847 total_us=5186
bench-scenario-start s3-clear
bench-scenario-end s3-clear
flutter-perf raw n=23 build_us=1453 raster_us=862 total_us=2742
bench-scenario-start s3-create1k
bench-scenario-end s3-create1k
flutter-perf raw n=24 build_us=11330 raster_us=1454 total_us=13192
bench-scenario-start s3-create10k
bench-scenario-end s3-create10k
flutter-perf raw n=25 build_us=6665 raster_us=1242 total_us=8215
bench-scenario-start s3-update
bench-scenario-end s3-update
flutter-perf raw n=26 build_us=2948 raster_us=1980 total_us=5349
bench-scenario-start s3-swap
bench-scenario-end s3-swap
flutter-perf raw n=27 build_us=3024 raster_us=1940 total_us=5385
bench-scenario-start s3-clear
bench-scenario-end s3-clear
flutter-perf raw n=28 build_us=1457 raster_us=925 total_us=2770
bench-scenario-start s3-create1k
bench-scenario-end s3-create1k
flutter-perf raw n=29 build_us=10639 raster_us=1471 total_us=12518
bench-scenario-start s3-create10k
bench-scenario-end s3-create10k
flutter-perf raw n=30 build_us=7203 raster_us=1435 total_us=8954
bench-scenario-start s3-update
bench-scenario-end s3-update
flutter-perf raw n=31 build_us=3250 raster_us=1935 total_us=5632
bench-scenario-start s3-swap
bench-scenario-end s3-swap
flutter-perf raw n=32 build_us=2725 raster_us=1822 total_us=4968
bench-scenario-start s3-clear
bench-scenario-end s3-clear
flutter-perf raw n=33 build_us=1495 raster_us=920 total_us=2861
bench-scenario-start s3-create1k
bench-scenario-end s3-create1k
flutter-perf raw n=34 build_us=11848 raster_us=1400 total_us=13730
bench-scenario-start s3-create10k
bench-scenario-end s3-create10k
flutter-perf raw n=35 build_us=8155 raster_us=1410 total_us=10009
bench-scenario-start s3-update
bench-scenario-end s3-update
flutter-perf raw n=36 build_us=1641 raster_us=924 total_us=2764
bench-scenario-start s3-swap
bench-scenario-end s3-swap
flutter-perf raw n=37 build_us=3075 raster_us=1955 total_us=5472
bench-scenario-start s3-clear
bench-scenario-end s3-clear
flutter-perf raw n=38 build_us=1403 raster_us=937 total_us=2800
bench-scenario-start s3-create1k
bench-scenario-end s3-create1k
flutter-perf raw n=39 build_us=11064 raster_us=1442 total_us=12946
bench-scenario-start s3-create10k
bench-scenario-end s3-create10k
flutter-perf raw n=40 build_us=7200 raster_us=1400 total_us=8949
bench-scenario-start s3-update
bench-scenario-end s3-update
flutter-perf raw n=41 build_us=3122 raster_us=1798 total_us=5287
bench-scenario-start s3-swap
bench-scenario-end s3-swap
flutter-perf raw n=42 build_us=2878 raster_us=1926 total_us=5205
bench-scenario-start s3-clear
bench-scenario-end s3-clear
flutter-perf raw n=43 build_us=1507 raster_us=950 total_us=2851
bench-scenario-start s3-create1k
bench-scenario-end s3-create1k
flutter-perf raw n=44 build_us=9872 raster_us=1269 total_us=11534
bench-scenario-start s3-create10k
bench-scenario-end s3-create10k
flutter-perf raw n=45 build_us=9972 raster_us=1330 total_us=11695
bench-scenario-start s3-update
bench-scenario-end s3-update
flutter-perf raw n=46 build_us=2907 raster_us=1923 total_us=5281
bench-scenario-start s3-swap
bench-scenario-end s3-swap
flutter-perf raw n=47 build_us=2993 raster_us=1815 total_us=5262
bench-scenario-start s3-clear
bench-scenario-end s3-clear
flutter-perf raw n=48 build_us=1537 raster_us=902 total_us=2873
bench-scenario-start s3-create1k
bench-scenario-end s3-create1k
flutter-perf raw n=49 build_us=10973 raster_us=1370 total_us=12748
bench-scenario-start s3-create10k
bench-scenario-end s3-create10k
flutter-perf raw n=50 build_us=7135 raster_us=1361 total_us=8807
bench-scenario-start s3-update
bench-scenario-end s3-update
flutter-perf raw n=51 build_us=3099 raster_us=1893 total_us=5443
bench-scenario-start s3-swap
bench-scenario-end s3-swap
flutter-perf raw n=52 build_us=2904 raster_us=1963 total_us=5277
bench-scenario-start s3-clear
bench-scenario-end s3-clear
flutter-perf raw n=53 build_us=1425 raster_us=826 total_us=2675
bench-scenario-start s3-create1k
bench-scenario-end s3-create1k
flutter-perf raw n=54 build_us=11250 raster_us=1398 total_us=13069
bench-scenario-start s3-create10k
bench-scenario-end s3-create10k
flutter-perf raw n=55 build_us=7816 raster_us=1209 total_us=9436
bench-scenario-start s3-update
bench-scenario-end s3-update
flutter-perf raw n=56 build_us=1841 raster_us=1079 total_us=3194
bench-scenario-start s3-swap
bench-scenario-end s3-swap
flutter-perf raw n=57 build_us=3077 raster_us=1951 total_us=5483
bench-scenario-start s3-clear
bench-scenario-end s3-clear
flutter-perf raw n=58 build_us=1473 raster_us=839 total_us=2730
bench-scenario-start s3-create1k
bench-scenario-end s3-create1k
flutter-perf raw n=59 build_us=10918 raster_us=1407 total_us=12682
bench-scenario-start s3-create10k
bench-scenario-end s3-create10k
flutter-perf raw n=60 build_us=6798 raster_us=1171 total_us=8342
bench-scenario-start s3-update
bench-scenario-end s3-update
flutter-perf raw n=61 build_us=2934 raster_us=1474 total_us=4820
bench-scenario-start s3-swap
bench-scenario-end s3-swap
flutter-perf raw n=62 build_us=2880 raster_us=1826 total_us=5048
bench-scenario-start s3-clear
bench-scenario-end s3-clear
flutter-perf raw n=63 build_us=1449 raster_us=701 total_us=2526
bench-scenario-start s3-create1k
bench-scenario-end s3-create1k
flutter-perf raw n=64 build_us=10631 raster_us=1400 total_us=12385
bench-scenario-start s3-create10k
bench-scenario-end s3-create10k
flutter-perf raw n=65 build_us=7093 raster_us=1425 total_us=8868
bench-scenario-start s3-update
bench-scenario-end s3-update
flutter-perf raw n=66 build_us=2833 raster_us=1801 total_us=4992
bench-scenario-start s3-swap
bench-scenario-end s3-swap
flutter-perf raw n=67 build_us=2943 raster_us=1908 total_us=5296
bench-scenario-start s3-clear
bench-scenario-end s3-clear
flutter-perf raw n=68 build_us=1489 raster_us=930 total_us=2820
bench-scenario-start s3-create1k
bench-scenario-end s3-create1k
flutter-perf raw n=69 build_us=10571 raster_us=1286 total_us=12196
bench-scenario-start s3-create10k
bench-scenario-end s3-create10k
flutter-perf raw n=70 build_us=7488 raster_us=1427 total_us=9246
bench-scenario-start s3-update
bench-scenario-end s3-update
flutter-perf raw n=71 build_us=3111 raster_us=1802 total_us=5313
bench-scenario-start s3-swap
bench-scenario-end s3-swap
flutter-perf raw n=72 build_us=2757 raster_us=1734 total_us=4936
bench-scenario-start s3-clear
bench-scenario-end s3-clear
flutter-perf raw n=73 build_us=1425 raster_us=811 total_us=2666
bench-scenario-start s3-create1k
bench-scenario-end s3-create1k
flutter-perf raw n=74 build_us=11538 raster_us=1459 total_us=13475
bench-scenario-start s3-create10k
bench-scenario-end s3-create10k
flutter-perf raw n=75 build_us=7226 raster_us=1456 total_us=8992
bench-scenario-start s3-update
bench-scenario-end s3-update
flutter-perf raw n=76 build_us=2809 raster_us=1847 total_us=5060
bench-scenario-start s3-swap
bench-scenario-end s3-swap
flutter-perf raw n=77 build_us=2886 raster_us=1880 total_us=5163
bench-scenario-start s3-clear
bench-scenario-end s3-clear
flutter-perf raw n=78 build_us=1506 raster_us=919 total_us=2847
bench-scenario-start s3-create1k
bench-scenario-end s3-create1k
flutter-perf raw n=79 build_us=11551 raster_us=1425 total_us=13417
bench-scenario-start s3-create10k
bench-scenario-end s3-create10k
flutter-perf raw n=80 build_us=7284 raster_us=1472 total_us=9081
bench-scenario-start s3-update
bench-scenario-end s3-update
flutter-perf raw n=81 build_us=3143 raster_us=1842 total_us=5410
bench-scenario-start s3-swap
bench-scenario-end s3-swap
flutter-perf raw n=82 build_us=2715 raster_us=1798 total_us=4929
bench-scenario-start s3-clear
bench-scenario-end s3-clear
flutter-perf raw n=83 build_us=1471 raster_us=913 total_us=2709
bench-scenario-start s3-create1k
bench-scenario-end s3-create1k
flutter-perf raw n=84 build_us=11393 raster_us=1359 total_us=13080
bench-scenario-start s3-create10k
bench-scenario-end s3-create10k
flutter-perf raw n=85 build_us=6975 raster_us=1125 total_us=8406
bench-scenario-start s3-update
bench-scenario-end s3-update
flutter-perf raw n=86 build_us=3071 raster_us=1653 total_us=5167
bench-scenario-start s3-swap
bench-scenario-end s3-swap
flutter-perf raw n=87 build_us=2949 raster_us=2014 total_us=5376
bench-scenario-start s3-clear
bench-scenario-end s3-clear
flutter-perf raw n=88 build_us=1164 raster_us=724 total_us=2213
bench-scenario-start s3-create1k
bench-scenario-end s3-create1k
flutter-perf raw n=89 build_us=11274 raster_us=1438 total_us=13086
bench-scenario-start s3-create10k
bench-scenario-end s3-create10k
flutter-perf raw n=90 build_us=6178 raster_us=1183 total_us=7651
bench-scenario-start s3-update
bench-scenario-end s3-update
flutter-perf raw n=91 build_us=3066 raster_us=1873 total_us=5310
bench-scenario-start s3-swap
bench-scenario-end s3-swap
flutter-perf raw n=92 build_us=2942 raster_us=2056 total_us=5400
bench-scenario-start s3-clear
bench-scenario-end s3-clear
flutter-perf raw n=93 build_us=1472 raster_us=969 total_us=2905
bench-scenario-start s3-create1k
bench-scenario-end s3-create1k
flutter-perf raw n=94 build_us=11861 raster_us=1407 total_us=13723
bench-scenario-start s3-create10k
bench-scenario-end s3-create10k
flutter-perf raw n=95 build_us=7093 raster_us=1471 total_us=8884
bench-scenario-start s3-update
bench-scenario-end s3-update
flutter-perf raw n=96 build_us=3056 raster_us=1982 total_us=5432
bench-scenario-start s3-swap
bench-scenario-end s3-swap
flutter-perf raw n=97 build_us=2986 raster_us=1875 total_us=5252
bench-scenario-start s3-clear
bench-scenario-end s3-clear
flutter-perf raw n=98 build_us=1351 raster_us=751 total_us=2528
bench-scenario-start s3-create1k
bench-scenario-end s3-create1k
flutter-perf raw n=99 build_us=11115 raster_us=1486 total_us=12972
bench-scenario-start s3-create10k
bench-scenario-end s3-create10k
flutter-perf raw n=100 build_us=7635 raster_us=988 total_us=8882
bench-scenario-start s3-update
bench-scenario-end s3-update
flutter-perf raw n=101 build_us=3300 raster_us=1891 total_us=5618
bench-scenario-start s3-swap
bench-scenario-end s3-swap
flutter-perf raw n=102 build_us=2900 raster_us=1957 total_us=5252
bench-scenario-start s3-clear
bench-scenario-end s3-clear
flutter-perf raw n=103 build_us=1488 raster_us=966 total_us=2815
bench-scenario-start s3-create1k
bench-scenario-end s3-create1k
flutter-perf raw n=104 build_us=10696 raster_us=1300 total_us=12404
bench-scenario-start s3-create10k
bench-scenario-end s3-create10k
flutter-perf raw n=105 build_us=7144 raster_us=1388 total_us=8916
bench-scenario-start s3-update
bench-scenario-end s3-update
flutter-perf raw n=106 build_us=3233 raster_us=1997 total_us=5644
bench-scenario-start s3-swap
bench-scenario-end s3-swap
flutter-perf raw n=107 build_us=3025 raster_us=1937 total_us=5349
bench-scenario-start s3-clear
bench-scenario-end s3-clear
flutter-perf raw n=108 build_us=844 raster_us=571 total_us=1594
bench-scenario-start s3-create1k
bench-scenario-end s3-create1k
flutter-perf raw n=109 build_us=4603 raster_us=999 total_us=5794
bench-scenario-start s3-create10k
bench-scenario-end s3-create10k
