bench-scenario-start s3
bench-scenario-start s3-create1k
bench-scenario-end s3-create1k
flutter-perf raw n=5 build_us=248 raster_us=12692 total_us=9286
bench-scenario-start s3-create10k
bench-scenario-end s3-create10k
flutter-perf raw n=7 build_us=7089 raster_us=4035 total_us=7692
flutter-perf raw n=9 build_us=233 raster_us=3036 total_us=-275
bench-scenario-start s3-update
bench-scenario-end s3-update
flutter-perf raw n=11 build_us=2723 raster_us=1639 total_us=4821
bench-scenario-start s3-swap
bench-scenario-end s3-swap
flutter-perf raw n=13 build_us=3296 raster_us=2366 total_us=2423
bench-scenario-start s3-clear
bench-scenario-end s3-clear
flutter-perf raw n=15 build_us=1355 raster_us=956 total_us=-1142
bench-scenario-start s3-create1k
bench-scenario-end s3-create1k
flutter-perf raw n=17 build_us=6485 raster_us=1296 total_us=4269
bench-scenario-start s3-create10k
bench-scenario-end s3-create10k
flutter-perf raw n=19 build_us=5999 raster_us=1269 total_us=7305
bench-scenario-start s3-update
bench-scenario-end s3-update
flutter-perf raw n=21 build_us=2923 raster_us=1817 total_us=1326
bench-scenario-start s3-swap
bench-scenario-end s3-swap
flutter-perf raw n=23 build_us=3083 raster_us=1806 total_us=1487
bench-scenario-start s3-clear
bench-scenario-end s3-clear
flutter-perf raw n=25 build_us=1467 raster_us=838 total_us=-1155
bench-scenario-start s3-create1k
bench-scenario-end s3-create1k
flutter-perf raw n=27 build_us=9878 raster_us=1290 total_us=7750
bench-scenario-start s3-create10k
bench-scenario-end s3-create10k
flutter-perf raw n=29 build_us=5141 raster_us=1103 total_us=2803
bench-scenario-start s3-update
bench-scenario-end s3-update
flutter-perf raw n=31 build_us=3199 raster_us=1876 total_us=1669
bench-scenario-start s3-swap
bench-scenario-end s3-swap
flutter-perf raw n=33 build_us=2628 raster_us=1240 total_us=511
bench-scenario-start s3-clear
bench-scenario-end s3-clear
flutter-perf raw n=35 build_us=1423 raster_us=886 total_us=-1114
bench-scenario-start s3-create1k
bench-scenario-end s3-create1k
flutter-perf raw n=37 build_us=7140 raster_us=1084 total_us=4736
bench-scenario-start s3-create10k
bench-scenario-end s3-create10k
flutter-perf raw n=39 build_us=8672 raster_us=1395 total_us=6666
bench-scenario-start s3-update
bench-scenario-end s3-update
flutter-perf raw n=41 build_us=2888 raster_us=1788 total_us=1347
bench-scenario-start s3-swap
bench-scenario-end s3-swap
flutter-perf raw n=43 build_us=2959 raster_us=1812 total_us=1382
bench-scenario-start s3-clear
bench-scenario-end s3-clear
flutter-perf raw n=45 build_us=1428 raster_us=1026 total_us=-987
bench-scenario-start s3-create1k
bench-scenario-end s3-create1k
flutter-perf raw n=47 build_us=10838 raster_us=1232 total_us=8631
bench-scenario-start s3-create10k
bench-scenario-end s3-create10k
flutter-perf raw n=49 build_us=7081 raster_us=1341 total_us=4936
bench-scenario-start s3-update
bench-scenario-end s3-update
flutter-perf raw n=51 build_us=3020 raster_us=1914 total_us=1524
bench-scenario-start s3-swap
bench-scenario-end s3-swap
flutter-perf raw n=53 build_us=2894 raster_us=1740 total_us=1291
bench-scenario-start s3-clear
bench-scenario-end s3-clear
flutter-perf raw n=55 build_us=1549 raster_us=992 total_us=-737
bench-scenario-start s3-create1k
bench-scenario-end s3-create1k
flutter-perf raw n=57 build_us=10141 raster_us=1244 total_us=7931
bench-scenario-start s3-create10k
bench-scenario-end s3-create10k
flutter-perf raw n=59 build_us=7582 raster_us=1249 total_us=5331
bench-scenario-start s3-update
bench-scenario-end s3-update
flutter-perf raw n=61 build_us=3077 raster_us=1854 total_us=1458
bench-scenario-start s3-swap
bench-scenario-end s3-swap
flutter-perf raw n=63 build_us=2948 raster_us=1743 total_us=1343
bench-scenario-start s3-clear
bench-scenario-end s3-clear
flutter-perf raw n=65 build_us=1455 raster_us=935 total_us=-894
bench-scenario-start s3-create1k
bench-scenario-end s3-create1k
flutter-perf raw n=67 build_us=9546 raster_us=1268 total_us=7536
bench-scenario-start s3-create10k
bench-scenario-end s3-create10k
flutter-perf raw n=69 build_us=6877 raster_us=1136 total_us=4494
bench-scenario-start s3-update
bench-scenario-end s3-update
flutter-perf raw n=71 build_us=2204 raster_us=1202 total_us=-50
bench-scenario-start s3-swap
bench-scenario-end s3-swap
flutter-perf raw n=73 build_us=2859 raster_us=1879 total_us=1396
bench-scenario-start s3-clear
bench-scenario-end s3-clear
flutter-perf raw n=75 build_us=1526 raster_us=914 total_us=-936
bench-scenario-start s3-create1k
bench-scenario-end s3-create1k
flutter-perf raw n=77 build_us=10190 raster_us=1298 total_us=8132
bench-scenario-start s3-create10k
bench-scenario-end s3-create10k
flutter-perf raw n=79 build_us=6351 raster_us=1124 total_us=4118
bench-scenario-start s3-update
bench-scenario-end s3-update
flutter-perf raw n=81 build_us=3179 raster_us=1821 total_us=1546
bench-scenario-start s3-swap
bench-scenario-end s3-swap
flutter-perf raw n=83 build_us=2745 raster_us=1472 total_us=865
bench-scenario-start s3-clear
bench-scenario-end s3-clear
flutter-perf raw n=85 build_us=1519 raster_us=895 total_us=-992
bench-scenario-start s3-create1k
bench-scenario-end s3-create1k
flutter-perf raw n=87 build_us=8165 raster_us=1123 total_us=6062
bench-scenario-start s3-create10k
bench-scenario-end s3-create10k
flutter-perf raw n=89 build_us=7429 raster_us=1329 total_us=5347
bench-scenario-start s3-update
bench-scenario-end s3-update
flutter-perf raw n=91 build_us=3052 raster_us=1753 total_us=1501
bench-scenario-start s3-swap
bench-scenario-end s3-swap
flutter-perf raw n=93 build_us=2930 raster_us=1723 total_us=1184
bench-scenario-start s3-clear
bench-scenario-end s3-clear
flutter-perf raw n=95 build_us=1474 raster_us=897 total_us=-1064
bench-scenario-start s3-create1k
bench-scenario-end s3-create1k
flutter-perf raw n=97 build_us=10212 raster_us=1287 total_us=8093
bench-scenario-start s3-create10k
bench-scenario-end s3-create10k
flutter-perf raw n=99 build_us=6864 raster_us=1148 total_us=4549
bench-scenario-start s3-update
bench-scenario-end s3-update
flutter-perf raw n=101 build_us=3114 raster_us=1753 total_us=1468
bench-scenario-start s3-swap
bench-scenario-end s3-swap
flutter-perf raw n=103 build_us=2927 raster_us=1830 total_us=1411
bench-scenario-start s3-clear
bench-scenario-end s3-clear
flutter-perf raw n=105 build_us=1532 raster_us=901 total_us=-1047
bench-scenario-start s3-create1k
bench-scenario-end s3-create1k
flutter-perf raw n=107 build_us=10933 raster_us=1174 total_us=8666
bench-scenario-start s3-create10k
bench-scenario-end s3-create10k
flutter-perf raw n=109 build_us=7033 raster_us=1126 total_us=4690
bench-scenario-start s3-update
bench-scenario-end s3-update
flutter-perf raw n=111 build_us=3118 raster_us=1185 total_us=1072
bench-scenario-start s3-swap
bench-scenario-end s3-swap
flutter-perf raw n=113 build_us=2876 raster_us=1731 total_us=1257
bench-scenario-start s3-clear
bench-scenario-end s3-clear
flutter-perf raw n=115 build_us=1521 raster_us=1022 total_us=-792
bench-scenario-start s3-create1k
bench-scenario-end s3-create1k
flutter-perf raw n=117 build_us=10947 raster_us=1313 total_us=8869
bench-scenario-start s3-create10k
bench-scenario-end s3-create10k
flutter-perf raw n=119 build_us=8385 raster_us=1150 total_us=6029
bench-scenario-start s3-update
bench-scenario-end s3-update
flutter-perf raw n=121 build_us=2883 raster_us=1706 total_us=1150
bench-scenario-start s3-swap
bench-scenario-end s3-swap
flutter-perf raw n=123 build_us=2851 raster_us=1770 total_us=1217
bench-scenario-start s3-clear
bench-scenario-end s3-clear
flutter-perf raw n=125 build_us=1474 raster_us=1014 total_us=-922
bench-scenario-start s3-create1k
bench-scenario-end s3-create1k
flutter-perf raw n=127 build_us=10501 raster_us=1344 total_us=8597
bench-scenario-start s3-create10k
bench-scenario-end s3-create10k
flutter-perf raw n=129 build_us=6709 raster_us=1164 total_us=4393
bench-scenario-start s3-update
bench-scenario-end s3-update
flutter-perf raw n=131 build_us=1934 raster_us=1089 total_us=-559
bench-scenario-start s3-swap
bench-scenario-end s3-swap
flutter-perf raw n=133 build_us=2699 raster_us=1759 total_us=1101
bench-scenario-start s3-clear
bench-scenario-end s3-clear
flutter-perf raw n=135 build_us=1439 raster_us=953 total_us=-987
bench-scenario-start s3-create1k
bench-scenario-end s3-create1k
flutter-perf raw n=137 build_us=8930 raster_us=1122 total_us=6777
bench-scenario-start s3-create10k
bench-scenario-end s3-create10k
flutter-perf raw n=139 build_us=7291 raster_us=1204 total_us=5129
bench-scenario-start s3-update
bench-scenario-end s3-update
flutter-perf raw n=141 build_us=1634 raster_us=959 total_us=-1019
bench-scenario-start s3-swap
bench-scenario-end s3-swap
flutter-perf raw n=143 build_us=3014 raster_us=1860 total_us=1398
bench-scenario-start s3-clear
bench-scenario-end s3-clear
flutter-perf raw n=145 build_us=1475 raster_us=950 total_us=1891
bench-scenario-start s3-create1k
bench-scenario-end s3-create1k
flutter-perf raw n=147 build_us=9339 raster_us=1208 total_us=7127
bench-scenario-start s3-create10k
bench-scenario-end s3-create10k
flutter-perf raw n=149 build_us=7403 raster_us=1210 total_us=5259
bench-scenario-start s3-update
bench-scenario-end s3-update
flutter-perf raw n=151 build_us=3060 raster_us=1828 total_us=1549
bench-scenario-start s3-swap
bench-scenario-end s3-swap
flutter-perf raw n=153 build_us=2906 raster_us=1779 total_us=1329
bench-scenario-start s3-clear
bench-scenario-end s3-clear
flutter-perf raw n=155 build_us=1482 raster_us=911 total_us=-1008
bench-scenario-start s3-create1k
bench-scenario-end s3-create1k
flutter-perf raw n=157 build_us=11184 raster_us=1145 total_us=8947
bench-scenario-start s3-create10k
bench-scenario-end s3-create10k
flutter-perf raw n=159 build_us=6730 raster_us=1098 total_us=4303
bench-scenario-start s3-update
bench-scenario-end s3-update
flutter-perf raw n=161 build_us=3142 raster_us=1729 total_us=1509
bench-scenario-start s3-swap
bench-scenario-end s3-swap
flutter-perf raw n=163 build_us=2917 raster_us=1749 total_us=1342
bench-scenario-start s3-clear
bench-scenario-end s3-clear
flutter-perf raw n=165 build_us=1434 raster_us=852 total_us=-1123
bench-scenario-start s3-create1k
bench-scenario-end s3-create1k
flutter-perf raw n=167 build_us=10547 raster_us=1260 total_us=8320
bench-scenario-start s3-create10k
bench-scenario-end s3-create10k
flutter-perf raw n=169 build_us=6922 raster_us=1097 total_us=4448
bench-scenario-start s3-update
bench-scenario-end s3-update
flutter-perf raw n=171 build_us=2936 raster_us=1705 total_us=1258
bench-scenario-start s3-swap
bench-scenario-end s3-swap
flutter-perf raw n=173 build_us=2820 raster_us=1867 total_us=1357
bench-scenario-start s3-clear
bench-scenario-end s3-clear
flutter-perf raw n=175 build_us=1544 raster_us=913 total_us=-873
bench-scenario-start s3-create1k
bench-scenario-end s3-create1k
flutter-perf raw n=177 build_us=6561 raster_us=963 total_us=3890
bench-scenario-start s3-create10k
bench-scenario-end s3-create10k
flutter-perf raw n=179 build_us=5720 raster_us=1101 total_us=7057
bench-scenario-start s3-update
bench-scenario-end s3-update
flutter-perf raw n=181 build_us=3280 raster_us=1798 total_us=1722
bench-scenario-start s3-swap
bench-scenario-end s3-swap
flutter-perf raw n=183 build_us=2765 raster_us=1727 total_us=1206
bench-scenario-start s3-clear
bench-scenario-end s3-clear
flutter-perf raw n=185 build_us=1439 raster_us=982 total_us=-909
bench-scenario-start s3-create1k
bench-scenario-end s3-create1k
flutter-perf raw n=187 build_us=10396 raster_us=1235 total_us=8338
bench-scenario-start s3-create10k
bench-scenario-end s3-create10k
flutter-perf raw n=189 build_us=7126 raster_us=1351 total_us=4999
bench-scenario-start s3-update
bench-scenario-end s3-update
flutter-perf raw n=191 build_us=2342 raster_us=1344 total_us=240
bench-scenario-start s3-swap
bench-scenario-end s3-swap
flutter-perf raw n=193 build_us=2862 raster_us=1744 total_us=1167
bench-scenario-start s3-clear
bench-scenario-end s3-clear
flutter-perf raw n=195 build_us=1153 raster_us=771 total_us=-1566
bench-scenario-start s3-create1k
bench-scenario-end s3-create1k
flutter-perf raw n=197 build_us=10777 raster_us=1396 total_us=9359
bench-scenario-start s3-create10k
bench-scenario-end s3-create10k
flutter-perf raw n=199 build_us=6816 raster_us=1117 total_us=4460
bench-scenario-start s3-update
bench-scenario-end s3-update
flutter-perf raw n=201 build_us=1752 raster_us=977 total_us=-946
