=== RUN Tue 09/01/2026 21:57:02.82 ===
[frust INFO] frust-shell-desktop: logger initialized
[frust INFO] frust-shell-desktop window size=800x600 logical maximized=false source=default
[frust INFO] frust-perf surface-caps formats=[Bgra8UnormSrgb,Rgba8UnormSrgb,Bgra8Unorm,Rgba8Unorm] usages=TextureUsages(COPY_SRC | COPY_DST | TEXTURE_BINDING | STORAGE_BINDING | RENDER_ATTACHMENT | STORAGE_ATOMIC) direct_to_surface=YES (Rgba8Unorm+STORAGE_BINDING)
[frust INFO] frust-perf render-path direct (Rgba8Unorm+STORAGE_BINDING)
[frust INFO] frust-render render-scale=1 blit-target=800x580
[frust INFO] frust-render surface-caps: alpha_modes=[Opaque, Inherit] chosen=Auto
[frust INFO] frust-render aa-mode=area
[frust INFO] Initialising shader modules in parallel using 6 threads
[frust INFO] frust-perf raw n=1 total_us=31676 rebuild_us=34 layout_us=1 paint_us=19 encode_us=84 acquire_us=17 submit_us=31519 skipped=0 gpu_q=0
[frust INFO] frust-perf startup init_entry=0ms adapter_ready=972ms device_ready=972ms pipeline_cache_restored=972ms renderer_ready=972ms first_rebuild_done=1034ms first_encode_done=1034ms first_frame_presented=1066ms
=== RUN Tue 09/01/2026 21:57:20.72 ===
[frust INFO] frust-shell-desktop: logger initialized
[frust INFO] frust-shell-desktop window size=800x600 logical maximized=false source=default
[frust INFO] frust-perf surface-caps formats=[Bgra8UnormSrgb,Rgba8UnormSrgb,Bgra8Unorm,Rgba8Unorm] usages=TextureUsages(COPY_SRC | COPY_DST | TEXTURE_BINDING | STORAGE_BINDING | RENDER_ATTACHMENT | STORAGE_ATOMIC) direct_to_surface=YES (Rgba8Unorm+STORAGE_BINDING)
[frust INFO] frust-perf render-path direct (Rgba8Unorm+STORAGE_BINDING)
[frust INFO] frust-render render-scale=1 blit-target=800x580
[frust INFO] frust-render surface-caps: alpha_modes=[Opaque, Inherit] chosen=Auto
[frust INFO] frust-render aa-mode=area
[frust INFO] Initialising shader modules in parallel using 6 threads
[frust INFO] frust-perf raw n=1 total_us=19668 rebuild_us=19 layout_us=1 paint_us=8 encode_us=18209 acquire_us=19 submit_us=1409 skipped=0 gpu_q=0
[frust INFO] frust-perf startup init_entry=0ms adapter_ready=131ms device_ready=131ms pipeline_cache_restored=131ms renderer_ready=131ms first_rebuild_done=177ms first_encode_done=195ms first_frame_presented=197ms
[frust INFO] frust-perf raw n=2 total_us=11916 rebuild_us=20 layout_us=1 paint_us=18 encode_us=10083 acquire_us=18 submit_us=1774 skipped=0 gpu_q=0
[frust INFO] frust-perf raw n=3 total_us=9933 rebuild_us=17 layout_us=1 paint_us=17 encode_us=8268 acquire_us=16 submit_us=1613 skipped=0 gpu_q=0
[frust INFO] frust-perf raw n=4 total_us=14290 rebuild_us=18 layout_us=1 paint_us=12 encode_us=7168 acquire_us=4856 submit_us=2233 skipped=0 gpu_q=0
[frust INFO] frust-perf raw n=5 total_us=11264 rebuild_us=17 layout_us=0 paint_us=13 encode_us=6282 acquire_us=4602 submit_us=348 skipped=0 gpu_q=0
[frust INFO] frust-perf raw n=6 total_us=5764 rebuild_us=14 layout_us=0 paint_us=14 encode_us=419 acquire_us=5034 submit_us=280 skipped=0 gpu_q=0
[frust INFO] frust-perf raw n=7 total_us=31596 rebuild_us=23 layout_us=1 paint_us=19 encode_us=691 acquire_us=30548 submit_us=312 skipped=0 gpu_q=0
[frust INFO] frust-perf raw n=8 total_us=30826 rebuild_us=25 layout_us=1 paint_us=16 encode_us=745 acquire_us=29755 submit_us=281 skipped=0 gpu_q=0
[frust INFO] frust-perf raw n=9 total_us=30979 rebuild_us=18 layout_us=1 paint_us=12 encode_us=561 acquire_us=30130 submit_us=255 skipped=0 gpu_q=0
[frust INFO] frust-perf raw n=10 total_us=32428 rebuild_us=14 layout_us=1 paint_us=13 encode_us=53 acquire_us=31352 submit_us=994 skipped=0 gpu_q=0
=== RUN Tue 09/01/2026 21:57:38.64 ===
[frust INFO] frust-shell-desktop: logger initialized
[frust INFO] frust-shell-desktop window size=800x600 logical maximized=false source=default
[frust INFO] frust-perf surface-caps formats=[Bgra8UnormSrgb,Rgba8UnormSrgb,Bgra8Unorm,Rgba8Unorm] usages=TextureUsages(COPY_SRC | COPY_DST | TEXTURE_BINDING | STORAGE_BINDING | RENDER_ATTACHMENT | STORAGE_ATOMIC) direct_to_surface=YES (Rgba8Unorm+STORAGE_BINDING)
[frust INFO] frust-perf render-path direct (Rgba8Unorm+STORAGE_BINDING)
[frust INFO] frust-render render-scale=1 blit-target=800x580
[frust INFO] frust-render surface-caps: alpha_modes=[Opaque, Inherit] chosen=Auto
[frust INFO] frust-render aa-mode=area
[frust INFO] Initialising shader modules in parallel using 6 threads
[frust INFO] frust-perf raw n=1 total_us=18769 rebuild_us=20 layout_us=1 paint_us=13 encode_us=17412 acquire_us=13 submit_us=1308 skipped=0 gpu_q=0
[frust INFO] frust-perf startup init_entry=0ms adapter_ready=132ms device_ready=132ms pipeline_cache_restored=132ms renderer_ready=132ms first_rebuild_done=182ms first_encode_done=199ms first_frame_presented=201ms
[frust INFO] frust-perf raw n=2 total_us=11716 rebuild_us=17 layout_us=1 paint_us=12 encode_us=9905 acquire_us=18 submit_us=1761 skipped=0 gpu_q=0
[frust INFO] frust-perf raw n=3 total_us=10871 rebuild_us=18 layout_us=1 paint_us=14 encode_us=8465 acquire_us=20 submit_us=2352 skipped=0 gpu_q=0
[frust INFO] frust-perf raw n=4 total_us=13582 rebuild_us=24 layout_us=1 paint_us=17 encode_us=8785 acquire_us=2442 submit_us=2311 skipped=0 gpu_q=0
[frust INFO] frust-perf raw n=5 total_us=10338 rebuild_us=14 layout_us=1 paint_us=11 encode_us=8734 acquire_us=1307 submit_us=270 skipped=0 gpu_q=0
[frust INFO] frust-perf raw n=6 total_us=24509 rebuild_us=20 layout_us=1 paint_us=13 encode_us=5069 acquire_us=19111 submit_us=291 skipped=0 gpu_q=0
[frust INFO] frust-perf raw n=7 total_us=31587 rebuild_us=16 layout_us=1 paint_us=12 encode_us=607 acquire_us=30674 submit_us=274 skipped=0 gpu_q=0
[frust INFO] frust-perf raw n=8 total_us=30802 rebuild_us=18 layout_us=1 paint_us=17 encode_us=693 acquire_us=29814 submit_us=257 skipped=0 gpu_q=0
[frust INFO] frust-perf raw n=9 total_us=32812 rebuild_us=17 layout_us=1 paint_us=16 encode_us=54 acquire_us=31324 submit_us=1400 skipped=0 gpu_q=0
=== RUN Tue 09/01/2026 21:57:56.53 ===
[frust INFO] frust-shell-desktop: logger initialized
[frust INFO] frust-shell-desktop window size=800x600 logical maximized=false source=default
[frust INFO] frust-perf surface-caps formats=[Bgra8UnormSrgb,Rgba8UnormSrgb,Bgra8Unorm,Rgba8Unorm] usages=TextureUsages(COPY_SRC | COPY_DST | TEXTURE_BINDING | STORAGE_BINDING | RENDER_ATTACHMENT | STORAGE_ATOMIC) direct_to_surface=YES (Rgba8Unorm+STORAGE_BINDING)
[frust INFO] frust-perf render-path direct (Rgba8Unorm+STORAGE_BINDING)
[frust INFO] frust-render render-scale=1 blit-target=800x580
[frust INFO] frust-render surface-caps: alpha_modes=[Opaque, Inherit] chosen=Auto
[frust INFO] frust-render aa-mode=area
[frust INFO] Initialising shader modules in parallel using 6 threads
[frust INFO] frust-perf raw n=1 total_us=20670 rebuild_us=17 layout_us=1 paint_us=8 encode_us=19271 acquire_us=14 submit_us=1356 skipped=0 gpu_q=0
[frust INFO] frust-perf startup init_entry=0ms adapter_ready=134ms device_ready=134ms pipeline_cache_restored=134ms renderer_ready=134ms first_rebuild_done=188ms first_encode_done=208ms first_frame_presented=209ms
[frust INFO] frust-perf raw n=2 total_us=11458 rebuild_us=16 layout_us=0 paint_us=12 encode_us=9533 acquire_us=16 submit_us=1878 skipped=0 gpu_q=0
[frust INFO] frust-perf raw n=3 total_us=9218 rebuild_us=16 layout_us=1 paint_us=12 encode_us=7460 acquire_us=18 submit_us=1709 skipped=0 gpu_q=0
[frust INFO] frust-perf raw n=4 total_us=14939 rebuild_us=15 layout_us=1 paint_us=13 encode_us=7879 acquire_us=5183 submit_us=1846 skipped=0 gpu_q=0
[frust INFO] frust-perf raw n=5 total_us=12000 rebuild_us=17 layout_us=0 paint_us=10 encode_us=6488 acquire_us=5056 submit_us=427 skipped=0 gpu_q=0
[frust INFO] frust-perf raw n=6 total_us=8445 rebuild_us=19 layout_us=1 paint_us=19 encode_us=551 acquire_us=7615 submit_us=237 skipped=0 gpu_q=0
[frust INFO] frust-perf raw n=7 total_us=31212 rebuild_us=20 layout_us=1 paint_us=12 encode_us=592 acquire_us=30338 submit_us=246 skipped=0 gpu_q=0
[frust INFO] frust-perf raw n=8 total_us=31448 rebuild_us=18 layout_us=8 paint_us=12 encode_us=538 acquire_us=30551 submit_us=319 skipped=0 gpu_q=0
[frust INFO] frust-perf raw n=9 total_us=31374 rebuild_us=23 layout_us=1 paint_us=29 encode_us=759 acquire_us=30311 submit_us=248 skipped=0 gpu_q=0
[frust INFO] frust-perf raw n=10 total_us=32810 rebuild_us=15 layout_us=0 paint_us=10 encode_us=48 acquire_us=31282 submit_us=1453 skipped=0 gpu_q=0
=== RUN Tue 09/01/2026 21:58:14.46 ===
[frust INFO] frust-shell-desktop: logger initialized
[frust INFO] frust-shell-desktop window size=800x600 logical maximized=false source=default
[frust INFO] frust-perf surface-caps formats=[Bgra8UnormSrgb,Rgba8UnormSrgb,Bgra8Unorm,Rgba8Unorm] usages=TextureUsages(COPY_SRC | COPY_DST | TEXTURE_BINDING | STORAGE_BINDING | RENDER_ATTACHMENT | STORAGE_ATOMIC) direct_to_surface=YES (Rgba8Unorm+STORAGE_BINDING)
[frust INFO] frust-perf render-path direct (Rgba8Unorm+STORAGE_BINDING)
[frust INFO] frust-render render-scale=1 blit-target=800x580
[frust INFO] frust-render surface-caps: alpha_modes=[Opaque, Inherit] chosen=Auto
[frust INFO] frust-render aa-mode=area
[frust INFO] Initialising shader modules in parallel using 6 threads
[frust INFO] frust-perf raw n=1 total_us=27121 rebuild_us=23 layout_us=1 paint_us=10 encode_us=24734 acquire_us=19 submit_us=2330 skipped=0 gpu_q=0
[frust INFO] frust-perf startup init_entry=0ms adapter_ready=133ms device_ready=133ms pipeline_cache_restored=133ms renderer_ready=133ms first_rebuild_done=183ms first_encode_done=207ms first_frame_presented=210ms
[frust INFO] frust-perf raw n=2 total_us=14680 rebuild_us=22 layout_us=1 paint_us=20 encode_us=12643 acquire_us=20 submit_us=1973 skipped=0 gpu_q=0
[frust INFO] frust-perf raw n=3 total_us=12819 rebuild_us=18 layout_us=1 paint_us=30 encode_us=10377 acquire_us=24 submit_us=2367 skipped=0 gpu_q=0
[frust INFO] frust-perf raw n=4 total_us=9781 rebuild_us=18 layout_us=1 paint_us=17 encode_us=9053 acquire_us=12 submit_us=679 skipped=0 gpu_q=0
[frust INFO] frust-perf raw n=5 total_us=16388 rebuild_us=16 layout_us=0 paint_us=16 encode_us=5364 acquire_us=10449 submit_us=541 skipped=0 gpu_q=0
[frust INFO] frust-perf raw n=6 total_us=6314 rebuild_us=81 layout_us=2 paint_us=31 encode_us=645 acquire_us=5215 submit_us=337 skipped=0 gpu_q=0
[frust INFO] frust-perf raw n=7 total_us=30473 rebuild_us=19 layout_us=1 paint_us=18 encode_us=498 acquire_us=29666 submit_us=269 skipped=0 gpu_q=0
[frust INFO] frust-perf raw n=8 total_us=31364 rebuild_us=17 layout_us=1 paint_us=20 encode_us=842 acquire_us=30126 submit_us=355 skipped=0 gpu_q=0
[frust INFO] frust-perf raw n=9 total_us=30789 rebuild_us=18 layout_us=1 paint_us=19 encode_us=878 acquire_us=29556 submit_us=315 skipped=0 gpu_q=0
[frust INFO] frust-perf raw n=10 total_us=31942 rebuild_us=24 layout_us=1 paint_us=21 encode_us=55 acquire_us=30894 submit_us=943 skipped=0 gpu_q=0
