=== RUN Tue 09/01/2026 21:55:33.46 ===
[frust INFO] frust-shell-desktop: logger initialized
[frust INFO] frust-shell-desktop window size=800x600 logical maximized=false source=default
[frust INFO] frust-perf surface-caps formats=[Bgra8UnormSrgb,Rgba8UnormSrgb,Bgra8Unorm,Rgba8Unorm] usages=TextureUsages(COPY_SRC | COPY_DST | TEXTURE_BINDING | STORAGE_BINDING | RENDER_ATTACHMENT | STORAGE_ATOMIC) direct_to_surface=YES (Rgba8Unorm+STORAGE_BINDING)
[frust INFO] frust-perf render-path engine-direct (frust-engine into the acquired swapchain view (RENDER_ATTACHMENT, surface-reported format, surface-owned depth))
[frust INFO] frust-render render-scale=1 blit-target=800x580
[frust INFO] frust-render surface-caps: alpha_modes=[Opaque, Inherit] chosen=Auto
[frust INFO] frust-render tier=engine (frust-engine strip pipeline, format=Bgra8Unorm into a Bgra8Unorm swapchain, 800x580, adapter `Intel(R) UHD Graphics 730`)
[frust INFO] frust-perf raw n=1 total_us=188571 rebuild_us=26 layout_us=1 paint_us=15 encode_us=20 acquire_us=30 submit_us=188477 skipped=0 gpu_q=0
[frust INFO] frust-perf startup init_entry=0ms adapter_ready=339ms device_ready=339ms pipeline_cache_restored=339ms renderer_ready=339ms first_rebuild_done=400ms first_encode_done=400ms first_frame_presented=588ms
[frust INFO] frust-perf raw n=2 total_us=6784 rebuild_us=25 layout_us=1 paint_us=15 encode_us=27 acquire_us=14 submit_us=6699 skipped=0 gpu_q=0
=== RUN Tue 09/01/2026 21:55:51.23 ===
[frust INFO] frust-shell-desktop: logger initialized
[frust INFO] frust-shell-desktop window size=800x600 logical maximized=false source=default
[frust INFO] frust-perf surface-caps formats=[Bgra8UnormSrgb,Rgba8UnormSrgb,Bgra8Unorm,Rgba8Unorm] usages=TextureUsages(COPY_SRC | COPY_DST | TEXTURE_BINDING | STORAGE_BINDING | RENDER_ATTACHMENT | STORAGE_ATOMIC) direct_to_surface=YES (Rgba8Unorm+STORAGE_BINDING)
[frust INFO] frust-perf render-path engine-direct (frust-engine into the acquired swapchain view (RENDER_ATTACHMENT, surface-reported format, surface-owned depth))
[frust INFO] frust-render render-scale=1 blit-target=800x580
[frust INFO] frust-render surface-caps: alpha_modes=[Opaque, Inherit] chosen=Auto
[frust INFO] frust-render tier=engine (frust-engine strip pipeline, format=Bgra8Unorm into a Bgra8Unorm swapchain, 800x580, adapter `Intel(R) UHD Graphics 730`)
[frust INFO] frust-perf raw n=1 total_us=1425 rebuild_us=16 layout_us=1 paint_us=9 encode_us=2 acquire_us=22 submit_us=1373 skipped=0 gpu_q=0
[frust INFO] frust-perf startup init_entry=0ms adapter_ready=137ms device_ready=137ms pipeline_cache_restored=137ms renderer_ready=137ms first_rebuild_done=195ms first_encode_done=195ms first_frame_presented=196ms
[frust INFO] frust-perf raw n=2 total_us=6018 rebuild_us=13 layout_us=0 paint_us=10 encode_us=10 acquire_us=7 submit_us=5975 skipped=0 gpu_q=0
[frust INFO] frust-perf raw n=3 total_us=2172 rebuild_us=13 layout_us=0 paint_us=10 encode_us=20 acquire_us=9 submit_us=2117 skipped=0 gpu_q=0
[frust INFO] frust-perf raw n=4 total_us=1855 rebuild_us=13 layout_us=0 paint_us=13 encode_us=14 acquire_us=6 submit_us=1807 skipped=0 gpu_q=0
[frust INFO] frust-perf raw n=5 total_us=16212 rebuild_us=18 layout_us=1 paint_us=10 encode_us=10 acquire_us=13836 submit_us=2334 skipped=0 gpu_q=1 gpu_total_us=29 gpu_prepass_us=0 gpu_main_us=29 gpu_composite_us=0 gpu_blit_us=0
[frust INFO] frust-perf raw n=6 total_us=30389 rebuild_us=18 layout_us=1 paint_us=13 encode_us=16 acquire_us=28987 submit_us=1352 skipped=0 gpu_q=1 gpu_total_us=816 gpu_prepass_us=19 gpu_main_us=259 gpu_composite_us=536 gpu_blit_us=0
[frust INFO] frust-perf raw n=7 total_us=30732 rebuild_us=25 layout_us=1 paint_us=66 encode_us=31 acquire_us=29446 submit_us=1161 skipped=0 gpu_q=1 gpu_total_us=852 gpu_prepass_us=18 gpu_main_us=310 gpu_composite_us=522 gpu_blit_us=0
[frust INFO] frust-perf raw n=8 total_us=32267 rebuild_us=19 layout_us=1 paint_us=14 encode_us=21 acquire_us=29454 submit_us=2756 skipped=0 gpu_q=1 gpu_total_us=852 gpu_prepass_us=17 gpu_main_us=305 gpu_composite_us=528 gpu_blit_us=0
[frust INFO] frust-perf raw n=9 total_us=29891 rebuild_us=13 layout_us=1 paint_us=10 encode_us=19 acquire_us=29010 submit_us=837 skipped=0 gpu_q=1 gpu_total_us=795 gpu_prepass_us=21 gpu_main_us=251 gpu_composite_us=522 gpu_blit_us=0
[frust INFO] frust-perf raw n=10 total_us=32794 rebuild_us=13 layout_us=1 paint_us=9 encode_us=26 acquire_us=30840 submit_us=1902 skipped=0 gpu_q=1 gpu_total_us=809 gpu_prepass_us=34 gpu_main_us=254 gpu_composite_us=520 gpu_blit_us=0
=== RUN Tue 09/01/2026 21:56:09.10 ===
[frust INFO] frust-shell-desktop: logger initialized
[frust INFO] frust-shell-desktop window size=800x600 logical maximized=false source=default
[frust INFO] frust-perf surface-caps formats=[Bgra8UnormSrgb,Rgba8UnormSrgb,Bgra8Unorm,Rgba8Unorm] usages=TextureUsages(COPY_SRC | COPY_DST | TEXTURE_BINDING | STORAGE_BINDING | RENDER_ATTACHMENT | STORAGE_ATOMIC) direct_to_surface=YES (Rgba8Unorm+STORAGE_BINDING)
[frust INFO] frust-perf render-path engine-direct (frust-engine into the acquired swapchain view (RENDER_ATTACHMENT, surface-reported format, surface-owned depth))
[frust INFO] frust-render render-scale=1 blit-target=800x580
[frust INFO] frust-render surface-caps: alpha_modes=[Opaque, Inherit] chosen=Auto
[frust INFO] frust-render tier=engine (frust-engine strip pipeline, format=Bgra8Unorm into a Bgra8Unorm swapchain, 800x580, adapter `Intel(R) UHD Graphics 730`)
[frust INFO] frust-perf raw n=1 total_us=1415 rebuild_us=13 layout_us=0 paint_us=9 encode_us=2 acquire_us=19 submit_us=1370 skipped=0 gpu_q=0
[frust INFO] frust-perf startup init_entry=0ms adapter_ready=134ms device_ready=134ms pipeline_cache_restored=134ms renderer_ready=134ms first_rebuild_done=194ms first_encode_done=194ms first_frame_presented=196ms
[frust INFO] frust-perf raw n=2 total_us=6963 rebuild_us=14 layout_us=0 paint_us=10 encode_us=13 acquire_us=7 submit_us=6916 skipped=0 gpu_q=0
[frust INFO] frust-perf raw n=3 total_us=2055 rebuild_us=13 layout_us=1 paint_us=10 encode_us=18 acquire_us=10 submit_us=2001 skipped=0 gpu_q=0
[frust INFO] frust-perf raw n=4 total_us=1740 rebuild_us=17 layout_us=0 paint_us=11 encode_us=12 acquire_us=6 submit_us=1691 skipped=0 gpu_q=0
[frust INFO] frust-perf raw n=5 total_us=19226 rebuild_us=23 layout_us=1 paint_us=11 encode_us=10 acquire_us=16419 submit_us=2759 skipped=0 gpu_q=1 gpu_total_us=29 gpu_prepass_us=0 gpu_main_us=29 gpu_composite_us=0 gpu_blit_us=0
[frust INFO] frust-perf raw n=6 total_us=30025 rebuild_us=14 layout_us=0 paint_us=11 encode_us=13 acquire_us=28545 submit_us=1441 skipped=0 gpu_q=1 gpu_total_us=799 gpu_prepass_us=21 gpu_main_us=251 gpu_composite_us=527 gpu_blit_us=0
[frust INFO] frust-perf raw n=7 total_us=30280 rebuild_us=15 layout_us=1 paint_us=11 encode_us=24 acquire_us=29154 submit_us=1075 skipped=0 gpu_q=1 gpu_total_us=792 gpu_prepass_us=19 gpu_main_us=250 gpu_composite_us=521 gpu_blit_us=0
[frust INFO] frust-perf raw n=8 total_us=33278 rebuild_us=23 layout_us=1 paint_us=16 encode_us=18 acquire_us=30416 submit_us=2802 skipped=0 gpu_q=1 gpu_total_us=785 gpu_prepass_us=16 gpu_main_us=249 gpu_composite_us=519 gpu_blit_us=0
[frust INFO] frust-perf raw n=9 total_us=30866 rebuild_us=19 layout_us=1 paint_us=13 encode_us=14 acquire_us=28141 submit_us=2675 skipped=0 gpu_q=1 gpu_total_us=820 gpu_prepass_us=21 gpu_main_us=265 gpu_composite_us=534 gpu_blit_us=0
[frust INFO] frust-perf raw n=10 total_us=30973 rebuild_us=13 layout_us=1 paint_us=9 encode_us=22 acquire_us=29310 submit_us=1615 skipped=0 gpu_q=1 gpu_total_us=789 gpu_prepass_us=19 gpu_main_us=249 gpu_composite_us=520 gpu_blit_us=0
=== RUN Tue 09/01/2026 21:56:27.04 ===
[frust INFO] frust-shell-desktop: logger initialized
[frust INFO] frust-shell-desktop window size=800x600 logical maximized=false source=default
[frust INFO] frust-perf surface-caps formats=[Bgra8UnormSrgb,Rgba8UnormSrgb,Bgra8Unorm,Rgba8Unorm] usages=TextureUsages(COPY_SRC | COPY_DST | TEXTURE_BINDING | STORAGE_BINDING | RENDER_ATTACHMENT | STORAGE_ATOMIC) direct_to_surface=YES (Rgba8Unorm+STORAGE_BINDING)
[frust INFO] frust-perf render-path engine-direct (frust-engine into the acquired swapchain view (RENDER_ATTACHMENT, surface-reported format, surface-owned depth))
[frust INFO] frust-render render-scale=1 blit-target=800x580
[frust INFO] frust-render surface-caps: alpha_modes=[Opaque, Inherit] chosen=Auto
[frust INFO] frust-render tier=engine (frust-engine strip pipeline, format=Bgra8Unorm into a Bgra8Unorm swapchain, 800x580, adapter `Intel(R) UHD Graphics 730`)
[frust INFO] frust-perf raw n=1 total_us=1298 rebuild_us=19 layout_us=1 paint_us=10 encode_us=2 acquire_us=21 submit_us=1243 skipped=0 gpu_q=0
[frust INFO] frust-perf startup init_entry=0ms adapter_ready=160ms device_ready=160ms pipeline_cache_restored=160ms renderer_ready=160ms first_rebuild_done=222ms first_encode_done=222ms first_frame_presented=223ms
[frust INFO] frust-perf raw n=2 total_us=5806 rebuild_us=19 layout_us=1 paint_us=16 encode_us=10 acquire_us=7 submit_us=5752 skipped=0 gpu_q=0
[frust INFO] frust-perf raw n=3 total_us=2229 rebuild_us=15 layout_us=1 paint_us=11 encode_us=20 acquire_us=11 submit_us=2168 skipped=0 gpu_q=0
[frust INFO] frust-perf raw n=4 total_us=2341 rebuild_us=26 layout_us=1 paint_us=15 encode_us=23 acquire_us=6 submit_us=2268 skipped=0 gpu_q=0
[frust INFO] frust-perf raw n=5 total_us=23614 rebuild_us=17 layout_us=1 paint_us=10 encode_us=11 acquire_us=21271 submit_us=2302 skipped=0 gpu_q=1 gpu_total_us=29 gpu_prepass_us=0 gpu_main_us=29 gpu_composite_us=0 gpu_blit_us=0
[frust INFO] frust-perf raw n=6 total_us=30018 rebuild_us=28 layout_us=1 paint_us=30 encode_us=13 acquire_us=29032 submit_us=912 skipped=0 gpu_q=1 gpu_total_us=806 gpu_prepass_us=19 gpu_main_us=257 gpu_composite_us=529 gpu_blit_us=0
[frust INFO] frust-perf raw n=7 total_us=33206 rebuild_us=19 layout_us=1 paint_us=17 encode_us=20 acquire_us=29995 submit_us=3153 skipped=0 gpu_q=1 gpu_total_us=824 gpu_prepass_us=17 gpu_main_us=255 gpu_composite_us=551 gpu_blit_us=0
[frust INFO] frust-perf raw n=8 total_us=29026 rebuild_us=15 layout_us=1 paint_us=10 encode_us=18 acquire_us=27998 submit_us=982 skipped=0 gpu_q=1 gpu_total_us=796 gpu_prepass_us=24 gpu_main_us=249 gpu_composite_us=522 gpu_blit_us=0
[frust INFO] frust-perf raw n=9 total_us=33777 rebuild_us=13 layout_us=1 paint_us=11 encode_us=18 acquire_us=30634 submit_us=3099 skipped=0 gpu_q=1 gpu_total_us=802 gpu_prepass_us=27 gpu_main_us=250 gpu_composite_us=524 gpu_blit_us=0
[frust INFO] frust-perf raw n=10 total_us=30859 rebuild_us=13 layout_us=1 paint_us=10 encode_us=19 acquire_us=28749 submit_us=2066 skipped=0 gpu_q=1 gpu_total_us=800 gpu_prepass_us=23 gpu_main_us=253 gpu_composite_us=523 gpu_blit_us=0
=== RUN Tue 09/01/2026 21:56:44.91 ===
[frust INFO] frust-shell-desktop: logger initialized
[frust INFO] frust-shell-desktop window size=800x600 logical maximized=false source=default
[frust INFO] frust-perf surface-caps formats=[Bgra8UnormSrgb,Rgba8UnormSrgb,Bgra8Unorm,Rgba8Unorm] usages=TextureUsages(COPY_SRC | COPY_DST | TEXTURE_BINDING | STORAGE_BINDING | RENDER_ATTACHMENT | STORAGE_ATOMIC) direct_to_surface=YES (Rgba8Unorm+STORAGE_BINDING)
[frust INFO] frust-perf render-path engine-direct (frust-engine into the acquired swapchain view (RENDER_ATTACHMENT, surface-reported format, surface-owned depth))
[frust INFO] frust-render render-scale=1 blit-target=800x580
[frust INFO] frust-render surface-caps: alpha_modes=[Opaque, Inherit] chosen=Auto
[frust INFO] frust-render tier=engine (frust-engine strip pipeline, format=Bgra8Unorm into a Bgra8Unorm swapchain, 800x580, adapter `Intel(R) UHD Graphics 730`)
[frust INFO] frust-perf raw n=1 total_us=1687 rebuild_us=13 layout_us=0 paint_us=7 encode_us=2 acquire_us=28 submit_us=1634 skipped=0 gpu_q=0
[frust INFO] frust-perf startup init_entry=0ms adapter_ready=149ms device_ready=149ms pipeline_cache_restored=149ms renderer_ready=149ms first_rebuild_done=206ms first_encode_done=206ms first_frame_presented=208ms
[frust INFO] frust-perf raw n=2 total_us=6261 rebuild_us=24 layout_us=1 paint_us=21 encode_us=19 acquire_us=10 submit_us=6183 skipped=0 gpu_q=0
[frust INFO] frust-perf raw n=3 total_us=2222 rebuild_us=22 layout_us=1 paint_us=19 encode_us=14 acquire_us=12 submit_us=2151 skipped=0 gpu_q=0
[frust INFO] frust-perf raw n=4 total_us=1763 rebuild_us=13 layout_us=0 paint_us=13 encode_us=13 acquire_us=6 submit_us=1715 skipped=0 gpu_q=0
[frust INFO] frust-perf raw n=5 total_us=11781 rebuild_us=13 layout_us=1 paint_us=18 encode_us=11 acquire_us=9175 submit_us=2560 skipped=0 gpu_q=1 gpu_total_us=29 gpu_prepass_us=0 gpu_main_us=29 gpu_composite_us=0 gpu_blit_us=0
[frust INFO] frust-perf raw n=6 total_us=29587 rebuild_us=23 layout_us=1 paint_us=15 encode_us=19 acquire_us=28589 submit_us=937 skipped=0 gpu_q=1 gpu_total_us=804 gpu_prepass_us=20 gpu_main_us=256 gpu_composite_us=527 gpu_blit_us=0
[frust INFO] frust-perf raw n=7 total_us=28436 rebuild_us=17 layout_us=1 paint_us=19 encode_us=45 acquire_us=27233 submit_us=1117 skipped=0 gpu_q=1 gpu_total_us=867 gpu_prepass_us=26 gpu_main_us=264 gpu_composite_us=575 gpu_blit_us=0
[frust INFO] frust-perf raw n=8 total_us=5593 rebuild_us=27 layout_us=1 paint_us=18 encode_us=16 acquire_us=4325 submit_us=1203 skipped=0 gpu_q=1 gpu_total_us=787 gpu_prepass_us=16 gpu_main_us=249 gpu_composite_us=521 gpu_blit_us=0
[frust INFO] frust-perf raw n=9 total_us=29041 rebuild_us=15 layout_us=1 paint_us=25 encode_us=17 acquire_us=25585 submit_us=3395 skipped=0 gpu_q=1 gpu_total_us=837 gpu_prepass_us=22 gpu_main_us=289 gpu_composite_us=526 gpu_blit_us=0
[frust INFO] frust-perf raw n=10 total_us=845 rebuild_us=61 layout_us=4 paint_us=31 encode_us=12 acquire_us=6 submit_us=728 skipped=0 gpu_q=1 gpu_total_us=797 gpu_prepass_us=23 gpu_main_us=251 gpu_composite_us=522 gpu_blit_us=0
[frust INFO] frust-perf raw n=11 total_us=28853 rebuild_us=25 layout_us=1 paint_us=24 encode_us=13 acquire_us=27008 submit_us=1779 skipped=0 gpu_q=1 gpu_total_us=2445 gpu_prepass_us=1435 gpu_main_us=275 gpu_composite_us=733 gpu_blit_us=0
[frust INFO] frust-perf raw n=12 total_us=2652 rebuild_us=14 layout_us=1 paint_us=12 encode_us=13 acquire_us=4 submit_us=2606 skipped=0 gpu_q=1 gpu_total_us=826 gpu_prepass_us=34 gpu_main_us=263 gpu_composite_us=528 gpu_blit_us=0
