---
source: crates/frust-tui/tests/snapshots.rs
expression: "render_to_string(140, 30, &state)"
---
⚙ Frust │ huddle ▾ · frust 0.1.0 · ◌ checking…                                                                             ▶ Run    ⚒ Build 
━━━━━━━━                                                                                                                                    
                                                                                                                                            
 PROJECTS                │huddle:  1 ▶ desktop                                                                                              
  ▸ huddle               │ [1] Performance  [2] System  [3] Inspector  [4] Network                                                ● service 
                         │                              ━━━━━━━━━━━━━                                                                       
 DEVICES ↻ r             │ ✗  Could not read the widget tree                                        │ no node selected                      
   none found            │    the devtools connection closed                                        │                                       
                         │    r retries the pull                                                    │                                       
 SESSIONS                │                                                                          │                                       
   huddle                │                                                                          │                                       
   ▸ ▶ desktop           │                                                                          │                                       
                         │                                                                          │                                       
 ACTIONS                 │                                                                          │                                       
   New project · n       │                                                                          │                                       
   Add plugin · a        │                                                                          │                                       
   Doctor · d            │                                                                          │                                       
   Build · b             │                                                                          │                                       
   Clean · c             │                                                                          │                                       
   MCP off · M           │                                                                          │                                       
                         │                                                                          │                                       
                         │                                                                          │                                       
                         │                                                                          │                                       
                         │                                                                          │                                       
                         │                                                                          │                                       
                         │                                                                          │                                       
                         │                                                                          │                                       
                         │                                                                          │                                       
                         │ devtools: inspector │ ↑↓/jk move · →/Enter expand · ← collapse · Tab tree↔props · r refresh · Esc back  [mouse ✓]
● 1 running  │  r run · b build · d doctor · ⌘ palette · ? help                                                                    [mouse ✓]
