---
source: crates/frust-tui/tests/snapshots.rs
expression: "render_to_string(100, 30, &state)"
---
⚙ Frust │ huddle ▾ · frust 0.1.0 · ◌ checking…                                     ▶ Run    ⚒ Build 
━━━━━━━━                                                                                            
                                                                                                    
 PROJECTS                │huddle:  1 ▶ desktop                                                      
  ▸ huddle               │line 36                                                                   
                         │line 37                                                                   
 DEVICES ↻ r             │line 38                                                                   
   none found            │line 39                                                                   
                         │line 40                                                                   
 SESSIONS                │line 41                                                                   
   huddle                │line 42                                                                   
   ▸ ▶ desktop           │line 43                                                                   
                         │line 44                                                                   
 ACTIONS                 │line 45                                                                   
   New project · n       │line 46                                                                   
   Doctor · d            │line 47                                                                   
   Build · b             │line 48                                                                   
   Clean · c             │line 49                                                                   
                         │line 50                                                                   
                         │line 51                                                                   
                         │line 52                                                                   
                         │line 53                                                                   
                         │line 54                                                                   
                         │line 55                                                                   
                         │line 56                                                                   
                         │line 57                                                                   
                         │line 58                                                                   
                         │line 59                                                                  █
                         │● follow  ·  wrap:off                x stop · f follow · w wrap · / search
● 1 running  │  r run · b build · d doctor · ⌘ palette · ? help                            [mouse ✓]
