---
source: crates/frust-tui/tests/snapshots.rs
expression: "render_to_string(100, 30, &state)"
---
⚙ Frust │ huddle ▾ · frust 0.1.0 · ✗ missing                                       ▶ Run    ⚒ Build 
━━━━━━━━                                                                                            
                                                                                                    
 PROJECTS                │                                                                          
  ▸ huddle               │  Dashboard                                                               
                         │  ━━━━━━━━━━                                                              
 DEVICES ↻ r             │                                                                          
   none found            │  No session running — start a run to open a log tab here.                
                         │                                                                          
 SESSIONS        ╭ Doctor ────────────────────────────────────────────────────────╮                 
   none running  │                                                                │▓▓               
                 │  ✓ Rust toolchain                                              │▓▓               
 ACTIONS         │  ! Android SDK/NDK                                             │▓▓               
   New project · │      ANDROID_NDK_HOME not set                                  │▓▓               
   Add plugin · a│  ✗ Xcode                                                       │▓▓               
   Doctor · d    │      Xcode not found. Run: xcode-select --install              │▓▓               
   Build · b     │                                                                │▓▓               
   Clean · c     │   Re-run     Close                                             │▓▓               
                 │  r re-run · Esc close                                          │▓▓               
                 ╰────────────────────────────────────────────────────────────────╯▓▓               
                   ▓▓▓▓▓▓▓▓▓▓▓▓▓▓▓▓▓▓▓▓▓▓▓▓▓▓▓▓▓▓▓▓▓▓▓▓▓▓▓▓▓▓▓▓▓▓▓▓▓▓▓▓▓▓▓▓▓▓▓▓▓▓▓▓▓▓               
                         │                                                                          
                         │                                                                          
                         │                                                                          
                         │                                                                          
                         │                                                                          
                         │                                                                          
                         │                                                                          
                         │                                                                          
● ready  │  r run · b build · d doctor · ⌘ palette · ? help                                [mouse ✓]
