---
source: crates/frust-tui/tests/snapshots.rs
expression: "render_to_string(100, 30, &devices_panel_state())"
---
⚙ Frust │ huddle ▾ · frust 0.1.0 · ◌ checking…                                     ▶ Run    ⚒ Build 
━━━━━━━━                                                                                            
                                                                                                    
 PROJECTS                │                                                                          
  ▸ huddle               │  Dashboard                                                               
                         │  ━━━━━━━━━━                                                              
 DEVICES (1) ↻ r         │                                                                          
    [x] ● OnePlus 9 andr │  No session running — start a run to open a log tab here.                
  ▸ [ ] ● Pixel 7 androi │                                                                          
    [ ] ● iPhone SE ios· │                                                                          
                         │                                                                          
 SESSIONS                │                                                                          
   none running          │                                                                          
                         │                                                                          
 ACTIONS                 │                                                                          
   New project · n       │                                                                          
   Add plugin · a        │                                                                          
   Doctor · d            │                                                                          
   Build · b             │                                                                          
   Clean · c             │                                                                          
   MCP off · M           │                                                                          
                         │                                                                          
                         │                                                                          
                         │                                                                          
                         │                                                                          
                         │                                                                          
                         │                                                                          
                         │                                                                          
                         │                                                                          
● ready  │  r run · b build · d doctor · ⌘ palette · ? help                                [mouse ✓]
