---
source: crates/frust-tui/tests/snapshots.rs
expression: "render_to_string(180, 30, &state)"
---
⚙ Frust │ huddle ▾ · frust 0.1.0 · ◌ checking…                                                                                                                     ▶ Run    ⚒ Build 
━━━━━━━━                                                                                                                                                                            
                                                                                                                                                                                    
 PROJECTS                │huddle:  1 ◌ desktop                                                                                                                                      
  ▸ huddle               │ E 12:04:22 [gradle] FAILURE: Build failed with an exception.                                                                                             
                         │ E 12:04:24 [logcat] E/ActivityThread( 1234): Failed to find provider info                                                                                
 DEVICES ↻ r             │                                                                                                                                                          
   none found            │                                                                                                                                                          
                         │                                                                                                                                                          
 SESSIONS                │                                                                                                                                                          
   huddle                │                                                                                                                                                          
   ▸ ◌ desktop           │                                                                                                                                                          
                         │                                                                                                                                                          
 ACTIONS                 │                                                                                                                                                          
   New project · n       │                                                                                                                                                          
   Add plugin · a        │                                                                                                                                                          
   Doctor · d            │                                                                                                                                                          
   Build · b             │                                                                                                                                                          
   Clean · c             │                                                                                                                                                          
   MCP off · M           │                                                                                                                                                          
   DAP off · D           │                                                                                                                                                          
                         │                                                                                                                                                          
                         │                                                                                                                                                          
                         │                                                                                                                                                          
                         │                                                                                                                                                          
                         │                                                                                                                                                          
                         │                                                                                                                                                          
                         │                                                                                                                                                          
                         │● follow  ·  wrap:off  ·   all  info+  warn+  error only  4 hidden by filter                     x stop · f follow · w wrap · / search · l filter · t perf
● 1 running  │  r run · b build · d devtools · ⌘ palette · ? help                                                                                                          [mouse ✓]
