---
source: crates/frust-tui/tests/snapshots.rs
expression: "render_to_string(80, 24, &state)"
---
                                                           toolchain ◌ checking…
               ╭ Keyboard Shortcuts ────────────────────────────╮               
               │                                                │▓▓             
               │  r       Run on device(s)…                     │▓▓             
               │  x       Stop session                          │▓▓             
               │  b       Build…                                │▓▓             
               │  c       Clean…                                │▓▓             
               │  d       Doctor                                │▓▓             
               │  i       Toolchain setup…                      │▓▓             
               │  n       New project…                          │▓▓             
               │  a       Add plugin…                           │▓▓             
               │  ^O      Switch project…                       │▓▓             
               │  R       Refresh devices                       │▓▓             
               │  ⌥m      Toggle mouse capture                  │▓▓             
               │  f       Toggle follow-tail                    │▓▓             
               │  /       Search logs…                          │▓▓             
               │  l       Cycle log level filter                │▓▓             
               │  z       Toggle nearest backtrace fold         │▓▓             
               │  d       DevTools                              │▓▓             
               │  q       Quit                                  │▓▓             
               │                                                │▓▓             
               │  Esc close                                     │▓▓             
               ╰────────────────────────────────────────────────╯▓▓             
? help · ⌘ palett▓▓▓▓▓▓▓▓▓▓▓▓▓▓▓▓▓▓▓▓▓▓▓▓▓▓▓▓▓▓▓▓▓▓▓▓▓▓▓▓▓▓▓▓▓▓▓▓▓▓    [mouse ✓]
