---
source: crates/frust-tui/tests/snapshots.rs
expression: "render_to_string(100, 30, &bootstrap_state(missing_core_report(), 0))"
---
⚙ Frust │ huddle ▾ · frust 0.1.0 · ✗ missing                                       ▶ Run    ⚒ Build 
━━━━━━━━                                                                                            
                                                                                                    
 PROJECTS                │                                                                          
  ▸ huddle               │  Dashboard                                                               
             ╭ ⚙ Toolchain setup — get this machine building Frust apps ✗ [Esc] Close ╮             
 DEVICES ↻ R │                                                                        │▓▓           
   none found│  STEPS                  Prerequisites — missing                        │▓▓           
             │  ▸✗ Rust toolchain      ✗ Rust toolchain  not found                    │▓▓           
 SESSIONS    │   ! Platforms ▾                                                        │▓▓           
   none runni│     ! Android           FIX IT — one command per confirm               │▓▓           
             │     ✓ iOS               ▶ Install Rust via rustup                      │▓▓           
 ACTIONS     │     ✓ Desktop                                                          │▓▓           
   New projec│   ✗ Doctor rollup        ▶ Run in session    c copy                    │▓▓           
   Add plugin│                                                                        │▓▓           
   Doctor · i│                                                                        │▓▓           
   Build · b │                                                                        │▓▓           
   Clean · c │                                                                        │▓▓           
   MCP off · │                                                                        │▓▓           
   DAP off · │                                                                        │▓▓           
             │                                                                        │▓▓           
             │                                                                        │▓▓           
             │                                                                        │▓▓           
             │  ↑↓ steps · Space expand · Tab fix · Enter/r run · c copy · Esc close  │▓▓           
             ╰────────────────────────────────────────────────────────────────────────╯▓▓           
               ▓▓▓▓▓▓▓▓▓▓▓▓▓▓▓▓▓▓▓▓▓▓▓▓▓▓▓▓▓▓▓▓▓▓▓▓▓▓▓▓▓▓▓▓▓▓▓▓▓▓▓▓▓▓▓▓▓▓▓▓▓▓▓▓▓▓▓▓▓▓▓▓▓▓           
                         │                                                                          
                         │                                                                          
                         │                                                                          
● ready  │  o run · b build · i doctor · ⌘ palette · ? help                                [mouse ✓]
