---
source: crates/frust-tui/tests/snapshots.rs
expression: "render_to_string(100, 30, &state)"
---
⚙ Frust │ huddle ▾ · frust 0.1.0 · ◌ checking…                                     ▶ Run    ⚒ Build 
━━━━━━━━                                                                                            
                                                                                                    
 PROJECTS                │                                                                          
  ▸ huddle               │  Dashboard                                                               
                         │  ━━━━━━━━━━                                                              
 DEVICES ↻ r             │                                                                          
   none found            │  No session running — start a run to open a log tab here.                
                         │                                                                          
 SESSIONS         ╭ Add plugin ───────────────────────────────────── [Esc] Close ╮                  
   none running   │                                                              │▓▓                
                  │  ✓ Added secure-storage  ·  2 applied, 1 already present     │▓▓                
 ACTIONS          │    ✓ Cargo.toml dependency `frust-secure-storage`            │▓▓                
   New project · n│    ✓ AndroidManifest.xml permission `android.permission.USE  │▓▓                
   Add plugin · a │    • Info.plist key `NSFaceIDUsageDescription`               │▓▓                
   Doctor · d     │  See the plugin README for any remaining manual steps.       │▓▓                
   Build · b      │                                                              │▓▓                
   Clean · c      │   Back    Done    Cancel                                     │▓▓                
                  │  Enter/Esc close                                             │▓▓                
                  ╰──────────────────────────────────────────────────────────────╯▓▓                
                    ▓▓▓▓▓▓▓▓▓▓▓▓▓▓▓▓▓▓▓▓▓▓▓▓▓▓▓▓▓▓▓▓▓▓▓▓▓▓▓▓▓▓▓▓▓▓▓▓▓▓▓▓▓▓▓▓▓▓▓▓▓▓▓▓                
                         │                                                                          
                         │                                                                          
                         │                                                                          
                         │                                                                          
                         │                                                                          
                         │                                                                          
                         │                                                                          
                         │                                                                          
● ready  │  r run · b build · d doctor · ⌘ palette · ? help                                [mouse ✓]
