---
source: crates/frust-tui/tests/snapshots.rs
expression: "render_to_string(80, 24, &state)"
---
                                                           toolchain ◌ checking…
  ╭ Keyboard Shortcuts ─────────────────────────────────────────────────────╮   
  │                                                                         │▓▓ 
  │  o   Run on device(s)…               m   MCP server…                    │▓▓ 
  │  —   Run on all devices              M   Start/stop MCP server          │▓▓ 
  │  x   Stop session                    D   DAP server…                    │▓▓ 
  │  r   Hot patch now                   —   Start/stop DAP server          │▓▓ 
  │  R   Restart session                 ⌥m  Toggle mouse capture           │▓▓ 
  │  W   Watch: hot patch on save        f   Toggle follow-tail             │▓▓ 
  │  X   Close tab                       w   Toggle line wrap               │▓▓ 
  │  b   Build…                          /   Search logs…                   │▓▓ 
  │  c   Clean…                          v   Select lines…                  │▓▓ 
  │  i   Doctor                          y   Copy selection                 │▓▓ 
  │  —   Toolchain setup…                l   Cycle log level filter         │▓▓ 
  │  n   New project…                    z   Toggle nearest backtrace fold  │▓▓ 
  │  a   Add plugin…                     d   DevTools                       │▓▓ 
  │  ^O  Switch project…                 r   Refresh widget tree            │▓▓ 
  │  R   Refresh devices                 q   Quit                           │▓▓ 
  │                                                                         │▓▓ 
  │  — = palette/mouse only                                                 │▓▓ 
  │  Esc close                                                              │▓▓ 
  ╰─────────────────────────────────────────────────────────────────────────╯▓▓ 
    ▓▓▓▓▓▓▓▓▓▓▓▓▓▓▓▓▓▓▓▓▓▓▓▓▓▓▓▓▓▓▓▓▓▓▓▓▓▓▓▓▓▓▓▓▓▓▓▓▓▓▓▓▓▓▓▓▓▓▓▓▓▓▓▓▓▓▓▓▓▓▓▓▓▓▓ 
? help · ⌘ palette · a add plugin · q quit                             [mouse ✓]
