---
source: crates/frust-tui/tests/snapshots.rs
expression: "render_to_string(100, 30, &built_session_state())"
---
⚙ Frust │ huddle ▾ · frust 0.1.0 · ◌ checking…                                     ▶ Run    ⚒ Build 
━━━━━━━━                                                                                            
                                                                                                    
 PROJECTS                │huddle:  1 ✓ build apk                                                    
  ▸ huddle               │   12:00:00 [app]    Building `it.f0x.huddle`…                            
                         │   12:00:01 [app]    Built: /tmp/huddle/android/app/build/outputs/apk/rele
 DEVICES ↻ R             │                                                                          
   none found            │                                                                          
                         │                                                                          
 SESSIONS                │                                                                          
   huddle                │                                                                          
   ▸ ✓ build apk         │                                                                          
                         │                                                                          
 ACTIONS                 │                                                                          
   New project · n       │                                                                          
   Add plugin · a        │                                                                          
   Doctor · i            │                                                                          
   Build · b             │                                                                          
   Clean                 │                                                                          
   MCP off · M           │                                                                          
   DAP off · D           │                                                                          
                         │                                                                          
                         │                                                                          
                         │                                                                          
                         │                                                                          
                         │                                                                          
                         │                                                                          
                         │                                                                          
                         │● follow  ·  wrap:off     x stop · f follow · w wrap · / search · l filter
● ready  │  o run · b build · d devtools · ⌘ palette · ? help                              [mouse ✓]
