---
source: crates/frust-tui/tests/snapshots.rs
expression: "render_to_string(100, 30, &state)"
---
⚙ Frust │ huddle ▾ · frust 0.1.0 · ◌ checking…                                     ▶ Run    ⚒ Build 
━━━━━━━━                                                                                            
                                                                                                    
 PROJECTS                │                                                                          
  ▸ huddle               │  Dashboard                                                               
                         │  ━━━━━━━━━━                                                              
 DEVICES ↻ r             │                                                                          
   none found            │  No session running — start a run to open a log tab here.                
                         │                                                                          
 SESSIONS                │                                                                          
   none running   ╭ Add plugin ───────────────────────────────────── [Esc] Close ╮                  
                  │                                                              │▓▓                
 ACTIONS          │  Optional features  ·  secure-storage                        │▓▓                
   New project · n│  ▸ [✓] biometric-gate                                        │▓▓                
   Add plugin · a │        Per-store Face ID / Touch ID / BiometricPrompt gate:  │▓▓                
   Doctor · d     │                                                              │▓▓                
   Build · b      │   Back    Apply    Cancel                                    │▓▓                
   Clean · c      │  ↑/↓ move · Space toggle · Enter apply · Esc back            │▓▓                
                  ╰──────────────────────────────────────────────────────────────╯▓▓                
                    ▓▓▓▓▓▓▓▓▓▓▓▓▓▓▓▓▓▓▓▓▓▓▓▓▓▓▓▓▓▓▓▓▓▓▓▓▓▓▓▓▓▓▓▓▓▓▓▓▓▓▓▓▓▓▓▓▓▓▓▓▓▓▓▓                
                         │                                                                          
                         │                                                                          
                         │                                                                          
                         │                                                                          
                         │                                                                          
                         │                                                                          
                         │                                                                          
                         │                                                                          
                         │                                                                          
● ready  │  r run · b build · d doctor · ⌘ palette · ? help                                [mouse ✓]
