---
source: crates/frust-tui/tests/snapshots.rs
expression: "render_to_string(80, 24, &workbench_state())"
---
⚙ Frust │ huddle ▾ · frust 0.1.0 · ◌ checking…                 ▶ Run    ⚒ Build 
━━━━━━━━                                                                        
                                                                                
 PROJECTS                │                                                      
  ▸ huddle               │  Dashboard                                           
                         │  ━━━━━━━━━━                                          
 DEVICES ↻ r             │                                                      
   none found            │  No session running — start a run to open a log tab  
                         │                                                      
 SESSIONS                │                                                      
   none running          │                                                      
                         │                                                      
 ACTIONS                 │                                                      
   New project · n       │                                                      
   Doctor · d            │                                                      
   Build · b             │                                                      
   Clean · c             │                                                      
                         │                                                      
                         │                                                      
                         │                                                      
                         │                                                      
                         │                                                      
                         │                                                      
● ready  │  r run · b build · d doctor · ⌘ palette · ? help            [mouse ✓]
