---
source: crates/frust-tui/tests/snapshots.rs
expression: "render_to_string(100, 30, &multi_project_workbench_state())"
---
⚙ Frust │ bubblebench ▾ · frust 0.1.0 · ✓ toolchain                                ▶ Run    ⚒ Build 
━━━━━━━━                                                                                            
                                                                                                    
 PROJECTS                │                                                                          
  ▸ bubblebench          │  Dashboard                                                               
    huddle               │  ━━━━━━━━━━                                                              
                         │                                                                          
 DEVICES                 │  Workbench shell — sessions, devices, and run flows arrive in Phase 2.   
   (refresh in Phase 2)  │                                                                          
                         │                                                                          
 SESSIONS                │                                                                          
   none running          │                                                                          
                         │                                                                          
 ACTIONS                 │                                                                          
   Doctor · Settings     │                                                                          
                         │                                                                          
                         │                                                                          
                         │                                                                          
                         │                                                                          
                         │                                                                          
                         │                                                                          
                         │                                                                          
                         │                                                                          
                         │                                                                          
                         │                                                                          
                         │                                                                          
                         │                                                                          
                         │                                                                          
                         │                                                                          
● ready  │  r run · b build · d doctor · ⌘ palette · ? help                                [mouse ✓]
