---
source: crates/frust-tui/tests/snapshots.rs
expression: "render_to_string(100, 30, &single_session_state())"
---
⚙ Frust │ huddle ▾ · frust 0.1.0 · ✓ toolchain                                     ▶ Run    ⚒ Build 
━━━━━━━━                                                                                            
                                                                                                    
 PROJECTS                │huddle:  1 ▶ desktop                                                      
  ▸ huddle               │   Compiling huddle v0.1.0                                                
                         │    Finished dev profile                                                  
 DEVICES ↻ r             │     Running `target/debug/huddle`                                        
   none found            │app: booting up                                                           
                         │warning: unused variable `x`                                              
 SESSIONS                │app: frame 1 rendered                                                     
   huddle                │error: texture upload failed                                              
   ▸ ▶ desktop           │app: recovering                                                           
                         │                                                                          
 ACTIONS                 │                                                                          
   Doctor · Settings     │                                                                          
                         │                                                                          
                         │                                                                          
                         │                                                                          
                         │                                                                          
                         │                                                                          
                         │                                                                          
                         │                                                                          
                         │                                                                          
                         │                                                                          
                         │                                                                          
                         │                                                                          
                         │                                                                          
                         │                                                                          
                         │● follow  ·  wrap:off                x stop · f follow · w wrap · / search
● 1 running  │  r run · b build · d doctor · ⌘ palette · ? help                            [mouse ✓]
