---
source: crates/frust-tui/tests/snapshots.rs
expression: "redact_clock(&render_to_string(100, 30, &state))"
---
⚙ Frust │ huddle ▾ · frust 0.1.0 · ◌ checking…                                     ▶ Run    ⚒ Build 
━━━━━━━━                                                                                            
                                                                                                    
 PROJECTS                │huddle:  1 ◌ desktop                                                      
  ▸ huddle               │   --:--:-- [app]    line 76                                              
                         │   --:--:-- [app]    line 77                                              
 DEVICES ↻ R             │   --:--:-- [app]    line 78                                              
   none found            │   --:--:-- [app]    line 79                                              
                         │   --:--:-- [app]    line 80                                              
 SESSIONS                │   --:--:-- [app]    line 81                                              
   huddle                │   --:--:-- [app]    line 82                                              
   ▸ ◌ desktop           │   --:--:-- [app]    line 83                                              
                         │   --:--:-- [app]    line 84                                              
 ACTIONS                 │   --:--:-- [app]    line 85                                              
   New project · n       │   --:--:-- [app]    line 86                                              
   Add plugin · a        │   --:--:-- [app]    line 87                                              
   Doctor · i            │   --:--:-- [app]    line 88                                              
   Build · b             │   --:--:-- [app]    line 89                                              
   Clean                 │   --:--:-- [app]    line 90                                              
   MCP off · M           │   --:--:-- [app]    line 91                                              
   DAP off · D           │   --:--:-- [app]    line 92                                              
                         │   --:--:-- [app]    line 93                                              
                         │   --:--:-- [app]    line 94                                              
                         │   --:--:-- [app]    line 95                                              
                         │   --:--:-- [app]    line 96                                              
                         │   --:--:-- [app]    line 97                                              
                         │   --:--:-- [app]    line 98                                              
                         │   --:--:-- [app]    line 99                                             █
                         │● follow  ·  wrap:off     x stop · f follow · w wrap · / search · l filter
● 1 running  │  o run · b build · d devtools · ⌘ palette · ? help                          [mouse ✓]
