---
source: crates/frust-tui/tests/snapshots.rs
expression: "render_to_string(100, 30, &state)"
---
⚙ Frust │ huddle ▾ · frust 0.1.0 · ◌ checking…                                     ▶ Run    ⚒ Build 
━━━━━━━━                                                                                            
                                                                                                    
 PROJECTS                │huddle:  1 ▶ desktop                                                      
  ▸ huddle               │   12:00:00 [app]       Compiling huddle v0.1.0                           
                         │   12:00:01 [app]        Finished dev profile                             
 DEVICES ↻ R             │   12:00:02 [app]         Running `target/debug/huddle`                   
   none found            │   12:00:03 [app]    app: booting up                                      
                         │ W 12:00:04 [app]    warning: unused variable `x`                         
 SESSIONS                │   12:00:05 [app]    app: frame 1 rendered                                
   huddle                │ E 12:00:06 [app]    error: texture upload failed                         
   ▸ ▶ desktop           │   12:00:07 [app]    app: recovering                                      
                         │                                                                          
 ACTIONS                 │                                                                          
   New project · n       │                                                                          
   Add plugin · a        │                                                                          
   Doctor · i            │                                                                          
   Build · b             │                                                                          
   Clean                 │                                                                          
   MCP off · M           │                                                                          
   DAP off · D           │                                                                          
                         │                                                                          
                         │                                                                          
                         │                                                                          
                         │                                                                          
                         │                                                                          
                         │                                                                          
                         │● follow  ·  wrap:off     x stop · f follow · w wrap · / search · l filter
                         │ /  err█                                                                  
● 1 running  │  o run · b build · d devtools · ⌘ palette · ? help                          [mouse ✓]
