---
source: crates/frust-tui/tests/snapshots.rs
expression: "render_to_string(100, 30, &add_plugin_state(AddPluginStep::Select, false, 0))"
---
⚙ Frust │ huddle ▾ · frust 0.1.0 · ◌ checking…                                     ▶ Run    ⚒ Build 
━━━━━━━━                                                                                            
                                                                                                    
 PROJECTS                │                                                                          
  ▸ huddle        ╭ Add plugin ───────────────────────────────────── [Esc] Close ╮                  
                  │                                                              │▓▓                
 DEVICES ↻ r      │  Choose a plugin to add to this project                      │▓▓                
   none found     │  ▸ (o) shared-preferences                                    │▓▓                
                  │        Synchronous, thread-safe key-value store (plaintext)  │▓▓                
 SESSIONS         │    ( ) secure-storage                                        │▓▓                
   none running   │        Encrypted key-value store (Keychain / Keystore / key  │▓▓                
                  │    ( ) clean-signals-frust                                   │▓▓                
 ACTIONS          │        Clean-architecture facade binding the clean-signals   │▓▓                
   New project · n│    ( ) camera                                                │▓▓                
   Add plugin · a │        Camera preview (a platform view), still capture, and  │▓▓                
   Doctor · d     │    ( ) native-widgets                                        │▓▓                
   Build · b      │        Real OS controls (button, label, switch, slider, pro  │▓▓                
   Clean · c      │    ( ) clipboard                                             │▓▓                
                  │        Synchronous plain-text clipboard access (ClipboardMa  │▓▓                
                  │    ( ) haptics                                               │▓▓                
                  │        Minimal haptic feedback (selection tick, impact, suc  │▓▓                
                  │                                                              │▓▓                
                  │   Back    Next    Cancel                                     │▓▓                
                  │  ↑/↓ choose · Enter next · Esc close                         │▓▓                
                  ╰──────────────────────────────────────────────────────────────╯▓▓                
                    ▓▓▓▓▓▓▓▓▓▓▓▓▓▓▓▓▓▓▓▓▓▓▓▓▓▓▓▓▓▓▓▓▓▓▓▓▓▓▓▓▓▓▓▓▓▓▓▓▓▓▓▓▓▓▓▓▓▓▓▓▓▓▓▓                
                         │                                                                          
                         │                                                                          
                         │                                                                          
● ready  │  r run · b build · d doctor · ⌘ palette · ? help                                [mouse ✓]
