bench-scenario-start s3
bench-scenario-start s3-create1k
flutter-perf raw n=2 build_us=4 raster_us=4195 total_us=4722
bench-scenario-end s3-create1k
flutter-perf raw n=3 build_us=13408 raster_us=10556 total_us=36413
bench-scenario-start s3-create10k
bench-scenario-end s3-create10k
flutter-perf raw n=4 build_us=1451 raster_us=1961 total_us=5532
bench-scenario-start s3-update
bench-scenario-end s3-update
flutter-perf raw n=5 build_us=3663 raster_us=3055 total_us=9090
bench-scenario-start s3-swap
bench-scenario-end s3-swap
flutter-perf raw n=6 build_us=4396 raster_us=4537 total_us=12524
bench-scenario-start s3-clear
bench-scenario-end s3-clear
flutter-perf raw n=7 build_us=7566 raster_us=2712 total_us=13772
bench-scenario-start s3-create1k
bench-scenario-end s3-create1k
flutter-perf raw n=8 build_us=55698 raster_us=6550 total_us=65784
bench-scenario-start s3-create10k
bench-scenario-end s3-create10k
flutter-perf raw n=9 build_us=15110 raster_us=4329 total_us=21976
bench-scenario-start s3-update
bench-scenario-end s3-update
flutter-perf raw n=10 build_us=3079 raster_us=3537 total_us=8390
bench-scenario-start s3-swap
bench-scenario-end s3-swap
flutter-perf raw n=11 build_us=3498 raster_us=15400 total_us=22307
bench-scenario-start s3-clear
bench-scenario-end s3-clear
flutter-perf raw n=12 build_us=7600 raster_us=2967 total_us=14874
bench-scenario-start s3-create1k
bench-scenario-end s3-create1k
flutter-perf raw n=13 build_us=44644 raster_us=4933 total_us=53699
bench-scenario-start s3-create10k
bench-scenario-end s3-create10k
flutter-perf raw n=14 build_us=15240 raster_us=4332 total_us=23669
bench-scenario-start s3-update
bench-scenario-end s3-update
flutter-perf raw n=15 build_us=4027 raster_us=4188 total_us=12295
bench-scenario-start s3-swap
bench-scenario-end s3-swap
flutter-perf raw n=16 build_us=10823 raster_us=5902 total_us=20171
bench-scenario-start s3-clear
bench-scenario-end s3-clear
flutter-perf raw n=17 build_us=5655 raster_us=2274 total_us=11052
bench-scenario-start s3-create1k
bench-scenario-end s3-create1k
flutter-perf raw n=18 build_us=26082 raster_us=4609 total_us=33228
bench-scenario-start s3-create10k
bench-scenario-end s3-create10k
flutter-perf raw n=19 build_us=15317 raster_us=4315 total_us=23401
bench-scenario-start s3-update
bench-scenario-end s3-update
flutter-perf raw n=20 build_us=4424 raster_us=3626 total_us=12088
bench-scenario-start s3-swap
bench-scenario-end s3-swap
flutter-perf raw n=21 build_us=11808 raster_us=4950 total_us=20738
bench-scenario-start s3-clear
bench-scenario-end s3-clear
flutter-perf raw n=22 build_us=6574 raster_us=2927 total_us=13820
bench-scenario-start s3-create1k
bench-scenario-end s3-create1k
flutter-perf raw n=23 build_us=44093 raster_us=4997 total_us=52069
bench-scenario-start s3-create10k
bench-scenario-end s3-create10k
flutter-perf raw n=24 build_us=14816 raster_us=4376 total_us=23055
bench-scenario-start s3-update
bench-scenario-end s3-update
flutter-perf raw n=25 build_us=3751 raster_us=4284 total_us=11682
bench-scenario-start s3-swap
bench-scenario-end s3-swap
flutter-perf raw n=26 build_us=12317 raster_us=5796 total_us=21775
bench-scenario-start s3-clear
bench-scenario-end s3-clear
flutter-perf raw n=27 build_us=3487 raster_us=2351 total_us=8333
bench-scenario-start s3-create1k
bench-scenario-end s3-create1k
flutter-perf raw n=28 build_us=16316 raster_us=4156 total_us=23815
bench-scenario-start s3-create10k
bench-scenario-end s3-create10k
flutter-perf raw n=29 build_us=15553 raster_us=4270 total_us=23576
bench-scenario-start s3-update
bench-scenario-end s3-update
flutter-perf raw n=30 build_us=3998 raster_us=4979 total_us=12462
bench-scenario-start s3-swap
bench-scenario-end s3-swap
flutter-perf raw n=31 build_us=3700 raster_us=4052 total_us=11367
bench-scenario-start s3-clear
bench-scenario-end s3-clear
flutter-perf raw n=32 build_us=2361 raster_us=2745 total_us=8920
bench-scenario-start s3-create1k
bench-scenario-end s3-create1k
flutter-perf raw n=33 build_us=47537 raster_us=4865 total_us=56553
bench-scenario-start s3-create10k
bench-scenario-end s3-create10k
flutter-perf raw n=34 build_us=15008 raster_us=4646 total_us=23223
bench-scenario-start s3-update
bench-scenario-end s3-update
flutter-perf raw n=35 build_us=3759 raster_us=4368 total_us=11619
bench-scenario-start s3-swap
bench-scenario-end s3-swap
flutter-perf raw n=36 build_us=3371 raster_us=4510 total_us=11420
bench-scenario-start s3-clear
bench-scenario-end s3-clear
flutter-perf raw n=37 build_us=7906 raster_us=2935 total_us=15740
bench-scenario-start s3-create1k
bench-scenario-end s3-create1k
flutter-perf raw n=38 build_us=41928 raster_us=4698 total_us=49803
bench-scenario-start s3-create10k
bench-scenario-end s3-create10k
flutter-perf raw n=39 build_us=15297 raster_us=4534 total_us=23512
bench-scenario-start s3-update
bench-scenario-end s3-update
flutter-perf raw n=40 build_us=3917 raster_us=4303 total_us=11970
bench-scenario-start s3-swap
bench-scenario-end s3-swap
flutter-perf raw n=41 build_us=11080 raster_us=5171 total_us=19870
bench-scenario-start s3-clear
bench-scenario-end s3-clear
flutter-perf raw n=42 build_us=6253 raster_us=2534 total_us=13156
bench-scenario-start s3-create1k
bench-scenario-end s3-create1k
flutter-perf raw n=43 build_us=42656 raster_us=4683 total_us=50009
bench-scenario-start s3-create10k
bench-scenario-end s3-create10k
flutter-perf raw n=44 build_us=14945 raster_us=4657 total_us=23305
bench-scenario-start s3-update
bench-scenario-end s3-update
flutter-perf raw n=45 build_us=3584 raster_us=3899 total_us=10280
bench-scenario-start s3-swap
bench-scenario-end s3-swap
flutter-perf raw n=46 build_us=3436 raster_us=4342 total_us=12586
bench-scenario-start s3-clear
bench-scenario-end s3-clear
flutter-perf raw n=47 build_us=6064 raster_us=3093 total_us=13198
bench-scenario-start s3-create1k
bench-scenario-end s3-create1k
flutter-perf raw n=48 build_us=47094 raster_us=4781 total_us=55041
bench-scenario-start s3-create10k
bench-scenario-end s3-create10k
flutter-perf raw n=49 build_us=14879 raster_us=4429 total_us=23303
bench-scenario-start s3-update
bench-scenario-end s3-update
flutter-perf raw n=50 build_us=3745 raster_us=4184 total_us=11251
bench-scenario-start s3-swap
bench-scenario-end s3-swap
flutter-perf raw n=51 build_us=12900 raster_us=5330 total_us=21022
bench-scenario-start s3-clear
bench-scenario-end s3-clear
flutter-perf raw n=52 build_us=6801 raster_us=2744 total_us=13153
bench-scenario-start s3-create1k
bench-scenario-end s3-create1k
flutter-perf raw n=53 build_us=42568 raster_us=4728 total_us=50427
bench-scenario-start s3-create10k
bench-scenario-end s3-create10k
flutter-perf raw n=54 build_us=15036 raster_us=4307 total_us=23511
bench-scenario-start s3-update
bench-scenario-end s3-update
flutter-perf raw n=55 build_us=4410 raster_us=4599 total_us=13504
bench-scenario-start s3-swap
bench-scenario-end s3-swap
flutter-perf raw n=56 build_us=13423 raster_us=5329 total_us=22636
bench-scenario-start s3-clear
bench-scenario-end s3-clear
flutter-perf raw n=57 build_us=5982 raster_us=2780 total_us=12184
bench-scenario-start s3-create1k
bench-scenario-end s3-create1k
flutter-perf raw n=58 build_us=44666 raster_us=4781 total_us=52857
bench-scenario-start s3-create10k
bench-scenario-end s3-create10k
flutter-perf raw n=59 build_us=15007 raster_us=4248 total_us=22584
bench-scenario-start s3-update
bench-scenario-end s3-update
flutter-perf raw n=60 build_us=4056 raster_us=4209 total_us=11359
bench-scenario-start s3-swap
bench-scenario-end s3-swap
flutter-perf raw n=61 build_us=3828 raster_us=4288 total_us=11776
bench-scenario-start s3-clear
bench-scenario-end s3-clear
flutter-perf raw n=62 build_us=5738 raster_us=2723 total_us=12154
bench-scenario-start s3-create1k
bench-scenario-end s3-create1k
flutter-perf raw n=63 build_us=43455 raster_us=4752 total_us=51337
bench-scenario-start s3-create10k
bench-scenario-end s3-create10k
flutter-perf raw n=64 build_us=16475 raster_us=4652 total_us=25025
bench-scenario-start s3-update
bench-scenario-end s3-update
flutter-perf raw n=65 build_us=3844 raster_us=4312 total_us=11969
bench-scenario-start s3-swap
bench-scenario-end s3-swap
flutter-perf raw n=66 build_us=11657 raster_us=5066 total_us=19763
bench-scenario-start s3-clear
bench-scenario-end s3-clear
flutter-perf raw n=67 build_us=5490 raster_us=2332 total_us=12207
bench-scenario-start s3-create1k
bench-scenario-end s3-create1k
flutter-perf raw n=68 build_us=42679 raster_us=4575 total_us=50418
bench-scenario-start s3-create10k
bench-scenario-end s3-create10k
flutter-perf raw n=69 build_us=15084 raster_us=4274 total_us=22928
bench-scenario-start s3-update
bench-scenario-end s3-update
flutter-perf raw n=70 build_us=3815 raster_us=4193 total_us=11395
bench-scenario-start s3-swap
bench-scenario-end s3-swap
flutter-perf raw n=71 build_us=11919 raster_us=4828 total_us=19762
bench-scenario-start s3-clear
bench-scenario-end s3-clear
flutter-perf raw n=72 build_us=8082 raster_us=2879 total_us=15909
bench-scenario-start s3-create1k
bench-scenario-end s3-create1k
flutter-perf raw n=73 build_us=16544 raster_us=4243 total_us=24362
bench-scenario-start s3-create10k
bench-scenario-end s3-create10k
flutter-perf raw n=74 build_us=15594 raster_us=4245 total_us=23313
bench-scenario-start s3-update
bench-scenario-end s3-update
flutter-perf raw n=75 build_us=3818 raster_us=4069 total_us=12020
bench-scenario-start s3-swap
bench-scenario-end s3-swap
flutter-perf raw n=76 build_us=11925 raster_us=5060 total_us=20693
bench-scenario-start s3-clear
bench-scenario-end s3-clear
flutter-perf raw n=77 build_us=6020 raster_us=2434 total_us=11656
bench-scenario-start s3-create1k
bench-scenario-end s3-create1k
flutter-perf raw n=78 build_us=41154 raster_us=4672 total_us=48876
bench-scenario-start s3-create10k
bench-scenario-end s3-create10k
flutter-perf raw n=79 build_us=15277 raster_us=4437 total_us=23104
bench-scenario-start s3-update
bench-scenario-end s3-update
flutter-perf raw n=80 build_us=3717 raster_us=4132 total_us=12125
bench-scenario-start s3-swap
bench-scenario-end s3-swap
flutter-perf raw n=81 build_us=3517 raster_us=4134 total_us=11322
bench-scenario-start s3-clear
bench-scenario-end s3-clear
flutter-perf raw n=82 build_us=7798 raster_us=2736 total_us=13801
bench-scenario-start s3-create1k
bench-scenario-end s3-create1k
flutter-perf raw n=83 build_us=41964 raster_us=4784 total_us=49519
bench-scenario-start s3-create10k
bench-scenario-end s3-create10k
flutter-perf raw n=84 build_us=14913 raster_us=4791 total_us=22335
bench-scenario-start s3-update
bench-scenario-end s3-update
flutter-perf raw n=85 build_us=3888 raster_us=3951 total_us=12271
bench-scenario-start s3-swap
bench-scenario-end s3-swap
flutter-perf raw n=86 build_us=3318 raster_us=4232 total_us=10768
bench-scenario-start s3-clear
bench-scenario-end s3-clear
flutter-perf raw n=87 build_us=6548 raster_us=3140 total_us=14369
bench-scenario-start s3-create1k
bench-scenario-end s3-create1k
flutter-perf raw n=88 build_us=42627 raster_us=4794 total_us=51506
bench-scenario-start s3-create10k
bench-scenario-end s3-create10k
flutter-perf raw n=89 build_us=15080 raster_us=4397 total_us=22889
bench-scenario-start s3-update
bench-scenario-end s3-update
flutter-perf raw n=90 build_us=3953 raster_us=4314 total_us=12076
bench-scenario-start s3-swap
bench-scenario-end s3-swap
flutter-perf raw n=91 build_us=4094 raster_us=4898 total_us=13470
