bench-scenario-start s3
bench-scenario-start s3-create1k
bench-scenario-end s3-create1k
flutter-perf raw n=2 build_us=7 raster_us=5345 total_us=5673
flutter-perf raw n=3 build_us=16373 raster_us=11209 total_us=29006
bench-scenario-start s3-create10k
bench-scenario-end s3-create10k
flutter-perf raw n=4 build_us=1780 raster_us=2719 total_us=6233
bench-scenario-start s3-update
bench-scenario-end s3-update
flutter-perf raw n=5 build_us=4088 raster_us=2981 total_us=9141
bench-scenario-start s3-swap
bench-scenario-end s3-swap
flutter-perf raw n=6 build_us=4609 raster_us=3830 total_us=12140
bench-scenario-start s3-clear
bench-scenario-end s3-clear
flutter-perf raw n=7 build_us=8016 raster_us=2425 total_us=15009
bench-scenario-start s3-create1k
bench-scenario-end s3-create1k
flutter-perf raw n=8 build_us=57275 raster_us=6644 total_us=67912
bench-scenario-start s3-create10k
bench-scenario-end s3-create10k
flutter-perf raw n=9 build_us=17775 raster_us=3699 total_us=25614
bench-scenario-start s3-update
bench-scenario-end s3-update
flutter-perf raw n=10 build_us=4012 raster_us=4491 total_us=12600
bench-scenario-start s3-swap
bench-scenario-end s3-swap
flutter-perf raw n=11 build_us=3789 raster_us=16136 total_us=24270
bench-scenario-start s3-clear
bench-scenario-end s3-clear
flutter-perf raw n=12 build_us=7024 raster_us=2908 total_us=13567
bench-scenario-start s3-create1k
bench-scenario-end s3-create1k
flutter-perf raw n=13 build_us=45606 raster_us=5200 total_us=54481
bench-scenario-start s3-create10k
bench-scenario-end s3-create10k
flutter-perf raw n=14 build_us=16689 raster_us=4723 total_us=25406
bench-scenario-start s3-update
bench-scenario-end s3-update
flutter-perf raw n=15 build_us=4056 raster_us=4451 total_us=12376
bench-scenario-start s3-swap
bench-scenario-end s3-swap
flutter-perf raw n=16 build_us=11254 raster_us=5500 total_us=20485
bench-scenario-start s3-clear
bench-scenario-end s3-clear
flutter-perf raw n=17 build_us=6088 raster_us=2961 total_us=12225
bench-scenario-start s3-create1k
bench-scenario-end s3-create1k
flutter-perf raw n=18 build_us=50683 raster_us=8601 total_us=62583
bench-scenario-start s3-create10k
bench-scenario-end s3-create10k
flutter-perf raw n=19 build_us=16625 raster_us=4603 total_us=25695
bench-scenario-start s3-update
bench-scenario-end s3-update
flutter-perf raw n=20 build_us=3866 raster_us=5052 total_us=11483
bench-scenario-start s3-swap
bench-scenario-end s3-swap
flutter-perf raw n=21 build_us=11338 raster_us=5600 total_us=20600
bench-scenario-start s3-clear
bench-scenario-end s3-clear
flutter-perf raw n=22 build_us=6055 raster_us=2859 total_us=12433
bench-scenario-start s3-create1k
bench-scenario-end s3-create1k
flutter-perf raw n=23 build_us=47517 raster_us=5113 total_us=56237
bench-scenario-start s3-create10k
bench-scenario-end s3-create10k
flutter-perf raw n=24 build_us=16793 raster_us=4742 total_us=25579
bench-scenario-start s3-update
bench-scenario-end s3-update
flutter-perf raw n=25 build_us=3981 raster_us=4477 total_us=12090
bench-scenario-start s3-swap
bench-scenario-end s3-swap
flutter-perf raw n=26 build_us=10972 raster_us=5121 total_us=19731
bench-scenario-start s3-clear
bench-scenario-end s3-clear
flutter-perf raw n=27 build_us=7985 raster_us=2902 total_us=15199
bench-scenario-start s3-create1k
bench-scenario-end s3-create1k
flutter-perf raw n=28 build_us=17854 raster_us=4484 total_us=26205
bench-scenario-start s3-create10k
bench-scenario-end s3-create10k
flutter-perf raw n=29 build_us=17752 raster_us=4499 total_us=26607
bench-scenario-start s3-update
bench-scenario-end s3-update
flutter-perf raw n=30 build_us=3895 raster_us=4494 total_us=11949
bench-scenario-start s3-swap
bench-scenario-end s3-swap
flutter-perf raw n=31 build_us=15653 raster_us=5451 total_us=24923
bench-scenario-start s3-clear
bench-scenario-end s3-clear
flutter-perf raw n=32 build_us=8646 raster_us=2462 total_us=14502
bench-scenario-start s3-create1k
bench-scenario-end s3-create1k
flutter-perf raw n=33 build_us=46494 raster_us=5082 total_us=55011
bench-scenario-start s3-create10k
bench-scenario-end s3-create10k
flutter-perf raw n=34 build_us=16744 raster_us=4938 total_us=25862
bench-scenario-start s3-update
bench-scenario-end s3-update
flutter-perf raw n=35 build_us=3996 raster_us=4503 total_us=12279
bench-scenario-start s3-swap
bench-scenario-end s3-swap
flutter-perf raw n=36 build_us=11920 raster_us=5130 total_us=20644
bench-scenario-start s3-clear
bench-scenario-end s3-clear
flutter-perf raw n=37 build_us=6638 raster_us=2873 total_us=13064
bench-scenario-start s3-create1k
bench-scenario-end s3-create1k
flutter-perf raw n=38 build_us=44987 raster_us=5130 total_us=53378
bench-scenario-start s3-create10k
bench-scenario-end s3-create10k
flutter-perf raw n=39 build_us=17586 raster_us=4721 total_us=26384
bench-scenario-start s3-update
bench-scenario-end s3-update
flutter-perf raw n=40 build_us=3898 raster_us=4687 total_us=12578
bench-scenario-start s3-swap
bench-scenario-end s3-swap
flutter-perf raw n=41 build_us=11315 raster_us=5856 total_us=20796
bench-scenario-start s3-clear
bench-scenario-end s3-clear
flutter-perf raw n=42 build_us=6118 raster_us=2803 total_us=12300
bench-scenario-start s3-create1k
bench-scenario-end s3-create1k
flutter-perf raw n=43 build_us=43927 raster_us=5108 total_us=53191
bench-scenario-start s3-create10k
bench-scenario-end s3-create10k
flutter-perf raw n=44 build_us=16936 raster_us=4531 total_us=25764
bench-scenario-start s3-update
bench-scenario-end s3-update
flutter-perf raw n=45 build_us=3994 raster_us=4584 total_us=12400
bench-scenario-start s3-swap
bench-scenario-end s3-swap
flutter-perf raw n=46 build_us=14522 raster_us=5156 total_us=24369
bench-scenario-start s3-clear
bench-scenario-end s3-clear
flutter-perf raw n=47 build_us=5592 raster_us=2449 total_us=10883
bench-scenario-start s3-create1k
bench-scenario-end s3-create1k
flutter-perf raw n=48 build_us=45729 raster_us=4972 total_us=53835
bench-scenario-start s3-create10k
bench-scenario-end s3-create10k
flutter-perf raw n=49 build_us=16762 raster_us=4809 total_us=25343
bench-scenario-start s3-update
bench-scenario-end s3-update
flutter-perf raw n=50 build_us=3976 raster_us=4539 total_us=11961
bench-scenario-start s3-swap
bench-scenario-end s3-swap
flutter-perf raw n=51 build_us=3674 raster_us=4374 total_us=12142
bench-scenario-start s3-clear
bench-scenario-end s3-clear
flutter-perf raw n=52 build_us=7113 raster_us=2525 total_us=13738
bench-scenario-start s3-create1k
bench-scenario-end s3-create1k
flutter-perf raw n=53 build_us=44139 raster_us=5369 total_us=52535
bench-scenario-start s3-create10k
bench-scenario-end s3-create10k
flutter-perf raw n=54 build_us=16780 raster_us=4473 total_us=25189
bench-scenario-start s3-update
bench-scenario-end s3-update
flutter-perf raw n=55 build_us=3920 raster_us=4623 total_us=12762
bench-scenario-start s3-swap
bench-scenario-end s3-swap
flutter-perf raw n=56 build_us=10300 raster_us=5801 total_us=19344
bench-scenario-start s3-clear
bench-scenario-end s3-clear
flutter-perf raw n=57 build_us=6443 raster_us=2917 total_us=12884
bench-scenario-start s3-create1k
bench-scenario-end s3-create1k
flutter-perf raw n=58 build_us=45623 raster_us=5267 total_us=54306
bench-scenario-start s3-create10k
bench-scenario-end s3-create10k
flutter-perf raw n=59 build_us=16615 raster_us=4637 total_us=24956
bench-scenario-start s3-update
bench-scenario-end s3-update
flutter-perf raw n=60 build_us=4079 raster_us=4477 total_us=11476
bench-scenario-start s3-swap
bench-scenario-end s3-swap
flutter-perf raw n=61 build_us=3628 raster_us=4509 total_us=12581
bench-scenario-start s3-clear
bench-scenario-end s3-clear
flutter-perf raw n=62 build_us=5660 raster_us=2374 total_us=13145
bench-scenario-start s3-create1k
bench-scenario-end s3-create1k
flutter-perf raw n=63 build_us=38906 raster_us=5028 total_us=47759
bench-scenario-start s3-create10k
bench-scenario-end s3-create10k
flutter-perf raw n=64 build_us=16840 raster_us=4509 total_us=24782
bench-scenario-start s3-update
bench-scenario-end s3-update
flutter-perf raw n=65 build_us=3887 raster_us=4394 total_us=12004
bench-scenario-start s3-swap
bench-scenario-end s3-swap
flutter-perf raw n=66 build_us=10588 raster_us=6244 total_us=20551
bench-scenario-start s3-clear
bench-scenario-end s3-clear
flutter-perf raw n=67 build_us=6156 raster_us=2839 total_us=13438
bench-scenario-start s3-create1k
bench-scenario-end s3-create1k
flutter-perf raw n=68 build_us=43676 raster_us=5078 total_us=51857
bench-scenario-start s3-create10k
bench-scenario-end s3-create10k
flutter-perf raw n=69 build_us=16955 raster_us=4561 total_us=25237
bench-scenario-start s3-update
bench-scenario-end s3-update
flutter-perf raw n=70 build_us=3849 raster_us=4755 total_us=12038
bench-scenario-start s3-swap
bench-scenario-end s3-swap
flutter-perf raw n=71 build_us=3614 raster_us=4491 total_us=12653
bench-scenario-start s3-clear
bench-scenario-end s3-clear
flutter-perf raw n=72 build_us=5400 raster_us=2514 total_us=11071
bench-scenario-start s3-create1k
bench-scenario-end s3-create1k
flutter-perf raw n=73 build_us=45070 raster_us=5095 total_us=54328
bench-scenario-start s3-create10k
bench-scenario-end s3-create10k
flutter-perf raw n=74 build_us=16508 raster_us=4496 total_us=24929
bench-scenario-start s3-update
bench-scenario-end s3-update
flutter-perf raw n=75 build_us=4084 raster_us=4462 total_us=12343
bench-scenario-start s3-swap
bench-scenario-end s3-swap
flutter-perf raw n=76 build_us=10323 raster_us=5488 total_us=19704
bench-scenario-start s3-clear
bench-scenario-end s3-clear
flutter-perf raw n=77 build_us=6166 raster_us=2506 total_us=12020
bench-scenario-start s3-create1k
bench-scenario-end s3-create1k
flutter-perf raw n=78 build_us=45358 raster_us=5016 total_us=55720
bench-scenario-start s3-create10k
bench-scenario-end s3-create10k
flutter-perf raw n=79 build_us=16676 raster_us=4478 total_us=25285
bench-scenario-start s3-update
bench-scenario-end s3-update
flutter-perf raw n=80 build_us=4056 raster_us=4623 total_us=12324
bench-scenario-start s3-swap
bench-scenario-end s3-swap
flutter-perf raw n=81 build_us=13280 raster_us=5357 total_us=22441
bench-scenario-start s3-clear
bench-scenario-end s3-clear
flutter-perf raw n=82 build_us=7125 raster_us=2714 total_us=14051
bench-scenario-start s3-create1k
bench-scenario-end s3-create1k
flutter-perf raw n=83 build_us=42246 raster_us=5032 total_us=51657
bench-scenario-start s3-create10k
bench-scenario-end s3-create10k
flutter-perf raw n=84 build_us=16529 raster_us=4590 total_us=24917
bench-scenario-start s3-update
bench-scenario-end s3-update
flutter-perf raw n=85 build_us=4027 raster_us=4540 total_us=12480
bench-scenario-start s3-swap
bench-scenario-end s3-swap
flutter-perf raw n=86 build_us=5423 raster_us=4498 total_us=12288
bench-scenario-start s3-clear
bench-scenario-end s3-clear
flutter-perf raw n=87 build_us=1436 raster_us=1858 total_us=6156
bench-scenario-start s3-create1k
bench-scenario-end s3-create1k
flutter-perf raw n=88 build_us=42701 raster_us=5117 total_us=50497
bench-scenario-start s3-create10k
bench-scenario-end s3-create10k
flutter-perf raw n=89 build_us=17053 raster_us=4575 total_us=27496
bench-scenario-start s3-update
bench-scenario-end s3-update
flutter-perf raw n=90 build_us=3932 raster_us=4578 total_us=12249
