bench-scenario-start s3
bench-scenario-start s3-create1k
flutter-perf raw n=3 build_us=5 raster_us=4303 total_us=4827
bench-scenario-end s3-create1k
flutter-perf raw n=4 build_us=11986 raster_us=10081 total_us=24389
bench-scenario-start s3-create10k
bench-scenario-end s3-create10k
flutter-perf raw n=5 build_us=1521 raster_us=3088 total_us=6006
bench-scenario-start s3-update
bench-scenario-end s3-update
flutter-perf raw n=6 build_us=3358 raster_us=3417 total_us=9206
bench-scenario-start s3-swap
bench-scenario-end s3-swap
flutter-perf raw n=7 build_us=3408 raster_us=4182 total_us=9704
bench-scenario-start s3-clear
bench-scenario-end s3-clear
flutter-perf raw n=8 build_us=6090 raster_us=2793 total_us=12762
bench-scenario-start s3-create1k
bench-scenario-end s3-create1k
flutter-perf raw n=9 build_us=50001 raster_us=6212 total_us=59814
bench-scenario-start s3-create10k
bench-scenario-end s3-create10k
flutter-perf raw n=10 build_us=13540 raster_us=3528 total_us=20057
bench-scenario-start s3-update
bench-scenario-end s3-update
flutter-perf raw n=11 build_us=3797 raster_us=4255 total_us=11488
bench-scenario-start s3-swap
bench-scenario-end s3-swap
flutter-perf raw n=12 build_us=3398 raster_us=14742 total_us=21809
bench-scenario-start s3-clear
bench-scenario-end s3-clear
flutter-perf raw n=13 build_us=5280 raster_us=2697 total_us=10201
bench-scenario-start s3-create1k
bench-scenario-end s3-create1k
flutter-perf raw n=14 build_us=41108 raster_us=4825 total_us=49318
bench-scenario-start s3-create10k
bench-scenario-end s3-create10k
flutter-perf raw n=15 build_us=13687 raster_us=4371 total_us=21997
bench-scenario-start s3-update
bench-scenario-end s3-update
flutter-perf raw n=16 build_us=3706 raster_us=4279 total_us=10992
bench-scenario-start s3-swap
bench-scenario-end s3-swap
flutter-perf raw n=17 build_us=11004 raster_us=4652 total_us=19553
bench-scenario-start s3-clear
bench-scenario-end s3-clear
flutter-perf raw n=18 build_us=6472 raster_us=2876 total_us=12747
bench-scenario-start s3-create1k
bench-scenario-end s3-create1k
flutter-perf raw n=19 build_us=43732 raster_us=3756 total_us=50484
bench-scenario-start s3-create10k
bench-scenario-end s3-create10k
flutter-perf raw n=20 build_us=13059 raster_us=4405 total_us=21525
bench-scenario-start s3-update
bench-scenario-end s3-update
flutter-perf raw n=21 build_us=3709 raster_us=4184 total_us=11616
bench-scenario-start s3-swap
bench-scenario-end s3-swap
flutter-perf raw n=22 build_us=12937 raster_us=4818 total_us=22211
bench-scenario-start s3-clear
bench-scenario-end s3-clear
flutter-perf raw n=23 build_us=7733 raster_us=2736 total_us=14184
bench-scenario-start s3-create1k
bench-scenario-end s3-create1k
flutter-perf raw n=24 build_us=43590 raster_us=4688 total_us=51566
bench-scenario-start s3-create10k
bench-scenario-end s3-create10k
flutter-perf raw n=25 build_us=13327 raster_us=4405 total_us=22073
bench-scenario-start s3-update
bench-scenario-end s3-update
flutter-perf raw n=26 build_us=3791 raster_us=4089 total_us=11535
bench-scenario-start s3-swap
bench-scenario-end s3-swap
flutter-perf raw n=27 build_us=12082 raster_us=5104 total_us=20978
bench-scenario-start s3-clear
bench-scenario-end s3-clear
flutter-perf raw n=28 build_us=2283 raster_us=1744 total_us=5152
bench-scenario-start s3-create1k
bench-scenario-end s3-create1k
flutter-perf raw n=29 build_us=15014 raster_us=2945 total_us=21878
bench-scenario-start s3-create10k
bench-scenario-end s3-create10k
flutter-perf raw n=30 build_us=13324 raster_us=4236 total_us=21635
bench-scenario-start s3-update
bench-scenario-end s3-update
flutter-perf raw n=31 build_us=3720 raster_us=4183 total_us=11887
bench-scenario-start s3-swap
bench-scenario-end s3-swap
flutter-perf raw n=32 build_us=2611 raster_us=3335 total_us=8595
bench-scenario-start s3-clear
bench-scenario-end s3-clear
flutter-perf raw n=33 build_us=5595 raster_us=2657 total_us=11196
bench-scenario-start s3-create1k
bench-scenario-end s3-create1k
flutter-perf raw n=34 build_us=43203 raster_us=4598 total_us=50821
bench-scenario-start s3-create10k
bench-scenario-end s3-create10k
flutter-perf raw n=35 build_us=12994 raster_us=4681 total_us=21482
bench-scenario-start s3-update
bench-scenario-end s3-update
flutter-perf raw n=36 build_us=3779 raster_us=4036 total_us=10749
bench-scenario-start s3-swap
bench-scenario-end s3-swap
flutter-perf raw n=37 build_us=12878 raster_us=5703 total_us=23784
bench-scenario-start s3-clear
bench-scenario-end s3-clear
flutter-perf raw n=38 build_us=6408 raster_us=2781 total_us=12867
bench-scenario-start s3-create1k
bench-scenario-end s3-create1k
flutter-perf raw n=39 build_us=41203 raster_us=4709 total_us=48620
bench-scenario-start s3-create10k
bench-scenario-end s3-create10k
flutter-perf raw n=40 build_us=13405 raster_us=4283 total_us=22058
bench-scenario-start s3-update
bench-scenario-end s3-update
flutter-perf raw n=41 build_us=3867 raster_us=4149 total_us=12183
bench-scenario-start s3-swap
bench-scenario-end s3-swap
flutter-perf raw n=42 build_us=2811 raster_us=3551 total_us=9084
bench-scenario-start s3-clear
bench-scenario-end s3-clear
flutter-perf raw n=43 build_us=7719 raster_us=2924 total_us=15054
bench-scenario-start s3-create1k
bench-scenario-end s3-create1k
flutter-perf raw n=44 build_us=40817 raster_us=4626 total_us=49908
bench-scenario-start s3-create10k
bench-scenario-end s3-create10k
flutter-perf raw n=45 build_us=13312 raster_us=4440 total_us=21507
bench-scenario-start s3-update
bench-scenario-end s3-update
flutter-perf raw n=46 build_us=3686 raster_us=4284 total_us=11634
bench-scenario-start s3-swap
bench-scenario-end s3-swap
flutter-perf raw n=47 build_us=12722 raster_us=5029 total_us=20707
bench-scenario-start s3-clear
bench-scenario-end s3-clear
flutter-perf raw n=48 build_us=6506 raster_us=2282 total_us=12093
bench-scenario-start s3-create1k
bench-scenario-end s3-create1k
flutter-perf raw n=49 build_us=45723 raster_us=4710 total_us=54741
bench-scenario-start s3-create10k
bench-scenario-end s3-create10k
flutter-perf raw n=50 build_us=13418 raster_us=4234 total_us=21783
bench-scenario-start s3-update
bench-scenario-end s3-update
flutter-perf raw n=51 build_us=3839 raster_us=4140 total_us=11698
bench-scenario-start s3-swap
bench-scenario-end s3-swap
flutter-perf raw n=52 build_us=12891 raster_us=5116 total_us=21962
bench-scenario-start s3-clear
bench-scenario-end s3-clear
flutter-perf raw n=53 build_us=6385 raster_us=2938 total_us=13745
bench-scenario-start s3-create1k
bench-scenario-end s3-create1k
flutter-perf raw n=54 build_us=45561 raster_us=4529 total_us=53513
bench-scenario-start s3-create10k
bench-scenario-end s3-create10k
flutter-perf raw n=55 build_us=13520 raster_us=4327 total_us=21743
bench-scenario-start s3-update
bench-scenario-end s3-update
flutter-perf raw n=56 build_us=3792 raster_us=4454 total_us=11451
bench-scenario-start s3-swap
bench-scenario-end s3-swap
flutter-perf raw n=57 build_us=3426 raster_us=4297 total_us=11530
bench-scenario-start s3-clear
bench-scenario-end s3-clear
flutter-perf raw n=58 build_us=8350 raster_us=2660 total_us=15087
bench-scenario-start s3-create1k
bench-scenario-end s3-create1k
flutter-perf raw n=59 build_us=44784 raster_us=4735 total_us=53390
bench-scenario-start s3-create10k
bench-scenario-end s3-create10k
flutter-perf raw n=60 build_us=13442 raster_us=4379 total_us=21540
bench-scenario-start s3-update
bench-scenario-end s3-update
flutter-perf raw n=61 build_us=3600 raster_us=4280 total_us=11767
bench-scenario-start s3-swap
bench-scenario-end s3-swap
flutter-perf raw n=62 build_us=3336 raster_us=4109 total_us=11028
bench-scenario-start s3-clear
bench-scenario-end s3-clear
flutter-perf raw n=63 build_us=6559 raster_us=2569 total_us=12902
bench-scenario-start s3-create1k
bench-scenario-end s3-create1k
flutter-perf raw n=64 build_us=43322 raster_us=4596 total_us=51311
bench-scenario-start s3-create10k
bench-scenario-end s3-create10k
flutter-perf raw n=65 build_us=13296 raster_us=4384 total_us=21390
bench-scenario-start s3-update
bench-scenario-end s3-update
flutter-perf raw n=66 build_us=3824 raster_us=4247 total_us=12167
bench-scenario-start s3-swap
bench-scenario-end s3-swap
flutter-perf raw n=67 build_us=3282 raster_us=4102 total_us=11172
bench-scenario-start s3-clear
bench-scenario-end s3-clear
flutter-perf raw n=68 build_us=6271 raster_us=2981 total_us=12906
bench-scenario-start s3-create1k
bench-scenario-end s3-create1k
flutter-perf raw n=69 build_us=41905 raster_us=4740 total_us=49674
bench-scenario-start s3-create10k
bench-scenario-end s3-create10k
flutter-perf raw n=70 build_us=13278 raster_us=4185 total_us=21642
bench-scenario-start s3-update
bench-scenario-end s3-update
flutter-perf raw n=71 build_us=3647 raster_us=4054 total_us=11606
bench-scenario-start s3-swap
bench-scenario-end s3-swap
flutter-perf raw n=72 build_us=12913 raster_us=5862 total_us=22242
bench-scenario-start s3-clear
bench-scenario-end s3-clear
flutter-perf raw n=73 build_us=6547 raster_us=3164 total_us=14121
bench-scenario-start s3-create1k
bench-scenario-end s3-create1k
flutter-perf raw n=74 build_us=40199 raster_us=4690 total_us=48530
bench-scenario-start s3-create10k
bench-scenario-end s3-create10k
flutter-perf raw n=75 build_us=13542 raster_us=4128 total_us=21722
bench-scenario-start s3-update
bench-scenario-end s3-update
flutter-perf raw n=76 build_us=3801 raster_us=4324 total_us=11999
bench-scenario-start s3-swap
bench-scenario-end s3-swap
flutter-perf raw n=77 build_us=13015 raster_us=5918 total_us=22335
bench-scenario-start s3-clear
bench-scenario-end s3-clear
flutter-perf raw n=78 build_us=8376 raster_us=3033 total_us=16589
bench-scenario-start s3-create1k
bench-scenario-end s3-create1k
flutter-perf raw n=79 build_us=43819 raster_us=4003 total_us=51771
bench-scenario-start s3-create10k
bench-scenario-end s3-create10k
flutter-perf raw n=80 build_us=13487 raster_us=4322 total_us=21560
bench-scenario-start s3-update
bench-scenario-end s3-update
flutter-perf raw n=81 build_us=3699 raster_us=4146 total_us=11397
bench-scenario-start s3-swap
bench-scenario-end s3-swap
flutter-perf raw n=82 build_us=9831 raster_us=5268 total_us=18945
bench-scenario-start s3-clear
bench-scenario-end s3-clear
flutter-perf raw n=83 build_us=5933 raster_us=2375 total_us=12405
bench-scenario-start s3-create1k
bench-scenario-end s3-create1k
flutter-perf raw n=84 build_us=45336 raster_us=4613 total_us=54748
bench-scenario-start s3-create10k
bench-scenario-end s3-create10k
flutter-perf raw n=85 build_us=13471 raster_us=4241 total_us=21441
bench-scenario-start s3-update
bench-scenario-end s3-update
flutter-perf raw n=86 build_us=3933 raster_us=4148 total_us=11504
bench-scenario-start s3-swap
bench-scenario-end s3-swap
flutter-perf raw n=87 build_us=12457 raster_us=5818 total_us=21869
bench-scenario-start s3-clear
bench-scenario-end s3-clear
flutter-perf raw n=88 build_us=7582 raster_us=2876 total_us=15451
bench-scenario-start s3-create1k
bench-scenario-end s3-create1k
flutter-perf raw n=89 build_us=39630 raster_us=4549 total_us=47574
bench-scenario-start s3-create10k
bench-scenario-end s3-create10k
flutter-perf raw n=90 build_us=13494 raster_us=4163 total_us=21992
bench-scenario-start s3-update
bench-scenario-end s3-update
flutter-perf raw n=91 build_us=3810 raster_us=3300 total_us=10905
bench-scenario-start s3-swap
bench-scenario-end s3-swap
flutter-perf raw n=92 build_us=10333 raster_us=5727 total_us=18868
