bench-scenario-start s3
bench-scenario-start s3-create1k
bench-scenario-end s3-create1k
flutter-perf raw n=2 build_us=7 raster_us=5464 total_us=5894
flutter-perf raw n=3 build_us=13768 raster_us=13641 total_us=30029
bench-scenario-start s3-create10k
bench-scenario-end s3-create10k
flutter-perf raw n=4 build_us=1383 raster_us=2965 total_us=6334
bench-scenario-start s3-update
bench-scenario-end s3-update
flutter-perf raw n=5 build_us=2619 raster_us=2443 total_us=6555
bench-scenario-start s3-swap
bench-scenario-end s3-swap
flutter-perf raw n=6 build_us=4025 raster_us=3780 total_us=11633
bench-scenario-start s3-clear
bench-scenario-end s3-clear
flutter-perf raw n=7 build_us=2197 raster_us=1871 total_us=7799
bench-scenario-start s3-create1k
bench-scenario-end s3-create1k
flutter-perf raw n=8 build_us=28154 raster_us=5077 total_us=36884
bench-scenario-start s3-create10k
bench-scenario-end s3-create10k
flutter-perf raw n=9 build_us=10867 raster_us=4296 total_us=18462
bench-scenario-start s3-update
bench-scenario-end s3-update
flutter-perf raw n=10 build_us=3646 raster_us=4177 total_us=11235
bench-scenario-start s3-swap
bench-scenario-end s3-swap
flutter-perf raw n=11 build_us=3520 raster_us=16250 total_us=23294
bench-scenario-start s3-clear
bench-scenario-end s3-clear
flutter-perf raw n=12 build_us=8067 raster_us=3135 total_us=15839
bench-scenario-start s3-create1k
bench-scenario-end s3-create1k
flutter-perf raw n=13 build_us=40901 raster_us=4997 total_us=49975
bench-scenario-start s3-create10k
bench-scenario-end s3-create10k
flutter-perf raw n=14 build_us=14350 raster_us=4349 total_us=23395
bench-scenario-start s3-update
bench-scenario-end s3-update
flutter-perf raw n=15 build_us=3811 raster_us=4260 total_us=12386
bench-scenario-start s3-swap
bench-scenario-end s3-swap
flutter-perf raw n=16 build_us=4393 raster_us=4338 total_us=12857
bench-scenario-start s3-clear
bench-scenario-end s3-clear
flutter-perf raw n=17 build_us=7742 raster_us=2922 total_us=15998
bench-scenario-start s3-create1k
bench-scenario-end s3-create1k
flutter-perf raw n=18 build_us=44992 raster_us=4864 total_us=53140
bench-scenario-start s3-create10k
bench-scenario-end s3-create10k
flutter-perf raw n=19 build_us=13254 raster_us=3292 total_us=20307
bench-scenario-start s3-update
bench-scenario-end s3-update
flutter-perf raw n=20 build_us=3433 raster_us=2379 total_us=8498
bench-scenario-start s3-swap
bench-scenario-end s3-swap
flutter-perf raw n=21 build_us=4252 raster_us=4314 total_us=12586
bench-scenario-start s3-clear
bench-scenario-end s3-clear
flutter-perf raw n=22 build_us=7592 raster_us=2480 total_us=14545
bench-scenario-start s3-create1k
bench-scenario-end s3-create1k
flutter-perf raw n=23 build_us=52797 raster_us=4769 total_us=61282
bench-scenario-start s3-create10k
bench-scenario-end s3-create10k
flutter-perf raw n=24 build_us=14249 raster_us=4286 total_us=23318
bench-scenario-start s3-update
bench-scenario-end s3-update
flutter-perf raw n=25 build_us=3634 raster_us=4287 total_us=12213
bench-scenario-start s3-swap
bench-scenario-end s3-swap
flutter-perf raw n=26 build_us=5005 raster_us=4104 total_us=11338
bench-scenario-start s3-clear
bench-scenario-end s3-clear
flutter-perf raw n=27 build_us=2122 raster_us=2304 total_us=8777
bench-scenario-start s3-create1k
bench-scenario-end s3-create1k
flutter-perf raw n=28 build_us=45744 raster_us=4573 total_us=53463
bench-scenario-start s3-create10k
bench-scenario-end s3-create10k
flutter-perf raw n=29 build_us=13551 raster_us=4235 total_us=21802
bench-scenario-start s3-update
bench-scenario-end s3-update
flutter-perf raw n=30 build_us=3762 raster_us=4430 total_us=11738
bench-scenario-start s3-swap
bench-scenario-end s3-swap
flutter-perf raw n=31 build_us=14246 raster_us=5874 total_us=24610
bench-scenario-start s3-clear
bench-scenario-end s3-clear
flutter-perf raw n=32 build_us=5386 raster_us=2310 total_us=11449
bench-scenario-start s3-create1k
bench-scenario-end s3-create1k
flutter-perf raw n=33 build_us=46789 raster_us=4909 total_us=54862
bench-scenario-start s3-create10k
bench-scenario-end s3-create10k
flutter-perf raw n=34 build_us=13298 raster_us=4559 total_us=21615
bench-scenario-start s3-update
bench-scenario-end s3-update
flutter-perf raw n=35 build_us=3704 raster_us=4130 total_us=12190
bench-scenario-start s3-swap
bench-scenario-end s3-swap
flutter-perf raw n=36 build_us=12208 raster_us=5137 total_us=21847
bench-scenario-start s3-clear
bench-scenario-end s3-clear
flutter-perf raw n=37 build_us=5561 raster_us=2384 total_us=10544
bench-scenario-start s3-create1k
bench-scenario-end s3-create1k
flutter-perf raw n=38 build_us=47595 raster_us=4711 total_us=54645
bench-scenario-start s3-create10k
bench-scenario-end s3-create10k
flutter-perf raw n=39 build_us=13595 raster_us=4186 total_us=21867
bench-scenario-start s3-update
bench-scenario-end s3-update
flutter-perf raw n=40 build_us=3907 raster_us=4384 total_us=11857
bench-scenario-start s3-swap
bench-scenario-end s3-swap
flutter-perf raw n=41 build_us=10638 raster_us=5573 total_us=19867
bench-scenario-start s3-clear
bench-scenario-end s3-clear
flutter-perf raw n=42 build_us=6747 raster_us=2898 total_us=13570
bench-scenario-start s3-create1k
bench-scenario-end s3-create1k
flutter-perf raw n=43 build_us=45704 raster_us=4857 total_us=53673
bench-scenario-start s3-create10k
bench-scenario-end s3-create10k
flutter-perf raw n=44 build_us=13529 raster_us=4412 total_us=22379
bench-scenario-start s3-update
bench-scenario-end s3-update
flutter-perf raw n=45 build_us=4055 raster_us=4165 total_us=12083
bench-scenario-start s3-swap
bench-scenario-end s3-swap
flutter-perf raw n=46 build_us=12094 raster_us=5023 total_us=20455
bench-scenario-start s3-clear
bench-scenario-end s3-clear
flutter-perf raw n=47 build_us=4944 raster_us=2551 total_us=10160
bench-scenario-start s3-create1k
bench-scenario-end s3-create1k
flutter-perf raw n=48 build_us=51116 raster_us=4703 total_us=59117
bench-scenario-start s3-create10k
bench-scenario-end s3-create10k
flutter-perf raw n=49 build_us=13229 raster_us=4304 total_us=21051
bench-scenario-start s3-update
bench-scenario-end s3-update
flutter-perf raw n=50 build_us=3841 raster_us=4213 total_us=11836
bench-scenario-start s3-swap
bench-scenario-end s3-swap
flutter-perf raw n=51 build_us=12801 raster_us=5139 total_us=22547
bench-scenario-start s3-clear
bench-scenario-end s3-clear
flutter-perf raw n=52 build_us=5586 raster_us=2490 total_us=11705
bench-scenario-start s3-create1k
bench-scenario-end s3-create1k
flutter-perf raw n=53 build_us=44361 raster_us=4926 total_us=52031
bench-scenario-start s3-create10k
bench-scenario-end s3-create10k
flutter-perf raw n=54 build_us=13435 raster_us=4271 total_us=21516
bench-scenario-start s3-update
bench-scenario-end s3-update
flutter-perf raw n=55 build_us=3805 raster_us=4169 total_us=11770
bench-scenario-start s3-swap
bench-scenario-end s3-swap
flutter-perf raw n=56 build_us=12959 raster_us=4776 total_us=21938
bench-scenario-start s3-clear
bench-scenario-end s3-clear
flutter-perf raw n=57 build_us=6400 raster_us=2409 total_us=12488
bench-scenario-start s3-create1k
bench-scenario-end s3-create1k
flutter-perf raw n=58 build_us=44982 raster_us=4732 total_us=52488
bench-scenario-start s3-create10k
bench-scenario-end s3-create10k
flutter-perf raw n=59 build_us=13401 raster_us=4254 total_us=21585
bench-scenario-start s3-update
bench-scenario-end s3-update
flutter-perf raw n=60 build_us=3821 raster_us=4209 total_us=12168
bench-scenario-start s3-swap
bench-scenario-end s3-swap
flutter-perf raw n=61 build_us=12388 raster_us=5251 total_us=21073
bench-scenario-start s3-clear
bench-scenario-end s3-clear
flutter-perf raw n=62 build_us=7959 raster_us=2853 total_us=14676
bench-scenario-start s3-create1k
bench-scenario-end s3-create1k
flutter-perf raw n=63 build_us=42321 raster_us=4833 total_us=49962
bench-scenario-start s3-create10k
bench-scenario-end s3-create10k
flutter-perf raw n=64 build_us=13831 raster_us=4307 total_us=22293
bench-scenario-start s3-update
bench-scenario-end s3-update
flutter-perf raw n=65 build_us=4270 raster_us=4550 total_us=12965
bench-scenario-start s3-swap
bench-scenario-end s3-swap
flutter-perf raw n=66 build_us=3353 raster_us=4105 total_us=10797
bench-scenario-start s3-clear
bench-scenario-end s3-clear
flutter-perf raw n=67 build_us=3972 raster_us=2439 total_us=9284
bench-scenario-start s3-create1k
bench-scenario-end s3-create1k
flutter-perf raw n=68 build_us=46348 raster_us=4677 total_us=54267
bench-scenario-start s3-create10k
bench-scenario-end s3-create10k
flutter-perf raw n=69 build_us=13278 raster_us=4192 total_us=20901
bench-scenario-start s3-update
bench-scenario-end s3-update
flutter-perf raw n=70 build_us=3756 raster_us=4214 total_us=12303
bench-scenario-start s3-swap
bench-scenario-end s3-swap
flutter-perf raw n=71 build_us=3523 raster_us=3928 total_us=11126
bench-scenario-start s3-clear
bench-scenario-end s3-clear
flutter-perf raw n=72 build_us=2152 raster_us=2492 total_us=8221
bench-scenario-start s3-create1k
bench-scenario-end s3-create1k
flutter-perf raw n=73 build_us=46394 raster_us=4658 total_us=55142
bench-scenario-start s3-create10k
bench-scenario-end s3-create10k
flutter-perf raw n=74 build_us=13545 raster_us=4121 total_us=21441
bench-scenario-start s3-update
bench-scenario-end s3-update
flutter-perf raw n=75 build_us=3707 raster_us=4312 total_us=11793
bench-scenario-start s3-swap
bench-scenario-end s3-swap
flutter-perf raw n=76 build_us=3350 raster_us=3455 total_us=11105
bench-scenario-start s3-clear
bench-scenario-end s3-clear
flutter-perf raw n=77 build_us=6103 raster_us=2910 total_us=12307
bench-scenario-start s3-create1k
bench-scenario-end s3-create1k
flutter-perf raw n=78 build_us=46423 raster_us=4678 total_us=54705
bench-scenario-start s3-create10k
bench-scenario-end s3-create10k
flutter-perf raw n=79 build_us=13424 raster_us=4395 total_us=21296
bench-scenario-start s3-update
bench-scenario-end s3-update
flutter-perf raw n=80 build_us=3754 raster_us=4316 total_us=12120
bench-scenario-start s3-swap
bench-scenario-end s3-swap
flutter-perf raw n=81 build_us=10473 raster_us=4784 total_us=18728
bench-scenario-start s3-clear
bench-scenario-end s3-clear
flutter-perf raw n=82 build_us=6742 raster_us=2760 total_us=13067
bench-scenario-start s3-create1k
bench-scenario-end s3-create1k
flutter-perf raw n=83 build_us=15405 raster_us=4302 total_us=24015
bench-scenario-start s3-create10k
bench-scenario-end s3-create10k
flutter-perf raw n=84 build_us=13327 raster_us=4322 total_us=21027
bench-scenario-start s3-update
bench-scenario-end s3-update
flutter-perf raw n=85 build_us=3913 raster_us=4300 total_us=11762
bench-scenario-start s3-swap
bench-scenario-end s3-swap
flutter-perf raw n=86 build_us=10830 raster_us=5647 total_us=20223
bench-scenario-start s3-clear
bench-scenario-end s3-clear
flutter-perf raw n=87 build_us=5780 raster_us=2474 total_us=11860
bench-scenario-start s3-create1k
bench-scenario-end s3-create1k
flutter-perf raw n=88 build_us=47851 raster_us=4686 total_us=56899
bench-scenario-start s3-create10k
bench-scenario-end s3-create10k
flutter-perf raw n=89 build_us=13537 raster_us=4328 total_us=21389
bench-scenario-start s3-update
bench-scenario-end s3-update
flutter-perf raw n=90 build_us=4033 raster_us=4137 total_us=12295
bench-scenario-start s3-swap
bench-scenario-end s3-swap
flutter-perf raw n=91 build_us=10246 raster_us=5675 total_us=19300
