bench-scenario-start s3
bench-scenario-start s3-create1k
flutter-perf raw n=2 build_us=5 raster_us=4682 total_us=5197
bench-scenario-end s3-create1k
flutter-perf raw n=3 build_us=13806 raster_us=13057 total_us=40285
bench-scenario-start s3-create10k
bench-scenario-end s3-create10k
flutter-perf raw n=4 build_us=1256 raster_us=2540 total_us=5150
bench-scenario-start s3-update
bench-scenario-end s3-update
flutter-perf raw n=5 build_us=3647 raster_us=3275 total_us=9471
bench-scenario-start s3-swap
bench-scenario-end s3-swap
flutter-perf raw n=6 build_us=5290 raster_us=5900 total_us=15208
bench-scenario-start s3-clear
bench-scenario-end s3-clear
flutter-perf raw n=7 build_us=5089 raster_us=2479 total_us=10760
bench-scenario-start s3-create1k
bench-scenario-end s3-create1k
flutter-perf raw n=8 build_us=56264 raster_us=6643 total_us=66640
bench-scenario-start s3-create10k
bench-scenario-end s3-create10k
flutter-perf raw n=9 build_us=16545 raster_us=3637 total_us=23622
bench-scenario-start s3-update
bench-scenario-end s3-update
flutter-perf raw n=10 build_us=3924 raster_us=4281 total_us=11438
bench-scenario-start s3-swap
bench-scenario-end s3-swap
flutter-perf raw n=11 build_us=3443 raster_us=14705 total_us=22101
bench-scenario-start s3-clear
bench-scenario-end s3-clear
flutter-perf raw n=12 build_us=7049 raster_us=6454 total_us=17999
bench-scenario-start s3-create1k
bench-scenario-end s3-create1k
flutter-perf raw n=13 build_us=45763 raster_us=5079 total_us=54472
bench-scenario-start s3-create10k
bench-scenario-end s3-create10k
flutter-perf raw n=14 build_us=16079 raster_us=4380 total_us=24815
bench-scenario-start s3-update
bench-scenario-end s3-update
flutter-perf raw n=15 build_us=4239 raster_us=4550 total_us=13087
bench-scenario-start s3-swap
bench-scenario-end s3-swap
flutter-perf raw n=16 build_us=12846 raster_us=5093 total_us=21475
bench-scenario-start s3-clear
bench-scenario-end s3-clear
flutter-perf raw n=17 build_us=2233 raster_us=2205 total_us=11051
bench-scenario-start s3-create1k
bench-scenario-end s3-create1k
flutter-perf raw n=18 build_us=40256 raster_us=4865 total_us=48631
bench-scenario-start s3-create10k
bench-scenario-end s3-create10k
flutter-perf raw n=19 build_us=16147 raster_us=4322 total_us=24192
bench-scenario-start s3-update
bench-scenario-end s3-update
flutter-perf raw n=20 build_us=3920 raster_us=2936 total_us=10956
bench-scenario-start s3-swap
bench-scenario-end s3-swap
flutter-perf raw n=21 build_us=12031 raster_us=4944 total_us=21878
bench-scenario-start s3-clear
bench-scenario-end s3-clear
flutter-perf raw n=22 build_us=6642 raster_us=3128 total_us=14126
bench-scenario-start s3-create1k
bench-scenario-end s3-create1k
flutter-perf raw n=23 build_us=41327 raster_us=5030 total_us=50217
bench-scenario-start s3-create10k
bench-scenario-end s3-create10k
flutter-perf raw n=24 build_us=16100 raster_us=4544 total_us=24821
bench-scenario-start s3-update
bench-scenario-end s3-update
flutter-perf raw n=25 build_us=3992 raster_us=4418 total_us=12678
bench-scenario-start s3-swap
bench-scenario-end s3-swap
flutter-perf raw n=26 build_us=13011 raster_us=5664 total_us=22397
bench-scenario-start s3-clear
bench-scenario-end s3-clear
flutter-perf raw n=27 build_us=6296 raster_us=2340 total_us=12026
bench-scenario-start s3-create1k
bench-scenario-end s3-create1k
flutter-perf raw n=28 build_us=42819 raster_us=4821 total_us=50468
bench-scenario-start s3-create10k
bench-scenario-end s3-create10k
flutter-perf raw n=29 build_us=15832 raster_us=4527 total_us=24695
bench-scenario-start s3-update
bench-scenario-end s3-update
flutter-perf raw n=30 build_us=3953 raster_us=4335 total_us=12272
bench-scenario-start s3-swap
bench-scenario-end s3-swap
flutter-perf raw n=31 build_us=10568 raster_us=5709 total_us=18716
bench-scenario-start s3-clear
bench-scenario-end s3-clear
flutter-perf raw n=32 build_us=6216 raster_us=2918 total_us=13003
bench-scenario-start s3-create1k
bench-scenario-end s3-create1k
flutter-perf raw n=33 build_us=49336 raster_us=4907 total_us=58856
bench-scenario-start s3-create10k
bench-scenario-end s3-create10k
flutter-perf raw n=34 build_us=16147 raster_us=5023 total_us=24844
bench-scenario-start s3-update
bench-scenario-end s3-update
flutter-perf raw n=35 build_us=4294 raster_us=4689 total_us=13361
bench-scenario-start s3-swap
bench-scenario-end s3-swap
flutter-perf raw n=36 build_us=10977 raster_us=5233 total_us=19822
bench-scenario-start s3-clear
bench-scenario-end s3-clear
flutter-perf raw n=37 build_us=8145 raster_us=2808 total_us=15461
bench-scenario-start s3-create1k
bench-scenario-end s3-create1k
flutter-perf raw n=38 build_us=45449 raster_us=4824 total_us=53683
bench-scenario-start s3-create10k
bench-scenario-end s3-create10k
flutter-perf raw n=39 build_us=16381 raster_us=4780 total_us=25013
bench-scenario-start s3-update
bench-scenario-end s3-update
flutter-perf raw n=40 build_us=3975 raster_us=4458 total_us=12075
bench-scenario-start s3-swap
bench-scenario-end s3-swap
flutter-perf raw n=41 build_us=10711 raster_us=6482 total_us=20520
bench-scenario-start s3-clear
bench-scenario-end s3-clear
flutter-perf raw n=42 build_us=5508 raster_us=2626 total_us=11636
bench-scenario-start s3-create1k
bench-scenario-end s3-create1k
flutter-perf raw n=43 build_us=44566 raster_us=4863 total_us=52177
bench-scenario-start s3-create10k
bench-scenario-end s3-create10k
flutter-perf raw n=44 build_us=16141 raster_us=4319 total_us=24873
bench-scenario-start s3-update
bench-scenario-end s3-update
flutter-perf raw n=45 build_us=3866 raster_us=4417 total_us=11510
bench-scenario-start s3-swap
bench-scenario-end s3-swap
flutter-perf raw n=46 build_us=5551 raster_us=8060 total_us=16211
bench-scenario-start s3-clear
bench-scenario-end s3-clear
flutter-perf raw n=47 build_us=2044 raster_us=5519 total_us=11491
bench-scenario-start s3-create1k
bench-scenario-end s3-create1k
flutter-perf raw n=48 build_us=45584 raster_us=4977 total_us=54161
bench-scenario-start s3-create10k
bench-scenario-end s3-create10k
flutter-perf raw n=49 build_us=16035 raster_us=4420 total_us=24370
bench-scenario-start s3-update
bench-scenario-end s3-update
flutter-perf raw n=50 build_us=4013 raster_us=4443 total_us=12507
bench-scenario-start s3-swap
bench-scenario-end s3-swap
flutter-perf raw n=51 build_us=10174 raster_us=5555 total_us=19422
bench-scenario-start s3-clear
bench-scenario-end s3-clear
flutter-perf raw n=52 build_us=3638 raster_us=3378 total_us=9496
bench-scenario-start s3-create1k
bench-scenario-end s3-create1k
flutter-perf raw n=53 build_us=17803 raster_us=4173 total_us=25675
bench-scenario-start s3-create10k
bench-scenario-end s3-create10k
flutter-perf raw n=54 build_us=16984 raster_us=4512 total_us=25815
bench-scenario-start s3-update
bench-scenario-end s3-update
flutter-perf raw n=55 build_us=4144 raster_us=4378 total_us=11843
bench-scenario-start s3-swap
bench-scenario-end s3-swap
flutter-perf raw n=56 build_us=4104 raster_us=4822 total_us=12030
bench-scenario-start s3-clear
bench-scenario-end s3-clear
flutter-perf raw n=57 build_us=6159 raster_us=2412 total_us=12373
bench-scenario-start s3-create1k
bench-scenario-end s3-create1k
flutter-perf raw n=58 build_us=48295 raster_us=5009 total_us=57413
bench-scenario-start s3-create10k
bench-scenario-end s3-create10k
flutter-perf raw n=59 build_us=16290 raster_us=4439 total_us=24155
bench-scenario-start s3-update
bench-scenario-end s3-update
flutter-perf raw n=60 build_us=4097 raster_us=4266 total_us=12533
bench-scenario-start s3-swap
bench-scenario-end s3-swap
flutter-perf raw n=61 build_us=10239 raster_us=5216 total_us=18524
bench-scenario-start s3-clear
bench-scenario-end s3-clear
flutter-perf raw n=62 build_us=6354 raster_us=3002 total_us=13422
bench-scenario-start s3-create1k
bench-scenario-end s3-create1k
flutter-perf raw n=63 build_us=42280 raster_us=4911 total_us=50408
bench-scenario-start s3-create10k
bench-scenario-end s3-create10k
flutter-perf raw n=64 build_us=16101 raster_us=4599 total_us=24432
bench-scenario-start s3-update
bench-scenario-end s3-update
flutter-perf raw n=65 build_us=3973 raster_us=4545 total_us=12048
bench-scenario-start s3-swap
bench-scenario-end s3-swap
flutter-perf raw n=66 build_us=11286 raster_us=5702 total_us=20142
bench-scenario-start s3-clear
bench-scenario-end s3-clear
flutter-perf raw n=67 build_us=5948 raster_us=2781 total_us=11884
bench-scenario-start s3-create1k
bench-scenario-end s3-create1k
flutter-perf raw n=68 build_us=44448 raster_us=4874 total_us=52457
bench-scenario-start s3-create10k
bench-scenario-end s3-create10k
flutter-perf raw n=69 build_us=15799 raster_us=4636 total_us=24614
bench-scenario-start s3-update
bench-scenario-end s3-update
flutter-perf raw n=70 build_us=3983 raster_us=4529 total_us=11931
bench-scenario-start s3-swap
bench-scenario-end s3-swap
flutter-perf raw n=71 build_us=3401 raster_us=4193 total_us=10956
bench-scenario-start s3-clear
bench-scenario-end s3-clear
flutter-perf raw n=72 build_us=6912 raster_us=2729 total_us=13295
bench-scenario-start s3-create1k
bench-scenario-end s3-create1k
flutter-perf raw n=73 build_us=44929 raster_us=4864 total_us=53448
bench-scenario-start s3-create10k
bench-scenario-end s3-create10k
flutter-perf raw n=74 build_us=15511 raster_us=4416 total_us=24014
bench-scenario-start s3-update
bench-scenario-end s3-update
flutter-perf raw n=75 build_us=3823 raster_us=4279 total_us=12161
bench-scenario-start s3-swap
bench-scenario-end s3-swap
flutter-perf raw n=76 build_us=11933 raster_us=5452 total_us=20462
bench-scenario-start s3-clear
bench-scenario-end s3-clear
flutter-perf raw n=77 build_us=7017 raster_us=2895 total_us=12864
bench-scenario-start s3-create1k
bench-scenario-end s3-create1k
flutter-perf raw n=78 build_us=46245 raster_us=4886 total_us=55761
bench-scenario-start s3-create10k
bench-scenario-end s3-create10k
flutter-perf raw n=79 build_us=15722 raster_us=4459 total_us=24770
bench-scenario-start s3-update
bench-scenario-end s3-update
flutter-perf raw n=80 build_us=3914 raster_us=4355 total_us=12021
bench-scenario-start s3-swap
bench-scenario-end s3-swap
flutter-perf raw n=81 build_us=12855 raster_us=5217 total_us=21911
bench-scenario-start s3-clear
bench-scenario-end s3-clear
flutter-perf raw n=82 build_us=7569 raster_us=2845 total_us=13085
bench-scenario-start s3-create1k
bench-scenario-end s3-create1k
flutter-perf raw n=83 build_us=43104 raster_us=4887 total_us=51943
bench-scenario-start s3-create10k
bench-scenario-end s3-create10k
flutter-perf raw n=84 build_us=16796 raster_us=4515 total_us=24596
bench-scenario-start s3-update
bench-scenario-end s3-update
flutter-perf raw n=85 build_us=4087 raster_us=4546 total_us=13091
bench-scenario-start s3-swap
bench-scenario-end s3-swap
flutter-perf raw n=86 build_us=15156 raster_us=4873 total_us=23504
bench-scenario-start s3-clear
bench-scenario-end s3-clear
flutter-perf raw n=87 build_us=5909 raster_us=2360 total_us=11467
bench-scenario-start s3-create1k
bench-scenario-end s3-create1k
flutter-perf raw n=88 build_us=44639 raster_us=4929 total_us=52976
bench-scenario-start s3-create10k
bench-scenario-end s3-create10k
flutter-perf raw n=89 build_us=16111 raster_us=4422 total_us=24042
bench-scenario-start s3-update
bench-scenario-end s3-update
flutter-perf raw n=90 build_us=3998 raster_us=4413 total_us=12213
bench-scenario-start s3-swap
bench-scenario-end s3-swap
