bench-scenario-start s3
bench-scenario-start s3-create1k
flutter-perf raw n=3 build_us=5 raster_us=4168 total_us=4560
bench-scenario-end s3-create1k
flutter-perf raw n=4 build_us=14306 raster_us=11754 total_us=35326
bench-scenario-start s3-create10k
bench-scenario-end s3-create10k
flutter-perf raw n=5 build_us=1333 raster_us=2015 total_us=4693
bench-scenario-start s3-update
bench-scenario-end s3-update
flutter-perf raw n=6 build_us=3058 raster_us=3700 total_us=9016
bench-scenario-start s3-swap
bench-scenario-end s3-swap
flutter-perf raw n=7 build_us=4628 raster_us=5549 total_us=13678
bench-scenario-start s3-clear
bench-scenario-end s3-clear
flutter-perf raw n=8 build_us=6205 raster_us=2182 total_us=12545
bench-scenario-start s3-create1k
bench-scenario-end s3-create1k
flutter-perf raw n=9 build_us=55444 raster_us=6706 total_us=65442
bench-scenario-start s3-create10k
bench-scenario-end s3-create10k
flutter-perf raw n=10 build_us=16408 raster_us=4633 total_us=24549
bench-scenario-start s3-update
bench-scenario-end s3-update
flutter-perf raw n=11 build_us=4678 raster_us=4769 total_us=13614
bench-scenario-start s3-swap
bench-scenario-end s3-swap
flutter-perf raw n=12 build_us=3572 raster_us=15517 total_us=22896
bench-scenario-start s3-clear
bench-scenario-end s3-clear
flutter-perf raw n=13 build_us=6675 raster_us=2961 total_us=14544
bench-scenario-start s3-create1k
bench-scenario-end s3-create1k
flutter-perf raw n=14 build_us=41298 raster_us=5099 total_us=50292
bench-scenario-start s3-create10k
bench-scenario-end s3-create10k
flutter-perf raw n=15 build_us=16232 raster_us=4510 total_us=24313
bench-scenario-start s3-update
bench-scenario-end s3-update
flutter-perf raw n=16 build_us=4103 raster_us=4321 total_us=12467
bench-scenario-start s3-swap
bench-scenario-end s3-swap
flutter-perf raw n=17 build_us=3593 raster_us=4320 total_us=11720
bench-scenario-start s3-clear
bench-scenario-end s3-clear
flutter-perf raw n=18 build_us=3254 raster_us=2139 total_us=7481
bench-scenario-start s3-create1k
bench-scenario-end s3-create1k
flutter-perf raw n=19 build_us=17893 raster_us=4505 total_us=26180
bench-scenario-start s3-create10k
bench-scenario-end s3-create10k
flutter-perf raw n=20 build_us=16334 raster_us=4570 total_us=24615
bench-scenario-start s3-update
bench-scenario-end s3-update
flutter-perf raw n=21 build_us=3889 raster_us=4356 total_us=11240
bench-scenario-start s3-swap
bench-scenario-end s3-swap
flutter-perf raw n=22 build_us=10062 raster_us=6209 total_us=19670
bench-scenario-start s3-clear
bench-scenario-end s3-clear
flutter-perf raw n=23 build_us=6422 raster_us=2645 total_us=12898
bench-scenario-start s3-create1k
bench-scenario-end s3-create1k
flutter-perf raw n=24 build_us=45400 raster_us=5074 total_us=54389
bench-scenario-start s3-create10k
bench-scenario-end s3-create10k
flutter-perf raw n=25 build_us=16300 raster_us=4651 total_us=24114
bench-scenario-start s3-update
bench-scenario-end s3-update
flutter-perf raw n=26 build_us=4028 raster_us=4450 total_us=12089
bench-scenario-start s3-swap
bench-scenario-end s3-swap
flutter-perf raw n=27 build_us=3724 raster_us=4520 total_us=11842
bench-scenario-start s3-clear
bench-scenario-end s3-clear
flutter-perf raw n=28 build_us=2725 raster_us=1922 total_us=6774
bench-scenario-start s3-create1k
bench-scenario-end s3-create1k
flutter-perf raw n=29 build_us=42900 raster_us=5362 total_us=51055
bench-scenario-start s3-create10k
bench-scenario-end s3-create10k
flutter-perf raw n=30 build_us=16172 raster_us=4413 total_us=24615
bench-scenario-start s3-update
bench-scenario-end s3-update
flutter-perf raw n=31 build_us=3821 raster_us=4358 total_us=12444
bench-scenario-start s3-swap
bench-scenario-end s3-swap
flutter-perf raw n=32 build_us=11397 raster_us=4868 total_us=20010
bench-scenario-start s3-clear
bench-scenario-end s3-clear
flutter-perf raw n=33 build_us=7086 raster_us=2994 total_us=14763
bench-scenario-start s3-create1k
bench-scenario-end s3-create1k
flutter-perf raw n=34 build_us=43643 raster_us=4852 total_us=51741
bench-scenario-start s3-create10k
bench-scenario-end s3-create10k
flutter-perf raw n=35 build_us=16067 raster_us=5010 total_us=24894
bench-scenario-start s3-update
bench-scenario-end s3-update
flutter-perf raw n=36 build_us=3913 raster_us=4549 total_us=11460
bench-scenario-start s3-swap
bench-scenario-end s3-swap
flutter-perf raw n=37 build_us=12569 raster_us=5982 total_us=22580
bench-scenario-start s3-clear
bench-scenario-end s3-clear
flutter-perf raw n=38 build_us=7138 raster_us=3083 total_us=15405
bench-scenario-start s3-create1k
bench-scenario-end s3-create1k
flutter-perf raw n=39 build_us=39299 raster_us=5019 total_us=47495
bench-scenario-start s3-create10k
bench-scenario-end s3-create10k
flutter-perf raw n=40 build_us=16354 raster_us=4573 total_us=24719
bench-scenario-start s3-update
bench-scenario-end s3-update
flutter-perf raw n=41 build_us=3937 raster_us=4449 total_us=12111
bench-scenario-start s3-swap
bench-scenario-end s3-swap
flutter-perf raw n=42 build_us=10403 raster_us=5698 total_us=19651
bench-scenario-start s3-clear
bench-scenario-end s3-clear
flutter-perf raw n=43 build_us=5572 raster_us=2527 total_us=11010
bench-scenario-start s3-create1k
bench-scenario-end s3-create1k
flutter-perf raw n=44 build_us=40476 raster_us=4968 total_us=48040
bench-scenario-start s3-create10k
bench-scenario-end s3-create10k
flutter-perf raw n=45 build_us=17972 raster_us=4510 total_us=26587
bench-scenario-start s3-update
bench-scenario-end s3-update
flutter-perf raw n=46 build_us=4203 raster_us=4549 total_us=13158
bench-scenario-start s3-swap
bench-scenario-end s3-swap
flutter-perf raw n=47 build_us=13167 raster_us=5340 total_us=22182
bench-scenario-start s3-clear
bench-scenario-end s3-clear
flutter-perf raw n=48 build_us=3849 raster_us=2207 total_us=7980
bench-scenario-start s3-create1k
bench-scenario-end s3-create1k
flutter-perf raw n=49 build_us=43324 raster_us=4982 total_us=52186
bench-scenario-start s3-create10k
bench-scenario-end s3-create10k
flutter-perf raw n=50 build_us=17575 raster_us=4537 total_us=26225
bench-scenario-start s3-update
bench-scenario-end s3-update
flutter-perf raw n=51 build_us=4002 raster_us=4457 total_us=12271
bench-scenario-start s3-swap
bench-scenario-end s3-swap
flutter-perf raw n=52 build_us=3502 raster_us=4463 total_us=12242
bench-scenario-start s3-clear
bench-scenario-end s3-clear
flutter-perf raw n=53 build_us=6143 raster_us=2485 total_us=12615
bench-scenario-start s3-create1k
bench-scenario-end s3-create1k
flutter-perf raw n=54 build_us=43004 raster_us=4973 total_us=51472
bench-scenario-start s3-create10k
bench-scenario-end s3-create10k
flutter-perf raw n=55 build_us=16392 raster_us=4409 total_us=24515
bench-scenario-start s3-update
bench-scenario-end s3-update
flutter-perf raw n=56 build_us=3896 raster_us=4369 total_us=11735
bench-scenario-start s3-swap
bench-scenario-end s3-swap
flutter-perf raw n=57 build_us=11220 raster_us=5533 total_us=21073
bench-scenario-start s3-clear
bench-scenario-end s3-clear
flutter-perf raw n=58 build_us=7874 raster_us=2394 total_us=14789
bench-scenario-start s3-create1k
bench-scenario-end s3-create1k
flutter-perf raw n=59 build_us=45421 raster_us=4947 total_us=54910
bench-scenario-start s3-create10k
bench-scenario-end s3-create10k
flutter-perf raw n=60 build_us=16049 raster_us=4645 total_us=24378
bench-scenario-start s3-update
bench-scenario-end s3-update
flutter-perf raw n=61 build_us=3953 raster_us=4495 total_us=12714
bench-scenario-start s3-swap
bench-scenario-end s3-swap
flutter-perf raw n=62 build_us=10261 raster_us=5604 total_us=19133
bench-scenario-start s3-clear
bench-scenario-end s3-clear
flutter-perf raw n=63 build_us=1978 raster_us=2180 total_us=7591
bench-scenario-start s3-create1k
bench-scenario-end s3-create1k
flutter-perf raw n=64 build_us=46303 raster_us=5005 total_us=55722
bench-scenario-start s3-create10k
bench-scenario-end s3-create10k
flutter-perf raw n=65 build_us=15847 raster_us=4466 total_us=23962
bench-scenario-start s3-update
bench-scenario-end s3-update
flutter-perf raw n=66 build_us=3884 raster_us=4333 total_us=12319
bench-scenario-start s3-swap
bench-scenario-end s3-swap
flutter-perf raw n=67 build_us=11243 raster_us=5482 total_us=21037
bench-scenario-start s3-clear
bench-scenario-end s3-clear
flutter-perf raw n=68 build_us=5924 raster_us=2619 total_us=12155
bench-scenario-start s3-create1k
bench-scenario-end s3-create1k
flutter-perf raw n=69 build_us=42878 raster_us=4913 total_us=51223
bench-scenario-start s3-create10k
bench-scenario-end s3-create10k
flutter-perf raw n=70 build_us=16413 raster_us=4281 total_us=23961
bench-scenario-start s3-update
bench-scenario-end s3-update
flutter-perf raw n=71 build_us=3833 raster_us=4369 total_us=11975
bench-scenario-start s3-swap
bench-scenario-end s3-swap
flutter-perf raw n=72 build_us=3534 raster_us=4274 total_us=11506
bench-scenario-start s3-clear
bench-scenario-end s3-clear
flutter-perf raw n=73 build_us=7020 raster_us=2533 total_us=13456
bench-scenario-start s3-create1k
bench-scenario-end s3-create1k
flutter-perf raw n=74 build_us=42101 raster_us=5397 total_us=50493
bench-scenario-start s3-create10k
bench-scenario-end s3-create10k
flutter-perf raw n=75 build_us=18106 raster_us=4348 total_us=25981
bench-scenario-start s3-update
bench-scenario-end s3-update
flutter-perf raw n=76 build_us=3984 raster_us=4314 total_us=12111
bench-scenario-start s3-swap
bench-scenario-end s3-swap
flutter-perf raw n=77 build_us=4053 raster_us=4960 total_us=14135
bench-scenario-start s3-clear
bench-scenario-end s3-clear
flutter-perf raw n=78 build_us=6247 raster_us=2925 total_us=12832
bench-scenario-start s3-create1k
bench-scenario-end s3-create1k
flutter-perf raw n=79 build_us=44191 raster_us=4941 total_us=52169
bench-scenario-start s3-create10k
bench-scenario-end s3-create10k
flutter-perf raw n=80 build_us=16414 raster_us=4333 total_us=24999
bench-scenario-start s3-update
bench-scenario-end s3-update
flutter-perf raw n=81 build_us=4573 raster_us=4527 total_us=13244
bench-scenario-start s3-swap
bench-scenario-end s3-swap
flutter-perf raw n=82 build_us=3918 raster_us=3654 total_us=10174
bench-scenario-start s3-clear
bench-scenario-end s3-clear
flutter-perf raw n=83 build_us=7173 raster_us=2812 total_us=15001
bench-scenario-start s3-create1k
bench-scenario-end s3-create1k
flutter-perf raw n=84 build_us=47026 raster_us=4920 total_us=56074
bench-scenario-start s3-create10k
bench-scenario-end s3-create10k
flutter-perf raw n=85 build_us=16131 raster_us=4484 total_us=24919
bench-scenario-start s3-update
bench-scenario-end s3-update
flutter-perf raw n=86 build_us=3897 raster_us=4293 total_us=12101
bench-scenario-start s3-swap
bench-scenario-end s3-swap
flutter-perf raw n=87 build_us=12293 raster_us=5285 total_us=21360
bench-scenario-start s3-clear
bench-scenario-end s3-clear
flutter-perf raw n=88 build_us=6652 raster_us=2965 total_us=13099
bench-scenario-start s3-create1k
bench-scenario-end s3-create1k
flutter-perf raw n=89 build_us=42072 raster_us=4883 total_us=50503
bench-scenario-start s3-create10k
bench-scenario-end s3-create10k
flutter-perf raw n=90 build_us=16248 raster_us=4504 total_us=24702
bench-scenario-start s3-update
bench-scenario-end s3-update
flutter-perf raw n=91 build_us=3979 raster_us=4303 total_us=11859
bench-scenario-start s3-swap
bench-scenario-end s3-swap
