bench-scenario-start s3
bench-scenario-start s3-create1k
flutter-perf raw n=2 build_us=5 raster_us=4174 total_us=4613
bench-scenario-end s3-create1k
flutter-perf raw n=3 build_us=11829 raster_us=9787 total_us=25014
bench-scenario-start s3-create10k
bench-scenario-end s3-create10k
flutter-perf raw n=4 build_us=1233 raster_us=2643 total_us=5627
bench-scenario-start s3-update
bench-scenario-end s3-update
flutter-perf raw n=5 build_us=2765 raster_us=3149 total_us=7880
bench-scenario-start s3-swap
bench-scenario-end s3-swap
flutter-perf raw n=6 build_us=4207 raster_us=5110 total_us=12684
bench-scenario-start s3-clear
bench-scenario-end s3-clear
flutter-perf raw n=7 build_us=5216 raster_us=2591 total_us=11270
bench-scenario-start s3-create1k
bench-scenario-end s3-create1k
flutter-perf raw n=8 build_us=56651 raster_us=6124 total_us=66431
bench-scenario-start s3-create10k
bench-scenario-end s3-create10k
flutter-perf raw n=9 build_us=13209 raster_us=4345 total_us=21304
bench-scenario-start s3-update
bench-scenario-end s3-update
flutter-perf raw n=10 build_us=3698 raster_us=2373 total_us=8333
bench-scenario-start s3-swap
bench-scenario-end s3-swap
flutter-perf raw n=11 build_us=3630 raster_us=16331 total_us=24111
bench-scenario-start s3-clear
bench-scenario-end s3-clear
flutter-perf raw n=12 build_us=6579 raster_us=2974 total_us=12516
bench-scenario-start s3-create1k
bench-scenario-end s3-create1k
flutter-perf raw n=13 build_us=40860 raster_us=4704 total_us=49113
bench-scenario-start s3-create10k
bench-scenario-end s3-create10k
flutter-perf raw n=14 build_us=11682 raster_us=3821 total_us=17456
bench-scenario-start s3-update
bench-scenario-end s3-update
flutter-perf raw n=15 build_us=2674 raster_us=3577 total_us=8128
bench-scenario-start s3-swap
bench-scenario-end s3-swap
flutter-perf raw n=16 build_us=6752 raster_us=3582 total_us=12011
bench-scenario-start s3-clear
bench-scenario-end s3-clear
flutter-perf raw n=17 build_us=5620 raster_us=3256 total_us=12596
bench-scenario-start s3-create1k
bench-scenario-end s3-create1k
flutter-perf raw n=18 build_us=42914 raster_us=4601 total_us=50502
bench-scenario-start s3-create10k
bench-scenario-end s3-create10k
flutter-perf raw n=19 build_us=13010 raster_us=4087 total_us=20863
bench-scenario-start s3-update
bench-scenario-end s3-update
flutter-perf raw n=20 build_us=4057 raster_us=4293 total_us=11761
bench-scenario-start s3-swap
bench-scenario-end s3-swap
flutter-perf raw n=21 build_us=9483 raster_us=5743 total_us=17182
bench-scenario-start s3-clear
bench-scenario-end s3-clear
flutter-perf raw n=22 build_us=6842 raster_us=2761 total_us=13573
bench-scenario-start s3-create1k
bench-scenario-end s3-create1k
flutter-perf raw n=23 build_us=40277 raster_us=4572 total_us=48079
bench-scenario-start s3-create10k
bench-scenario-end s3-create10k
flutter-perf raw n=24 build_us=13276 raster_us=4286 total_us=21181
bench-scenario-start s3-update
bench-scenario-end s3-update
flutter-perf raw n=25 build_us=4050 raster_us=4191 total_us=12308
bench-scenario-start s3-swap
bench-scenario-end s3-swap
flutter-perf raw n=26 build_us=4014 raster_us=4848 total_us=12720
bench-scenario-start s3-clear
bench-scenario-end s3-clear
flutter-perf raw n=27 build_us=2136 raster_us=2295 total_us=7440
bench-scenario-start s3-create1k
bench-scenario-end s3-create1k
flutter-perf raw n=28 build_us=47417 raster_us=4665 total_us=56669
bench-scenario-start s3-create10k
bench-scenario-end s3-create10k
flutter-perf raw n=29 build_us=13345 raster_us=4311 total_us=21752
bench-scenario-start s3-update
bench-scenario-end s3-update
flutter-perf raw n=30 build_us=6096 raster_us=4269 total_us=14300
bench-scenario-start s3-swap
bench-scenario-end s3-swap
flutter-perf raw n=31 build_us=3646 raster_us=3956 total_us=11334
bench-scenario-start s3-clear
bench-scenario-end s3-clear
flutter-perf raw n=32 build_us=6476 raster_us=2658 total_us=13650
bench-scenario-start s3-create1k
bench-scenario-end s3-create1k
flutter-perf raw n=33 build_us=43340 raster_us=4585 total_us=50867
bench-scenario-start s3-create10k
bench-scenario-end s3-create10k
flutter-perf raw n=34 build_us=13231 raster_us=4550 total_us=21622
bench-scenario-start s3-update
bench-scenario-end s3-update
flutter-perf raw n=35 build_us=3865 raster_us=4167 total_us=12142
bench-scenario-start s3-swap
bench-scenario-end s3-swap
flutter-perf raw n=36 build_us=10848 raster_us=5001 total_us=19981
bench-scenario-start s3-clear
bench-scenario-end s3-clear
flutter-perf raw n=37 build_us=6487 raster_us=2774 total_us=13170
bench-scenario-start s3-create1k
bench-scenario-end s3-create1k
flutter-perf raw n=38 build_us=47375 raster_us=4570 total_us=55346
bench-scenario-start s3-create10k
bench-scenario-end s3-create10k
flutter-perf raw n=39 build_us=13350 raster_us=4266 total_us=21043
bench-scenario-start s3-update
bench-scenario-end s3-update
flutter-perf raw n=40 build_us=3695 raster_us=4206 total_us=11117
bench-scenario-start s3-swap
bench-scenario-end s3-swap
flutter-perf raw n=41 build_us=10517 raster_us=5678 total_us=18812
bench-scenario-start s3-clear
bench-scenario-end s3-clear
flutter-perf raw n=42 build_us=5819 raster_us=2823 total_us=11752
bench-scenario-start s3-create1k
bench-scenario-end s3-create1k
flutter-perf raw n=43 build_us=41965 raster_us=4538 total_us=49906
bench-scenario-start s3-create10k
bench-scenario-end s3-create10k
flutter-perf raw n=44 build_us=13137 raster_us=4214 total_us=21319
bench-scenario-start s3-update
bench-scenario-end s3-update
flutter-perf raw n=45 build_us=3607 raster_us=4144 total_us=11532
bench-scenario-start s3-swap
bench-scenario-end s3-swap
flutter-perf raw n=46 build_us=10911 raster_us=4913 total_us=20167
bench-scenario-start s3-clear
bench-scenario-end s3-clear
flutter-perf raw n=47 build_us=7338 raster_us=2206 total_us=14367
bench-scenario-start s3-create1k
bench-scenario-end s3-create1k
flutter-perf raw n=48 build_us=45030 raster_us=4541 total_us=53942
bench-scenario-start s3-create10k
bench-scenario-end s3-create10k
flutter-perf raw n=49 build_us=13792 raster_us=4427 total_us=22273
bench-scenario-start s3-update
bench-scenario-end s3-update
flutter-perf raw n=50 build_us=3675 raster_us=4005 total_us=11937
bench-scenario-start s3-swap
bench-scenario-end s3-swap
flutter-perf raw n=51 build_us=12185 raster_us=4912 total_us=20628
bench-scenario-start s3-clear
bench-scenario-end s3-clear
flutter-perf raw n=52 build_us=5863 raster_us=2320 total_us=11704
bench-scenario-start s3-create1k
bench-scenario-end s3-create1k
flutter-perf raw n=53 build_us=45290 raster_us=4553 total_us=53952
bench-scenario-start s3-create10k
bench-scenario-end s3-create10k
flutter-perf raw n=54 build_us=13336 raster_us=4207 total_us=21280
bench-scenario-start s3-update
bench-scenario-end s3-update
flutter-perf raw n=55 build_us=3951 raster_us=4018 total_us=12432
bench-scenario-start s3-swap
bench-scenario-end s3-swap
flutter-perf raw n=56 build_us=3927 raster_us=5167 total_us=13340
bench-scenario-start s3-clear
bench-scenario-end s3-clear
flutter-perf raw n=57 build_us=7551 raster_us=2831 total_us=14526
bench-scenario-start s3-create1k
bench-scenario-end s3-create1k
flutter-perf raw n=58 build_us=43590 raster_us=4622 total_us=51390
bench-scenario-start s3-create10k
bench-scenario-end s3-create10k
flutter-perf raw n=59 build_us=13022 raster_us=4308 total_us=20619
bench-scenario-start s3-update
bench-scenario-end s3-update
flutter-perf raw n=60 build_us=4181 raster_us=4119 total_us=11841
bench-scenario-start s3-swap
bench-scenario-end s3-swap
flutter-perf raw n=61 build_us=10864 raster_us=5775 total_us=20189
bench-scenario-start s3-clear
bench-scenario-end s3-clear
flutter-perf raw n=62 build_us=5915 raster_us=2828 total_us=11873
bench-scenario-start s3-create1k
bench-scenario-end s3-create1k
flutter-perf raw n=63 build_us=45520 raster_us=4688 total_us=52808
bench-scenario-start s3-create10k
bench-scenario-end s3-create10k
flutter-perf raw n=64 build_us=13091 raster_us=4201 total_us=20767
bench-scenario-start s3-update
bench-scenario-end s3-update
flutter-perf raw n=65 build_us=3848 raster_us=4245 total_us=11965
bench-scenario-start s3-swap
bench-scenario-end s3-swap
flutter-perf raw n=66 build_us=3494 raster_us=4156 total_us=11709
bench-scenario-start s3-clear
bench-scenario-end s3-clear
flutter-perf raw n=67 build_us=6217 raster_us=2517 total_us=12253
bench-scenario-start s3-create1k
bench-scenario-end s3-create1k
flutter-perf raw n=68 build_us=44586 raster_us=4569 total_us=52612
bench-scenario-start s3-create10k
bench-scenario-end s3-create10k
flutter-perf raw n=69 build_us=13099 raster_us=4153 total_us=20672
bench-scenario-start s3-update
bench-scenario-end s3-update
flutter-perf raw n=70 build_us=3747 raster_us=3981 total_us=11852
bench-scenario-start s3-swap
bench-scenario-end s3-swap
flutter-perf raw n=71 build_us=10046 raster_us=4671 total_us=17800
bench-scenario-start s3-clear
bench-scenario-end s3-clear
flutter-perf raw n=72 build_us=6832 raster_us=2596 total_us=13498
bench-scenario-start s3-create1k
bench-scenario-end s3-create1k
flutter-perf raw n=73 build_us=42065 raster_us=4530 total_us=49473
bench-scenario-start s3-create10k
bench-scenario-end s3-create10k
flutter-perf raw n=74 build_us=13566 raster_us=4135 total_us=23476
bench-scenario-start s3-update
bench-scenario-end s3-update
flutter-perf raw n=75 build_us=3669 raster_us=4227 total_us=11771
bench-scenario-start s3-swap
bench-scenario-end s3-swap
flutter-perf raw n=76 build_us=3406 raster_us=4083 total_us=11819
bench-scenario-start s3-clear
bench-scenario-end s3-clear
flutter-perf raw n=77 build_us=6123 raster_us=2854 total_us=12914
bench-scenario-start s3-create1k
bench-scenario-end s3-create1k
flutter-perf raw n=78 build_us=43696 raster_us=4747 total_us=52284
bench-scenario-start s3-create10k
bench-scenario-end s3-create10k
flutter-perf raw n=79 build_us=13065 raster_us=4217 total_us=21011
bench-scenario-start s3-update
bench-scenario-end s3-update
flutter-perf raw n=80 build_us=4061 raster_us=4111 total_us=12255
bench-scenario-start s3-swap
bench-scenario-end s3-swap
flutter-perf raw n=81 build_us=12118 raster_us=5216 total_us=21159
bench-scenario-start s3-clear
bench-scenario-end s3-clear
flutter-perf raw n=82 build_us=7812 raster_us=2708 total_us=14480
bench-scenario-start s3-create1k
bench-scenario-end s3-create1k
flutter-perf raw n=83 build_us=43132 raster_us=4588 total_us=50562
bench-scenario-start s3-create10k
bench-scenario-end s3-create10k
flutter-perf raw n=84 build_us=13232 raster_us=4223 total_us=21175
bench-scenario-start s3-update
bench-scenario-end s3-update
flutter-perf raw n=85 build_us=3795 raster_us=4125 total_us=11770
bench-scenario-start s3-swap
bench-scenario-end s3-swap
flutter-perf raw n=86 build_us=12860 raster_us=4994 total_us=21882
bench-scenario-start s3-clear
bench-scenario-end s3-clear
flutter-perf raw n=87 build_us=5624 raster_us=2182 total_us=11193
bench-scenario-start s3-create1k
bench-scenario-end s3-create1k
flutter-perf raw n=88 build_us=41762 raster_us=4700 total_us=50023
bench-scenario-start s3-create10k
bench-scenario-end s3-create10k
flutter-perf raw n=89 build_us=13216 raster_us=4210 total_us=21282
bench-scenario-start s3-update
bench-scenario-end s3-update
flutter-perf raw n=90 build_us=3553 raster_us=4133 total_us=11830
bench-scenario-start s3-swap
bench-scenario-end s3-swap
flutter-perf raw n=91 build_us=3435 raster_us=4029 total_us=11447
