bench-scenario-start s3
bench-scenario-start s3-create1k
flutter-perf raw n=2 build_us=6 raster_us=4360 total_us=4822
bench-scenario-end s3-create1k
flutter-perf raw n=3 build_us=14598 raster_us=12090 total_us=32670
bench-scenario-start s3-create10k
bench-scenario-end s3-create10k
flutter-perf raw n=4 build_us=1260 raster_us=2384 total_us=5018
bench-scenario-start s3-update
bench-scenario-end s3-update
flutter-perf raw n=5 build_us=3361 raster_us=4123 total_us=10039
bench-scenario-start s3-swap
bench-scenario-end s3-swap
flutter-perf raw n=6 build_us=5067 raster_us=5762 total_us=14287
bench-scenario-start s3-clear
bench-scenario-end s3-clear
flutter-perf raw n=7 build_us=5805 raster_us=2403 total_us=12242
bench-scenario-start s3-create1k
bench-scenario-end s3-create1k
flutter-perf raw n=8 build_us=57453 raster_us=6727 total_us=68269
bench-scenario-start s3-create10k
bench-scenario-end s3-create10k
flutter-perf raw n=9 build_us=17033 raster_us=3941 total_us=24680
bench-scenario-start s3-update
bench-scenario-end s3-update
flutter-perf raw n=10 build_us=3991 raster_us=4874 total_us=12928
bench-scenario-start s3-swap
bench-scenario-end s3-swap
flutter-perf raw n=11 build_us=3718 raster_us=16737 total_us=24149
bench-scenario-start s3-clear
bench-scenario-end s3-clear
flutter-perf raw n=12 build_us=6897 raster_us=3232 total_us=14433
bench-scenario-start s3-create1k
bench-scenario-end s3-create1k
flutter-perf raw n=13 build_us=44082 raster_us=5557 total_us=53399
bench-scenario-start s3-create10k
bench-scenario-end s3-create10k
flutter-perf raw n=14 build_us=17466 raster_us=4790 total_us=26061
bench-scenario-start s3-update
bench-scenario-end s3-update
flutter-perf raw n=15 build_us=4040 raster_us=4772 total_us=11996
bench-scenario-start s3-swap
bench-scenario-end s3-swap
flutter-perf raw n=16 build_us=3751 raster_us=4571 total_us=12370
bench-scenario-start s3-clear
bench-scenario-end s3-clear
flutter-perf raw n=17 build_us=5591 raster_us=2676 total_us=12631
bench-scenario-start s3-create1k
bench-scenario-end s3-create1k
flutter-perf raw n=18 build_us=45307 raster_us=5396 total_us=54891
bench-scenario-start s3-create10k
bench-scenario-end s3-create10k
flutter-perf raw n=19 build_us=17030 raster_us=3140 total_us=23510
bench-scenario-start s3-update
bench-scenario-end s3-update
flutter-perf raw n=20 build_us=4086 raster_us=4699 total_us=12375
bench-scenario-start s3-swap
bench-scenario-end s3-swap
flutter-perf raw n=21 build_us=10091 raster_us=5253 total_us=18110
bench-scenario-start s3-clear
bench-scenario-end s3-clear
flutter-perf raw n=22 build_us=6150 raster_us=2353 total_us=11856
bench-scenario-start s3-create1k
bench-scenario-end s3-create1k
flutter-perf raw n=23 build_us=43466 raster_us=5342 total_us=52229
bench-scenario-start s3-create10k
bench-scenario-end s3-create10k
flutter-perf raw n=24 build_us=18189 raster_us=4646 total_us=27579
bench-scenario-start s3-update
bench-scenario-end s3-update
flutter-perf raw n=25 build_us=3984 raster_us=4643 total_us=12374
bench-scenario-start s3-swap
bench-scenario-end s3-swap
flutter-perf raw n=26 build_us=3680 raster_us=4536 total_us=11273
bench-scenario-start s3-clear
bench-scenario-end s3-clear
flutter-perf raw n=27 build_us=6329 raster_us=2977 total_us=13526
bench-scenario-start s3-create1k
bench-scenario-end s3-create1k
flutter-perf raw n=28 build_us=41610 raster_us=5435 total_us=50570
bench-scenario-start s3-create10k
bench-scenario-end s3-create10k
flutter-perf raw n=29 build_us=18006 raster_us=4699 total_us=27063
bench-scenario-start s3-update
bench-scenario-end s3-update
flutter-perf raw n=30 build_us=4086 raster_us=4676 total_us=12483
bench-scenario-start s3-swap
bench-scenario-end s3-swap
flutter-perf raw n=31 build_us=13152 raster_us=6242 total_us=23589
bench-scenario-start s3-clear
bench-scenario-end s3-clear
flutter-perf raw n=32 build_us=6707 raster_us=2667 total_us=13483
bench-scenario-start s3-create1k
bench-scenario-end s3-create1k
flutter-perf raw n=33 build_us=45297 raster_us=5212 total_us=54413
bench-scenario-start s3-create10k
bench-scenario-end s3-create10k
flutter-perf raw n=34 build_us=16833 raster_us=5346 total_us=26214
bench-scenario-start s3-update
bench-scenario-end s3-update
flutter-perf raw n=35 build_us=4219 raster_us=4737 total_us=13193
bench-scenario-start s3-swap
bench-scenario-end s3-swap
flutter-perf raw n=36 build_us=3575 raster_us=4468 total_us=11911
bench-scenario-start s3-clear
bench-scenario-end s3-clear
flutter-perf raw n=37 build_us=6897 raster_us=2948 total_us=14285
bench-scenario-start s3-create1k
bench-scenario-end s3-create1k
flutter-perf raw n=38 build_us=44771 raster_us=5306 total_us=54028
bench-scenario-start s3-create10k
bench-scenario-end s3-create10k
flutter-perf raw n=39 build_us=17162 raster_us=4923 total_us=25458
bench-scenario-start s3-update
bench-scenario-end s3-update
flutter-perf raw n=40 build_us=3970 raster_us=4623 total_us=12764
bench-scenario-start s3-swap
bench-scenario-end s3-swap
flutter-perf raw n=41 build_us=12819 raster_us=5563 total_us=22006
bench-scenario-start s3-clear
bench-scenario-end s3-clear
flutter-perf raw n=42 build_us=5299 raster_us=2699 total_us=10941
bench-scenario-start s3-create1k
bench-scenario-end s3-create1k
flutter-perf raw n=43 build_us=45772 raster_us=5325 total_us=55615
bench-scenario-start s3-create10k
bench-scenario-end s3-create10k
flutter-perf raw n=44 build_us=17411 raster_us=4825 total_us=25739
bench-scenario-start s3-update
bench-scenario-end s3-update
flutter-perf raw n=45 build_us=4011 raster_us=4621 total_us=12507
bench-scenario-start s3-swap
bench-scenario-end s3-swap
flutter-perf raw n=46 build_us=9879 raster_us=5363 total_us=18369
bench-scenario-start s3-clear
bench-scenario-end s3-clear
flutter-perf raw n=47 build_us=2919 raster_us=1889 total_us=8159
bench-scenario-start s3-create1k
bench-scenario-end s3-create1k
flutter-perf raw n=48 build_us=38625 raster_us=5247 total_us=47346
bench-scenario-start s3-create10k
bench-scenario-end s3-create10k
flutter-perf raw n=49 build_us=17078 raster_us=4666 total_us=25129
bench-scenario-start s3-update
bench-scenario-end s3-update
flutter-perf raw n=50 build_us=4147 raster_us=4983 total_us=13455
bench-scenario-start s3-swap
bench-scenario-end s3-swap
flutter-perf raw n=51 build_us=4171 raster_us=5737 total_us=13962
bench-scenario-start s3-clear
bench-scenario-end s3-clear
flutter-perf raw n=52 build_us=6043 raster_us=2440 total_us=12579
bench-scenario-start s3-create1k
bench-scenario-end s3-create1k
flutter-perf raw n=53 build_us=42832 raster_us=5233 total_us=51798
bench-scenario-start s3-create10k
bench-scenario-end s3-create10k
flutter-perf raw n=54 build_us=16990 raster_us=4681 total_us=24807
bench-scenario-start s3-update
bench-scenario-end s3-update
flutter-perf raw n=55 build_us=3973 raster_us=4775 total_us=12768
bench-scenario-start s3-swap
bench-scenario-end s3-swap
flutter-perf raw n=56 build_us=3501 raster_us=4748 total_us=12030
bench-scenario-start s3-clear
bench-scenario-end s3-clear
flutter-perf raw n=57 build_us=6035 raster_us=3001 total_us=12478
bench-scenario-start s3-create1k
bench-scenario-end s3-create1k
flutter-perf raw n=58 build_us=43894 raster_us=5332 total_us=52223
bench-scenario-start s3-create10k
bench-scenario-end s3-create10k
flutter-perf raw n=59 build_us=16816 raster_us=4936 total_us=25532
bench-scenario-start s3-update
bench-scenario-end s3-update
flutter-perf raw n=60 build_us=3991 raster_us=4583 total_us=12276
bench-scenario-start s3-swap
bench-scenario-end s3-swap
flutter-perf raw n=61 build_us=11975 raster_us=6284 total_us=21483
bench-scenario-start s3-clear
bench-scenario-end s3-clear
flutter-perf raw n=62 build_us=6125 raster_us=2660 total_us=12323
bench-scenario-start s3-create1k
bench-scenario-end s3-create1k
flutter-perf raw n=63 build_us=39361 raster_us=5338 total_us=50104
bench-scenario-start s3-create10k
bench-scenario-end s3-create10k
flutter-perf raw n=64 build_us=18611 raster_us=4738 total_us=28110
bench-scenario-start s3-update
bench-scenario-end s3-update
flutter-perf raw n=65 build_us=4195 raster_us=4835 total_us=13121
bench-scenario-start s3-swap
bench-scenario-end s3-swap
flutter-perf raw n=66 build_us=3515 raster_us=4644 total_us=11729
bench-scenario-start s3-clear
bench-scenario-end s3-clear
flutter-perf raw n=67 build_us=7217 raster_us=2552 total_us=13069
bench-scenario-start s3-create1k
bench-scenario-end s3-create1k
flutter-perf raw n=68 build_us=43515 raster_us=5207 total_us=52221
bench-scenario-start s3-create10k
bench-scenario-end s3-create10k
flutter-perf raw n=69 build_us=16981 raster_us=4687 total_us=24669
bench-scenario-start s3-update
bench-scenario-end s3-update
flutter-perf raw n=70 build_us=3942 raster_us=4528 total_us=12451
bench-scenario-start s3-swap
bench-scenario-end s3-swap
flutter-perf raw n=71 build_us=10926 raster_us=5522 total_us=19331
bench-scenario-start s3-clear
bench-scenario-end s3-clear
flutter-perf raw n=72 build_us=7666 raster_us=2888 total_us=15011
bench-scenario-start s3-create1k
bench-scenario-end s3-create1k
flutter-perf raw n=73 build_us=44237 raster_us=5381 total_us=53341
bench-scenario-start s3-create10k
bench-scenario-end s3-create10k
flutter-perf raw n=74 build_us=16954 raster_us=4820 total_us=25522
bench-scenario-start s3-update
bench-scenario-end s3-update
flutter-perf raw n=75 build_us=4125 raster_us=4818 total_us=13311
bench-scenario-start s3-swap
bench-scenario-end s3-swap
flutter-perf raw n=76 build_us=3633 raster_us=4670 total_us=11945
bench-scenario-start s3-clear
bench-scenario-end s3-clear
flutter-perf raw n=77 build_us=7206 raster_us=3170 total_us=13917
bench-scenario-start s3-create1k
bench-scenario-end s3-create1k
flutter-perf raw n=78 build_us=41124 raster_us=5318 total_us=49082
bench-scenario-start s3-create10k
bench-scenario-end s3-create10k
flutter-perf raw n=79 build_us=16878 raster_us=4779 total_us=25234
bench-scenario-start s3-update
bench-scenario-end s3-update
flutter-perf raw n=80 build_us=3986 raster_us=4692 total_us=12301
bench-scenario-start s3-swap
bench-scenario-end s3-swap
flutter-perf raw n=81 build_us=10361 raster_us=6399 total_us=20779
bench-scenario-start s3-clear
bench-scenario-end s3-clear
flutter-perf raw n=82 build_us=6428 raster_us=2722 total_us=14092
bench-scenario-start s3-create1k
bench-scenario-end s3-create1k
flutter-perf raw n=83 build_us=44907 raster_us=5323 total_us=53859
bench-scenario-start s3-create10k
bench-scenario-end s3-create10k
flutter-perf raw n=84 build_us=17180 raster_us=4759 total_us=26198
bench-scenario-start s3-update
bench-scenario-end s3-update
flutter-perf raw n=85 build_us=3975 raster_us=4549 total_us=11888
bench-scenario-start s3-swap
bench-scenario-end s3-swap
flutter-perf raw n=86 build_us=9733 raster_us=5315 total_us=17989
bench-scenario-start s3-clear
bench-scenario-end s3-clear
flutter-perf raw n=87 build_us=5631 raster_us=2340 total_us=10370
bench-scenario-start s3-create1k
bench-scenario-end s3-create1k
flutter-perf raw n=88 build_us=39917 raster_us=5287 total_us=48606
bench-scenario-start s3-create10k
bench-scenario-end s3-create10k
flutter-perf raw n=89 build_us=17260 raster_us=4832 total_us=25622
bench-scenario-start s3-update
bench-scenario-end s3-update
flutter-perf raw n=90 build_us=3979 raster_us=4665 total_us=12372
