bench-scenario-start s3
bench-scenario-start s3-create1k
flutter-perf raw n=2 build_us=5 raster_us=4232 total_us=4821
bench-scenario-end s3-create1k
flutter-perf raw n=3 build_us=11906 raster_us=9800 total_us=26700
flutter-perf raw n=4 build_us=168 raster_us=2194 total_us=3507
bench-scenario-start s3-create10k
bench-scenario-end s3-create10k
flutter-perf raw n=5 build_us=1544 raster_us=1766 total_us=4810
bench-scenario-start s3-update
bench-scenario-end s3-update
flutter-perf raw n=6 build_us=2572 raster_us=3051 total_us=7694
bench-scenario-start s3-swap
bench-scenario-end s3-swap
flutter-perf raw n=7 build_us=3441 raster_us=4007 total_us=9656
bench-scenario-start s3-clear
bench-scenario-end s3-clear
flutter-perf raw n=8 build_us=4010 raster_us=1948 total_us=8514
bench-scenario-start s3-create1k
bench-scenario-end s3-create1k
flutter-perf raw n=9 build_us=57734 raster_us=5409 total_us=65329
bench-scenario-start s3-create10k
bench-scenario-end s3-create10k
flutter-perf raw n=10 build_us=9963 raster_us=2677 total_us=15375
bench-scenario-start s3-update
bench-scenario-end s3-update
flutter-perf raw n=11 build_us=2960 raster_us=11444 total_us=16268
bench-scenario-start s3-swap
bench-scenario-end s3-swap
flutter-perf raw n=12 build_us=3417 raster_us=4195 total_us=11591
bench-scenario-start s3-clear
bench-scenario-end s3-clear
flutter-perf raw n=13 build_us=6238 raster_us=2626 total_us=11833
bench-scenario-start s3-create1k
bench-scenario-end s3-create1k
flutter-perf raw n=14 build_us=44956 raster_us=4691 total_us=54185
bench-scenario-start s3-create10k
bench-scenario-end s3-create10k
flutter-perf raw n=15 build_us=13368 raster_us=4270 total_us=20576
bench-scenario-start s3-update
bench-scenario-end s3-update
flutter-perf raw n=16 build_us=3814 raster_us=4065 total_us=11737
bench-scenario-start s3-swap
bench-scenario-end s3-swap
flutter-perf raw n=17 build_us=11260 raster_us=4933 total_us=19334
bench-scenario-start s3-clear
bench-scenario-end s3-clear
flutter-perf raw n=18 build_us=7549 raster_us=2810 total_us=15107
bench-scenario-start s3-create1k
bench-scenario-end s3-create1k
flutter-perf raw n=19 build_us=42314 raster_us=4701 total_us=50671
bench-scenario-start s3-create10k
bench-scenario-end s3-create10k
flutter-perf raw n=20 build_us=11823 raster_us=2642 total_us=17217
bench-scenario-start s3-update
bench-scenario-end s3-update
flutter-perf raw n=21 build_us=3562 raster_us=4220 total_us=11431
bench-scenario-start s3-swap
bench-scenario-end s3-swap
flutter-perf raw n=22 build_us=10560 raster_us=4788 total_us=17898
bench-scenario-start s3-clear
bench-scenario-end s3-clear
flutter-perf raw n=23 build_us=6313 raster_us=2806 total_us=14287
bench-scenario-start s3-create1k
bench-scenario-end s3-create1k
flutter-perf raw n=24 build_us=42589 raster_us=4557 total_us=50289
bench-scenario-start s3-create10k
bench-scenario-end s3-create10k
flutter-perf raw n=25 build_us=13211 raster_us=4222 total_us=20817
bench-scenario-start s3-update
bench-scenario-end s3-update
flutter-perf raw n=26 build_us=4019 raster_us=4339 total_us=12442
bench-scenario-start s3-swap
bench-scenario-end s3-swap
flutter-perf raw n=27 build_us=12551 raster_us=5272 total_us=21634
bench-scenario-start s3-clear
bench-scenario-end s3-clear
flutter-perf raw n=28 build_us=4181 raster_us=2552 total_us=9180
bench-scenario-start s3-create1k
bench-scenario-end s3-create1k
flutter-perf raw n=29 build_us=44768 raster_us=4611 total_us=52788
bench-scenario-start s3-create10k
bench-scenario-end s3-create10k
flutter-perf raw n=30 build_us=13713 raster_us=4385 total_us=21514
bench-scenario-start s3-update
bench-scenario-end s3-update
flutter-perf raw n=31 build_us=3788 raster_us=4374 total_us=11859
bench-scenario-start s3-swap
bench-scenario-end s3-swap
flutter-perf raw n=32 build_us=8121 raster_us=4677 total_us=15044
bench-scenario-start s3-clear
bench-scenario-end s3-clear
flutter-perf raw n=33 build_us=8991 raster_us=2780 total_us=15926
bench-scenario-start s3-create1k
bench-scenario-end s3-create1k
flutter-perf raw n=34 build_us=40460 raster_us=4929 total_us=48763
bench-scenario-start s3-create10k
bench-scenario-end s3-create10k
flutter-perf raw n=35 build_us=13063 raster_us=4363 total_us=21374
bench-scenario-start s3-update
bench-scenario-end s3-update
flutter-perf raw n=36 build_us=3680 raster_us=4117 total_us=11180
bench-scenario-start s3-swap
bench-scenario-end s3-swap
flutter-perf raw n=37 build_us=11275 raster_us=4936 total_us=19772
bench-scenario-start s3-clear
bench-scenario-end s3-clear
flutter-perf raw n=38 build_us=2498 raster_us=2806 total_us=9533
bench-scenario-start s3-create1k
bench-scenario-end s3-create1k
flutter-perf raw n=39 build_us=43135 raster_us=4817 total_us=51551
bench-scenario-start s3-create10k
bench-scenario-end s3-create10k
flutter-perf raw n=40 build_us=13625 raster_us=4370 total_us=21494
bench-scenario-start s3-update
bench-scenario-end s3-update
flutter-perf raw n=41 build_us=3585 raster_us=4273 total_us=11519
bench-scenario-start s3-swap
bench-scenario-end s3-swap
flutter-perf raw n=42 build_us=12119 raster_us=5672 total_us=22057
bench-scenario-start s3-clear
bench-scenario-end s3-clear
flutter-perf raw n=43 build_us=5800 raster_us=2696 total_us=12046
bench-scenario-start s3-create1k
bench-scenario-end s3-create1k
flutter-perf raw n=44 build_us=43192 raster_us=4604 total_us=50787
bench-scenario-start s3-create10k
bench-scenario-end s3-create10k
flutter-perf raw n=45 build_us=13190 raster_us=4369 total_us=21004
bench-scenario-start s3-update
bench-scenario-end s3-update
flutter-perf raw n=46 build_us=3654 raster_us=4231 total_us=11181
bench-scenario-start s3-swap
bench-scenario-end s3-swap
flutter-perf raw n=47 build_us=9584 raster_us=5501 total_us=18660
bench-scenario-start s3-clear
bench-scenario-end s3-clear
flutter-perf raw n=48 build_us=6286 raster_us=2881 total_us=11876
bench-scenario-start s3-create1k
bench-scenario-end s3-create1k
flutter-perf raw n=49 build_us=42763 raster_us=4546 total_us=50388
bench-scenario-start s3-create10k
bench-scenario-end s3-create10k
flutter-perf raw n=50 build_us=14562 raster_us=4104 total_us=22899
bench-scenario-start s3-update
bench-scenario-end s3-update
flutter-perf raw n=51 build_us=3608 raster_us=4221 total_us=12044
bench-scenario-start s3-swap
bench-scenario-end s3-swap
flutter-perf raw n=52 build_us=3328 raster_us=4053 total_us=10584
bench-scenario-start s3-clear
bench-scenario-end s3-clear
flutter-perf raw n=53 build_us=6048 raster_us=2371 total_us=12582
bench-scenario-start s3-create1k
bench-scenario-end s3-create1k
flutter-perf raw n=54 build_us=42692 raster_us=4507 total_us=49988
bench-scenario-start s3-create10k
bench-scenario-end s3-create10k
flutter-perf raw n=55 build_us=13596 raster_us=4172 total_us=21793
bench-scenario-start s3-update
bench-scenario-end s3-update
flutter-perf raw n=56 build_us=3683 raster_us=4150 total_us=11583
bench-scenario-start s3-swap
bench-scenario-end s3-swap
flutter-perf raw n=57 build_us=11102 raster_us=5510 total_us=20044
bench-scenario-start s3-clear
bench-scenario-end s3-clear
flutter-perf raw n=58 build_us=5959 raster_us=2443 total_us=11696
bench-scenario-start s3-create1k
bench-scenario-end s3-create1k
flutter-perf raw n=59 build_us=44452 raster_us=4647 total_us=52087
bench-scenario-start s3-create10k
bench-scenario-end s3-create10k
flutter-perf raw n=60 build_us=13535 raster_us=4355 total_us=21332
bench-scenario-start s3-update
bench-scenario-end s3-update
flutter-perf raw n=61 build_us=3825 raster_us=4259 total_us=11663
bench-scenario-start s3-swap
bench-scenario-end s3-swap
flutter-perf raw n=62 build_us=11969 raster_us=5957 total_us=21700
bench-scenario-start s3-clear
bench-scenario-end s3-clear
flutter-perf raw n=63 build_us=5374 raster_us=2291 total_us=10871
bench-scenario-start s3-create1k
bench-scenario-end s3-create1k
flutter-perf raw n=64 build_us=48355 raster_us=4590 total_us=57311
bench-scenario-start s3-create10k
bench-scenario-end s3-create10k
flutter-perf raw n=65 build_us=13208 raster_us=4169 total_us=21167
bench-scenario-start s3-update
bench-scenario-end s3-update
flutter-perf raw n=66 build_us=3995 raster_us=3953 total_us=11825
bench-scenario-start s3-swap
bench-scenario-end s3-swap
flutter-perf raw n=67 build_us=9924 raster_us=4604 total_us=17572
bench-scenario-start s3-clear
bench-scenario-end s3-clear
flutter-perf raw n=68 build_us=6653 raster_us=2616 total_us=12890
bench-scenario-start s3-create1k
bench-scenario-end s3-create1k
flutter-perf raw n=69 build_us=46988 raster_us=4480 total_us=55237
bench-scenario-start s3-create10k
bench-scenario-end s3-create10k
flutter-perf raw n=70 build_us=12976 raster_us=4212 total_us=21182
bench-scenario-start s3-update
bench-scenario-end s3-update
flutter-perf raw n=71 build_us=3635 raster_us=4178 total_us=11496
bench-scenario-start s3-swap
bench-scenario-end s3-swap
flutter-perf raw n=72 build_us=3284 raster_us=3972 total_us=10444
bench-scenario-start s3-clear
bench-scenario-end s3-clear
flutter-perf raw n=73 build_us=5220 raster_us=2572 total_us=10542
bench-scenario-start s3-create1k
bench-scenario-end s3-create1k
flutter-perf raw n=74 build_us=44026 raster_us=4773 total_us=52773
bench-scenario-start s3-create10k
bench-scenario-end s3-create10k
flutter-perf raw n=75 build_us=13053 raster_us=4186 total_us=20313
bench-scenario-start s3-update
bench-scenario-end s3-update
flutter-perf raw n=76 build_us=3677 raster_us=4087 total_us=10967
bench-scenario-start s3-swap
bench-scenario-end s3-swap
flutter-perf raw n=77 build_us=12585 raster_us=5779 total_us=22774
bench-scenario-start s3-clear
bench-scenario-end s3-clear
flutter-perf raw n=78 build_us=6486 raster_us=2614 total_us=12052
bench-scenario-start s3-create1k
bench-scenario-end s3-create1k
flutter-perf raw n=79 build_us=40582 raster_us=4604 total_us=48246
bench-scenario-start s3-create10k
bench-scenario-end s3-create10k
flutter-perf raw n=80 build_us=13193 raster_us=4356 total_us=23231
bench-scenario-start s3-update
bench-scenario-end s3-update
flutter-perf raw n=81 build_us=4446 raster_us=4731 total_us=12822
bench-scenario-start s3-swap
bench-scenario-end s3-swap
flutter-perf raw n=82 build_us=10189 raster_us=4882 total_us=18969
bench-scenario-start s3-clear
bench-scenario-end s3-clear
flutter-perf raw n=83 build_us=6205 raster_us=2804 total_us=12849
bench-scenario-start s3-create1k
bench-scenario-end s3-create1k
flutter-perf raw n=84 build_us=42395 raster_us=4539 total_us=50094
bench-scenario-start s3-create10k
bench-scenario-end s3-create10k
flutter-perf raw n=85 build_us=14139 raster_us=4202 total_us=22804
bench-scenario-start s3-update
bench-scenario-end s3-update
flutter-perf raw n=86 build_us=3660 raster_us=4157 total_us=11583
bench-scenario-start s3-swap
bench-scenario-end s3-swap
flutter-perf raw n=87 build_us=13738 raster_us=4831 total_us=23199
bench-scenario-start s3-clear
bench-scenario-end s3-clear
flutter-perf raw n=88 build_us=1992 raster_us=2159 total_us=7346
bench-scenario-start s3-create1k
bench-scenario-end s3-create1k
flutter-perf raw n=89 build_us=44655 raster_us=4552 total_us=52822
bench-scenario-start s3-create10k
bench-scenario-end s3-create10k
flutter-perf raw n=90 build_us=13766 raster_us=4361 total_us=22012
bench-scenario-start s3-update
bench-scenario-end s3-update
flutter-perf raw n=91 build_us=3842 raster_us=4168 total_us=11655
bench-scenario-start s3-swap
bench-scenario-end s3-swap
flutter-perf raw n=92 build_us=10274 raster_us=4973 total_us=19260
