bench-scenario-start s3
bench-scenario-start s3-create1k
flutter-perf raw n=2 build_us=5 raster_us=5519 total_us=6411
bench-scenario-end s3-create1k
flutter-perf raw n=3 build_us=12184 raster_us=13567 total_us=31013
bench-scenario-start s3-create10k
bench-scenario-end s3-create10k
flutter-perf raw n=4 build_us=1051 raster_us=3504 total_us=6079
bench-scenario-start s3-update
bench-scenario-end s3-update
flutter-perf raw n=5 build_us=3379 raster_us=3338 total_us=9006
bench-scenario-start s3-swap
bench-scenario-end s3-swap
flutter-perf raw n=6 build_us=4299 raster_us=5175 total_us=13121
bench-scenario-start s3-clear
bench-scenario-end s3-clear
flutter-perf raw n=7 build_us=3767 raster_us=2585 total_us=9191
bench-scenario-start s3-create1k
bench-scenario-end s3-create1k
flutter-perf raw n=8 build_us=27589 raster_us=5539 total_us=36977
bench-scenario-start s3-create10k
bench-scenario-end s3-create10k
flutter-perf raw n=9 build_us=13475 raster_us=4183 total_us=21161
bench-scenario-start s3-update
bench-scenario-end s3-update
flutter-perf raw n=10 build_us=3033 raster_us=2403 total_us=7213
bench-scenario-start s3-swap
bench-scenario-end s3-swap
flutter-perf raw n=11 build_us=3455 raster_us=16673 total_us=23283
bench-scenario-start s3-clear
bench-scenario-end s3-clear
flutter-perf raw n=12 build_us=7097 raster_us=2374 total_us=12874
bench-scenario-start s3-create1k
bench-scenario-end s3-create1k
flutter-perf raw n=13 build_us=43653 raster_us=4797 total_us=52454
bench-scenario-start s3-create10k
bench-scenario-end s3-create10k
flutter-perf raw n=14 build_us=13462 raster_us=4229 total_us=22130
bench-scenario-start s3-update
bench-scenario-end s3-update
flutter-perf raw n=15 build_us=3720 raster_us=4139 total_us=11341
bench-scenario-start s3-swap
bench-scenario-end s3-swap
flutter-perf raw n=16 build_us=3493 raster_us=4191 total_us=11354
bench-scenario-start s3-clear
bench-scenario-end s3-clear
flutter-perf raw n=17 build_us=6552 raster_us=2713 total_us=13193
bench-scenario-start s3-create1k
bench-scenario-end s3-create1k
flutter-perf raw n=18 build_us=45134 raster_us=4796 total_us=53864
bench-scenario-start s3-create10k
bench-scenario-end s3-create10k
flutter-perf raw n=19 build_us=13210 raster_us=4200 total_us=21546
bench-scenario-start s3-update
bench-scenario-end s3-update
flutter-perf raw n=20 build_us=3663 raster_us=4219 total_us=12102
bench-scenario-start s3-swap
bench-scenario-end s3-swap
flutter-perf raw n=21 build_us=9984 raster_us=5423 total_us=18690
bench-scenario-start s3-clear
bench-scenario-end s3-clear
flutter-perf raw n=22 build_us=4979 raster_us=2343 total_us=11032
bench-scenario-start s3-create1k
bench-scenario-end s3-create1k
flutter-perf raw n=23 build_us=42914 raster_us=4800 total_us=51553
bench-scenario-start s3-create10k
bench-scenario-end s3-create10k
flutter-perf raw n=24 build_us=13283 raster_us=4125 total_us=21228
bench-scenario-start s3-update
bench-scenario-end s3-update
flutter-perf raw n=25 build_us=3517 raster_us=4233 total_us=10797
bench-scenario-start s3-swap
bench-scenario-end s3-swap
flutter-perf raw n=26 build_us=9617 raster_us=5112 total_us=18154
bench-scenario-start s3-clear
bench-scenario-end s3-clear
flutter-perf raw n=27 build_us=5057 raster_us=2147 total_us=9658
bench-scenario-start s3-create1k
bench-scenario-end s3-create1k
flutter-perf raw n=28 build_us=47025 raster_us=4752 total_us=56596
bench-scenario-start s3-create10k
bench-scenario-end s3-create10k
flutter-perf raw n=29 build_us=13408 raster_us=4166 total_us=21095
bench-scenario-start s3-update
bench-scenario-end s3-update
flutter-perf raw n=30 build_us=3853 raster_us=4206 total_us=12115
bench-scenario-start s3-swap
bench-scenario-end s3-swap
flutter-perf raw n=31 build_us=3559 raster_us=4008 total_us=11079
bench-scenario-start s3-clear
bench-scenario-end s3-clear
flutter-perf raw n=32 build_us=6001 raster_us=2470 total_us=12039
bench-scenario-start s3-create1k
bench-scenario-end s3-create1k
flutter-perf raw n=33 build_us=42538 raster_us=4558 total_us=49894
bench-scenario-start s3-create10k
bench-scenario-end s3-create10k
flutter-perf raw n=34 build_us=14413 raster_us=4569 total_us=23444
bench-scenario-start s3-update
bench-scenario-end s3-update
flutter-perf raw n=35 build_us=3764 raster_us=4203 total_us=11538
bench-scenario-start s3-swap
bench-scenario-end s3-swap
flutter-perf raw n=36 build_us=10341 raster_us=4739 total_us=18653
bench-scenario-start s3-clear
bench-scenario-end s3-clear
flutter-perf raw n=37 build_us=5905 raster_us=2739 total_us=11610
bench-scenario-start s3-create1k
bench-scenario-end s3-create1k
flutter-perf raw n=38 build_us=48473 raster_us=4671 total_us=57483
bench-scenario-start s3-create10k
bench-scenario-end s3-create10k
flutter-perf raw n=39 build_us=13174 raster_us=4207 total_us=21558
bench-scenario-start s3-update
bench-scenario-end s3-update
flutter-perf raw n=40 build_us=3639 raster_us=3977 total_us=11291
bench-scenario-start s3-swap
bench-scenario-end s3-swap
flutter-perf raw n=41 build_us=12249 raster_us=5057 total_us=20829
bench-scenario-start s3-clear
bench-scenario-end s3-clear
flutter-perf raw n=42 build_us=6046 raster_us=2304 total_us=12328
bench-scenario-start s3-create1k
bench-scenario-end s3-create1k
flutter-perf raw n=43 build_us=21614 raster_us=4113 total_us=28457
bench-scenario-start s3-create10k
bench-scenario-end s3-create10k
flutter-perf raw n=44 build_us=13438 raster_us=4210 total_us=21353
bench-scenario-start s3-update
bench-scenario-end s3-update
flutter-perf raw n=45 build_us=3693 raster_us=4147 total_us=11516
bench-scenario-start s3-swap
bench-scenario-end s3-swap
flutter-perf raw n=46 build_us=11443 raster_us=4914 total_us=19734
bench-scenario-start s3-clear
bench-scenario-end s3-clear
flutter-perf raw n=47 build_us=4974 raster_us=2269 total_us=9932
bench-scenario-start s3-create1k
bench-scenario-end s3-create1k
flutter-perf raw n=48 build_us=42654 raster_us=4749 total_us=51457
bench-scenario-start s3-create10k
bench-scenario-end s3-create10k
flutter-perf raw n=49 build_us=13971 raster_us=4356 total_us=21502
bench-scenario-start s3-update
bench-scenario-end s3-update
flutter-perf raw n=50 build_us=3646 raster_us=4150 total_us=11356
bench-scenario-start s3-swap
bench-scenario-end s3-swap
flutter-perf raw n=51 build_us=3813 raster_us=4182 total_us=12671
bench-scenario-start s3-clear
bench-scenario-end s3-clear
flutter-perf raw n=52 build_us=6939 raster_us=2766 total_us=13950
bench-scenario-start s3-create1k
bench-scenario-end s3-create1k
flutter-perf raw n=53 build_us=47289 raster_us=4706 total_us=56451
bench-scenario-start s3-create10k
bench-scenario-end s3-create10k
flutter-perf raw n=54 build_us=13406 raster_us=4193 total_us=21892
bench-scenario-start s3-update
bench-scenario-end s3-update
flutter-perf raw n=55 build_us=3604 raster_us=4193 total_us=11733
bench-scenario-start s3-swap
bench-scenario-end s3-swap
flutter-perf raw n=56 build_us=12239 raster_us=4766 total_us=20319
bench-scenario-start s3-clear
bench-scenario-end s3-clear
flutter-perf raw n=57 build_us=6458 raster_us=2777 total_us=12901
bench-scenario-start s3-create1k
bench-scenario-end s3-create1k
flutter-perf raw n=58 build_us=41699 raster_us=4752 total_us=50344
bench-scenario-start s3-create10k
bench-scenario-end s3-create10k
flutter-perf raw n=59 build_us=14419 raster_us=4406 total_us=23041
bench-scenario-start s3-update
bench-scenario-end s3-update
flutter-perf raw n=60 build_us=4506 raster_us=4312 total_us=13459
bench-scenario-start s3-swap
bench-scenario-end s3-swap
flutter-perf raw n=61 build_us=3236 raster_us=4068 total_us=11035
bench-scenario-start s3-clear
bench-scenario-end s3-clear
flutter-perf raw n=62 build_us=6898 raster_us=2939 total_us=14569
bench-scenario-start s3-create1k
bench-scenario-end s3-create1k
flutter-perf raw n=63 build_us=45680 raster_us=4570 total_us=54192
bench-scenario-start s3-create10k
bench-scenario-end s3-create10k
flutter-perf raw n=64 build_us=13057 raster_us=4257 total_us=21502
bench-scenario-start s3-update
bench-scenario-end s3-update
flutter-perf raw n=65 build_us=3815 raster_us=4243 total_us=11404
bench-scenario-start s3-swap
bench-scenario-end s3-swap
flutter-perf raw n=66 build_us=12470 raster_us=5356 total_us=20922
bench-scenario-start s3-clear
bench-scenario-end s3-clear
flutter-perf raw n=67 build_us=6708 raster_us=2834 total_us=12388
bench-scenario-start s3-create1k
bench-scenario-end s3-create1k
flutter-perf raw n=68 build_us=41443 raster_us=4677 total_us=49330
bench-scenario-start s3-create10k
bench-scenario-end s3-create10k
flutter-perf raw n=69 build_us=13433 raster_us=4301 total_us=21111
bench-scenario-start s3-update
bench-scenario-end s3-update
flutter-perf raw n=70 build_us=3652 raster_us=4022 total_us=11855
bench-scenario-start s3-swap
bench-scenario-end s3-swap
flutter-perf raw n=71 build_us=12232 raster_us=4859 total_us=21255
bench-scenario-start s3-clear
bench-scenario-end s3-clear
flutter-perf raw n=72 build_us=2077 raster_us=2525 total_us=8045
bench-scenario-start s3-create1k
bench-scenario-end s3-create1k
flutter-perf raw n=73 build_us=41822 raster_us=4648 total_us=49756
bench-scenario-start s3-create10k
bench-scenario-end s3-create10k
flutter-perf raw n=74 build_us=13345 raster_us=4143 total_us=21707
bench-scenario-start s3-update
bench-scenario-end s3-update
flutter-perf raw n=75 build_us=3727 raster_us=4167 total_us=11828
bench-scenario-start s3-swap
bench-scenario-end s3-swap
flutter-perf raw n=76 build_us=13617 raster_us=5578 total_us=23995
bench-scenario-start s3-clear
bench-scenario-end s3-clear
flutter-perf raw n=77 build_us=6654 raster_us=3366 total_us=14105
bench-scenario-start s3-create1k
bench-scenario-end s3-create1k
flutter-perf raw n=78 build_us=45314 raster_us=4701 total_us=53219
bench-scenario-start s3-create10k
bench-scenario-end s3-create10k
flutter-perf raw n=79 build_us=13078 raster_us=4230 total_us=21062
bench-scenario-start s3-update
bench-scenario-end s3-update
flutter-perf raw n=80 build_us=3707 raster_us=4280 total_us=11283
bench-scenario-start s3-swap
bench-scenario-end s3-swap
flutter-perf raw n=81 build_us=9828 raster_us=4484 total_us=18069
bench-scenario-start s3-clear
bench-scenario-end s3-clear
flutter-perf raw n=82 build_us=5241 raster_us=2948 total_us=11716
bench-scenario-start s3-create1k
bench-scenario-end s3-create1k
flutter-perf raw n=83 build_us=47497 raster_us=4583 total_us=56462
bench-scenario-start s3-create10k
bench-scenario-end s3-create10k
flutter-perf raw n=84 build_us=13816 raster_us=4409 total_us=21661
bench-scenario-start s3-update
bench-scenario-end s3-update
flutter-perf raw n=85 build_us=3600 raster_us=4079 total_us=11216
bench-scenario-start s3-swap
bench-scenario-end s3-swap
flutter-perf raw n=86 build_us=15191 raster_us=5816 total_us=26377
bench-scenario-start s3-clear
bench-scenario-end s3-clear
flutter-perf raw n=87 build_us=4210 raster_us=2315 total_us=9713
bench-scenario-start s3-create1k
bench-scenario-end s3-create1k
flutter-perf raw n=88 build_us=40905 raster_us=4652 total_us=48988
bench-scenario-start s3-create10k
bench-scenario-end s3-create10k
flutter-perf raw n=89 build_us=13126 raster_us=3909 total_us=19700
bench-scenario-start s3-update
bench-scenario-end s3-update
flutter-perf raw n=90 build_us=3692 raster_us=4041 total_us=11033
bench-scenario-start s3-swap
bench-scenario-end s3-swap
