bench-scenario-start s3
bench-scenario-start s3-create1k
bench-scenario-end s3-create1k
flutter-perf raw n=3 build_us=7 raster_us=5153 total_us=5629
flutter-perf raw n=4 build_us=13946 raster_us=15104 total_us=30989
bench-scenario-start s3-create10k
bench-scenario-end s3-create10k
flutter-perf raw n=5 build_us=1602 raster_us=2591 total_us=5890
bench-scenario-start s3-update
bench-scenario-end s3-update
flutter-perf raw n=6 build_us=3537 raster_us=3718 total_us=9547
bench-scenario-start s3-swap
bench-scenario-end s3-swap
flutter-perf raw n=7 build_us=4613 raster_us=4351 total_us=12305
bench-scenario-start s3-clear
bench-scenario-end s3-clear
flutter-perf raw n=8 build_us=2102 raster_us=2095 total_us=7768
bench-scenario-start s3-create1k
bench-scenario-end s3-create1k
flutter-perf raw n=9 build_us=55174 raster_us=6103 total_us=64107
bench-scenario-start s3-create10k
bench-scenario-end s3-create10k
flutter-perf raw n=10 build_us=13729 raster_us=3475 total_us=21265
bench-scenario-start s3-update
bench-scenario-end s3-update
flutter-perf raw n=11 build_us=3882 raster_us=3377 total_us=11423
bench-scenario-start s3-swap
bench-scenario-end s3-swap
flutter-perf raw n=12 build_us=3776 raster_us=17180 total_us=24955
bench-scenario-start s3-clear
bench-scenario-end s3-clear
flutter-perf raw n=13 build_us=5331 raster_us=2548 total_us=11397
bench-scenario-start s3-create1k
bench-scenario-end s3-create1k
flutter-perf raw n=14 build_us=41267 raster_us=4814 total_us=50574
bench-scenario-start s3-create10k
bench-scenario-end s3-create10k
flutter-perf raw n=15 build_us=13283 raster_us=4353 total_us=21561
bench-scenario-start s3-update
bench-scenario-end s3-update
flutter-perf raw n=16 build_us=4035 raster_us=4193 total_us=11807
bench-scenario-start s3-swap
bench-scenario-end s3-swap
flutter-perf raw n=17 build_us=17551 raster_us=5794 total_us=27342
bench-scenario-start s3-clear
bench-scenario-end s3-clear
flutter-perf raw n=18 build_us=6210 raster_us=2824 total_us=12994
bench-scenario-start s3-create1k
bench-scenario-end s3-create1k
flutter-perf raw n=19 build_us=40264 raster_us=4762 total_us=47994
bench-scenario-start s3-create10k
bench-scenario-end s3-create10k
flutter-perf raw n=20 build_us=23601 raster_us=3393 total_us=31399
bench-scenario-start s3-update
bench-scenario-end s3-update
flutter-perf raw n=21 build_us=3727 raster_us=4246 total_us=11704
bench-scenario-start s3-swap
bench-scenario-end s3-swap
flutter-perf raw n=22 build_us=13410 raster_us=5144 total_us=21856
bench-scenario-start s3-clear
bench-scenario-end s3-clear
flutter-perf raw n=23 build_us=7076 raster_us=2539 total_us=13686
bench-scenario-start s3-create1k
bench-scenario-end s3-create1k
flutter-perf raw n=24 build_us=43324 raster_us=4817 total_us=51576
bench-scenario-start s3-create10k
bench-scenario-end s3-create10k
flutter-perf raw n=25 build_us=14868 raster_us=4356 total_us=23902
bench-scenario-start s3-update
bench-scenario-end s3-update
flutter-perf raw n=26 build_us=3831 raster_us=4364 total_us=12299
bench-scenario-start s3-swap
bench-scenario-end s3-swap
flutter-perf raw n=27 build_us=3453 raster_us=4215 total_us=11275
bench-scenario-start s3-clear
bench-scenario-end s3-clear
flutter-perf raw n=28 build_us=5908 raster_us=2655 total_us=12427
bench-scenario-start s3-create1k
bench-scenario-end s3-create1k
flutter-perf raw n=29 build_us=45520 raster_us=4669 total_us=54452
bench-scenario-start s3-create10k
bench-scenario-end s3-create10k
flutter-perf raw n=30 build_us=12152 raster_us=3059 total_us=17996
bench-scenario-start s3-update
bench-scenario-end s3-update
flutter-perf raw n=31 build_us=3769 raster_us=4192 total_us=10978
bench-scenario-start s3-swap
bench-scenario-end s3-swap
flutter-perf raw n=32 build_us=11377 raster_us=4760 total_us=20605
bench-scenario-start s3-clear
bench-scenario-end s3-clear
flutter-perf raw n=33 build_us=6494 raster_us=2279 total_us=12464
bench-scenario-start s3-create1k
bench-scenario-end s3-create1k
flutter-perf raw n=34 build_us=39647 raster_us=4742 total_us=47554
bench-scenario-start s3-create10k
bench-scenario-end s3-create10k
flutter-perf raw n=35 build_us=13458 raster_us=4651 total_us=22505
bench-scenario-start s3-update
bench-scenario-end s3-update
flutter-perf raw n=36 build_us=4189 raster_us=4168 total_us=12891
bench-scenario-start s3-swap
bench-scenario-end s3-swap
flutter-perf raw n=37 build_us=9312 raster_us=4785 total_us=16849
bench-scenario-start s3-clear
bench-scenario-end s3-clear
flutter-perf raw n=38 build_us=6951 raster_us=2746 total_us=13957
bench-scenario-start s3-create1k
bench-scenario-end s3-create1k
flutter-perf raw n=39 build_us=41915 raster_us=4723 total_us=50036
bench-scenario-start s3-create10k
bench-scenario-end s3-create10k
flutter-perf raw n=40 build_us=13646 raster_us=4370 total_us=21465
bench-scenario-start s3-update
bench-scenario-end s3-update
flutter-perf raw n=41 build_us=3908 raster_us=4285 total_us=12015
bench-scenario-start s3-swap
bench-scenario-end s3-swap
flutter-perf raw n=42 build_us=3615 raster_us=4420 total_us=11498
bench-scenario-start s3-clear
bench-scenario-end s3-clear
flutter-perf raw n=43 build_us=6486 raster_us=2520 total_us=14070
bench-scenario-start s3-create1k
bench-scenario-end s3-create1k
flutter-perf raw n=44 build_us=44792 raster_us=4616 total_us=53271
bench-scenario-start s3-create10k
bench-scenario-end s3-create10k
flutter-perf raw n=45 build_us=13353 raster_us=4237 total_us=21137
bench-scenario-start s3-update
bench-scenario-end s3-update
flutter-perf raw n=46 build_us=3839 raster_us=4175 total_us=11340
bench-scenario-start s3-swap
bench-scenario-end s3-swap
flutter-perf raw n=47 build_us=10285 raster_us=5582 total_us=18987
bench-scenario-start s3-clear
bench-scenario-end s3-clear
flutter-perf raw n=48 build_us=5930 raster_us=2711 total_us=12032
bench-scenario-start s3-create1k
bench-scenario-end s3-create1k
flutter-perf raw n=49 build_us=44797 raster_us=4758 total_us=53532
bench-scenario-start s3-create10k
bench-scenario-end s3-create10k
flutter-perf raw n=50 build_us=13449 raster_us=4431 total_us=21613
bench-scenario-start s3-update
bench-scenario-end s3-update
flutter-perf raw n=51 build_us=3888 raster_us=4647 total_us=11915
bench-scenario-start s3-swap
bench-scenario-end s3-swap
flutter-perf raw n=52 build_us=12471 raster_us=4749 total_us=20757
bench-scenario-start s3-clear
bench-scenario-end s3-clear
flutter-perf raw n=53 build_us=8043 raster_us=2908 total_us=15104
bench-scenario-start s3-create1k
bench-scenario-end s3-create1k
flutter-perf raw n=54 build_us=43173 raster_us=4736 total_us=51025
bench-scenario-start s3-create10k
bench-scenario-end s3-create10k
flutter-perf raw n=55 build_us=14217 raster_us=4229 total_us=22569
bench-scenario-start s3-update
bench-scenario-end s3-update
flutter-perf raw n=56 build_us=4067 raster_us=4240 total_us=12045
bench-scenario-start s3-swap
bench-scenario-end s3-swap
flutter-perf raw n=57 build_us=11220 raster_us=5834 total_us=20742
bench-scenario-start s3-clear
bench-scenario-end s3-clear
flutter-perf raw n=58 build_us=6795 raster_us=2342 total_us=12984
bench-scenario-start s3-create1k
bench-scenario-end s3-create1k
flutter-perf raw n=59 build_us=42192 raster_us=4652 total_us=49840
bench-scenario-start s3-create10k
bench-scenario-end s3-create10k
flutter-perf raw n=60 build_us=14615 raster_us=4438 total_us=23410
bench-scenario-start s3-update
bench-scenario-end s3-update
flutter-perf raw n=61 build_us=3659 raster_us=4336 total_us=10996
bench-scenario-start s3-swap
bench-scenario-end s3-swap
flutter-perf raw n=62 build_us=12715 raster_us=4681 total_us=20723
bench-scenario-start s3-clear
bench-scenario-end s3-clear
flutter-perf raw n=63 build_us=5183 raster_us=2426 total_us=12207
bench-scenario-start s3-create1k
bench-scenario-end s3-create1k
flutter-perf raw n=64 build_us=42756 raster_us=4818 total_us=50713
bench-scenario-start s3-create10k
bench-scenario-end s3-create10k
flutter-perf raw n=65 build_us=13831 raster_us=4265 total_us=22500
bench-scenario-start s3-update
bench-scenario-end s3-update
flutter-perf raw n=66 build_us=3884 raster_us=4380 total_us=11889
bench-scenario-start s3-swap
bench-scenario-end s3-swap
flutter-perf raw n=67 build_us=13541 raster_us=4873 total_us=22446
bench-scenario-start s3-clear
bench-scenario-end s3-clear
flutter-perf raw n=68 build_us=2016 raster_us=2255 total_us=7196
bench-scenario-start s3-create1k
bench-scenario-end s3-create1k
flutter-perf raw n=69 build_us=40770 raster_us=4602 total_us=49217
bench-scenario-start s3-create10k
bench-scenario-end s3-create10k
flutter-perf raw n=70 build_us=14385 raster_us=4376 total_us=23363
bench-scenario-start s3-update
bench-scenario-end s3-update
flutter-perf raw n=71 build_us=3870 raster_us=4180 total_us=11850
bench-scenario-start s3-swap
bench-scenario-end s3-swap
flutter-perf raw n=72 build_us=13653 raster_us=5811 total_us=24196
bench-scenario-start s3-clear
bench-scenario-end s3-clear
flutter-perf raw n=73 build_us=6700 raster_us=2402 total_us=11919
bench-scenario-start s3-create1k
bench-scenario-end s3-create1k
flutter-perf raw n=74 build_us=43544 raster_us=4618 total_us=51041
bench-scenario-start s3-create10k
bench-scenario-end s3-create10k
flutter-perf raw n=75 build_us=13455 raster_us=4246 total_us=22354
bench-scenario-start s3-update
bench-scenario-end s3-update
flutter-perf raw n=76 build_us=3817 raster_us=4083 total_us=11695
bench-scenario-start s3-swap
bench-scenario-end s3-swap
flutter-perf raw n=77 build_us=3727 raster_us=4481 total_us=11328
bench-scenario-start s3-clear
bench-scenario-end s3-clear
flutter-perf raw n=78 build_us=6555 raster_us=3057 total_us=13862
bench-scenario-start s3-create1k
bench-scenario-end s3-create1k
flutter-perf raw n=79 build_us=23270 raster_us=4461 total_us=30057
bench-scenario-start s3-create10k
bench-scenario-end s3-create10k
flutter-perf raw n=80 build_us=13548 raster_us=4322 total_us=21029
bench-scenario-start s3-update
bench-scenario-end s3-update
flutter-perf raw n=81 build_us=3067 raster_us=3335 total_us=8640
bench-scenario-start s3-swap
bench-scenario-end s3-swap
flutter-perf raw n=82 build_us=3637 raster_us=4199 total_us=11170
bench-scenario-start s3-clear
bench-scenario-end s3-clear
flutter-perf raw n=83 build_us=6826 raster_us=2654 total_us=13610
bench-scenario-start s3-create1k
bench-scenario-end s3-create1k
flutter-perf raw n=84 build_us=45667 raster_us=4488 total_us=52749
bench-scenario-start s3-create10k
bench-scenario-end s3-create10k
flutter-perf raw n=85 build_us=13669 raster_us=4390 total_us=21620
bench-scenario-start s3-update
bench-scenario-end s3-update
flutter-perf raw n=86 build_us=3764 raster_us=4154 total_us=11853
bench-scenario-start s3-swap
bench-scenario-end s3-swap
flutter-perf raw n=87 build_us=13143 raster_us=5804 total_us=23340
bench-scenario-start s3-clear
bench-scenario-end s3-clear
flutter-perf raw n=88 build_us=6512 raster_us=3008 total_us=13973
bench-scenario-start s3-create1k
bench-scenario-end s3-create1k
flutter-perf raw n=89 build_us=43849 raster_us=4649 total_us=51832
bench-scenario-start s3-create10k
bench-scenario-end s3-create10k
flutter-perf raw n=90 build_us=13662 raster_us=4134 total_us=21624
bench-scenario-start s3-update
bench-scenario-end s3-update
flutter-perf raw n=91 build_us=3945 raster_us=4132 total_us=11913
bench-scenario-start s3-swap
