frust-perf activity-create
frust_render::context: frust-perf surface-caps formats=[Rgba8UnormSrgb,Rgba8Unorm,Rgba16Float,Rgb10a2Unorm] usages=TextureUsages(COPY_SRC | COPY_DST | TEXTURE_BINDING | STORAGE_BINDING | RENDER_ATTACHMENT | STORAGE_ATOMIC) direct_to_surface=YES (Rgba8Unorm+STORAGE_BINDING)
frust_render::context: frust-perf render-path direct (Rgba8Unorm+STORAGE_BINDING)
frust_shell_android::app::frame: frust-perf platform-view tail depth=0 target=0 acquire_bound=false frame=120 expected_present_us=0 acquire_us=0 period_us=8266
frust_shell_common::perf: frust-perf startup init_entry=0ms font_preinit_started=0ms font_preinit_joined=0ms preinit_started=9ms preinit_joined=52ms cache_loaded=52ms adapter_ready=1247ms device_ready=1247ms renderer_ready=1247ms first_rebuild_done=1259ms first_encode_done=1260ms first_frame_presented=1310ms
frust_shell_common::perf: frust-perf raw n=1 total_us=50698 rebuild_us=255 layout_us=32 paint_us=141 encode_us=116 acquire_us=34 submit_us=50117 skipped=0 gpu_q=0
frust_shell_android::app::input: frust-perf platform-view gesture phase=down frame=186
frust_shell_android::app::input: frust-perf platform-view gesture phase=up frame=186
frust_shell_common::perf: frust-perf raw n=2 total_us=14311 rebuild_us=421 layout_us=0 paint_us=264 encode_us=90 acquire_us=100 submit_us=13432 skipped=0 gpu_q=0
frust_shell_android::app::frame: frust-perf deadline overrun_work_us=29672 budget_us=8266 total_overruns=1
frust_shell_common::perf: frust-perf raw n=3 total_us=37411 rebuild_us=26177 layout_us=2955 paint_us=539 encode_us=3111 acquire_us=48 submit_us=4578 skipped=0 gpu_q=0
frust_shell_common::perf: frust-perf raw n=4 total_us=2592 rebuild_us=420 layout_us=94 paint_us=148 encode_us=56 acquire_us=34 submit_us=1838 skipped=0 gpu_q=0
frust_shell_common::perf: frust-perf raw n=5 total_us=2863 rebuild_us=451 layout_us=74 paint_us=156 encode_us=52 acquire_us=44 submit_us=2083 skipped=0 gpu_q=0
frust_shell_common::perf: frust-perf raw n=6 total_us=11456 rebuild_us=570 layout_us=64 paint_us=156 encode_us=73 acquire_us=3674 submit_us=6917 skipped=0 gpu_q=0
frust_shell_common::perf: frust-perf raw n=7 total_us=26723 rebuild_us=730 layout_us=79 paint_us=187 encode_us=92 acquire_us=16342 submit_us=9291 skipped=0 gpu_q=0
frust_shell_common::perf: frust-perf raw n=8 total_us=4670 rebuild_us=702 layout_us=87 paint_us=215 encode_us=158 acquire_us=86 submit_us=3420 skipped=0 gpu_q=0
frust_shell_common::perf: frust-perf raw n=9 total_us=4209 rebuild_us=565 layout_us=76 paint_us=166 encode_us=61 acquire_us=2339 submit_us=999 skipped=0 gpu_q=0
frust_shell_common::perf: frust-perf raw n=10 total_us=5622 rebuild_us=386 layout_us=52 paint_us=124 encode_us=58 acquire_us=2990 submit_us=2010 skipped=0 gpu_q=0
frust_shell_common::perf: frust-perf raw n=11 total_us=5254 rebuild_us=623 layout_us=77 paint_us=182 encode_us=88 acquire_us=2550 submit_us=1731 skipped=0 gpu_q=0
frust_shell_common::perf: frust-perf raw n=12 total_us=5408 rebuild_us=603 layout_us=78 paint_us=184 encode_us=90 acquire_us=2524 submit_us=1926 skipped=0 gpu_q=0
frust_shell_common::perf: frust-perf raw n=13 total_us=14466 rebuild_us=610 layout_us=78 paint_us=177 encode_us=12580 acquire_us=102 submit_us=917 skipped=0 gpu_q=0
frust_shell_common::perf: frust-perf raw n=14 total_us=1723 rebuild_us=702 layout_us=87 paint_us=200 encode_us=91 acquire_us=48 submit_us=592 skipped=0 gpu_q=0
frust_shell_common::perf: frust-perf raw n=15 total_us=4118 rebuild_us=410 layout_us=55 paint_us=138 encode_us=74 acquire_us=2789 submit_us=649 skipped=0 gpu_q=0
frust_shell_common::perf: frust-perf raw n=16 total_us=4629 rebuild_us=387 layout_us=51 paint_us=115 encode_us=67 acquire_us=2888 submit_us=1118 skipped=0 gpu_q=0
frust_shell_common::perf: frust-perf raw n=17 total_us=23722 rebuild_us=1381 layout_us=188 paint_us=443 encode_us=110 acquire_us=17521 submit_us=4077 skipped=0 gpu_q=0
frust_shell_common::perf: frust-perf raw n=18 total_us=7745 rebuild_us=1201 layout_us=143 paint_us=412 encode_us=121 acquire_us=3959 submit_us=1907 skipped=0 gpu_q=0
frust_shell_android::app::frame: frust-perf platform-view tail depth=0 target=0 acquire_bound=true frame=208 expected_present_us=0 acquire_us=5504 period_us=8289
frust_shell_common::perf: frust-perf raw n=19 total_us=9749 rebuild_us=1217 layout_us=167 paint_us=420 encode_us=130 acquire_us=6069 submit_us=1744 skipped=0 gpu_q=0
frust_shell_common::perf: frust-perf raw n=20 total_us=10024 rebuild_us=1155 layout_us=167 paint_us=398 encode_us=148 acquire_us=6281 submit_us=1873 skipped=0 gpu_q=0
frust_shell_common::perf: frust-perf raw n=21 total_us=9975 rebuild_us=1167 layout_us=170 paint_us=403 encode_us=126 acquire_us=6184 submit_us=1922 skipped=0 gpu_q=0
frust_shell_common::perf: frust-perf raw n=22 total_us=9920 rebuild_us=1204 layout_us=178 paint_us=425 encode_us=132 acquire_us=6075 submit_us=1903 skipped=0 gpu_q=0
frust_shell_common::perf: frust-perf raw n=23 total_us=9457 rebuild_us=1173 layout_us=174 paint_us=405 encode_us=128 acquire_us=6138 submit_us=1436 skipped=0 gpu_q=0
frust_shell_common::perf: frust-perf raw n=24 total_us=10166 rebuild_us=1112 layout_us=158 paint_us=379 encode_us=156 acquire_us=6603 submit_us=1755 skipped=0 gpu_q=0
frust_shell_common::perf: frust-perf raw n=25 total_us=10249 rebuild_us=1230 layout_us=194 paint_us=477 encode_us=176 acquire_us=6223 submit_us=1948 skipped=0 gpu_q=0
frust_shell_common::perf: frust-perf raw n=26 total_us=10943 rebuild_us=1196 layout_us=181 paint_us=445 encode_us=168 acquire_us=6041 submit_us=2910 skipped=0 gpu_q=0
frust_shell_common::perf: frust-perf raw n=27 total_us=9960 rebuild_us=1163 layout_us=170 paint_us=402 encode_us=252 acquire_us=4933 submit_us=3037 skipped=0 gpu_q=0
frust_shell_common::perf: frust-perf raw n=28 total_us=9450 rebuild_us=1155 layout_us=171 paint_us=480 encode_us=210 acquire_us=4873 submit_us=2559 skipped=0 gpu_q=0
frust_shell_common::perf: frust-perf raw n=29 total_us=9759 rebuild_us=1085 layout_us=153 paint_us=461 encode_us=250 acquire_us=5308 submit_us=2501 skipped=0 gpu_q=0
frust_shell_common::perf: frust-perf raw n=30 total_us=9517 rebuild_us=891 layout_us=137 paint_us=398 encode_us=261 acquire_us=5363 submit_us=2464 skipped=0 gpu_q=0
frust_shell_common::perf: frust-perf raw n=31 total_us=10132 rebuild_us=1003 layout_us=179 paint_us=365 encode_us=238 acquire_us=5462 submit_us=2882 skipped=0 gpu_q=0
frust_shell_common::perf: frust-perf raw n=32 total_us=9705 rebuild_us=1214 layout_us=163 paint_us=392 encode_us=211 acquire_us=5056 submit_us=2666 skipped=0 gpu_q=0
frust_shell_common::perf: frust-perf raw n=33 total_us=9866 rebuild_us=1253 layout_us=162 paint_us=397 encode_us=227 acquire_us=5239 submit_us=2585 skipped=0 gpu_q=0
frust_shell_common::perf: frust-perf raw n=34 total_us=9831 rebuild_us=1121 layout_us=147 paint_us=361 encode_us=227 acquire_us=5330 submit_us=2643 skipped=0 gpu_q=0
frust_shell_common::perf: frust-perf raw n=35 total_us=13617 rebuild_us=991 layout_us=117 paint_us=222 encode_us=419 acquire_us=5087 submit_us=6777 skipped=0 gpu_q=0
frust_shell_android::app::frame: frust-perf platform-view tail depth=0 target=0 acquire_bound=true frame=328 expected_present_us=0 acquire_us=5273 period_us=8264
frust_shell_common::perf: frust-perf raw n=36 total_us=16254 rebuild_us=787 layout_us=372 paint_us=635 encode_us=307 acquire_us=244 submit_us=13907 skipped=0 gpu_q=0
frust_shell_common::perf: frust-perf raw n=37 total_us=5333 rebuild_us=399 layout_us=0 paint_us=629 encode_us=308 acquire_us=176 submit_us=3818 skipped=0 gpu_q=0
frust_shell_common::perf: frust-perf raw n=38 total_us=3859 rebuild_us=351 layout_us=312 paint_us=603 encode_us=314 acquire_us=153 submit_us=2124 skipped=0 gpu_q=0
frust_shell_common::perf: frust-perf raw n=39 total_us=11119 rebuild_us=311 layout_us=207 paint_us=632 encode_us=241 acquire_us=6730 submit_us=2995 skipped=0 gpu_q=0
frust_shell_common::perf: frust-perf raw n=40 total_us=11292 rebuild_us=257 layout_us=175 paint_us=383 encode_us=184 acquire_us=8396 submit_us=1895 skipped=0 gpu_q=0
frust_shell_common::perf: frust-perf raw n=41 total_us=8856 rebuild_us=253 layout_us=164 paint_us=401 encode_us=196 acquire_us=6024 submit_us=1816 skipped=0 gpu_q=0
frust_shell_common::perf: frust-perf raw n=42 total_us=9023 rebuild_us=297 layout_us=204 paint_us=447 encode_us=171 acquire_us=6173 submit_us=1729 skipped=0 gpu_q=0
frust_shell_common::perf: frust-perf raw n=43 total_us=9308 rebuild_us=292 layout_us=196 paint_us=426 encode_us=119 acquire_us=6311 submit_us=1961 skipped=0 gpu_q=0
frust_shell_common::perf: frust-perf raw n=44 total_us=8710 rebuild_us=306 layout_us=211 paint_us=447 encode_us=145 acquire_us=5935 submit_us=1663 skipped=0 gpu_q=0
frust_shell_common::perf: frust-perf raw n=45 total_us=9485 rebuild_us=308 layout_us=198 paint_us=567 encode_us=181 acquire_us=6283 submit_us=1946 skipped=0 gpu_q=0
frust_shell_common::perf: frust-perf raw n=46 total_us=10355 rebuild_us=284 layout_us=180 paint_us=452 encode_us=137 acquire_us=7514 submit_us=1785 skipped=0 gpu_q=0
frust_shell_common::perf: frust-perf raw n=47 total_us=9156 rebuild_us=518 layout_us=240 paint_us=416 encode_us=119 acquire_us=5973 submit_us=1888 skipped=0 gpu_q=0
frust_shell_common::perf: frust-perf raw n=48 total_us=8873 rebuild_us=288 layout_us=189 paint_us=531 encode_us=131 acquire_us=5080 submit_us=2653 skipped=0 gpu_q=0
frust_shell_common::perf: frust-perf raw n=49 total_us=9249 rebuild_us=315 layout_us=341 paint_us=466 encode_us=258 acquire_us=5176 submit_us=2691 skipped=0 gpu_q=0
frust_shell_common::perf: frust-perf raw n=50 total_us=8757 rebuild_us=393 layout_us=199 paint_us=385 encode_us=215 acquire_us=5204 submit_us=2359 skipped=0 gpu_q=0
frust_shell_common::perf: frust-perf raw n=51 total_us=9595 rebuild_us=301 layout_us=163 paint_us=382 encode_us=7365 acquire_us=149 submit_us=1233 skipped=0 gpu_q=0
frust_shell_common::perf: frust-perf raw n=52 total_us=7515 rebuild_us=314 layout_us=285 paint_us=467 encode_us=142 acquire_us=5072 submit_us=1233 skipped=0 gpu_q=0
frust_shell_common::perf: frust-perf raw n=53 total_us=8952 rebuild_us=221 layout_us=179 paint_us=457 encode_us=118 acquire_us=6828 submit_us=1146 skipped=0 gpu_q=0
frust_shell_common::perf: frust-perf raw n=54 total_us=9131 rebuild_us=324 layout_us=203 paint_us=458 encode_us=90 acquire_us=6966 submit_us=1087 skipped=0 gpu_q=0
frust_shell_common::perf: frust-perf raw n=55 total_us=20458 rebuild_us=308 layout_us=195 paint_us=452 encode_us=88 acquire_us=15221 submit_us=4190 skipped=0 gpu_q=0
frust_shell_common::perf: frust-perf raw n=56 total_us=6627 rebuild_us=309 layout_us=205 paint_us=507 encode_us=116 acquire_us=3842 submit_us=1645 skipped=0 gpu_q=0
frust_shell_common::perf: frust-perf raw n=57 total_us=9400 rebuild_us=292 layout_us=187 paint_us=457 encode_us=124 acquire_us=6377 submit_us=1959 skipped=0 gpu_q=0
frust_shell_common::perf: frust-perf raw n=58 total_us=8746 rebuild_us=285 layout_us=184 paint_us=432 encode_us=216 acquire_us=5989 submit_us=1638 skipped=0 gpu_q=0
frust_shell_common::perf: frust-perf raw n=59 total_us=9369 rebuild_us=315 layout_us=205 paint_us=456 encode_us=119 acquire_us=6425 submit_us=1846 skipped=0 gpu_q=0
frust_shell_common::perf: frust-perf raw n=60 total_us=8889 rebuild_us=294 layout_us=195 paint_us=430 encode_us=133 acquire_us=6160 submit_us=1673 skipped=0 gpu_q=0
frust_shell_common::perf: frust-perf raw n=61 total_us=10675 rebuild_us=296 layout_us=183 paint_us=511 encode_us=107 acquire_us=7615 submit_us=1962 skipped=0 gpu_q=0
frust_shell_common::perf: frust-perf raw n=62 total_us=8959 rebuild_us=275 layout_us=178 paint_us=493 encode_us=97 acquire_us=6052 submit_us=1860 skipped=0 gpu_q=0
frust_shell_common::perf: frust-perf raw n=63 total_us=9104 rebuild_us=286 layout_us=272 paint_us=442 encode_us=112 acquire_us=5076 submit_us=2913 skipped=0 gpu_q=0
frust_shell_common::perf: frust-perf raw n=64 total_us=9057 rebuild_us=360 layout_us=199 paint_us=459 encode_us=220 acquire_us=5007 submit_us=2810 skipped=0 gpu_q=0
frust_shell_common::perf: frust-perf raw n=65 total_us=8890 rebuild_us=277 layout_us=190 paint_us=424 encode_us=221 acquire_us=5055 submit_us=2720 skipped=0 gpu_q=0
frust_shell_common::perf: frust-perf raw n=66 total_us=9051 rebuild_us=292 layout_us=199 paint_us=659 encode_us=228 acquire_us=5203 submit_us=2467 skipped=0 gpu_q=0
frust_shell_common::perf: frust-perf raw n=67 total_us=8838 rebuild_us=247 layout_us=157 paint_us=376 encode_us=219 acquire_us=5451 submit_us=2386 skipped=0 gpu_q=0
frust_shell_common::perf: frust-perf raw n=68 total_us=9231 rebuild_us=237 layout_us=147 paint_us=363 encode_us=202 acquire_us=5560 submit_us=2719 skipped=0 gpu_q=0
frust_shell_common::perf: frust-perf raw n=69 total_us=8922 rebuild_us=264 layout_us=165 paint_us=396 encode_us=239 acquire_us=5195 submit_us=2660 skipped=0 gpu_q=0
frust_shell_common::perf: frust-perf raw n=70 total_us=8883 rebuild_us=259 layout_us=158 paint_us=388 encode_us=272 acquire_us=5229 submit_us=2575 skipped=0 gpu_q=0
frust_shell_common::perf: frust-perf raw n=71 total_us=9127 rebuild_us=260 layout_us=160 paint_us=393 encode_us=204 acquire_us=5193 submit_us=2913 skipped=0 gpu_q=0
frust_shell_common::perf: frust-perf raw n=72 total_us=9025 rebuild_us=285 layout_us=167 paint_us=395 encode_us=266 acquire_us=4973 submit_us=2937 skipped=0 gpu_q=0
frust_shell_common::perf: frust-perf raw n=73 total_us=14662 rebuild_us=2479 layout_us=26 paint_us=168 encode_us=235 acquire_us=4973 submit_us=6779 skipped=0 gpu_q=0
frust_shell_android::app::frame: frust-perf platform-view tail depth=0 target=0 acquire_bound=true frame=448 expected_present_us=0 acquire_us=5182 period_us=8264
frust_shell_android::app::frame: frust-perf platform-view tail depth=0 target=0 acquire_bound=true frame=568 expected_present_us=0 acquire_us=5182 period_us=8264
frust_shell_android::app::input: frust-perf platform-view gesture phase=down frame=594
frust_shell_android::app::input: frust-perf platform-view gesture phase=up frame=595
frust_shell_common::perf: frust-perf raw n=74 total_us=30382 rebuild_us=573 layout_us=0 paint_us=350 encode_us=230 acquire_us=233 submit_us=28993 skipped=0 gpu_q=0
frust_shell_common::perf: frust-perf raw n=75 total_us=3145 rebuild_us=670 layout_us=66 paint_us=293 encode_us=204 acquire_us=185 submit_us=1725 skipped=0 gpu_q=0
frust_shell_common::perf: frust-perf raw n=76 total_us=1942 rebuild_us=575 layout_us=60 paint_us=158 encode_us=83 acquire_us=113 submit_us=951 skipped=0 gpu_q=0
frust_shell_common::perf: frust-perf raw n=77 total_us=5252 rebuild_us=596 layout_us=65 paint_us=177 encode_us=89 acquire_us=3176 submit_us=1147 skipped=0 gpu_q=0
frust_shell_common::perf: frust-perf raw n=78 total_us=23731 rebuild_us=620 layout_us=65 paint_us=166 encode_us=92 acquire_us=18856 submit_us=3931 skipped=0 gpu_q=0
frust_shell_common::perf: frust-perf raw n=79 total_us=7026 rebuild_us=626 layout_us=67 paint_us=235 encode_us=109 acquire_us=4076 submit_us=1912 skipped=0 gpu_q=0
frust_shell_common::perf: frust-perf raw n=80 total_us=8784 rebuild_us=579 layout_us=64 paint_us=158 encode_us=142 acquire_us=6050 submit_us=1788 skipped=0 gpu_q=0
frust_shell_common::perf: frust-perf raw n=81 total_us=9081 rebuild_us=576 layout_us=60 paint_us=178 encode_us=120 acquire_us=6296 submit_us=1849 skipped=0 gpu_q=0
frust_shell_common::perf: frust-perf raw n=82 total_us=8857 rebuild_us=630 layout_us=69 paint_us=177 encode_us=119 acquire_us=6119 submit_us=1741 skipped=0 gpu_q=0
frust_shell_common::perf: frust-perf raw n=83 total_us=9127 rebuild_us=616 layout_us=70 paint_us=171 encode_us=105 acquire_us=6335 submit_us=1827 skipped=0 gpu_q=0
frust_shell_common::perf: frust-perf raw n=84 total_us=9021 rebuild_us=610 layout_us=70 paint_us=173 encode_us=139 acquire_us=6175 submit_us=1851 skipped=0 gpu_q=0
frust_shell_common::perf: frust-perf raw n=85 total_us=9477 rebuild_us=607 layout_us=72 paint_us=172 encode_us=128 acquire_us=6586 submit_us=1909 skipped=0 gpu_q=0
frust_shell_common::perf: frust-perf raw n=86 total_us=9332 rebuild_us=1221 layout_us=158 paint_us=371 encode_us=151 acquire_us=5650 submit_us=1779 skipped=0 gpu_q=0
frust_shell_common::perf: frust-perf raw n=87 total_us=9960 rebuild_us=1056 layout_us=134 paint_us=451 encode_us=3882 acquire_us=3273 submit_us=1162 skipped=0 gpu_q=0
frust_shell_common::perf: frust-perf raw n=88 total_us=10022 rebuild_us=1200 layout_us=342 paint_us=531 encode_us=115 acquire_us=6127 submit_us=1705 skipped=0 gpu_q=0
frust_shell_common::perf: frust-perf raw n=89 total_us=10001 rebuild_us=1133 layout_us=160 paint_us=416 encode_us=218 acquire_us=6295 submit_us=1775 skipped=0 gpu_q=0
frust_shell_common::perf: frust-perf raw n=90 total_us=9857 rebuild_us=1133 layout_us=136 paint_us=315 encode_us=179 acquire_us=6234 submit_us=1857 skipped=0 gpu_q=0
frust_shell_common::perf: frust-perf raw n=91 total_us=23099 rebuild_us=1207 layout_us=144 paint_us=333 encode_us=181 acquire_us=14330 submit_us=6901 skipped=0 gpu_q=0
frust_shell_common::perf: frust-perf raw n=92 total_us=5332 rebuild_us=1128 layout_us=139 paint_us=331 encode_us=180 acquire_us=1072 submit_us=2480 skipped=0 gpu_q=0
frust_shell_common::perf: frust-perf raw n=93 total_us=5443 rebuild_us=781 layout_us=102 paint_us=299 encode_us=102 acquire_us=2210 submit_us=1946 skipped=0 gpu_q=0
frust_shell_common::perf: frust-perf raw n=94 total_us=5333 rebuild_us=1112 layout_us=132 paint_us=329 encode_us=40 acquire_us=1822 submit_us=1895 skipped=0 gpu_q=0
frust_shell_common::perf: frust-perf raw n=95 total_us=5296 rebuild_us=1247 layout_us=142 paint_us=359 encode_us=97 acquire_us=1648 submit_us=1801 skipped=0 gpu_q=0
frust_shell_common::perf: frust-perf raw n=96 total_us=5224 rebuild_us=1114 layout_us=138 paint_us=439 encode_us=100 acquire_us=1703 submit_us=1727 skipped=0 gpu_q=0
frust_shell_common::perf: frust-perf raw n=97 total_us=5270 rebuild_us=1136 layout_us=140 paint_us=355 encode_us=93 acquire_us=1763 submit_us=1780 skipped=0 gpu_q=0
frust_shell_common::perf: frust-perf raw n=98 total_us=5199 rebuild_us=1146 layout_us=143 paint_us=342 encode_us=100 acquire_us=1737 submit_us=1729 skipped=0 gpu_q=0
frust_shell_common::perf: frust-perf raw n=99 total_us=5059 rebuild_us=1135 layout_us=137 paint_us=338 encode_us=101 acquire_us=1644 submit_us=1702 skipped=0 gpu_q=0
frust_shell_common::perf: frust-perf raw n=100 total_us=5211 rebuild_us=1107 layout_us=135 paint_us=410 encode_us=97 acquire_us=1765 submit_us=1695 skipped=0 gpu_q=0
frust_shell_common::perf: frust-perf raw n=101 total_us=5251 rebuild_us=1128 layout_us=213 paint_us=335 encode_us=91 acquire_us=1710 submit_us=1771 skipped=0 gpu_q=0
frust_shell_common::perf: frust-perf raw n=102 total_us=5459 rebuild_us=1309 layout_us=149 paint_us=366 encode_us=118 acquire_us=1564 submit_us=1950 skipped=0 gpu_q=0
frust_shell_common::perf: frust-perf raw n=103 total_us=5691 rebuild_us=1413 layout_us=166 paint_us=356 encode_us=114 acquire_us=1530 submit_us=2110 skipped=0 gpu_q=0
frust_shell_common::perf: frust-perf raw n=104 total_us=6416 rebuild_us=1260 layout_us=169 paint_us=359 encode_us=111 acquire_us=2597 submit_us=1919 skipped=0 gpu_q=0
frust_shell_common::perf: frust-perf raw n=105 total_us=6530 rebuild_us=1240 layout_us=138 paint_us=353 encode_us=198 acquire_us=1474 submit_us=3124 skipped=0 gpu_q=0
frust_shell_common::perf: frust-perf raw n=106 total_us=6119 rebuild_us=1141 layout_us=144 paint_us=349 encode_us=287 acquire_us=1412 submit_us=2784 skipped=0 gpu_q=0
frust_shell_common::perf: frust-perf raw n=107 total_us=6173 rebuild_us=992 layout_us=123 paint_us=301 encode_us=170 acquire_us=1792 submit_us=2793 skipped=0 gpu_q=0
frust_shell_common::perf: frust-perf raw n=108 total_us=9842 rebuild_us=1108 layout_us=108 paint_us=191 encode_us=227 acquire_us=1681 submit_us=6524 skipped=0 gpu_q=0
frust_shell_android::app::frame: frust-perf platform-view tail depth=0 target=0 acquire_bound=false frame=636 expected_present_us=0 acquire_us=1751 period_us=8266
frust_shell_android::app::frame: frust-perf platform-view tail depth=0 target=0 acquire_bound=false frame=756 expected_present_us=0 acquire_us=1751 period_us=8266
frust_shell_common::perf: frust-perf raw n=109 total_us=16640 rebuild_us=756 layout_us=352 paint_us=550 encode_us=255 acquire_us=436 submit_us=14288 skipped=0 gpu_q=0
frust_shell_common::perf: frust-perf raw n=110 total_us=4344 rebuild_us=288 layout_us=0 paint_us=362 encode_us=314 acquire_us=186 submit_us=3192 skipped=0 gpu_q=0
frust_shell_common::perf: frust-perf raw n=111 total_us=3338 rebuild_us=364 layout_us=232 paint_us=486 encode_us=247 acquire_us=135 submit_us=1871 skipped=0 gpu_q=0
frust_shell_common::perf: frust-perf raw n=112 total_us=9486 rebuild_us=247 layout_us=119 paint_us=297 encode_us=174 acquire_us=5820 submit_us=2828 skipped=0 gpu_q=0
frust_shell_common::perf: frust-perf raw n=113 total_us=14833 rebuild_us=259 layout_us=149 paint_us=317 encode_us=269 acquire_us=10007 submit_us=3829 skipped=0 gpu_q=0
frust_shell_common::perf: frust-perf raw n=114 total_us=8226 rebuild_us=198 layout_us=102 paint_us=300 encode_us=287 acquire_us=4003 submit_us=3335 skipped=0 gpu_q=0
frust_shell_common::perf: frust-perf raw n=115 total_us=8863 rebuild_us=380 layout_us=189 paint_us=496 encode_us=345 acquire_us=4392 submit_us=3058 skipped=0 gpu_q=0
frust_shell_common::perf: frust-perf raw n=116 total_us=9598 rebuild_us=319 layout_us=211 paint_us=357 encode_us=220 acquire_us=4872 submit_us=3616 skipped=0 gpu_q=0
frust_shell_common::perf: frust-perf raw n=117 total_us=8139 rebuild_us=386 layout_us=149 paint_us=351 encode_us=209 acquire_us=4283 submit_us=2758 skipped=0 gpu_q=0
frust_shell_android::app::frame: frust-perf platform-view tail depth=0 target=0 acquire_bound=true frame=812 expected_present_us=0 acquire_us=4314 period_us=8318
frust_shell_common::perf: frust-perf raw n=118 total_us=8652 rebuild_us=273 layout_us=145 paint_us=313 encode_us=191 acquire_us=5137 submit_us=2590 skipped=0 gpu_q=0
frust_shell_common::perf: frust-perf raw n=119 total_us=9008 rebuild_us=252 layout_us=129 paint_us=291 encode_us=220 acquire_us=5368 submit_us=2746 skipped=0 gpu_q=0
frust_shell_common::perf: frust-perf raw n=120 total_us=9490 rebuild_us=255 layout_us=129 paint_us=388 encode_us=227 acquire_us=5232 submit_us=3256 skipped=0 gpu_q=0
frust_shell_common::perf: frust-perf raw n=121 total_us=8818 rebuild_us=300 layout_us=152 paint_us=355 encode_us=234 acquire_us=4574 submit_us=3201 skipped=0 gpu_q=0
frust_shell_common::perf: frust-perf raw n=122 total_us=8966 rebuild_us=334 layout_us=164 paint_us=392 encode_us=251 acquire_us=4644 submit_us=3180 skipped=0 gpu_q=0
frust_shell_common::perf: frust-perf raw n=123 total_us=9590 rebuild_us=327 layout_us=163 paint_us=388 encode_us=298 acquire_us=4723 submit_us=3688 skipped=0 gpu_q=0
frust_shell_common::perf: frust-perf raw n=124 total_us=9055 rebuild_us=372 layout_us=182 paint_us=473 encode_us=6246 acquire_us=132 submit_us=1649 skipped=0 gpu_q=0
frust_shell_common::perf: frust-perf raw n=125 total_us=6483 rebuild_us=250 layout_us=128 paint_us=323 encode_us=141 acquire_us=4413 submit_us=1226 skipped=0 gpu_q=0
frust_shell_common::perf: frust-perf raw n=126 total_us=9087 rebuild_us=237 layout_us=130 paint_us=293 encode_us=148 acquire_us=6834 submit_us=1442 skipped=0 gpu_q=0
frust_shell_common::perf: frust-perf raw n=127 total_us=10120 rebuild_us=245 layout_us=125 paint_us=316 encode_us=140 acquire_us=6707 submit_us=2586 skipped=0 gpu_q=0
frust_shell_common::perf: frust-perf raw n=128 total_us=22808 rebuild_us=323 layout_us=154 paint_us=403 encode_us=274 acquire_us=13526 submit_us=8125 skipped=0 gpu_q=0
frust_shell_common::perf: frust-perf raw n=129 total_us=5106 rebuild_us=436 layout_us=192 paint_us=906 encode_us=286 acquire_us=153 submit_us=3130 skipped=0 gpu_q=0
frust_shell_common::perf: frust-perf raw n=130 total_us=6386 rebuild_us=246 layout_us=123 paint_us=349 encode_us=207 acquire_us=2531 submit_us=2926 skipped=0 gpu_q=0
frust_shell_common::perf: frust-perf raw n=131 total_us=6153 rebuild_us=234 layout_us=121 paint_us=455 encode_us=151 acquire_us=2580 submit_us=2610 skipped=0 gpu_q=0
frust_shell_common::perf: frust-perf raw n=132 total_us=7117 rebuild_us=303 layout_us=116 paint_us=281 encode_us=160 acquire_us=2718 submit_us=3537 skipped=0 gpu_q=0
frust_shell_common::perf: frust-perf raw n=133 total_us=7058 rebuild_us=1082 layout_us=171 paint_us=429 encode_us=239 acquire_us=1458 submit_us=3676 skipped=0 gpu_q=0
frust_shell_common::perf: frust-perf raw n=134 total_us=6833 rebuild_us=332 layout_us=169 paint_us=425 encode_us=240 acquire_us=2217 submit_us=3448 skipped=0 gpu_q=0
frust_shell_common::perf: frust-perf raw n=135 total_us=6354 rebuild_us=304 layout_us=154 paint_us=387 encode_us=215 acquire_us=2311 submit_us=2979 skipped=0 gpu_q=0
frust_shell_common::perf: frust-perf raw n=136 total_us=5945 rebuild_us=281 layout_us=145 paint_us=357 encode_us=198 acquire_us=2339 submit_us=2623 skipped=0 gpu_q=0
frust_shell_common::perf: frust-perf raw n=137 total_us=6260 rebuild_us=227 layout_us=117 paint_us=285 encode_us=155 acquire_us=2772 submit_us=2702 skipped=0 gpu_q=0
frust_shell_common::perf: frust-perf raw n=138 total_us=7126 rebuild_us=276 layout_us=139 paint_us=347 encode_us=192 acquire_us=2549 submit_us=3621 skipped=0 gpu_q=0
frust_shell_common::perf: frust-perf raw n=139 total_us=6960 rebuild_us=377 layout_us=189 paint_us=484 encode_us=273 acquire_us=2025 submit_us=3610 skipped=0 gpu_q=0
frust_shell_common::perf: frust-perf raw n=140 total_us=7226 rebuild_us=372 layout_us=186 paint_us=476 encode_us=266 acquire_us=2040 submit_us=3884 skipped=0 gpu_q=0
frust_shell_common::perf: frust-perf raw n=141 total_us=6970 rebuild_us=382 layout_us=192 paint_us=486 encode_us=484 acquire_us=1831 submit_us=3592 skipped=0 gpu_q=0
frust_shell_common::perf: frust-perf raw n=142 total_us=6650 rebuild_us=298 layout_us=164 paint_us=368 encode_us=234 acquire_us=2304 submit_us=3280 skipped=0 gpu_q=0
frust_shell_common::perf: frust-perf raw n=143 total_us=6459 rebuild_us=309 layout_us=167 paint_us=384 encode_us=242 acquire_us=2280 submit_us=3074 skipped=0 gpu_q=0
frust_shell_common::perf: frust-perf raw n=144 total_us=5811 rebuild_us=299 layout_us=164 paint_us=467 encode_us=169 acquire_us=2297 submit_us=2412 skipped=0 gpu_q=0
frust_shell_common::perf: frust-perf raw n=145 total_us=33020 rebuild_us=1089 layout_us=33 paint_us=211 encode_us=221 acquire_us=1671 submit_us=29793 skipped=0 gpu_q=0
frust_shell_android::app::frame: frust-perf platform-view tail depth=0 target=0 acquire_bound=true frame=932 expected_present_us=0 acquire_us=2124 period_us=8267
frust_shell_android::app::input: frust-perf platform-view gesture phase=down frame=1007
frust_shell_android::app::input: frust-perf platform-view gesture phase=up frame=1007
frust_shell_common::perf: frust-perf raw n=146 total_us=16815 rebuild_us=448 layout_us=0 paint_us=271 encode_us=244 acquire_us=290 submit_us=15559 skipped=0 gpu_q=0
frust_shell_android::app::frame: frust-perf deadline overrun_work_us=30916 budget_us=8267 total_overruns=2
frust_shell_common::perf: frust-perf raw n=147 total_us=33078 rebuild_us=27552 layout_us=2914 paint_us=449 encode_us=151 acquire_us=126 submit_us=1883 skipped=0 gpu_q=0
frust_shell_common::perf: frust-perf raw n=148 total_us=2088 rebuild_us=535 layout_us=53 paint_us=213 encode_us=116 acquire_us=75 submit_us=1095 skipped=0 gpu_q=0
frust_shell_common::perf: frust-perf raw n=149 total_us=5764 rebuild_us=633 layout_us=70 paint_us=282 encode_us=147 acquire_us=89 submit_us=4541 skipped=0 gpu_q=0
frust_shell_common::perf: frust-perf raw n=150 total_us=6020 rebuild_us=738 layout_us=75 paint_us=285 encode_us=158 acquire_us=1999 submit_us=2764 skipped=0 gpu_q=0
frust_shell_common::perf: frust-perf raw n=151 total_us=7121 rebuild_us=982 layout_us=98 paint_us=542 encode_us=274 acquire_us=1303 submit_us=3919 skipped=0 gpu_q=0
frust_shell_common::perf: frust-perf raw n=152 total_us=6670 rebuild_us=1445 layout_us=121 paint_us=424 encode_us=236 acquire_us=1079 submit_us=3362 skipped=0 gpu_q=0
frust_shell_common::perf: frust-perf raw n=153 total_us=5778 rebuild_us=1118 layout_us=117 paint_us=320 encode_us=165 acquire_us=1265 submit_us=2790 skipped=0 gpu_q=0
frust_shell_android::app::frame: frust-perf platform-view tail depth=0 target=0 acquire_bound=false frame=1016 expected_present_us=0 acquire_us=1151 period_us=9396
frust_shell_common::perf: frust-perf raw n=154 total_us=5378 rebuild_us=895 layout_us=89 paint_us=290 encode_us=151 acquire_us=1577 submit_us=2374 skipped=0 gpu_q=0
frust_shell_common::perf: frust-perf raw n=155 total_us=5335 rebuild_us=872 layout_us=84 paint_us=302 encode_us=160 acquire_us=1666 submit_us=2249 skipped=0 gpu_q=0
frust_shell_common::perf: frust-perf raw n=156 total_us=5796 rebuild_us=1163 layout_us=101 paint_us=370 encode_us=193 acquire_us=1050 submit_us=2917 skipped=0 gpu_q=0
frust_shell_common::perf: frust-perf raw n=157 total_us=6683 rebuild_us=1201 layout_us=108 paint_us=396 encode_us=216 acquire_us=1630 submit_us=3130 skipped=0 gpu_q=0
frust_shell_common::perf: frust-perf raw n=158 total_us=6975 rebuild_us=1170 layout_us=115 paint_us=431 encode_us=238 acquire_us=1418 submit_us=3600 skipped=0 gpu_q=0
frust_shell_common::perf: frust-perf raw n=159 total_us=10887 rebuild_us=1011 layout_us=106 paint_us=373 encode_us=7586 acquire_us=111 submit_us=1696 skipped=0 gpu_q=0
frust_shell_common::perf: frust-perf raw n=160 total_us=35340 rebuild_us=1065 layout_us=823 paint_us=392 encode_us=4247 acquire_us=81 submit_us=28730 skipped=0 gpu_q=0
frust_shell_common::perf: frust-perf raw n=161 total_us=36543 rebuild_us=1315 layout_us=130 paint_us=470 encode_us=6719 acquire_us=148 submit_us=27759 skipped=0 gpu_q=0
frust_shell_common::perf: frust-perf raw n=162 total_us=38652 rebuild_us=1367 layout_us=128 paint_us=444 encode_us=6961 acquire_us=180 submit_us=29569 skipped=0 gpu_q=0
frust_shell_common::perf: frust-perf raw n=163 total_us=37156 rebuild_us=1300 layout_us=131 paint_us=470 encode_us=6521 acquire_us=121 submit_us=28610 skipped=0 gpu_q=0
frust_shell_common::perf: frust-perf raw n=164 total_us=35684 rebuild_us=995 layout_us=113 paint_us=368 encode_us=7350 acquire_us=157 submit_us=26700 skipped=0 gpu_q=0
frust_shell_common::perf: frust-perf raw n=165 total_us=32302 rebuild_us=858 layout_us=94 paint_us=314 encode_us=3257 acquire_us=103 submit_us=27673 skipped=0 gpu_q=0
frust_shell_common::perf: frust-perf raw n=166 total_us=8583 rebuild_us=1180 layout_us=93 paint_us=253 encode_us=265 acquire_us=150 submit_us=6640 skipped=0 gpu_q=0
frust_shell_android::app::frame: frust-perf platform-view tail depth=0 target=0 acquire_bound=false frame=1136 expected_present_us=0 acquire_us=258 period_us=8266
frust_shell_common::perf: frust-perf raw n=167 total_us=17889 rebuild_us=700 layout_us=243 paint_us=619 encode_us=14105 acquire_us=178 submit_us=2042 skipped=0 gpu_q=0
frust_shell_common::perf: frust-perf raw n=168 total_us=1719 rebuild_us=191 layout_us=0 paint_us=283 encode_us=140 acquire_us=71 submit_us=1033 skipped=0 gpu_q=0
frust_shell_common::perf: frust-perf raw n=169 total_us=2392 rebuild_us=293 layout_us=0 paint_us=416 encode_us=136 acquire_us=103 submit_us=1442 skipped=0 gpu_q=0
frust_shell_common::perf: frust-perf raw n=170 total_us=2471 rebuild_us=298 layout_us=0 paint_us=376 encode_us=170 acquire_us=92 submit_us=1533 skipped=0 gpu_q=0
frust_shell_common::perf: frust-perf raw n=171 total_us=28166 rebuild_us=258 layout_us=0 paint_us=359 encode_us=188 acquire_us=19109 submit_us=8250 skipped=0 gpu_q=0
frust_shell_common::perf: frust-perf raw n=172 total_us=4294 rebuild_us=371 layout_us=0 paint_us=843 encode_us=208 acquire_us=122 submit_us=2747 skipped=0 gpu_q=0
frust_shell_common::perf: frust-perf raw n=173 total_us=5742 rebuild_us=238 layout_us=0 paint_us=307 encode_us=159 acquire_us=2451 submit_us=2585 skipped=0 gpu_q=0
frust_shell_common::perf: frust-perf raw n=174 total_us=6355 rebuild_us=273 layout_us=0 paint_us=361 encode_us=196 acquire_us=2395 submit_us=3128 skipped=0 gpu_q=0
frust_shell_common::perf: frust-perf raw n=175 total_us=5692 rebuild_us=280 layout_us=0 paint_us=363 encode_us=185 acquire_us=2288 submit_us=2573 skipped=0 gpu_q=0
frust_shell_common::perf: frust-perf raw n=176 total_us=5512 rebuild_us=219 layout_us=0 paint_us=295 encode_us=148 acquire_us=2498 submit_us=2349 skipped=0 gpu_q=0
frust_shell_common::perf: frust-perf raw n=177 total_us=5716 rebuild_us=223 layout_us=0 paint_us=294 encode_us=150 acquire_us=2435 submit_us=2613 skipped=0 gpu_q=0
frust_shell_common::perf: frust-perf raw n=178 total_us=6207 rebuild_us=261 layout_us=0 paint_us=342 encode_us=327 acquire_us=2081 submit_us=3192 skipped=0 gpu_q=0
frust_shell_common::perf: frust-perf raw n=179 total_us=11268 rebuild_us=326 layout_us=0 paint_us=448 encode_us=8293 acquire_us=394 submit_us=1806 skipped=0 gpu_q=0
frust_shell_common::perf: frust-perf raw n=180 total_us=3218 rebuild_us=403 layout_us=0 paint_us=742 encode_us=283 acquire_us=104 submit_us=1684 skipped=0 gpu_q=0
frust_shell_common::perf: frust-perf raw n=181 total_us=5456 rebuild_us=251 layout_us=0 paint_us=364 encode_us=231 acquire_us=2683 submit_us=1925 skipped=0 gpu_q=0
frust_shell_common::perf: frust-perf raw n=182 total_us=6131 rebuild_us=254 layout_us=0 paint_us=558 encode_us=266 acquire_us=2484 submit_us=2567 skipped=0 gpu_q=0
frust_shell_common::perf: frust-perf raw n=183 total_us=28283 rebuild_us=433 layout_us=0 paint_us=518 encode_us=268 acquire_us=18858 submit_us=8204 skipped=0 gpu_q=0
frust_shell_common::perf: frust-perf raw n=184 total_us=4795 rebuild_us=488 layout_us=0 paint_us=841 encode_us=257 acquire_us=156 submit_us=3051 skipped=0 gpu_q=0
frust_shell_android::app::frame: frust-perf platform-view tail depth=0 target=0 acquire_bound=true frame=1234 expected_present_us=0 acquire_us=4693 period_us=8264
frust_shell_common::perf: frust-perf raw n=185 total_us=6087 rebuild_us=243 layout_us=0 paint_us=324 encode_us=163 acquire_us=2802 submit_us=2553 skipped=0 gpu_q=0
frust_shell_common::perf: frust-perf raw n=186 total_us=6475 rebuild_us=294 layout_us=0 paint_us=453 encode_us=209 acquire_us=2579 submit_us=2938 skipped=0 gpu_q=0
frust_shell_common::perf: frust-perf raw n=187 total_us=6980 rebuild_us=365 layout_us=0 paint_us=504 encode_us=265 acquire_us=2314 submit_us=3529 skipped=0 gpu_q=0
frust_shell_common::perf: frust-perf raw n=188 total_us=6940 rebuild_us=362 layout_us=0 paint_us=503 encode_us=268 acquire_us=2322 submit_us=3483 skipped=0 gpu_q=0
frust_shell_common::perf: frust-perf raw n=189 total_us=6945 rebuild_us=368 layout_us=0 paint_us=505 encode_us=265 acquire_us=2310 submit_us=3494 skipped=0 gpu_q=0
frust_shell_common::perf: frust-perf raw n=190 total_us=6945 rebuild_us=380 layout_us=0 paint_us=526 encode_us=271 acquire_us=2231 submit_us=3535 skipped=0 gpu_q=0
frust_shell_common::perf: frust-perf raw n=191 total_us=6693 rebuild_us=375 layout_us=0 paint_us=512 encode_us=270 acquire_us=2213 submit_us=3321 skipped=0 gpu_q=0
frust_shell_common::perf: frust-perf raw n=192 total_us=6777 rebuild_us=331 layout_us=0 paint_us=459 encode_us=235 acquire_us=2460 submit_us=3289 skipped=0 gpu_q=0
frust_shell_common::perf: frust-perf raw n=193 total_us=7117 rebuild_us=379 layout_us=0 paint_us=582 encode_us=319 acquire_us=2197 submit_us=3638 skipped=0 gpu_q=0
frust_shell_common::perf: frust-perf raw n=194 total_us=6460 rebuild_us=375 layout_us=0 paint_us=698 encode_us=270 acquire_us=2069 submit_us=3046 skipped=0 gpu_q=0
frust_shell_common::perf: frust-perf raw n=195 total_us=6483 rebuild_us=239 layout_us=0 paint_us=420 encode_us=163 acquire_us=2690 submit_us=2969 skipped=0 gpu_q=0
frust_shell_common::perf: frust-perf raw n=196 total_us=6368 rebuild_us=313 layout_us=0 paint_us=418 encode_us=171 acquire_us=2672 submit_us=2792 skipped=0 gpu_q=0
frust_shell_common::perf: frust-perf raw n=197 total_us=6116 rebuild_us=301 layout_us=0 paint_us=312 encode_us=152 acquire_us=2744 submit_us=2605 skipped=0 gpu_q=0
frust_shell_common::perf: frust-perf raw n=198 total_us=5835 rebuild_us=230 layout_us=0 paint_us=320 encode_us=157 acquire_us=2609 submit_us=2517 skipped=0 gpu_q=0
frust_shell_common::perf: frust-perf raw n=199 total_us=6350 rebuild_us=237 layout_us=0 paint_us=336 encode_us=157 acquire_us=2922 submit_us=2695 skipped=0 gpu_q=0
frust_shell_common::perf: frust-perf raw n=200 total_us=10308 rebuild_us=1614 layout_us=38 paint_us=156 encode_us=174 acquire_us=1458 submit_us=6866 skipped=0 gpu_q=0
frust_shell_common::perf: frust-perf frame n=120 total_p50_ms=6 total_p95_ms=33 total_p99_ms=37 rebuild_p95_ms=1 layout_p95_ms=0 paint_p95_ms=0 encode_p95_ms=6 acquire_p95_ms=6 submit_p95_ms=26 over_60hz=21 over_120hz=104 skipped=0 total_frames=200
frust_shell_android::app::frame: frust-perf platform-view tail depth=0 target=0 acquire_bound=true frame=1354 expected_present_us=0 acquire_us=2362 period_us=8264
