frust_shell_android::app::frame: frust-perf platform-view tail depth=0 target=0 acquire_bound=false frame=102029 expected_present_us=0 acquire_us=79 period_us=11149
frust-perf activity-create
frust_shell_common::perf: bench-scenario-start s1
frust_render::context: frust-perf surface-caps formats=[Rgba8UnormSrgb,Rgba8Unorm,Rgba16Float,Rgb10a2Unorm] usages=TextureUsages(COPY_SRC | COPY_DST | TEXTURE_BINDING | STORAGE_BINDING | RENDER_ATTACHMENT | STORAGE_ATOMIC) direct_to_surface=YES (Rgba8Unorm+STORAGE_BINDING)
frust_render::context: frust-perf render-path direct (Rgba8Unorm+STORAGE_BINDING)
frust_shell_common::perf: bench-scenario-end s1
frust_shell_common::perf: bench-scenario-start s2
frust_shell_common::perf: frust-perf startup init_entry=0ms font_preinit_started=0ms font_preinit_joined=0ms preinit_started=0ms preinit_joined=1ms cache_loaded=2ms pipeline_cache_restored=2ms adapter_ready=49ms device_ready=49ms renderer_ready=49ms first_rebuild_done=66ms first_encode_done=66ms first_frame_presented=87ms
frust_shell_common::perf: frust-perf raw n=1 total_us=21629 rebuild_us=55 layout_us=537 paint_us=145 encode_us=142 acquire_us=30 submit_us=20718 skipped=0
frust_shell_common::perf: frust-perf raw n=2 total_us=130868 rebuild_us=213 layout_us=2121 paint_us=233 encode_us=72 acquire_us=19 submit_us=128208 skipped=0
frust_shell_common::perf: frust-perf raw n=3 total_us=100370 rebuild_us=83 layout_us=1160 paint_us=203 encode_us=100 acquire_us=42 submit_us=98779 skipped=0
frust_shell_common::perf: frust-perf raw n=4 total_us=95578 rebuild_us=101 layout_us=1555 paint_us=261 encode_us=121 acquire_us=64 submit_us=93473 skipped=0
frust_shell_common::perf: frust-perf raw n=5 total_us=87034 rebuild_us=90 layout_us=1061 paint_us=201 encode_us=138 acquire_us=75 submit_us=85466 skipped=0
frust_shell_common::perf: frust-perf raw n=6 total_us=44864 rebuild_us=128 layout_us=1030 paint_us=186 encode_us=141 acquire_us=69 submit_us=43307 skipped=0
frust_shell_common::perf: frust-perf raw n=7 total_us=42230 rebuild_us=79 layout_us=954 paint_us=194 encode_us=140 acquire_us=66 submit_us=40794 skipped=0
frust_shell_common::perf: frust-perf raw n=8 total_us=45391 rebuild_us=270 layout_us=2718 paint_us=433 encode_us=110 acquire_us=68 submit_us=41791 skipped=0
frust_shell_common::perf: frust-perf raw n=9 total_us=41894 rebuild_us=75 layout_us=1121 paint_us=211 encode_us=106 acquire_us=77 submit_us=40301 skipped=0
frust_shell_common::perf: frust-perf raw n=10 total_us=40516 rebuild_us=65 layout_us=722 paint_us=148 encode_us=291 acquire_us=185 submit_us=39103 skipped=0
frust_shell_common::perf: frust-perf raw n=11 total_us=40863 rebuild_us=57 layout_us=786 paint_us=155 encode_us=87 acquire_us=70 submit_us=39705 skipped=0
frust_shell_common::perf: frust-perf raw n=12 total_us=40590 rebuild_us=48 layout_us=784 paint_us=147 encode_us=96 acquire_us=73 submit_us=39440 skipped=0
frust_shell_common::perf: frust-perf raw n=13 total_us=40729 rebuild_us=145 layout_us=1247 paint_us=179 encode_us=108 acquire_us=77 submit_us=38970 skipped=0
frust_shell_common::perf: frust-perf raw n=14 total_us=41421 rebuild_us=143 layout_us=1214 paint_us=174 encode_us=113 acquire_us=85 submit_us=39689 skipped=0
frust_shell_common::perf: frust-perf raw n=15 total_us=40311 rebuild_us=69 layout_us=1007 paint_us=182 encode_us=106 acquire_us=72 submit_us=38872 skipped=0
frust_shell_common::perf: frust-perf raw n=16 total_us=41761 rebuild_us=167 layout_us=1169 paint_us=175 encode_us=113 acquire_us=82 submit_us=40054 skipped=0
frust_shell_common::perf: frust-perf raw n=17 total_us=40760 rebuild_us=64 layout_us=996 paint_us=178 encode_us=106 acquire_us=92 submit_us=39321 skipped=0
frust_shell_common::perf: frust-perf raw n=18 total_us=40726 rebuild_us=56 layout_us=1005 paint_us=172 encode_us=104 acquire_us=70 submit_us=39318 skipped=0
frust_shell_common::perf: frust-perf raw n=19 total_us=42549 rebuild_us=109 layout_us=1014 paint_us=180 encode_us=104 acquire_us=72 submit_us=41069 skipped=0
frust_shell_common::perf: frust-perf raw n=20 total_us=40791 rebuild_us=61 layout_us=1571 paint_us=595 encode_us=92 acquire_us=65 submit_us=38404 skipped=0
frust_shell_common::perf: frust-perf raw n=21 total_us=40429 rebuild_us=59 layout_us=795 paint_us=156 encode_us=91 acquire_us=65 submit_us=39260 skipped=0
frust_shell_common::perf: frust-perf raw n=22 total_us=41071 rebuild_us=63 layout_us=1033 paint_us=172 encode_us=108 acquire_us=69 submit_us=39624 skipped=0
frust_shell_common::perf: frust-perf raw n=23 total_us=41741 rebuild_us=152 layout_us=1220 paint_us=175 encode_us=108 acquire_us=76 submit_us=40007 skipped=0
frust_shell_common::perf: frust-perf raw n=24 total_us=40835 rebuild_us=67 layout_us=1003 paint_us=180 encode_us=105 acquire_us=70 submit_us=39408 skipped=0
frust_shell_common::perf: frust-perf raw n=25 total_us=41075 rebuild_us=148 layout_us=1205 paint_us=190 encode_us=88 acquire_us=65 submit_us=39376 skipped=0
frust_shell_common::perf: frust-perf raw n=26 total_us=40755 rebuild_us=154 layout_us=1195 paint_us=232 encode_us=89 acquire_us=65 submit_us=39019 skipped=0
frust_shell_android::app::frame: frust-perf platform-view tail depth=0 target=0 acquire_bound=false frame=120 expected_present_us=0 acquire_us=66 period_us=11133
frust_shell_common::perf: frust-perf raw n=27 total_us=41360 rebuild_us=53 layout_us=822 paint_us=138 encode_us=88 acquire_us=65 submit_us=40190 skipped=0
frust_shell_common::perf: frust-perf raw n=28 total_us=40283 rebuild_us=56 layout_us=830 paint_us=156 encode_us=329 acquire_us=160 submit_us=38750 skipped=0
frust_shell_common::perf: frust-perf raw n=29 total_us=40122 rebuild_us=60 layout_us=792 paint_us=146 encode_us=278 acquire_us=165 submit_us=38677 skipped=0
frust_shell_common::perf: frust-perf raw n=30 total_us=42269 rebuild_us=150 layout_us=1214 paint_us=172 encode_us=115 acquire_us=82 submit_us=40533 skipped=0
frust_shell_common::perf: frust-perf raw n=31 total_us=41268 rebuild_us=77 layout_us=1027 paint_us=240 encode_us=88 acquire_us=68 submit_us=39765 skipped=0
frust_shell_common::perf: frust-perf raw n=32 total_us=40844 rebuild_us=136 layout_us=1161 paint_us=168 encode_us=87 acquire_us=71 submit_us=39218 skipped=0
frust_shell_common::perf: frust-perf raw n=33 total_us=41099 rebuild_us=144 layout_us=1146 paint_us=179 encode_us=109 acquire_us=72 submit_us=39446 skipped=0
frust_shell_common::perf: frust-perf raw n=34 total_us=40304 rebuild_us=67 layout_us=1009 paint_us=187 encode_us=103 acquire_us=82 submit_us=38854 skipped=0
frust_shell_common::perf: frust-perf raw n=35 total_us=41552 rebuild_us=57 layout_us=783 paint_us=142 encode_us=124 acquire_us=89 submit_us=40355 skipped=0
frust_shell_common::perf: frust-perf raw n=36 total_us=40941 rebuild_us=144 layout_us=1301 paint_us=181 encode_us=106 acquire_us=72 submit_us=39135 skipped=0
frust_shell_common::perf: frust-perf raw n=37 total_us=41716 rebuild_us=69 layout_us=1002 paint_us=178 encode_us=105 acquire_us=88 submit_us=40271 skipped=0
frust_shell_common::perf: frust-perf raw n=38 total_us=40886 rebuild_us=61 layout_us=1003 paint_us=176 encode_us=111 acquire_us=70 submit_us=39461 skipped=0
frust_shell_common::perf: frust-perf raw n=39 total_us=41184 rebuild_us=65 layout_us=998 paint_us=174 encode_us=104 acquire_us=72 submit_us=39769 skipped=0
frust_shell_common::perf: frust-perf raw n=40 total_us=40897 rebuild_us=59 layout_us=1006 paint_us=176 encode_us=104 acquire_us=83 submit_us=39466 skipped=0
frust_shell_common::perf: frust-perf raw n=41 total_us=40452 rebuild_us=70 layout_us=1084 paint_us=184 encode_us=104 acquire_us=71 submit_us=38936 skipped=0
frust_shell_common::perf: frust-perf raw n=42 total_us=41439 rebuild_us=64 layout_us=1056 paint_us=176 encode_us=143 acquire_us=87 submit_us=39911 skipped=0
frust_shell_common::perf: frust-perf raw n=43 total_us=41363 rebuild_us=84 layout_us=1581 paint_us=270 encode_us=162 acquire_us=100 submit_us=39164 skipped=0
frust_shell_common::perf: frust-perf frame n=43 total_p50_ms=41 total_p95_ms=95 total_p99_ms=130 rebuild_p95_ms=0 layout_p95_ms=1 paint_p95_ms=0 encode_p95_ms=0 acquire_p95_ms=0 submit_p95_ms=93 over_60hz=43 over_120hz=43 skipped=0 total_frames=43
frust_shell_common::perf: frust-perf raw n=44 total_us=41542 rebuild_us=80 layout_us=1548 paint_us=258 encode_us=131 acquire_us=81 submit_us=39441 skipped=0
frust_shell_common::perf: frust-perf raw n=45 total_us=41997 rebuild_us=86 layout_us=1611 paint_us=265 encode_us=154 acquire_us=104 submit_us=39774 skipped=0
frust_shell_common::perf: frust-perf raw n=46 total_us=41468 rebuild_us=86 layout_us=1568 paint_us=249 encode_us=148 acquire_us=93 submit_us=39321 skipped=0
frust_shell_common::perf: frust-perf raw n=47 total_us=41512 rebuild_us=84 layout_us=1558 paint_us=261 encode_us=154 acquire_us=101 submit_us=39351 skipped=0
frust_shell_common::perf: frust-perf raw n=48 total_us=41451 rebuild_us=82 layout_us=1551 paint_us=326 encode_us=156 acquire_us=137 submit_us=39197 skipped=0
frust_shell_common::perf: frust-perf raw n=49 total_us=42721 rebuild_us=90 layout_us=1580 paint_us=309 encode_us=154 acquire_us=86 submit_us=40499 skipped=0
frust_shell_common::perf: frust-perf raw n=50 total_us=41327 rebuild_us=85 layout_us=1622 paint_us=261 encode_us=153 acquire_us=92 submit_us=39112 skipped=0
frust_shell_common::perf: frust-perf raw n=51 total_us=42414 rebuild_us=95 layout_us=1551 paint_us=261 encode_us=144 acquire_us=85 submit_us=40275 skipped=0
frust_shell_common::perf: frust-perf raw n=52 total_us=41669 rebuild_us=85 layout_us=1606 paint_us=254 encode_us=149 acquire_us=90 submit_us=39483 skipped=0
frust_shell_common::perf: frust-perf raw n=53 total_us=41494 rebuild_us=81 layout_us=1670 paint_us=253 encode_us=159 acquire_us=95 submit_us=39232 skipped=0
frust_shell_common::perf: frust-perf raw n=54 total_us=41545 rebuild_us=88 layout_us=1629 paint_us=261 encode_us=131 acquire_us=83 submit_us=39349 skipped=0
frust_shell_common::perf: frust-perf raw n=55 total_us=41653 rebuild_us=86 layout_us=1600 paint_us=257 encode_us=157 acquire_us=107 submit_us=39444 skipped=0
frust_shell_common::perf: frust-perf raw n=56 total_us=42118 rebuild_us=155 layout_us=1640 paint_us=286 encode_us=116 acquire_us=61 submit_us=39858 skipped=0
frust_shell_common::perf: frust-perf raw n=57 total_us=41143 rebuild_us=82 layout_us=1555 paint_us=262 encode_us=154 acquire_us=93 submit_us=38995 skipped=0
frust_shell_common::perf: frust-perf raw n=58 total_us=42896 rebuild_us=83 layout_us=1671 paint_us=253 encode_us=127 acquire_us=80 submit_us=40680 skipped=0
frust_shell_common::perf: frust-perf raw n=59 total_us=41687 rebuild_us=85 layout_us=1634 paint_us=263 encode_us=157 acquire_us=105 submit_us=39440 skipped=0
frust_shell_android::app::frame: frust-perf platform-view tail depth=0 target=0 acquire_bound=false frame=240 expected_present_us=0 acquire_us=90 period_us=11137
frust_shell_common::perf: frust-perf raw n=60 total_us=41567 rebuild_us=88 layout_us=1568 paint_us=254 encode_us=155 acquire_us=92 submit_us=39408 skipped=0
frust_shell_common::perf: frust-perf raw n=61 total_us=42527 rebuild_us=88 layout_us=1611 paint_us=284 encode_us=155 acquire_us=90 submit_us=40295 skipped=0
frust_shell_common::perf: frust-perf raw n=62 total_us=41185 rebuild_us=84 layout_us=1565 paint_us=300 encode_us=153 acquire_us=94 submit_us=38986 skipped=0
frust_shell_common::perf: frust-perf raw n=63 total_us=42518 rebuild_us=79 layout_us=1628 paint_us=260 encode_us=131 acquire_us=81 submit_us=40337 skipped=0
frust_shell_common::perf: frust-perf raw n=64 total_us=41235 rebuild_us=87 layout_us=1613 paint_us=264 encode_us=150 acquire_us=90 submit_us=39028 skipped=0
frust_shell_common::perf: frust-perf raw n=65 total_us=41455 rebuild_us=83 layout_us=1550 paint_us=254 encode_us=150 acquire_us=105 submit_us=39311 skipped=0
frust_shell_common::perf: frust-perf raw n=66 total_us=41736 rebuild_us=99 layout_us=1580 paint_us=269 encode_us=133 acquire_us=83 submit_us=39569 skipped=0
frust_shell_common::perf: frust-perf raw n=67 total_us=41224 rebuild_us=87 layout_us=1622 paint_us=263 encode_us=155 acquire_us=93 submit_us=39003 skipped=0
frust_shell_common::perf: frust-perf raw n=68 total_us=42830 rebuild_us=77 layout_us=1688 paint_us=256 encode_us=154 acquire_us=97 submit_us=40554 skipped=0
frust_shell_common::perf: frust-perf raw n=69 total_us=41522 rebuild_us=87 layout_us=1393 paint_us=239 encode_us=150 acquire_us=96 submit_us=39556 skipped=0
frust_shell_common::perf: frust-perf raw n=70 total_us=41889 rebuild_us=77 layout_us=1537 paint_us=258 encode_us=153 acquire_us=93 submit_us=39768 skipped=0
frust_shell_common::perf: frust-perf raw n=71 total_us=41876 rebuild_us=79 layout_us=1550 paint_us=260 encode_us=157 acquire_us=92 submit_us=39735 skipped=0
frust_shell_common::perf: frust-perf raw n=72 total_us=41205 rebuild_us=78 layout_us=1602 paint_us=257 encode_us=158 acquire_us=94 submit_us=39012 skipped=0
frust_shell_common::perf: frust-perf raw n=73 total_us=42321 rebuild_us=78 layout_us=1674 paint_us=259 encode_us=150 acquire_us=90 submit_us=40068 skipped=0
frust_shell_common::perf: frust-perf raw n=74 total_us=41860 rebuild_us=92 layout_us=1557 paint_us=265 encode_us=154 acquire_us=96 submit_us=39693 skipped=0
frust_shell_common::perf: frust-perf raw n=75 total_us=41942 rebuild_us=80 layout_us=1538 paint_us=312 encode_us=149 acquire_us=93 submit_us=39767 skipped=0
frust_shell_common::perf: frust-perf raw n=76 total_us=41793 rebuild_us=86 layout_us=1561 paint_us=311 encode_us=159 acquire_us=93 submit_us=39580 skipped=0
frust_shell_common::perf: frust-perf raw n=77 total_us=41063 rebuild_us=84 layout_us=1608 paint_us=257 encode_us=157 acquire_us=95 submit_us=38859 skipped=0
frust_shell_common::perf: frust-perf raw n=78 total_us=42911 rebuild_us=84 layout_us=1647 paint_us=258 encode_us=149 acquire_us=79 submit_us=40692 skipped=0
frust_shell_common::perf: frust-perf raw n=79 total_us=41782 rebuild_us=89 layout_us=1564 paint_us=258 encode_us=155 acquire_us=95 submit_us=39619 skipped=0
frust_shell_common::perf: frust-perf raw n=80 total_us=41282 rebuild_us=78 layout_us=1455 paint_us=229 encode_us=148 acquire_us=93 submit_us=39275 skipped=0
frust_shell_common::perf: frust-perf raw n=81 total_us=41616 rebuild_us=87 layout_us=1612 paint_us=261 encode_us=169 acquire_us=121 submit_us=39364 skipped=0
frust_shell_common::perf: frust-perf raw n=82 total_us=41430 rebuild_us=121 layout_us=1547 paint_us=254 encode_us=152 acquire_us=108 submit_us=39244 skipped=0
frust_shell_common::perf: frust-perf raw n=83 total_us=41861 rebuild_us=87 layout_us=1640 paint_us=255 encode_us=132 acquire_us=86 submit_us=39657 skipped=0
frust_shell_common::perf: frust-perf raw n=84 total_us=41561 rebuild_us=87 layout_us=1565 paint_us=264 encode_us=157 acquire_us=106 submit_us=39380 skipped=0
frust_shell_common::perf: frust-perf raw n=85 total_us=45966 rebuild_us=190 layout_us=4850 paint_us=595 encode_us=145 acquire_us=93 submit_us=40091 skipped=0
frust_shell_common::perf: frust-perf raw n=86 total_us=41583 rebuild_us=80 layout_us=1433 paint_us=246 encode_us=152 acquire_us=96 submit_us=39575 skipped=0
frust_shell_common::perf: frust-perf raw n=87 total_us=41688 rebuild_us=92 layout_us=1591 paint_us=286 encode_us=155 acquire_us=99 submit_us=39462 skipped=0
frust_shell_common::perf: frust-perf raw n=88 total_us=41796 rebuild_us=84 layout_us=1589 paint_us=268 encode_us=161 acquire_us=115 submit_us=39576 skipped=0
frust_shell_common::perf: frust-perf raw n=89 total_us=42257 rebuild_us=87 layout_us=1638 paint_us=265 encode_us=158 acquire_us=112 submit_us=39994 skipped=0
frust_shell_common::perf: frust-perf raw n=90 total_us=42186 rebuild_us=89 layout_us=1724 paint_us=286 encode_us=144 acquire_us=91 submit_us=39851 skipped=0
frust_shell_common::perf: frust-perf raw n=91 total_us=42497 rebuild_us=93 layout_us=1634 paint_us=274 encode_us=164 acquire_us=101 submit_us=40229 skipped=0
frust_shell_common::perf: frust-perf frame n=91 total_p50_ms=41 total_p95_ms=45 total_p99_ms=130 rebuild_p95_ms=0 layout_p95_ms=1 paint_p95_ms=0 encode_p95_ms=0 acquire_p95_ms=0 submit_p95_ms=43 over_60hz=91 over_120hz=91 skipped=0 total_frames=91
frust_shell_common::perf: frust-perf raw n=92 total_us=41055 rebuild_us=99 layout_us=1592 paint_us=270 encode_us=154 acquire_us=98 submit_us=38839 skipped=0
frust_shell_common::perf: frust-perf raw n=93 total_us=41644 rebuild_us=91 layout_us=1600 paint_us=260 encode_us=156 acquire_us=116 submit_us=39418 skipped=0
frust_shell_android::app::frame: frust-perf platform-view tail depth=0 target=0 acquire_bound=false frame=360 expected_present_us=0 acquire_us=103 period_us=11132
frust_shell_common::perf: frust-perf raw n=94 total_us=41613 rebuild_us=87 layout_us=1634 paint_us=262 encode_us=159 acquire_us=105 submit_us=39363 skipped=0
frust_shell_common::perf: frust-perf raw n=95 total_us=44679 rebuild_us=95 layout_us=4095 paint_us=364 encode_us=144 acquire_us=96 submit_us=39882 skipped=0
frust_shell_common::perf: frust-perf raw n=96 total_us=44381 rebuild_us=100 layout_us=3773 paint_us=358 encode_us=159 acquire_us=117 submit_us=39872 skipped=0
frust_shell_common::perf: frust-perf raw n=97 total_us=42956 rebuild_us=103 layout_us=2536 paint_us=237 encode_us=147 acquire_us=98 submit_us=39832 skipped=0
frust_shell_common::perf: frust-perf raw n=98 total_us=43797 rebuild_us=141 layout_us=3599 paint_us=50 encode_us=118 acquire_us=98 submit_us=39789 skipped=0
frust_shell_common::perf: frust-perf raw n=99 total_us=38356 rebuild_us=88 layout_us=3740 paint_us=49 encode_us=93 acquire_us=85 submit_us=34300 skipped=0
frust_shell_common::perf: frust-perf raw n=100 total_us=37344 rebuild_us=78 layout_us=2841 paint_us=41 encode_us=92 acquire_us=81 submit_us=34209 skipped=0
frust_shell_common::perf: frust-perf raw n=101 total_us=37597 rebuild_us=71 layout_us=2758 paint_us=39 encode_us=90 acquire_us=101 submit_us=34535 skipped=0
frust_shell_common::perf: frust-perf raw n=102 total_us=37440 rebuild_us=69 layout_us=2543 paint_us=234 encode_us=115 acquire_us=87 submit_us=34390 skipped=0
frust_shell_common::perf: frust-perf raw n=103 total_us=42883 rebuild_us=73 layout_us=2703 paint_us=41 encode_us=92 acquire_us=76 submit_us=39895 skipped=0
frust_shell_common::perf: frust-perf raw n=104 total_us=36122 rebuild_us=70 layout_us=2628 paint_us=37 encode_us=90 acquire_us=74 submit_us=33220 skipped=0
frust_shell_common::perf: frust-perf raw n=105 total_us=39064 rebuild_us=75 layout_us=2723 paint_us=261 encode_us=161 acquire_us=109 submit_us=35734 skipped=0
frust_shell_common::perf: frust-perf raw n=106 total_us=42148 rebuild_us=83 layout_us=2713 paint_us=262 encode_us=120 acquire_us=82 submit_us=38886 skipped=0
frust_shell_common::perf: frust-perf raw n=107 total_us=42878 rebuild_us=66 layout_us=2576 paint_us=233 encode_us=138 acquire_us=82 submit_us=39779 skipped=0
frust_shell_common::perf: frust-perf raw n=108 total_us=43414 rebuild_us=75 layout_us=2736 paint_us=263 encode_us=118 acquire_us=79 submit_us=40141 skipped=0
frust_shell_common::perf: frust-perf raw n=109 total_us=42349 rebuild_us=73 layout_us=2540 paint_us=241 encode_us=113 acquire_us=79 submit_us=39301 skipped=0
frust_shell_common::perf: frust-perf raw n=110 total_us=43575 rebuild_us=67 layout_us=2713 paint_us=259 encode_us=139 acquire_us=127 submit_us=40268 skipped=0
frust_shell_common::perf: frust-perf raw n=111 total_us=43183 rebuild_us=87 layout_us=3107 paint_us=297 encode_us=155 acquire_us=92 submit_us=39442 skipped=0
frust_shell_common::perf: frust-perf raw n=112 total_us=43705 rebuild_us=63 layout_us=2713 paint_us=253 encode_us=141 acquire_us=94 submit_us=40438 skipped=0
frust_shell_common::perf: frust-perf raw n=113 total_us=43382 rebuild_us=76 layout_us=2580 paint_us=236 encode_us=116 acquire_us=81 submit_us=40290 skipped=0
frust_shell_common::perf: frust-perf raw n=114 total_us=42597 rebuild_us=95 layout_us=2792 paint_us=338 encode_us=122 acquire_us=95 submit_us=39154 skipped=0
frust_shell_common::perf: frust-perf raw n=115 total_us=43669 rebuild_us=72 layout_us=2674 paint_us=256 encode_us=138 acquire_us=84 submit_us=40442 skipped=0
frust_shell_common::perf: frust-perf raw n=116 total_us=43481 rebuild_us=76 layout_us=2729 paint_us=258 encode_us=122 acquire_us=85 submit_us=40208 skipped=0
frust_shell_common::perf: frust-perf raw n=117 total_us=42138 rebuild_us=66 layout_us=2182 paint_us=248 encode_us=120 acquire_us=89 submit_us=39430 skipped=0
frust_shell_common::perf: frust-perf raw n=118 total_us=40311 rebuild_us=72 layout_us=20 paint_us=103 encode_us=96 acquire_us=62 submit_us=39957 skipped=0
frust_shell_common::perf: frust-perf raw n=119 total_us=44246 rebuild_us=90 layout_us=3834 paint_us=353 encode_us=152 acquire_us=106 submit_us=39709 skipped=0
frust_shell_common::perf: frust-perf raw n=120 total_us=43463 rebuild_us=65 layout_us=2706 paint_us=252 encode_us=141 acquire_us=83 submit_us=40213 skipped=0
frust_shell_common::perf: frust-perf raw n=121 total_us=44561 rebuild_us=81 layout_us=3726 paint_us=344 encode_us=153 acquire_us=89 submit_us=40166 skipped=0
frust_shell_common::perf: frust-perf raw n=122 total_us=42481 rebuild_us=69 layout_us=2740 paint_us=256 encode_us=116 acquire_us=89 submit_us=39208 skipped=0
frust_shell_common::perf: frust-perf raw n=123 total_us=43861 rebuild_us=72 layout_us=2682 paint_us=255 encode_us=151 acquire_us=82 submit_us=40617 skipped=0
frust_shell_common::perf: frust-perf raw n=124 total_us=43817 rebuild_us=84 layout_us=3784 paint_us=353 encode_us=121 acquire_us=78 submit_us=39394 skipped=0
frust_shell_common::perf: frust-perf raw n=125 total_us=43484 rebuild_us=71 layout_us=2556 paint_us=235 encode_us=140 acquire_us=86 submit_us=40393 skipped=0
frust_shell_common::perf: frust-perf raw n=126 total_us=43145 rebuild_us=69 layout_us=2728 paint_us=263 encode_us=124 acquire_us=77 submit_us=39882 skipped=0
frust_shell_common::perf: frust-perf raw n=127 total_us=42590 rebuild_us=73 layout_us=2667 paint_us=286 encode_us=119 acquire_us=79 submit_us=39364 skipped=0
frust_shell_android::app::frame: frust-perf platform-view tail depth=0 target=0 acquire_bound=false frame=480 expected_present_us=0 acquire_us=84 period_us=11131
frust_shell_common::perf: frust-perf raw n=128 total_us=44093 rebuild_us=72 layout_us=2697 paint_us=307 encode_us=157 acquire_us=98 submit_us=40759 skipped=0
frust_shell_common::perf: frust-perf raw n=129 total_us=43469 rebuild_us=76 layout_us=2682 paint_us=248 encode_us=115 acquire_us=81 submit_us=40265 skipped=0
frust_shell_common::perf: frust-perf raw n=130 total_us=42297 rebuild_us=71 layout_us=2563 paint_us=239 encode_us=115 acquire_us=79 submit_us=39226 skipped=0
frust_shell_common::perf: frust-perf raw n=131 total_us=43138 rebuild_us=67 layout_us=2731 paint_us=261 encode_us=119 acquire_us=81 submit_us=39876 skipped=0
frust_shell_common::perf: frust-perf raw n=132 total_us=42606 rebuild_us=77 layout_us=2707 paint_us=266 encode_us=117 acquire_us=78 submit_us=39359 skipped=0
frust_shell_common::perf: frust-perf raw n=133 total_us=43389 rebuild_us=70 layout_us=2724 paint_us=264 encode_us=173 acquire_us=85 submit_us=40072 skipped=0
frust_shell_common::perf: frust-perf raw n=134 total_us=43413 rebuild_us=75 layout_us=2788 paint_us=265 encode_us=123 acquire_us=76 submit_us=40083 skipped=0
frust_shell_common::perf: frust-perf raw n=135 total_us=43043 rebuild_us=68 layout_us=2680 paint_us=258 encode_us=115 acquire_us=79 submit_us=39840 skipped=0
frust_shell_common::perf: frust-perf raw n=136 total_us=43441 rebuild_us=105 layout_us=2691 paint_us=260 encode_us=136 acquire_us=87 submit_us=40160 skipped=0
frust_shell_common::perf: frust-perf raw n=137 total_us=43158 rebuild_us=76 layout_us=2739 paint_us=263 encode_us=117 acquire_us=79 submit_us=39883 skipped=0
frust_shell_common::perf: frust-perf raw n=138 total_us=43121 rebuild_us=70 layout_us=2543 paint_us=241 encode_us=136 acquire_us=86 submit_us=40042 skipped=0
frust_shell_common::perf: frust-perf raw n=139 total_us=43904 rebuild_us=73 layout_us=2814 paint_us=256 encode_us=120 acquire_us=82 submit_us=40557 skipped=0
frust_shell_common::perf: frust-perf frame n=120 total_p50_ms=41 total_p95_ms=43 total_p99_ms=44 rebuild_p95_ms=0 layout_p95_ms=3 paint_p95_ms=0 encode_p95_ms=0 acquire_p95_ms=0 submit_p95_ms=40 over_60hz=139 over_120hz=139 skipped=0 total_frames=139
frust_shell_common::perf: frust-perf raw n=140 total_us=42431 rebuild_us=71 layout_us=2666 paint_us=289 encode_us=119 acquire_us=82 submit_us=39202 skipped=0
frust_shell_common::perf: frust-perf raw n=141 total_us=43787 rebuild_us=67 layout_us=2545 paint_us=242 encode_us=147 acquire_us=82 submit_us=40701 skipped=0
frust_shell_common::perf: frust-perf raw n=142 total_us=43019 rebuild_us=69 layout_us=2817 paint_us=262 encode_us=116 acquire_us=108 submit_us=39644 skipped=0
frust_shell_common::perf: frust-perf raw n=143 total_us=43813 rebuild_us=65 layout_us=2748 paint_us=262 encode_us=399 acquire_us=152 submit_us=40185 skipped=0
frust_shell_common::perf: frust-perf raw n=144 total_us=43926 rebuild_us=83 layout_us=2672 paint_us=249 encode_us=137 acquire_us=94 submit_us=40688 skipped=0
frust_shell_common::perf: frust-perf raw n=145 total_us=42214 rebuild_us=76 layout_us=2738 paint_us=261 encode_us=119 acquire_us=77 submit_us=38941 skipped=0
frust_shell_common::perf: frust-perf raw n=146 total_us=43971 rebuild_us=74 layout_us=2722 paint_us=270 encode_us=151 acquire_us=83 submit_us=40668 skipped=0
frust_shell_common::perf: frust-perf raw n=147 total_us=42854 rebuild_us=76 layout_us=2740 paint_us=267 encode_us=118 acquire_us=78 submit_us=39573 skipped=0
frust_shell_common::perf: frust-perf raw n=148 total_us=42477 rebuild_us=73 layout_us=2568 paint_us=242 encode_us=112 acquire_us=78 submit_us=39401 skipped=0
frust_shell_common::perf: frust-perf raw n=149 total_us=43430 rebuild_us=117 layout_us=2695 paint_us=265 encode_us=154 acquire_us=93 submit_us=40104 skipped=0
frust_shell_common::perf: frust-perf raw n=150 total_us=42495 rebuild_us=64 layout_us=2750 paint_us=264 encode_us=116 acquire_us=77 submit_us=39222 skipped=0
frust_shell_common::perf: frust-perf raw n=151 total_us=43410 rebuild_us=65 layout_us=2750 paint_us=250 encode_us=143 acquire_us=94 submit_us=40106 skipped=0
frust_shell_common::perf: frust-perf raw n=152 total_us=42826 rebuild_us=72 layout_us=2742 paint_us=268 encode_us=122 acquire_us=77 submit_us=39542 skipped=0
frust_shell_common::perf: frust-perf raw n=153 total_us=42393 rebuild_us=67 layout_us=2651 paint_us=258 encode_us=118 acquire_us=85 submit_us=39211 skipped=0
frust_shell_common::perf: frust-perf raw n=154 total_us=43447 rebuild_us=71 layout_us=2716 paint_us=296 encode_us=122 acquire_us=83 submit_us=40156 skipped=0
frust_shell_common::perf: frust-perf raw n=155 total_us=42344 rebuild_us=74 layout_us=2750 paint_us=259 encode_us=126 acquire_us=103 submit_us=39030 skipped=0
frust_shell_common::perf: frust-perf raw n=156 total_us=42721 rebuild_us=66 layout_us=2618 paint_us=236 encode_us=138 acquire_us=82 submit_us=39579 skipped=0
frust_shell_common::perf: frust-perf raw n=157 total_us=42536 rebuild_us=76 layout_us=2730 paint_us=257 encode_us=121 acquire_us=80 submit_us=39268 skipped=0
frust_shell_common::perf: frust-perf raw n=158 total_us=43292 rebuild_us=77 layout_us=2741 paint_us=261 encode_us=157 acquire_us=97 submit_us=39956 skipped=0
frust_shell_common::perf: frust-perf raw n=159 total_us=43358 rebuild_us=66 layout_us=2617 paint_us=246 encode_us=113 acquire_us=76 submit_us=40237 skipped=0
frust_shell_common::perf: frust-perf raw n=160 total_us=41838 rebuild_us=74 layout_us=2628 paint_us=248 encode_us=116 acquire_us=81 submit_us=38689 skipped=0
frust_shell_android::app::frame: frust-perf platform-view tail depth=0 target=0 acquire_bound=false frame=600 expected_present_us=0 acquire_us=83 period_us=11145
frust_shell_common::perf: frust-perf raw n=161 total_us=43236 rebuild_us=76 layout_us=2782 paint_us=266 encode_us=177 acquire_us=83 submit_us=39849 skipped=0
frust_shell_common::perf: frust-perf raw n=162 total_us=42428 rebuild_us=81 layout_us=2595 paint_us=239 encode_us=118 acquire_us=81 submit_us=39310 skipped=0
frust_shell_common::perf: frust-perf raw n=163 total_us=42829 rebuild_us=66 layout_us=2682 paint_us=255 encode_us=142 acquire_us=84 submit_us=39598 skipped=0
frust_shell_common::perf: frust-perf raw n=164 total_us=43819 rebuild_us=76 layout_us=2754 paint_us=267 encode_us=117 acquire_us=75 submit_us=40527 skipped=0
frust_shell_common::perf: frust-perf raw n=165 total_us=42755 rebuild_us=65 layout_us=2705 paint_us=260 encode_us=125 acquire_us=83 submit_us=39514 skipped=0
frust_shell_common::perf: frust-perf raw n=166 total_us=43041 rebuild_us=74 layout_us=2730 paint_us=265 encode_us=124 acquire_us=91 submit_us=39755 skipped=0
frust_shell_common::perf: frust-perf raw n=167 total_us=43245 rebuild_us=74 layout_us=2704 paint_us=297 encode_us=124 acquire_us=75 submit_us=39969 skipped=0
frust_shell_common::perf: frust-perf raw n=168 total_us=43646 rebuild_us=68 layout_us=2661 paint_us=282 encode_us=154 acquire_us=92 submit_us=40385 skipped=0
frust_shell_common::perf: frust-perf raw n=169 total_us=43633 rebuild_us=77 layout_us=2806 paint_us=271 encode_us=121 acquire_us=83 submit_us=40273 skipped=0
frust_shell_common::perf: frust-perf raw n=170 total_us=43419 rebuild_us=66 layout_us=2808 paint_us=263 encode_us=118 acquire_us=78 submit_us=40083 skipped=0
frust_shell_common::perf: frust-perf raw n=171 total_us=42621 rebuild_us=69 layout_us=2792 paint_us=259 encode_us=309 acquire_us=160 submit_us=39030 skipped=0
frust_shell_common::perf: frust-perf raw n=172 total_us=42909 rebuild_us=69 layout_us=2735 paint_us=259 encode_us=152 acquire_us=99 submit_us=39593 skipped=0
frust_shell_common::perf: frust-perf raw n=173 total_us=43525 rebuild_us=65 layout_us=2731 paint_us=264 encode_us=139 acquire_us=102 submit_us=40222 skipped=0
frust_shell_common::perf: frust-perf raw n=174 total_us=42933 rebuild_us=74 layout_us=2599 paint_us=247 encode_us=115 acquire_us=74 submit_us=39821 skipped=0
frust_shell_common::perf: frust-perf raw n=175 total_us=42565 rebuild_us=110 layout_us=2740 paint_us=260 encode_us=118 acquire_us=74 submit_us=39260 skipped=0
frust_shell_common::perf: frust-perf raw n=176 total_us=43681 rebuild_us=78 layout_us=2693 paint_us=263 encode_us=157 acquire_us=89 submit_us=40399 skipped=0
frust_shell_common::perf: frust-perf raw n=177 total_us=42333 rebuild_us=81 layout_us=2614 paint_us=252 encode_us=116 acquire_us=80 submit_us=39188 skipped=0
frust_shell_common::perf: frust-perf raw n=178 total_us=43220 rebuild_us=69 layout_us=2600 paint_us=240 encode_us=138 acquire_us=90 submit_us=40080 skipped=0
frust_shell_common::perf: frust-perf raw n=179 total_us=43391 rebuild_us=74 layout_us=2757 paint_us=275 encode_us=120 acquire_us=80 submit_us=40082 skipped=0
frust_shell_common::perf: frust-perf raw n=180 total_us=42557 rebuild_us=78 layout_us=2729 paint_us=265 encode_us=118 acquire_us=88 submit_us=39276 skipped=0
frust_shell_common::perf: frust-perf raw n=181 total_us=43301 rebuild_us=77 layout_us=2701 paint_us=267 encode_us=148 acquire_us=92 submit_us=40014 skipped=0
frust_shell_common::perf: frust-perf raw n=182 total_us=42697 rebuild_us=68 layout_us=2723 paint_us=260 encode_us=116 acquire_us=82 submit_us=39446 skipped=0
frust_shell_common::perf: frust-perf raw n=183 total_us=43274 rebuild_us=64 layout_us=2776 paint_us=264 encode_us=156 acquire_us=86 submit_us=39927 skipped=0
frust_shell_common::perf: frust-perf raw n=184 total_us=43520 rebuild_us=74 layout_us=2753 paint_us=266 encode_us=120 acquire_us=93 submit_us=40212 skipped=0
frust_shell_common::perf: frust-perf raw n=185 total_us=42753 rebuild_us=82 layout_us=2798 paint_us=276 encode_us=117 acquire_us=77 submit_us=39402 skipped=0
frust_shell_common::perf: frust-perf raw n=186 total_us=43249 rebuild_us=73 layout_us=2590 paint_us=242 encode_us=131 acquire_us=82 submit_us=40128 skipped=0
frust_shell_common::perf: frust-perf frame n=120 total_p50_ms=42 total_p95_ms=43 total_p99_ms=44 rebuild_p95_ms=0 layout_p95_ms=3 paint_p95_ms=0 encode_p95_ms=0 acquire_p95_ms=0 submit_p95_ms=40 over_60hz=186 over_120hz=186 skipped=0 total_frames=186
frust_shell_common::perf: frust-perf raw n=187 total_us=42340 rebuild_us=75 layout_us=2738 paint_us=260 encode_us=151 acquire_us=82 submit_us=39033 skipped=0
frust_shell_common::perf: frust-perf raw n=188 total_us=43533 rebuild_us=78 layout_us=2776 paint_us=267 encode_us=153 acquire_us=97 submit_us=40161 skipped=0
frust_shell_common::perf: frust-perf raw n=189 total_us=43214 rebuild_us=97 layout_us=2568 paint_us=245 encode_us=116 acquire_us=84 submit_us=40102 skipped=0
frust_shell_common::perf: frust-perf raw n=190 total_us=42722 rebuild_us=82 layout_us=2818 paint_us=271 encode_us=117 acquire_us=86 submit_us=39345 skipped=0
frust_shell_common::perf: frust-perf raw n=191 total_us=43486 rebuild_us=77 layout_us=2785 paint_us=266 encode_us=140 acquire_us=94 submit_us=40123 skipped=0
frust_shell_common::perf: frust-perf raw n=192 total_us=42003 rebuild_us=73 layout_us=2721 paint_us=265 encode_us=121 acquire_us=76 submit_us=38745 skipped=0
frust_shell_common::perf: frust-perf raw n=193 total_us=43663 rebuild_us=67 layout_us=2754 paint_us=260 encode_us=155 acquire_us=81 submit_us=40345 skipped=0
frust_shell_android::app::frame: frust-perf platform-view tail depth=0 target=0 acquire_bound=false frame=720 expected_present_us=0 acquire_us=91 period_us=11133
frust_shell_common::perf: frust-perf raw n=194 total_us=43398 rebuild_us=77 layout_us=2688 paint_us=304 encode_us=119 acquire_us=119 submit_us=40088 skipped=0
frust_shell_common::perf: frust-perf raw n=195 total_us=42475 rebuild_us=87 layout_us=2899 paint_us=284 encode_us=119 acquire_us=80 submit_us=39005 skipped=0
frust_shell_common::perf: frust-perf raw n=196 total_us=43227 rebuild_us=69 layout_us=2731 paint_us=258 encode_us=134 acquire_us=83 submit_us=39949 skipped=0
frust_shell_common::perf: frust-perf raw n=197 total_us=42565 rebuild_us=76 layout_us=2723 paint_us=263 encode_us=120 acquire_us=76 submit_us=39305 skipped=0
frust_shell_common::perf: frust-perf raw n=198 total_us=43415 rebuild_us=78 layout_us=2794 paint_us=266 encode_us=141 acquire_us=83 submit_us=40051 skipped=0
frust_shell_common::perf: frust-perf raw n=199 total_us=42993 rebuild_us=64 layout_us=2727 paint_us=257 encode_us=122 acquire_us=76 submit_us=39744 skipped=0
frust_shell_common::perf: frust-perf raw n=200 total_us=42906 rebuild_us=83 layout_us=2801 paint_us=276 encode_us=115 acquire_us=78 submit_us=39550 skipped=0
frust_shell_common::perf: frust-perf raw n=201 total_us=42759 rebuild_us=73 layout_us=2737 paint_us=267 encode_us=121 acquire_us=81 submit_us=39477 skipped=0
frust_shell_common::perf: frust-perf raw n=202 total_us=42575 rebuild_us=96 layout_us=2683 paint_us=256 encode_us=120 acquire_us=82 submit_us=39335 skipped=0
frust_shell_common::perf: frust-perf raw n=203 total_us=43053 rebuild_us=72 layout_us=2611 paint_us=245 encode_us=135 acquire_us=80 submit_us=39907 skipped=0
frust_shell_common::perf: frust-perf raw n=204 total_us=42552 rebuild_us=71 layout_us=2735 paint_us=261 encode_us=119 acquire_us=79 submit_us=39283 skipped=0
frust_shell_common::perf: frust-perf raw n=205 total_us=43725 rebuild_us=75 layout_us=2724 paint_us=263 encode_us=144 acquire_us=83 submit_us=40433 skipped=0
frust_shell_common::perf: frust-perf raw n=206 total_us=43068 rebuild_us=88 layout_us=2877 paint_us=292 encode_us=122 acquire_us=81 submit_us=39604 skipped=0
frust_shell_common::perf: frust-perf raw n=207 total_us=42503 rebuild_us=93 layout_us=2603 paint_us=243 encode_us=112 acquire_us=82 submit_us=39367 skipped=0
frust_shell_common::perf: frust-perf raw n=208 total_us=43792 rebuild_us=96 layout_us=2747 paint_us=342 encode_us=158 acquire_us=103 submit_us=40343 skipped=0
frust_shell_common::perf: frust-perf raw n=209 total_us=42787 rebuild_us=75 layout_us=2787 paint_us=266 encode_us=125 acquire_us=83 submit_us=39448 skipped=0
frust_shell_common::perf: frust-perf raw n=210 total_us=43605 rebuild_us=69 layout_us=2799 paint_us=259 encode_us=153 acquire_us=134 submit_us=40188 skipped=0
frust_shell_common::perf: frust-perf raw n=211 total_us=43407 rebuild_us=75 layout_us=2939 paint_us=271 encode_us=131 acquire_us=162 submit_us=39826 skipped=0
frust_shell_common::perf: frust-perf raw n=212 total_us=42929 rebuild_us=77 layout_us=2849 paint_us=274 encode_us=130 acquire_us=103 submit_us=39494 skipped=0
frust_shell_common::perf: frust-perf raw n=213 total_us=43509 rebuild_us=77 layout_us=2913 paint_us=280 encode_us=241 acquire_us=115 submit_us=39880 skipped=0
frust_shell_common::perf: frust-perf raw n=214 total_us=43479 rebuild_us=77 layout_us=2890 paint_us=277 encode_us=143 acquire_us=116 submit_us=39974 skipped=0
frust_shell_common::perf: frust-perf raw n=215 total_us=43310 rebuild_us=68 layout_us=2734 paint_us=268 encode_us=139 acquire_us=124 submit_us=39973 skipped=0
frust_shell_common::perf: frust-perf raw n=216 total_us=43240 rebuild_us=141 layout_us=2847 paint_us=279 encode_us=178 acquire_us=136 submit_us=39656 skipped=0
frust_shell_common::perf: frust-perf raw n=217 total_us=43237 rebuild_us=80 layout_us=2920 paint_us=275 encode_us=131 acquire_us=104 submit_us=39725 skipped=0
frust_shell_common::perf: frust-perf raw n=218 total_us=43526 rebuild_us=76 layout_us=2750 paint_us=253 encode_us=153 acquire_us=114 submit_us=40179 skipped=0
frust_shell_common::perf: frust-perf raw n=219 total_us=43253 rebuild_us=73 layout_us=2895 paint_us=279 encode_us=131 acquire_us=94 submit_us=39778 skipped=0
frust_shell_common::perf: frust-perf raw n=220 total_us=43310 rebuild_us=68 layout_us=2792 paint_us=321 encode_us=129 acquire_us=98 submit_us=39901 skipped=0
frust_shell_common::perf: frust-perf raw n=221 total_us=42958 rebuild_us=84 layout_us=2700 paint_us=340 encode_us=144 acquire_us=105 submit_us=39582 skipped=0
frust_shell_common::perf: frust-perf raw n=222 total_us=42779 rebuild_us=82 layout_us=2868 paint_us=271 encode_us=129 acquire_us=108 submit_us=39317 skipped=0
frust_shell_common::perf: frust-perf raw n=223 total_us=43790 rebuild_us=71 layout_us=2843 paint_us=269 encode_us=161 acquire_us=104 submit_us=40340 skipped=0
frust_shell_common::perf: frust-perf raw n=224 total_us=42536 rebuild_us=84 layout_us=2760 paint_us=260 encode_us=128 acquire_us=98 submit_us=39204 skipped=0
frust_shell_common::perf: frust-perf raw n=225 total_us=43808 rebuild_us=72 layout_us=2825 paint_us=274 encode_us=141 acquire_us=117 submit_us=40377 skipped=0
frust_shell_common::perf: frust-perf raw n=226 total_us=43412 rebuild_us=82 layout_us=2933 paint_us=290 encode_us=169 acquire_us=134 submit_us=39802 skipped=0
frust_shell_common::perf: frust-perf raw n=227 total_us=42165 rebuild_us=72 layout_us=2735 paint_us=261 encode_us=130 acquire_us=102 submit_us=38863 skipped=0
frust_shell_android::app::frame: frust-perf platform-view tail depth=0 target=0 acquire_bound=false frame=840 expected_present_us=0 acquire_us=108 period_us=11131
frust_shell_common::perf: frust-perf raw n=228 total_us=43135 rebuild_us=74 layout_us=2842 paint_us=269 encode_us=157 acquire_us=105 submit_us=39685 skipped=0
frust_shell_common::perf: frust-perf raw n=229 total_us=43894 rebuild_us=101 layout_us=2853 paint_us=381 encode_us=137 acquire_us=87 submit_us=40332 skipped=0
frust_shell_common::perf: frust-perf raw n=230 total_us=41249 rebuild_us=62 layout_us=1492 paint_us=150 encode_us=94 acquire_us=90 submit_us=39359 skipped=0
frust_shell_common::perf: frust-perf raw n=231 total_us=42524 rebuild_us=67 layout_us=1692 paint_us=158 encode_us=81 acquire_us=62 submit_us=40462 skipped=0
frust_shell_common::perf: frust-perf raw n=232 total_us=42210 rebuild_us=88 layout_us=2438 paint_us=230 encode_us=114 acquire_us=88 submit_us=39250 skipped=0
frust_shell_common::perf: frust-perf raw n=233 total_us=44254 rebuild_us=98 layout_us=2780 paint_us=273 encode_us=150 acquire_us=107 submit_us=40844 skipped=0
frust_shell_common::perf: frust-perf frame n=120 total_p50_ms=43 total_p95_ms=43 total_p99_ms=44 rebuild_p95_ms=0 layout_p95_ms=2 paint_p95_ms=0 encode_p95_ms=0 acquire_p95_ms=0 submit_p95_ms=40 over_60hz=233 over_120hz=233 skipped=0 total_frames=233
frust_shell_common::perf: frust-perf raw n=234 total_us=43569 rebuild_us=93 layout_us=2774 paint_us=268 encode_us=129 acquire_us=62 submit_us=40240 skipped=0
frust_shell_common::perf: frust-perf raw n=235 total_us=42262 rebuild_us=71 layout_us=2754 paint_us=262 encode_us=127 acquire_us=88 submit_us=38958 skipped=0
frust_shell_common::perf: frust-perf raw n=236 total_us=43105 rebuild_us=76 layout_us=2842 paint_us=268 encode_us=361 acquire_us=215 submit_us=39342 skipped=0
frust_shell_common::perf: frust-perf raw n=237 total_us=42523 rebuild_us=69 layout_us=2589 paint_us=250 encode_us=117 acquire_us=90 submit_us=39405 skipped=0
frust_shell_common::perf: frust-perf raw n=238 total_us=43363 rebuild_us=87 layout_us=2763 paint_us=267 encode_us=150 acquire_us=92 submit_us=40002 skipped=0
frust_shell_common::perf: frust-perf raw n=239 total_us=43380 rebuild_us=75 layout_us=2716 paint_us=267 encode_us=116 acquire_us=83 submit_us=40120 skipped=0
frust_shell_common::perf: frust-perf raw n=240 total_us=42767 rebuild_us=72 layout_us=2758 paint_us=273 encode_us=118 acquire_us=100 submit_us=39444 skipped=0
frust_shell_common::perf: frust-perf raw n=241 total_us=42915 rebuild_us=71 layout_us=2747 paint_us=261 encode_us=123 acquire_us=129 submit_us=39582 skipped=0
frust_shell_common::perf: frust-perf raw n=242 total_us=42371 rebuild_us=64 layout_us=2725 paint_us=259 encode_us=117 acquire_us=86 submit_us=39116 skipped=0
frust_shell_common::perf: frust-perf raw n=243 total_us=43145 rebuild_us=80 layout_us=2719 paint_us=271 encode_us=158 acquire_us=90 submit_us=39824 skipped=0
frust_shell_common::perf: frust-perf raw n=244 total_us=42824 rebuild_us=75 layout_us=2857 paint_us=275 encode_us=128 acquire_us=110 submit_us=39376 skipped=0
frust_shell_common::perf: frust-perf raw n=245 total_us=43342 rebuild_us=72 layout_us=2764 paint_us=267 encode_us=140 acquire_us=95 submit_us=40002 skipped=0
frust_shell_common::perf: frust-perf raw n=246 total_us=42827 rebuild_us=69 layout_us=2769 paint_us=264 encode_us=119 acquire_us=76 submit_us=39528 skipped=0
frust_shell_common::perf: frust-perf raw n=247 total_us=42553 rebuild_us=70 layout_us=2674 paint_us=261 encode_us=114 acquire_us=78 submit_us=39352 skipped=0
frust_shell_common::perf: frust-perf raw n=248 total_us=42755 rebuild_us=74 layout_us=2578 paint_us=244 encode_us=137 acquire_us=91 submit_us=39628 skipped=0
frust_shell_common::perf: frust-perf raw n=249 total_us=42490 rebuild_us=72 layout_us=2741 paint_us=265 encode_us=155 acquire_us=110 submit_us=39145 skipped=0
frust_shell_common::perf: frust-perf raw n=250 total_us=43163 rebuild_us=75 layout_us=2720 paint_us=258 encode_us=162 acquire_us=92 submit_us=39854 skipped=0
frust_shell_common::perf: frust-perf raw n=251 total_us=42522 rebuild_us=76 layout_us=2658 paint_us=243 encode_us=114 acquire_us=87 submit_us=39341 skipped=0
frust_shell_common::perf: frust-perf raw n=252 total_us=42924 rebuild_us=68 layout_us=2585 paint_us=240 encode_us=124 acquire_us=83 submit_us=39821 skipped=0
frust_shell_common::perf: frust-perf raw n=253 total_us=42566 rebuild_us=70 layout_us=2723 paint_us=276 encode_us=155 acquire_us=99 submit_us=39242 skipped=0
frust_shell_common::perf: frust-perf raw n=254 total_us=42521 rebuild_us=70 layout_us=2667 paint_us=254 encode_us=117 acquire_us=79 submit_us=39331 skipped=0
frust_shell_common::perf: frust-perf raw n=255 total_us=43439 rebuild_us=79 layout_us=2791 paint_us=269 encode_us=158 acquire_us=86 submit_us=40053 skipped=0
frust_shell_common::perf: frust-perf raw n=256 total_us=42155 rebuild_us=71 layout_us=2698 paint_us=254 encode_us=120 acquire_us=78 submit_us=38932 skipped=0
frust_shell_common::perf: frust-perf raw n=257 total_us=42912 rebuild_us=73 layout_us=2531 paint_us=239 encode_us=145 acquire_us=85 submit_us=39836 skipped=0
frust_shell_common::perf: frust-perf raw n=258 total_us=42025 rebuild_us=75 layout_us=2752 paint_us=262 encode_us=116 acquire_us=79 submit_us=38738 skipped=0
frust_shell_common::perf: frust-perf raw n=259 total_us=43337 rebuild_us=66 layout_us=2668 paint_us=252 encode_us=142 acquire_us=96 submit_us=40111 skipped=0
frust_shell_common::perf: frust-perf raw n=260 total_us=42649 rebuild_us=76 layout_us=2702 paint_us=265 encode_us=128 acquire_us=86 submit_us=39390 skipped=0
frust_shell_android::app::frame: frust-perf platform-view tail depth=0 target=0 acquire_bound=false frame=960 expected_present_us=0 acquire_us=83 period_us=11131
frust_shell_common::perf: frust-perf raw n=261 total_us=42220 rebuild_us=72 layout_us=2514 paint_us=232 encode_us=113 acquire_us=80 submit_us=39208 skipped=0
frust_shell_common::perf: frust-perf raw n=262 total_us=43136 rebuild_us=73 layout_us=2673 paint_us=311 encode_us=156 acquire_us=86 submit_us=39834 skipped=0
frust_shell_common::perf: frust-perf raw n=263 total_us=42599 rebuild_us=80 layout_us=2733 paint_us=262 encode_us=118 acquire_us=79 submit_us=39325 skipped=0
frust_shell_common::perf: frust-perf raw n=264 total_us=42970 rebuild_us=69 layout_us=2667 paint_us=249 encode_us=151 acquire_us=85 submit_us=39747 skipped=0
frust_shell_common::perf: frust-perf raw n=265 total_us=42774 rebuild_us=72 layout_us=2687 paint_us=267 encode_us=160 acquire_us=93 submit_us=39493 skipped=0
frust_shell_common::perf: frust-perf raw n=266 total_us=42629 rebuild_us=67 layout_us=2624 paint_us=253 encode_us=116 acquire_us=88 submit_us=39478 skipped=0
frust_shell_common::perf: frust-perf raw n=267 total_us=42196 rebuild_us=67 layout_us=2634 paint_us=265 encode_us=123 acquire_us=86 submit_us=39019 skipped=0
frust_shell_common::perf: frust-perf raw n=268 total_us=39559 rebuild_us=65 layout_us=13 paint_us=111 encode_us=117 acquire_us=77 submit_us=39172 skipped=0
frust_shell_common::perf: frust-perf raw n=269 total_us=40368 rebuild_us=76 layout_us=218 paint_us=250 encode_us=154 acquire_us=91 submit_us=39576 skipped=0
frust_shell_common::perf: frust-perf raw n=270 total_us=40998 rebuild_us=81 layout_us=1547 paint_us=259 encode_us=152 acquire_us=92 submit_us=38865 skipped=0
frust_shell_common::perf: frust-perf raw n=271 total_us=41933 rebuild_us=112 layout_us=1530 paint_us=258 encode_us=159 acquire_us=80 submit_us=39793 skipped=0
frust_shell_common::perf: frust-perf raw n=272 total_us=40938 rebuild_us=85 layout_us=1544 paint_us=254 encode_us=154 acquire_us=93 submit_us=38806 skipped=0
frust_shell_common::perf: frust-perf raw n=273 total_us=42031 rebuild_us=77 layout_us=1595 paint_us=278 encode_us=143 acquire_us=83 submit_us=39853 skipped=0
frust_shell_common::perf: frust-perf raw n=274 total_us=41581 rebuild_us=87 layout_us=1650 paint_us=266 encode_us=150 acquire_us=95 submit_us=39331 skipped=0
frust_shell_common::perf: frust-perf raw n=275 total_us=41164 rebuild_us=85 layout_us=1358 paint_us=233 encode_us=149 acquire_us=109 submit_us=39227 skipped=0
frust_shell_common::perf: frust-perf raw n=276 total_us=41409 rebuild_us=79 layout_us=1535 paint_us=252 encode_us=160 acquire_us=98 submit_us=39281 skipped=0
frust_shell_common::perf: frust-perf raw n=277 total_us=41042 rebuild_us=81 layout_us=1586 paint_us=258 encode_us=154 acquire_us=128 submit_us=38833 skipped=0
frust_shell_common::perf: frust-perf raw n=278 total_us=42616 rebuild_us=75 layout_us=1544 paint_us=302 encode_us=151 acquire_us=80 submit_us=40462 skipped=0
frust_shell_common::perf: frust-perf raw n=279 total_us=41126 rebuild_us=91 layout_us=1711 paint_us=264 encode_us=154 acquire_us=91 submit_us=38812 skipped=0
frust_shell_common::perf: frust-perf raw n=280 total_us=41860 rebuild_us=82 layout_us=1594 paint_us=260 encode_us=287 acquire_us=212 submit_us=39422 skipped=0
frust_shell_common::perf: frust-perf raw n=281 total_us=41396 rebuild_us=83 layout_us=1551 paint_us=248 encode_us=152 acquire_us=91 submit_us=39269 skipped=0
frust_shell_common::perf: frust-perf frame n=120 total_p50_ms=42 total_p95_ms=43 total_p99_ms=43 rebuild_p95_ms=0 layout_p95_ms=2 paint_p95_ms=0 encode_p95_ms=0 acquire_p95_ms=0 submit_p95_ms=40 over_60hz=281 over_120hz=281 skipped=0 total_frames=281
frust_shell_common::perf: frust-perf raw n=282 total_us=41332 rebuild_us=83 layout_us=1598 paint_us=256 encode_us=184 acquire_us=96 submit_us=39113 skipped=0
frust_shell_common::perf: frust-perf raw n=283 total_us=42201 rebuild_us=85 layout_us=1596 paint_us=270 encode_us=152 acquire_us=94 submit_us=40001 skipped=0
frust_shell_common::perf: frust-perf raw n=284 total_us=41172 rebuild_us=86 layout_us=1620 paint_us=264 encode_us=154 acquire_us=128 submit_us=38918 skipped=0
frust_shell_common::perf: frust-perf raw n=285 total_us=42081 rebuild_us=76 layout_us=1575 paint_us=262 encode_us=156 acquire_us=82 submit_us=39928 skipped=0
frust_shell_common::perf: frust-perf raw n=286 total_us=41591 rebuild_us=77 layout_us=1532 paint_us=261 encode_us=154 acquire_us=91 submit_us=39474 skipped=0
frust_shell_common::perf: frust-perf raw n=287 total_us=41335 rebuild_us=81 layout_us=1596 paint_us=260 encode_us=147 acquire_us=105 submit_us=39144 skipped=0
frust_shell_common::perf: frust-perf raw n=288 total_us=41939 rebuild_us=81 layout_us=1604 paint_us=260 encode_us=152 acquire_us=104 submit_us=39735 skipped=0
frust_shell_common::perf: frust-perf raw n=289 total_us=41184 rebuild_us=87 layout_us=1551 paint_us=253 encode_us=149 acquire_us=94 submit_us=39048 skipped=0
frust_shell_common::perf: frust-perf raw n=290 total_us=42188 rebuild_us=85 layout_us=1554 paint_us=260 encode_us=165 acquire_us=100 submit_us=40020 skipped=0
frust_shell_common::perf: frust-perf raw n=291 total_us=41391 rebuild_us=87 layout_us=1755 paint_us=271 encode_us=158 acquire_us=104 submit_us=39015 skipped=0
frust_shell_common::perf: frust-perf raw n=292 total_us=42092 rebuild_us=88 layout_us=1731 paint_us=269 encode_us=319 acquire_us=266 submit_us=39417 skipped=0
frust_shell_common::perf: frust-perf raw n=293 total_us=41357 rebuild_us=129 layout_us=1606 paint_us=269 encode_us=159 acquire_us=108 submit_us=39084 skipped=0
frust_shell_common::perf: frust-perf raw n=294 total_us=41974 rebuild_us=95 layout_us=1597 paint_us=294 encode_us=143 acquire_us=95 submit_us=39747 skipped=0
frust_shell_android::app::frame: frust-perf platform-view tail depth=0 target=0 acquire_bound=false frame=1080 expected_present_us=0 acquire_us=119 period_us=11127
frust_shell_common::perf: frust-perf raw n=295 total_us=42190 rebuild_us=86 layout_us=1604 paint_us=271 encode_us=166 acquire_us=112 submit_us=39949 skipped=0
frust_shell_common::perf: frust-perf raw n=296 total_us=41661 rebuild_us=88 layout_us=1696 paint_us=265 encode_us=163 acquire_us=106 submit_us=39340 skipped=0
frust_shell_common::perf: frust-perf raw n=297 total_us=42072 rebuild_us=89 layout_us=1722 paint_us=273 encode_us=155 acquire_us=94 submit_us=39736 skipped=0
frust_shell_common::perf: frust-perf raw n=298 total_us=41258 rebuild_us=89 layout_us=1597 paint_us=267 encode_us=163 acquire_us=117 submit_us=39023 skipped=0
frust_shell_common::perf: frust-perf raw n=299 total_us=42088 rebuild_us=81 layout_us=1597 paint_us=258 encode_us=160 acquire_us=120 submit_us=39871 skipped=0
frust_shell_common::perf: frust-perf raw n=300 total_us=41412 rebuild_us=94 layout_us=1603 paint_us=326 encode_us=169 acquire_us=125 submit_us=39093 skipped=0
frust_shell_common::perf: frust-perf raw n=301 total_us=41914 rebuild_us=84 layout_us=1675 paint_us=271 encode_us=223 acquire_us=119 submit_us=39540 skipped=0
frust_shell_common::perf: frust-perf raw n=302 total_us=41916 rebuild_us=95 layout_us=1687 paint_us=270 encode_us=227 acquire_us=126 submit_us=39508 skipped=0
frust_shell_common::perf: frust-perf raw n=303 total_us=41387 rebuild_us=85 layout_us=1579 paint_us=269 encode_us=231 acquire_us=123 submit_us=39098 skipped=0
frust_shell_common::perf: frust-perf raw n=304 total_us=41984 rebuild_us=87 layout_us=1387 paint_us=237 encode_us=151 acquire_us=104 submit_us=40015 skipped=0
frust_shell_common::perf: frust-perf raw n=305 total_us=41601 rebuild_us=91 layout_us=1649 paint_us=267 encode_us=161 acquire_us=202 submit_us=39228 skipped=0
frust_shell_common::perf: frust-perf raw n=306 total_us=42145 rebuild_us=154 layout_us=1607 paint_us=283 encode_us=141 acquire_us=118 submit_us=39840 skipped=0
frust_shell_common::perf: frust-perf raw n=307 total_us=42269 rebuild_us=159 layout_us=1594 paint_us=268 encode_us=167 acquire_us=115 submit_us=39963 skipped=0
frust_shell_common::perf: frust-perf raw n=308 total_us=41045 rebuild_us=85 layout_us=1627 paint_us=279 encode_us=175 acquire_us=122 submit_us=38755 skipped=0
frust_shell_common::perf: frust-perf raw n=309 total_us=42460 rebuild_us=91 layout_us=1641 paint_us=351 encode_us=150 acquire_us=111 submit_us=40113 skipped=0
frust_shell_common::perf: frust-perf raw n=310 total_us=41387 rebuild_us=86 layout_us=1719 paint_us=276 encode_us=163 acquire_us=112 submit_us=39030 skipped=0
frust_shell_common::perf: frust-perf raw n=311 total_us=42675 rebuild_us=85 layout_us=1699 paint_us=277 encode_us=148 acquire_us=100 submit_us=40363 skipped=0
frust_shell_common::perf: frust-perf raw n=312 total_us=42180 rebuild_us=89 layout_us=1657 paint_us=277 encode_us=174 acquire_us=201 submit_us=39780 skipped=0
frust_shell_common::perf: frust-perf raw n=313 total_us=41065 rebuild_us=97 layout_us=1642 paint_us=353 encode_us=186 acquire_us=116 submit_us=38669 skipped=0
frust_shell_common::perf: frust-perf raw n=314 total_us=42442 rebuild_us=82 layout_us=1624 paint_us=349 encode_us=152 acquire_us=105 submit_us=40128 skipped=0
frust_shell_common::perf: frust-perf raw n=315 total_us=41639 rebuild_us=94 layout_us=1717 paint_us=276 encode_us=171 acquire_us=106 submit_us=39272 skipped=0
frust_shell_common::perf: frust-perf raw n=316 total_us=42052 rebuild_us=87 layout_us=1644 paint_us=273 encode_us=150 acquire_us=129 submit_us=39766 skipped=0
frust_shell_common::perf: frust-perf raw n=317 total_us=41625 rebuild_us=91 layout_us=1658 paint_us=268 encode_us=169 acquire_us=125 submit_us=39312 skipped=0
frust_shell_common::perf: frust-perf raw n=318 total_us=41764 rebuild_us=103 layout_us=1744 paint_us=293 encode_us=171 acquire_us=128 submit_us=39323 skipped=0
frust_shell_common::perf: frust-perf raw n=319 total_us=41850 rebuild_us=92 layout_us=1771 paint_us=278 encode_us=168 acquire_us=114 submit_us=39425 skipped=0
frust_shell_common::perf: frust-perf raw n=320 total_us=41957 rebuild_us=89 layout_us=1831 paint_us=286 encode_us=169 acquire_us=111 submit_us=39468 skipped=0
frust_shell_common::perf: frust-perf raw n=321 total_us=42296 rebuild_us=93 layout_us=1736 paint_us=273 encode_us=158 acquire_us=109 submit_us=39924 skipped=0
frust_shell_common::perf: frust-perf raw n=322 total_us=41253 rebuild_us=92 layout_us=1676 paint_us=278 encode_us=171 acquire_us=125 submit_us=38909 skipped=0
frust_shell_common::perf: frust-perf raw n=323 total_us=42746 rebuild_us=96 layout_us=1777 paint_us=298 encode_us=153 acquire_us=99 submit_us=40321 skipped=0
frust_shell_common::perf: frust-perf raw n=324 total_us=41588 rebuild_us=88 layout_us=1758 paint_us=278 encode_us=168 acquire_us=110 submit_us=39184 skipped=0
frust_shell_common::perf: frust-perf raw n=325 total_us=41484 rebuild_us=136 layout_us=1608 paint_us=272 encode_us=166 acquire_us=127 submit_us=39172 skipped=0
frust_shell_common::perf: frust-perf raw n=326 total_us=41974 rebuild_us=99 layout_us=1652 paint_us=290 encode_us=147 acquire_us=101 submit_us=39681 skipped=0
frust_shell_common::perf: frust-perf raw n=327 total_us=40993 rebuild_us=97 layout_us=1650 paint_us=330 encode_us=166 acquire_us=111 submit_us=38636 skipped=0
frust_shell_android::app::frame: frust-perf platform-view tail depth=0 target=0 acquire_bound=false frame=1200 expected_present_us=0 acquire_us=108 period_us=11130
frust_shell_common::perf: frust-perf raw n=328 total_us=43046 rebuild_us=86 layout_us=1619 paint_us=351 encode_us=160 acquire_us=102 submit_us=40725 skipped=0
frust_shell_common::perf: frust-perf raw n=329 total_us=42286 rebuild_us=104 layout_us=1845 paint_us=310 encode_us=167 acquire_us=112 submit_us=39746 skipped=0
frust_shell_common::perf: frust-perf frame n=120 total_p50_ms=42 total_p95_ms=43 total_p99_ms=43 rebuild_p95_ms=0 layout_p95_ms=2 paint_p95_ms=0 encode_p95_ms=0 acquire_p95_ms=0 submit_p95_ms=40 over_60hz=329 over_120hz=329 skipped=0 total_frames=329
frust_shell_common::perf: frust-perf raw n=330 total_us=41527 rebuild_us=89 layout_us=1607 paint_us=272 encode_us=163 acquire_us=111 submit_us=39283 skipped=0
frust_shell_common::perf: frust-perf raw n=331 total_us=41657 rebuild_us=92 layout_us=1634 paint_us=279 encode_us=177 acquire_us=125 submit_us=39348 skipped=0
frust_shell_common::perf: frust-perf raw n=332 total_us=41225 rebuild_us=95 layout_us=1687 paint_us=273 encode_us=165 acquire_us=109 submit_us=38895 skipped=0
frust_shell_common::perf: frust-perf raw n=333 total_us=42594 rebuild_us=82 layout_us=1731 paint_us=266 encode_us=150 acquire_us=102 submit_us=40262 skipped=0
frust_shell_common::perf: frust-perf raw n=334 total_us=41624 rebuild_us=91 layout_us=1711 paint_us=275 encode_us=168 acquire_us=114 submit_us=39262 skipped=0
frust_shell_common::perf: frust-perf raw n=335 total_us=43386 rebuild_us=89 layout_us=1608 paint_us=293 encode_us=147 acquire_us=117 submit_us=41130 skipped=0
frust_shell_common::perf: frust-perf raw n=336 total_us=41681 rebuild_us=91 layout_us=1621 paint_us=367 encode_us=184 acquire_us=119 submit_us=39295 skipped=0
frust_shell_common::perf: frust-perf raw n=337 total_us=41330 rebuild_us=96 layout_us=1709 paint_us=281 encode_us=166 acquire_us=112 submit_us=38965 skipped=0
frust_shell_common::perf: frust-perf raw n=338 total_us=42554 rebuild_us=88 layout_us=1714 paint_us=276 encode_us=165 acquire_us=113 submit_us=40196 skipped=0
frust_shell_common::perf: frust-perf raw n=339 total_us=41066 rebuild_us=106 layout_us=1650 paint_us=280 encode_us=166 acquire_us=112 submit_us=38749 skipped=0
frust_shell_common::perf: frust-perf raw n=340 total_us=42194 rebuild_us=84 layout_us=1611 paint_us=374 encode_us=147 acquire_us=97 submit_us=39878 skipped=0
frust_shell_common::perf: frust-perf raw n=341 total_us=42624 rebuild_us=88 layout_us=1709 paint_us=289 encode_us=174 acquire_us=117 submit_us=40243 skipped=0
frust_shell_common::perf: frust-perf raw n=342 total_us=41215 rebuild_us=91 layout_us=1702 paint_us=278 encode_us=171 acquire_us=121 submit_us=38848 skipped=0
frust_shell_common::perf: frust-perf raw n=343 total_us=42754 rebuild_us=86 layout_us=1710 paint_us=276 encode_us=161 acquire_us=109 submit_us=40410 skipped=0
frust_shell_common::perf: frust-perf raw n=344 total_us=41192 rebuild_us=101 layout_us=1478 paint_us=266 encode_us=163 acquire_us=115 submit_us=39066 skipped=0
frust_shell_common::perf: frust-perf raw n=345 total_us=42539 rebuild_us=85 layout_us=1756 paint_us=284 encode_us=150 acquire_us=108 submit_us=40154 skipped=0
frust_shell_common::perf: frust-perf raw n=346 total_us=42178 rebuild_us=88 layout_us=1752 paint_us=288 encode_us=175 acquire_us=110 submit_us=39761 skipped=0
frust_shell_common::perf: frust-perf raw n=347 total_us=41422 rebuild_us=91 layout_us=1682 paint_us=278 encode_us=169 acquire_us=156 submit_us=39043 skipped=0
frust_shell_common::perf: frust-perf raw n=348 total_us=42466 rebuild_us=86 layout_us=1698 paint_us=274 encode_us=162 acquire_us=120 submit_us=40125 skipped=0
frust_shell_common::perf: frust-perf raw n=349 total_us=41561 rebuild_us=103 layout_us=1653 paint_us=341 encode_us=165 acquire_us=109 submit_us=39187 skipped=0
frust_shell_common::perf: frust-perf raw n=350 total_us=42207 rebuild_us=89 layout_us=1733 paint_us=279 encode_us=147 acquire_us=114 submit_us=39842 skipped=0
frust_shell_common::perf: frust-perf raw n=351 total_us=42300 rebuild_us=94 layout_us=1765 paint_us=289 encode_us=176 acquire_us=126 submit_us=39848 skipped=0
frust_shell_common::perf: frust-perf raw n=352 total_us=41676 rebuild_us=89 layout_us=1628 paint_us=274 encode_us=166 acquire_us=123 submit_us=39393 skipped=0
frust_shell_common::perf: frust-perf raw n=353 total_us=42158 rebuild_us=92 layout_us=1634 paint_us=277 encode_us=160 acquire_us=105 submit_us=39886 skipped=0
frust_shell_common::perf: frust-perf raw n=354 total_us=41601 rebuild_us=108 layout_us=1649 paint_us=295 encode_us=167 acquire_us=124 submit_us=39256 skipped=0
frust_shell_common::perf: frust-perf raw n=355 total_us=42237 rebuild_us=83 layout_us=1724 paint_us=278 encode_us=148 acquire_us=117 submit_us=39885 skipped=0
frust_shell_common::perf: frust-perf raw n=356 total_us=41520 rebuild_us=101 layout_us=1814 paint_us=307 encode_us=172 acquire_us=111 submit_us=39013 skipped=0
frust_shell_common::perf: frust-perf raw n=357 total_us=42145 rebuild_us=88 layout_us=1628 paint_us=275 encode_us=165 acquire_us=112 submit_us=39875 skipped=0
frust_shell_common::perf: frust-perf raw n=358 total_us=42069 rebuild_us=100 layout_us=1639 paint_us=281 encode_us=176 acquire_us=131 submit_us=39739 skipped=0
frust_shell_common::perf: frust-perf raw n=359 total_us=41521 rebuild_us=90 layout_us=1714 paint_us=282 encode_us=167 acquire_us=110 submit_us=39155 skipped=0
frust_shell_common::perf: frust-perf raw n=360 total_us=42583 rebuild_us=90 layout_us=1716 paint_us=283 encode_us=160 acquire_us=101 submit_us=40231 skipped=0
frust_shell_common::perf: frust-perf raw n=361 total_us=42094 rebuild_us=92 layout_us=1803 paint_us=272 encode_us=165 acquire_us=110 submit_us=39649 skipped=0
frust_shell_android::app::frame: frust-perf platform-view tail depth=0 target=0 acquire_bound=false frame=1320 expected_present_us=0 acquire_us=114 period_us=11131
frust_shell_common::perf: frust-perf raw n=362 total_us=42234 rebuild_us=87 layout_us=1611 paint_us=278 encode_us=169 acquire_us=123 submit_us=39963 skipped=0
frust_shell_common::perf: frust-perf raw n=363 total_us=41904 rebuild_us=88 layout_us=1634 paint_us=283 encode_us=189 acquire_us=121 submit_us=39587 skipped=0
frust_shell_common::perf: frust-perf raw n=364 total_us=41673 rebuild_us=94 layout_us=1714 paint_us=280 encode_us=168 acquire_us=117 submit_us=39299 skipped=0
frust_shell_common::perf: frust-perf raw n=365 total_us=42335 rebuild_us=86 layout_us=1734 paint_us=282 encode_us=175 acquire_us=120 submit_us=39936 skipped=0
frust_shell_common::perf: frust-perf raw n=366 total_us=41788 rebuild_us=93 layout_us=1619 paint_us=281 encode_us=168 acquire_us=118 submit_us=39507 skipped=0
frust_shell_common::perf: frust-perf raw n=367 total_us=42128 rebuild_us=83 layout_us=1627 paint_us=356 encode_us=161 acquire_us=110 submit_us=39789 skipped=0
frust_shell_common::perf: frust-perf raw n=368 total_us=42117 rebuild_us=102 layout_us=1648 paint_us=373 encode_us=177 acquire_us=121 submit_us=39693 skipped=0
frust_shell_common::perf: frust-perf raw n=369 total_us=42360 rebuild_us=77 layout_us=2676 paint_us=256 encode_us=119 acquire_us=79 submit_us=39151 skipped=0
frust_shell_common::perf: frust-perf raw n=370 total_us=43703 rebuild_us=76 layout_us=2625 paint_us=250 encode_us=156 acquire_us=90 submit_us=40502 skipped=0
frust_shell_common::perf: frust-perf raw n=371 total_us=43778 rebuild_us=90 layout_us=3782 paint_us=355 encode_us=126 acquire_us=84 submit_us=39338 skipped=0
frust_shell_common::perf: frust-perf raw n=372 total_us=43421 rebuild_us=67 layout_us=2740 paint_us=263 encode_us=134 acquire_us=88 submit_us=40126 skipped=0
frust_shell_common::perf: frust-perf raw n=373 total_us=42910 rebuild_us=72 layout_us=2828 paint_us=270 encode_us=162 acquire_us=111 submit_us=39465 skipped=0
frust_shell_common::perf: frust-perf raw n=374 total_us=42789 rebuild_us=74 layout_us=2764 paint_us=262 encode_us=122 acquire_us=98 submit_us=39467 skipped=0
frust_shell_common::perf: frust-perf raw n=375 total_us=43518 rebuild_us=71 layout_us=2784 paint_us=262 encode_us=163 acquire_us=99 submit_us=40137 skipped=0
frust_shell_common::perf: frust-perf raw n=376 total_us=42327 rebuild_us=71 layout_us=2608 paint_us=245 encode_us=116 acquire_us=84 submit_us=39200 skipped=0
frust_shell_common::perf: frust-perf raw n=377 total_us=43706 rebuild_us=65 layout_us=2740 paint_us=257 encode_us=137 acquire_us=102 submit_us=40403 skipped=0
frust_shell_common::perf: frust-perf frame n=120 total_p50_ms=41 total_p95_ms=43 total_p99_ms=43 rebuild_p95_ms=0 layout_p95_ms=2 paint_p95_ms=0 encode_p95_ms=0 acquire_p95_ms=0 submit_p95_ms=40 over_60hz=377 over_120hz=377 skipped=0 total_frames=377
frust_shell_common::perf: frust-perf raw n=378 total_us=42963 rebuild_us=83 layout_us=2808 paint_us=265 encode_us=162 acquire_us=104 submit_us=39538 skipped=0
frust_shell_common::perf: frust-perf raw n=379 total_us=42547 rebuild_us=78 layout_us=2585 paint_us=243 encode_us=119 acquire_us=95 submit_us=39425 skipped=0
frust_shell_common::perf: frust-perf raw n=380 total_us=43612 rebuild_us=132 layout_us=2715 paint_us=266 encode_us=163 acquire_us=101 submit_us=40232 skipped=0
frust_shell_common::perf: frust-perf raw n=381 total_us=42305 rebuild_us=73 layout_us=2757 paint_us=265 encode_us=123 acquire_us=95 submit_us=38989 skipped=0
frust_shell_common::perf: frust-perf raw n=382 total_us=43584 rebuild_us=72 layout_us=2856 paint_us=270 encode_us=153 acquire_us=127 submit_us=40104 skipped=0
frust_shell_common::perf: frust-perf raw n=383 total_us=43660 rebuild_us=71 layout_us=2879 paint_us=276 encode_us=164 acquire_us=111 submit_us=40155 skipped=0
frust_shell_common::perf: frust-perf raw n=384 total_us=43131 rebuild_us=80 layout_us=2757 paint_us=351 encode_us=126 acquire_us=146 submit_us=39670 skipped=0
frust_shell_common::perf: frust-perf raw n=385 total_us=43654 rebuild_us=79 layout_us=2781 paint_us=292 encode_us=161 acquire_us=191 submit_us=40147 skipped=0
frust_shell_common::perf: frust-perf raw n=386 total_us=42686 rebuild_us=84 layout_us=2820 paint_us=278 encode_us=138 acquire_us=119 submit_us=39243 skipped=0
frust_shell_common::perf: frust-perf raw n=387 total_us=43273 rebuild_us=73 layout_us=2816 paint_us=274 encode_us=200 acquire_us=117 submit_us=39790 skipped=0
frust_shell_common::perf: frust-perf raw n=388 total_us=43529 rebuild_us=81 layout_us=2893 paint_us=275 encode_us=170 acquire_us=146 submit_us=39962 skipped=0
frust_shell_common::perf: frust-perf raw n=389 total_us=43587 rebuild_us=80 layout_us=2865 paint_us=298 encode_us=131 acquire_us=94 submit_us=40117 skipped=0
frust_shell_common::perf: frust-perf raw n=390 total_us=40419 rebuild_us=64 layout_us=723 paint_us=190 encode_us=134 acquire_us=105 submit_us=39201 skipped=0
frust_shell_common::perf: frust-perf raw n=391 total_us=41083 rebuild_us=74 layout_us=407 paint_us=241 encode_us=117 acquire_us=76 submit_us=40166 skipped=0
frust_shell_common::perf: frust-perf raw n=392 total_us=43100 rebuild_us=62 layout_us=2713 paint_us=262 encode_us=119 acquire_us=88 submit_us=39853 skipped=0
frust_shell_common::perf: frust-perf raw n=393 total_us=43326 rebuild_us=73 layout_us=2691 paint_us=268 encode_us=163 acquire_us=97 submit_us=40030 skipped=0
frust_shell_common::perf: frust-perf raw n=394 total_us=42817 rebuild_us=70 layout_us=2606 paint_us=242 encode_us=114 acquire_us=76 submit_us=39706 skipped=0
frust_shell_android::app::frame: frust-perf platform-view tail depth=0 target=0 acquire_bound=false frame=1440 expected_present_us=0 acquire_us=94 period_us=11130
frust_shell_common::perf: frust-perf raw n=395 total_us=43081 rebuild_us=69 layout_us=2739 paint_us=258 encode_us=141 acquire_us=96 submit_us=39776 skipped=0
frust_shell_common::perf: frust-perf raw n=396 total_us=43640 rebuild_us=76 layout_us=2760 paint_us=262 encode_us=125 acquire_us=77 submit_us=40337 skipped=0
frust_shell_common::perf: frust-perf raw n=397 total_us=42721 rebuild_us=68 layout_us=2652 paint_us=252 encode_us=117 acquire_us=78 submit_us=39551 skipped=0
frust_shell_common::perf: frust-perf raw n=398 total_us=43324 rebuild_us=76 layout_us=2707 paint_us=334 encode_us=140 acquire_us=87 submit_us=39978 skipped=0
frust_shell_common::perf: frust-perf raw n=399 total_us=42998 rebuild_us=70 layout_us=2750 paint_us=260 encode_us=117 acquire_us=76 submit_us=39723 skipped=0
frust_shell_common::perf: frust-perf raw n=400 total_us=43142 rebuild_us=66 layout_us=2755 paint_us=260 encode_us=142 acquire_us=85 submit_us=39832 skipped=0
frust_shell_common::perf: frust-perf raw n=401 total_us=43698 rebuild_us=75 layout_us=2767 paint_us=265 encode_us=119 acquire_us=79 submit_us=40391 skipped=0
frust_shell_common::perf: frust-perf raw n=402 total_us=42913 rebuild_us=80 layout_us=2762 paint_us=264 encode_us=118 acquire_us=77 submit_us=39610 skipped=0
frust_shell_common::perf: frust-perf raw n=403 total_us=43027 rebuild_us=77 layout_us=2674 paint_us=249 encode_us=146 acquire_us=81 submit_us=39798 skipped=0
frust_shell_common::perf: frust-perf raw n=404 total_us=42923 rebuild_us=72 layout_us=2769 paint_us=263 encode_us=118 acquire_us=94 submit_us=39604 skipped=0
frust_shell_common::perf: frust-perf raw n=405 total_us=43777 rebuild_us=72 layout_us=2755 paint_us=263 encode_us=149 acquire_us=94 submit_us=40442 skipped=0
frust_shell_common::perf: frust-perf raw n=406 total_us=43125 rebuild_us=81 layout_us=2603 paint_us=258 encode_us=150 acquire_us=113 submit_us=39917 skipped=0
frust_shell_common::perf: frust-perf raw n=407 total_us=42530 rebuild_us=87 layout_us=2655 paint_us=250 encode_us=115 acquire_us=85 submit_us=39333 skipped=0
frust_shell_common::perf: frust-perf raw n=408 total_us=43550 rebuild_us=71 layout_us=2756 paint_us=264 encode_us=157 acquire_us=93 submit_us=40206 skipped=0
frust_shell_common::perf: frust-perf raw n=409 total_us=43141 rebuild_us=75 layout_us=2765 paint_us=266 encode_us=118 acquire_us=88 submit_us=39826 skipped=0
frust_shell_common::perf: frust-perf raw n=410 total_us=43186 rebuild_us=65 layout_us=2661 paint_us=266 encode_us=133 acquire_us=89 submit_us=39971 skipped=0
frust_shell_common::perf: frust-perf raw n=411 total_us=43534 rebuild_us=64 layout_us=2710 paint_us=261 encode_us=120 acquire_us=81 submit_us=40295 skipped=0
frust_shell_common::perf: frust-perf raw n=412 total_us=43046 rebuild_us=72 layout_us=2779 paint_us=267 encode_us=116 acquire_us=78 submit_us=39732 skipped=0
frust_shell_common::perf: frust-perf raw n=413 total_us=43596 rebuild_us=75 layout_us=2763 paint_us=262 encode_us=141 acquire_us=81 submit_us=40272 skipped=0
frust_shell_common::perf: frust-perf raw n=414 total_us=43307 rebuild_us=74 layout_us=2771 paint_us=263 encode_us=124 acquire_us=78 submit_us=39994 skipped=0
frust_shell_common::perf: frust-perf raw n=415 total_us=42486 rebuild_us=68 layout_us=2691 paint_us=256 encode_us=118 acquire_us=79 submit_us=39272 skipped=0
frust_shell_common::perf: frust-perf raw n=416 total_us=43735 rebuild_us=68 layout_us=2770 paint_us=266 encode_us=145 acquire_us=93 submit_us=40392 skipped=0
frust_shell_common::perf: frust-perf raw n=417 total_us=42953 rebuild_us=88 layout_us=2751 paint_us=276 encode_us=116 acquire_us=75 submit_us=39644 skipped=0
frust_shell_common::perf: frust-perf raw n=418 total_us=42774 rebuild_us=68 layout_us=2551 paint_us=237 encode_us=136 acquire_us=85 submit_us=39694 skipped=0
frust_shell_common::perf: frust-perf raw n=419 total_us=43180 rebuild_us=67 layout_us=2710 paint_us=265 encode_us=118 acquire_us=78 submit_us=39939 skipped=0
frust_shell_common::perf: frust-perf raw n=420 total_us=42986 rebuild_us=70 layout_us=2733 paint_us=277 encode_us=118 acquire_us=81 submit_us=39704 skipped=0
frust_shell_common::perf: frust-perf raw n=421 total_us=44454 rebuild_us=87 layout_us=3173 paint_us=241 encode_us=150 acquire_us=83 submit_us=40718 skipped=0
frust_shell_common::perf: frust-perf raw n=422 total_us=42384 rebuild_us=72 layout_us=2730 paint_us=262 encode_us=119 acquire_us=78 submit_us=39120 skipped=0
frust_shell_common::perf: frust-perf raw n=423 total_us=43403 rebuild_us=71 layout_us=2707 paint_us=256 encode_us=154 acquire_us=135 submit_us=40078 skipped=0
frust_shell_common::perf: frust-perf raw n=424 total_us=42521 rebuild_us=64 layout_us=2544 paint_us=245 encode_us=120 acquire_us=86 submit_us=39459 skipped=0
frust_shell_common::perf: frust-perf frame n=120 total_p50_ms=42 total_p95_ms=43 total_p99_ms=43 rebuild_p95_ms=0 layout_p95_ms=2 paint_p95_ms=0 encode_p95_ms=0 acquire_p95_ms=0 submit_p95_ms=40 over_60hz=424 over_120hz=424 skipped=0 total_frames=424
frust_shell_common::perf: frust-perf raw n=425 total_us=42203 rebuild_us=73 layout_us=2563 paint_us=242 encode_us=121 acquire_us=93 submit_us=39108 skipped=0
frust_shell_common::perf: frust-perf raw n=426 total_us=43050 rebuild_us=83 layout_us=2803 paint_us=269 encode_us=139 acquire_us=84 submit_us=39670 skipped=0
frust_shell_common::perf: frust-perf raw n=427 total_us=42793 rebuild_us=70 layout_us=2712 paint_us=256 encode_us=117 acquire_us=74 submit_us=39561 skipped=0
frust_shell_android::app::frame: frust-perf platform-view tail depth=0 target=0 acquire_bound=false frame=1560 expected_present_us=0 acquire_us=85 period_us=11142
frust_shell_common::perf: frust-perf raw n=428 total_us=43242 rebuild_us=67 layout_us=2680 paint_us=252 encode_us=157 acquire_us=85 submit_us=39998 skipped=0
frust_shell_common::perf: frust-perf raw n=429 total_us=42345 rebuild_us=75 layout_us=2782 paint_us=278 encode_us=157 acquire_us=97 submit_us=38953 skipped=0
frust_shell_common::perf: frust-perf raw n=430 total_us=43080 rebuild_us=62 layout_us=2693 paint_us=255 encode_us=131 acquire_us=82 submit_us=39854 skipped=0
frust_shell_common::perf: frust-perf raw n=431 total_us=42687 rebuild_us=71 layout_us=2792 paint_us=264 encode_us=119 acquire_us=80 submit_us=39359 skipped=0
frust_shell_common::perf: frust-perf raw n=432 total_us=42616 rebuild_us=71 layout_us=2666 paint_us=264 encode_us=119 acquire_us=76 submit_us=39417 skipped=0
frust_shell_common::perf: frust-perf raw n=433 total_us=42954 rebuild_us=98 layout_us=2678 paint_us=256 encode_us=163 acquire_us=88 submit_us=39668 skipped=0
frust_shell_common::perf: frust-perf raw n=434 total_us=42377 rebuild_us=71 layout_us=2743 paint_us=260 encode_us=117 acquire_us=77 submit_us=39108 skipped=0
frust_shell_common::perf: frust-perf raw n=435 total_us=43513 rebuild_us=81 layout_us=3045 paint_us=234 encode_us=137 acquire_us=102 submit_us=39911 skipped=0
frust_shell_common::perf: frust-perf raw n=436 total_us=42513 rebuild_us=79 layout_us=2822 paint_us=269 encode_us=117 acquire_us=79 submit_us=39145 skipped=0
frust_shell_common::perf: frust-perf raw n=437 total_us=43885 rebuild_us=63 layout_us=2643 paint_us=291 encode_us=137 acquire_us=84 submit_us=40664 skipped=0
frust_shell_common::perf: frust-perf raw n=438 total_us=43089 rebuild_us=80 layout_us=2696 paint_us=275 encode_us=167 acquire_us=96 submit_us=39772 skipped=0
frust_shell_common::perf: frust-perf raw n=439 total_us=42431 rebuild_us=65 layout_us=2570 paint_us=240 encode_us=117 acquire_us=75 submit_us=39362 skipped=0
frust_shell_common::perf: frust-perf raw n=440 total_us=43396 rebuild_us=74 layout_us=2709 paint_us=259 encode_us=151 acquire_us=83 submit_us=40118 skipped=0
frust_shell_common::perf: frust-perf raw n=441 total_us=43331 rebuild_us=77 layout_us=2753 paint_us=266 encode_us=116 acquire_us=75 submit_us=40042 skipped=0
frust_shell_common::perf: frust-perf raw n=442 total_us=42815 rebuild_us=68 layout_us=2668 paint_us=259 encode_us=115 acquire_us=80 submit_us=39621 skipped=0
frust_shell_common::perf: frust-perf raw n=443 total_us=43723 rebuild_us=68 layout_us=2762 paint_us=259 encode_us=150 acquire_us=87 submit_us=40395 skipped=0
frust_shell_common::perf: frust-perf raw n=444 total_us=42487 rebuild_us=73 layout_us=2715 paint_us=262 encode_us=118 acquire_us=77 submit_us=39240 skipped=0
frust_shell_common::perf: frust-perf raw n=445 total_us=43180 rebuild_us=70 layout_us=2582 paint_us=239 encode_us=134 acquire_us=84 submit_us=40067 skipped=0
frust_shell_common::perf: frust-perf raw n=446 total_us=43265 rebuild_us=91 layout_us=2705 paint_us=268 encode_us=118 acquire_us=76 submit_us=40004 skipped=0
frust_shell_common::perf: frust-perf raw n=447 total_us=43095 rebuild_us=66 layout_us=2690 paint_us=254 encode_us=117 acquire_us=79 submit_us=39886 skipped=0
frust_shell_common::perf: frust-perf raw n=448 total_us=43467 rebuild_us=75 layout_us=2635 paint_us=244 encode_us=137 acquire_us=82 submit_us=40292 skipped=0
frust_shell_common::perf: frust-perf raw n=449 total_us=42662 rebuild_us=77 layout_us=2767 paint_us=257 encode_us=119 acquire_us=77 submit_us=39362 skipped=0
frust_shell_common::perf: frust-perf raw n=450 total_us=43782 rebuild_us=68 layout_us=2660 paint_us=257 encode_us=190 acquire_us=108 submit_us=40495 skipped=0
frust_shell_common::perf: frust-perf raw n=451 total_us=42883 rebuild_us=75 layout_us=2546 paint_us=287 encode_us=119 acquire_us=77 submit_us=39776 skipped=0
frust_shell_common::perf: frust-perf raw n=452 total_us=42467 rebuild_us=70 layout_us=2734 paint_us=261 encode_us=118 acquire_us=78 submit_us=39203 skipped=0
frust_shell_common::perf: frust-perf raw n=453 total_us=44150 rebuild_us=67 layout_us=2778 paint_us=260 encode_us=156 acquire_us=83 submit_us=40804 skipped=0
frust_shell_common::perf: frust-perf raw n=454 total_us=42441 rebuild_us=80 layout_us=2627 paint_us=244 encode_us=151 acquire_us=98 submit_us=39239 skipped=0
frust_shell_common::perf: frust-perf raw n=455 total_us=43018 rebuild_us=61 layout_us=2689 paint_us=267 encode_us=130 acquire_us=86 submit_us=39783 skipped=0
frust_shell_common::perf: frust-perf raw n=456 total_us=43592 rebuild_us=74 layout_us=2769 paint_us=271 encode_us=120 acquire_us=77 submit_us=40278 skipped=0
frust_shell_common::perf: frust-perf raw n=457 total_us=42030 rebuild_us=69 layout_us=2607 paint_us=243 encode_us=117 acquire_us=81 submit_us=38912 skipped=0
frust_shell_common::perf: frust-perf raw n=458 total_us=43525 rebuild_us=76 layout_us=2806 paint_us=269 encode_us=147 acquire_us=97 submit_us=40128 skipped=0
frust_shell_common::perf: frust-perf raw n=459 total_us=43936 rebuild_us=92 layout_us=3828 paint_us=359 encode_us=120 acquire_us=91 submit_us=39444 skipped=0
frust_shell_common::perf: frust-perf raw n=460 total_us=43313 rebuild_us=70 layout_us=2806 paint_us=263 encode_us=135 acquire_us=96 submit_us=39941 skipped=0
frust_shell_common::perf: frust-perf raw n=461 total_us=43060 rebuild_us=74 layout_us=2741 paint_us=264 encode_us=123 acquire_us=78 submit_us=39778 skipped=0
frust_shell_android::app::frame: frust-perf platform-view tail depth=0 target=0 acquire_bound=false frame=1680 expected_present_us=0 acquire_us=82 period_us=11145
frust_shell_common::perf: frust-perf raw n=462 total_us=42424 rebuild_us=67 layout_us=2704 paint_us=257 encode_us=115 acquire_us=76 submit_us=39203 skipped=0
frust_shell_common::perf: frust-perf raw n=463 total_us=43846 rebuild_us=69 layout_us=2771 paint_us=261 encode_us=152 acquire_us=92 submit_us=40498 skipped=0
frust_shell_common::perf: frust-perf raw n=464 total_us=42331 rebuild_us=77 layout_us=2737 paint_us=266 encode_us=117 acquire_us=84 submit_us=39047 skipped=0
frust_shell_common::perf: frust-perf raw n=465 total_us=42596 rebuild_us=70 layout_us=2493 paint_us=230 encode_us=138 acquire_us=83 submit_us=39579 skipped=0
frust_shell_common::perf: frust-perf raw n=466 total_us=43555 rebuild_us=72 layout_us=2727 paint_us=260 encode_us=123 acquire_us=84 submit_us=40286 skipped=0
frust_shell_common::perf: frust-perf raw n=467 total_us=42319 rebuild_us=71 layout_us=2707 paint_us=257 encode_us=122 acquire_us=90 submit_us=39069 skipped=0
frust_shell_common::perf: frust-perf raw n=468 total_us=43695 rebuild_us=81 layout_us=2739 paint_us=263 encode_us=133 acquire_us=84 submit_us=40393 skipped=0
frust_shell_common::perf: frust-perf raw n=469 total_us=42519 rebuild_us=83 layout_us=2644 paint_us=252 encode_us=117 acquire_us=79 submit_us=39342 skipped=0
frust_shell_common::perf: frust-perf raw n=470 total_us=42939 rebuild_us=63 layout_us=2728 paint_us=255 encode_us=140 acquire_us=94 submit_us=39656 skipped=0
frust_shell_common::perf: frust-perf raw n=471 total_us=43604 rebuild_us=77 layout_us=2741 paint_us=267 encode_us=123 acquire_us=102 submit_us=40291 skipped=0
frust_shell_common::perf: frust-perf frame n=120 total_p50_ms=42 total_p95_ms=43 total_p99_ms=44 rebuild_p95_ms=0 layout_p95_ms=2 paint_p95_ms=0 encode_p95_ms=0 acquire_p95_ms=0 submit_p95_ms=40 over_60hz=471 over_120hz=471 skipped=0 total_frames=471
frust_shell_common::perf: frust-perf raw n=472 total_us=42186 rebuild_us=66 layout_us=2636 paint_us=254 encode_us=117 acquire_us=80 submit_us=39030 skipped=0
frust_shell_common::perf: frust-perf raw n=473 total_us=42727 rebuild_us=73 layout_us=2694 paint_us=263 encode_us=125 acquire_us=84 submit_us=39486 skipped=0
frust_shell_common::perf: frust-perf raw n=474 total_us=42573 rebuild_us=66 layout_us=2729 paint_us=257 encode_us=118 acquire_us=79 submit_us=39321 skipped=0
frust_shell_common::perf: frust-perf raw n=475 total_us=43371 rebuild_us=73 layout_us=2804 paint_us=267 encode_us=160 acquire_us=86 submit_us=39979 skipped=0
frust_shell_common::perf: frust-perf raw n=476 total_us=42879 rebuild_us=72 layout_us=2729 paint_us=260 encode_us=155 acquire_us=93 submit_us=39567 skipped=0
frust_shell_common::perf: frust-perf raw n=477 total_us=43014 rebuild_us=79 layout_us=2696 paint_us=339 encode_us=129 acquire_us=82 submit_us=39687 skipped=0
frust_shell_common::perf: frust-perf raw n=478 total_us=43049 rebuild_us=76 layout_us=2764 paint_us=260 encode_us=155 acquire_us=119 submit_us=39672 skipped=0
frust_shell_common::perf: frust-perf raw n=479 total_us=42483 rebuild_us=75 layout_us=2732 paint_us=260 encode_us=129 acquire_us=79 submit_us=39206 skipped=0
frust_shell_common::perf: frust-perf raw n=480 total_us=43284 rebuild_us=72 layout_us=2634 paint_us=239 encode_us=192 acquire_us=93 submit_us=40052 skipped=0
frust_shell_common::perf: frust-perf raw n=481 total_us=42730 rebuild_us=72 layout_us=2723 paint_us=263 encode_us=117 acquire_us=90 submit_us=39463 skipped=0
frust_shell_common::perf: frust-perf raw n=482 total_us=43413 rebuild_us=62 layout_us=2537 paint_us=237 encode_us=152 acquire_us=81 submit_us=40342 skipped=0
frust_shell_common::perf: frust-perf raw n=483 total_us=43785 rebuild_us=80 layout_us=2722 paint_us=259 encode_us=119 acquire_us=76 submit_us=40526 skipped=0
frust_shell_common::perf: frust-perf raw n=484 total_us=42625 rebuild_us=70 layout_us=2717 paint_us=261 encode_us=158 acquire_us=95 submit_us=39321 skipped=0
frust_shell_common::perf: frust-perf raw n=485 total_us=43641 rebuild_us=82 layout_us=2801 paint_us=270 encode_us=158 acquire_us=82 submit_us=40244 skipped=0
frust_shell_common::perf: frust-perf raw n=486 total_us=42780 rebuild_us=66 layout_us=2501 paint_us=230 encode_us=115 acquire_us=78 submit_us=39787 skipped=0
frust_shell_common::perf: frust-perf raw n=487 total_us=43543 rebuild_us=77 layout_us=2803 paint_us=272 encode_us=140 acquire_us=86 submit_us=40162 skipped=0
frust_shell_common::perf: frust-perf raw n=488 total_us=43119 rebuild_us=71 layout_us=2727 paint_us=265 encode_us=124 acquire_us=89 submit_us=39841 skipped=0
frust_shell_common::perf: frust-perf raw n=489 total_us=42726 rebuild_us=72 layout_us=2594 paint_us=236 encode_us=115 acquire_us=89 submit_us=39617 skipped=0
frust_shell_common::perf: frust-perf raw n=490 total_us=43829 rebuild_us=79 layout_us=2775 paint_us=264 encode_us=155 acquire_us=81 submit_us=40471 skipped=0
frust_shell_common::perf: frust-perf raw n=491 total_us=43223 rebuild_us=74 layout_us=2680 paint_us=299 encode_us=120 acquire_us=78 submit_us=39970 skipped=0
