frust_shell_common::perf: frust-perf raw n=4382 total_us=7817 rebuild_us=489 layout_us=0 paint_us=367 encode_us=5307 acquire_us=87 submit_us=1563 skipped=0
frust_shell_android::app::frame: frust-perf platform-view tail depth=0 target=0 acquire_bound=false frame=101909 expected_present_us=0 acquire_us=87 period_us=11226
frust-perf activity-create
frust_shell_common::perf: bench-scenario-start s1
frust_render::context: frust-perf surface-caps formats=[Rgba8UnormSrgb,Rgba8Unorm,Rgba16Float,Rgb10a2Unorm] usages=TextureUsages(COPY_SRC | COPY_DST | TEXTURE_BINDING | STORAGE_BINDING | RENDER_ATTACHMENT | STORAGE_ATOMIC) direct_to_surface=YES (Rgba8Unorm+STORAGE_BINDING)
frust_render::context: frust-perf render-path direct (Rgba8Unorm+STORAGE_BINDING)
frust_shell_common::perf: bench-scenario-end s1
frust_shell_common::perf: bench-scenario-start s2
frust_shell_common::perf: frust-perf startup init_entry=0ms font_preinit_started=0ms font_preinit_joined=0ms preinit_started=1ms preinit_joined=1ms cache_loaded=1ms pipeline_cache_restored=1ms adapter_ready=49ms device_ready=49ms renderer_ready=49ms first_rebuild_done=64ms first_encode_done=64ms first_frame_presented=86ms
frust_shell_common::perf: frust-perf raw n=1 total_us=22864 rebuild_us=50 layout_us=608 paint_us=111 encode_us=135 acquire_us=28 submit_us=21929 skipped=0
frust_shell_common::perf: frust-perf raw n=2 total_us=132036 rebuild_us=165 layout_us=3185 paint_us=436 encode_us=143 acquire_us=33 submit_us=128072 skipped=0
frust_shell_common::perf: frust-perf raw n=3 total_us=77262 rebuild_us=79 layout_us=1002 paint_us=177 encode_us=128 acquire_us=51 submit_us=75822 skipped=0
frust_shell_common::perf: frust-perf raw n=4 total_us=102487 rebuild_us=107 layout_us=1573 paint_us=305 encode_us=117 acquire_us=42 submit_us=100343 skipped=0
frust_shell_common::perf: frust-perf raw n=5 total_us=93021 rebuild_us=100 layout_us=1676 paint_us=270 encode_us=127 acquire_us=59 submit_us=90785 skipped=0
frust_shell_common::perf: frust-perf raw n=6 total_us=44180 rebuild_us=114 layout_us=945 paint_us=242 encode_us=239 acquire_us=145 submit_us=42493 skipped=0
frust_shell_common::perf: frust-perf raw n=7 total_us=43395 rebuild_us=76 layout_us=1014 paint_us=199 encode_us=310 acquire_us=118 submit_us=41676 skipped=0
frust_shell_common::perf: frust-perf raw n=8 total_us=41835 rebuild_us=100 layout_us=936 paint_us=181 encode_us=88 acquire_us=43 submit_us=40483 skipped=0
frust_shell_common::perf: frust-perf raw n=9 total_us=39511 rebuild_us=78 layout_us=834 paint_us=176 encode_us=89 acquire_us=61 submit_us=38270 skipped=0
frust_shell_common::perf: frust-perf raw n=10 total_us=40424 rebuild_us=51 layout_us=704 paint_us=130 encode_us=88 acquire_us=67 submit_us=39381 skipped=0
frust_shell_common::perf: frust-perf raw n=11 total_us=39891 rebuild_us=60 layout_us=1015 paint_us=172 encode_us=106 acquire_us=86 submit_us=38449 skipped=0
frust_shell_common::perf: frust-perf raw n=12 total_us=39470 rebuild_us=63 layout_us=801 paint_us=145 encode_us=87 acquire_us=64 submit_us=38308 skipped=0
frust_shell_common::perf: frust-perf raw n=13 total_us=40539 rebuild_us=150 layout_us=1228 paint_us=252 encode_us=100 acquire_us=67 submit_us=38740 skipped=0
frust_shell_common::perf: frust-perf raw n=14 total_us=39836 rebuild_us=144 layout_us=1201 paint_us=203 encode_us=89 acquire_us=62 submit_us=38135 skipped=0
frust_shell_common::perf: frust-perf raw n=15 total_us=41221 rebuild_us=141 layout_us=1088 paint_us=151 encode_us=104 acquire_us=75 submit_us=39660 skipped=0
frust_shell_common::perf: frust-perf raw n=16 total_us=40608 rebuild_us=150 layout_us=1215 paint_us=188 encode_us=89 acquire_us=66 submit_us=38897 skipped=0
frust_shell_common::perf: frust-perf raw n=17 total_us=40769 rebuild_us=80 layout_us=843 paint_us=159 encode_us=83 acquire_us=74 submit_us=39527 skipped=0
frust_shell_common::perf: frust-perf raw n=18 total_us=39773 rebuild_us=53 layout_us=795 paint_us=149 encode_us=92 acquire_us=70 submit_us=38612 skipped=0
frust_shell_common::perf: frust-perf raw n=19 total_us=40067 rebuild_us=49 layout_us=780 paint_us=141 encode_us=88 acquire_us=64 submit_us=38942 skipped=0
frust_shell_common::perf: frust-perf raw n=20 total_us=39883 rebuild_us=50 layout_us=779 paint_us=143 encode_us=284 acquire_us=158 submit_us=38466 skipped=0
frust_shell_common::perf: frust-perf raw n=21 total_us=40084 rebuild_us=140 layout_us=1113 paint_us=172 encode_us=90 acquire_us=70 submit_us=38497 skipped=0
frust_shell_common::perf: frust-perf raw n=22 total_us=40387 rebuild_us=141 layout_us=1032 paint_us=164 encode_us=107 acquire_us=72 submit_us=38868 skipped=0
frust_shell_common::perf: frust-perf raw n=23 total_us=40154 rebuild_us=48 layout_us=759 paint_us=140 encode_us=288 acquire_us=160 submit_us=38755 skipped=0
frust_shell_common::perf: frust-perf raw n=24 total_us=39196 rebuild_us=54 layout_us=772 paint_us=148 encode_us=289 acquire_us=156 submit_us=37773 skipped=0
frust_shell_common::perf: frust-perf raw n=25 total_us=40705 rebuild_us=139 layout_us=1225 paint_us=174 encode_us=103 acquire_us=69 submit_us=38992 skipped=0
frust_shell_common::perf: frust-perf raw n=26 total_us=39677 rebuild_us=63 layout_us=881 paint_us=148 encode_us=289 acquire_us=161 submit_us=38133 skipped=0
frust_shell_android::app::frame: frust-perf platform-view tail depth=0 target=0 acquire_bound=false frame=120 expected_present_us=0 acquire_us=127 period_us=11139
frust_shell_common::perf: frust-perf raw n=27 total_us=39722 rebuild_us=57 layout_us=789 paint_us=149 encode_us=292 acquire_us=160 submit_us=38274 skipped=0
frust_shell_common::perf: frust-perf raw n=28 total_us=40401 rebuild_us=68 layout_us=1073 paint_us=186 encode_us=102 acquire_us=72 submit_us=38899 skipped=0
frust_shell_common::perf: frust-perf raw n=29 total_us=40261 rebuild_us=65 layout_us=964 paint_us=169 encode_us=103 acquire_us=70 submit_us=38887 skipped=0
frust_shell_common::perf: frust-perf raw n=30 total_us=40479 rebuild_us=58 layout_us=980 paint_us=178 encode_us=107 acquire_us=79 submit_us=39075 skipped=0
frust_shell_common::perf: frust-perf raw n=31 total_us=40569 rebuild_us=91 layout_us=1156 paint_us=194 encode_us=107 acquire_us=80 submit_us=38936 skipped=0
frust_shell_common::perf: frust-perf raw n=32 total_us=39833 rebuild_us=62 layout_us=839 paint_us=142 encode_us=347 acquire_us=170 submit_us=38272 skipped=0
frust_shell_common::perf: frust-perf raw n=33 total_us=39480 rebuild_us=51 layout_us=778 paint_us=145 encode_us=284 acquire_us=156 submit_us=38064 skipped=0
frust_shell_common::perf: frust-perf raw n=34 total_us=40421 rebuild_us=159 layout_us=1187 paint_us=166 encode_us=102 acquire_us=70 submit_us=38734 skipped=0
frust_shell_common::perf: frust-perf raw n=35 total_us=40316 rebuild_us=140 layout_us=1243 paint_us=173 encode_us=106 acquire_us=69 submit_us=38583 skipped=0
frust_shell_common::perf: frust-perf raw n=36 total_us=40863 rebuild_us=144 layout_us=1242 paint_us=181 encode_us=104 acquire_us=68 submit_us=39121 skipped=0
frust_shell_common::perf: frust-perf raw n=37 total_us=40312 rebuild_us=146 layout_us=1160 paint_us=178 encode_us=105 acquire_us=71 submit_us=38650 skipped=0
frust_shell_common::perf: frust-perf raw n=38 total_us=40536 rebuild_us=143 layout_us=1154 paint_us=172 encode_us=128 acquire_us=72 submit_us=38864 skipped=0
frust_shell_common::perf: frust-perf raw n=39 total_us=39785 rebuild_us=51 layout_us=795 paint_us=151 encode_us=290 acquire_us=176 submit_us=38320 skipped=0
frust_shell_common::perf: frust-perf raw n=40 total_us=40435 rebuild_us=142 layout_us=1221 paint_us=176 encode_us=103 acquire_us=69 submit_us=38721 skipped=0
frust_shell_common::perf: frust-perf raw n=41 total_us=40461 rebuild_us=60 layout_us=1044 paint_us=175 encode_us=105 acquire_us=71 submit_us=39003 skipped=0
frust_shell_common::perf: frust-perf raw n=42 total_us=39644 rebuild_us=62 layout_us=889 paint_us=156 encode_us=289 acquire_us=214 submit_us=38032 skipped=0
frust_shell_common::perf: frust-perf raw n=43 total_us=40682 rebuild_us=81 layout_us=1531 paint_us=258 encode_us=152 acquire_us=91 submit_us=38565 skipped=0
frust_shell_common::perf: frust-perf raw n=44 total_us=41000 rebuild_us=83 layout_us=1542 paint_us=264 encode_us=154 acquire_us=93 submit_us=38862 skipped=0
frust_shell_common::perf: frust-perf frame n=44 total_p50_ms=40 total_p95_ms=93 total_p99_ms=132 rebuild_p95_ms=0 layout_p95_ms=1 paint_p95_ms=0 encode_p95_ms=0 acquire_p95_ms=0 submit_p95_ms=90 over_60hz=44 over_120hz=44 skipped=0 total_frames=44
frust_shell_common::perf: frust-perf raw n=45 total_us=40765 rebuild_us=80 layout_us=1627 paint_us=267 encode_us=155 acquire_us=110 submit_us=38523 skipped=0
frust_shell_common::perf: frust-perf raw n=46 total_us=40810 rebuild_us=84 layout_us=1641 paint_us=254 encode_us=159 acquire_us=120 submit_us=38550 skipped=0
frust_shell_common::perf: frust-perf raw n=47 total_us=40601 rebuild_us=160 layout_us=1570 paint_us=271 encode_us=155 acquire_us=95 submit_us=38348 skipped=0
frust_shell_common::perf: frust-perf raw n=48 total_us=40986 rebuild_us=84 layout_us=1600 paint_us=264 encode_us=154 acquire_us=103 submit_us=38779 skipped=0
frust_shell_common::perf: frust-perf raw n=49 total_us=41198 rebuild_us=82 layout_us=1535 paint_us=256 encode_us=153 acquire_us=93 submit_us=39076 skipped=0
frust_shell_common::perf: frust-perf raw n=50 total_us=40617 rebuild_us=87 layout_us=1561 paint_us=261 encode_us=160 acquire_us=110 submit_us=38435 skipped=0
frust_shell_common::perf: frust-perf raw n=51 total_us=41303 rebuild_us=88 layout_us=1586 paint_us=263 encode_us=155 acquire_us=102 submit_us=39107 skipped=0
frust_shell_common::perf: frust-perf raw n=52 total_us=40669 rebuild_us=80 layout_us=1584 paint_us=251 encode_us=155 acquire_us=103 submit_us=38494 skipped=0
frust_shell_common::perf: frust-perf raw n=53 total_us=40356 rebuild_us=82 layout_us=1545 paint_us=254 encode_us=152 acquire_us=102 submit_us=38217 skipped=0
frust_shell_common::perf: frust-perf raw n=54 total_us=40889 rebuild_us=82 layout_us=1534 paint_us=263 encode_us=151 acquire_us=90 submit_us=38766 skipped=0
frust_shell_common::perf: frust-perf raw n=55 total_us=40691 rebuild_us=85 layout_us=1645 paint_us=275 encode_us=155 acquire_us=94 submit_us=38434 skipped=0
frust_shell_common::perf: frust-perf raw n=56 total_us=40963 rebuild_us=90 layout_us=1565 paint_us=268 encode_us=151 acquire_us=91 submit_us=38796 skipped=0
frust_shell_common::perf: frust-perf raw n=57 total_us=40817 rebuild_us=92 layout_us=1599 paint_us=273 encode_us=152 acquire_us=86 submit_us=38612 skipped=0
frust_shell_common::perf: frust-perf raw n=58 total_us=40728 rebuild_us=80 layout_us=1667 paint_us=254 encode_us=149 acquire_us=95 submit_us=38480 skipped=0
frust_shell_common::perf: frust-perf raw n=59 total_us=41276 rebuild_us=75 layout_us=1537 paint_us=262 encode_us=152 acquire_us=101 submit_us=39147 skipped=0
frust_shell_common::perf: frust-perf raw n=60 total_us=40856 rebuild_us=97 layout_us=1575 paint_us=281 encode_us=158 acquire_us=93 submit_us=38649 skipped=0
frust_shell_common::perf: frust-perf raw n=61 total_us=40687 rebuild_us=84 layout_us=1596 paint_us=260 encode_us=154 acquire_us=91 submit_us=38499 skipped=0
frust_shell_android::app::frame: frust-perf platform-view tail depth=0 target=0 acquire_bound=false frame=240 expected_present_us=0 acquire_us=93 period_us=11132
frust_shell_common::perf: frust-perf raw n=62 total_us=41356 rebuild_us=83 layout_us=1605 paint_us=255 encode_us=156 acquire_us=96 submit_us=39158 skipped=0
frust_shell_common::perf: frust-perf raw n=63 total_us=40636 rebuild_us=97 layout_us=1360 paint_us=236 encode_us=151 acquire_us=93 submit_us=38696 skipped=0
frust_shell_common::perf: frust-perf raw n=64 total_us=40910 rebuild_us=81 layout_us=1552 paint_us=257 encode_us=158 acquire_us=90 submit_us=38769 skipped=0
frust_shell_common::perf: frust-perf raw n=65 total_us=40719 rebuild_us=97 layout_us=1594 paint_us=348 encode_us=185 acquire_us=94 submit_us=38398 skipped=0
frust_shell_common::perf: frust-perf raw n=66 total_us=40395 rebuild_us=80 layout_us=1549 paint_us=256 encode_us=156 acquire_us=92 submit_us=38259 skipped=0
frust_shell_common::perf: frust-perf raw n=67 total_us=40877 rebuild_us=85 layout_us=1598 paint_us=258 encode_us=151 acquire_us=104 submit_us=38680 skipped=0
frust_shell_common::perf: frust-perf raw n=68 total_us=41005 rebuild_us=87 layout_us=1686 paint_us=264 encode_us=153 acquire_us=104 submit_us=38708 skipped=0
frust_shell_common::perf: frust-perf raw n=69 total_us=40610 rebuild_us=85 layout_us=1357 paint_us=229 encode_us=147 acquire_us=105 submit_us=38684 skipped=0
frust_shell_common::perf: frust-perf raw n=70 total_us=41001 rebuild_us=79 layout_us=1551 paint_us=255 encode_us=149 acquire_us=104 submit_us=38861 skipped=0
frust_shell_common::perf: frust-perf raw n=71 total_us=40854 rebuild_us=88 layout_us=1612 paint_us=262 encode_us=153 acquire_us=92 submit_us=38645 skipped=0
frust_shell_common::perf: frust-perf raw n=72 total_us=41354 rebuild_us=85 layout_us=1622 paint_us=257 encode_us=152 acquire_us=93 submit_us=39142 skipped=0
frust_shell_common::perf: frust-perf raw n=73 total_us=40650 rebuild_us=80 layout_us=1624 paint_us=256 encode_us=153 acquire_us=90 submit_us=38443 skipped=0
frust_shell_common::perf: frust-perf raw n=74 total_us=41304 rebuild_us=92 layout_us=1603 paint_us=270 encode_us=133 acquire_us=82 submit_us=39122 skipped=0
frust_shell_common::perf: frust-perf raw n=75 total_us=40875 rebuild_us=81 layout_us=1542 paint_us=251 encode_us=147 acquire_us=94 submit_us=38758 skipped=0
frust_shell_common::perf: frust-perf raw n=76 total_us=41323 rebuild_us=84 layout_us=1555 paint_us=254 encode_us=151 acquire_us=88 submit_us=39188 skipped=0
frust_shell_common::perf: frust-perf raw n=77 total_us=40429 rebuild_us=76 layout_us=1590 paint_us=263 encode_us=154 acquire_us=90 submit_us=38253 skipped=0
frust_shell_common::perf: frust-perf raw n=78 total_us=41943 rebuild_us=81 layout_us=1645 paint_us=266 encode_us=156 acquire_us=79 submit_us=39715 skipped=0
frust_shell_common::perf: frust-perf raw n=79 total_us=40021 rebuild_us=85 layout_us=1559 paint_us=255 encode_us=153 acquire_us=91 submit_us=37876 skipped=0
frust_shell_common::perf: frust-perf raw n=80 total_us=41428 rebuild_us=82 layout_us=1554 paint_us=259 encode_us=152 acquire_us=94 submit_us=39284 skipped=0
frust_shell_common::perf: frust-perf raw n=81 total_us=40834 rebuild_us=81 layout_us=1541 paint_us=290 encode_us=151 acquire_us=91 submit_us=38678 skipped=0
frust_shell_common::perf: frust-perf raw n=82 total_us=40909 rebuild_us=85 layout_us=1534 paint_us=271 encode_us=138 acquire_us=91 submit_us=38788 skipped=0
frust_shell_common::perf: frust-perf raw n=83 total_us=40569 rebuild_us=89 layout_us=1667 paint_us=271 encode_us=155 acquire_us=94 submit_us=38290 skipped=0
frust_shell_common::perf: frust-perf raw n=84 total_us=41479 rebuild_us=92 layout_us=1624 paint_us=282 encode_us=156 acquire_us=81 submit_us=39242 skipped=0
frust_shell_common::perf: frust-perf raw n=85 total_us=40277 rebuild_us=85 layout_us=1550 paint_us=255 encode_us=154 acquire_us=94 submit_us=38139 skipped=0
frust_shell_common::perf: frust-perf raw n=86 total_us=41151 rebuild_us=86 layout_us=1543 paint_us=260 encode_us=141 acquire_us=83 submit_us=39035 skipped=0
frust_shell_common::perf: frust-perf raw n=87 total_us=40467 rebuild_us=77 layout_us=1604 paint_us=260 encode_us=150 acquire_us=103 submit_us=38270 skipped=0
frust_shell_common::perf: frust-perf raw n=88 total_us=41613 rebuild_us=84 layout_us=1681 paint_us=261 encode_us=142 acquire_us=86 submit_us=39356 skipped=0
frust_shell_common::perf: frust-perf raw n=89 total_us=40595 rebuild_us=98 layout_us=1639 paint_us=269 encode_us=153 acquire_us=94 submit_us=38340 skipped=0
frust_shell_common::perf: frust-perf raw n=90 total_us=41831 rebuild_us=78 layout_us=1535 paint_us=263 encode_us=140 acquire_us=104 submit_us=39709 skipped=0
frust_shell_common::perf: frust-perf raw n=91 total_us=41278 rebuild_us=80 layout_us=1549 paint_us=259 encode_us=154 acquire_us=92 submit_us=39141 skipped=0
frust_shell_common::perf: frust-perf raw n=92 total_us=40475 rebuild_us=82 layout_us=1416 paint_us=233 encode_us=148 acquire_us=94 submit_us=38500 skipped=0
frust_shell_common::perf: frust-perf raw n=93 total_us=41262 rebuild_us=85 layout_us=1657 paint_us=255 encode_us=146 acquire_us=102 submit_us=39014 skipped=0
frust_shell_common::perf: frust-perf frame n=93 total_p50_ms=40 total_p95_ms=44 total_p99_ms=132 rebuild_p95_ms=0 layout_p95_ms=1 paint_p95_ms=0 encode_p95_ms=0 acquire_p95_ms=0 submit_p95_ms=42 over_60hz=93 over_120hz=93 skipped=0 total_frames=93
frust_shell_common::perf: frust-perf raw n=94 total_us=40691 rebuild_us=80 layout_us=1525 paint_us=253 encode_us=152 acquire_us=97 submit_us=38582 skipped=0
frust_shell_common::perf: frust-perf raw n=95 total_us=40723 rebuild_us=81 layout_us=1569 paint_us=269 encode_us=159 acquire_us=93 submit_us=38549 skipped=0
frust_shell_android::app::frame: frust-perf platform-view tail depth=0 target=0 acquire_bound=false frame=360 expected_present_us=0 acquire_us=93 period_us=11131
frust_shell_common::perf: frust-perf raw n=96 total_us=40639 rebuild_us=80 layout_us=1541 paint_us=300 encode_us=154 acquire_us=94 submit_us=38468 skipped=0
frust_shell_common::perf: frust-perf raw n=97 total_us=42973 rebuild_us=93 layout_us=3723 paint_us=346 encode_us=154 acquire_us=92 submit_us=38562 skipped=0
frust_shell_common::perf: frust-perf raw n=98 total_us=42195 rebuild_us=70 layout_us=2721 paint_us=261 encode_us=135 acquire_us=95 submit_us=38910 skipped=0
frust_shell_common::perf: frust-perf raw n=99 total_us=43422 rebuild_us=86 layout_us=3716 paint_us=347 encode_us=121 acquire_us=92 submit_us=39058 skipped=0
frust_shell_common::perf: frust-perf raw n=100 total_us=42147 rebuild_us=63 layout_us=2621 paint_us=39 encode_us=88 acquire_us=73 submit_us=39259 skipped=0
frust_shell_common::perf: frust-perf raw n=101 total_us=36407 rebuild_us=62 layout_us=2710 paint_us=40 encode_us=95 acquire_us=90 submit_us=33407 skipped=0
frust_shell_common::perf: frust-perf raw n=102 total_us=36411 rebuild_us=81 layout_us=2751 paint_us=42 encode_us=93 acquire_us=77 submit_us=33365 skipped=0
frust_shell_common::perf: frust-perf raw n=103 total_us=36456 rebuild_us=87 layout_us=2684 paint_us=45 encode_us=96 acquire_us=89 submit_us=33452 skipped=0
frust_shell_common::perf: frust-perf raw n=104 total_us=36683 rebuild_us=76 layout_us=2699 paint_us=265 encode_us=121 acquire_us=85 submit_us=33436 skipped=0
frust_shell_common::perf: frust-perf raw n=105 total_us=42291 rebuild_us=81 layout_us=2709 paint_us=43 encode_us=106 acquire_us=99 submit_us=39251 skipped=0
frust_shell_common::perf: frust-perf raw n=106 total_us=36900 rebuild_us=88 layout_us=3803 paint_us=49 encode_us=94 acquire_us=103 submit_us=32761 skipped=0
frust_shell_common::perf: frust-perf raw n=107 total_us=37525 rebuild_us=69 layout_us=2687 paint_us=256 encode_us=116 acquire_us=83 submit_us=34312 skipped=0
frust_shell_common::perf: frust-perf raw n=108 total_us=41048 rebuild_us=71 layout_us=2674 paint_us=254 encode_us=119 acquire_us=76 submit_us=37852 skipped=0
frust_shell_common::perf: frust-perf raw n=109 total_us=42723 rebuild_us=73 layout_us=2726 paint_us=267 encode_us=159 acquire_us=98 submit_us=39398 skipped=0
frust_shell_common::perf: frust-perf raw n=110 total_us=41810 rebuild_us=67 layout_us=3066 paint_us=293 encode_us=162 acquire_us=115 submit_us=38105 skipped=0
frust_shell_common::perf: frust-perf raw n=111 total_us=43885 rebuild_us=70 layout_us=2797 paint_us=269 encode_us=162 acquire_us=112 submit_us=40472 skipped=0
frust_shell_common::perf: frust-perf raw n=112 total_us=42042 rebuild_us=74 layout_us=2769 paint_us=277 encode_us=162 acquire_us=93 submit_us=38664 skipped=0
frust_shell_common::perf: frust-perf raw n=113 total_us=42512 rebuild_us=61 layout_us=2698 paint_us=252 encode_us=144 acquire_us=109 submit_us=39246 skipped=0
frust_shell_common::perf: frust-perf raw n=114 total_us=43249 rebuild_us=80 layout_us=2776 paint_us=269 encode_us=127 acquire_us=89 submit_us=39905 skipped=0
frust_shell_common::perf: frust-perf raw n=115 total_us=41907 rebuild_us=68 layout_us=2567 paint_us=244 encode_us=122 acquire_us=91 submit_us=38812 skipped=0
frust_shell_common::perf: frust-perf raw n=116 total_us=42711 rebuild_us=68 layout_us=2804 paint_us=259 encode_us=122 acquire_us=89 submit_us=39367 skipped=0
frust_shell_common::perf: frust-perf raw n=117 total_us=41849 rebuild_us=69 layout_us=2723 paint_us=256 encode_us=122 acquire_us=89 submit_us=38586 skipped=0
frust_shell_common::perf: frust-perf raw n=118 total_us=42157 rebuild_us=63 layout_us=2709 paint_us=255 encode_us=129 acquire_us=110 submit_us=38889 skipped=0
frust_shell_common::perf: frust-perf raw n=119 total_us=41929 rebuild_us=69 layout_us=2540 paint_us=270 encode_us=119 acquire_us=100 submit_us=38826 skipped=0
frust_shell_common::perf: frust-perf raw n=120 total_us=40642 rebuild_us=69 layout_us=879 paint_us=195 encode_us=148 acquire_us=110 submit_us=39239 skipped=0
frust_shell_common::perf: frust-perf raw n=121 total_us=43103 rebuild_us=85 layout_us=3782 paint_us=341 encode_us=148 acquire_us=108 submit_us=38637 skipped=0
frust_shell_common::perf: frust-perf raw n=122 total_us=42464 rebuild_us=64 layout_us=2569 paint_us=236 encode_us=209 acquire_us=95 submit_us=39288 skipped=0
frust_shell_common::perf: frust-perf raw n=123 total_us=43470 rebuild_us=74 layout_us=3792 paint_us=366 encode_us=116 acquire_us=89 submit_us=39031 skipped=0
frust_shell_common::perf: frust-perf raw n=124 total_us=43147 rebuild_us=66 layout_us=2745 paint_us=257 encode_us=142 acquire_us=85 submit_us=39850 skipped=0
frust_shell_common::perf: frust-perf raw n=125 total_us=41520 rebuild_us=72 layout_us=2675 paint_us=298 encode_us=116 acquire_us=75 submit_us=38281 skipped=0
frust_shell_common::perf: frust-perf raw n=126 total_us=42528 rebuild_us=65 layout_us=2704 paint_us=257 encode_us=144 acquire_us=94 submit_us=39262 skipped=0
frust_shell_common::perf: frust-perf raw n=127 total_us=42072 rebuild_us=71 layout_us=2774 paint_us=261 encode_us=121 acquire_us=88 submit_us=38755 skipped=0
frust_shell_common::perf: frust-perf raw n=128 total_us=42345 rebuild_us=65 layout_us=2675 paint_us=259 encode_us=130 acquire_us=92 submit_us=39120 skipped=0
frust_shell_common::perf: frust-perf raw n=129 total_us=41852 rebuild_us=70 layout_us=2711 paint_us=261 encode_us=116 acquire_us=85 submit_us=38606 skipped=0
frust_shell_common::perf: frust-perf raw n=130 total_us=42877 rebuild_us=71 layout_us=2732 paint_us=274 encode_us=142 acquire_us=87 submit_us=39568 skipped=0
frust_shell_android::app::frame: frust-perf platform-view tail depth=0 target=0 acquire_bound=false frame=480 expected_present_us=0 acquire_us=92 period_us=11139
frust_shell_common::perf: frust-perf raw n=131 total_us=41935 rebuild_us=74 layout_us=2703 paint_us=266 encode_us=154 acquire_us=107 submit_us=38629 skipped=0
frust_shell_common::perf: frust-perf raw n=132 total_us=42708 rebuild_us=67 layout_us=2744 paint_us=265 encode_us=117 acquire_us=87 submit_us=39425 skipped=0
frust_shell_common::perf: frust-perf raw n=133 total_us=42009 rebuild_us=74 layout_us=2593 paint_us=246 encode_us=118 acquire_us=85 submit_us=38891 skipped=0
frust_shell_common::perf: frust-perf raw n=134 total_us=41976 rebuild_us=68 layout_us=2633 paint_us=256 encode_us=117 acquire_us=87 submit_us=38812 skipped=0
frust_shell_common::perf: frust-perf raw n=135 total_us=43115 rebuild_us=76 layout_us=2638 paint_us=296 encode_us=149 acquire_us=80 submit_us=39874 skipped=0
frust_shell_common::perf: frust-perf raw n=136 total_us=41719 rebuild_us=75 layout_us=2749 paint_us=264 encode_us=115 acquire_us=77 submit_us=38436 skipped=0
frust_shell_common::perf: frust-perf raw n=137 total_us=43091 rebuild_us=62 layout_us=2713 paint_us=251 encode_us=158 acquire_us=85 submit_us=39819 skipped=0
frust_shell_common::perf: frust-perf raw n=138 total_us=41691 rebuild_us=61 layout_us=2692 paint_us=249 encode_us=124 acquire_us=79 submit_us=38483 skipped=0
frust_shell_common::perf: frust-perf raw n=139 total_us=43118 rebuild_us=58 layout_us=2686 paint_us=252 encode_us=149 acquire_us=93 submit_us=39878 skipped=0
frust_shell_common::perf: frust-perf raw n=140 total_us=41946 rebuild_us=70 layout_us=2663 paint_us=312 encode_us=122 acquire_us=76 submit_us=38700 skipped=0
frust_shell_common::perf: frust-perf raw n=141 total_us=42597 rebuild_us=60 layout_us=2663 paint_us=251 encode_us=139 acquire_us=85 submit_us=39397 skipped=0
frust_shell_common::perf: frust-perf raw n=142 total_us=42956 rebuild_us=67 layout_us=2701 paint_us=256 encode_us=116 acquire_us=74 submit_us=39740 skipped=0
frust_shell_common::perf: frust-perf frame n=120 total_p50_ms=40 total_p95_ms=43 total_p99_ms=43 rebuild_p95_ms=0 layout_p95_ms=2 paint_p95_ms=0 encode_p95_ms=0 acquire_p95_ms=0 submit_p95_ms=39 over_60hz=142 over_120hz=142 skipped=0 total_frames=142
frust_shell_common::perf: frust-perf raw n=143 total_us=42338 rebuild_us=62 layout_us=2735 paint_us=260 encode_us=120 acquire_us=79 submit_us=39080 skipped=0
frust_shell_common::perf: frust-perf raw n=144 total_us=42157 rebuild_us=69 layout_us=2694 paint_us=260 encode_us=123 acquire_us=81 submit_us=38928 skipped=0
frust_shell_common::perf: frust-perf raw n=145 total_us=41974 rebuild_us=65 layout_us=2597 paint_us=237 encode_us=142 acquire_us=78 submit_us=38853 skipped=0
frust_shell_common::perf: frust-perf raw n=146 total_us=43109 rebuild_us=72 layout_us=2709 paint_us=265 encode_us=155 acquire_us=101 submit_us=39805 skipped=0
frust_shell_common::perf: frust-perf raw n=147 total_us=42102 rebuild_us=69 layout_us=2715 paint_us=260 encode_us=154 acquire_us=94 submit_us=38808 skipped=0
frust_shell_common::perf: frust-perf raw n=148 total_us=43196 rebuild_us=88 layout_us=2878 paint_us=269 encode_us=153 acquire_us=91 submit_us=39713 skipped=0
frust_shell_common::perf: frust-perf raw n=149 total_us=41251 rebuild_us=67 layout_us=2658 paint_us=261 encode_us=119 acquire_us=78 submit_us=38066 skipped=0
frust_shell_common::perf: frust-perf raw n=150 total_us=43036 rebuild_us=70 layout_us=2655 paint_us=251 encode_us=151 acquire_us=92 submit_us=39814 skipped=0
frust_shell_common::perf: frust-perf raw n=151 total_us=41949 rebuild_us=83 layout_us=2775 paint_us=269 encode_us=121 acquire_us=79 submit_us=38621 skipped=0
frust_shell_common::perf: frust-perf raw n=152 total_us=42657 rebuild_us=60 layout_us=2650 paint_us=257 encode_us=137 acquire_us=95 submit_us=39456 skipped=0
frust_shell_common::perf: frust-perf raw n=153 total_us=41936 rebuild_us=86 layout_us=2797 paint_us=259 encode_us=115 acquire_us=78 submit_us=38598 skipped=0
frust_shell_common::perf: frust-perf raw n=154 total_us=42574 rebuild_us=61 layout_us=2668 paint_us=262 encode_us=140 acquire_us=95 submit_us=39346 skipped=0
frust_shell_common::perf: frust-perf raw n=155 total_us=40804 rebuild_us=73 layout_us=2523 paint_us=257 encode_us=115 acquire_us=81 submit_us=37752 skipped=0
frust_shell_common::perf: frust-perf raw n=156 total_us=41772 rebuild_us=75 layout_us=2585 paint_us=251 encode_us=123 acquire_us=89 submit_us=38648 skipped=0
frust_shell_common::perf: frust-perf raw n=157 total_us=42952 rebuild_us=75 layout_us=2714 paint_us=259 encode_us=132 acquire_us=87 submit_us=39683 skipped=0
frust_shell_common::perf: frust-perf raw n=158 total_us=42102 rebuild_us=104 layout_us=2623 paint_us=255 encode_us=120 acquire_us=82 submit_us=38917 skipped=0
frust_shell_common::perf: frust-perf raw n=159 total_us=41341 rebuild_us=65 layout_us=2709 paint_us=258 encode_us=117 acquire_us=74 submit_us=38116 skipped=0
frust_shell_common::perf: frust-perf raw n=160 total_us=42613 rebuild_us=71 layout_us=2720 paint_us=262 encode_us=138 acquire_us=82 submit_us=39338 skipped=0
frust_shell_common::perf: frust-perf raw n=161 total_us=41901 rebuild_us=87 layout_us=2646 paint_us=255 encode_us=148 acquire_us=96 submit_us=38666 skipped=0
frust_shell_common::perf: frust-perf raw n=162 total_us=42006 rebuild_us=65 layout_us=2702 paint_us=262 encode_us=118 acquire_us=87 submit_us=38770 skipped=0
frust_shell_common::perf: frust-perf raw n=163 total_us=42425 rebuild_us=73 layout_us=2778 paint_us=269 encode_us=119 acquire_us=78 submit_us=39105 skipped=0
frust_shell_common::perf: frust-perf raw n=164 total_us=41653 rebuild_us=63 layout_us=2508 paint_us=238 encode_us=110 acquire_us=77 submit_us=38654 skipped=0
frust_shell_android::app::frame: frust-perf platform-view tail depth=0 target=0 acquire_bound=false frame=600 expected_present_us=0 acquire_us=80 period_us=11127
frust_shell_common::perf: frust-perf raw n=165 total_us=41806 rebuild_us=62 layout_us=2602 paint_us=314 encode_us=120 acquire_us=83 submit_us=38624 skipped=0
frust_shell_common::perf: frust-perf raw n=166 total_us=42411 rebuild_us=96 layout_us=3258 paint_us=274 encode_us=118 acquire_us=75 submit_us=38588 skipped=0
frust_shell_common::perf: frust-perf raw n=167 total_us=42697 rebuild_us=72 layout_us=2739 paint_us=263 encode_us=121 acquire_us=78 submit_us=39422 skipped=0
frust_shell_common::perf: frust-perf raw n=168 total_us=42314 rebuild_us=71 layout_us=2740 paint_us=257 encode_us=115 acquire_us=89 submit_us=39040 skipped=0
frust_shell_common::perf: frust-perf raw n=169 total_us=42975 rebuild_us=77 layout_us=2673 paint_us=255 encode_us=156 acquire_us=103 submit_us=39708 skipped=0
frust_shell_common::perf: frust-perf raw n=170 total_us=42021 rebuild_us=72 layout_us=2830 paint_us=270 encode_us=161 acquire_us=99 submit_us=38586 skipped=0
frust_shell_common::perf: frust-perf raw n=171 total_us=42621 rebuild_us=71 layout_us=2699 paint_us=257 encode_us=157 acquire_us=97 submit_us=39338 skipped=0
frust_shell_common::perf: frust-perf raw n=172 total_us=41678 rebuild_us=83 layout_us=2625 paint_us=257 encode_us=162 acquire_us=72 submit_us=38477 skipped=0
frust_shell_common::perf: frust-perf raw n=173 total_us=43289 rebuild_us=78 layout_us=3102 paint_us=260 encode_us=153 acquire_us=97 submit_us=39597 skipped=0
frust_shell_common::perf: frust-perf raw n=174 total_us=41691 rebuild_us=77 layout_us=2758 paint_us=333 encode_us=122 acquire_us=88 submit_us=38310 skipped=0
frust_shell_common::perf: frust-perf raw n=175 total_us=42479 rebuild_us=65 layout_us=2699 paint_us=260 encode_us=152 acquire_us=116 submit_us=39185 skipped=0
frust_shell_common::perf: frust-perf raw n=176 total_us=41742 rebuild_us=75 layout_us=2770 paint_us=277 encode_us=125 acquire_us=100 submit_us=38393 skipped=0
frust_shell_common::perf: frust-perf raw n=177 total_us=42702 rebuild_us=78 layout_us=2631 paint_us=243 encode_us=152 acquire_us=108 submit_us=39487 skipped=0
frust_shell_common::perf: frust-perf raw n=178 total_us=42817 rebuild_us=74 layout_us=2819 paint_us=274 encode_us=158 acquire_us=97 submit_us=39392 skipped=0
frust_shell_common::perf: frust-perf raw n=179 total_us=42645 rebuild_us=81 layout_us=2734 paint_us=320 encode_us=125 acquire_us=84 submit_us=39298 skipped=0
frust_shell_common::perf: frust-perf raw n=180 total_us=41957 rebuild_us=80 layout_us=2790 paint_us=285 encode_us=128 acquire_us=86 submit_us=38584 skipped=0
frust_shell_common::perf: frust-perf raw n=181 total_us=42076 rebuild_us=72 layout_us=2621 paint_us=248 encode_us=119 acquire_us=85 submit_us=38928 skipped=0
frust_shell_common::perf: frust-perf raw n=182 total_us=42800 rebuild_us=72 layout_us=2759 paint_us=266 encode_us=143 acquire_us=94 submit_us=39463 skipped=0
frust_shell_common::perf: frust-perf raw n=183 total_us=41898 rebuild_us=71 layout_us=2870 paint_us=259 encode_us=117 acquire_us=84 submit_us=38494 skipped=0
frust_shell_common::perf: frust-perf raw n=184 total_us=42782 rebuild_us=71 layout_us=2718 paint_us=260 encode_us=155 acquire_us=96 submit_us=39479 skipped=0
frust_shell_common::perf: frust-perf raw n=185 total_us=42048 rebuild_us=63 layout_us=2760 paint_us=253 encode_us=125 acquire_us=91 submit_us=38755 skipped=0
frust_shell_common::perf: frust-perf raw n=186 total_us=42459 rebuild_us=64 layout_us=2729 paint_us=257 encode_us=148 acquire_us=96 submit_us=39162 skipped=0
frust_shell_common::perf: frust-perf raw n=187 total_us=42280 rebuild_us=59 layout_us=2731 paint_us=252 encode_us=122 acquire_us=85 submit_us=39027 skipped=0
frust_shell_common::perf: frust-perf raw n=188 total_us=42767 rebuild_us=76 layout_us=2829 paint_us=267 encode_us=147 acquire_us=99 submit_us=39346 skipped=0
frust_shell_common::perf: frust-perf raw n=189 total_us=41620 rebuild_us=91 layout_us=2531 paint_us=234 encode_us=120 acquire_us=88 submit_us=38554 skipped=0
frust_shell_common::perf: frust-perf raw n=190 total_us=42674 rebuild_us=96 layout_us=2674 paint_us=253 encode_us=152 acquire_us=118 submit_us=39378 skipped=0
frust_shell_common::perf: frust-perf frame n=120 total_p50_ms=41 total_p95_ms=43 total_p99_ms=43 rebuild_p95_ms=0 layout_p95_ms=3 paint_p95_ms=0 encode_p95_ms=0 acquire_p95_ms=0 submit_p95_ms=39 over_60hz=190 over_120hz=190 skipped=0 total_frames=190
frust_shell_common::perf: frust-perf raw n=191 total_us=41638 rebuild_us=62 layout_us=2728 paint_us=252 encode_us=119 acquire_us=88 submit_us=38387 skipped=0
frust_shell_common::perf: frust-perf raw n=192 total_us=42838 rebuild_us=62 layout_us=2578 paint_us=234 encode_us=128 acquire_us=89 submit_us=39745 skipped=0
frust_shell_common::perf: frust-perf raw n=193 total_us=42550 rebuild_us=76 layout_us=2832 paint_us=269 encode_us=159 acquire_us=102 submit_us=39110 skipped=0
frust_shell_common::perf: frust-perf raw n=194 total_us=42030 rebuild_us=61 layout_us=2703 paint_us=259 encode_us=125 acquire_us=90 submit_us=38790 skipped=0
frust_shell_common::perf: frust-perf raw n=195 total_us=42047 rebuild_us=63 layout_us=2672 paint_us=326 encode_us=123 acquire_us=88 submit_us=38773 skipped=0
frust_shell_common::perf: frust-perf raw n=196 total_us=42120 rebuild_us=73 layout_us=2738 paint_us=261 encode_us=120 acquire_us=98 submit_us=38826 skipped=0
frust_shell_common::perf: frust-perf raw n=197 total_us=42449 rebuild_us=66 layout_us=2599 paint_us=236 encode_us=124 acquire_us=97 submit_us=39325 skipped=0
frust_shell_android::app::frame: frust-perf platform-view tail depth=0 target=0 acquire_bound=false frame=720 expected_present_us=0 acquire_us=91 period_us=11139
frust_shell_common::perf: frust-perf raw n=198 total_us=41706 rebuild_us=78 layout_us=2841 paint_us=277 encode_us=129 acquire_us=88 submit_us=38290 skipped=0
frust_shell_common::perf: frust-perf raw n=199 total_us=42560 rebuild_us=68 layout_us=2652 paint_us=237 encode_us=140 acquire_us=112 submit_us=39349 skipped=0
frust_shell_common::perf: frust-perf raw n=200 total_us=41515 rebuild_us=68 layout_us=2645 paint_us=241 encode_us=120 acquire_us=93 submit_us=38345 skipped=0
frust_shell_common::perf: frust-perf raw n=201 total_us=42929 rebuild_us=77 layout_us=2730 paint_us=262 encode_us=165 acquire_us=94 submit_us=39599 skipped=0
frust_shell_common::perf: frust-perf raw n=202 total_us=41562 rebuild_us=79 layout_us=2841 paint_us=273 encode_us=127 acquire_us=90 submit_us=38150 skipped=0
frust_shell_common::perf: frust-perf raw n=203 total_us=42502 rebuild_us=71 layout_us=2823 paint_us=263 encode_us=147 acquire_us=105 submit_us=39090 skipped=0
frust_shell_common::perf: frust-perf raw n=204 total_us=41786 rebuild_us=80 layout_us=2715 paint_us=301 encode_us=129 acquire_us=100 submit_us=38460 skipped=0
frust_shell_common::perf: frust-perf raw n=205 total_us=42491 rebuild_us=81 layout_us=2709 paint_us=335 encode_us=154 acquire_us=96 submit_us=39114 skipped=0
frust_shell_common::perf: frust-perf raw n=206 total_us=41888 rebuild_us=67 layout_us=2759 paint_us=262 encode_us=123 acquire_us=95 submit_us=38581 skipped=0
frust_shell_common::perf: frust-perf raw n=207 total_us=42639 rebuild_us=84 layout_us=2803 paint_us=267 encode_us=153 acquire_us=95 submit_us=39235 skipped=0
frust_shell_common::perf: frust-perf raw n=208 total_us=41503 rebuild_us=82 layout_us=2688 paint_us=252 encode_us=119 acquire_us=97 submit_us=38262 skipped=0
frust_shell_common::perf: frust-perf raw n=209 total_us=42974 rebuild_us=71 layout_us=2755 paint_us=265 encode_us=166 acquire_us=129 submit_us=39584 skipped=0
frust_shell_common::perf: frust-perf raw n=210 total_us=41884 rebuild_us=92 layout_us=2779 paint_us=281 encode_us=119 acquire_us=76 submit_us=38535 skipped=0
frust_shell_common::perf: frust-perf raw n=211 total_us=42851 rebuild_us=92 layout_us=2792 paint_us=270 encode_us=154 acquire_us=96 submit_us=39445 skipped=0
frust_shell_common::perf: frust-perf raw n=212 total_us=42512 rebuild_us=95 layout_us=2878 paint_us=278 encode_us=119 acquire_us=78 submit_us=39063 skipped=0
frust_shell_common::perf: frust-perf raw n=213 total_us=42571 rebuild_us=70 layout_us=2811 paint_us=269 encode_us=136 acquire_us=105 submit_us=39176 skipped=0
frust_shell_common::perf: frust-perf raw n=214 total_us=42520 rebuild_us=116 layout_us=2764 paint_us=274 encode_us=127 acquire_us=87 submit_us=39150 skipped=0
frust_shell_common::perf: frust-perf raw n=215 total_us=43022 rebuild_us=81 layout_us=2830 paint_us=275 encode_us=120 acquire_us=88 submit_us=39625 skipped=0
frust_shell_common::perf: frust-perf raw n=216 total_us=42697 rebuild_us=80 layout_us=2647 paint_us=244 encode_us=144 acquire_us=103 submit_us=39475 skipped=0
frust_shell_common::perf: frust-perf raw n=217 total_us=41888 rebuild_us=79 layout_us=2715 paint_us=249 encode_us=127 acquire_us=88 submit_us=38627 skipped=0
frust_shell_common::perf: frust-perf raw n=218 total_us=42607 rebuild_us=73 layout_us=2806 paint_us=258 encode_us=151 acquire_us=94 submit_us=39222 skipped=0
frust_shell_common::perf: frust-perf raw n=219 total_us=42063 rebuild_us=73 layout_us=2575 paint_us=250 encode_us=120 acquire_us=89 submit_us=38953 skipped=0
frust_shell_common::perf: frust-perf raw n=220 total_us=42660 rebuild_us=79 layout_us=2809 paint_us=283 encode_us=196 acquire_us=119 submit_us=39170 skipped=0
frust_shell_common::perf: frust-perf raw n=221 total_us=41958 rebuild_us=68 layout_us=2749 paint_us=263 encode_us=121 acquire_us=101 submit_us=38654 skipped=0
frust_shell_common::perf: frust-perf raw n=222 total_us=43165 rebuild_us=71 layout_us=2781 paint_us=262 encode_us=167 acquire_us=100 submit_us=39781 skipped=0
frust_shell_common::perf: frust-perf raw n=223 total_us=42197 rebuild_us=82 layout_us=2839 paint_us=275 encode_us=160 acquire_us=106 submit_us=38733 skipped=0
frust_shell_common::perf: frust-perf raw n=224 total_us=43101 rebuild_us=70 layout_us=2807 paint_us=297 encode_us=147 acquire_us=115 submit_us=39663 skipped=0
frust_shell_common::perf: frust-perf raw n=225 total_us=42310 rebuild_us=76 layout_us=2872 paint_us=273 encode_us=163 acquire_us=103 submit_us=38820 skipped=0
frust_shell_common::perf: frust-perf raw n=226 total_us=42054 rebuild_us=76 layout_us=2791 paint_us=278 encode_us=130 acquire_us=86 submit_us=38692 skipped=0
frust_shell_common::perf: frust-perf raw n=227 total_us=42403 rebuild_us=74 layout_us=2800 paint_us=270 encode_us=128 acquire_us=117 submit_us=39011 skipped=0
frust_shell_common::perf: frust-perf raw n=228 total_us=42475 rebuild_us=70 layout_us=2784 paint_us=258 encode_us=126 acquire_us=91 submit_us=39144 skipped=0
frust_shell_common::perf: frust-perf raw n=229 total_us=42460 rebuild_us=81 layout_us=2613 paint_us=256 encode_us=142 acquire_us=109 submit_us=39256 skipped=0
frust_shell_common::perf: frust-perf raw n=230 total_us=41867 rebuild_us=83 layout_us=2701 paint_us=249 encode_us=124 acquire_us=90 submit_us=38617 skipped=0
frust_shell_common::perf: frust-perf raw n=231 total_us=43185 rebuild_us=85 layout_us=2827 paint_us=270 encode_us=161 acquire_us=105 submit_us=39734 skipped=0
frust_shell_android::app::frame: frust-perf platform-view tail depth=0 target=0 acquire_bound=false frame=840 expected_present_us=0 acquire_us=106 period_us=11129
frust_shell_common::perf: frust-perf raw n=232 total_us=41368 rebuild_us=77 layout_us=2796 paint_us=266 encode_us=127 acquire_us=130 submit_us=37969 skipped=0
frust_shell_common::perf: frust-perf raw n=233 total_us=43577 rebuild_us=81 layout_us=2859 paint_us=271 encode_us=170 acquire_us=121 submit_us=40072 skipped=0
frust_shell_common::perf: frust-perf raw n=234 total_us=41577 rebuild_us=79 layout_us=2790 paint_us=274 encode_us=129 acquire_us=102 submit_us=38200 skipped=0
frust_shell_common::perf: frust-perf raw n=235 total_us=42249 rebuild_us=68 layout_us=2519 paint_us=239 encode_us=143 acquire_us=85 submit_us=39192 skipped=0
frust_shell_common::perf: frust-perf raw n=236 total_us=42054 rebuild_us=79 layout_us=2765 paint_us=266 encode_us=119 acquire_us=121 submit_us=38701 skipped=0
frust_shell_common::perf: frust-perf raw n=237 total_us=42560 rebuild_us=61 layout_us=2678 paint_us=250 encode_us=135 acquire_us=85 submit_us=39348 skipped=0
frust_shell_common::perf: frust-perf raw n=238 total_us=41306 rebuild_us=74 layout_us=2746 paint_us=263 encode_us=157 acquire_us=99 submit_us=37965 skipped=0
frust_shell_common::perf: frust-perf frame n=120 total_p50_ms=42 total_p95_ms=43 total_p99_ms=43 rebuild_p95_ms=0 layout_p95_ms=2 paint_p95_ms=0 encode_p95_ms=0 acquire_p95_ms=0 submit_p95_ms=39 over_60hz=238 over_120hz=238 skipped=0 total_frames=238
frust_shell_common::perf: frust-perf raw n=239 total_us=42372 rebuild_us=63 layout_us=2500 paint_us=275 encode_us=121 acquire_us=96 submit_us=39314 skipped=0
frust_shell_common::perf: frust-perf raw n=240 total_us=41528 rebuild_us=76 layout_us=2732 paint_us=266 encode_us=115 acquire_us=100 submit_us=38236 skipped=0
frust_shell_common::perf: frust-perf raw n=241 total_us=42552 rebuild_us=72 layout_us=2711 paint_us=259 encode_us=152 acquire_us=95 submit_us=39261 skipped=0
frust_shell_common::perf: frust-perf raw n=242 total_us=41933 rebuild_us=71 layout_us=2698 paint_us=258 encode_us=124 acquire_us=76 submit_us=38703 skipped=0
frust_shell_common::perf: frust-perf raw n=243 total_us=42451 rebuild_us=66 layout_us=2626 paint_us=257 encode_us=130 acquire_us=80 submit_us=39290 skipped=0
frust_shell_common::perf: frust-perf raw n=244 total_us=42235 rebuild_us=76 layout_us=2539 paint_us=252 encode_us=114 acquire_us=101 submit_us=39150 skipped=0
frust_shell_common::perf: frust-perf raw n=245 total_us=42043 rebuild_us=66 layout_us=2749 paint_us=265 encode_us=118 acquire_us=87 submit_us=38756 skipped=0
frust_shell_common::perf: frust-perf raw n=246 total_us=42200 rebuild_us=66 layout_us=2579 paint_us=243 encode_us=118 acquire_us=86 submit_us=39105 skipped=0
frust_shell_common::perf: frust-perf raw n=247 total_us=42189 rebuild_us=73 layout_us=2716 paint_us=251 encode_us=122 acquire_us=84 submit_us=38942 skipped=0
frust_shell_common::perf: frust-perf raw n=248 total_us=41958 rebuild_us=66 layout_us=2737 paint_us=259 encode_us=134 acquire_us=97 submit_us=38662 skipped=0
frust_shell_common::perf: frust-perf raw n=249 total_us=41983 rebuild_us=73 layout_us=2638 paint_us=280 encode_us=116 acquire_us=85 submit_us=38789 skipped=0
frust_shell_common::perf: frust-perf raw n=250 total_us=42751 rebuild_us=80 layout_us=2879 paint_us=269 encode_us=134 acquire_us=88 submit_us=39298 skipped=0
frust_shell_common::perf: frust-perf raw n=251 total_us=41412 rebuild_us=74 layout_us=2702 paint_us=254 encode_us=156 acquire_us=91 submit_us=38133 skipped=0
frust_shell_common::perf: frust-perf raw n=252 total_us=42297 rebuild_us=67 layout_us=2709 paint_us=259 encode_us=122 acquire_us=79 submit_us=39059 skipped=0
frust_shell_common::perf: frust-perf raw n=253 total_us=41729 rebuild_us=75 layout_us=2761 paint_us=262 encode_us=116 acquire_us=81 submit_us=38431 skipped=0
frust_shell_common::perf: frust-perf raw n=254 total_us=42306 rebuild_us=64 layout_us=2566 paint_us=247 encode_us=132 acquire_us=83 submit_us=39213 skipped=0
frust_shell_common::perf: frust-perf raw n=255 total_us=42673 rebuild_us=91 layout_us=3609 paint_us=331 encode_us=113 acquire_us=75 submit_us=38452 skipped=0
frust_shell_common::perf: frust-perf raw n=256 total_us=41992 rebuild_us=72 layout_us=2709 paint_us=253 encode_us=132 acquire_us=83 submit_us=38740 skipped=0
frust_shell_common::perf: frust-perf raw n=257 total_us=42625 rebuild_us=71 layout_us=3698 paint_us=338 encode_us=115 acquire_us=79 submit_us=38323 skipped=0
frust_shell_common::perf: frust-perf raw n=258 total_us=42183 rebuild_us=59 layout_us=2661 paint_us=244 encode_us=134 acquire_us=103 submit_us=38980 skipped=0
frust_shell_common::perf: frust-perf raw n=259 total_us=41632 rebuild_us=67 layout_us=2610 paint_us=244 encode_us=115 acquire_us=80 submit_us=38514 skipped=0
frust_shell_common::perf: frust-perf raw n=260 total_us=42139 rebuild_us=71 layout_us=2615 paint_us=244 encode_us=135 acquire_us=84 submit_us=38987 skipped=0
frust_shell_common::perf: frust-perf raw n=261 total_us=43026 rebuild_us=83 layout_us=3649 paint_us=343 encode_us=116 acquire_us=74 submit_us=38757 skipped=0
frust_shell_common::perf: frust-perf raw n=262 total_us=41883 rebuild_us=76 layout_us=2534 paint_us=235 encode_us=183 acquire_us=83 submit_us=38770 skipped=0
frust_shell_common::perf: frust-perf raw n=263 total_us=42732 rebuild_us=83 layout_us=3664 paint_us=370 encode_us=114 acquire_us=76 submit_us=38423 skipped=0
frust_shell_common::perf: frust-perf raw n=264 total_us=42583 rebuild_us=86 layout_us=2716 paint_us=263 encode_us=137 acquire_us=95 submit_us=39284 skipped=0
frust_shell_common::perf: frust-perf raw n=265 total_us=42500 rebuild_us=91 layout_us=3712 paint_us=345 encode_us=119 acquire_us=78 submit_us=38153 skipped=0
frust_shell_common::perf: frust-perf raw n=266 total_us=42532 rebuild_us=70 layout_us=2616 paint_us=283 encode_us=140 acquire_us=99 submit_us=39321 skipped=0
frust_shell_android::app::frame: frust-perf platform-view tail depth=0 target=0 acquire_bound=false frame=960 expected_present_us=0 acquire_us=92 period_us=11134
frust_shell_common::perf: frust-perf raw n=267 total_us=41199 rebuild_us=64 layout_us=2661 paint_us=249 encode_us=124 acquire_us=114 submit_us=37984 skipped=0
frust_shell_common::perf: frust-perf raw n=268 total_us=43547 rebuild_us=80 layout_us=2751 paint_us=266 encode_us=173 acquire_us=110 submit_us=40164 skipped=0
frust_shell_common::perf: frust-perf raw n=269 total_us=41319 rebuild_us=90 layout_us=2738 paint_us=259 encode_us=119 acquire_us=78 submit_us=38033 skipped=0
frust_shell_common::perf: frust-perf raw n=270 total_us=42260 rebuild_us=58 layout_us=2487 paint_us=232 encode_us=144 acquire_us=84 submit_us=39253 skipped=0
frust_shell_common::perf: frust-perf raw n=271 total_us=41334 rebuild_us=64 layout_us=2478 paint_us=231 encode_us=114 acquire_us=80 submit_us=38364 skipped=0
frust_shell_common::perf: frust-perf raw n=272 total_us=42094 rebuild_us=67 layout_us=2604 paint_us=241 encode_us=136 acquire_us=83 submit_us=38960 skipped=0
frust_shell_common::perf: frust-perf raw n=273 total_us=41048 rebuild_us=77 layout_us=2434 paint_us=300 encode_us=112 acquire_us=103 submit_us=38019 skipped=0
frust_shell_common::perf: frust-perf raw n=274 total_us=39852 rebuild_us=72 layout_us=198 paint_us=235 encode_us=127 acquire_us=84 submit_us=39135 skipped=0
frust_shell_common::perf: frust-perf raw n=275 total_us=40459 rebuild_us=116 layout_us=1585 paint_us=282 encode_us=160 acquire_us=114 submit_us=38199 skipped=0
frust_shell_common::perf: frust-perf raw n=276 total_us=41700 rebuild_us=79 layout_us=1531 paint_us=246 encode_us=135 acquire_us=95 submit_us=39613 skipped=0
frust_shell_common::perf: frust-perf raw n=277 total_us=40565 rebuild_us=76 layout_us=1543 paint_us=244 encode_us=151 acquire_us=98 submit_us=38450 skipped=0
frust_shell_common::perf: frust-perf raw n=278 total_us=40692 rebuild_us=69 layout_us=1378 paint_us=219 encode_us=136 acquire_us=93 submit_us=38794 skipped=0
frust_shell_common::perf: frust-perf raw n=279 total_us=40315 rebuild_us=72 layout_us=1602 paint_us=240 encode_us=146 acquire_us=94 submit_us=38158 skipped=0
frust_shell_common::perf: frust-perf raw n=280 total_us=40963 rebuild_us=93 layout_us=1600 paint_us=279 encode_us=153 acquire_us=86 submit_us=38749 skipped=0
frust_shell_common::perf: frust-perf raw n=281 total_us=40250 rebuild_us=89 layout_us=1532 paint_us=265 encode_us=153 acquire_us=94 submit_us=38115 skipped=0
frust_shell_common::perf: frust-perf raw n=282 total_us=41145 rebuild_us=85 layout_us=1516 paint_us=265 encode_us=174 acquire_us=81 submit_us=39022 skipped=0
frust_shell_common::perf: frust-perf raw n=283 total_us=40184 rebuild_us=86 layout_us=1581 paint_us=267 encode_us=153 acquire_us=94 submit_us=38000 skipped=0
frust_shell_common::perf: frust-perf raw n=284 total_us=40994 rebuild_us=92 layout_us=1510 paint_us=231 encode_us=143 acquire_us=82 submit_us=38934 skipped=0
frust_shell_common::perf: frust-perf raw n=285 total_us=40292 rebuild_us=92 layout_us=1554 paint_us=274 encode_us=164 acquire_us=92 submit_us=38114 skipped=0
frust_shell_common::perf: frust-perf raw n=286 total_us=41238 rebuild_us=109 layout_us=1527 paint_us=254 encode_us=139 acquire_us=82 submit_us=39125 skipped=0
frust_shell_common::perf: frust-perf frame n=120 total_p50_ms=42 total_p95_ms=43 total_p99_ms=43 rebuild_p95_ms=0 layout_p95_ms=2 paint_p95_ms=0 encode_p95_ms=0 acquire_p95_ms=0 submit_p95_ms=39 over_60hz=286 over_120hz=286 skipped=0 total_frames=286
frust_shell_common::perf: frust-perf raw n=287 total_us=40130 rebuild_us=81 layout_us=1516 paint_us=261 encode_us=158 acquire_us=94 submit_us=38018 skipped=0
frust_shell_common::perf: frust-perf raw n=288 total_us=40999 rebuild_us=88 layout_us=1547 paint_us=308 encode_us=159 acquire_us=120 submit_us=38774 skipped=0
frust_shell_common::perf: frust-perf raw n=289 total_us=40554 rebuild_us=80 layout_us=1616 paint_us=254 encode_us=152 acquire_us=101 submit_us=38348 skipped=0
frust_shell_common::perf: frust-perf raw n=290 total_us=41283 rebuild_us=82 layout_us=1588 paint_us=251 encode_us=154 acquire_us=82 submit_us=39124 skipped=0
frust_shell_common::perf: frust-perf raw n=291 total_us=39958 rebuild_us=77 layout_us=1514 paint_us=256 encode_us=148 acquire_us=106 submit_us=37855 skipped=0
frust_shell_common::perf: frust-perf raw n=292 total_us=41283 rebuild_us=87 layout_us=1545 paint_us=255 encode_us=151 acquire_us=82 submit_us=39159 skipped=0
frust_shell_common::perf: frust-perf raw n=293 total_us=40358 rebuild_us=80 layout_us=1527 paint_us=305 encode_us=154 acquire_us=94 submit_us=38194 skipped=0
frust_shell_common::perf: frust-perf raw n=294 total_us=41410 rebuild_us=88 layout_us=1591 paint_us=265 encode_us=187 acquire_us=83 submit_us=39193 skipped=0
frust_shell_common::perf: frust-perf raw n=295 total_us=40251 rebuild_us=87 layout_us=1619 paint_us=268 encode_us=156 acquire_us=94 submit_us=38025 skipped=0
frust_shell_common::perf: frust-perf raw n=296 total_us=41086 rebuild_us=79 layout_us=1568 paint_us=244 encode_us=153 acquire_us=83 submit_us=38956 skipped=0
frust_shell_common::perf: frust-perf raw n=297 total_us=40196 rebuild_us=73 layout_us=1517 paint_us=256 encode_us=153 acquire_us=90 submit_us=38105 skipped=0
frust_shell_common::perf: frust-perf raw n=298 total_us=41228 rebuild_us=81 layout_us=1529 paint_us=259 encode_us=132 acquire_us=81 submit_us=39144 skipped=0
frust_shell_common::perf: frust-perf raw n=299 total_us=40512 rebuild_us=85 layout_us=1573 paint_us=255 encode_us=153 acquire_us=91 submit_us=38352 skipped=0
frust_shell_common::perf: frust-perf raw n=300 total_us=41215 rebuild_us=77 layout_us=1623 paint_us=257 encode_us=139 acquire_us=87 submit_us=39030 skipped=0
frust_shell_android::app::frame: frust-perf platform-view tail depth=0 target=0 acquire_bound=false frame=1080 expected_present_us=0 acquire_us=88 period_us=11135
frust_shell_common::perf: frust-perf raw n=301 total_us=40646 rebuild_us=78 layout_us=1513 paint_us=249 encode_us=157 acquire_us=93 submit_us=38555 skipped=0
frust_shell_common::perf: frust-perf raw n=302 total_us=41539 rebuild_us=94 layout_us=1569 paint_us=256 encode_us=148 acquire_us=82 submit_us=39388 skipped=0
frust_shell_common::perf: frust-perf raw n=303 total_us=40150 rebuild_us=76 layout_us=1521 paint_us=299 encode_us=155 acquire_us=93 submit_us=38003 skipped=0
frust_shell_common::perf: frust-perf raw n=304 total_us=41510 rebuild_us=87 layout_us=1545 paint_us=320 encode_us=199 acquire_us=101 submit_us=39257 skipped=0
frust_shell_common::perf: frust-perf raw n=305 total_us=40001 rebuild_us=79 layout_us=1607 paint_us=262 encode_us=153 acquire_us=92 submit_us=37806 skipped=0
frust_shell_common::perf: frust-perf raw n=306 total_us=41615 rebuild_us=88 layout_us=1584 paint_us=271 encode_us=150 acquire_us=87 submit_us=39432 skipped=0
frust_shell_common::perf: frust-perf raw n=307 total_us=40257 rebuild_us=84 layout_us=1526 paint_us=259 encode_us=149 acquire_us=104 submit_us=38134 skipped=0
frust_shell_common::perf: frust-perf raw n=308 total_us=41655 rebuild_us=85 layout_us=1529 paint_us=255 encode_us=144 acquire_us=95 submit_us=39544 skipped=0
frust_shell_common::perf: frust-perf raw n=309 total_us=40456 rebuild_us=91 layout_us=1632 paint_us=278 encode_us=154 acquire_us=93 submit_us=38204 skipped=0
frust_shell_common::perf: frust-perf raw n=310 total_us=41476 rebuild_us=84 layout_us=1607 paint_us=260 encode_us=151 acquire_us=78 submit_us=39294 skipped=0
frust_shell_common::perf: frust-perf raw n=311 total_us=40855 rebuild_us=86 layout_us=1561 paint_us=258 encode_us=154 acquire_us=91 submit_us=38701 skipped=0
frust_shell_common::perf: frust-perf raw n=312 total_us=41317 rebuild_us=81 layout_us=1515 paint_us=258 encode_us=128 acquire_us=87 submit_us=39246 skipped=0
frust_shell_common::perf: frust-perf raw n=313 total_us=40211 rebuild_us=78 layout_us=1339 paint_us=233 encode_us=149 acquire_us=105 submit_us=38305 skipped=0
frust_shell_common::perf: frust-perf raw n=314 total_us=41095 rebuild_us=90 layout_us=1635 paint_us=263 encode_us=126 acquire_us=115 submit_us=38864 skipped=0
frust_shell_common::perf: frust-perf raw n=315 total_us=40379 rebuild_us=84 layout_us=1604 paint_us=259 encode_us=152 acquire_us=103 submit_us=38175 skipped=0
frust_shell_common::perf: frust-perf raw n=316 total_us=41346 rebuild_us=80 layout_us=1596 paint_us=265 encode_us=149 acquire_us=99 submit_us=39154 skipped=0
frust_shell_common::perf: frust-perf raw n=317 total_us=40672 rebuild_us=78 layout_us=1544 paint_us=261 encode_us=152 acquire_us=105 submit_us=38529 skipped=0
frust_shell_common::perf: frust-perf raw n=318 total_us=41275 rebuild_us=77 layout_us=1533 paint_us=250 encode_us=131 acquire_us=82 submit_us=39200 skipped=0
frust_shell_common::perf: frust-perf raw n=319 total_us=40123 rebuild_us=80 layout_us=1351 paint_us=239 encode_us=182 acquire_us=93 submit_us=38176 skipped=0
frust_shell_common::perf: frust-perf raw n=320 total_us=40912 rebuild_us=87 layout_us=1671 paint_us=263 encode_us=128 acquire_us=79 submit_us=38683 skipped=0
frust_shell_common::perf: frust-perf raw n=321 total_us=40427 rebuild_us=84 layout_us=1592 paint_us=259 encode_us=155 acquire_us=91 submit_us=38244 skipped=0
frust_shell_common::perf: frust-perf raw n=322 total_us=41680 rebuild_us=78 layout_us=1548 paint_us=264 encode_us=129 acquire_us=85 submit_us=39574 skipped=0
frust_shell_common::perf: frust-perf raw n=323 total_us=39703 rebuild_us=86 layout_us=1557 paint_us=260 encode_us=156 acquire_us=96 submit_us=37546 skipped=0
frust_shell_common::perf: frust-perf raw n=324 total_us=41044 rebuild_us=80 layout_us=1553 paint_us=262 encode_us=145 acquire_us=94 submit_us=38907 skipped=0
frust_shell_common::perf: frust-perf raw n=325 total_us=40250 rebuild_us=80 layout_us=1407 paint_us=239 encode_us=152 acquire_us=103 submit_us=38267 skipped=0
frust_shell_common::perf: frust-perf raw n=326 total_us=41203 rebuild_us=79 layout_us=1639 paint_us=258 encode_us=142 acquire_us=91 submit_us=38990 skipped=0
frust_shell_common::perf: frust-perf raw n=327 total_us=40819 rebuild_us=114 layout_us=1538 paint_us=257 encode_us=158 acquire_us=97 submit_us=38652 skipped=0
frust_shell_common::perf: frust-perf raw n=328 total_us=41393 rebuild_us=87 layout_us=1597 paint_us=285 encode_us=197 acquire_us=113 submit_us=39111 skipped=0
frust_shell_common::perf: frust-perf raw n=329 total_us=40315 rebuild_us=83 layout_us=1573 paint_us=304 encode_us=158 acquire_us=116 submit_us=38078 skipped=0
frust_shell_common::perf: frust-perf raw n=330 total_us=41850 rebuild_us=85 layout_us=1575 paint_us=264 encode_us=146 acquire_us=112 submit_us=39665 skipped=0
frust_shell_common::perf: frust-perf raw n=331 total_us=41077 rebuild_us=84 layout_us=1642 paint_us=266 encode_us=156 acquire_us=98 submit_us=38828 skipped=0
frust_shell_common::perf: frust-perf raw n=332 total_us=40500 rebuild_us=81 layout_us=1550 paint_us=266 encode_us=157 acquire_us=109 submit_us=38336 skipped=0
frust_shell_common::perf: frust-perf raw n=333 total_us=40253 rebuild_us=97 layout_us=1592 paint_us=283 encode_us=159 acquire_us=113 submit_us=38005 skipped=0
frust_shell_common::perf: frust-perf raw n=334 total_us=41328 rebuild_us=80 layout_us=1561 paint_us=267 encode_us=141 acquire_us=100 submit_us=39176 skipped=0
frust_shell_android::app::frame: frust-perf platform-view tail depth=0 target=0 acquire_bound=false frame=1200 expected_present_us=0 acquire_us=100 period_us=11129
frust_shell_common::perf: frust-perf raw n=335 total_us=40531 rebuild_us=79 layout_us=1652 paint_us=263 encode_us=157 acquire_us=94 submit_us=38284 skipped=0
frust_shell_common::perf: frust-perf frame n=120 total_p50_ms=41 total_p95_ms=42 total_p99_ms=43 rebuild_p95_ms=0 layout_p95_ms=2 paint_p95_ms=0 encode_p95_ms=0 acquire_p95_ms=0 submit_p95_ms=39 over_60hz=335 over_120hz=335 skipped=0 total_frames=335
frust_shell_common::perf: frust-perf raw n=336 total_us=41210 rebuild_us=85 layout_us=1667 paint_us=274 encode_us=135 acquire_us=102 submit_us=38944 skipped=0
frust_shell_common::perf: frust-perf raw n=337 total_us=40227 rebuild_us=83 layout_us=1603 paint_us=259 encode_us=154 acquire_us=98 submit_us=38026 skipped=0
frust_shell_common::perf: frust-perf raw n=338 total_us=41632 rebuild_us=83 layout_us=1557 paint_us=265 encode_us=194 acquire_us=96 submit_us=39435 skipped=0
frust_shell_common::perf: frust-perf raw n=339 total_us=41058 rebuild_us=87 layout_us=1580 paint_us=271 encode_us=161 acquire_us=175 submit_us=38781 skipped=0
frust_shell_common::perf: frust-perf raw n=340 total_us=41194 rebuild_us=79 layout_us=1598 paint_us=264 encode_us=153 acquire_us=98 submit_us=38999 skipped=0
frust_shell_common::perf: frust-perf raw n=341 total_us=41077 rebuild_us=78 layout_us=1676 paint_us=267 encode_us=164 acquire_us=108 submit_us=38783 skipped=0
frust_shell_common::perf: frust-perf raw n=342 total_us=41023 rebuild_us=84 layout_us=1568 paint_us=262 encode_us=154 acquire_us=99 submit_us=38854 skipped=0
frust_shell_common::perf: frust-perf raw n=343 total_us=41129 rebuild_us=85 layout_us=1563 paint_us=253 encode_us=156 acquire_us=102 submit_us=38967 skipped=0
frust_shell_common::perf: frust-perf raw n=344 total_us=40609 rebuild_us=83 layout_us=1684 paint_us=280 encode_us=165 acquire_us=116 submit_us=38279 skipped=0
frust_shell_common::perf: frust-perf raw n=345 total_us=40970 rebuild_us=85 layout_us=1702 paint_us=276 encode_us=168 acquire_us=107 submit_us=38629 skipped=0
frust_shell_common::perf: frust-perf raw n=346 total_us=40935 rebuild_us=82 layout_us=1645 paint_us=265 encode_us=164 acquire_us=123 submit_us=38653 skipped=0
frust_shell_common::perf: frust-perf raw n=347 total_us=41298 rebuild_us=88 layout_us=1718 paint_us=279 encode_us=169 acquire_us=110 submit_us=38931 skipped=0
frust_shell_common::perf: frust-perf raw n=348 total_us=40817 rebuild_us=84 layout_us=1393 paint_us=241 encode_us=159 acquire_us=106 submit_us=38833 skipped=0
frust_shell_common::perf: frust-perf raw n=349 total_us=41010 rebuild_us=99 layout_us=1635 paint_us=279 encode_us=163 acquire_us=126 submit_us=38706 skipped=0
frust_shell_common::perf: frust-perf raw n=350 total_us=40905 rebuild_us=87 layout_us=1712 paint_us=270 encode_us=163 acquire_us=106 submit_us=38564 skipped=0
frust_shell_common::perf: frust-perf raw n=351 total_us=41593 rebuild_us=85 layout_us=1675 paint_us=276 encode_us=167 acquire_us=107 submit_us=39281 skipped=0
frust_shell_common::perf: frust-perf raw n=352 total_us=40900 rebuild_us=89 layout_us=1615 paint_us=269 encode_us=164 acquire_us=112 submit_us=38649 skipped=0
frust_shell_common::perf: frust-perf raw n=353 total_us=41598 rebuild_us=84 layout_us=1624 paint_us=270 encode_us=151 acquire_us=102 submit_us=39365 skipped=0
frust_shell_common::perf: frust-perf raw n=354 total_us=40334 rebuild_us=86 layout_us=1417 paint_us=242 encode_us=169 acquire_us=111 submit_us=38306 skipped=0
frust_shell_common::perf: frust-perf raw n=355 total_us=41755 rebuild_us=100 layout_us=1621 paint_us=267 encode_us=154 acquire_us=105 submit_us=39506 skipped=0
frust_shell_common::perf: frust-perf raw n=356 total_us=40819 rebuild_us=91 layout_us=1683 paint_us=275 encode_us=163 acquire_us=113 submit_us=38490 skipped=0
frust_shell_common::perf: frust-perf raw n=357 total_us=41612 rebuild_us=100 layout_us=1736 paint_us=286 encode_us=162 acquire_us=117 submit_us=39210 skipped=0
frust_shell_common::perf: frust-perf raw n=358 total_us=40314 rebuild_us=90 layout_us=1616 paint_us=272 encode_us=162 acquire_us=108 submit_us=38063 skipped=0
frust_shell_common::perf: frust-perf raw n=359 total_us=41737 rebuild_us=89 layout_us=1600 paint_us=278 encode_us=157 acquire_us=105 submit_us=39506 skipped=0
frust_shell_common::perf: frust-perf raw n=360 total_us=40409 rebuild_us=87 layout_us=1483 paint_us=244 encode_us=162 acquire_us=109 submit_us=38322 skipped=0
frust_shell_common::perf: frust-perf raw n=361 total_us=41391 rebuild_us=82 layout_us=1763 paint_us=270 encode_us=151 acquire_us=106 submit_us=39017 skipped=0
frust_shell_common::perf: frust-perf raw n=362 total_us=40305 rebuild_us=94 layout_us=1693 paint_us=289 encode_us=163 acquire_us=113 submit_us=37949 skipped=0
frust_shell_common::perf: frust-perf raw n=363 total_us=41422 rebuild_us=86 layout_us=1697 paint_us=272 encode_us=155 acquire_us=106 submit_us=39104 skipped=0
frust_shell_common::perf: frust-perf raw n=364 total_us=40097 rebuild_us=94 layout_us=1617 paint_us=276 encode_us=164 acquire_us=110 submit_us=37835 skipped=0
frust_shell_common::perf: frust-perf raw n=365 total_us=42327 rebuild_us=89 layout_us=1606 paint_us=264 encode_us=173 acquire_us=98 submit_us=40094 skipped=0
frust_shell_common::perf: frust-perf raw n=366 total_us=40097 rebuild_us=85 layout_us=1492 paint_us=254 encode_us=163 acquire_us=111 submit_us=37990 skipped=0
frust_shell_common::perf: frust-perf raw n=367 total_us=41833 rebuild_us=123 layout_us=1594 paint_us=274 encode_us=150 acquire_us=101 submit_us=39588 skipped=0
frust_shell_common::perf: frust-perf raw n=368 total_us=41426 rebuild_us=108 layout_us=1603 paint_us=271 encode_us=170 acquire_us=113 submit_us=39157 skipped=0
frust_shell_android::app::frame: frust-perf platform-view tail depth=0 target=0 acquire_bound=false frame=1320 expected_present_us=0 acquire_us=110 period_us=11130
frust_shell_common::perf: frust-perf raw n=369 total_us=41474 rebuild_us=86 layout_us=1600 paint_us=275 encode_us=162 acquire_us=122 submit_us=39225 skipped=0
frust_shell_common::perf: frust-perf raw n=370 total_us=41213 rebuild_us=82 layout_us=1626 paint_us=353 encode_us=178 acquire_us=107 submit_us=38866 skipped=0
frust_shell_common::perf: frust-perf raw n=371 total_us=40889 rebuild_us=87 layout_us=1680 paint_us=271 encode_us=169 acquire_us=106 submit_us=38574 skipped=0
frust_shell_common::perf: frust-perf raw n=372 total_us=41399 rebuild_us=83 layout_us=1674 paint_us=264 encode_us=165 acquire_us=108 submit_us=39103 skipped=0
frust_shell_common::perf: frust-perf raw n=373 total_us=41088 rebuild_us=86 layout_us=1579 paint_us=265 encode_us=168 acquire_us=110 submit_us=38876 skipped=0
frust_shell_common::perf: frust-perf raw n=374 total_us=40738 rebuild_us=91 layout_us=1636 paint_us=274 encode_us=178 acquire_us=116 submit_us=38441 skipped=0
frust_shell_common::perf: frust-perf raw n=375 total_us=41122 rebuild_us=90 layout_us=1661 paint_us=274 encode_us=164 acquire_us=124 submit_us=38806 skipped=0
frust_shell_common::perf: frust-perf raw n=376 total_us=43426 rebuild_us=102 layout_us=3938 paint_us=355 encode_us=169 acquire_us=109 submit_us=38751 skipped=0
frust_shell_common::perf: frust-perf raw n=377 total_us=42678 rebuild_us=84 layout_us=3648 paint_us=265 encode_us=121 acquire_us=101 submit_us=38456 skipped=0
frust_shell_common::perf: frust-perf raw n=378 total_us=42607 rebuild_us=71 layout_us=2701 paint_us=260 encode_us=144 acquire_us=97 submit_us=39332 skipped=0
frust_shell_common::perf: frust-perf raw n=379 total_us=43385 rebuild_us=88 layout_us=3788 paint_us=356 encode_us=128 acquire_us=106 submit_us=38917 skipped=0
frust_shell_common::perf: frust-perf raw n=380 total_us=42409 rebuild_us=76 layout_us=2801 paint_us=274 encode_us=162 acquire_us=107 submit_us=38988 skipped=0
frust_shell_common::perf: frust-perf raw n=381 total_us=41645 rebuild_us=75 layout_us=2849 paint_us=273 encode_us=126 acquire_us=106 submit_us=38214 skipped=0
frust_shell_common::perf: frust-perf raw n=382 total_us=42386 rebuild_us=80 layout_us=2832 paint_us=270 encode_us=169 acquire_us=114 submit_us=38919 skipped=0
frust_shell_common::perf: frust-perf raw n=383 total_us=42317 rebuild_us=69 layout_us=2716 paint_us=262 encode_us=132 acquire_us=94 submit_us=39042 skipped=0
frust_shell_common::perf: frust-perf raw n=384 total_us=42446 rebuild_us=78 layout_us=2599 paint_us=253 encode_us=161 acquire_us=116 submit_us=39236 skipped=0
frust_shell_common::perf: frust-perf frame n=120 total_p50_ms=41 total_p95_ms=42 total_p99_ms=43 rebuild_p95_ms=0 layout_p95_ms=2 paint_p95_ms=0 encode_p95_ms=0 acquire_p95_ms=0 submit_p95_ms=39 over_60hz=384 over_120hz=384 skipped=0 total_frames=384
frust_shell_common::perf: frust-perf raw n=385 total_us=41871 rebuild_us=74 layout_us=2789 paint_us=272 encode_us=126 acquire_us=97 submit_us=38510 skipped=0
frust_shell_common::perf: frust-perf raw n=386 total_us=43337 rebuild_us=79 layout_us=2812 paint_us=268 encode_us=160 acquire_us=102 submit_us=39914 skipped=0
frust_shell_common::perf: frust-perf raw n=387 total_us=41554 rebuild_us=82 layout_us=2801 paint_us=272 encode_us=129 acquire_us=103 submit_us=38165 skipped=0
frust_shell_common::perf: frust-perf raw n=388 total_us=42862 rebuild_us=79 layout_us=2628 paint_us=250 encode_us=149 acquire_us=124 submit_us=39629 skipped=0
frust_shell_common::perf: frust-perf raw n=389 total_us=41775 rebuild_us=72 layout_us=2783 paint_us=264 encode_us=136 acquire_us=110 submit_us=38407 skipped=0
frust_shell_common::perf: frust-perf raw n=390 total_us=42807 rebuild_us=67 layout_us=2774 paint_us=274 encode_us=144 acquire_us=113 submit_us=39433 skipped=0
frust_shell_common::perf: frust-perf raw n=391 total_us=42912 rebuild_us=71 layout_us=2811 paint_us=270 encode_us=126 acquire_us=91 submit_us=39540 skipped=0
frust_shell_common::perf: frust-perf raw n=392 total_us=42149 rebuild_us=70 layout_us=2733 paint_us=266 encode_us=124 acquire_us=102 submit_us=38852 skipped=0
frust_shell_common::perf: frust-perf raw n=393 total_us=43001 rebuild_us=75 layout_us=2642 paint_us=251 encode_us=156 acquire_us=106 submit_us=39768 skipped=0
frust_shell_common::perf: frust-perf raw n=394 total_us=42188 rebuild_us=66 layout_us=2752 paint_us=257 encode_us=127 acquire_us=94 submit_us=38891 skipped=0
frust_shell_common::perf: frust-perf raw n=395 total_us=42500 rebuild_us=70 layout_us=2772 paint_us=261 encode_us=158 acquire_us=105 submit_us=39132 skipped=0
frust_shell_common::perf: frust-perf raw n=396 total_us=42002 rebuild_us=75 layout_us=2815 paint_us=263 encode_us=127 acquire_us=130 submit_us=38590 skipped=0
frust_shell_common::perf: frust-perf raw n=397 total_us=42978 rebuild_us=73 layout_us=2798 paint_us=275 encode_us=167 acquire_us=103 submit_us=39560 skipped=0
frust_shell_common::perf: frust-perf raw n=398 total_us=40109 rebuild_us=74 layout_us=745 paint_us=191 encode_us=163 acquire_us=106 submit_us=38827 skipped=0
frust_shell_common::perf: frust-perf raw n=399 total_us=40200 rebuild_us=57 layout_us=369 paint_us=250 encode_us=146 acquire_us=90 submit_us=39285 skipped=0
frust_shell_common::perf: frust-perf raw n=400 total_us=43112 rebuild_us=91 layout_us=3799 paint_us=351 encode_us=164 acquire_us=104 submit_us=38601 skipped=0
frust_shell_common::perf: frust-perf raw n=401 total_us=43168 rebuild_us=58 layout_us=2732 paint_us=252 encode_us=139 acquire_us=81 submit_us=39903 skipped=0
frust_shell_common::perf: frust-perf raw n=402 total_us=43277 rebuild_us=85 layout_us=3541 paint_us=371 encode_us=187 acquire_us=101 submit_us=38989 skipped=0
frust_shell_android::app::frame: frust-perf platform-view tail depth=0 target=0 acquire_bound=false frame=1440 expected_present_us=0 acquire_us=91 period_us=11133
frust_shell_common::perf: frust-perf raw n=403 total_us=41935 rebuild_us=70 layout_us=2660 paint_us=271 encode_us=117 acquire_us=76 submit_us=38739 skipped=0
frust_shell_common::perf: frust-perf raw n=404 total_us=42668 rebuild_us=73 layout_us=2765 paint_us=271 encode_us=121 acquire_us=77 submit_us=39359 skipped=0
frust_shell_common::perf: frust-perf raw n=405 total_us=41775 rebuild_us=76 layout_us=2715 paint_us=253 encode_us=117 acquire_us=85 submit_us=38527 skipped=0
frust_shell_common::perf: frust-perf raw n=406 total_us=42709 rebuild_us=70 layout_us=2740 paint_us=262 encode_us=155 acquire_us=93 submit_us=39386 skipped=0
frust_shell_common::perf: frust-perf raw n=407 total_us=41905 rebuild_us=71 layout_us=2696 paint_us=259 encode_us=118 acquire_us=125 submit_us=38635 skipped=0
frust_shell_common::perf: frust-perf raw n=408 total_us=42822 rebuild_us=69 layout_us=2695 paint_us=262 encode_us=154 acquire_us=80 submit_us=39559 skipped=0
frust_shell_common::perf: frust-perf raw n=409 total_us=41837 rebuild_us=71 layout_us=2691 paint_us=255 encode_us=118 acquire_us=84 submit_us=38616 skipped=0
frust_shell_common::perf: frust-perf raw n=410 total_us=42765 rebuild_us=65 layout_us=2540 paint_us=237 encode_us=137 acquire_us=83 submit_us=39699 skipped=0
frust_shell_common::perf: frust-perf raw n=411 total_us=41785 rebuild_us=74 layout_us=2737 paint_us=263 encode_us=119 acquire_us=90 submit_us=38499 skipped=0
frust_shell_common::perf: frust-perf raw n=412 total_us=43092 rebuild_us=73 layout_us=2711 paint_us=256 encode_us=154 acquire_us=85 submit_us=39812 skipped=0
frust_shell_common::perf: frust-perf raw n=413 total_us=42214 rebuild_us=70 layout_us=2644 paint_us=259 encode_us=124 acquire_us=76 submit_us=39039 skipped=0
frust_shell_common::perf: frust-perf raw n=414 total_us=41870 rebuild_us=63 layout_us=2541 paint_us=245 encode_us=112 acquire_us=76 submit_us=38831 skipped=0
frust_shell_common::perf: frust-perf raw n=415 total_us=42810 rebuild_us=73 layout_us=2717 paint_us=269 encode_us=120 acquire_us=81 submit_us=39546 skipped=0
frust_shell_common::perf: frust-perf raw n=416 total_us=42339 rebuild_us=72 layout_us=2730 paint_us=259 encode_us=116 acquire_us=77 submit_us=39083 skipped=0
frust_shell_common::perf: frust-perf raw n=417 total_us=42981 rebuild_us=72 layout_us=2716 paint_us=266 encode_us=133 acquire_us=83 submit_us=39708 skipped=0
frust_shell_common::perf: frust-perf raw n=418 total_us=41916 rebuild_us=69 layout_us=2725 paint_us=264 encode_us=123 acquire_us=77 submit_us=38656 skipped=0
frust_shell_common::perf: frust-perf raw n=419 total_us=42562 rebuild_us=73 layout_us=2532 paint_us=272 encode_us=148 acquire_us=92 submit_us=39442 skipped=0
frust_shell_common::perf: frust-perf raw n=420 total_us=42323 rebuild_us=70 layout_us=2715 paint_us=259 encode_us=115 acquire_us=74 submit_us=39088 skipped=0
frust_shell_common::perf: frust-perf raw n=421 total_us=42960 rebuild_us=83 layout_us=2798 paint_us=271 encode_us=148 acquire_us=93 submit_us=39565 skipped=0
frust_shell_common::perf: frust-perf raw n=422 total_us=41793 rebuild_us=68 layout_us=2544 paint_us=246 encode_us=116 acquire_us=76 submit_us=38740 skipped=0
frust_shell_common::perf: frust-perf raw n=423 total_us=43120 rebuild_us=60 layout_us=2659 paint_us=256 encode_us=127 acquire_us=93 submit_us=39922 skipped=0
frust_shell_common::perf: frust-perf raw n=424 total_us=42750 rebuild_us=73 layout_us=2759 paint_us=264 encode_us=122 acquire_us=77 submit_us=39453 skipped=0
frust_shell_common::perf: frust-perf raw n=425 total_us=42263 rebuild_us=67 layout_us=2678 paint_us=262 encode_us=119 acquire_us=83 submit_us=39051 skipped=0
frust_shell_common::perf: frust-perf raw n=426 total_us=42469 rebuild_us=87 layout_us=2773 paint_us=275 encode_us=121 acquire_us=89 submit_us=39123 skipped=0
frust_shell_common::perf: frust-perf raw n=427 total_us=41769 rebuild_us=67 layout_us=2658 paint_us=251 encode_us=119 acquire_us=76 submit_us=38596 skipped=0
frust_shell_common::perf: frust-perf raw n=428 total_us=42902 rebuild_us=67 layout_us=2677 paint_us=259 encode_us=139 acquire_us=89 submit_us=39669 skipped=0
frust_shell_common::perf: frust-perf raw n=429 total_us=41798 rebuild_us=75 layout_us=2754 paint_us=259 encode_us=119 acquire_us=76 submit_us=38512 skipped=0
frust_shell_common::perf: frust-perf raw n=430 total_us=42435 rebuild_us=69 layout_us=2577 paint_us=238 encode_us=147 acquire_us=84 submit_us=39318 skipped=0
frust_shell_common::perf: frust-perf raw n=431 total_us=41845 rebuild_us=71 layout_us=2696 paint_us=262 encode_us=120 acquire_us=78 submit_us=38614 skipped=0
frust_shell_common::perf: frust-perf raw n=432 total_us=42705 rebuild_us=69 layout_us=2716 paint_us=254 encode_us=135 acquire_us=82 submit_us=39446 skipped=0
frust_shell_common::perf: frust-perf frame n=120 total_p50_ms=41 total_p95_ms=43 total_p99_ms=43 rebuild_p95_ms=0 layout_p95_ms=2 paint_p95_ms=0 encode_p95_ms=0 acquire_p95_ms=0 submit_p95_ms=39 over_60hz=432 over_120hz=432 skipped=0 total_frames=432
frust_shell_common::perf: frust-perf raw n=433 total_us=41147 rebuild_us=70 layout_us=2690 paint_us=262 encode_us=118 acquire_us=76 submit_us=37929 skipped=0
frust_shell_common::perf: frust-perf raw n=434 total_us=41913 rebuild_us=63 layout_us=2707 paint_us=246 encode_us=154 acquire_us=112 submit_us=38629 skipped=0
frust_shell_common::perf: frust-perf raw n=435 total_us=41507 rebuild_us=57 layout_us=2660 paint_us=247 encode_us=114 acquire_us=78 submit_us=38350 skipped=0
frust_shell_common::perf: frust-perf raw n=436 total_us=42758 rebuild_us=62 layout_us=2658 paint_us=251 encode_us=135 acquire_us=84 submit_us=39565 skipped=0
frust_shell_android::app::frame: frust-perf platform-view tail depth=0 target=0 acquire_bound=false frame=1560 expected_present_us=0 acquire_us=85 period_us=11130
frust_shell_common::perf: frust-perf raw n=437 total_us=41872 rebuild_us=68 layout_us=2711 paint_us=251 encode_us=113 acquire_us=88 submit_us=38639 skipped=0
frust_shell_common::perf: frust-perf raw n=438 total_us=42064 rebuild_us=99 layout_us=2645 paint_us=263 encode_us=156 acquire_us=120 submit_us=38779 skipped=0
frust_shell_common::perf: frust-perf raw n=439 total_us=41556 rebuild_us=60 layout_us=2571 paint_us=228 encode_us=114 acquire_us=73 submit_us=38507 skipped=0
frust_shell_common::perf: frust-perf raw n=440 total_us=42377 rebuild_us=60 layout_us=2665 paint_us=251 encode_us=145 acquire_us=83 submit_us=39170 skipped=0
frust_shell_common::perf: frust-perf raw n=441 total_us=41483 rebuild_us=73 layout_us=2701 paint_us=259 encode_us=120 acquire_us=77 submit_us=38250 skipped=0
frust_shell_common::perf: frust-perf raw n=442 total_us=42552 rebuild_us=83 layout_us=2778 paint_us=264 encode_us=155 acquire_us=95 submit_us=39176 skipped=0
frust_shell_common::perf: frust-perf raw n=443 total_us=41321 rebuild_us=69 layout_us=2644 paint_us=298 encode_us=117 acquire_us=88 submit_us=38104 skipped=0
frust_shell_common::perf: frust-perf raw n=444 total_us=42189 rebuild_us=67 layout_us=2507 paint_us=235 encode_us=137 acquire_us=92 submit_us=39148 skipped=0
frust_shell_common::perf: frust-perf raw n=445 total_us=41428 rebuild_us=66 layout_us=2704 paint_us=256 encode_us=125 acquire_us=76 submit_us=38199 skipped=0
frust_shell_common::perf: frust-perf raw n=446 total_us=43058 rebuild_us=71 layout_us=2681 paint_us=256 encode_us=154 acquire_us=86 submit_us=39809 skipped=0
frust_shell_common::perf: frust-perf raw n=447 total_us=41932 rebuild_us=84 layout_us=2660 paint_us=254 encode_us=113 acquire_us=74 submit_us=38745 skipped=0
frust_shell_common::perf: frust-perf raw n=448 total_us=43199 rebuild_us=63 layout_us=2688 paint_us=275 encode_us=145 acquire_us=95 submit_us=39929 skipped=0
frust_shell_common::perf: frust-perf raw n=449 total_us=42455 rebuild_us=71 layout_us=2749 paint_us=265 encode_us=156 acquire_us=95 submit_us=39117 skipped=0
frust_shell_common::perf: frust-perf raw n=450 total_us=42156 rebuild_us=74 layout_us=2704 paint_us=256 encode_us=118 acquire_us=85 submit_us=38918 skipped=0
frust_shell_common::perf: frust-perf raw n=451 total_us=42425 rebuild_us=65 layout_us=2693 paint_us=257 encode_us=165 acquire_us=84 submit_us=39159 skipped=0
frust_shell_common::perf: frust-perf raw n=452 total_us=41660 rebuild_us=69 layout_us=2638 paint_us=258 encode_us=121 acquire_us=77 submit_us=38494 skipped=0
frust_shell_common::perf: frust-perf raw n=453 total_us=42693 rebuild_us=71 layout_us=2697 paint_us=256 encode_us=154 acquire_us=97 submit_us=39415 skipped=0
frust_shell_common::perf: frust-perf raw n=454 total_us=41928 rebuild_us=75 layout_us=2750 paint_us=262 encode_us=120 acquire_us=89 submit_us=38629 skipped=0
frust_shell_common::perf: frust-perf raw n=455 total_us=42903 rebuild_us=74 layout_us=2638 paint_us=254 encode_us=157 acquire_us=92 submit_us=39685 skipped=0
frust_shell_common::perf: frust-perf raw n=456 total_us=41624 rebuild_us=72 layout_us=2618 paint_us=250 encode_us=117 acquire_us=86 submit_us=38479 skipped=0
frust_shell_common::perf: frust-perf raw n=457 total_us=42913 rebuild_us=61 layout_us=2697 paint_us=271 encode_us=148 acquire_us=92 submit_us=39640 skipped=0
frust_shell_common::perf: frust-perf raw n=458 total_us=41231 rebuild_us=77 layout_us=2557 paint_us=250 encode_us=118 acquire_us=80 submit_us=38146 skipped=0
frust_shell_common::perf: frust-perf raw n=459 total_us=42767 rebuild_us=70 layout_us=2640 paint_us=263 encode_us=146 acquire_us=85 submit_us=39560 skipped=0
frust_shell_common::perf: frust-perf raw n=460 total_us=41840 rebuild_us=79 layout_us=2708 paint_us=272 encode_us=121 acquire_us=77 submit_us=38580 skipped=0
frust_shell_common::perf: frust-perf raw n=461 total_us=42663 rebuild_us=67 layout_us=2655 paint_us=251 encode_us=139 acquire_us=93 submit_us=39455 skipped=0
frust_shell_common::perf: frust-perf raw n=462 total_us=42599 rebuild_us=71 layout_us=2749 paint_us=268 encode_us=117 acquire_us=75 submit_us=39317 skipped=0
frust_shell_common::perf: frust-perf raw n=463 total_us=42041 rebuild_us=66 layout_us=2681 paint_us=264 encode_us=115 acquire_us=77 submit_us=38835 skipped=0
frust_shell_common::perf: frust-perf raw n=464 total_us=41849 rebuild_us=70 layout_us=2763 paint_us=265 encode_us=120 acquire_us=74 submit_us=38554 skipped=0
frust_shell_common::perf: frust-perf raw n=465 total_us=42748 rebuild_us=67 layout_us=2694 paint_us=261 encode_us=144 acquire_us=80 submit_us=39500 skipped=0
frust_shell_common::perf: frust-perf raw n=466 total_us=42484 rebuild_us=80 layout_us=2604 paint_us=249 encode_us=120 acquire_us=81 submit_us=39347 skipped=0
frust_shell_common::perf: frust-perf raw n=467 total_us=41567 rebuild_us=82 layout_us=2580 paint_us=242 encode_us=116 acquire_us=82 submit_us=38462 skipped=0
frust_shell_common::perf: frust-perf raw n=468 total_us=42856 rebuild_us=85 layout_us=2706 paint_us=269 encode_us=151 acquire_us=82 submit_us=39560 skipped=0
frust_shell_common::perf: frust-perf raw n=469 total_us=42460 rebuild_us=87 layout_us=3582 paint_us=320 encode_us=116 acquire_us=75 submit_us=38279 skipped=0
frust_shell_common::perf: frust-perf raw n=470 total_us=43025 rebuild_us=78 layout_us=2730 paint_us=264 encode_us=156 acquire_us=115 submit_us=39679 skipped=0
frust_shell_android::app::frame: frust-perf platform-view tail depth=0 target=0 acquire_bound=false frame=1680 expected_present_us=0 acquire_us=91 period_us=11129
frust_shell_common::perf: frust-perf raw n=471 total_us=42973 rebuild_us=83 layout_us=3722 paint_us=357 encode_us=116 acquire_us=103 submit_us=38590 skipped=0
frust_shell_common::perf: frust-perf raw n=472 total_us=42636 rebuild_us=69 layout_us=2756 paint_us=263 encode_us=153 acquire_us=84 submit_us=39309 skipped=0
frust_shell_common::perf: frust-perf raw n=473 total_us=41694 rebuild_us=67 layout_us=2705 paint_us=260 encode_us=117 acquire_us=76 submit_us=38468 skipped=0
frust_shell_common::perf: frust-perf raw n=474 total_us=42342 rebuild_us=80 layout_us=2631 paint_us=247 encode_us=160 acquire_us=93 submit_us=39129 skipped=0
frust_shell_common::perf: frust-perf raw n=475 total_us=42067 rebuild_us=72 layout_us=2713 paint_us=260 encode_us=116 acquire_us=125 submit_us=38778 skipped=0
frust_shell_common::perf: frust-perf raw n=476 total_us=42310 rebuild_us=69 layout_us=2660 paint_us=252 encode_us=135 acquire_us=83 submit_us=39108 skipped=0
frust_shell_common::perf: frust-perf raw n=477 total_us=41300 rebuild_us=66 layout_us=2727 paint_us=256 encode_us=119 acquire_us=75 submit_us=38054 skipped=0
frust_shell_common::perf: frust-perf raw n=478 total_us=42734 rebuild_us=62 layout_us=2654 paint_us=251 encode_us=172 acquire_us=93 submit_us=39499 skipped=0
frust_shell_common::perf: frust-perf raw n=479 total_us=41781 rebuild_us=82 layout_us=2759 paint_us=273 encode_us=117 acquire_us=102 submit_us=38446 skipped=0
frust_shell_common::perf: frust-perf raw n=480 total_us=42578 rebuild_us=74 layout_us=2697 paint_us=252 encode_us=135 acquire_us=92 submit_us=39325 skipped=0
frust_shell_common::perf: frust-perf frame n=120 total_p50_ms=42 total_p95_ms=43 total_p99_ms=43 rebuild_p95_ms=0 layout_p95_ms=3 paint_p95_ms=0 encode_p95_ms=0 acquire_p95_ms=0 submit_p95_ms=39 over_60hz=480 over_120hz=480 skipped=0 total_frames=480
frust_shell_common::perf: frust-perf raw n=481 total_us=41500 rebuild_us=71 layout_us=2703 paint_us=262 encode_us=124 acquire_us=78 submit_us=38260 skipped=0
frust_shell_common::perf: frust-perf raw n=482 total_us=42108 rebuild_us=63 layout_us=2626 paint_us=254 encode_us=140 acquire_us=90 submit_us=38933 skipped=0
frust_shell_common::perf: frust-perf raw n=483 total_us=41725 rebuild_us=66 layout_us=2547 paint_us=241 encode_us=112 acquire_us=75 submit_us=38680 skipped=0
frust_shell_common::perf: frust-perf raw n=484 total_us=42400 rebuild_us=74 layout_us=2776 paint_us=266 encode_us=147 acquire_us=104 submit_us=39031 skipped=0
frust_shell_common::perf: frust-perf raw n=485 total_us=41886 rebuild_us=70 layout_us=2577 paint_us=242 encode_us=114 acquire_us=74 submit_us=38808 skipped=0
frust_shell_common::perf: frust-perf raw n=486 total_us=41980 rebuild_us=65 layout_us=2529 paint_us=237 encode_us=115 acquire_us=87 submit_us=38944 skipped=0
frust_shell_common::perf: frust-perf raw n=487 total_us=42126 rebuild_us=72 layout_us=2732 paint_us=259 encode_us=117 acquire_us=77 submit_us=38867 skipped=0
frust_shell_common::perf: frust-perf raw n=488 total_us=41949 rebuild_us=69 layout_us=2627 paint_us=293 encode_us=117 acquire_us=80 submit_us=38760 skipped=0
frust_shell_common::perf: frust-perf raw n=489 total_us=42076 rebuild_us=72 layout_us=2777 paint_us=262 encode_us=119 acquire_us=76 submit_us=38768 skipped=0
frust_shell_common::perf: frust-perf raw n=490 total_us=41788 rebuild_us=61 layout_us=2679 paint_us=260 encode_us=116 acquire_us=122 submit_us=38548 skipped=0
frust_shell_common::perf: frust-perf raw n=491 total_us=42651 rebuild_us=68 layout_us=2720 paint_us=261 encode_us=119 acquire_us=77 submit_us=39404 skipped=0
frust_shell_common::perf: frust-perf raw n=492 total_us=42456 rebuild_us=113 layout_us=2677 paint_us=261 encode_us=117 acquire_us=76 submit_us=39210 skipped=0
frust_shell_common::perf: frust-perf raw n=493 total_us=42828 rebuild_us=64 layout_us=2671 paint_us=260 encode_us=133 acquire_us=82 submit_us=39616 skipped=0
frust_shell_common::perf: frust-perf raw n=494 total_us=42053 rebuild_us=79 layout_us=2814 paint_us=268 encode_us=150 acquire_us=93 submit_us=38646 skipped=0
frust_shell_common::perf: frust-perf raw n=495 total_us=42646 rebuild_us=68 layout_us=2687 paint_us=256 encode_us=152 acquire_us=84 submit_us=39395 skipped=0
frust_shell_common::perf: frust-perf raw n=496 total_us=42290 rebuild_us=70 layout_us=2579 paint_us=246 encode_us=113 acquire_us=74 submit_us=39205 skipped=0
frust_shell_common::perf: frust-perf raw n=497 total_us=43058 rebuild_us=63 layout_us=2738 paint_us=257 encode_us=137 acquire_us=93 submit_us=39766 skipped=0
frust_shell_common::perf: frust-perf raw n=498 total_us=41372 rebuild_us=75 layout_us=2659 paint_us=294 encode_us=120 acquire_us=75 submit_us=38145 skipped=0
frust_shell_common::perf: frust-perf raw n=499 total_us=42649 rebuild_us=71 layout_us=2652 paint_us=306 encode_us=141 acquire_us=79 submit_us=39397 skipped=0
frust_shell_common::perf: frust-perf raw n=500 total_us=41466 rebuild_us=76 layout_us=2735 paint_us=262 encode_us=119 acquire_us=86 submit_us=38187 skipped=0
frust_shell_common::perf: frust-perf raw n=501 total_us=42707 rebuild_us=61 layout_us=2663 paint_us=254 encode_us=139 acquire_us=84 submit_us=39505 skipped=0
