frust_shell_common::perf: frust-perf raw n=4384 total_us=9148 rebuild_us=514 layout_us=0 paint_us=267 encode_us=6598 acquire_us=83 submit_us=1682 skipped=0
frust_shell_android::app::frame: frust-perf platform-view tail depth=0 target=0 acquire_bound=false frame=102149 expected_present_us=0 acquire_us=80 period_us=11136
frust-perf activity-create
frust_shell_common::perf: bench-scenario-start s1
frust_render::context: frust-perf surface-caps formats=[Rgba8UnormSrgb,Rgba8Unorm,Rgba16Float,Rgb10a2Unorm] usages=TextureUsages(COPY_SRC | COPY_DST | TEXTURE_BINDING | STORAGE_BINDING | RENDER_ATTACHMENT | STORAGE_ATOMIC) direct_to_surface=YES (Rgba8Unorm+STORAGE_BINDING)
frust_render::context: frust-perf render-path direct (Rgba8Unorm+STORAGE_BINDING)
frust_shell_common::perf: bench-scenario-end s1
frust_shell_common::perf: bench-scenario-start s2
frust_shell_common::perf: frust-perf startup init_entry=0ms font_preinit_started=0ms font_preinit_joined=0ms preinit_started=0ms preinit_joined=14ms cache_loaded=14ms pipeline_cache_restored=14ms adapter_ready=79ms device_ready=79ms renderer_ready=79ms first_rebuild_done=99ms first_encode_done=100ms first_frame_presented=126ms
frust_shell_common::perf: frust-perf raw n=1 total_us=28703 rebuild_us=618 layout_us=838 paint_us=202 encode_us=140 acquire_us=33 submit_us=26869 skipped=0
frust_shell_common::perf: frust-perf raw n=2 total_us=137508 rebuild_us=330 layout_us=1359 paint_us=866 encode_us=72 acquire_us=18 submit_us=134860 skipped=0
frust_shell_common::perf: frust-perf raw n=3 total_us=93150 rebuild_us=74 layout_us=920 paint_us=150 encode_us=78 acquire_us=36 submit_us=91889 skipped=0
frust_shell_common::perf: frust-perf raw n=4 total_us=127456 rebuild_us=72 layout_us=860 paint_us=155 encode_us=95 acquire_us=80 submit_us=126192 skipped=0
frust_shell_common::perf: frust-perf raw n=5 total_us=47267 rebuild_us=75 layout_us=904 paint_us=148 encode_us=114 acquire_us=56 submit_us=45968 skipped=0
frust_shell_common::perf: frust-perf raw n=6 total_us=44042 rebuild_us=74 layout_us=921 paint_us=192 encode_us=111 acquire_us=60 submit_us=42682 skipped=0
frust_shell_common::perf: frust-perf raw n=7 total_us=42886 rebuild_us=87 layout_us=720 paint_us=149 encode_us=127 acquire_us=66 submit_us=41734 skipped=0
frust_shell_common::perf: frust-perf raw n=8 total_us=40959 rebuild_us=73 layout_us=753 paint_us=162 encode_us=112 acquire_us=51 submit_us=39806 skipped=0
frust_shell_common::perf: frust-perf raw n=9 total_us=43363 rebuild_us=77 layout_us=878 paint_us=167 encode_us=140 acquire_us=96 submit_us=42003 skipped=0
frust_shell_common::perf: frust-perf raw n=10 total_us=41423 rebuild_us=80 layout_us=885 paint_us=154 encode_us=95 acquire_us=80 submit_us=40128 skipped=0
frust_shell_common::perf: frust-perf raw n=11 total_us=41924 rebuild_us=47 layout_us=1336 paint_us=495 encode_us=104 acquire_us=80 submit_us=39859 skipped=0
frust_shell_common::perf: frust-perf raw n=12 total_us=40500 rebuild_us=50 layout_us=808 paint_us=127 encode_us=86 acquire_us=74 submit_us=39352 skipped=0
frust_shell_common::perf: frust-perf raw n=13 total_us=41861 rebuild_us=136 layout_us=1156 paint_us=168 encode_us=105 acquire_us=80 submit_us=40213 skipped=0
frust_shell_common::perf: frust-perf raw n=14 total_us=40914 rebuild_us=137 layout_us=1205 paint_us=162 encode_us=95 acquire_us=73 submit_us=39238 skipped=0
frust_shell_common::perf: frust-perf raw n=15 total_us=41684 rebuild_us=151 layout_us=1206 paint_us=182 encode_us=114 acquire_us=82 submit_us=39947 skipped=0
frust_shell_common::perf: frust-perf raw n=16 total_us=41540 rebuild_us=51 layout_us=1057 paint_us=164 encode_us=123 acquire_us=73 submit_us=40071 skipped=0
frust_shell_common::perf: frust-perf raw n=17 total_us=40843 rebuild_us=138 layout_us=1206 paint_us=171 encode_us=104 acquire_us=82 submit_us=39139 skipped=0
frust_shell_common::perf: frust-perf raw n=18 total_us=42212 rebuild_us=133 layout_us=1209 paint_us=164 encode_us=100 acquire_us=80 submit_us=40523 skipped=0
frust_shell_common::perf: frust-perf raw n=19 total_us=41300 rebuild_us=46 layout_us=778 paint_us=133 encode_us=87 acquire_us=70 submit_us=40182 skipped=0
frust_shell_common::perf: frust-perf raw n=20 total_us=40380 rebuild_us=47 layout_us=769 paint_us=133 encode_us=101 acquire_us=69 submit_us=39258 skipped=0
frust_shell_common::perf: frust-perf raw n=21 total_us=41719 rebuild_us=51 layout_us=1035 paint_us=169 encode_us=103 acquire_us=71 submit_us=40288 skipped=0
frust_shell_common::perf: frust-perf raw n=22 total_us=40943 rebuild_us=48 layout_us=774 paint_us=126 encode_us=85 acquire_us=72 submit_us=39836 skipped=0
frust_shell_common::perf: frust-perf raw n=23 total_us=40604 rebuild_us=45 layout_us=765 paint_us=137 encode_us=290 acquire_us=158 submit_us=39207 skipped=0
frust_shell_common::perf: frust-perf raw n=24 total_us=41189 rebuild_us=140 layout_us=1253 paint_us=164 encode_us=104 acquire_us=80 submit_us=39445 skipped=0
frust_shell_common::perf: frust-perf raw n=25 total_us=41882 rebuild_us=137 layout_us=1256 paint_us=165 encode_us=113 acquire_us=79 submit_us=40130 skipped=0
frust_shell_android::app::frame: frust-perf platform-view tail depth=0 target=0 acquire_bound=false frame=120 expected_present_us=0 acquire_us=83 period_us=11129
frust_shell_common::perf: frust-perf raw n=26 total_us=41358 rebuild_us=63 layout_us=993 paint_us=167 encode_us=104 acquire_us=77 submit_us=39951 skipped=0
frust_shell_common::perf: frust-perf raw n=27 total_us=41331 rebuild_us=133 layout_us=1217 paint_us=159 encode_us=100 acquire_us=82 submit_us=39638 skipped=0
frust_shell_common::perf: frust-perf raw n=28 total_us=41320 rebuild_us=141 layout_us=1200 paint_us=160 encode_us=100 acquire_us=77 submit_us=39638 skipped=0
frust_shell_common::perf: frust-perf raw n=29 total_us=41109 rebuild_us=54 layout_us=1010 paint_us=162 encode_us=103 acquire_us=72 submit_us=39706 skipped=0
frust_shell_common::perf: frust-perf raw n=30 total_us=42138 rebuild_us=137 layout_us=1215 paint_us=166 encode_us=119 acquire_us=69 submit_us=40429 skipped=0
frust_shell_common::perf: frust-perf raw n=31 total_us=40684 rebuild_us=62 layout_us=986 paint_us=165 encode_us=104 acquire_us=70 submit_us=39294 skipped=0
frust_shell_common::perf: frust-perf raw n=32 total_us=42584 rebuild_us=132 layout_us=1670 paint_us=152 encode_us=100 acquire_us=74 submit_us=40452 skipped=0
frust_shell_common::perf: frust-perf raw n=33 total_us=41229 rebuild_us=138 layout_us=1245 paint_us=171 encode_us=84 acquire_us=67 submit_us=39521 skipped=0
frust_shell_common::perf: frust-perf raw n=34 total_us=40967 rebuild_us=43 layout_us=803 paint_us=134 encode_us=85 acquire_us=65 submit_us=39835 skipped=0
frust_shell_common::perf: frust-perf raw n=35 total_us=41427 rebuild_us=46 layout_us=827 paint_us=137 encode_us=121 acquire_us=78 submit_us=40215 skipped=0
frust_shell_common::perf: frust-perf raw n=36 total_us=41433 rebuild_us=60 layout_us=1003 paint_us=170 encode_us=86 acquire_us=76 submit_us=40035 skipped=0
frust_shell_common::perf: frust-perf raw n=37 total_us=41580 rebuild_us=130 layout_us=1266 paint_us=165 encode_us=86 acquire_us=76 submit_us=39853 skipped=0
frust_shell_common::perf: frust-perf raw n=38 total_us=41615 rebuild_us=142 layout_us=1205 paint_us=149 encode_us=87 acquire_us=66 submit_us=39962 skipped=0
frust_shell_common::perf: frust-perf raw n=39 total_us=40952 rebuild_us=132 layout_us=1176 paint_us=155 encode_us=85 acquire_us=72 submit_us=39330 skipped=0
frust_shell_common::perf: frust-perf raw n=40 total_us=41722 rebuild_us=135 layout_us=1183 paint_us=164 encode_us=124 acquire_us=77 submit_us=40037 skipped=0
frust_shell_common::perf: frust-perf raw n=41 total_us=41148 rebuild_us=57 layout_us=989 paint_us=165 encode_us=102 acquire_us=74 submit_us=39758 skipped=0
frust_shell_common::perf: frust-perf raw n=42 total_us=40994 rebuild_us=42 layout_us=770 paint_us=132 encode_us=87 acquire_us=73 submit_us=39887 skipped=0
frust_shell_common::perf: frust-perf raw n=43 total_us=41037 rebuild_us=57 layout_us=999 paint_us=163 encode_us=288 acquire_us=161 submit_us=39367 skipped=0
frust_shell_common::perf: frust-perf frame n=43 total_p50_ms=41 total_p95_ms=93 total_p99_ms=137 rebuild_p95_ms=0 layout_p95_ms=1 paint_p95_ms=0 encode_p95_ms=0 acquire_p95_ms=0 submit_p95_ms=91 over_60hz=43 over_120hz=43 skipped=0 total_frames=43
frust_shell_common::perf: frust-perf raw n=44 total_us=41211 rebuild_us=71 layout_us=1535 paint_us=241 encode_us=145 acquire_us=98 submit_us=39117 skipped=0
frust_shell_common::perf: frust-perf raw n=45 total_us=42233 rebuild_us=78 layout_us=1558 paint_us=245 encode_us=143 acquire_us=83 submit_us=40124 skipped=0
frust_shell_common::perf: frust-perf raw n=46 total_us=41605 rebuild_us=75 layout_us=1603 paint_us=250 encode_us=151 acquire_us=96 submit_us=39428 skipped=0
frust_shell_common::perf: frust-perf raw n=47 total_us=42622 rebuild_us=73 layout_us=1570 paint_us=249 encode_us=141 acquire_us=123 submit_us=40463 skipped=0
frust_shell_common::perf: frust-perf raw n=48 total_us=41827 rebuild_us=77 layout_us=1616 paint_us=251 encode_us=150 acquire_us=97 submit_us=39634 skipped=0
frust_shell_common::perf: frust-perf raw n=49 total_us=41963 rebuild_us=75 layout_us=1535 paint_us=244 encode_us=151 acquire_us=108 submit_us=39848 skipped=0
frust_shell_common::perf: frust-perf raw n=50 total_us=42498 rebuild_us=89 layout_us=1571 paint_us=268 encode_us=157 acquire_us=89 submit_us=40321 skipped=0
frust_shell_common::perf: frust-perf raw n=51 total_us=41069 rebuild_us=74 layout_us=1591 paint_us=251 encode_us=150 acquire_us=110 submit_us=38891 skipped=0
frust_shell_common::perf: frust-perf raw n=52 total_us=42557 rebuild_us=71 layout_us=1539 paint_us=247 encode_us=138 acquire_us=93 submit_us=40467 skipped=0
frust_shell_common::perf: frust-perf raw n=53 total_us=42076 rebuild_us=88 layout_us=1560 paint_us=256 encode_us=149 acquire_us=108 submit_us=39913 skipped=0
frust_shell_common::perf: frust-perf raw n=54 total_us=41222 rebuild_us=78 layout_us=1543 paint_us=290 encode_us=153 acquire_us=94 submit_us=39062 skipped=0
frust_shell_common::perf: frust-perf raw n=55 total_us=42507 rebuild_us=80 layout_us=1545 paint_us=255 encode_us=204 acquire_us=101 submit_us=40320 skipped=0
frust_shell_common::perf: frust-perf raw n=56 total_us=41664 rebuild_us=75 layout_us=1587 paint_us=244 encode_us=148 acquire_us=103 submit_us=39505 skipped=0
frust_shell_common::perf: frust-perf raw n=57 total_us=42288 rebuild_us=76 layout_us=1527 paint_us=258 encode_us=128 acquire_us=85 submit_us=40211 skipped=0
frust_shell_common::perf: frust-perf raw n=58 total_us=41743 rebuild_us=98 layout_us=1544 paint_us=249 encode_us=149 acquire_us=96 submit_us=39604 skipped=0
frust_shell_android::app::frame: frust-perf platform-view tail depth=0 target=0 acquire_bound=false frame=240 expected_present_us=0 acquire_us=96 period_us=11127
frust_shell_common::perf: frust-perf raw n=59 total_us=41933 rebuild_us=75 layout_us=1595 paint_us=248 encode_us=153 acquire_us=96 submit_us=39763 skipped=0
frust_shell_common::perf: frust-perf raw n=60 total_us=42855 rebuild_us=75 layout_us=1664 paint_us=266 encode_us=157 acquire_us=84 submit_us=40606 skipped=0
frust_shell_common::perf: frust-perf raw n=61 total_us=41821 rebuild_us=113 layout_us=1540 paint_us=250 encode_us=157 acquire_us=103 submit_us=39656 skipped=0
frust_shell_common::perf: frust-perf raw n=62 total_us=42038 rebuild_us=74 layout_us=1545 paint_us=242 encode_us=150 acquire_us=101 submit_us=39924 skipped=0
frust_shell_common::perf: frust-perf raw n=63 total_us=41943 rebuild_us=83 layout_us=1572 paint_us=258 encode_us=174 acquire_us=107 submit_us=39747 skipped=0
frust_shell_common::perf: frust-perf raw n=64 total_us=41735 rebuild_us=79 layout_us=1620 paint_us=257 encode_us=154 acquire_us=105 submit_us=39517 skipped=0
frust_shell_common::perf: frust-perf raw n=65 total_us=42139 rebuild_us=91 layout_us=1697 paint_us=263 encode_us=166 acquire_us=97 submit_us=39822 skipped=0
frust_shell_common::perf: frust-perf raw n=66 total_us=42160 rebuild_us=87 layout_us=1564 paint_us=249 encode_us=157 acquire_us=108 submit_us=39993 skipped=0
frust_shell_common::perf: frust-perf raw n=67 total_us=41851 rebuild_us=76 layout_us=1556 paint_us=247 encode_us=151 acquire_us=103 submit_us=39715 skipped=0
frust_shell_common::perf: frust-perf raw n=68 total_us=42338 rebuild_us=85 layout_us=1576 paint_us=314 encode_us=134 acquire_us=92 submit_us=40134 skipped=0
frust_shell_common::perf: frust-perf raw n=69 total_us=41698 rebuild_us=79 layout_us=1619 paint_us=254 encode_us=155 acquire_us=154 submit_us=39434 skipped=0
frust_shell_common::perf: frust-perf raw n=70 total_us=42746 rebuild_us=77 layout_us=1569 paint_us=247 encode_us=130 acquire_us=95 submit_us=40625 skipped=0
frust_shell_common::perf: frust-perf raw n=71 total_us=41926 rebuild_us=82 layout_us=1554 paint_us=254 encode_us=155 acquire_us=117 submit_us=39762 skipped=0
frust_shell_common::perf: frust-perf raw n=72 total_us=41995 rebuild_us=81 layout_us=1639 paint_us=259 encode_us=154 acquire_us=108 submit_us=39752 skipped=0
frust_shell_common::perf: frust-perf raw n=73 total_us=42514 rebuild_us=83 layout_us=1626 paint_us=246 encode_us=154 acquire_us=90 submit_us=40313 skipped=0
frust_shell_common::perf: frust-perf raw n=74 total_us=42261 rebuild_us=74 layout_us=1597 paint_us=250 encode_us=157 acquire_us=98 submit_us=40082 skipped=0
frust_shell_common::perf: frust-perf raw n=75 total_us=42135 rebuild_us=78 layout_us=1556 paint_us=250 encode_us=154 acquire_us=103 submit_us=39991 skipped=0
frust_shell_common::perf: frust-perf raw n=76 total_us=42367 rebuild_us=87 layout_us=1585 paint_us=263 encode_us=135 acquire_us=95 submit_us=40200 skipped=0
frust_shell_common::perf: frust-perf raw n=77 total_us=41435 rebuild_us=76 layout_us=1608 paint_us=256 encode_us=153 acquire_us=100 submit_us=39240 skipped=0
frust_shell_common::perf: frust-perf raw n=78 total_us=42736 rebuild_us=86 layout_us=1590 paint_us=268 encode_us=148 acquire_us=109 submit_us=40532 skipped=0
frust_shell_common::perf: frust-perf raw n=79 total_us=41848 rebuild_us=81 layout_us=1586 paint_us=250 encode_us=153 acquire_us=175 submit_us=39601 skipped=0
frust_shell_common::perf: frust-perf raw n=80 total_us=41536 rebuild_us=82 layout_us=1550 paint_us=289 encode_us=200 acquire_us=104 submit_us=39307 skipped=0
frust_shell_common::perf: frust-perf raw n=81 total_us=42937 rebuild_us=84 layout_us=1555 paint_us=334 encode_us=135 acquire_us=94 submit_us=40733 skipped=0
frust_shell_common::perf: frust-perf raw n=82 total_us=41199 rebuild_us=77 layout_us=1609 paint_us=251 encode_us=158 acquire_us=99 submit_us=39004 skipped=0
frust_shell_common::perf: frust-perf raw n=83 total_us=42712 rebuild_us=89 layout_us=1597 paint_us=267 encode_us=199 acquire_us=99 submit_us=40458 skipped=0
frust_shell_common::perf: frust-perf raw n=84 total_us=41783 rebuild_us=82 layout_us=1559 paint_us=247 encode_us=160 acquire_us=103 submit_us=39630 skipped=0
frust_shell_common::perf: frust-perf raw n=85 total_us=41653 rebuild_us=79 layout_us=1621 paint_us=243 encode_us=151 acquire_us=104 submit_us=39451 skipped=0
frust_shell_common::perf: frust-perf raw n=86 total_us=42705 rebuild_us=78 layout_us=1635 paint_us=250 encode_us=144 acquire_us=95 submit_us=40501 skipped=0
frust_shell_common::perf: frust-perf raw n=87 total_us=42608 rebuild_us=84 layout_us=1606 paint_us=252 encode_us=154 acquire_us=104 submit_us=40407 skipped=0
frust_shell_common::perf: frust-perf raw n=88 total_us=41895 rebuild_us=75 layout_us=1545 paint_us=251 encode_us=157 acquire_us=100 submit_us=39763 skipped=0
frust_shell_common::perf: frust-perf raw n=89 total_us=41941 rebuild_us=81 layout_us=1568 paint_us=250 encode_us=167 acquire_us=103 submit_us=39769 skipped=0
frust_shell_common::perf: frust-perf raw n=90 total_us=41846 rebuild_us=80 layout_us=1634 paint_us=243 encode_us=151 acquire_us=100 submit_us=39635 skipped=0
frust_shell_common::perf: frust-perf raw n=91 total_us=42553 rebuild_us=146 layout_us=1560 paint_us=249 encode_us=133 acquire_us=131 submit_us=40330 skipped=0
frust_shell_common::perf: frust-perf frame n=91 total_p50_ms=41 total_p95_ms=44 total_p99_ms=137 rebuild_p95_ms=0 layout_p95_ms=1 paint_p95_ms=0 encode_p95_ms=0 acquire_p95_ms=0 submit_p95_ms=42 over_60hz=91 over_120hz=91 skipped=0 total_frames=91
frust_shell_android::app::frame: frust-perf platform-view tail depth=0 target=0 acquire_bound=false frame=360 expected_present_us=0 acquire_us=116 period_us=11130
frust_shell_common::perf: frust-perf raw n=92 total_us=41935 rebuild_us=79 layout_us=1570 paint_us=255 encode_us=151 acquire_us=144 submit_us=39733 skipped=0
frust_shell_common::perf: frust-perf raw n=93 total_us=42106 rebuild_us=74 layout_us=1590 paint_us=369 encode_us=195 acquire_us=119 submit_us=39758 skipped=0
frust_shell_common::perf: frust-perf raw n=94 total_us=44797 rebuild_us=83 layout_us=3513 paint_us=315 encode_us=157 acquire_us=87 submit_us=40640 skipped=0
frust_shell_common::perf: frust-perf raw n=95 total_us=43517 rebuild_us=80 layout_us=3521 paint_us=392 encode_us=118 acquire_us=88 submit_us=39315 skipped=0
frust_shell_common::perf: frust-perf raw n=96 total_us=47010 rebuild_us=61 layout_us=2640 paint_us=45 encode_us=99 acquire_us=104 submit_us=44059 skipped=0
frust_shell_common::perf: frust-perf raw n=97 total_us=33777 rebuild_us=58 layout_us=2692 paint_us=37 encode_us=106 acquire_us=103 submit_us=30778 skipped=0
frust_shell_common::perf: frust-perf raw n=98 total_us=38145 rebuild_us=77 layout_us=2779 paint_us=44 encode_us=109 acquire_us=93 submit_us=35040 skipped=0
frust_shell_common::perf: frust-perf raw n=99 total_us=38410 rebuild_us=90 layout_us=3553 paint_us=50 encode_us=104 acquire_us=99 submit_us=34512 skipped=0
frust_shell_common::perf: frust-perf raw n=100 total_us=38978 rebuild_us=123 layout_us=3151 paint_us=308 encode_us=145 acquire_us=128 submit_us=35121 skipped=0
frust_shell_common::perf: frust-perf raw n=101 total_us=43595 rebuild_us=80 layout_us=3775 paint_us=49 encode_us=92 acquire_us=94 submit_us=39503 skipped=0
frust_shell_common::perf: frust-perf raw n=102 total_us=37597 rebuild_us=65 layout_us=2710 paint_us=38 encode_us=106 acquire_us=105 submit_us=34571 skipped=0
frust_shell_common::perf: frust-perf raw n=103 total_us=38534 rebuild_us=104 layout_us=3833 paint_us=55 encode_us=108 acquire_us=103 submit_us=34329 skipped=0
frust_shell_common::perf: frust-perf raw n=104 total_us=39590 rebuild_us=97 layout_us=3807 paint_us=352 encode_us=144 acquire_us=105 submit_us=35083 skipped=0
frust_shell_common::perf: frust-perf raw n=105 total_us=44031 rebuild_us=91 layout_us=3744 paint_us=344 encode_us=119 acquire_us=96 submit_us=39634 skipped=0
frust_shell_common::perf: frust-perf raw n=106 total_us=43746 rebuild_us=74 layout_us=2646 paint_us=325 encode_us=153 acquire_us=102 submit_us=40445 skipped=0
frust_shell_common::perf: frust-perf raw n=107 total_us=43437 rebuild_us=64 layout_us=2703 paint_us=252 encode_us=121 acquire_us=93 submit_us=40202 skipped=0
frust_shell_common::perf: frust-perf raw n=108 total_us=43191 rebuild_us=76 layout_us=2756 paint_us=258 encode_us=120 acquire_us=102 submit_us=39877 skipped=0
frust_shell_common::perf: frust-perf raw n=109 total_us=44530 rebuild_us=63 layout_us=2726 paint_us=251 encode_us=151 acquire_us=102 submit_us=41233 skipped=0
frust_shell_common::perf: frust-perf raw n=110 total_us=43471 rebuild_us=62 layout_us=2499 paint_us=227 encode_us=118 acquire_us=85 submit_us=40476 skipped=0
frust_shell_common::perf: frust-perf raw n=111 total_us=42680 rebuild_us=62 layout_us=2685 paint_us=252 encode_us=120 acquire_us=92 submit_us=39466 skipped=0
frust_shell_common::perf: frust-perf raw n=112 total_us=44163 rebuild_us=67 layout_us=2694 paint_us=252 encode_us=141 acquire_us=134 submit_us=40873 skipped=0
frust_shell_common::perf: frust-perf raw n=113 total_us=44057 rebuild_us=142 layout_us=3638 paint_us=330 encode_us=118 acquire_us=94 submit_us=39732 skipped=0
frust_shell_common::perf: frust-perf raw n=114 total_us=43500 rebuild_us=59 layout_us=2548 paint_us=232 encode_us=132 acquire_us=104 submit_us=40422 skipped=0
frust_shell_common::perf: frust-perf raw n=115 total_us=43433 rebuild_us=68 layout_us=2733 paint_us=258 encode_us=167 acquire_us=105 submit_us=40100 skipped=0
frust_shell_common::perf: frust-perf raw n=116 total_us=41214 rebuild_us=60 layout_us=709 paint_us=179 encode_us=156 acquire_us=118 submit_us=39990 skipped=0
frust_shell_common::perf: frust-perf raw n=117 total_us=41859 rebuild_us=58 layout_us=405 paint_us=305 encode_us=84 acquire_us=54 submit_us=40951 skipped=0
frust_shell_common::perf: frust-perf raw n=118 total_us=44589 rebuild_us=86 layout_us=3884 paint_us=357 encode_us=268 acquire_us=145 submit_us=39847 skipped=0
frust_shell_common::perf: frust-perf raw n=119 total_us=43125 rebuild_us=61 layout_us=2695 paint_us=248 encode_us=115 acquire_us=79 submit_us=39924 skipped=0
frust_shell_common::perf: frust-perf raw n=120 total_us=44033 rebuild_us=63 layout_us=2559 paint_us=235 encode_us=171 acquire_us=106 submit_us=40897 skipped=0
frust_shell_common::perf: frust-perf raw n=121 total_us=43175 rebuild_us=74 layout_us=2773 paint_us=259 encode_us=119 acquire_us=84 submit_us=39864 skipped=0
frust_shell_common::perf: frust-perf raw n=122 total_us=43268 rebuild_us=62 layout_us=2638 paint_us=243 encode_us=115 acquire_us=80 submit_us=40127 skipped=0
frust_shell_common::perf: frust-perf raw n=123 total_us=43462 rebuild_us=60 layout_us=2520 paint_us=230 encode_us=138 acquire_us=91 submit_us=40420 skipped=0
frust_shell_common::perf: frust-perf raw n=124 total_us=42637 rebuild_us=61 layout_us=2668 paint_us=246 encode_us=116 acquire_us=87 submit_us=39456 skipped=0
frust_shell_common::perf: frust-perf raw n=125 total_us=43718 rebuild_us=61 layout_us=2694 paint_us=249 encode_us=180 acquire_us=95 submit_us=40436 skipped=0
frust_shell_android::app::frame: frust-perf platform-view tail depth=0 target=0 acquire_bound=false frame=480 expected_present_us=0 acquire_us=89 period_us=11129
frust_shell_common::perf: frust-perf raw n=126 total_us=43729 rebuild_us=69 layout_us=2741 paint_us=254 encode_us=135 acquire_us=86 submit_us=40442 skipped=0
frust_shell_common::perf: frust-perf raw n=127 total_us=43270 rebuild_us=64 layout_us=2602 paint_us=245 encode_us=114 acquire_us=82 submit_us=40160 skipped=0
frust_shell_common::perf: frust-perf raw n=128 total_us=43673 rebuild_us=61 layout_us=2684 paint_us=261 encode_us=135 acquire_us=85 submit_us=40443 skipped=0
frust_shell_common::perf: frust-perf raw n=129 total_us=42998 rebuild_us=62 layout_us=2678 paint_us=248 encode_us=152 acquire_us=112 submit_us=39744 skipped=0
frust_shell_common::perf: frust-perf raw n=130 total_us=43281 rebuild_us=70 layout_us=2649 paint_us=252 encode_us=115 acquire_us=83 submit_us=40110 skipped=0
frust_shell_common::perf: frust-perf raw n=131 total_us=43629 rebuild_us=63 layout_us=2650 paint_us=250 encode_us=139 acquire_us=92 submit_us=40433 skipped=0
frust_shell_common::perf: frust-perf raw n=132 total_us=44865 rebuild_us=78 layout_us=3707 paint_us=346 encode_us=118 acquire_us=81 submit_us=40533 skipped=0
frust_shell_common::perf: frust-perf raw n=133 total_us=43267 rebuild_us=74 layout_us=2772 paint_us=259 encode_us=115 acquire_us=77 submit_us=39968 skipped=0
frust_shell_common::perf: frust-perf raw n=134 total_us=43817 rebuild_us=66 layout_us=2702 paint_us=254 encode_us=138 acquire_us=86 submit_us=40568 skipped=0
frust_shell_common::perf: frust-perf raw n=135 total_us=44249 rebuild_us=66 layout_us=2661 paint_us=317 encode_us=117 acquire_us=80 submit_us=41006 skipped=0
frust_shell_common::perf: frust-perf raw n=136 total_us=43115 rebuild_us=83 layout_us=2784 paint_us=251 encode_us=115 acquire_us=72 submit_us=39808 skipped=0
frust_shell_common::perf: frust-perf raw n=137 total_us=43544 rebuild_us=63 layout_us=2740 paint_us=251 encode_us=88 acquire_us=62 submit_us=40337 skipped=0
frust_shell_common::perf: frust-perf raw n=138 total_us=43958 rebuild_us=63 layout_us=2782 paint_us=252 encode_us=114 acquire_us=79 submit_us=40667 skipped=0
frust_shell_common::perf: frust-perf frame n=120 total_p50_ms=42 total_p95_ms=44 total_p99_ms=44 rebuild_p95_ms=0 layout_p95_ms=3 paint_p95_ms=0 encode_p95_ms=0 acquire_p95_ms=0 submit_p95_ms=40 over_60hz=138 over_120hz=138 skipped=0 total_frames=138
frust_shell_common::perf: frust-perf raw n=139 total_us=42894 rebuild_us=65 layout_us=2626 paint_us=281 encode_us=116 acquire_us=93 submit_us=39712 skipped=0
frust_shell_common::perf: frust-perf raw n=140 total_us=44089 rebuild_us=60 layout_us=2722 paint_us=247 encode_us=147 acquire_us=85 submit_us=40825 skipped=0
frust_shell_common::perf: frust-perf raw n=141 total_us=42954 rebuild_us=76 layout_us=2770 paint_us=258 encode_us=115 acquire_us=89 submit_us=39644 skipped=0
frust_shell_common::perf: frust-perf raw n=142 total_us=43750 rebuild_us=55 layout_us=2648 paint_us=253 encode_us=139 acquire_us=97 submit_us=40556 skipped=0
frust_shell_common::perf: frust-perf raw n=143 total_us=43953 rebuild_us=67 layout_us=2677 paint_us=247 encode_us=152 acquire_us=108 submit_us=40699 skipped=0
frust_shell_common::perf: frust-perf raw n=144 total_us=43098 rebuild_us=73 layout_us=2725 paint_us=257 encode_us=118 acquire_us=80 submit_us=39843 skipped=0
frust_shell_common::perf: frust-perf raw n=145 total_us=43801 rebuild_us=63 layout_us=2754 paint_us=254 encode_us=126 acquire_us=96 submit_us=40506 skipped=0
frust_shell_common::perf: frust-perf raw n=146 total_us=43787 rebuild_us=86 layout_us=2658 paint_us=249 encode_us=112 acquire_us=78 submit_us=40602 skipped=0
frust_shell_common::perf: frust-perf raw n=147 total_us=42403 rebuild_us=59 layout_us=2650 paint_us=292 encode_us=118 acquire_us=82 submit_us=39199 skipped=0
frust_shell_common::perf: frust-perf raw n=148 total_us=43869 rebuild_us=68 layout_us=2636 paint_us=248 encode_us=140 acquire_us=84 submit_us=40689 skipped=0
frust_shell_common::perf: frust-perf raw n=149 total_us=43152 rebuild_us=62 layout_us=2714 paint_us=248 encode_us=155 acquire_us=95 submit_us=39876 skipped=0
frust_shell_common::perf: frust-perf raw n=150 total_us=42990 rebuild_us=58 layout_us=2733 paint_us=249 encode_us=115 acquire_us=80 submit_us=39753 skipped=0
frust_shell_common::perf: frust-perf raw n=151 total_us=43426 rebuild_us=75 layout_us=2749 paint_us=260 encode_us=151 acquire_us=86 submit_us=40102 skipped=0
frust_shell_common::perf: frust-perf raw n=152 total_us=42485 rebuild_us=61 layout_us=2519 paint_us=298 encode_us=115 acquire_us=80 submit_us=39409 skipped=0
frust_shell_common::perf: frust-perf raw n=153 total_us=43867 rebuild_us=58 layout_us=2705 paint_us=248 encode_us=146 acquire_us=84 submit_us=40624 skipped=0
frust_shell_common::perf: frust-perf raw n=154 total_us=43518 rebuild_us=62 layout_us=2702 paint_us=251 encode_us=117 acquire_us=79 submit_us=40304 skipped=0
frust_shell_common::perf: frust-perf raw n=155 total_us=41971 rebuild_us=59 layout_us=2533 paint_us=227 encode_us=114 acquire_us=85 submit_us=38950 skipped=0
frust_shell_common::perf: frust-perf raw n=156 total_us=43600 rebuild_us=79 layout_us=2720 paint_us=260 encode_us=154 acquire_us=93 submit_us=40292 skipped=0
frust_shell_common::perf: frust-perf raw n=157 total_us=42902 rebuild_us=58 layout_us=2688 paint_us=248 encode_us=114 acquire_us=90 submit_us=39701 skipped=0
frust_shell_common::perf: frust-perf raw n=158 total_us=43436 rebuild_us=58 layout_us=2672 paint_us=252 encode_us=130 acquire_us=85 submit_us=40237 skipped=0
frust_shell_android::app::frame: frust-perf platform-view tail depth=0 target=0 acquire_bound=false frame=600 expected_present_us=0 acquire_us=84 period_us=11128
frust_shell_common::perf: frust-perf raw n=159 total_us=42929 rebuild_us=59 layout_us=2697 paint_us=248 encode_us=120 acquire_us=81 submit_us=39721 skipped=0
frust_shell_common::perf: frust-perf raw n=160 total_us=42181 rebuild_us=63 layout_us=2665 paint_us=256 encode_us=119 acquire_us=82 submit_us=38994 skipped=0
frust_shell_common::perf: frust-perf raw n=161 total_us=43819 rebuild_us=64 layout_us=2653 paint_us=287 encode_us=152 acquire_us=84 submit_us=40577 skipped=0
frust_shell_common::perf: frust-perf raw n=162 total_us=43195 rebuild_us=66 layout_us=2745 paint_us=247 encode_us=117 acquire_us=81 submit_us=39936 skipped=0
frust_shell_common::perf: frust-perf raw n=163 total_us=43959 rebuild_us=61 layout_us=2706 paint_us=250 encode_us=141 acquire_us=88 submit_us=40709 skipped=0
frust_shell_common::perf: frust-perf raw n=164 total_us=43789 rebuild_us=63 layout_us=2691 paint_us=251 encode_us=144 acquire_us=86 submit_us=40551 skipped=0
frust_shell_common::perf: frust-perf raw n=165 total_us=43080 rebuild_us=59 layout_us=2727 paint_us=249 encode_us=117 acquire_us=89 submit_us=39837 skipped=0
frust_shell_common::perf: frust-perf raw n=166 total_us=43632 rebuild_us=66 layout_us=2576 paint_us=234 encode_us=142 acquire_us=87 submit_us=40524 skipped=0
frust_shell_common::perf: frust-perf raw n=167 total_us=43225 rebuild_us=68 layout_us=2603 paint_us=237 encode_us=148 acquire_us=112 submit_us=40055 skipped=0
frust_shell_common::perf: frust-perf raw n=168 total_us=43181 rebuild_us=64 layout_us=2738 paint_us=247 encode_us=113 acquire_us=92 submit_us=39924 skipped=0
frust_shell_common::perf: frust-perf raw n=169 total_us=43657 rebuild_us=60 layout_us=2694 paint_us=244 encode_us=161 acquire_us=142 submit_us=40353 skipped=0
frust_shell_common::perf: frust-perf raw n=170 total_us=43415 rebuild_us=64 layout_us=2594 paint_us=229 encode_us=112 acquire_us=89 submit_us=40324 skipped=0
frust_shell_common::perf: frust-perf raw n=171 total_us=43160 rebuild_us=61 layout_us=2683 paint_us=244 encode_us=118 acquire_us=81 submit_us=39970 skipped=0
frust_shell_common::perf: frust-perf raw n=172 total_us=43958 rebuild_us=68 layout_us=2581 paint_us=229 encode_us=136 acquire_us=85 submit_us=40856 skipped=0
frust_shell_common::perf: frust-perf raw n=173 total_us=43090 rebuild_us=59 layout_us=2526 paint_us=230 encode_us=115 acquire_us=80 submit_us=40077 skipped=0
frust_shell_common::perf: frust-perf raw n=174 total_us=42828 rebuild_us=70 layout_us=2772 paint_us=261 encode_us=114 acquire_us=79 submit_us=39530 skipped=0
frust_shell_common::perf: frust-perf raw n=175 total_us=43452 rebuild_us=63 layout_us=2720 paint_us=249 encode_us=136 acquire_us=85 submit_us=40197 skipped=0
frust_shell_common::perf: frust-perf raw n=176 total_us=43048 rebuild_us=58 layout_us=2652 paint_us=247 encode_us=116 acquire_us=117 submit_us=39855 skipped=0
frust_shell_common::perf: frust-perf raw n=177 total_us=43926 rebuild_us=68 layout_us=2727 paint_us=250 encode_us=157 acquire_us=97 submit_us=40625 skipped=0
frust_shell_common::perf: frust-perf raw n=178 total_us=43397 rebuild_us=59 layout_us=2662 paint_us=254 encode_us=157 acquire_us=111 submit_us=40152 skipped=0
frust_shell_common::perf: frust-perf raw n=179 total_us=43182 rebuild_us=69 layout_us=2791 paint_us=257 encode_us=116 acquire_us=86 submit_us=39860 skipped=0
frust_shell_common::perf: frust-perf raw n=180 total_us=43377 rebuild_us=66 layout_us=2744 paint_us=250 encode_us=134 acquire_us=94 submit_us=40087 skipped=0
frust_shell_common::perf: frust-perf raw n=181 total_us=43483 rebuild_us=63 layout_us=2700 paint_us=252 encode_us=116 acquire_us=100 submit_us=40249 skipped=0
frust_shell_common::perf: frust-perf raw n=182 total_us=43048 rebuild_us=62 layout_us=2715 paint_us=253 encode_us=114 acquire_us=88 submit_us=39812 skipped=0
frust_shell_common::perf: frust-perf raw n=183 total_us=43802 rebuild_us=58 layout_us=2551 paint_us=234 encode_us=155 acquire_us=86 submit_us=40717 skipped=0
frust_shell_common::perf: frust-perf raw n=184 total_us=44285 rebuild_us=95 layout_us=3860 paint_us=415 encode_us=116 acquire_us=87 submit_us=39710 skipped=0
frust_shell_common::perf: frust-perf raw n=185 total_us=43379 rebuild_us=58 layout_us=2654 paint_us=247 encode_us=127 acquire_us=96 submit_us=40194 skipped=0
frust_shell_common::perf: frust-perf frame n=120 total_p50_ms=43 total_p95_ms=44 total_p99_ms=44 rebuild_p95_ms=0 layout_p95_ms=3 paint_p95_ms=0 encode_p95_ms=0 acquire_p95_ms=0 submit_p95_ms=40 over_60hz=185 over_120hz=185 skipped=0 total_frames=185
frust_shell_common::perf: frust-perf raw n=186 total_us=44430 rebuild_us=73 layout_us=3530 paint_us=315 encode_us=112 acquire_us=82 submit_us=40314 skipped=0
frust_shell_common::perf: frust-perf raw n=187 total_us=43120 rebuild_us=64 layout_us=2731 paint_us=253 encode_us=115 acquire_us=90 submit_us=39865 skipped=0
frust_shell_common::perf: frust-perf raw n=188 total_us=43817 rebuild_us=63 layout_us=2702 paint_us=250 encode_us=138 acquire_us=96 submit_us=40566 skipped=0
frust_shell_common::perf: frust-perf raw n=189 total_us=43076 rebuild_us=75 layout_us=2600 paint_us=234 encode_us=115 acquire_us=79 submit_us=39972 skipped=0
frust_shell_common::perf: frust-perf raw n=190 total_us=42897 rebuild_us=60 layout_us=2641 paint_us=283 encode_us=115 acquire_us=90 submit_us=39706 skipped=0
frust_shell_common::perf: frust-perf raw n=191 total_us=44172 rebuild_us=62 layout_us=2696 paint_us=254 encode_us=149 acquire_us=82 submit_us=40926 skipped=0
frust_shell_android::app::frame: frust-perf platform-view tail depth=0 target=0 acquire_bound=false frame=720 expected_present_us=0 acquire_us=85 period_us=11135
frust_shell_common::perf: frust-perf raw n=192 total_us=43059 rebuild_us=65 layout_us=2606 paint_us=232 encode_us=113 acquire_us=85 submit_us=39956 skipped=0
frust_shell_common::perf: frust-perf raw n=193 total_us=43213 rebuild_us=62 layout_us=2709 paint_us=263 encode_us=117 acquire_us=91 submit_us=39968 skipped=0
frust_shell_common::perf: frust-perf raw n=194 total_us=43491 rebuild_us=62 layout_us=2638 paint_us=254 encode_us=137 acquire_us=91 submit_us=40306 skipped=0
frust_shell_common::perf: frust-perf raw n=195 total_us=42231 rebuild_us=63 layout_us=2563 paint_us=234 encode_us=114 acquire_us=90 submit_us=39165 skipped=0
frust_shell_common::perf: frust-perf raw n=196 total_us=44164 rebuild_us=61 layout_us=2690 paint_us=248 encode_us=156 acquire_us=84 submit_us=40924 skipped=0
frust_shell_common::perf: frust-perf raw n=197 total_us=43497 rebuild_us=66 layout_us=2736 paint_us=255 encode_us=117 acquire_us=82 submit_us=40238 skipped=0
frust_shell_common::perf: frust-perf raw n=198 total_us=42425 rebuild_us=60 layout_us=2636 paint_us=246 encode_us=118 acquire_us=82 submit_us=39281 skipped=0
frust_shell_common::perf: frust-perf raw n=199 total_us=43669 rebuild_us=62 layout_us=2659 paint_us=310 encode_us=162 acquire_us=93 submit_us=40380 skipped=0
frust_shell_common::perf: frust-perf raw n=200 total_us=42691 rebuild_us=64 layout_us=2710 paint_us=254 encode_us=155 acquire_us=153 submit_us=39352 skipped=0
frust_shell_common::perf: frust-perf raw n=201 total_us=43575 rebuild_us=60 layout_us=2669 paint_us=245 encode_us=128 acquire_us=86 submit_us=40385 skipped=0
frust_shell_common::perf: frust-perf raw n=202 total_us=43213 rebuild_us=62 layout_us=2757 paint_us=250 encode_us=171 acquire_us=113 submit_us=39858 skipped=0
frust_shell_common::perf: frust-perf raw n=203 total_us=42831 rebuild_us=62 layout_us=2695 paint_us=247 encode_us=120 acquire_us=90 submit_us=39615 skipped=0
frust_shell_common::perf: frust-perf raw n=204 total_us=42954 rebuild_us=63 layout_us=2557 paint_us=245 encode_us=152 acquire_us=94 submit_us=39840 skipped=0
frust_shell_common::perf: frust-perf raw n=205 total_us=44593 rebuild_us=73 layout_us=3741 paint_us=337 encode_us=113 acquire_us=78 submit_us=40249 skipped=0
frust_shell_common::perf: frust-perf raw n=206 total_us=43278 rebuild_us=88 layout_us=2767 paint_us=264 encode_us=111 acquire_us=73 submit_us=39972 skipped=0
frust_shell_common::perf: frust-perf raw n=207 total_us=44445 rebuild_us=71 layout_us=2581 paint_us=243 encode_us=157 acquire_us=103 submit_us=41287 skipped=0
frust_shell_common::perf: frust-perf raw n=208 total_us=44022 rebuild_us=74 layout_us=2747 paint_us=254 encode_us=115 acquire_us=78 submit_us=40751 skipped=0
frust_shell_common::perf: frust-perf raw n=209 total_us=43367 rebuild_us=94 layout_us=2884 paint_us=260 encode_us=113 acquire_us=76 submit_us=39938 skipped=0
frust_shell_common::perf: frust-perf raw n=210 total_us=43382 rebuild_us=61 layout_us=2700 paint_us=246 encode_us=137 acquire_us=86 submit_us=40150 skipped=0
frust_shell_common::perf: frust-perf raw n=211 total_us=43541 rebuild_us=65 layout_us=2532 paint_us=232 encode_us=111 acquire_us=87 submit_us=40511 skipped=0
frust_shell_common::perf: frust-perf raw n=212 total_us=43455 rebuild_us=60 layout_us=2754 paint_us=256 encode_us=132 acquire_us=88 submit_us=40162 skipped=0
frust_shell_common::perf: frust-perf raw n=213 total_us=43823 rebuild_us=64 layout_us=2732 paint_us=257 encode_us=140 acquire_us=92 submit_us=40534 skipped=0
frust_shell_common::perf: frust-perf raw n=214 total_us=42869 rebuild_us=74 layout_us=2669 paint_us=253 encode_us=156 acquire_us=85 submit_us=39631 skipped=0
frust_shell_common::perf: frust-perf raw n=215 total_us=43889 rebuild_us=66 layout_us=2847 paint_us=263 encode_us=215 acquire_us=107 submit_us=40389 skipped=0
frust_shell_common::perf: frust-perf raw n=216 total_us=44442 rebuild_us=67 layout_us=2824 paint_us=261 encode_us=127 acquire_us=92 submit_us=41069 skipped=0
frust_shell_common::perf: frust-perf raw n=217 total_us=42499 rebuild_us=72 layout_us=2880 paint_us=261 encode_us=125 acquire_us=94 submit_us=39065 skipped=0
frust_shell_common::perf: frust-perf raw n=218 total_us=44312 rebuild_us=69 layout_us=2832 paint_us=261 encode_us=160 acquire_us=119 submit_us=40869 skipped=0
frust_shell_common::perf: frust-perf raw n=219 total_us=43541 rebuild_us=69 layout_us=2910 paint_us=267 encode_us=135 acquire_us=94 submit_us=40063 skipped=0
frust_shell_common::perf: frust-perf raw n=220 total_us=42855 rebuild_us=69 layout_us=2804 paint_us=258 encode_us=126 acquire_us=94 submit_us=39502 skipped=0
frust_shell_common::perf: frust-perf raw n=221 total_us=44332 rebuild_us=68 layout_us=2814 paint_us=260 encode_us=158 acquire_us=115 submit_us=40915 skipped=0
frust_shell_common::perf: frust-perf raw n=222 total_us=43615 rebuild_us=68 layout_us=2907 paint_us=261 encode_us=124 acquire_us=103 submit_us=40149 skipped=0
frust_shell_common::perf: frust-perf raw n=223 total_us=42963 rebuild_us=67 layout_us=2728 paint_us=262 encode_us=128 acquire_us=98 submit_us=39676 skipped=0
frust_shell_common::perf: frust-perf raw n=224 total_us=43525 rebuild_us=65 layout_us=2761 paint_us=258 encode_us=152 acquire_us=100 submit_us=40188 skipped=0
frust_shell_android::app::frame: frust-perf platform-view tail depth=0 target=0 acquire_bound=false frame=840 expected_present_us=0 acquire_us=103 period_us=11138
frust_shell_common::perf: frust-perf raw n=225 total_us=42944 rebuild_us=68 layout_us=2835 paint_us=263 encode_us=159 acquire_us=116 submit_us=39500 skipped=0
frust_shell_common::perf: frust-perf raw n=226 total_us=44183 rebuild_us=75 layout_us=2839 paint_us=264 encode_us=156 acquire_us=121 submit_us=40725 skipped=0
frust_shell_common::perf: frust-perf raw n=227 total_us=43412 rebuild_us=80 layout_us=2882 paint_us=272 encode_us=124 acquire_us=97 submit_us=39956 skipped=0
frust_shell_common::perf: frust-perf raw n=228 total_us=43391 rebuild_us=68 layout_us=2829 paint_us=257 encode_us=123 acquire_us=97 submit_us=40014 skipped=0
frust_shell_common::perf: frust-perf raw n=229 total_us=43555 rebuild_us=68 layout_us=2735 paint_us=244 encode_us=161 acquire_us=126 submit_us=40218 skipped=0
frust_shell_common::perf: frust-perf raw n=230 total_us=42982 rebuild_us=65 layout_us=2819 paint_us=262 encode_us=128 acquire_us=103 submit_us=39602 skipped=0
frust_shell_common::perf: frust-perf raw n=231 total_us=43417 rebuild_us=59 layout_us=2688 paint_us=254 encode_us=115 acquire_us=77 submit_us=40222 skipped=0
frust_shell_common::perf: frust-perf raw n=232 total_us=43805 rebuild_us=69 layout_us=2730 paint_us=251 encode_us=138 acquire_us=92 submit_us=40522 skipped=0
frust_shell_common::perf: frust-perf frame n=120 total_p50_ms=43 total_p95_ms=44 total_p99_ms=44 rebuild_p95_ms=0 layout_p95_ms=2 paint_p95_ms=0 encode_p95_ms=0 acquire_p95_ms=0 submit_p95_ms=40 over_60hz=232 over_120hz=232 skipped=0 total_frames=232
frust_shell_common::perf: frust-perf raw n=233 total_us=43502 rebuild_us=85 layout_us=3550 paint_us=314 encode_us=112 acquire_us=80 submit_us=39359 skipped=0
frust_shell_common::perf: frust-perf raw n=234 total_us=43991 rebuild_us=63 layout_us=2728 paint_us=251 encode_us=141 acquire_us=99 submit_us=40707 skipped=0
frust_shell_common::perf: frust-perf raw n=235 total_us=42762 rebuild_us=70 layout_us=2700 paint_us=249 encode_us=120 acquire_us=82 submit_us=39539 skipped=0
frust_shell_common::perf: frust-perf raw n=236 total_us=43056 rebuild_us=61 layout_us=2499 paint_us=232 encode_us=112 acquire_us=89 submit_us=40062 skipped=0
frust_shell_common::perf: frust-perf raw n=237 total_us=43874 rebuild_us=79 layout_us=2705 paint_us=251 encode_us=156 acquire_us=90 submit_us=40591 skipped=0
frust_shell_common::perf: frust-perf raw n=238 total_us=43917 rebuild_us=77 layout_us=3712 paint_us=336 encode_us=120 acquire_us=80 submit_us=39591 skipped=0
frust_shell_common::perf: frust-perf raw n=239 total_us=42993 rebuild_us=58 layout_us=2575 paint_us=231 encode_us=110 acquire_us=82 submit_us=39934 skipped=0
frust_shell_common::perf: frust-perf raw n=240 total_us=43099 rebuild_us=64 layout_us=2709 paint_us=252 encode_us=133 acquire_us=85 submit_us=39854 skipped=0
frust_shell_common::perf: frust-perf raw n=241 total_us=43946 rebuild_us=74 layout_us=3763 paint_us=342 encode_us=116 acquire_us=82 submit_us=39565 skipped=0
frust_shell_common::perf: frust-perf raw n=242 total_us=43599 rebuild_us=67 layout_us=2710 paint_us=249 encode_us=161 acquire_us=91 submit_us=40319 skipped=0
frust_shell_common::perf: frust-perf raw n=243 total_us=44221 rebuild_us=77 layout_us=3733 paint_us=336 encode_us=115 acquire_us=80 submit_us=39877 skipped=0
frust_shell_common::perf: frust-perf raw n=244 total_us=42756 rebuild_us=60 layout_us=2713 paint_us=246 encode_us=115 acquire_us=80 submit_us=39540 skipped=0
frust_shell_common::perf: frust-perf raw n=245 total_us=43553 rebuild_us=63 layout_us=2768 paint_us=249 encode_us=137 acquire_us=84 submit_us=40248 skipped=0
frust_shell_common::perf: frust-perf raw n=246 total_us=42830 rebuild_us=64 layout_us=2714 paint_us=253 encode_us=116 acquire_us=80 submit_us=39602 skipped=0
frust_shell_common::perf: frust-perf raw n=247 total_us=43437 rebuild_us=70 layout_us=2561 paint_us=234 encode_us=154 acquire_us=94 submit_us=40321 skipped=0
frust_shell_common::perf: frust-perf raw n=248 total_us=42817 rebuild_us=65 layout_us=2683 paint_us=251 encode_us=119 acquire_us=80 submit_us=39616 skipped=0
frust_shell_common::perf: frust-perf raw n=249 total_us=42918 rebuild_us=66 layout_us=2669 paint_us=288 encode_us=114 acquire_us=81 submit_us=39697 skipped=0
frust_shell_common::perf: frust-perf raw n=250 total_us=43249 rebuild_us=63 layout_us=2510 paint_us=237 encode_us=149 acquire_us=86 submit_us=40203 skipped=0
frust_shell_common::perf: frust-perf raw n=251 total_us=43812 rebuild_us=84 layout_us=3542 paint_us=314 encode_us=112 acquire_us=88 submit_us=39669 skipped=0
frust_shell_common::perf: frust-perf raw n=252 total_us=43354 rebuild_us=66 layout_us=2690 paint_us=250 encode_us=140 acquire_us=92 submit_us=40113 skipped=0
frust_shell_common::perf: frust-perf raw n=253 total_us=43013 rebuild_us=62 layout_us=2632 paint_us=241 encode_us=117 acquire_us=78 submit_us=39882 skipped=0
frust_shell_common::perf: frust-perf raw n=254 total_us=42914 rebuild_us=59 layout_us=2603 paint_us=304 encode_us=116 acquire_us=79 submit_us=39752 skipped=0
frust_shell_common::perf: frust-perf raw n=255 total_us=43031 rebuild_us=69 layout_us=2632 paint_us=251 encode_us=148 acquire_us=94 submit_us=39835 skipped=0
frust_shell_common::perf: frust-perf raw n=256 total_us=42650 rebuild_us=64 layout_us=2653 paint_us=245 encode_us=150 acquire_us=137 submit_us=39399 skipped=0
frust_shell_common::perf: frust-perf raw n=257 total_us=43589 rebuild_us=61 layout_us=2659 paint_us=246 encode_us=128 acquire_us=92 submit_us=40401 skipped=0
frust_shell_common::perf: frust-perf raw n=258 total_us=42670 rebuild_us=61 layout_us=2663 paint_us=245 encode_us=115 acquire_us=79 submit_us=39504 skipped=0
frust_shell_android::app::frame: frust-perf platform-view tail depth=0 target=0 acquire_bound=false frame=960 expected_present_us=0 acquire_us=91 period_us=11138
frust_shell_common::perf: frust-perf raw n=259 total_us=42784 rebuild_us=63 layout_us=2647 paint_us=244 encode_us=115 acquire_us=91 submit_us=39620 skipped=0
frust_shell_common::perf: frust-perf raw n=260 total_us=43823 rebuild_us=60 layout_us=2663 paint_us=247 encode_us=192 acquire_us=84 submit_us=40574 skipped=0
frust_shell_common::perf: frust-perf raw n=261 total_us=42520 rebuild_us=66 layout_us=2651 paint_us=242 encode_us=149 acquire_us=112 submit_us=39298 skipped=0
frust_shell_common::perf: frust-perf raw n=262 total_us=43517 rebuild_us=59 layout_us=2603 paint_us=249 encode_us=139 acquire_us=95 submit_us=40369 skipped=0
frust_shell_common::perf: frust-perf raw n=263 total_us=43339 rebuild_us=84 layout_us=2581 paint_us=243 encode_us=134 acquire_us=108 submit_us=40186 skipped=0
frust_shell_common::perf: frust-perf raw n=264 total_us=42673 rebuild_us=67 layout_us=2633 paint_us=244 encode_us=118 acquire_us=82 submit_us=39526 skipped=0
frust_shell_common::perf: frust-perf raw n=265 total_us=40325 rebuild_us=71 layout_us=15 paint_us=119 encode_us=113 acquire_us=81 submit_us=39924 skipped=0
frust_shell_common::perf: frust-perf raw n=266 total_us=39937 rebuild_us=68 layout_us=202 paint_us=235 encode_us=152 acquire_us=93 submit_us=39183 skipped=0
frust_shell_common::perf: frust-perf raw n=267 total_us=41875 rebuild_us=67 layout_us=1496 paint_us=240 encode_us=149 acquire_us=109 submit_us=39812 skipped=0
frust_shell_common::perf: frust-perf raw n=268 total_us=41958 rebuild_us=74 layout_us=1500 paint_us=246 encode_us=152 acquire_us=99 submit_us=39885 skipped=0
frust_shell_common::perf: frust-perf raw n=269 total_us=41225 rebuild_us=72 layout_us=1523 paint_us=256 encode_us=152 acquire_us=94 submit_us=39125 skipped=0
frust_shell_common::perf: frust-perf raw n=270 total_us=41819 rebuild_us=81 layout_us=1604 paint_us=254 encode_us=161 acquire_us=80 submit_us=39636 skipped=0
frust_shell_common::perf: frust-perf raw n=271 total_us=41820 rebuild_us=72 layout_us=1608 paint_us=242 encode_us=151 acquire_us=106 submit_us=39639 skipped=0
frust_shell_common::perf: frust-perf raw n=272 total_us=41663 rebuild_us=72 layout_us=1533 paint_us=242 encode_us=148 acquire_us=96 submit_us=39571 skipped=0
frust_shell_common::perf: frust-perf raw n=273 total_us=41703 rebuild_us=73 layout_us=1524 paint_us=249 encode_us=151 acquire_us=97 submit_us=39607 skipped=0
frust_shell_common::perf: frust-perf raw n=274 total_us=41449 rebuild_us=74 layout_us=1613 paint_us=241 encode_us=149 acquire_us=109 submit_us=39261 skipped=0
frust_shell_common::perf: frust-perf raw n=275 total_us=42301 rebuild_us=78 layout_us=1589 paint_us=248 encode_us=135 acquire_us=83 submit_us=40166 skipped=0
frust_shell_common::perf: frust-perf raw n=276 total_us=41151 rebuild_us=79 layout_us=1529 paint_us=248 encode_us=149 acquire_us=97 submit_us=39046 skipped=0
frust_shell_common::perf: frust-perf raw n=277 total_us=42801 rebuild_us=67 layout_us=1508 paint_us=243 encode_us=137 acquire_us=94 submit_us=40748 skipped=0
frust_shell_common::perf: frust-perf raw n=278 total_us=41540 rebuild_us=72 layout_us=1526 paint_us=233 encode_us=153 acquire_us=95 submit_us=39459 skipped=0
frust_shell_common::perf: frust-perf raw n=279 total_us=41244 rebuild_us=71 layout_us=1570 paint_us=242 encode_us=151 acquire_us=98 submit_us=39109 skipped=0
frust_shell_common::perf: frust-perf frame n=120 total_p50_ms=43 total_p95_ms=44 total_p99_ms=44 rebuild_p95_ms=0 layout_p95_ms=3 paint_p95_ms=0 encode_p95_ms=0 acquire_p95_ms=0 submit_p95_ms=40 over_60hz=279 over_120hz=279 skipped=0 total_frames=279
frust_shell_common::perf: frust-perf raw n=280 total_us=42672 rebuild_us=80 layout_us=1593 paint_us=256 encode_us=135 acquire_us=87 submit_us=40518 skipped=0
frust_shell_common::perf: frust-perf raw n=281 total_us=42030 rebuild_us=79 layout_us=1538 paint_us=242 encode_us=149 acquire_us=97 submit_us=39923 skipped=0
frust_shell_common::perf: frust-perf raw n=282 total_us=41857 rebuild_us=67 layout_us=1508 paint_us=287 encode_us=149 acquire_us=96 submit_us=39748 skipped=0
frust_shell_common::perf: frust-perf raw n=283 total_us=41757 rebuild_us=73 layout_us=1584 paint_us=243 encode_us=154 acquire_us=94 submit_us=39607 skipped=0
frust_shell_common::perf: frust-perf raw n=284 total_us=41450 rebuild_us=74 layout_us=1580 paint_us=250 encode_us=149 acquire_us=94 submit_us=39300 skipped=0
frust_shell_common::perf: frust-perf raw n=285 total_us=42385 rebuild_us=72 layout_us=1561 paint_us=247 encode_us=135 acquire_us=81 submit_us=40286 skipped=0
frust_shell_common::perf: frust-perf raw n=286 total_us=41283 rebuild_us=76 layout_us=1543 paint_us=248 encode_us=149 acquire_us=95 submit_us=39169 skipped=0
frust_shell_common::perf: frust-perf raw n=287 total_us=42471 rebuild_us=71 layout_us=1578 paint_us=248 encode_us=139 acquire_us=86 submit_us=40347 skipped=0
frust_shell_common::perf: frust-perf raw n=288 total_us=42442 rebuild_us=76 layout_us=1579 paint_us=244 encode_us=150 acquire_us=105 submit_us=40286 skipped=0
frust_shell_common::perf: frust-perf raw n=289 total_us=40903 rebuild_us=73 layout_us=1345 paint_us=219 encode_us=148 acquire_us=109 submit_us=39007 skipped=0
frust_shell_common::perf: frust-perf raw n=290 total_us=42438 rebuild_us=72 layout_us=1520 paint_us=239 encode_us=143 acquire_us=95 submit_us=40365 skipped=0
frust_shell_common::perf: frust-perf raw n=291 total_us=42086 rebuild_us=77 layout_us=1538 paint_us=324 encode_us=148 acquire_us=96 submit_us=39900 skipped=0
frust_shell_android::app::frame: frust-perf platform-view tail depth=0 target=0 acquire_bound=false frame=1080 expected_present_us=0 acquire_us=96 period_us=11129
frust_shell_common::perf: frust-perf raw n=292 total_us=41769 rebuild_us=70 layout_us=1556 paint_us=242 encode_us=153 acquire_us=97 submit_us=39649 skipped=0
frust_shell_common::perf: frust-perf raw n=293 total_us=42293 rebuild_us=78 layout_us=1575 paint_us=253 encode_us=151 acquire_us=110 submit_us=40124 skipped=0
frust_shell_common::perf: frust-perf raw n=294 total_us=41028 rebuild_us=84 layout_us=1524 paint_us=248 encode_us=152 acquire_us=94 submit_us=38923 skipped=0
frust_shell_common::perf: frust-perf raw n=295 total_us=42414 rebuild_us=75 layout_us=1529 paint_us=241 encode_us=145 acquire_us=84 submit_us=40339 skipped=0
frust_shell_common::perf: frust-perf raw n=296 total_us=42207 rebuild_us=74 layout_us=1639 paint_us=253 encode_us=157 acquire_us=105 submit_us=39976 skipped=0
frust_shell_common::perf: frust-perf raw n=297 total_us=41681 rebuild_us=70 layout_us=1567 paint_us=246 encode_us=154 acquire_us=98 submit_us=39543 skipped=0
frust_shell_common::perf: frust-perf raw n=298 total_us=42112 rebuild_us=75 layout_us=1560 paint_us=246 encode_us=155 acquire_us=96 submit_us=39977 skipped=0
frust_shell_common::perf: frust-perf raw n=299 total_us=41509 rebuild_us=77 layout_us=1536 paint_us=250 encode_us=150 acquire_us=94 submit_us=39399 skipped=0
frust_shell_common::perf: frust-perf raw n=300 total_us=42803 rebuild_us=74 layout_us=1527 paint_us=245 encode_us=149 acquire_us=95 submit_us=40710 skipped=0
frust_shell_common::perf: frust-perf raw n=301 total_us=42146 rebuild_us=76 layout_us=1618 paint_us=240 encode_us=155 acquire_us=97 submit_us=39956 skipped=0
frust_shell_common::perf: frust-perf raw n=302 total_us=41321 rebuild_us=72 layout_us=1514 paint_us=243 encode_us=151 acquire_us=106 submit_us=39233 skipped=0
frust_shell_common::perf: frust-perf raw n=303 total_us=42606 rebuild_us=72 layout_us=1529 paint_us=248 encode_us=134 acquire_us=84 submit_us=40536 skipped=0
frust_shell_common::perf: frust-perf raw n=304 total_us=41593 rebuild_us=76 layout_us=1538 paint_us=248 encode_us=151 acquire_us=107 submit_us=39470 skipped=0
frust_shell_common::perf: frust-perf raw n=305 total_us=42484 rebuild_us=67 layout_us=1591 paint_us=246 encode_us=138 acquire_us=95 submit_us=40344 skipped=0
frust_shell_common::perf: frust-perf raw n=306 total_us=42180 rebuild_us=77 layout_us=1653 paint_us=250 encode_us=157 acquire_us=92 submit_us=39950 skipped=0
frust_shell_common::perf: frust-perf raw n=307 total_us=41323 rebuild_us=73 layout_us=1540 paint_us=240 encode_us=148 acquire_us=97 submit_us=39222 skipped=0
frust_shell_common::perf: frust-perf raw n=308 total_us=42544 rebuild_us=79 layout_us=1560 paint_us=251 encode_us=136 acquire_us=95 submit_us=40419 skipped=0
frust_shell_common::perf: frust-perf raw n=309 total_us=41903 rebuild_us=77 layout_us=1566 paint_us=249 encode_us=150 acquire_us=165 submit_us=39693 skipped=0
frust_shell_common::perf: frust-perf raw n=310 total_us=41471 rebuild_us=68 layout_us=1577 paint_us=243 encode_us=151 acquire_us=109 submit_us=39320 skipped=0
frust_shell_common::perf: frust-perf raw n=311 total_us=42086 rebuild_us=73 layout_us=1618 paint_us=250 encode_us=150 acquire_us=96 submit_us=39896 skipped=0
frust_shell_common::perf: frust-perf raw n=312 total_us=41553 rebuild_us=77 layout_us=1544 paint_us=247 encode_us=146 acquire_us=136 submit_us=39401 skipped=0
frust_shell_common::perf: frust-perf raw n=313 total_us=42220 rebuild_us=74 layout_us=1553 paint_us=248 encode_us=135 acquire_us=82 submit_us=40125 skipped=0
frust_shell_common::perf: frust-perf raw n=314 total_us=42027 rebuild_us=76 layout_us=1593 paint_us=254 encode_us=192 acquire_us=106 submit_us=39804 skipped=0
frust_shell_common::perf: frust-perf raw n=315 total_us=41794 rebuild_us=69 layout_us=1532 paint_us=246 encode_us=160 acquire_us=93 submit_us=39691 skipped=0
frust_shell_common::perf: frust-perf raw n=316 total_us=42260 rebuild_us=70 layout_us=1557 paint_us=244 encode_us=164 acquire_us=109 submit_us=40113 skipped=0
frust_shell_common::perf: frust-perf raw n=317 total_us=41639 rebuild_us=75 layout_us=1555 paint_us=295 encode_us=150 acquire_us=107 submit_us=39454 skipped=0
frust_shell_common::perf: frust-perf raw n=318 total_us=42386 rebuild_us=73 layout_us=1566 paint_us=244 encode_us=151 acquire_us=92 submit_us=40257 skipped=0
frust_shell_common::perf: frust-perf raw n=319 total_us=42190 rebuild_us=73 layout_us=1603 paint_us=247 encode_us=156 acquire_us=110 submit_us=39999 skipped=0
frust_shell_common::perf: frust-perf raw n=320 total_us=41926 rebuild_us=67 layout_us=1529 paint_us=246 encode_us=149 acquire_us=95 submit_us=39837 skipped=0
frust_shell_common::perf: frust-perf raw n=321 total_us=42661 rebuild_us=73 layout_us=1541 paint_us=245 encode_us=132 acquire_us=85 submit_us=40582 skipped=0
frust_shell_common::perf: frust-perf raw n=322 total_us=41697 rebuild_us=80 layout_us=1570 paint_us=256 encode_us=150 acquire_us=108 submit_us=39530 skipped=0
frust_shell_common::perf: frust-perf raw n=323 total_us=41855 rebuild_us=71 layout_us=1436 paint_us=228 encode_us=124 acquire_us=84 submit_us=39910 skipped=0
frust_shell_common::perf: frust-perf raw n=324 total_us=41908 rebuild_us=77 layout_us=1592 paint_us=249 encode_us=152 acquire_us=96 submit_us=39740 skipped=0
frust_shell_android::app::frame: frust-perf platform-view tail depth=0 target=0 acquire_bound=false frame=1200 expected_present_us=0 acquire_us=95 period_us=11134
frust_shell_common::perf: frust-perf raw n=325 total_us=41361 rebuild_us=70 layout_us=1540 paint_us=247 encode_us=148 acquire_us=96 submit_us=39257 skipped=0
frust_shell_common::perf: frust-perf raw n=326 total_us=42375 rebuild_us=78 layout_us=1563 paint_us=259 encode_us=149 acquire_us=93 submit_us=40231 skipped=0
frust_shell_common::perf: frust-perf raw n=327 total_us=41427 rebuild_us=88 layout_us=1636 paint_us=265 encode_us=149 acquire_us=95 submit_us=39190 skipped=0
frust_shell_common::perf: frust-perf frame n=120 total_p50_ms=42 total_p95_ms=43 total_p99_ms=44 rebuild_p95_ms=0 layout_p95_ms=2 paint_p95_ms=0 encode_p95_ms=0 acquire_p95_ms=0 submit_p95_ms=40 over_60hz=327 over_120hz=327 skipped=0 total_frames=327
frust_shell_common::perf: frust-perf raw n=328 total_us=42517 rebuild_us=124 layout_us=1560 paint_us=252 encode_us=129 acquire_us=95 submit_us=40355 skipped=0
frust_shell_common::perf: frust-perf raw n=329 total_us=41885 rebuild_us=71 layout_us=1357 paint_us=219 encode_us=148 acquire_us=94 submit_us=39993 skipped=0
frust_shell_common::perf: frust-perf raw n=330 total_us=41221 rebuild_us=68 layout_us=1540 paint_us=243 encode_us=188 acquire_us=105 submit_us=39074 skipped=0
frust_shell_common::perf: frust-perf raw n=331 total_us=42913 rebuild_us=75 layout_us=1565 paint_us=292 encode_us=153 acquire_us=93 submit_us=40731 skipped=0
frust_shell_common::perf: frust-perf raw n=332 total_us=42618 rebuild_us=84 layout_us=1636 paint_us=257 encode_us=153 acquire_us=93 submit_us=40392 skipped=0
frust_shell_common::perf: frust-perf raw n=333 total_us=41478 rebuild_us=73 layout_us=1573 paint_us=250 encode_us=158 acquire_us=103 submit_us=39319 skipped=0
frust_shell_common::perf: frust-perf raw n=334 total_us=41961 rebuild_us=77 layout_us=1566 paint_us=257 encode_us=156 acquire_us=105 submit_us=39797 skipped=0
frust_shell_common::perf: frust-perf raw n=335 total_us=41112 rebuild_us=76 layout_us=1468 paint_us=231 encode_us=151 acquire_us=110 submit_us=39073 skipped=0
frust_shell_common::perf: frust-perf raw n=336 total_us=43099 rebuild_us=78 layout_us=1636 paint_us=247 encode_us=141 acquire_us=101 submit_us=40893 skipped=0
frust_shell_common::perf: frust-perf raw n=337 total_us=41995 rebuild_us=91 layout_us=1602 paint_us=272 encode_us=157 acquire_us=123 submit_us=39748 skipped=0
frust_shell_common::perf: frust-perf raw n=338 total_us=42120 rebuild_us=72 layout_us=1560 paint_us=251 encode_us=153 acquire_us=100 submit_us=39981 skipped=0
frust_shell_common::perf: frust-perf raw n=339 total_us=41961 rebuild_us=75 layout_us=1572 paint_us=249 encode_us=167 acquire_us=110 submit_us=39785 skipped=0
frust_shell_common::perf: frust-perf raw n=340 total_us=42102 rebuild_us=77 layout_us=1681 paint_us=255 encode_us=155 acquire_us=112 submit_us=39820 skipped=0
frust_shell_common::perf: frust-perf raw n=341 total_us=42429 rebuild_us=75 layout_us=1562 paint_us=250 encode_us=131 acquire_us=103 submit_us=40305 skipped=0
frust_shell_common::perf: frust-perf raw n=342 total_us=42410 rebuild_us=80 layout_us=1573 paint_us=251 encode_us=155 acquire_us=150 submit_us=40197 skipped=0
frust_shell_common::perf: frust-perf raw n=343 total_us=45110 rebuild_us=146 layout_us=4730 paint_us=579 encode_us=152 acquire_us=97 submit_us=39403 skipped=0
frust_shell_common::perf: frust-perf raw n=344 total_us=42348 rebuild_us=73 layout_us=1545 paint_us=292 encode_us=139 acquire_us=87 submit_us=40209 skipped=0
frust_shell_common::perf: frust-perf raw n=345 total_us=42151 rebuild_us=85 layout_us=1690 paint_us=261 encode_us=152 acquire_us=93 submit_us=39867 skipped=0
frust_shell_common::perf: frust-perf raw n=346 total_us=41981 rebuild_us=72 layout_us=1539 paint_us=235 encode_us=146 acquire_us=96 submit_us=39890 skipped=0
frust_shell_common::perf: frust-perf raw n=347 total_us=42027 rebuild_us=73 layout_us=1543 paint_us=247 encode_us=153 acquire_us=105 submit_us=39904 skipped=0
frust_shell_common::perf: frust-perf raw n=348 total_us=41897 rebuild_us=73 layout_us=1602 paint_us=248 encode_us=151 acquire_us=104 submit_us=39718 skipped=0
frust_shell_common::perf: frust-perf raw n=349 total_us=42770 rebuild_us=72 layout_us=1545 paint_us=297 encode_us=142 acquire_us=85 submit_us=40627 skipped=0
frust_shell_common::perf: frust-perf raw n=350 total_us=42089 rebuild_us=75 layout_us=1630 paint_us=252 encode_us=152 acquire_us=103 submit_us=39873 skipped=0
frust_shell_common::perf: frust-perf raw n=351 total_us=41385 rebuild_us=72 layout_us=1538 paint_us=242 encode_us=149 acquire_us=108 submit_us=39274 skipped=0
frust_shell_common::perf: frust-perf raw n=352 total_us=42840 rebuild_us=71 layout_us=1535 paint_us=241 encode_us=135 acquire_us=93 submit_us=40762 skipped=0
frust_shell_common::perf: frust-perf raw n=353 total_us=41926 rebuild_us=84 layout_us=1648 paint_us=272 encode_us=153 acquire_us=154 submit_us=39613 skipped=0
frust_shell_common::perf: frust-perf raw n=354 total_us=42005 rebuild_us=69 layout_us=1571 paint_us=242 encode_us=151 acquire_us=166 submit_us=39805 skipped=0
frust_shell_common::perf: frust-perf raw n=355 total_us=41971 rebuild_us=72 layout_us=1606 paint_us=248 encode_us=161 acquire_us=97 submit_us=39783 skipped=0
frust_shell_common::perf: frust-perf raw n=356 total_us=41608 rebuild_us=73 layout_us=1548 paint_us=249 encode_us=149 acquire_us=95 submit_us=39491 skipped=0
frust_shell_common::perf: frust-perf raw n=357 total_us=42661 rebuild_us=71 layout_us=1551 paint_us=247 encode_us=155 acquire_us=94 submit_us=40540 skipped=0
frust_shell_android::app::frame: frust-perf platform-view tail depth=0 target=0 acquire_bound=false frame=1320 expected_present_us=0 acquire_us=107 period_us=11138
frust_shell_common::perf: frust-perf raw n=358 total_us=42143 rebuild_us=90 layout_us=1641 paint_us=257 encode_us=147 acquire_us=108 submit_us=39898 skipped=0
frust_shell_common::perf: frust-perf raw n=359 total_us=41847 rebuild_us=71 layout_us=1538 paint_us=253 encode_us=152 acquire_us=110 submit_us=39720 skipped=0
frust_shell_common::perf: frust-perf raw n=360 total_us=42544 rebuild_us=76 layout_us=1546 paint_us=252 encode_us=157 acquire_us=108 submit_us=40402 skipped=0
frust_shell_common::perf: frust-perf raw n=361 total_us=41639 rebuild_us=76 layout_us=1538 paint_us=293 encode_us=151 acquire_us=108 submit_us=39471 skipped=0
frust_shell_common::perf: frust-perf raw n=362 total_us=42724 rebuild_us=70 layout_us=1626 paint_us=250 encode_us=140 acquire_us=94 submit_us=40541 skipped=0
frust_shell_common::perf: frust-perf raw n=363 total_us=42219 rebuild_us=92 layout_us=1622 paint_us=260 encode_us=152 acquire_us=102 submit_us=39988 skipped=0
frust_shell_common::perf: frust-perf raw n=364 total_us=41133 rebuild_us=67 layout_us=1537 paint_us=239 encode_us=148 acquire_us=93 submit_us=39046 skipped=0
frust_shell_common::perf: frust-perf raw n=365 total_us=45152 rebuild_us=79 layout_us=3714 paint_us=340 encode_us=157 acquire_us=91 submit_us=40770 skipped=0
frust_shell_common::perf: frust-perf raw n=366 total_us=44515 rebuild_us=85 layout_us=3804 paint_us=420 encode_us=161 acquire_us=112 submit_us=39930 skipped=0
frust_shell_common::perf: frust-perf raw n=367 total_us=43591 rebuild_us=63 layout_us=2726 paint_us=263 encode_us=138 acquire_us=147 submit_us=40250 skipped=0
frust_shell_common::perf: frust-perf raw n=368 total_us=44236 rebuild_us=86 layout_us=2716 paint_us=255 encode_us=296 acquire_us=145 submit_us=40736 skipped=0
frust_shell_common::perf: frust-perf raw n=369 total_us=43147 rebuild_us=78 layout_us=3295 paint_us=252 encode_us=122 acquire_us=87 submit_us=39310 skipped=0
frust_shell_common::perf: frust-perf raw n=370 total_us=43713 rebuild_us=78 layout_us=3054 paint_us=233 encode_us=142 acquire_us=110 submit_us=40094 skipped=0
frust_shell_common::perf: frust-perf raw n=371 total_us=43198 rebuild_us=71 layout_us=2695 paint_us=252 encode_us=122 acquire_us=108 submit_us=39947 skipped=0
frust_shell_common::perf: frust-perf raw n=372 total_us=43075 rebuild_us=62 layout_us=2660 paint_us=286 encode_us=115 acquire_us=91 submit_us=39859 skipped=0
frust_shell_common::perf: frust-perf raw n=373 total_us=44292 rebuild_us=62 layout_us=2616 paint_us=287 encode_us=168 acquire_us=111 submit_us=41047 skipped=0
frust_shell_common::perf: frust-perf raw n=374 total_us=43683 rebuild_us=61 layout_us=2598 paint_us=228 encode_us=112 acquire_us=79 submit_us=40600 skipped=0
frust_shell_common::perf: frust-perf raw n=375 total_us=43074 rebuild_us=57 layout_us=2677 paint_us=244 encode_us=115 acquire_us=87 submit_us=39891 skipped=0
frust_shell_common::perf: frust-perf frame n=120 total_p50_ms=42 total_p95_ms=43 total_p99_ms=45 rebuild_p95_ms=0 layout_p95_ms=2 paint_p95_ms=0 encode_p95_ms=0 acquire_p95_ms=0 submit_p95_ms=40 over_60hz=375 over_120hz=375 skipped=0 total_frames=375
frust_shell_common::perf: frust-perf raw n=376 total_us=42698 rebuild_us=61 layout_us=2718 paint_us=247 encode_us=311 acquire_us=100 submit_us=39257 skipped=0
frust_shell_common::perf: frust-perf raw n=377 total_us=42930 rebuild_us=64 layout_us=2602 paint_us=298 encode_us=153 acquire_us=110 submit_us=39702 skipped=0
frust_shell_common::perf: frust-perf raw n=378 total_us=44233 rebuild_us=74 layout_us=2723 paint_us=262 encode_us=143 acquire_us=91 submit_us=40937 skipped=0
frust_shell_common::perf: frust-perf raw n=379 total_us=43175 rebuild_us=62 layout_us=2633 paint_us=244 encode_us=119 acquire_us=107 submit_us=40008 skipped=0
frust_shell_common::perf: frust-perf raw n=380 total_us=43095 rebuild_us=61 layout_us=2651 paint_us=246 encode_us=114 acquire_us=80 submit_us=39940 skipped=0
frust_shell_common::perf: frust-perf raw n=381 total_us=43980 rebuild_us=71 layout_us=2652 paint_us=254 encode_us=154 acquire_us=87 submit_us=40759 skipped=0
frust_shell_common::perf: frust-perf raw n=382 total_us=43037 rebuild_us=60 layout_us=2680 paint_us=250 encode_us=154 acquire_us=95 submit_us=39796 skipped=0
frust_shell_common::perf: frust-perf raw n=383 total_us=43011 rebuild_us=71 layout_us=2705 paint_us=256 encode_us=116 acquire_us=81 submit_us=39779 skipped=0
frust_shell_common::perf: frust-perf raw n=384 total_us=43805 rebuild_us=60 layout_us=2516 paint_us=230 encode_us=146 acquire_us=96 submit_us=40756 skipped=0
frust_shell_common::perf: frust-perf raw n=385 total_us=43554 rebuild_us=59 layout_us=2606 paint_us=248 encode_us=150 acquire_us=106 submit_us=40382 skipped=0
frust_shell_common::perf: frust-perf raw n=386 total_us=41967 rebuild_us=63 layout_us=1513 paint_us=254 encode_us=160 acquire_us=116 submit_us=39859 skipped=0
frust_shell_common::perf: frust-perf raw n=387 total_us=41367 rebuild_us=66 layout_us=168 paint_us=181 encode_us=130 acquire_us=128 submit_us=40691 skipped=0
frust_shell_common::perf: frust-perf raw n=388 total_us=44539 rebuild_us=75 layout_us=3715 paint_us=371 encode_us=151 acquire_us=101 submit_us=40124 skipped=0
frust_shell_common::perf: frust-perf raw n=389 total_us=43120 rebuild_us=61 layout_us=2646 paint_us=313 encode_us=116 acquire_us=90 submit_us=39892 skipped=0
frust_shell_common::perf: frust-perf raw n=390 total_us=43857 rebuild_us=57 layout_us=2655 paint_us=247 encode_us=134 acquire_us=89 submit_us=40673 skipped=0
frust_shell_android::app::frame: frust-perf platform-view tail depth=0 target=0 acquire_bound=false frame=1440 expected_present_us=0 acquire_us=92 period_us=11143
frust_shell_common::perf: frust-perf raw n=391 total_us=43954 rebuild_us=92 layout_us=3774 paint_us=346 encode_us=115 acquire_us=80 submit_us=39545 skipped=0
frust_shell_common::perf: frust-perf raw n=392 total_us=43995 rebuild_us=66 layout_us=2733 paint_us=246 encode_us=150 acquire_us=84 submit_us=40713 skipped=0
frust_shell_common::perf: frust-perf raw n=393 total_us=44902 rebuild_us=77 layout_us=3765 paint_us=343 encode_us=117 acquire_us=103 submit_us=40495 skipped=0
frust_shell_common::perf: frust-perf raw n=394 total_us=43004 rebuild_us=66 layout_us=2765 paint_us=256 encode_us=117 acquire_us=90 submit_us=39709 skipped=0
frust_shell_common::perf: frust-perf raw n=395 total_us=45103 rebuild_us=94 layout_us=3335 paint_us=266 encode_us=163 acquire_us=85 submit_us=41157 skipped=0
frust_shell_common::perf: frust-perf raw n=396 total_us=43562 rebuild_us=83 layout_us=2789 paint_us=253 encode_us=119 acquire_us=81 submit_us=40235 skipped=0
frust_shell_common::perf: frust-perf raw n=397 total_us=42839 rebuild_us=60 layout_us=2671 paint_us=249 encode_us=115 acquire_us=117 submit_us=39627 skipped=0
frust_shell_common::perf: frust-perf raw n=398 total_us=43893 rebuild_us=61 layout_us=2659 paint_us=289 encode_us=139 acquire_us=129 submit_us=40612 skipped=0
frust_shell_common::perf: frust-perf raw n=399 total_us=43406 rebuild_us=61 layout_us=2722 paint_us=252 encode_us=115 acquire_us=80 submit_us=40173 skipped=0
frust_shell_common::perf: frust-perf raw n=400 total_us=42910 rebuild_us=63 layout_us=2682 paint_us=246 encode_us=113 acquire_us=91 submit_us=39712 skipped=0
frust_shell_common::perf: frust-perf raw n=401 total_us=44501 rebuild_us=84 layout_us=2792 paint_us=259 encode_us=160 acquire_us=97 submit_us=41107 skipped=0
frust_shell_common::perf: frust-perf raw n=402 total_us=43206 rebuild_us=64 layout_us=2728 paint_us=251 encode_us=117 acquire_us=91 submit_us=39953 skipped=0
frust_shell_common::perf: frust-perf raw n=403 total_us=43563 rebuild_us=59 layout_us=2671 paint_us=247 encode_us=115 acquire_us=91 submit_us=40378 skipped=0
frust_shell_common::perf: frust-perf raw n=404 total_us=43842 rebuild_us=64 layout_us=2598 paint_us=234 encode_us=148 acquire_us=82 submit_us=40714 skipped=0
frust_shell_common::perf: frust-perf raw n=405 total_us=43285 rebuild_us=60 layout_us=2541 paint_us=230 encode_us=113 acquire_us=87 submit_us=40252 skipped=0
frust_shell_common::perf: frust-perf raw n=406 total_us=43393 rebuild_us=65 layout_us=2723 paint_us=252 encode_us=137 acquire_us=92 submit_us=40120 skipped=0
frust_shell_common::perf: frust-perf raw n=407 total_us=43886 rebuild_us=65 layout_us=2696 paint_us=252 encode_us=133 acquire_us=84 submit_us=40653 skipped=0
frust_shell_common::perf: frust-perf raw n=408 total_us=43064 rebuild_us=62 layout_us=2572 paint_us=233 encode_us=153 acquire_us=138 submit_us=39904 skipped=0
frust_shell_common::perf: frust-perf raw n=409 total_us=43291 rebuild_us=108 layout_us=2503 paint_us=232 encode_us=125 acquire_us=87 submit_us=40235 skipped=0
frust_shell_common::perf: frust-perf raw n=410 total_us=43742 rebuild_us=64 layout_us=2650 paint_us=248 encode_us=118 acquire_us=85 submit_us=40574 skipped=0
frust_shell_common::perf: frust-perf raw n=411 total_us=42647 rebuild_us=64 layout_us=2763 paint_us=253 encode_us=118 acquire_us=82 submit_us=39364 skipped=0
frust_shell_common::perf: frust-perf raw n=412 total_us=44182 rebuild_us=64 layout_us=2714 paint_us=251 encode_us=147 acquire_us=87 submit_us=40915 skipped=0
frust_shell_common::perf: frust-perf raw n=413 total_us=44102 rebuild_us=65 layout_us=2706 paint_us=247 encode_us=120 acquire_us=83 submit_us=40879 skipped=0
frust_shell_common::perf: frust-perf raw n=414 total_us=42558 rebuild_us=68 layout_us=2727 paint_us=247 encode_us=116 acquire_us=80 submit_us=39317 skipped=0
frust_shell_common::perf: frust-perf raw n=415 total_us=43900 rebuild_us=66 layout_us=2698 paint_us=255 encode_us=142 acquire_us=96 submit_us=40641 skipped=0
frust_shell_common::perf: frust-perf raw n=416 total_us=43668 rebuild_us=62 layout_us=2736 paint_us=246 encode_us=119 acquire_us=75 submit_us=40427 skipped=0
frust_shell_common::perf: frust-perf raw n=417 total_us=42938 rebuild_us=62 layout_us=2666 paint_us=249 encode_us=116 acquire_us=80 submit_us=39763 skipped=0
frust_shell_common::perf: frust-perf raw n=418 total_us=44356 rebuild_us=60 layout_us=2683 paint_us=248 encode_us=150 acquire_us=85 submit_us=41128 skipped=0
frust_shell_common::perf: frust-perf raw n=419 total_us=43398 rebuild_us=95 layout_us=2869 paint_us=266 encode_us=119 acquire_us=83 submit_us=39963 skipped=0
frust_shell_common::perf: frust-perf raw n=420 total_us=43303 rebuild_us=60 layout_us=2658 paint_us=249 encode_us=118 acquire_us=80 submit_us=40135 skipped=0
frust_shell_common::perf: frust-perf raw n=421 total_us=42551 rebuild_us=68 layout_us=2571 paint_us=232 encode_us=129 acquire_us=109 submit_us=39439 skipped=0
frust_shell_common::perf: frust-perf raw n=422 total_us=43736 rebuild_us=75 layout_us=3728 paint_us=335 encode_us=116 acquire_us=109 submit_us=39370 skipped=0
frust_shell_common::perf: frust-perf frame n=120 total_p50_ms=42 total_p95_ms=44 total_p99_ms=45 rebuild_p95_ms=0 layout_p95_ms=3 paint_p95_ms=0 encode_p95_ms=0 acquire_p95_ms=0 submit_p95_ms=40 over_60hz=422 over_120hz=422 skipped=0 total_frames=422
frust_shell_common::perf: frust-perf raw n=423 total_us=43904 rebuild_us=64 layout_us=2502 paint_us=224 encode_us=135 acquire_us=85 submit_us=40891 skipped=0
frust_shell_android::app::frame: frust-perf platform-view tail depth=0 target=0 acquire_bound=false frame=1560 expected_present_us=0 acquire_us=90 period_us=11132
frust_shell_common::perf: frust-perf raw n=424 total_us=42844 rebuild_us=78 layout_us=2640 paint_us=245 encode_us=117 acquire_us=89 submit_us=39673 skipped=0
frust_shell_common::perf: frust-perf raw n=425 total_us=42591 rebuild_us=58 layout_us=2695 paint_us=262 encode_us=121 acquire_us=94 submit_us=39360 skipped=0
frust_shell_common::perf: frust-perf raw n=426 total_us=43340 rebuild_us=66 layout_us=2693 paint_us=250 encode_us=135 acquire_us=84 submit_us=40110 skipped=0
frust_shell_common::perf: frust-perf raw n=427 total_us=43680 rebuild_us=75 layout_us=3547 paint_us=316 encode_us=110 acquire_us=91 submit_us=39537 skipped=0
frust_shell_common::perf: frust-perf raw n=428 total_us=43588 rebuild_us=68 layout_us=2641 paint_us=285 encode_us=139 acquire_us=87 submit_us=40365 skipped=0
frust_shell_common::perf: frust-perf raw n=429 total_us=44255 rebuild_us=76 layout_us=3768 paint_us=345 encode_us=118 acquire_us=83 submit_us=39864 skipped=0
frust_shell_common::perf: frust-perf raw n=430 total_us=42558 rebuild_us=63 layout_us=2665 paint_us=248 encode_us=116 acquire_us=81 submit_us=39382 skipped=0
frust_shell_common::perf: frust-perf raw n=431 total_us=44152 rebuild_us=65 layout_us=2687 paint_us=252 encode_us=156 acquire_us=88 submit_us=40902 skipped=0
frust_shell_common::perf: frust-perf raw n=432 total_us=45102 rebuild_us=86 layout_us=2853 paint_us=263 encode_us=115 acquire_us=63 submit_us=41720 skipped=0
frust_shell_common::perf: frust-perf raw n=433 total_us=42995 rebuild_us=66 layout_us=2742 paint_us=257 encode_us=116 acquire_us=81 submit_us=39730 skipped=0
frust_shell_common::perf: frust-perf raw n=434 total_us=45808 rebuild_us=65 layout_us=2821 paint_us=252 encode_us=110 acquire_us=80 submit_us=42478 skipped=0
frust_shell_common::perf: frust-perf raw n=435 total_us=43984 rebuild_us=63 layout_us=2704 paint_us=251 encode_us=117 acquire_us=98 submit_us=40749 skipped=0
frust_shell_common::perf: frust-perf raw n=436 total_us=43179 rebuild_us=63 layout_us=2777 paint_us=251 encode_us=121 acquire_us=85 submit_us=39880 skipped=0
frust_shell_common::perf: frust-perf raw n=437 total_us=43740 rebuild_us=63 layout_us=2746 paint_us=257 encode_us=148 acquire_us=86 submit_us=40438 skipped=0
frust_shell_common::perf: frust-perf raw n=438 total_us=43953 rebuild_us=62 layout_us=2721 paint_us=256 encode_us=155 acquire_us=116 submit_us=40640 skipped=0
frust_shell_common::perf: frust-perf raw n=439 total_us=42720 rebuild_us=60 layout_us=2660 paint_us=306 encode_us=151 acquire_us=87 submit_us=39453 skipped=0
frust_shell_common::perf: frust-perf raw n=440 total_us=43726 rebuild_us=70 layout_us=2719 paint_us=253 encode_us=153 acquire_us=152 submit_us=40377 skipped=0
frust_shell_common::perf: frust-perf raw n=441 total_us=44003 rebuild_us=64 layout_us=2710 paint_us=255 encode_us=158 acquire_us=123 submit_us=40691 skipped=0
frust_shell_common::perf: frust-perf raw n=442 total_us=43071 rebuild_us=76 layout_us=2788 paint_us=279 encode_us=154 acquire_us=113 submit_us=39659 skipped=0
frust_shell_common::perf: frust-perf raw n=443 total_us=43957 rebuild_us=111 layout_us=2697 paint_us=250 encode_us=156 acquire_us=92 submit_us=40649 skipped=0
frust_shell_common::perf: frust-perf raw n=444 total_us=42932 rebuild_us=60 layout_us=2751 paint_us=256 encode_us=122 acquire_us=88 submit_us=39653 skipped=0
frust_shell_common::perf: frust-perf raw n=445 total_us=43683 rebuild_us=60 layout_us=2713 paint_us=253 encode_us=142 acquire_us=84 submit_us=40428 skipped=0
frust_shell_common::perf: frust-perf raw n=446 total_us=43431 rebuild_us=64 layout_us=2697 paint_us=247 encode_us=195 acquire_us=100 submit_us=40124 skipped=0
frust_shell_common::perf: frust-perf raw n=447 total_us=43046 rebuild_us=78 layout_us=2712 paint_us=328 encode_us=115 acquire_us=96 submit_us=39715 skipped=0
frust_shell_common::perf: frust-perf raw n=448 total_us=43719 rebuild_us=65 layout_us=2673 paint_us=251 encode_us=149 acquire_us=96 submit_us=40482 skipped=0
frust_shell_common::perf: frust-perf raw n=449 total_us=43828 rebuild_us=62 layout_us=2711 paint_us=253 encode_us=116 acquire_us=80 submit_us=40602 skipped=0
frust_shell_common::perf: frust-perf raw n=450 total_us=42675 rebuild_us=61 layout_us=2729 paint_us=247 encode_us=118 acquire_us=82 submit_us=39436 skipped=0
frust_shell_common::perf: frust-perf raw n=451 total_us=43417 rebuild_us=66 layout_us=2558 paint_us=229 encode_us=150 acquire_us=92 submit_us=40319 skipped=0
frust_shell_common::perf: frust-perf raw n=452 total_us=44552 rebuild_us=91 layout_us=3620 paint_us=332 encode_us=113 acquire_us=83 submit_us=40311 skipped=0
frust_shell_common::perf: frust-perf raw n=453 total_us=42728 rebuild_us=55 layout_us=2671 paint_us=248 encode_us=118 acquire_us=82 submit_us=39551 skipped=0
frust_shell_common::perf: frust-perf raw n=454 total_us=43779 rebuild_us=63 layout_us=2681 paint_us=249 encode_us=136 acquire_us=89 submit_us=40560 skipped=0
frust_shell_common::perf: frust-perf raw n=455 total_us=42780 rebuild_us=62 layout_us=2739 paint_us=253 encode_us=154 acquire_us=101 submit_us=39468 skipped=0
frust_shell_common::perf: frust-perf raw n=456 total_us=44046 rebuild_us=62 layout_us=2690 paint_us=252 encode_us=136 acquire_us=86 submit_us=40817 skipped=0
frust_shell_android::app::frame: frust-perf platform-view tail depth=0 target=0 acquire_bound=false frame=1680 expected_present_us=0 acquire_us=87 period_us=11137
frust_shell_common::perf: frust-perf raw n=457 total_us=42921 rebuild_us=77 layout_us=2785 paint_us=263 encode_us=124 acquire_us=84 submit_us=39585 skipped=0
frust_shell_common::perf: frust-perf raw n=458 total_us=43264 rebuild_us=62 layout_us=2763 paint_us=264 encode_us=118 acquire_us=90 submit_us=39964 skipped=0
frust_shell_common::perf: frust-perf raw n=459 total_us=43800 rebuild_us=65 layout_us=2710 paint_us=259 encode_us=146 acquire_us=86 submit_us=40531 skipped=0
frust_shell_common::perf: frust-perf raw n=460 total_us=42153 rebuild_us=66 layout_us=2719 paint_us=253 encode_us=119 acquire_us=83 submit_us=38910 skipped=0
frust_shell_common::perf: frust-perf raw n=461 total_us=43926 rebuild_us=62 layout_us=2697 paint_us=254 encode_us=139 acquire_us=83 submit_us=40687 skipped=0
frust_shell_common::perf: frust-perf raw n=462 total_us=44320 rebuild_us=77 layout_us=3817 paint_us=360 encode_us=163 acquire_us=95 submit_us=39805 skipped=0
frust_shell_common::perf: frust-perf raw n=463 total_us=42711 rebuild_us=60 layout_us=2704 paint_us=249 encode_us=114 acquire_us=82 submit_us=39498 skipped=0
frust_shell_common::perf: frust-perf raw n=464 total_us=43971 rebuild_us=63 layout_us=2558 paint_us=234 encode_us=146 acquire_us=84 submit_us=40883 skipped=0
frust_shell_common::perf: frust-perf raw n=465 total_us=44047 rebuild_us=79 layout_us=3536 paint_us=318 encode_us=115 acquire_us=88 submit_us=39909 skipped=0
frust_shell_common::perf: frust-perf raw n=466 total_us=42566 rebuild_us=66 layout_us=2697 paint_us=248 encode_us=114 acquire_us=93 submit_us=39346 skipped=0
frust_shell_common::perf: frust-perf raw n=467 total_us=44033 rebuild_us=65 layout_us=2784 paint_us=255 encode_us=187 acquire_us=105 submit_us=40634 skipped=0
frust_shell_common::perf: frust-perf raw n=468 total_us=42843 rebuild_us=62 layout_us=2586 paint_us=235 encode_us=113 acquire_us=91 submit_us=39752 skipped=0
frust_shell_common::perf: frust-perf frame n=120 total_p50_ms=43 total_p95_ms=44 total_p99_ms=45 rebuild_p95_ms=0 layout_p95_ms=3 paint_p95_ms=0 encode_p95_ms=0 acquire_p95_ms=0 submit_p95_ms=40 over_60hz=468 over_120hz=468 skipped=0 total_frames=468
frust_shell_common::perf: frust-perf raw n=469 total_us=43687 rebuild_us=58 layout_us=2723 paint_us=251 encode_us=126 acquire_us=85 submit_us=40442 skipped=0
frust_shell_common::perf: frust-perf raw n=470 total_us=43224 rebuild_us=66 layout_us=2720 paint_us=256 encode_us=124 acquire_us=82 submit_us=39973 skipped=0
frust_shell_common::perf: frust-perf raw n=471 total_us=42624 rebuild_us=68 layout_us=2563 paint_us=227 encode_us=113 acquire_us=80 submit_us=39570 skipped=0
frust_shell_common::perf: frust-perf raw n=472 total_us=43588 rebuild_us=60 layout_us=2707 paint_us=248 encode_us=160 acquire_us=92 submit_us=40318 skipped=0
frust_shell_common::perf: frust-perf raw n=473 total_us=43161 rebuild_us=63 layout_us=2684 paint_us=245 encode_us=116 acquire_us=81 submit_us=39969 skipped=0
frust_shell_common::perf: frust-perf raw n=474 total_us=42356 rebuild_us=56 layout_us=2582 paint_us=237 encode_us=116 acquire_us=81 submit_us=39283 skipped=0
frust_shell_common::perf: frust-perf raw n=475 total_us=43472 rebuild_us=71 layout_us=2739 paint_us=262 encode_us=148 acquire_us=94 submit_us=40156 skipped=0
frust_shell_common::perf: frust-perf raw n=476 total_us=43034 rebuild_us=62 layout_us=2699 paint_us=249 encode_us=117 acquire_us=80 submit_us=39825 skipped=0
frust_shell_common::perf: frust-perf raw n=477 total_us=44251 rebuild_us=62 layout_us=2728 paint_us=251 encode_us=158 acquire_us=87 submit_us=40963 skipped=0
frust_shell_common::perf: frust-perf raw n=478 total_us=43373 rebuild_us=64 layout_us=2662 paint_us=252 encode_us=120 acquire_us=82 submit_us=40190 skipped=0
frust_shell_common::perf: frust-perf raw n=479 total_us=43556 rebuild_us=61 layout_us=2710 paint_us=250 encode_us=116 acquire_us=80 submit_us=40336 skipped=0
frust_shell_common::perf: frust-perf raw n=480 total_us=43496 rebuild_us=78 layout_us=2730 paint_us=256 encode_us=142 acquire_us=100 submit_us=40188 skipped=0
frust_shell_common::perf: frust-perf raw n=481 total_us=43484 rebuild_us=64 layout_us=2684 paint_us=250 encode_us=114 acquire_us=81 submit_us=40289 skipped=0
frust_shell_common::perf: frust-perf raw n=482 total_us=43132 rebuild_us=62 layout_us=2682 paint_us=247 encode_us=117 acquire_us=83 submit_us=39938 skipped=0
frust_shell_common::perf: frust-perf raw n=483 total_us=43752 rebuild_us=65 layout_us=2718 paint_us=252 encode_us=190 acquire_us=98 submit_us=40426 skipped=0
frust_shell_common::perf: frust-perf raw n=484 total_us=45102 rebuild_us=80 layout_us=3799 paint_us=344 encode_us=115 acquire_us=82 submit_us=40679 skipped=0
frust_shell_common::perf: frust-perf raw n=485 total_us=43121 rebuild_us=78 layout_us=2742 paint_us=254 encode_us=116 acquire_us=81 submit_us=39849 skipped=0
frust_shell_common::perf: frust-perf raw n=486 total_us=43683 rebuild_us=91 layout_us=2499 paint_us=231 encode_us=145 acquire_us=85 submit_us=40629 skipped=0
