frust_shell_common::perf: frust-perf raw n=4385 total_us=9033 rebuild_us=169 layout_us=0 paint_us=103 encode_us=5924 acquire_us=102 submit_us=2733 skipped=0
frust_shell_android::app::frame: frust-perf platform-view tail depth=0 target=0 acquire_bound=false frame=102269 expected_present_us=0 acquire_us=85 period_us=11132
frust-perf activity-create
frust_shell_common::perf: bench-scenario-start s1
frust_render::context: frust-perf surface-caps formats=[Rgba8UnormSrgb,Rgba8Unorm,Rgba16Float,Rgb10a2Unorm] usages=TextureUsages(COPY_SRC | COPY_DST | TEXTURE_BINDING | STORAGE_BINDING | RENDER_ATTACHMENT | STORAGE_ATOMIC) direct_to_surface=YES (Rgba8Unorm+STORAGE_BINDING)
frust_render::context: frust-perf render-path direct (Rgba8Unorm+STORAGE_BINDING)
frust_shell_common::perf: bench-scenario-end s1
frust_shell_common::perf: bench-scenario-start s2
frust_shell_common::perf: frust-perf startup init_entry=0ms font_preinit_started=0ms font_preinit_joined=0ms preinit_started=0ms preinit_joined=9ms cache_loaded=10ms pipeline_cache_restored=10ms adapter_ready=73ms device_ready=73ms renderer_ready=73ms first_rebuild_done=92ms first_encode_done=92ms first_frame_presented=115ms
frust_shell_common::perf: frust-perf raw n=1 total_us=24195 rebuild_us=103 layout_us=720 paint_us=157 encode_us=131 acquire_us=25 submit_us=23057 skipped=0
frust_shell_common::perf: frust-perf raw n=2 total_us=130853 rebuild_us=165 layout_us=3417 paint_us=364 encode_us=149 acquire_us=56 submit_us=126700 skipped=0
frust_shell_common::perf: frust-perf raw n=3 total_us=72399 rebuild_us=91 layout_us=1099 paint_us=207 encode_us=122 acquire_us=55 submit_us=70823 skipped=0
frust_shell_common::perf: frust-perf raw n=4 total_us=73640 rebuild_us=102 layout_us=1560 paint_us=313 encode_us=121 acquire_us=56 submit_us=71486 skipped=0
frust_shell_common::perf: frust-perf raw n=5 total_us=93598 rebuild_us=173 layout_us=1067 paint_us=169 encode_us=104 acquire_us=52 submit_us=92030 skipped=0
frust_shell_common::perf: frust-perf raw n=6 total_us=43202 rebuild_us=85 layout_us=836 paint_us=177 encode_us=97 acquire_us=58 submit_us=41945 skipped=0
frust_shell_common::perf: frust-perf raw n=7 total_us=42687 rebuild_us=100 layout_us=979 paint_us=202 encode_us=98 acquire_us=53 submit_us=41252 skipped=0
frust_shell_common::perf: frust-perf raw n=8 total_us=40448 rebuild_us=103 layout_us=990 paint_us=186 encode_us=98 acquire_us=71 submit_us=38998 skipped=0
frust_shell_common::perf: frust-perf raw n=9 total_us=40859 rebuild_us=94 layout_us=852 paint_us=160 encode_us=311 acquire_us=162 submit_us=39277 skipped=0
frust_shell_common::perf: frust-perf raw n=10 total_us=39201 rebuild_us=45 layout_us=689 paint_us=123 encode_us=287 acquire_us=167 submit_us=37886 skipped=0
frust_shell_common::perf: frust-perf raw n=11 total_us=39419 rebuild_us=44 layout_us=736 paint_us=131 encode_us=86 acquire_us=76 submit_us=38343 skipped=0
frust_shell_common::perf: frust-perf raw n=12 total_us=39736 rebuild_us=136 layout_us=1156 paint_us=165 encode_us=83 acquire_us=69 submit_us=38124 skipped=0
frust_shell_common::perf: frust-perf raw n=13 total_us=39614 rebuild_us=46 layout_us=811 paint_us=130 encode_us=101 acquire_us=69 submit_us=38455 skipped=0
frust_shell_common::perf: frust-perf raw n=14 total_us=39331 rebuild_us=52 layout_us=970 paint_us=159 encode_us=100 acquire_us=85 submit_us=37963 skipped=0
frust_shell_common::perf: frust-perf raw n=15 total_us=40106 rebuild_us=138 layout_us=1191 paint_us=165 encode_us=110 acquire_us=81 submit_us=38418 skipped=0
frust_shell_common::perf: frust-perf raw n=16 total_us=40027 rebuild_us=141 layout_us=1223 paint_us=167 encode_us=146 acquire_us=68 submit_us=38280 skipped=0
frust_shell_common::perf: frust-perf raw n=17 total_us=39741 rebuild_us=140 layout_us=1230 paint_us=164 encode_us=106 acquire_us=80 submit_us=38019 skipped=0
frust_shell_common::perf: frust-perf raw n=18 total_us=40090 rebuild_us=134 layout_us=1203 paint_us=160 encode_us=83 acquire_us=67 submit_us=38442 skipped=0
frust_shell_common::perf: frust-perf raw n=19 total_us=39201 rebuild_us=136 layout_us=1201 paint_us=165 encode_us=104 acquire_us=81 submit_us=37510 skipped=0
frust_shell_common::perf: frust-perf raw n=20 total_us=40218 rebuild_us=46 layout_us=765 paint_us=134 encode_us=110 acquire_us=112 submit_us=39049 skipped=0
frust_shell_common::perf: frust-perf raw n=21 total_us=39470 rebuild_us=73 layout_us=1053 paint_us=179 encode_us=104 acquire_us=74 submit_us=37985 skipped=0
frust_shell_common::perf: frust-perf raw n=22 total_us=39563 rebuild_us=45 layout_us=763 paint_us=133 encode_us=98 acquire_us=69 submit_us=38453 skipped=0
frust_shell_common::perf: frust-perf raw n=23 total_us=39644 rebuild_us=50 layout_us=1006 paint_us=164 encode_us=102 acquire_us=77 submit_us=38242 skipped=0
frust_shell_common::perf: frust-perf raw n=24 total_us=40501 rebuild_us=142 layout_us=1114 paint_us=161 encode_us=106 acquire_us=79 submit_us=38896 skipped=0
frust_shell_common::perf: frust-perf raw n=25 total_us=39383 rebuild_us=53 layout_us=985 paint_us=169 encode_us=102 acquire_us=85 submit_us=37986 skipped=0
frust_shell_common::perf: frust-perf raw n=26 total_us=39716 rebuild_us=131 layout_us=1201 paint_us=161 encode_us=110 acquire_us=75 submit_us=38035 skipped=0
frust_shell_common::perf: frust-perf raw n=27 total_us=39722 rebuild_us=55 layout_us=971 paint_us=212 encode_us=105 acquire_us=83 submit_us=38295 skipped=0
frust_shell_android::app::frame: frust-perf platform-view tail depth=0 target=0 acquire_bound=false frame=120 expected_present_us=0 acquire_us=78 period_us=11144
frust_shell_common::perf: frust-perf raw n=28 total_us=40044 rebuild_us=60 layout_us=1011 paint_us=168 encode_us=105 acquire_us=75 submit_us=38622 skipped=0
frust_shell_common::perf: frust-perf raw n=29 total_us=39446 rebuild_us=70 layout_us=974 paint_us=165 encode_us=103 acquire_us=77 submit_us=38054 skipped=0
frust_shell_common::perf: frust-perf raw n=30 total_us=39827 rebuild_us=54 layout_us=931 paint_us=150 encode_us=100 acquire_us=76 submit_us=38513 skipped=0
frust_shell_common::perf: frust-perf raw n=31 total_us=40400 rebuild_us=132 layout_us=1219 paint_us=221 encode_us=102 acquire_us=83 submit_us=38641 skipped=0
frust_shell_common::perf: frust-perf raw n=32 total_us=40422 rebuild_us=136 layout_us=1250 paint_us=165 encode_us=100 acquire_us=74 submit_us=38693 skipped=0
frust_shell_common::perf: frust-perf raw n=33 total_us=40331 rebuild_us=137 layout_us=1239 paint_us=176 encode_us=103 acquire_us=83 submit_us=38591 skipped=0
frust_shell_common::perf: frust-perf raw n=34 total_us=38624 rebuild_us=45 layout_us=811 paint_us=138 encode_us=287 acquire_us=207 submit_us=37134 skipped=0
frust_shell_common::perf: frust-perf raw n=35 total_us=40159 rebuild_us=49 layout_us=817 paint_us=134 encode_us=106 acquire_us=86 submit_us=38965 skipped=0
frust_shell_common::perf: frust-perf raw n=36 total_us=39074 rebuild_us=57 layout_us=867 paint_us=154 encode_us=100 acquire_us=71 submit_us=37824 skipped=0
frust_shell_common::perf: frust-perf raw n=37 total_us=39667 rebuild_us=45 layout_us=777 paint_us=129 encode_us=116 acquire_us=85 submit_us=38513 skipped=0
frust_shell_common::perf: frust-perf raw n=38 total_us=40430 rebuild_us=50 layout_us=983 paint_us=218 encode_us=106 acquire_us=74 submit_us=38996 skipped=0
frust_shell_common::perf: frust-perf raw n=39 total_us=39409 rebuild_us=43 layout_us=792 paint_us=134 encode_us=98 acquire_us=70 submit_us=38268 skipped=0
frust_shell_common::perf: frust-perf raw n=40 total_us=39305 rebuild_us=63 layout_us=1001 paint_us=169 encode_us=103 acquire_us=76 submit_us=37890 skipped=0
frust_shell_common::perf: frust-perf raw n=41 total_us=40185 rebuild_us=135 layout_us=1215 paint_us=165 encode_us=110 acquire_us=76 submit_us=38481 skipped=0
frust_shell_common::perf: frust-perf raw n=42 total_us=39665 rebuild_us=133 layout_us=1201 paint_us=158 encode_us=107 acquire_us=71 submit_us=37993 skipped=0
frust_shell_common::perf: frust-perf raw n=43 total_us=40326 rebuild_us=134 layout_us=1210 paint_us=169 encode_us=102 acquire_us=71 submit_us=38637 skipped=0
frust_shell_common::perf: frust-perf raw n=44 total_us=39511 rebuild_us=55 layout_us=902 paint_us=162 encode_us=298 acquire_us=223 submit_us=37869 skipped=0
frust_shell_common::perf: frust-perf raw n=45 total_us=41848 rebuild_us=110 layout_us=1750 paint_us=295 encode_us=158 acquire_us=110 submit_us=39422 skipped=0
frust_shell_common::perf: frust-perf raw n=46 total_us=39358 rebuild_us=74 layout_us=1638 paint_us=252 encode_us=158 acquire_us=106 submit_us=37127 skipped=0
frust_shell_common::perf: frust-perf frame n=46 total_p50_ms=39 total_p95_ms=73 total_p99_ms=130 rebuild_p95_ms=0 layout_p95_ms=1 paint_p95_ms=0 encode_p95_ms=0 acquire_p95_ms=0 submit_p95_ms=71 over_60hz=46 over_120hz=46 skipped=0 total_frames=46
frust_shell_common::perf: frust-perf raw n=47 total_us=42192 rebuild_us=71 layout_us=1613 paint_us=262 encode_us=222 acquire_us=118 submit_us=39904 skipped=0
frust_shell_common::perf: frust-perf raw n=48 total_us=39324 rebuild_us=70 layout_us=1692 paint_us=248 encode_us=153 acquire_us=141 submit_us=37018 skipped=0
frust_shell_common::perf: frust-perf raw n=49 total_us=40251 rebuild_us=75 layout_us=1652 paint_us=256 encode_us=153 acquire_us=98 submit_us=38015 skipped=0
frust_shell_common::perf: frust-perf raw n=50 total_us=40720 rebuild_us=75 layout_us=1608 paint_us=255 encode_us=143 acquire_us=91 submit_us=38546 skipped=0
frust_shell_common::perf: frust-perf raw n=51 total_us=40255 rebuild_us=75 layout_us=1564 paint_us=247 encode_us=157 acquire_us=103 submit_us=38106 skipped=0
frust_shell_common::perf: frust-perf raw n=52 total_us=41147 rebuild_us=75 layout_us=1550 paint_us=259 encode_us=143 acquire_us=92 submit_us=39027 skipped=0
frust_shell_common::perf: frust-perf raw n=53 total_us=40172 rebuild_us=81 layout_us=1574 paint_us=275 encode_us=154 acquire_us=104 submit_us=37982 skipped=0
frust_shell_common::perf: frust-perf raw n=54 total_us=40554 rebuild_us=77 layout_us=1607 paint_us=252 encode_us=138 acquire_us=89 submit_us=38387 skipped=0
frust_shell_common::perf: frust-perf raw n=55 total_us=40046 rebuild_us=77 layout_us=1625 paint_us=248 encode_us=152 acquire_us=106 submit_us=37836 skipped=0
frust_shell_common::perf: frust-perf raw n=56 total_us=41010 rebuild_us=81 layout_us=1633 paint_us=249 encode_us=150 acquire_us=97 submit_us=38797 skipped=0
frust_shell_common::perf: frust-perf raw n=57 total_us=40500 rebuild_us=79 layout_us=1546 paint_us=249 encode_us=151 acquire_us=170 submit_us=38303 skipped=0
frust_shell_common::perf: frust-perf raw n=58 total_us=40548 rebuild_us=94 layout_us=1596 paint_us=268 encode_us=160 acquire_us=94 submit_us=38334 skipped=0
frust_shell_common::perf: frust-perf raw n=59 total_us=40552 rebuild_us=130 layout_us=1764 paint_us=255 encode_us=151 acquire_us=90 submit_us=38160 skipped=0
frust_shell_common::perf: frust-perf raw n=60 total_us=41237 rebuild_us=94 layout_us=1775 paint_us=261 encode_us=151 acquire_us=111 submit_us=38843 skipped=0
frust_shell_common::perf: frust-perf raw n=61 total_us=40605 rebuild_us=153 layout_us=1683 paint_us=257 encode_us=152 acquire_us=104 submit_us=38254 skipped=0
frust_shell_common::perf: frust-perf raw n=62 total_us=40450 rebuild_us=119 layout_us=1545 paint_us=255 encode_us=154 acquire_us=98 submit_us=38278 skipped=0
frust_shell_android::app::frame: frust-perf platform-view tail depth=0 target=0 acquire_bound=false frame=240 expected_present_us=0 acquire_us=102 period_us=11128
frust_shell_common::perf: frust-perf raw n=63 total_us=40901 rebuild_us=73 layout_us=1587 paint_us=249 encode_us=152 acquire_us=102 submit_us=38735 skipped=0
frust_shell_common::perf: frust-perf raw n=64 total_us=40187 rebuild_us=77 layout_us=1538 paint_us=254 encode_us=154 acquire_us=101 submit_us=38061 skipped=0
frust_shell_common::perf: frust-perf raw n=65 total_us=40849 rebuild_us=79 layout_us=1607 paint_us=254 encode_us=153 acquire_us=117 submit_us=38637 skipped=0
frust_shell_common::perf: frust-perf raw n=66 total_us=40238 rebuild_us=102 layout_us=1568 paint_us=255 encode_us=151 acquire_us=112 submit_us=38048 skipped=0
frust_shell_common::perf: frust-perf raw n=67 total_us=40154 rebuild_us=73 layout_us=1542 paint_us=256 encode_us=150 acquire_us=98 submit_us=38033 skipped=0
frust_shell_common::perf: frust-perf raw n=68 total_us=40262 rebuild_us=77 layout_us=1540 paint_us=244 encode_us=153 acquire_us=99 submit_us=38146 skipped=0
frust_shell_common::perf: frust-perf raw n=69 total_us=40696 rebuild_us=72 layout_us=1533 paint_us=295 encode_us=128 acquire_us=86 submit_us=38578 skipped=0
frust_shell_common::perf: frust-perf raw n=70 total_us=40296 rebuild_us=80 layout_us=1544 paint_us=253 encode_us=152 acquire_us=100 submit_us=38165 skipped=0
frust_shell_common::perf: frust-perf raw n=71 total_us=40920 rebuild_us=79 layout_us=1536 paint_us=327 encode_us=154 acquire_us=100 submit_us=38721 skipped=0
frust_shell_common::perf: frust-perf raw n=72 total_us=39846 rebuild_us=71 layout_us=1593 paint_us=246 encode_us=160 acquire_us=115 submit_us=37659 skipped=0
frust_shell_common::perf: frust-perf raw n=73 total_us=41272 rebuild_us=73 layout_us=1610 paint_us=246 encode_us=153 acquire_us=85 submit_us=39102 skipped=0
frust_shell_common::perf: frust-perf raw n=74 total_us=40442 rebuild_us=80 layout_us=1549 paint_us=254 encode_us=151 acquire_us=107 submit_us=38298 skipped=0
frust_shell_common::perf: frust-perf raw n=75 total_us=40822 rebuild_us=81 layout_us=1539 paint_us=258 encode_us=136 acquire_us=85 submit_us=38721 skipped=0
frust_shell_common::perf: frust-perf raw n=76 total_us=40610 rebuild_us=74 layout_us=1636 paint_us=251 encode_us=149 acquire_us=109 submit_us=38388 skipped=0
frust_shell_common::perf: frust-perf raw n=77 total_us=40816 rebuild_us=84 layout_us=1649 paint_us=263 encode_us=144 acquire_us=99 submit_us=38575 skipped=0
frust_shell_common::perf: frust-perf raw n=78 total_us=42444 rebuild_us=75 layout_us=1354 paint_us=226 encode_us=148 acquire_us=98 submit_us=40541 skipped=0
frust_shell_common::perf: frust-perf raw n=79 total_us=38776 rebuild_us=86 layout_us=1533 paint_us=302 encode_us=146 acquire_us=92 submit_us=36614 skipped=0
frust_shell_common::perf: frust-perf raw n=80 total_us=39998 rebuild_us=79 layout_us=1542 paint_us=249 encode_us=156 acquire_us=108 submit_us=37861 skipped=0
frust_shell_common::perf: frust-perf raw n=81 total_us=40946 rebuild_us=78 layout_us=1561 paint_us=343 encode_us=165 acquire_us=106 submit_us=38690 skipped=0
frust_shell_common::perf: frust-perf raw n=82 total_us=40317 rebuild_us=76 layout_us=1614 paint_us=252 encode_us=153 acquire_us=112 submit_us=38107 skipped=0
frust_shell_common::perf: frust-perf raw n=83 total_us=40250 rebuild_us=79 layout_us=1592 paint_us=247 encode_us=149 acquire_us=141 submit_us=38039 skipped=0
frust_shell_common::perf: frust-perf raw n=84 total_us=40408 rebuild_us=74 layout_us=1530 paint_us=243 encode_us=148 acquire_us=95 submit_us=38316 skipped=0
frust_shell_common::perf: frust-perf raw n=85 total_us=40405 rebuild_us=80 layout_us=1527 paint_us=250 encode_us=148 acquire_us=101 submit_us=38296 skipped=0
frust_shell_common::perf: frust-perf raw n=86 total_us=40861 rebuild_us=73 layout_us=1597 paint_us=253 encode_us=153 acquire_us=108 submit_us=38674 skipped=0
frust_shell_common::perf: frust-perf raw n=87 total_us=40670 rebuild_us=92 layout_us=1642 paint_us=275 encode_us=152 acquire_us=114 submit_us=38393 skipped=0
frust_shell_common::perf: frust-perf raw n=88 total_us=40461 rebuild_us=70 layout_us=1564 paint_us=251 encode_us=211 acquire_us=107 submit_us=38256 skipped=0
frust_shell_common::perf: frust-perf raw n=89 total_us=40958 rebuild_us=128 layout_us=1545 paint_us=253 encode_us=153 acquire_us=101 submit_us=38776 skipped=0
frust_shell_common::perf: frust-perf raw n=90 total_us=40412 rebuild_us=73 layout_us=1538 paint_us=249 encode_us=149 acquire_us=102 submit_us=38299 skipped=0
frust_shell_common::perf: frust-perf raw n=91 total_us=40120 rebuild_us=81 layout_us=1541 paint_us=255 encode_us=153 acquire_us=116 submit_us=37972 skipped=0
frust_shell_common::perf: frust-perf raw n=92 total_us=41847 rebuild_us=83 layout_us=1646 paint_us=275 encode_us=147 acquire_us=103 submit_us=39591 skipped=0
frust_shell_common::perf: frust-perf raw n=93 total_us=39863 rebuild_us=75 layout_us=1592 paint_us=251 encode_us=153 acquire_us=99 submit_us=37689 skipped=0
frust_shell_common::perf: frust-perf raw n=94 total_us=41666 rebuild_us=75 layout_us=1597 paint_us=269 encode_us=142 acquire_us=129 submit_us=39451 skipped=0
frust_shell_common::perf: frust-perf raw n=95 total_us=40163 rebuild_us=85 layout_us=1582 paint_us=261 encode_us=157 acquire_us=109 submit_us=37967 skipped=0
frust_shell_common::perf: frust-perf raw n=96 total_us=41365 rebuild_us=83 layout_us=1456 paint_us=254 encode_us=142 acquire_us=115 submit_us=39314 skipped=0
frust_shell_common::perf: frust-perf frame n=96 total_p50_ms=40 total_p95_ms=43 total_p99_ms=130 rebuild_p95_ms=0 layout_p95_ms=1 paint_p95_ms=0 encode_p95_ms=0 acquire_p95_ms=0 submit_p95_ms=41 over_60hz=96 over_120hz=96 skipped=0 total_frames=96
frust_shell_android::app::frame: frust-perf platform-view tail depth=0 target=0 acquire_bound=false frame=360 expected_present_us=0 acquire_us=114 period_us=11138
frust_shell_common::perf: frust-perf raw n=97 total_us=40200 rebuild_us=76 layout_us=1629 paint_us=255 encode_us=152 acquire_us=129 submit_us=37957 skipped=0
frust_shell_common::perf: frust-perf raw n=98 total_us=41218 rebuild_us=84 layout_us=1658 paint_us=294 encode_us=153 acquire_us=112 submit_us=38915 skipped=0
frust_shell_common::perf: frust-perf raw n=99 total_us=42492 rebuild_us=84 layout_us=3784 paint_us=339 encode_us=155 acquire_us=103 submit_us=38025 skipped=0
frust_shell_common::perf: frust-perf raw n=100 total_us=42374 rebuild_us=69 layout_us=2683 paint_us=255 encode_us=208 acquire_us=115 submit_us=39042 skipped=0
frust_shell_common::perf: frust-perf raw n=101 total_us=42195 rebuild_us=82 layout_us=3825 paint_us=62 encode_us=92 acquire_us=98 submit_us=38034 skipped=0
frust_shell_common::perf: frust-perf raw n=102 total_us=36108 rebuild_us=62 layout_us=2661 paint_us=36 encode_us=112 acquire_us=98 submit_us=33136 skipped=0
frust_shell_common::perf: frust-perf raw n=103 total_us=36111 rebuild_us=97 layout_us=2909 paint_us=48 encode_us=115 acquire_us=104 submit_us=32836 skipped=0
frust_shell_common::perf: frust-perf raw n=104 total_us=35966 rebuild_us=84 layout_us=2873 paint_us=40 encode_us=115 acquire_us=110 submit_us=32741 skipped=0
frust_shell_common::perf: frust-perf raw n=105 total_us=36821 rebuild_us=89 layout_us=3093 paint_us=45 encode_us=101 acquire_us=90 submit_us=33400 skipped=0
frust_shell_common::perf: frust-perf raw n=106 total_us=37151 rebuild_us=109 layout_us=3836 paint_us=59 encode_us=105 acquire_us=99 submit_us=32941 skipped=0
frust_shell_common::perf: frust-perf raw n=107 total_us=37085 rebuild_us=90 layout_us=3800 paint_us=50 encode_us=109 acquire_us=93 submit_us=32941 skipped=0
frust_shell_common::perf: frust-perf raw n=108 total_us=36621 rebuild_us=89 layout_us=3738 paint_us=52 encode_us=107 acquire_us=95 submit_us=32538 skipped=0
frust_shell_common::perf: frust-perf raw n=109 total_us=37590 rebuild_us=147 layout_us=3745 paint_us=363 encode_us=115 acquire_us=81 submit_us=33136 skipped=0
frust_shell_common::perf: frust-perf raw n=110 total_us=43327 rebuild_us=106 layout_us=3860 paint_us=362 encode_us=112 acquire_us=81 submit_us=38803 skipped=0
frust_shell_common::perf: frust-perf raw n=111 total_us=42402 rebuild_us=82 layout_us=3680 paint_us=377 encode_us=113 acquire_us=84 submit_us=38062 skipped=0
frust_shell_common::perf: frust-perf raw n=112 total_us=42137 rebuild_us=69 layout_us=2648 paint_us=41 encode_us=107 acquire_us=87 submit_us=39184 skipped=0
frust_shell_common::perf: frust-perf raw n=113 total_us=36052 rebuild_us=63 layout_us=2604 paint_us=283 encode_us=116 acquire_us=90 submit_us=32894 skipped=0
frust_shell_common::perf: frust-perf raw n=114 total_us=41421 rebuild_us=68 layout_us=2487 paint_us=273 encode_us=110 acquire_us=81 submit_us=38399 skipped=0
frust_shell_common::perf: frust-perf raw n=115 total_us=42269 rebuild_us=61 layout_us=2630 paint_us=258 encode_us=137 acquire_us=83 submit_us=39097 skipped=0
frust_shell_common::perf: frust-perf raw n=116 total_us=41774 rebuild_us=57 layout_us=2635 paint_us=250 encode_us=116 acquire_us=81 submit_us=38633 skipped=0
frust_shell_common::perf: frust-perf raw n=117 total_us=42927 rebuild_us=68 layout_us=2652 paint_us=252 encode_us=152 acquire_us=84 submit_us=39718 skipped=0
frust_shell_common::perf: frust-perf raw n=118 total_us=41418 rebuild_us=65 layout_us=2684 paint_us=253 encode_us=153 acquire_us=98 submit_us=38162 skipped=0
frust_shell_common::perf: frust-perf raw n=119 total_us=41879 rebuild_us=62 layout_us=2627 paint_us=247 encode_us=136 acquire_us=91 submit_us=38713 skipped=0
frust_shell_common::perf: frust-perf raw n=120 total_us=42323 rebuild_us=77 layout_us=3544 paint_us=313 encode_us=114 acquire_us=77 submit_us=38195 skipped=0
frust_shell_common::perf: frust-perf raw n=121 total_us=41796 rebuild_us=72 layout_us=2693 paint_us=260 encode_us=183 acquire_us=100 submit_us=38485 skipped=0
frust_shell_common::perf: frust-perf raw n=122 total_us=40450 rebuild_us=76 layout_us=993 paint_us=232 encode_us=161 acquire_us=108 submit_us=38878 skipped=0
frust_shell_common::perf: frust-perf raw n=123 total_us=40252 rebuild_us=71 layout_us=403 paint_us=264 encode_us=113 acquire_us=73 submit_us=39326 skipped=0
frust_shell_common::perf: frust-perf raw n=124 total_us=42330 rebuild_us=74 layout_us=3514 paint_us=316 encode_us=147 acquire_us=98 submit_us=38180 skipped=0
frust_shell_common::perf: frust-perf raw n=125 total_us=42924 rebuild_us=60 layout_us=2632 paint_us=260 encode_us=150 acquire_us=84 submit_us=39735 skipped=0
frust_shell_common::perf: frust-perf raw n=126 total_us=41182 rebuild_us=70 layout_us=2603 paint_us=244 encode_us=111 acquire_us=81 submit_us=38069 skipped=0
frust_shell_common::perf: frust-perf raw n=127 total_us=42203 rebuild_us=58 layout_us=2678 paint_us=251 encode_us=153 acquire_us=85 submit_us=38975 skipped=0
frust_shell_common::perf: frust-perf raw n=128 total_us=42577 rebuild_us=99 layout_us=3775 paint_us=353 encode_us=115 acquire_us=77 submit_us=38155 skipped=0
frust_shell_common::perf: frust-perf raw n=129 total_us=42571 rebuild_us=69 layout_us=2671 paint_us=254 encode_us=146 acquire_us=84 submit_us=39345 skipped=0
frust_shell_common::perf: frust-perf raw n=130 total_us=41226 rebuild_us=57 layout_us=2719 paint_us=250 encode_us=119 acquire_us=82 submit_us=37997 skipped=0
frust_shell_common::perf: frust-perf raw n=131 total_us=42360 rebuild_us=61 layout_us=2682 paint_us=256 encode_us=146 acquire_us=93 submit_us=39120 skipped=0
frust_shell_common::perf: frust-perf raw n=132 total_us=41497 rebuild_us=67 layout_us=2719 paint_us=256 encode_us=117 acquire_us=90 submit_us=38247 skipped=0
frust_shell_android::app::frame: frust-perf platform-view tail depth=0 target=0 acquire_bound=false frame=480 expected_present_us=0 acquire_us=85 period_us=11133
frust_shell_common::perf: frust-perf raw n=133 total_us=42578 rebuild_us=57 layout_us=2713 paint_us=248 encode_us=151 acquire_us=86 submit_us=39321 skipped=0
frust_shell_common::perf: frust-perf raw n=134 total_us=41632 rebuild_us=63 layout_us=2608 paint_us=245 encode_us=118 acquire_us=83 submit_us=38512 skipped=0
frust_shell_common::perf: frust-perf raw n=135 total_us=42291 rebuild_us=63 layout_us=2623 paint_us=251 encode_us=147 acquire_us=145 submit_us=39060 skipped=0
frust_shell_common::perf: frust-perf raw n=136 total_us=41444 rebuild_us=62 layout_us=2668 paint_us=253 encode_us=115 acquire_us=85 submit_us=38258 skipped=0
frust_shell_common::perf: frust-perf raw n=137 total_us=42279 rebuild_us=72 layout_us=2759 paint_us=260 encode_us=150 acquire_us=83 submit_us=38952 skipped=0
frust_shell_common::perf: frust-perf raw n=138 total_us=41412 rebuild_us=62 layout_us=2702 paint_us=254 encode_us=152 acquire_us=114 submit_us=38125 skipped=0
frust_shell_common::perf: frust-perf raw n=139 total_us=42877 rebuild_us=63 layout_us=2670 paint_us=253 encode_us=152 acquire_us=84 submit_us=39652 skipped=0
frust_shell_common::perf: frust-perf raw n=140 total_us=41359 rebuild_us=60 layout_us=2644 paint_us=310 encode_us=117 acquire_us=86 submit_us=38139 skipped=0
frust_shell_common::perf: frust-perf raw n=141 total_us=42931 rebuild_us=65 layout_us=2678 paint_us=256 encode_us=146 acquire_us=95 submit_us=39689 skipped=0
frust_shell_common::perf: frust-perf raw n=142 total_us=41326 rebuild_us=76 layout_us=2620 paint_us=243 encode_us=116 acquire_us=90 submit_us=38179 skipped=0
frust_shell_common::perf: frust-perf raw n=143 total_us=42207 rebuild_us=70 layout_us=2789 paint_us=259 encode_us=143 acquire_us=110 submit_us=38833 skipped=0
frust_shell_common::perf: frust-perf raw n=144 total_us=41974 rebuild_us=64 layout_us=2699 paint_us=258 encode_us=118 acquire_us=84 submit_us=38747 skipped=0
frust_shell_common::perf: frust-perf raw n=145 total_us=42877 rebuild_us=71 layout_us=2748 paint_us=254 encode_us=143 acquire_us=115 submit_us=39543 skipped=0
frust_shell_common::perf: frust-perf frame n=120 total_p50_ms=40 total_p95_ms=42 total_p99_ms=42 rebuild_p95_ms=0 layout_p95_ms=3 paint_p95_ms=0 encode_p95_ms=0 acquire_p95_ms=0 submit_p95_ms=39 over_60hz=145 over_120hz=145 skipped=0 total_frames=145
frust_shell_common::perf: frust-perf raw n=146 total_us=41357 rebuild_us=66 layout_us=2719 paint_us=253 encode_us=155 acquire_us=130 submit_us=38031 skipped=0
frust_shell_common::perf: frust-perf raw n=147 total_us=42123 rebuild_us=60 layout_us=2730 paint_us=260 encode_us=146 acquire_us=107 submit_us=38818 skipped=0
frust_shell_common::perf: frust-perf raw n=148 total_us=41697 rebuild_us=62 layout_us=2729 paint_us=254 encode_us=121 acquire_us=99 submit_us=38430 skipped=0
frust_shell_common::perf: frust-perf raw n=149 total_us=42819 rebuild_us=58 layout_us=2658 paint_us=305 encode_us=144 acquire_us=112 submit_us=39540 skipped=0
frust_shell_common::perf: frust-perf raw n=150 total_us=42026 rebuild_us=63 layout_us=2589 paint_us=236 encode_us=131 acquire_us=111 submit_us=38894 skipped=0
frust_shell_common::perf: frust-perf raw n=151 total_us=42248 rebuild_us=69 layout_us=2730 paint_us=264 encode_us=116 acquire_us=90 submit_us=38977 skipped=0
frust_shell_common::perf: frust-perf raw n=152 total_us=42610 rebuild_us=59 layout_us=2699 paint_us=252 encode_us=119 acquire_us=81 submit_us=39398 skipped=0
frust_shell_common::perf: frust-perf raw n=153 total_us=42260 rebuild_us=64 layout_us=2575 paint_us=234 encode_us=113 acquire_us=82 submit_us=39190 skipped=0
frust_shell_common::perf: frust-perf raw n=154 total_us=42177 rebuild_us=92 layout_us=2647 paint_us=255 encode_us=147 acquire_us=94 submit_us=38939 skipped=0
frust_shell_common::perf: frust-perf raw n=155 total_us=41806 rebuild_us=60 layout_us=2748 paint_us=247 encode_us=120 acquire_us=76 submit_us=38551 skipped=0
frust_shell_common::perf: frust-perf raw n=156 total_us=42092 rebuild_us=66 layout_us=2677 paint_us=257 encode_us=133 acquire_us=96 submit_us=38861 skipped=0
frust_shell_common::perf: frust-perf raw n=157 total_us=42512 rebuild_us=80 layout_us=3700 paint_us=346 encode_us=117 acquire_us=80 submit_us=38187 skipped=0
frust_shell_common::perf: frust-perf raw n=158 total_us=41992 rebuild_us=81 layout_us=2808 paint_us=265 encode_us=150 acquire_us=92 submit_us=38594 skipped=0
frust_shell_common::perf: frust-perf raw n=159 total_us=41706 rebuild_us=59 layout_us=2637 paint_us=249 encode_us=115 acquire_us=88 submit_us=38555 skipped=0
frust_shell_common::perf: frust-perf raw n=160 total_us=41892 rebuild_us=65 layout_us=2674 paint_us=254 encode_us=122 acquire_us=83 submit_us=38692 skipped=0
frust_shell_common::perf: frust-perf raw n=161 total_us=41338 rebuild_us=63 layout_us=2547 paint_us=233 encode_us=112 acquire_us=81 submit_us=38300 skipped=0
frust_shell_common::perf: frust-perf raw n=162 total_us=41741 rebuild_us=58 layout_us=2674 paint_us=251 encode_us=128 acquire_us=84 submit_us=38543 skipped=0
frust_shell_common::perf: frust-perf raw n=163 total_us=41351 rebuild_us=77 layout_us=2763 paint_us=276 encode_us=116 acquire_us=88 submit_us=38028 skipped=0
frust_shell_common::perf: frust-perf raw n=164 total_us=41824 rebuild_us=63 layout_us=2694 paint_us=257 encode_us=114 acquire_us=83 submit_us=38609 skipped=0
frust_shell_common::perf: frust-perf raw n=165 total_us=41730 rebuild_us=67 layout_us=2643 paint_us=323 encode_us=116 acquire_us=81 submit_us=38498 skipped=0
frust_shell_common::perf: frust-perf raw n=166 total_us=41071 rebuild_us=66 layout_us=2709 paint_us=254 encode_us=116 acquire_us=89 submit_us=37835 skipped=0
frust_shell_android::app::frame: frust-perf platform-view tail depth=0 target=0 acquire_bound=false frame=600 expected_present_us=0 acquire_us=87 period_us=11131
frust_shell_common::perf: frust-perf raw n=167 total_us=42146 rebuild_us=61 layout_us=2665 paint_us=256 encode_us=140 acquire_us=98 submit_us=38923 skipped=0
frust_shell_common::perf: frust-perf raw n=168 total_us=40856 rebuild_us=67 layout_us=2632 paint_us=234 encode_us=147 acquire_us=101 submit_us=37673 skipped=0
frust_shell_common::perf: frust-perf raw n=169 total_us=41855 rebuild_us=67 layout_us=2717 paint_us=262 encode_us=151 acquire_us=97 submit_us=38557 skipped=0
frust_shell_common::perf: frust-perf raw n=170 total_us=41841 rebuild_us=92 layout_us=2659 paint_us=260 encode_us=119 acquire_us=82 submit_us=38625 skipped=0
frust_shell_common::perf: frust-perf raw n=171 total_us=42272 rebuild_us=60 layout_us=2711 paint_us=252 encode_us=145 acquire_us=90 submit_us=39012 skipped=0
frust_shell_common::perf: frust-perf raw n=172 total_us=41792 rebuild_us=63 layout_us=2724 paint_us=259 encode_us=128 acquire_us=102 submit_us=38514 skipped=0
frust_shell_common::perf: frust-perf raw n=173 total_us=42567 rebuild_us=69 layout_us=2825 paint_us=267 encode_us=148 acquire_us=99 submit_us=39157 skipped=0
frust_shell_common::perf: frust-perf raw n=174 total_us=41239 rebuild_us=63 layout_us=2709 paint_us=249 encode_us=120 acquire_us=84 submit_us=38011 skipped=0
frust_shell_common::perf: frust-perf raw n=175 total_us=42507 rebuild_us=65 layout_us=2684 paint_us=255 encode_us=140 acquire_us=85 submit_us=39275 skipped=0
frust_shell_common::perf: frust-perf raw n=176 total_us=41394 rebuild_us=64 layout_us=2503 paint_us=234 encode_us=118 acquire_us=80 submit_us=38392 skipped=0
frust_shell_common::perf: frust-perf raw n=177 total_us=41982 rebuild_us=62 layout_us=2669 paint_us=294 encode_us=136 acquire_us=87 submit_us=38731 skipped=0
frust_shell_common::perf: frust-perf raw n=178 total_us=41471 rebuild_us=63 layout_us=2705 paint_us=254 encode_us=143 acquire_us=88 submit_us=38217 skipped=0
frust_shell_common::perf: frust-perf raw n=179 total_us=42287 rebuild_us=83 layout_us=2763 paint_us=268 encode_us=144 acquire_us=86 submit_us=38941 skipped=0
frust_shell_common::perf: frust-perf raw n=180 total_us=41496 rebuild_us=67 layout_us=2713 paint_us=254 encode_us=120 acquire_us=92 submit_us=38248 skipped=0
frust_shell_common::perf: frust-perf raw n=181 total_us=42410 rebuild_us=66 layout_us=2593 paint_us=236 encode_us=138 acquire_us=96 submit_us=39279 skipped=0
frust_shell_common::perf: frust-perf raw n=182 total_us=40845 rebuild_us=63 layout_us=2686 paint_us=253 encode_us=119 acquire_us=80 submit_us=37641 skipped=0
frust_shell_common::perf: frust-perf raw n=183 total_us=42461 rebuild_us=61 layout_us=2710 paint_us=253 encode_us=143 acquire_us=88 submit_us=39204 skipped=0
frust_shell_common::perf: frust-perf raw n=184 total_us=41316 rebuild_us=83 layout_us=2657 paint_us=249 encode_us=161 acquire_us=85 submit_us=38079 skipped=0
frust_shell_common::perf: frust-perf raw n=185 total_us=42312 rebuild_us=62 layout_us=2711 paint_us=258 encode_us=138 acquire_us=97 submit_us=39045 skipped=0
frust_shell_common::perf: frust-perf raw n=186 total_us=42100 rebuild_us=59 layout_us=2658 paint_us=253 encode_us=150 acquire_us=101 submit_us=38876 skipped=0
frust_shell_common::perf: frust-perf raw n=187 total_us=42255 rebuild_us=67 layout_us=2665 paint_us=304 encode_us=142 acquire_us=101 submit_us=38974 skipped=0
frust_shell_common::perf: frust-perf raw n=188 total_us=41152 rebuild_us=60 layout_us=2716 paint_us=251 encode_us=117 acquire_us=93 submit_us=37912 skipped=0
frust_shell_common::perf: frust-perf raw n=189 total_us=42299 rebuild_us=71 layout_us=2721 paint_us=258 encode_us=138 acquire_us=87 submit_us=39021 skipped=0
frust_shell_common::perf: frust-perf raw n=190 total_us=41358 rebuild_us=62 layout_us=2729 paint_us=252 encode_us=113 acquire_us=94 submit_us=38105 skipped=0
frust_shell_common::perf: frust-perf raw n=191 total_us=42228 rebuild_us=60 layout_us=2721 paint_us=252 encode_us=137 acquire_us=84 submit_us=38971 skipped=0
frust_shell_common::perf: frust-perf raw n=192 total_us=41704 rebuild_us=63 layout_us=2511 paint_us=288 encode_us=113 acquire_us=85 submit_us=38641 skipped=0
frust_shell_common::perf: frust-perf raw n=193 total_us=42071 rebuild_us=60 layout_us=2614 paint_us=312 encode_us=149 acquire_us=101 submit_us=38833 skipped=0
frust_shell_common::perf: frust-perf frame n=120 total_p50_ms=41 total_p95_ms=42 total_p99_ms=42 rebuild_p95_ms=0 layout_p95_ms=3 paint_p95_ms=0 encode_p95_ms=0 acquire_p95_ms=0 submit_p95_ms=39 over_60hz=193 over_120hz=193 skipped=0 total_frames=193
frust_shell_common::perf: frust-perf raw n=194 total_us=40825 rebuild_us=62 layout_us=2685 paint_us=248 encode_us=115 acquire_us=92 submit_us=37621 skipped=0
frust_shell_common::perf: frust-perf raw n=195 total_us=42231 rebuild_us=77 layout_us=2805 paint_us=263 encode_us=138 acquire_us=95 submit_us=38851 skipped=0
frust_shell_common::perf: frust-perf raw n=196 total_us=41367 rebuild_us=59 layout_us=2697 paint_us=255 encode_us=155 acquire_us=97 submit_us=38102 skipped=0
frust_shell_common::perf: frust-perf raw n=197 total_us=42027 rebuild_us=62 layout_us=2717 paint_us=251 encode_us=142 acquire_us=89 submit_us=38764 skipped=0
frust_shell_common::perf: frust-perf raw n=198 total_us=41630 rebuild_us=63 layout_us=2712 paint_us=255 encode_us=114 acquire_us=90 submit_us=38392 skipped=0
frust_shell_common::perf: frust-perf raw n=199 total_us=41974 rebuild_us=64 layout_us=2577 paint_us=235 encode_us=136 acquire_us=88 submit_us=38870 skipped=0
frust_shell_common::perf: frust-perf raw n=200 total_us=41641 rebuild_us=60 layout_us=2560 paint_us=232 encode_us=113 acquire_us=85 submit_us=38588 skipped=0
frust_shell_android::app::frame: frust-perf platform-view tail depth=0 target=0 acquire_bound=false frame=720 expected_present_us=0 acquire_us=98 period_us=11133
frust_shell_common::perf: frust-perf raw n=201 total_us=42201 rebuild_us=70 layout_us=2740 paint_us=253 encode_us=136 acquire_us=128 submit_us=38872 skipped=0
frust_shell_common::perf: frust-perf raw n=202 total_us=42526 rebuild_us=82 layout_us=3750 paint_us=356 encode_us=156 acquire_us=92 submit_us=38088 skipped=0
frust_shell_common::perf: frust-perf raw n=203 total_us=42138 rebuild_us=64 layout_us=2637 paint_us=257 encode_us=143 acquire_us=97 submit_us=38938 skipped=0
frust_shell_common::perf: frust-perf raw n=204 total_us=41145 rebuild_us=61 layout_us=2681 paint_us=249 encode_us=117 acquire_us=83 submit_us=37952 skipped=0
frust_shell_common::perf: frust-perf raw n=205 total_us=41964 rebuild_us=64 layout_us=2698 paint_us=254 encode_us=119 acquire_us=82 submit_us=38744 skipped=0
frust_shell_common::perf: frust-perf raw n=206 total_us=41835 rebuild_us=68 layout_us=2752 paint_us=256 encode_us=117 acquire_us=93 submit_us=38547 skipped=0
frust_shell_common::perf: frust-perf raw n=207 total_us=41429 rebuild_us=64 layout_us=2558 paint_us=235 encode_us=115 acquire_us=86 submit_us=38369 skipped=0
frust_shell_common::perf: frust-perf raw n=208 total_us=41619 rebuild_us=61 layout_us=2732 paint_us=260 encode_us=120 acquire_us=91 submit_us=38352 skipped=0
frust_shell_common::perf: frust-perf raw n=209 total_us=41674 rebuild_us=62 layout_us=2707 paint_us=247 encode_us=120 acquire_us=83 submit_us=38452 skipped=0
frust_shell_common::perf: frust-perf raw n=210 total_us=41567 rebuild_us=61 layout_us=2540 paint_us=241 encode_us=115 acquire_us=98 submit_us=38509 skipped=0
frust_shell_common::perf: frust-perf raw n=211 total_us=41507 rebuild_us=64 layout_us=2730 paint_us=252 encode_us=118 acquire_us=85 submit_us=38254 skipped=0
frust_shell_common::perf: frust-perf raw n=212 total_us=42360 rebuild_us=90 layout_us=2655 paint_us=266 encode_us=143 acquire_us=112 submit_us=39092 skipped=0
frust_shell_common::perf: frust-perf raw n=213 total_us=41450 rebuild_us=80 layout_us=2701 paint_us=260 encode_us=119 acquire_us=75 submit_us=38213 skipped=0
frust_shell_common::perf: frust-perf raw n=214 total_us=42214 rebuild_us=93 layout_us=2746 paint_us=261 encode_us=137 acquire_us=79 submit_us=38895 skipped=0
frust_shell_common::perf: frust-perf raw n=215 total_us=41201 rebuild_us=86 layout_us=2748 paint_us=260 encode_us=159 acquire_us=96 submit_us=37849 skipped=0
frust_shell_common::perf: frust-perf raw n=216 total_us=42584 rebuild_us=58 layout_us=2730 paint_us=255 encode_us=132 acquire_us=92 submit_us=39314 skipped=0
frust_shell_common::perf: frust-perf raw n=217 total_us=41388 rebuild_us=86 layout_us=2646 paint_us=245 encode_us=113 acquire_us=80 submit_us=38215 skipped=0
frust_shell_common::perf: frust-perf raw n=218 total_us=42285 rebuild_us=57 layout_us=2508 paint_us=273 encode_us=137 acquire_us=91 submit_us=39217 skipped=0
frust_shell_common::perf: frust-perf raw n=219 total_us=42253 rebuild_us=62 layout_us=2631 paint_us=323 encode_us=188 acquire_us=95 submit_us=38951 skipped=0
frust_shell_common::perf: frust-perf raw n=220 total_us=41743 rebuild_us=61 layout_us=2664 paint_us=260 encode_us=116 acquire_us=90 submit_us=38550 skipped=0
frust_shell_common::perf: frust-perf raw n=221 total_us=41424 rebuild_us=61 layout_us=2712 paint_us=254 encode_us=118 acquire_us=92 submit_us=38185 skipped=0
frust_shell_common::perf: frust-perf raw n=222 total_us=42894 rebuild_us=69 layout_us=2762 paint_us=262 encode_us=179 acquire_us=98 submit_us=39522 skipped=0
frust_shell_common::perf: frust-perf raw n=223 total_us=42824 rebuild_us=85 layout_us=3572 paint_us=322 encode_us=114 acquire_us=82 submit_us=38646 skipped=0
frust_shell_common::perf: frust-perf raw n=224 total_us=41963 rebuild_us=61 layout_us=2747 paint_us=260 encode_us=117 acquire_us=93 submit_us=38683 skipped=0
frust_shell_common::perf: frust-perf raw n=225 total_us=42050 rebuild_us=62 layout_us=2570 paint_us=234 encode_us=115 acquire_us=85 submit_us=38981 skipped=0
frust_shell_common::perf: frust-perf raw n=226 total_us=41709 rebuild_us=67 layout_us=2572 paint_us=232 encode_us=110 acquire_us=89 submit_us=38637 skipped=0
frust_shell_common::perf: frust-perf raw n=227 total_us=42158 rebuild_us=61 layout_us=2725 paint_us=253 encode_us=116 acquire_us=83 submit_us=38918 skipped=0
frust_shell_common::perf: frust-perf raw n=228 total_us=42195 rebuild_us=62 layout_us=2648 paint_us=248 encode_us=115 acquire_us=83 submit_us=39037 skipped=0
frust_shell_common::perf: frust-perf raw n=229 total_us=41519 rebuild_us=63 layout_us=2687 paint_us=254 encode_us=117 acquire_us=87 submit_us=38309 skipped=0
frust_shell_common::perf: frust-perf raw n=230 total_us=41959 rebuild_us=61 layout_us=2683 paint_us=250 encode_us=114 acquire_us=81 submit_us=38767 skipped=0
frust_shell_common::perf: frust-perf raw n=231 total_us=41926 rebuild_us=81 layout_us=2648 paint_us=251 encode_us=115 acquire_us=80 submit_us=38749 skipped=0
frust_shell_common::perf: frust-perf raw n=232 total_us=41783 rebuild_us=65 layout_us=2722 paint_us=249 encode_us=114 acquire_us=92 submit_us=38539 skipped=0
frust_shell_common::perf: frust-perf raw n=233 total_us=41905 rebuild_us=67 layout_us=2572 paint_us=240 encode_us=111 acquire_us=83 submit_us=38830 skipped=0
frust_shell_common::perf: frust-perf raw n=234 total_us=41561 rebuild_us=61 layout_us=2644 paint_us=308 encode_us=115 acquire_us=82 submit_us=38348 skipped=0
frust_shell_common::perf: frust-perf raw n=235 total_us=41420 rebuild_us=63 layout_us=2651 paint_us=253 encode_us=114 acquire_us=79 submit_us=38257 skipped=0
frust_shell_android::app::frame: frust-perf platform-view tail depth=0 target=0 acquire_bound=false frame=840 expected_present_us=0 acquire_us=82 period_us=11135
frust_shell_common::perf: frust-perf raw n=236 total_us=42418 rebuild_us=76 layout_us=2769 paint_us=271 encode_us=139 acquire_us=84 submit_us=39076 skipped=0
frust_shell_common::perf: frust-perf raw n=237 total_us=41663 rebuild_us=64 layout_us=2736 paint_us=250 encode_us=151 acquire_us=99 submit_us=38361 skipped=0
frust_shell_common::perf: frust-perf raw n=238 total_us=41625 rebuild_us=60 layout_us=2692 paint_us=256 encode_us=115 acquire_us=82 submit_us=38418 skipped=0
frust_shell_common::perf: frust-perf raw n=239 total_us=41547 rebuild_us=69 layout_us=2768 paint_us=252 encode_us=115 acquire_us=81 submit_us=38259 skipped=0
frust_shell_common::perf: frust-perf raw n=240 total_us=41839 rebuild_us=60 layout_us=2672 paint_us=251 encode_us=127 acquire_us=84 submit_us=38643 skipped=0
frust_shell_common::perf: frust-perf raw n=241 total_us=41454 rebuild_us=64 layout_us=2545 paint_us=237 encode_us=113 acquire_us=78 submit_us=38415 skipped=0
frust_shell_common::perf: frust-perf frame n=120 total_p50_ms=41 total_p95_ms=42 total_p99_ms=42 rebuild_p95_ms=0 layout_p95_ms=2 paint_p95_ms=0 encode_p95_ms=0 acquire_p95_ms=0 submit_p95_ms=39 over_60hz=241 over_120hz=241 skipped=0 total_frames=241
frust_shell_common::perf: frust-perf raw n=242 total_us=41834 rebuild_us=62 layout_us=2574 paint_us=237 encode_us=121 acquire_us=96 submit_us=38741 skipped=0
frust_shell_common::perf: frust-perf raw n=243 total_us=41272 rebuild_us=61 layout_us=2675 paint_us=251 encode_us=153 acquire_us=100 submit_us=38030 skipped=0
frust_shell_common::perf: frust-perf raw n=244 total_us=42166 rebuild_us=64 layout_us=2709 paint_us=251 encode_us=157 acquire_us=91 submit_us=38891 skipped=0
frust_shell_common::perf: frust-perf raw n=245 total_us=40677 rebuild_us=59 layout_us=2636 paint_us=284 encode_us=116 acquire_us=81 submit_us=37498 skipped=0
frust_shell_common::perf: frust-perf raw n=246 total_us=42239 rebuild_us=63 layout_us=2496 paint_us=268 encode_us=175 acquire_us=98 submit_us=39138 skipped=0
frust_shell_common::perf: frust-perf raw n=247 total_us=41542 rebuild_us=66 layout_us=2782 paint_us=258 encode_us=165 acquire_us=93 submit_us=38175 skipped=0
frust_shell_common::perf: frust-perf raw n=248 total_us=42044 rebuild_us=58 layout_us=2666 paint_us=250 encode_us=138 acquire_us=96 submit_us=38833 skipped=0
frust_shell_common::perf: frust-perf raw n=249 total_us=41285 rebuild_us=63 layout_us=2543 paint_us=232 encode_us=117 acquire_us=80 submit_us=38246 skipped=0
frust_shell_common::perf: frust-perf raw n=250 total_us=41782 rebuild_us=62 layout_us=2685 paint_us=252 encode_us=142 acquire_us=83 submit_us=38555 skipped=0
frust_shell_common::perf: frust-perf raw n=251 total_us=41155 rebuild_us=59 layout_us=2677 paint_us=251 encode_us=117 acquire_us=90 submit_us=37958 skipped=0
frust_shell_common::perf: frust-perf raw n=252 total_us=42236 rebuild_us=83 layout_us=2866 paint_us=266 encode_us=153 acquire_us=108 submit_us=38758 skipped=0
frust_shell_common::perf: frust-perf raw n=253 total_us=41292 rebuild_us=64 layout_us=2781 paint_us=258 encode_us=123 acquire_us=101 submit_us=37962 skipped=0
frust_shell_common::perf: frust-perf raw n=254 total_us=42000 rebuild_us=65 layout_us=2724 paint_us=252 encode_us=138 acquire_us=98 submit_us=38721 skipped=0
frust_shell_common::perf: frust-perf raw n=255 total_us=41337 rebuild_us=65 layout_us=2682 paint_us=252 encode_us=155 acquire_us=103 submit_us=38078 skipped=0
frust_shell_common::perf: frust-perf raw n=256 total_us=41812 rebuild_us=66 layout_us=2542 paint_us=237 encode_us=116 acquire_us=96 submit_us=38752 skipped=0
frust_shell_common::perf: frust-perf raw n=257 total_us=41707 rebuild_us=79 layout_us=2795 paint_us=268 encode_us=163 acquire_us=96 submit_us=38303 skipped=0
frust_shell_common::perf: frust-perf raw n=258 total_us=41570 rebuild_us=62 layout_us=2631 paint_us=238 encode_us=116 acquire_us=90 submit_us=38432 skipped=0
frust_shell_common::perf: frust-perf raw n=259 total_us=41206 rebuild_us=65 layout_us=2579 paint_us=238 encode_us=113 acquire_us=99 submit_us=38108 skipped=0
frust_shell_common::perf: frust-perf raw n=260 total_us=41435 rebuild_us=58 layout_us=2715 paint_us=252 encode_us=122 acquire_us=99 submit_us=38185 skipped=0
frust_shell_common::perf: frust-perf raw n=261 total_us=41880 rebuild_us=59 layout_us=2664 paint_us=260 encode_us=130 acquire_us=104 submit_us=38661 skipped=0
frust_shell_common::perf: frust-perf raw n=262 total_us=41225 rebuild_us=73 layout_us=2697 paint_us=255 encode_us=122 acquire_us=86 submit_us=37990 skipped=0
frust_shell_common::perf: frust-perf raw n=263 total_us=41577 rebuild_us=58 layout_us=2610 paint_us=235 encode_us=140 acquire_us=100 submit_us=38431 skipped=0
frust_shell_common::perf: frust-perf raw n=264 total_us=41088 rebuild_us=60 layout_us=2551 paint_us=235 encode_us=129 acquire_us=89 submit_us=38021 skipped=0
frust_shell_common::perf: frust-perf raw n=265 total_us=42483 rebuild_us=61 layout_us=2672 paint_us=253 encode_us=157 acquire_us=101 submit_us=39237 skipped=0
frust_shell_common::perf: frust-perf raw n=266 total_us=40637 rebuild_us=73 layout_us=2632 paint_us=258 encode_us=122 acquire_us=100 submit_us=37450 skipped=0
frust_shell_common::perf: frust-perf raw n=267 total_us=42281 rebuild_us=66 layout_us=2651 paint_us=257 encode_us=154 acquire_us=105 submit_us=39045 skipped=0
frust_shell_common::perf: frust-perf raw n=268 total_us=41040 rebuild_us=59 layout_us=2712 paint_us=254 encode_us=127 acquire_us=107 submit_us=37779 skipped=0
frust_shell_common::perf: frust-perf raw n=269 total_us=41894 rebuild_us=67 layout_us=2701 paint_us=254 encode_us=187 acquire_us=102 submit_us=38581 skipped=0
frust_shell_android::app::frame: frust-perf platform-view tail depth=0 target=0 acquire_bound=false frame=960 expected_present_us=0 acquire_us=100 period_us=11144
frust_shell_common::perf: frust-perf raw n=270 total_us=41435 rebuild_us=63 layout_us=2678 paint_us=250 encode_us=120 acquire_us=103 submit_us=38219 skipped=0
frust_shell_common::perf: frust-perf raw n=271 total_us=42110 rebuild_us=80 layout_us=2907 paint_us=270 encode_us=146 acquire_us=92 submit_us=38613 skipped=0
frust_shell_common::perf: frust-perf raw n=272 total_us=41042 rebuild_us=63 layout_us=2631 paint_us=252 encode_us=155 acquire_us=116 submit_us=37821 skipped=0
frust_shell_common::perf: frust-perf raw n=273 total_us=41943 rebuild_us=67 layout_us=2631 paint_us=329 encode_us=123 acquire_us=98 submit_us=38692 skipped=0
frust_shell_common::perf: frust-perf raw n=274 total_us=41303 rebuild_us=61 layout_us=2557 paint_us=228 encode_us=117 acquire_us=99 submit_us=38238 skipped=0
frust_shell_common::perf: frust-perf raw n=275 total_us=41125 rebuild_us=66 layout_us=2708 paint_us=251 encode_us=125 acquire_us=101 submit_us=37872 skipped=0
frust_shell_common::perf: frust-perf raw n=276 total_us=41642 rebuild_us=75 layout_us=2718 paint_us=273 encode_us=146 acquire_us=91 submit_us=38336 skipped=0
frust_shell_common::perf: frust-perf raw n=277 total_us=37928 rebuild_us=61 layout_us=12 paint_us=92 encode_us=116 acquire_us=96 submit_us=37548 skipped=0
frust_shell_common::perf: frust-perf raw n=278 total_us=39884 rebuild_us=68 layout_us=1072 paint_us=253 encode_us=136 acquire_us=108 submit_us=38244 skipped=0
frust_shell_common::perf: frust-perf raw n=279 total_us=39962 rebuild_us=77 layout_us=1522 paint_us=248 encode_us=154 acquire_us=114 submit_us=37844 skipped=0
frust_shell_common::perf: frust-perf raw n=280 total_us=40551 rebuild_us=80 layout_us=1526 paint_us=297 encode_us=139 acquire_us=92 submit_us=38414 skipped=0
frust_shell_common::perf: frust-perf raw n=281 total_us=40130 rebuild_us=75 layout_us=1653 paint_us=246 encode_us=149 acquire_us=100 submit_us=37903 skipped=0
frust_shell_common::perf: frust-perf raw n=282 total_us=40507 rebuild_us=77 layout_us=1614 paint_us=253 encode_us=163 acquire_us=95 submit_us=38302 skipped=0
frust_shell_common::perf: frust-perf raw n=283 total_us=42340 rebuild_us=74 layout_us=1532 paint_us=248 encode_us=152 acquire_us=101 submit_us=40231 skipped=0
frust_shell_common::perf: frust-perf raw n=284 total_us=38158 rebuild_us=57 layout_us=1105 paint_us=198 encode_us=118 acquire_us=87 submit_us=36591 skipped=0
frust_shell_common::perf: frust-perf raw n=285 total_us=39883 rebuild_us=74 layout_us=1543 paint_us=295 encode_us=210 acquire_us=116 submit_us=37642 skipped=0
frust_shell_common::perf: frust-perf raw n=286 total_us=40409 rebuild_us=74 layout_us=1552 paint_us=317 encode_us=150 acquire_us=117 submit_us=38197 skipped=0
frust_shell_common::perf: frust-perf raw n=287 total_us=40159 rebuild_us=72 layout_us=1571 paint_us=262 encode_us=157 acquire_us=144 submit_us=37950 skipped=0
frust_shell_common::perf: frust-perf raw n=288 total_us=40118 rebuild_us=75 layout_us=1602 paint_us=257 encode_us=155 acquire_us=117 submit_us=37909 skipped=0
frust_shell_common::perf: frust-perf raw n=289 total_us=41003 rebuild_us=73 layout_us=1540 paint_us=248 encode_us=129 acquire_us=93 submit_us=38917 skipped=0
frust_shell_common::perf: frust-perf raw n=290 total_us=39865 rebuild_us=95 layout_us=1588 paint_us=268 encode_us=160 acquire_us=118 submit_us=37634 skipped=0
frust_shell_common::perf: frust-perf frame n=120 total_p50_ms=41 total_p95_ms=42 total_p99_ms=42 rebuild_p95_ms=0 layout_p95_ms=2 paint_p95_ms=0 encode_p95_ms=0 acquire_p95_ms=0 submit_p95_ms=39 over_60hz=290 over_120hz=290 skipped=0 total_frames=290
frust_shell_common::perf: frust-perf raw n=291 total_us=40687 rebuild_us=82 layout_us=1567 paint_us=252 encode_us=135 acquire_us=113 submit_us=38535 skipped=0
frust_shell_common::perf: frust-perf raw n=292 total_us=40148 rebuild_us=69 layout_us=1594 paint_us=252 encode_us=153 acquire_us=101 submit_us=37976 skipped=0
frust_shell_common::perf: frust-perf raw n=293 total_us=40632 rebuild_us=80 layout_us=1638 paint_us=251 encode_us=146 acquire_us=100 submit_us=38414 skipped=0
frust_shell_common::perf: frust-perf raw n=294 total_us=40268 rebuild_us=78 layout_us=1568 paint_us=254 encode_us=158 acquire_us=113 submit_us=38096 skipped=0
frust_shell_common::perf: frust-perf raw n=295 total_us=40590 rebuild_us=75 layout_us=1569 paint_us=259 encode_us=147 acquire_us=113 submit_us=38424 skipped=0
frust_shell_common::perf: frust-perf raw n=296 total_us=40222 rebuild_us=82 layout_us=1562 paint_us=330 encode_us=155 acquire_us=134 submit_us=37957 skipped=0
frust_shell_common::perf: frust-perf raw n=297 total_us=40035 rebuild_us=73 layout_us=1535 paint_us=257 encode_us=152 acquire_us=115 submit_us=37900 skipped=0
frust_shell_common::perf: frust-perf raw n=298 total_us=40783 rebuild_us=73 layout_us=1597 paint_us=256 encode_us=157 acquire_us=114 submit_us=38583 skipped=0
frust_shell_common::perf: frust-perf raw n=299 total_us=40489 rebuild_us=76 layout_us=1651 paint_us=248 encode_us=150 acquire_us=116 submit_us=38245 skipped=0
frust_shell_common::perf: frust-perf raw n=300 total_us=40175 rebuild_us=71 layout_us=1519 paint_us=250 encode_us=155 acquire_us=116 submit_us=38062 skipped=0
frust_shell_common::perf: frust-perf raw n=301 total_us=39970 rebuild_us=87 layout_us=1599 paint_us=267 encode_us=160 acquire_us=109 submit_us=37745 skipped=0
frust_shell_common::perf: frust-perf raw n=302 total_us=40924 rebuild_us=70 layout_us=1578 paint_us=246 encode_us=129 acquire_us=102 submit_us=38798 skipped=0
frust_shell_common::perf: frust-perf raw n=303 total_us=40277 rebuild_us=71 layout_us=1594 paint_us=253 encode_us=155 acquire_us=141 submit_us=38062 skipped=0
frust_shell_common::perf: frust-perf raw n=304 total_us=40314 rebuild_us=76 layout_us=1445 paint_us=239 encode_us=138 acquire_us=102 submit_us=38311 skipped=0
frust_shell_android::app::frame: frust-perf platform-view tail depth=0 target=0 acquire_bound=false frame=1080 expected_present_us=0 acquire_us=110 period_us=11135
frust_shell_common::perf: frust-perf raw n=305 total_us=39896 rebuild_us=74 layout_us=1561 paint_us=242 encode_us=149 acquire_us=103 submit_us=37765 skipped=0
frust_shell_common::perf: frust-perf raw n=306 total_us=41186 rebuild_us=79 layout_us=1585 paint_us=249 encode_us=138 acquire_us=90 submit_us=39042 skipped=0
frust_shell_common::perf: frust-perf raw n=307 total_us=39706 rebuild_us=82 layout_us=1553 paint_us=259 encode_us=157 acquire_us=103 submit_us=37551 skipped=0
frust_shell_common::perf: frust-perf raw n=308 total_us=40462 rebuild_us=71 layout_us=1580 paint_us=254 encode_us=134 acquire_us=108 submit_us=38313 skipped=0
frust_shell_common::perf: frust-perf raw n=309 total_us=40388 rebuild_us=71 layout_us=1640 paint_us=250 encode_us=155 acquire_us=115 submit_us=38155 skipped=0
frust_shell_common::perf: frust-perf raw n=310 total_us=39942 rebuild_us=70 layout_us=1399 paint_us=224 encode_us=149 acquire_us=115 submit_us=37982 skipped=0
frust_shell_common::perf: frust-perf raw n=311 total_us=40969 rebuild_us=77 layout_us=1519 paint_us=245 encode_us=154 acquire_us=110 submit_us=38862 skipped=0
frust_shell_common::perf: frust-perf raw n=312 total_us=40578 rebuild_us=93 layout_us=1579 paint_us=276 encode_us=158 acquire_us=107 submit_us=38363 skipped=0
frust_shell_common::perf: frust-perf raw n=313 total_us=40454 rebuild_us=72 layout_us=1529 paint_us=290 encode_us=154 acquire_us=99 submit_us=38308 skipped=0
frust_shell_common::perf: frust-perf raw n=314 total_us=40531 rebuild_us=72 layout_us=1608 paint_us=267 encode_us=152 acquire_us=112 submit_us=38318 skipped=0
frust_shell_common::perf: frust-perf raw n=315 total_us=40375 rebuild_us=70 layout_us=1567 paint_us=249 encode_us=205 acquire_us=102 submit_us=38180 skipped=0
frust_shell_common::perf: frust-perf raw n=316 total_us=40413 rebuild_us=75 layout_us=1600 paint_us=243 encode_us=151 acquire_us=103 submit_us=38238 skipped=0
frust_shell_common::perf: frust-perf raw n=317 total_us=40828 rebuild_us=86 layout_us=1543 paint_us=264 encode_us=132 acquire_us=86 submit_us=38715 skipped=0
frust_shell_common::perf: frust-perf raw n=318 total_us=40073 rebuild_us=75 layout_us=1565 paint_us=246 encode_us=155 acquire_us=102 submit_us=37928 skipped=0
frust_shell_common::perf: frust-perf raw n=319 total_us=40702 rebuild_us=71 layout_us=1657 paint_us=261 encode_us=131 acquire_us=89 submit_us=38490 skipped=0
frust_shell_common::perf: frust-perf raw n=320 total_us=40466 rebuild_us=81 layout_us=1634 paint_us=259 encode_us=153 acquire_us=146 submit_us=38192 skipped=0
frust_shell_common::perf: frust-perf raw n=321 total_us=40965 rebuild_us=77 layout_us=1621 paint_us=259 encode_us=144 acquire_us=109 submit_us=38752 skipped=0
frust_shell_common::perf: frust-perf raw n=322 total_us=39767 rebuild_us=74 layout_us=1580 paint_us=246 encode_us=148 acquire_us=102 submit_us=37615 skipped=0
frust_shell_common::perf: frust-perf raw n=323 total_us=41056 rebuild_us=79 layout_us=1556 paint_us=246 encode_us=160 acquire_us=89 submit_us=38923 skipped=0
frust_shell_common::perf: frust-perf raw n=324 total_us=39734 rebuild_us=72 layout_us=1546 paint_us=328 encode_us=152 acquire_us=112 submit_us=37521 skipped=0
frust_shell_common::perf: frust-perf raw n=325 total_us=40989 rebuild_us=73 layout_us=1557 paint_us=300 encode_us=135 acquire_us=92 submit_us=38828 skipped=0
frust_shell_common::perf: frust-perf raw n=326 total_us=39913 rebuild_us=78 layout_us=1620 paint_us=253 encode_us=153 acquire_us=111 submit_us=37696 skipped=0
frust_shell_common::perf: frust-perf raw n=327 total_us=40412 rebuild_us=75 layout_us=1658 paint_us=259 encode_us=157 acquire_us=101 submit_us=38159 skipped=0
frust_shell_common::perf: frust-perf raw n=328 total_us=40227 rebuild_us=73 layout_us=1370 paint_us=229 encode_us=150 acquire_us=112 submit_us=38290 skipped=0
frust_shell_common::perf: frust-perf raw n=329 total_us=39761 rebuild_us=74 layout_us=1554 paint_us=251 encode_us=153 acquire_us=103 submit_us=37625 skipped=0
frust_shell_common::perf: frust-perf raw n=330 total_us=41209 rebuild_us=70 layout_us=1601 paint_us=255 encode_us=133 acquire_us=111 submit_us=39036 skipped=0
frust_shell_common::perf: frust-perf raw n=331 total_us=40390 rebuild_us=93 layout_us=1668 paint_us=274 encode_us=156 acquire_us=99 submit_us=38098 skipped=0
frust_shell_common::perf: frust-perf raw n=332 total_us=40679 rebuild_us=70 layout_us=1623 paint_us=257 encode_us=129 acquire_us=92 submit_us=38505 skipped=0
frust_shell_common::perf: frust-perf raw n=333 total_us=40106 rebuild_us=73 layout_us=1553 paint_us=253 encode_us=154 acquire_us=120 submit_us=37950 skipped=0
frust_shell_common::perf: frust-perf raw n=334 total_us=41022 rebuild_us=119 layout_us=1571 paint_us=262 encode_us=136 acquire_us=113 submit_us=38819 skipped=0
frust_shell_common::perf: frust-perf raw n=335 total_us=40353 rebuild_us=76 layout_us=1552 paint_us=253 encode_us=149 acquire_us=103 submit_us=38218 skipped=0
frust_shell_common::perf: frust-perf raw n=336 total_us=40820 rebuild_us=80 layout_us=1564 paint_us=305 encode_us=143 acquire_us=104 submit_us=38622 skipped=0
frust_shell_common::perf: frust-perf raw n=337 total_us=40360 rebuild_us=70 layout_us=1658 paint_us=252 encode_us=157 acquire_us=99 submit_us=38120 skipped=0
frust_shell_common::perf: frust-perf raw n=338 total_us=40747 rebuild_us=73 layout_us=1601 paint_us=254 encode_us=150 acquire_us=98 submit_us=38568 skipped=0
frust_shell_android::app::frame: frust-perf platform-view tail depth=0 target=0 acquire_bound=false frame=1200 expected_present_us=0 acquire_us=101 period_us=11132
frust_shell_common::perf: frust-perf raw n=339 total_us=39913 rebuild_us=71 layout_us=1539 paint_us=258 encode_us=154 acquire_us=102 submit_us=37786 skipped=0
frust_shell_common::perf: frust-perf raw n=340 total_us=40744 rebuild_us=90 layout_us=1595 paint_us=279 encode_us=157 acquire_us=118 submit_us=38503 skipped=0
frust_shell_common::perf: frust-perf frame n=120 total_p50_ms=40 total_p95_ms=42 total_p99_ms=42 rebuild_p95_ms=0 layout_p95_ms=2 paint_p95_ms=0 encode_p95_ms=0 acquire_p95_ms=0 submit_p95_ms=39 over_60hz=340 over_120hz=340 skipped=0 total_frames=340
frust_shell_common::perf: frust-perf raw n=341 total_us=40371 rebuild_us=72 layout_us=1562 paint_us=292 encode_us=148 acquire_us=97 submit_us=38197 skipped=0
frust_shell_common::perf: frust-perf raw n=342 total_us=40594 rebuild_us=68 layout_us=1628 paint_us=253 encode_us=157 acquire_us=95 submit_us=38390 skipped=0
frust_shell_common::perf: frust-perf raw n=343 total_us=40536 rebuild_us=72 layout_us=1586 paint_us=249 encode_us=154 acquire_us=103 submit_us=38369 skipped=0
frust_shell_common::perf: frust-perf raw n=344 total_us=40749 rebuild_us=78 layout_us=1608 paint_us=259 encode_us=161 acquire_us=103 submit_us=38539 skipped=0
frust_shell_common::perf: frust-perf raw n=345 total_us=40316 rebuild_us=92 layout_us=1588 paint_us=267 encode_us=151 acquire_us=110 submit_us=38105 skipped=0
frust_shell_common::perf: frust-perf raw n=346 total_us=40684 rebuild_us=73 layout_us=1554 paint_us=251 encode_us=156 acquire_us=102 submit_us=38546 skipped=0
frust_shell_common::perf: frust-perf raw n=347 total_us=40547 rebuild_us=72 layout_us=1655 paint_us=247 encode_us=146 acquire_us=101 submit_us=38324 skipped=0
frust_shell_common::perf: frust-perf raw n=348 total_us=40958 rebuild_us=71 layout_us=1619 paint_us=253 encode_us=153 acquire_us=150 submit_us=38710 skipped=0
frust_shell_common::perf: frust-perf raw n=349 total_us=40025 rebuild_us=70 layout_us=1548 paint_us=255 encode_us=155 acquire_us=105 submit_us=37888 skipped=0
frust_shell_common::perf: frust-perf raw n=350 total_us=39613 rebuild_us=76 layout_us=1574 paint_us=259 encode_us=155 acquire_us=103 submit_us=37444 skipped=0
frust_shell_common::perf: frust-perf raw n=351 total_us=40449 rebuild_us=78 layout_us=1561 paint_us=251 encode_us=156 acquire_us=115 submit_us=38286 skipped=0
frust_shell_common::perf: frust-perf raw n=352 total_us=40156 rebuild_us=72 layout_us=1551 paint_us=343 encode_us=156 acquire_us=101 submit_us=37931 skipped=0
frust_shell_common::perf: frust-perf raw n=353 total_us=41328 rebuild_us=76 layout_us=1612 paint_us=250 encode_us=140 acquire_us=91 submit_us=39157 skipped=0
frust_shell_common::perf: frust-perf raw n=354 total_us=40010 rebuild_us=79 layout_us=1604 paint_us=264 encode_us=189 acquire_us=103 submit_us=37767 skipped=0
frust_shell_common::perf: frust-perf raw n=355 total_us=41063 rebuild_us=73 layout_us=1638 paint_us=251 encode_us=147 acquire_us=104 submit_us=38848 skipped=0
frust_shell_common::perf: frust-perf raw n=356 total_us=40861 rebuild_us=74 layout_us=1559 paint_us=257 encode_us=155 acquire_us=98 submit_us=38715 skipped=0
frust_shell_common::perf: frust-perf raw n=357 total_us=40584 rebuild_us=75 layout_us=1568 paint_us=259 encode_us=143 acquire_us=97 submit_us=38439 skipped=0
frust_shell_common::perf: frust-perf raw n=358 total_us=40386 rebuild_us=76 layout_us=1651 paint_us=268 encode_us=153 acquire_us=142 submit_us=38093 skipped=0
frust_shell_common::perf: frust-perf raw n=359 total_us=41501 rebuild_us=88 layout_us=1680 paint_us=266 encode_us=143 acquire_us=95 submit_us=39227 skipped=0
frust_shell_common::perf: frust-perf raw n=360 total_us=40039 rebuild_us=130 layout_us=1574 paint_us=252 encode_us=157 acquire_us=102 submit_us=37822 skipped=0
frust_shell_common::perf: frust-perf raw n=361 total_us=40817 rebuild_us=80 layout_us=1562 paint_us=259 encode_us=134 acquire_us=102 submit_us=38678 skipped=0
frust_shell_common::perf: frust-perf raw n=362 total_us=40641 rebuild_us=76 layout_us=1545 paint_us=250 encode_us=154 acquire_us=104 submit_us=38510 skipped=0
frust_shell_common::perf: frust-perf raw n=363 total_us=41199 rebuild_us=72 layout_us=1565 paint_us=290 encode_us=166 acquire_us=146 submit_us=38957 skipped=0
frust_shell_common::perf: frust-perf raw n=364 total_us=40296 rebuild_us=89 layout_us=1466 paint_us=246 encode_us=150 acquire_us=100 submit_us=38243 skipped=0
frust_shell_common::perf: frust-perf raw n=365 total_us=40157 rebuild_us=78 layout_us=1658 paint_us=250 encode_us=172 acquire_us=107 submit_us=37888 skipped=0
frust_shell_common::perf: frust-perf raw n=366 total_us=40698 rebuild_us=77 layout_us=1557 paint_us=256 encode_us=155 acquire_us=111 submit_us=38540 skipped=0
frust_shell_common::perf: frust-perf raw n=367 total_us=40451 rebuild_us=78 layout_us=1561 paint_us=259 encode_us=154 acquire_us=108 submit_us=38288 skipped=0
frust_shell_common::perf: frust-perf raw n=368 total_us=40687 rebuild_us=76 layout_us=1592 paint_us=251 encode_us=151 acquire_us=104 submit_us=38511 skipped=0
frust_shell_common::perf: frust-perf raw n=369 total_us=40360 rebuild_us=80 layout_us=1629 paint_us=260 encode_us=156 acquire_us=108 submit_us=38123 skipped=0
frust_shell_common::perf: frust-perf raw n=370 total_us=40747 rebuild_us=78 layout_us=1623 paint_us=250 encode_us=150 acquire_us=94 submit_us=38547 skipped=0
frust_shell_common::perf: frust-perf raw n=371 total_us=40623 rebuild_us=72 layout_us=1596 paint_us=252 encode_us=154 acquire_us=104 submit_us=38442 skipped=0
frust_shell_common::perf: frust-perf raw n=372 total_us=40682 rebuild_us=71 layout_us=1538 paint_us=252 encode_us=155 acquire_us=104 submit_us=38560 skipped=0
frust_shell_common::perf: frust-perf raw n=373 total_us=40696 rebuild_us=73 layout_us=1554 paint_us=251 encode_us=164 acquire_us=112 submit_us=38540 skipped=0
frust_shell_android::app::frame: frust-perf platform-view tail depth=0 target=0 acquire_bound=false frame=1320 expected_present_us=0 acquire_us=104 period_us=11146
frust_shell_common::perf: frust-perf raw n=374 total_us=41102 rebuild_us=70 layout_us=1604 paint_us=258 encode_us=156 acquire_us=102 submit_us=38910 skipped=0
frust_shell_common::perf: frust-perf raw n=375 total_us=41024 rebuild_us=94 layout_us=1688 paint_us=277 encode_us=156 acquire_us=99 submit_us=38708 skipped=0
frust_shell_common::perf: frust-perf raw n=376 total_us=40147 rebuild_us=73 layout_us=1348 paint_us=224 encode_us=149 acquire_us=113 submit_us=38236 skipped=0
frust_shell_common::perf: frust-perf raw n=377 total_us=40158 rebuild_us=76 layout_us=1560 paint_us=246 encode_us=150 acquire_us=102 submit_us=38022 skipped=0
frust_shell_common::perf: frust-perf raw n=378 total_us=40864 rebuild_us=70 layout_us=1558 paint_us=331 encode_us=136 acquire_us=91 submit_us=38676 skipped=0
frust_shell_common::perf: frust-perf raw n=379 total_us=40242 rebuild_us=75 layout_us=1559 paint_us=304 encode_us=219 acquire_us=110 submit_us=37972 skipped=0
frust_shell_common::perf: frust-perf raw n=380 total_us=40971 rebuild_us=84 layout_us=1658 paint_us=262 encode_us=169 acquire_us=136 submit_us=38659 skipped=0
frust_shell_common::perf: frust-perf raw n=381 total_us=42406 rebuild_us=104 layout_us=3915 paint_us=363 encode_us=163 acquire_us=109 submit_us=37749 skipped=0
frust_shell_common::perf: frust-perf raw n=382 total_us=42863 rebuild_us=68 layout_us=2748 paint_us=261 encode_us=153 acquire_us=102 submit_us=39529 skipped=0
frust_shell_common::perf: frust-perf raw n=383 total_us=41390 rebuild_us=74 layout_us=2874 paint_us=262 encode_us=128 acquire_us=101 submit_us=37948 skipped=0
frust_shell_common::perf: frust-perf raw n=384 total_us=42661 rebuild_us=76 layout_us=2822 paint_us=285 encode_us=156 acquire_us=117 submit_us=39203 skipped=0
frust_shell_common::perf: frust-perf raw n=385 total_us=41533 rebuild_us=66 layout_us=2758 paint_us=257 encode_us=128 acquire_us=100 submit_us=38222 skipped=0
frust_shell_common::perf: frust-perf raw n=386 total_us=42470 rebuild_us=64 layout_us=2671 paint_us=253 encode_us=139 acquire_us=83 submit_us=39258 skipped=0
frust_shell_common::perf: frust-perf raw n=387 total_us=41387 rebuild_us=75 layout_us=2714 paint_us=262 encode_us=119 acquire_us=78 submit_us=38137 skipped=0
frust_shell_common::perf: frust-perf raw n=388 total_us=42329 rebuild_us=102 layout_us=2675 paint_us=254 encode_us=153 acquire_us=97 submit_us=39045 skipped=0
frust_shell_common::perf: frust-perf raw n=389 total_us=40987 rebuild_us=60 layout_us=2644 paint_us=247 encode_us=114 acquire_us=86 submit_us=37833 skipped=0
frust_shell_common::perf: frust-perf frame n=120 total_p50_ms=40 total_p95_ms=42 total_p99_ms=42 rebuild_p95_ms=0 layout_p95_ms=2 paint_p95_ms=0 encode_p95_ms=0 acquire_p95_ms=0 submit_p95_ms=39 over_60hz=389 over_120hz=389 skipped=0 total_frames=389
frust_shell_common::perf: frust-perf raw n=390 total_us=42676 rebuild_us=66 layout_us=2636 paint_us=251 encode_us=134 acquire_us=87 submit_us=39501 skipped=0
frust_shell_common::perf: frust-perf raw n=391 total_us=41418 rebuild_us=68 layout_us=2559 paint_us=231 encode_us=112 acquire_us=93 submit_us=38351 skipped=0
frust_shell_common::perf: frust-perf raw n=392 total_us=42128 rebuild_us=60 layout_us=2660 paint_us=246 encode_us=142 acquire_us=84 submit_us=38934 skipped=0
frust_shell_common::perf: frust-perf raw n=393 total_us=41563 rebuild_us=64 layout_us=2611 paint_us=325 encode_us=118 acquire_us=76 submit_us=38367 skipped=0
frust_shell_common::perf: frust-perf raw n=394 total_us=42228 rebuild_us=57 layout_us=2624 paint_us=276 encode_us=144 acquire_us=86 submit_us=39039 skipped=0
frust_shell_common::perf: frust-perf raw n=395 total_us=41919 rebuild_us=62 layout_us=2693 paint_us=251 encode_us=119 acquire_us=99 submit_us=38693 skipped=0
frust_shell_common::perf: frust-perf raw n=396 total_us=42345 rebuild_us=80 layout_us=2727 paint_us=248 encode_us=156 acquire_us=120 submit_us=39011 skipped=0
frust_shell_common::perf: frust-perf raw n=397 total_us=41658 rebuild_us=62 layout_us=2705 paint_us=256 encode_us=124 acquire_us=109 submit_us=38400 skipped=0
frust_shell_common::perf: frust-perf raw n=398 total_us=42303 rebuild_us=62 layout_us=2724 paint_us=256 encode_us=205 acquire_us=112 submit_us=38940 skipped=0
frust_shell_common::perf: frust-perf raw n=399 total_us=41838 rebuild_us=61 layout_us=2723 paint_us=250 encode_us=122 acquire_us=102 submit_us=38579 skipped=0
frust_shell_common::perf: frust-perf raw n=400 total_us=42434 rebuild_us=66 layout_us=2714 paint_us=257 encode_us=148 acquire_us=100 submit_us=39146 skipped=0
frust_shell_common::perf: frust-perf raw n=401 total_us=41242 rebuild_us=77 layout_us=2688 paint_us=253 encode_us=117 acquire_us=93 submit_us=38012 skipped=0
frust_shell_common::perf: frust-perf raw n=402 total_us=42353 rebuild_us=68 layout_us=2741 paint_us=280 encode_us=156 acquire_us=103 submit_us=39001 skipped=0
frust_shell_common::perf: frust-perf raw n=403 total_us=39708 rebuild_us=61 layout_us=573 paint_us=164 encode_us=127 acquire_us=96 submit_us=38685 skipped=0
frust_shell_common::perf: frust-perf raw n=404 total_us=39918 rebuild_us=63 layout_us=409 paint_us=262 encode_us=149 acquire_us=104 submit_us=38929 skipped=0
frust_shell_common::perf: frust-perf raw n=405 total_us=42934 rebuild_us=75 layout_us=3759 paint_us=349 encode_us=124 acquire_us=121 submit_us=38505 skipped=0
frust_shell_common::perf: frust-perf raw n=406 total_us=42764 rebuild_us=60 layout_us=2765 paint_us=256 encode_us=165 acquire_us=120 submit_us=39396 skipped=0
frust_shell_common::perf: frust-perf raw n=407 total_us=42773 rebuild_us=82 layout_us=3890 paint_us=361 encode_us=125 acquire_us=132 submit_us=38180 skipped=0
frust_shell_android::app::frame: frust-perf platform-view tail depth=0 target=0 acquire_bound=false frame=1440 expected_present_us=0 acquire_us=110 period_us=11132
frust_shell_common::perf: frust-perf raw n=408 total_us=42587 rebuild_us=60 layout_us=2713 paint_us=267 encode_us=146 acquire_us=100 submit_us=39298 skipped=0
frust_shell_common::perf: frust-perf raw n=409 total_us=41331 rebuild_us=70 layout_us=2904 paint_us=288 encode_us=124 acquire_us=96 submit_us=37847 skipped=0
frust_shell_common::perf: frust-perf raw n=410 total_us=42043 rebuild_us=60 layout_us=2749 paint_us=263 encode_us=147 acquire_us=128 submit_us=38694 skipped=0
frust_shell_common::perf: frust-perf raw n=411 total_us=41718 rebuild_us=61 layout_us=2748 paint_us=258 encode_us=160 acquire_us=119 submit_us=38369 skipped=0
frust_shell_common::perf: frust-perf raw n=412 total_us=42837 rebuild_us=62 layout_us=2842 paint_us=262 encode_us=149 acquire_us=118 submit_us=39401 skipped=0
frust_shell_common::perf: frust-perf raw n=413 total_us=41136 rebuild_us=66 layout_us=2725 paint_us=259 encode_us=125 acquire_us=98 submit_us=37860 skipped=0
frust_shell_common::perf: frust-perf raw n=414 total_us=42482 rebuild_us=67 layout_us=2691 paint_us=259 encode_us=146 acquire_us=134 submit_us=39184 skipped=0
frust_shell_common::perf: frust-perf raw n=415 total_us=42112 rebuild_us=66 layout_us=2763 paint_us=264 encode_us=138 acquire_us=102 submit_us=38777 skipped=0
frust_shell_common::perf: frust-perf raw n=416 total_us=42256 rebuild_us=65 layout_us=2786 paint_us=263 encode_us=135 acquire_us=99 submit_us=38907 skipped=0
frust_shell_common::perf: frust-perf raw n=417 total_us=41519 rebuild_us=67 layout_us=2779 paint_us=256 encode_us=130 acquire_us=89 submit_us=38196 skipped=0
frust_shell_common::perf: frust-perf raw n=418 total_us=42379 rebuild_us=60 layout_us=2711 paint_us=266 encode_us=149 acquire_us=105 submit_us=39085 skipped=0
frust_shell_common::perf: frust-perf raw n=419 total_us=41555 rebuild_us=61 layout_us=2808 paint_us=264 encode_us=131 acquire_us=98 submit_us=38191 skipped=0
frust_shell_common::perf: frust-perf raw n=420 total_us=42622 rebuild_us=62 layout_us=2753 paint_us=262 encode_us=140 acquire_us=108 submit_us=39294 skipped=0
frust_shell_common::perf: frust-perf raw n=421 total_us=41740 rebuild_us=63 layout_us=2752 paint_us=258 encode_us=125 acquire_us=93 submit_us=38446 skipped=0
frust_shell_common::perf: frust-perf raw n=422 total_us=42941 rebuild_us=64 layout_us=2783 paint_us=262 encode_us=136 acquire_us=98 submit_us=39596 skipped=0
frust_shell_common::perf: frust-perf raw n=423 total_us=41681 rebuild_us=91 layout_us=2585 paint_us=241 encode_us=129 acquire_us=122 submit_us=38511 skipped=0
frust_shell_common::perf: frust-perf raw n=424 total_us=41861 rebuild_us=68 layout_us=2673 paint_us=241 encode_us=120 acquire_us=90 submit_us=38666 skipped=0
frust_shell_common::perf: frust-perf raw n=425 total_us=42183 rebuild_us=80 layout_us=2834 paint_us=269 encode_us=126 acquire_us=94 submit_us=38778 skipped=0
frust_shell_common::perf: frust-perf raw n=426 total_us=41739 rebuild_us=65 layout_us=2773 paint_us=264 encode_us=124 acquire_us=102 submit_us=38409 skipped=0
frust_shell_common::perf: frust-perf raw n=427 total_us=42608 rebuild_us=66 layout_us=2825 paint_us=262 encode_us=126 acquire_us=99 submit_us=39227 skipped=0
frust_shell_common::perf: frust-perf raw n=428 total_us=41687 rebuild_us=61 layout_us=2699 paint_us=260 encode_us=122 acquire_us=102 submit_us=38440 skipped=0
frust_shell_common::perf: frust-perf raw n=429 total_us=42215 rebuild_us=68 layout_us=2725 paint_us=318 encode_us=130 acquire_us=93 submit_us=38879 skipped=0
frust_shell_common::perf: frust-perf raw n=430 total_us=42105 rebuild_us=64 layout_us=2761 paint_us=263 encode_us=124 acquire_us=126 submit_us=38765 skipped=0
frust_shell_common::perf: frust-perf raw n=431 total_us=41697 rebuild_us=65 layout_us=2647 paint_us=248 encode_us=125 acquire_us=98 submit_us=38511 skipped=0
frust_shell_common::perf: frust-perf raw n=432 total_us=41640 rebuild_us=67 layout_us=2735 paint_us=258 encode_us=119 acquire_us=86 submit_us=38374 skipped=0
frust_shell_common::perf: frust-perf raw n=433 total_us=42283 rebuild_us=60 layout_us=2722 paint_us=258 encode_us=120 acquire_us=101 submit_us=39019 skipped=0
frust_shell_common::perf: frust-perf raw n=434 total_us=41401 rebuild_us=72 layout_us=2620 paint_us=254 encode_us=117 acquire_us=86 submit_us=38249 skipped=0
frust_shell_common::perf: frust-perf raw n=435 total_us=42226 rebuild_us=60 layout_us=2726 paint_us=257 encode_us=123 acquire_us=93 submit_us=38965 skipped=0
frust_shell_common::perf: frust-perf raw n=436 total_us=41768 rebuild_us=61 layout_us=2759 paint_us=267 encode_us=120 acquire_us=100 submit_us=38457 skipped=0
frust_shell_common::perf: frust-perf raw n=437 total_us=42249 rebuild_us=61 layout_us=2758 paint_us=255 encode_us=121 acquire_us=99 submit_us=38953 skipped=0
frust_shell_common::perf: frust-perf frame n=120 total_p50_ms=41 total_p95_ms=42 total_p99_ms=42 rebuild_p95_ms=0 layout_p95_ms=2 paint_p95_ms=0 encode_p95_ms=0 acquire_p95_ms=0 submit_p95_ms=39 over_60hz=437 over_120hz=437 skipped=0 total_frames=437
frust_shell_common::perf: frust-perf raw n=438 total_us=41291 rebuild_us=62 layout_us=2676 paint_us=266 encode_us=128 acquire_us=95 submit_us=38062 skipped=0
frust_shell_common::perf: frust-perf raw n=439 total_us=41277 rebuild_us=84 layout_us=2789 paint_us=340 encode_us=152 acquire_us=110 submit_us=37799 skipped=0
frust_shell_common::perf: frust-perf raw n=440 total_us=42459 rebuild_us=60 layout_us=2747 paint_us=262 encode_us=135 acquire_us=102 submit_us=39151 skipped=0
frust_shell_common::perf: frust-perf raw n=441 total_us=42297 rebuild_us=63 layout_us=2595 paint_us=238 encode_us=115 acquire_us=86 submit_us=39197 skipped=0
frust_shell_common::perf: frust-perf raw n=442 total_us=40996 rebuild_us=60 layout_us=2616 paint_us=240 encode_us=117 acquire_us=89 submit_us=37872 skipped=0
frust_shell_android::app::frame: frust-perf platform-view tail depth=0 target=0 acquire_bound=false frame=1560 expected_present_us=0 acquire_us=94 period_us=11130
frust_shell_common::perf: frust-perf raw n=443 total_us=41304 rebuild_us=63 layout_us=2730 paint_us=253 encode_us=121 acquire_us=97 submit_us=38038 skipped=0
frust_shell_common::perf: frust-perf raw n=444 total_us=41962 rebuild_us=65 layout_us=2759 paint_us=252 encode_us=149 acquire_us=149 submit_us=38585 skipped=0
frust_shell_common::perf: frust-perf raw n=445 total_us=41234 rebuild_us=62 layout_us=2714 paint_us=300 encode_us=117 acquire_us=88 submit_us=37951 skipped=0
frust_shell_common::perf: frust-perf raw n=446 total_us=42177 rebuild_us=66 layout_us=2567 paint_us=279 encode_us=142 acquire_us=93 submit_us=39028 skipped=0
frust_shell_common::perf: frust-perf raw n=447 total_us=41412 rebuild_us=65 layout_us=2792 paint_us=257 encode_us=121 acquire_us=99 submit_us=38075 skipped=0
frust_shell_common::perf: frust-perf raw n=448 total_us=41981 rebuild_us=61 layout_us=2722 paint_us=253 encode_us=149 acquire_us=96 submit_us=38697 skipped=0
frust_shell_common::perf: frust-perf raw n=449 total_us=41326 rebuild_us=64 layout_us=2721 paint_us=257 encode_us=159 acquire_us=101 submit_us=38022 skipped=0
frust_shell_common::perf: frust-perf raw n=450 total_us=42020 rebuild_us=64 layout_us=2760 paint_us=253 encode_us=147 acquire_us=104 submit_us=38690 skipped=0
frust_shell_common::perf: frust-perf raw n=451 total_us=41394 rebuild_us=59 layout_us=2732 paint_us=259 encode_us=118 acquire_us=99 submit_us=38124 skipped=0
frust_shell_common::perf: frust-perf raw n=452 total_us=43260 rebuild_us=70 layout_us=2785 paint_us=259 encode_us=194 acquire_us=105 submit_us=39845 skipped=0
frust_shell_common::perf: frust-perf raw n=453 total_us=41738 rebuild_us=65 layout_us=2747 paint_us=257 encode_us=122 acquire_us=87 submit_us=38457 skipped=0
frust_shell_common::perf: frust-perf raw n=454 total_us=41700 rebuild_us=62 layout_us=2613 paint_us=239 encode_us=145 acquire_us=93 submit_us=38545 skipped=0
frust_shell_common::perf: frust-perf raw n=455 total_us=41602 rebuild_us=63 layout_us=2690 paint_us=327 encode_us=130 acquire_us=96 submit_us=38293 skipped=0
frust_shell_common::perf: frust-perf raw n=456 total_us=42519 rebuild_us=65 layout_us=2702 paint_us=297 encode_us=145 acquire_us=108 submit_us=39199 skipped=0
frust_shell_common::perf: frust-perf raw n=457 total_us=41544 rebuild_us=63 layout_us=2557 paint_us=242 encode_us=117 acquire_us=87 submit_us=38474 skipped=0
frust_shell_common::perf: frust-perf raw n=458 total_us=42696 rebuild_us=77 layout_us=2891 paint_us=273 encode_us=154 acquire_us=91 submit_us=39206 skipped=0
frust_shell_common::perf: frust-perf raw n=459 total_us=40919 rebuild_us=64 layout_us=2575 paint_us=235 encode_us=118 acquire_us=104 submit_us=37819 skipped=0
frust_shell_common::perf: frust-perf raw n=460 total_us=42816 rebuild_us=58 layout_us=2690 paint_us=258 encode_us=144 acquire_us=92 submit_us=39571 skipped=0
frust_shell_common::perf: frust-perf raw n=461 total_us=41146 rebuild_us=73 layout_us=2791 paint_us=261 encode_us=120 acquire_us=86 submit_us=37813 skipped=0
frust_shell_common::perf: frust-perf raw n=462 total_us=42507 rebuild_us=62 layout_us=2751 paint_us=255 encode_us=146 acquire_us=94 submit_us=39196 skipped=0
frust_shell_common::perf: frust-perf raw n=463 total_us=41348 rebuild_us=76 layout_us=2826 paint_us=262 encode_us=117 acquire_us=129 submit_us=37936 skipped=0
frust_shell_common::perf: frust-perf raw n=464 total_us=42084 rebuild_us=67 layout_us=2716 paint_us=258 encode_us=143 acquire_us=90 submit_us=38808 skipped=0
frust_shell_common::perf: frust-perf raw n=465 total_us=41960 rebuild_us=68 layout_us=2700 paint_us=258 encode_us=120 acquire_us=93 submit_us=38719 skipped=0
frust_shell_common::perf: frust-perf raw n=466 total_us=42390 rebuild_us=69 layout_us=2574 paint_us=242 encode_us=138 acquire_us=106 submit_us=39258 skipped=0
frust_shell_common::perf: frust-perf raw n=467 total_us=40833 rebuild_us=66 layout_us=2584 paint_us=244 encode_us=116 acquire_us=86 submit_us=37734 skipped=0
frust_shell_common::perf: frust-perf raw n=468 total_us=42607 rebuild_us=63 layout_us=2768 paint_us=255 encode_us=159 acquire_us=99 submit_us=39262 skipped=0
frust_shell_common::perf: frust-perf raw n=469 total_us=41301 rebuild_us=68 layout_us=2642 paint_us=252 encode_us=119 acquire_us=99 submit_us=38119 skipped=0
frust_shell_common::perf: frust-perf raw n=470 total_us=41901 rebuild_us=65 layout_us=2804 paint_us=263 encode_us=155 acquire_us=99 submit_us=38512 skipped=0
frust_shell_common::perf: frust-perf raw n=471 total_us=41611 rebuild_us=61 layout_us=2650 paint_us=290 encode_us=122 acquire_us=91 submit_us=38395 skipped=0
frust_shell_common::perf: frust-perf raw n=472 total_us=41906 rebuild_us=64 layout_us=2522 paint_us=266 encode_us=142 acquire_us=97 submit_us=38812 skipped=0
frust_shell_common::perf: frust-perf raw n=473 total_us=41513 rebuild_us=63 layout_us=2748 paint_us=254 encode_us=118 acquire_us=84 submit_us=38243 skipped=0
frust_shell_common::perf: frust-perf raw n=474 total_us=42357 rebuild_us=84 layout_us=2748 paint_us=266 encode_us=157 acquire_us=93 submit_us=39007 skipped=0
frust_shell_common::perf: frust-perf raw n=475 total_us=40829 rebuild_us=63 layout_us=2533 paint_us=232 encode_us=115 acquire_us=94 submit_us=37789 skipped=0
frust_shell_common::perf: frust-perf raw n=476 total_us=42269 rebuild_us=63 layout_us=2711 paint_us=257 encode_us=135 acquire_us=89 submit_us=39011 skipped=0
frust_shell_android::app::frame: frust-perf platform-view tail depth=0 target=0 acquire_bound=false frame=1680 expected_present_us=0 acquire_us=95 period_us=11141
frust_shell_common::perf: frust-perf raw n=477 total_us=42534 rebuild_us=75 layout_us=3707 paint_us=346 encode_us=121 acquire_us=111 submit_us=38172 skipped=0
frust_shell_common::perf: frust-perf raw n=478 total_us=42348 rebuild_us=72 layout_us=2766 paint_us=254 encode_us=148 acquire_us=89 submit_us=39016 skipped=0
frust_shell_common::perf: frust-perf raw n=479 total_us=42715 rebuild_us=98 layout_us=3794 paint_us=385 encode_us=117 acquire_us=81 submit_us=38238 skipped=0
frust_shell_common::perf: frust-perf raw n=480 total_us=41599 rebuild_us=62 layout_us=2689 paint_us=254 encode_us=136 acquire_us=101 submit_us=38353 skipped=0
frust_shell_common::perf: frust-perf raw n=481 total_us=42142 rebuild_us=63 layout_us=2679 paint_us=250 encode_us=118 acquire_us=82 submit_us=38946 skipped=0
frust_shell_common::perf: frust-perf raw n=482 total_us=41358 rebuild_us=67 layout_us=2520 paint_us=239 encode_us=121 acquire_us=89 submit_us=38320 skipped=0
frust_shell_common::perf: frust-perf raw n=483 total_us=41621 rebuild_us=64 layout_us=2592 paint_us=233 encode_us=140 acquire_us=84 submit_us=38504 skipped=0
frust_shell_common::perf: frust-perf raw n=484 total_us=42355 rebuild_us=62 layout_us=2687 paint_us=253 encode_us=116 acquire_us=83 submit_us=39151 skipped=0
frust_shell_common::perf: frust-perf raw n=485 total_us=41300 rebuild_us=72 layout_us=2708 paint_us=259 encode_us=118 acquire_us=85 submit_us=38055 skipped=0
frust_shell_common::perf: frust-perf frame n=120 total_p50_ms=41 total_p95_ms=42 total_p99_ms=42 rebuild_p95_ms=0 layout_p95_ms=2 paint_p95_ms=0 encode_p95_ms=0 acquire_p95_ms=0 submit_p95_ms=39 over_60hz=485 over_120hz=485 skipped=0 total_frames=485
frust_shell_common::perf: frust-perf raw n=486 total_us=41738 rebuild_us=58 layout_us=2719 paint_us=257 encode_us=119 acquire_us=138 submit_us=38445 skipped=0
frust_shell_common::perf: frust-perf raw n=487 total_us=41468 rebuild_us=63 layout_us=2694 paint_us=258 encode_us=120 acquire_us=83 submit_us=38249 skipped=0
frust_shell_common::perf: frust-perf raw n=488 total_us=42021 rebuild_us=79 layout_us=3373 paint_us=253 encode_us=119 acquire_us=91 submit_us=38106 skipped=0
frust_shell_common::perf: frust-perf raw n=489 total_us=42623 rebuild_us=61 layout_us=2696 paint_us=254 encode_us=135 acquire_us=95 submit_us=39379 skipped=0
frust_shell_common::perf: frust-perf raw n=490 total_us=41044 rebuild_us=88 layout_us=2678 paint_us=248 encode_us=114 acquire_us=81 submit_us=37832 skipped=0
frust_shell_common::perf: frust-perf raw n=491 total_us=42054 rebuild_us=69 layout_us=2687 paint_us=260 encode_us=134 acquire_us=106 submit_us=38796 skipped=0
frust_shell_common::perf: frust-perf raw n=492 total_us=41430 rebuild_us=96 layout_us=2663 paint_us=254 encode_us=119 acquire_us=94 submit_us=38201 skipped=0
frust_shell_common::perf: frust-perf raw n=493 total_us=41558 rebuild_us=59 layout_us=2604 paint_us=243 encode_us=137 acquire_us=116 submit_us=38396 skipped=0
frust_shell_common::perf: frust-perf raw n=494 total_us=41336 rebuild_us=63 layout_us=2694 paint_us=250 encode_us=118 acquire_us=90 submit_us=38119 skipped=0
frust_shell_common::perf: frust-perf raw n=495 total_us=42630 rebuild_us=76 layout_us=3121 paint_us=293 encode_us=163 acquire_us=98 submit_us=38877 skipped=0
frust_shell_common::perf: frust-perf raw n=496 total_us=41128 rebuild_us=61 layout_us=2735 paint_us=252 encode_us=117 acquire_us=86 submit_us=37874 skipped=0
frust_shell_common::perf: frust-perf raw n=497 total_us=42953 rebuild_us=63 layout_us=2561 paint_us=236 encode_us=142 acquire_us=86 submit_us=39863 skipped=0
frust_shell_common::perf: frust-perf raw n=498 total_us=41669 rebuild_us=64 layout_us=2688 paint_us=266 encode_us=120 acquire_us=90 submit_us=38440 skipped=0
frust_shell_common::perf: frust-perf raw n=499 total_us=42242 rebuild_us=64 layout_us=2715 paint_us=258 encode_us=136 acquire_us=93 submit_us=38974 skipped=0
frust_shell_common::perf: frust-perf raw n=500 total_us=41775 rebuild_us=69 layout_us=2567 paint_us=235 encode_us=122 acquire_us=91 submit_us=38690 skipped=0
frust_shell_common::perf: frust-perf raw n=501 total_us=41999 rebuild_us=60 layout_us=2764 paint_us=254 encode_us=134 acquire_us=103 submit_us=38681 skipped=0
frust_shell_common::perf: frust-perf raw n=502 total_us=41777 rebuild_us=93 layout_us=2665 paint_us=261 encode_us=119 acquire_us=85 submit_us=38553 skipped=0
frust_shell_common::perf: frust-perf raw n=503 total_us=42503 rebuild_us=74 layout_us=2741 paint_us=255 encode_us=152 acquire_us=96 submit_us=39183 skipped=0
frust_shell_common::perf: frust-perf raw n=504 total_us=41598 rebuild_us=62 layout_us=2710 paint_us=259 encode_us=120 acquire_us=95 submit_us=38350 skipped=0
frust_shell_common::perf: frust-perf raw n=505 total_us=42073 rebuild_us=54 layout_us=2678 paint_us=249 encode_us=137 acquire_us=110 submit_us=38842 skipped=0
frust_shell_common::perf: frust-perf raw n=506 total_us=41741 rebuild_us=63 layout_us=2752 paint_us=255 encode_us=116 acquire_us=82 submit_us=38469 skipped=0
frust_shell_common::perf: frust-perf raw n=507 total_us=42459 rebuild_us=59 layout_us=2709 paint_us=253 encode_us=172 acquire_us=96 submit_us=39168 skipped=0
