frust_shell_android::app::frame: frust-perf platform-view tail depth=0 target=0 acquire_bound=false frame=101789 expected_present_us=0 acquire_us=87 period_us=11130
frust-perf activity-create
frust_shell_common::perf: bench-scenario-start s1
frust_render::context: frust-perf surface-caps formats=[Rgba8UnormSrgb,Rgba8Unorm,Rgba16Float,Rgb10a2Unorm] usages=TextureUsages(COPY_SRC | COPY_DST | TEXTURE_BINDING | STORAGE_BINDING | RENDER_ATTACHMENT | STORAGE_ATOMIC) direct_to_surface=YES (Rgba8Unorm+STORAGE_BINDING)
frust_render::context: frust-perf render-path direct (Rgba8Unorm+STORAGE_BINDING)
frust_shell_common::perf: bench-scenario-end s1
frust_shell_common::perf: bench-scenario-start s2
frust_shell_common::perf: frust-perf startup init_entry=0ms font_preinit_started=0ms font_preinit_joined=0ms preinit_started=0ms preinit_joined=8ms cache_loaded=9ms pipeline_cache_restored=9ms adapter_ready=56ms device_ready=56ms renderer_ready=56ms first_rebuild_done=69ms first_encode_done=69ms first_frame_presented=91ms
frust_shell_common::perf: frust-perf raw n=1 total_us=23428 rebuild_us=79 layout_us=631 paint_us=150 encode_us=216 acquire_us=70 submit_us=22280 skipped=0
frust_shell_common::perf: frust-perf raw n=2 total_us=132951 rebuild_us=190 layout_us=1972 paint_us=400 encode_us=91 acquire_us=29 submit_us=130267 skipped=0
frust_shell_common::perf: frust-perf raw n=3 total_us=115188 rebuild_us=113 layout_us=1261 paint_us=191 encode_us=112 acquire_us=44 submit_us=113464 skipped=0
frust_shell_common::perf: frust-perf raw n=4 total_us=102376 rebuild_us=102 layout_us=1550 paint_us=306 encode_us=133 acquire_us=50 submit_us=100232 skipped=0
frust_shell_common::perf: frust-perf raw n=5 total_us=58667 rebuild_us=83 layout_us=1183 paint_us=220 encode_us=129 acquire_us=58 submit_us=56992 skipped=0
frust_shell_common::perf: frust-perf raw n=6 total_us=47028 rebuild_us=115 layout_us=1627 paint_us=289 encode_us=163 acquire_us=70 submit_us=44761 skipped=0
frust_shell_common::perf: frust-perf raw n=7 total_us=41237 rebuild_us=90 layout_us=875 paint_us=153 encode_us=339 acquire_us=164 submit_us=39612 skipped=0
frust_shell_common::perf: frust-perf raw n=8 total_us=41118 rebuild_us=100 layout_us=824 paint_us=186 encode_us=87 acquire_us=69 submit_us=39850 skipped=0
frust_shell_common::perf: frust-perf raw n=9 total_us=41567 rebuild_us=81 layout_us=724 paint_us=190 encode_us=118 acquire_us=83 submit_us=40368 skipped=0
frust_shell_common::perf: frust-perf raw n=10 total_us=42043 rebuild_us=91 layout_us=742 paint_us=165 encode_us=116 acquire_us=62 submit_us=40865 skipped=0
frust_shell_common::perf: frust-perf raw n=11 total_us=40697 rebuild_us=92 layout_us=820 paint_us=180 encode_us=90 acquire_us=65 submit_us=39447 skipped=0
frust_shell_common::perf: frust-perf raw n=12 total_us=39861 rebuild_us=58 layout_us=817 paint_us=151 encode_us=100 acquire_us=75 submit_us=38658 skipped=0
frust_shell_common::perf: frust-perf raw n=13 total_us=40756 rebuild_us=162 layout_us=1309 paint_us=245 encode_us=90 acquire_us=74 submit_us=38875 skipped=0
frust_shell_common::perf: frust-perf raw n=14 total_us=39652 rebuild_us=56 layout_us=768 paint_us=143 encode_us=98 acquire_us=71 submit_us=38513 skipped=0
frust_shell_common::perf: frust-perf raw n=15 total_us=40491 rebuild_us=64 layout_us=1063 paint_us=177 encode_us=90 acquire_us=69 submit_us=39025 skipped=0
frust_shell_common::perf: frust-perf raw n=16 total_us=40207 rebuild_us=63 layout_us=869 paint_us=156 encode_us=104 acquire_us=76 submit_us=38937 skipped=0
frust_shell_common::perf: frust-perf raw n=17 total_us=40015 rebuild_us=66 layout_us=1004 paint_us=175 encode_us=103 acquire_us=72 submit_us=38592 skipped=0
frust_shell_common::perf: frust-perf raw n=18 total_us=40516 rebuild_us=76 layout_us=1028 paint_us=184 encode_us=109 acquire_us=83 submit_us=39034 skipped=0
frust_shell_common::perf: frust-perf raw n=19 total_us=39948 rebuild_us=66 layout_us=1019 paint_us=186 encode_us=106 acquire_us=72 submit_us=38496 skipped=0
frust_shell_common::perf: frust-perf raw n=20 total_us=40517 rebuild_us=62 layout_us=779 paint_us=143 encode_us=117 acquire_us=83 submit_us=39331 skipped=0
frust_shell_common::perf: frust-perf raw n=21 total_us=39922 rebuild_us=69 layout_us=1072 paint_us=189 encode_us=107 acquire_us=74 submit_us=38410 skipped=0
frust_shell_common::perf: frust-perf raw n=22 total_us=40866 rebuild_us=140 layout_us=1178 paint_us=172 encode_us=102 acquire_us=86 submit_us=39186 skipped=0
frust_shell_common::perf: frust-perf raw n=23 total_us=40234 rebuild_us=58 layout_us=970 paint_us=172 encode_us=106 acquire_us=73 submit_us=38853 skipped=0
frust_shell_common::perf: frust-perf raw n=24 total_us=40875 rebuild_us=142 layout_us=1228 paint_us=182 encode_us=105 acquire_us=81 submit_us=39134 skipped=0
frust_shell_common::perf: frust-perf raw n=25 total_us=40541 rebuild_us=64 layout_us=998 paint_us=210 encode_us=106 acquire_us=73 submit_us=39088 skipped=0
frust_shell_common::perf: frust-perf raw n=26 total_us=40235 rebuild_us=145 layout_us=1157 paint_us=211 encode_us=170 acquire_us=72 submit_us=38477 skipped=0
frust_shell_android::app::frame: frust-perf platform-view tail depth=0 target=0 acquire_bound=false frame=120 expected_present_us=0 acquire_us=74 period_us=11133
frust_shell_common::perf: frust-perf raw n=27 total_us=40696 rebuild_us=141 layout_us=1194 paint_us=171 encode_us=107 acquire_us=72 submit_us=39009 skipped=0
frust_shell_common::perf: frust-perf raw n=28 total_us=40870 rebuild_us=150 layout_us=1170 paint_us=170 encode_us=103 acquire_us=74 submit_us=39202 skipped=0
frust_shell_common::perf: frust-perf raw n=29 total_us=40040 rebuild_us=64 layout_us=792 paint_us=156 encode_us=289 acquire_us=159 submit_us=38578 skipped=0
frust_shell_common::perf: frust-perf raw n=30 total_us=41025 rebuild_us=141 layout_us=1164 paint_us=172 encode_us=105 acquire_us=95 submit_us=39345 skipped=0
frust_shell_common::perf: frust-perf raw n=31 total_us=40978 rebuild_us=155 layout_us=1216 paint_us=184 encode_us=110 acquire_us=72 submit_us=39239 skipped=0
frust_shell_common::perf: frust-perf raw n=32 total_us=40328 rebuild_us=144 layout_us=1178 paint_us=177 encode_us=108 acquire_us=72 submit_us=38647 skipped=0
frust_shell_common::perf: frust-perf raw n=33 total_us=40367 rebuild_us=55 layout_us=778 paint_us=138 encode_us=289 acquire_us=161 submit_us=38943 skipped=0
frust_shell_common::perf: frust-perf raw n=34 total_us=40428 rebuild_us=150 layout_us=1240 paint_us=178 encode_us=101 acquire_us=78 submit_us=38678 skipped=0
frust_shell_common::perf: frust-perf raw n=35 total_us=40765 rebuild_us=146 layout_us=1229 paint_us=176 encode_us=126 acquire_us=75 submit_us=39010 skipped=0
frust_shell_common::perf: frust-perf raw n=36 total_us=40224 rebuild_us=142 layout_us=1150 paint_us=172 encode_us=109 acquire_us=70 submit_us=38579 skipped=0
frust_shell_common::perf: frust-perf raw n=37 total_us=41059 rebuild_us=152 layout_us=1155 paint_us=178 encode_us=111 acquire_us=74 submit_us=39386 skipped=0
frust_shell_common::perf: frust-perf raw n=38 total_us=40446 rebuild_us=57 layout_us=982 paint_us=169 encode_us=108 acquire_us=74 submit_us=39053 skipped=0
frust_shell_common::perf: frust-perf raw n=39 total_us=40319 rebuild_us=76 layout_us=841 paint_us=174 encode_us=106 acquire_us=74 submit_us=39047 skipped=0
frust_shell_common::perf: frust-perf raw n=40 total_us=39855 rebuild_us=62 layout_us=1055 paint_us=183 encode_us=107 acquire_us=83 submit_us=38362 skipped=0
frust_shell_common::perf: frust-perf raw n=41 total_us=40420 rebuild_us=51 layout_us=793 paint_us=142 encode_us=96 acquire_us=68 submit_us=39268 skipped=0
frust_shell_common::perf: frust-perf raw n=42 total_us=39809 rebuild_us=61 layout_us=989 paint_us=173 encode_us=105 acquire_us=72 submit_us=38406 skipped=0
frust_shell_common::perf: frust-perf raw n=43 total_us=41179 rebuild_us=60 layout_us=986 paint_us=173 encode_us=104 acquire_us=86 submit_us=39766 skipped=0
frust_shell_common::perf: frust-perf raw n=44 total_us=39735 rebuild_us=81 layout_us=1034 paint_us=184 encode_us=108 acquire_us=73 submit_us=38253 skipped=0
frust_shell_common::perf: frust-perf frame n=44 total_p50_ms=40 total_p95_ms=102 total_p99_ms=132 rebuild_p95_ms=0 layout_p95_ms=1 paint_p95_ms=0 encode_p95_ms=0 acquire_p95_ms=0 submit_p95_ms=100 over_60hz=44 over_120hz=44 skipped=0 total_frames=44
frust_shell_common::perf: frust-perf raw n=45 total_us=41158 rebuild_us=60 layout_us=1173 paint_us=200 encode_us=135 acquire_us=87 submit_us=39501 skipped=0
frust_shell_common::perf: frust-perf raw n=46 total_us=40647 rebuild_us=92 layout_us=1705 paint_us=257 encode_us=154 acquire_us=101 submit_us=38336 skipped=0
frust_shell_common::perf: frust-perf raw n=47 total_us=41367 rebuild_us=88 layout_us=1576 paint_us=269 encode_us=151 acquire_us=140 submit_us=39140 skipped=0
frust_shell_common::perf: frust-perf raw n=48 total_us=40747 rebuild_us=87 layout_us=1579 paint_us=269 encode_us=166 acquire_us=117 submit_us=38525 skipped=0
frust_shell_common::perf: frust-perf raw n=49 total_us=41799 rebuild_us=90 layout_us=1629 paint_us=276 encode_us=143 acquire_us=97 submit_us=39561 skipped=0
frust_shell_common::perf: frust-perf raw n=50 total_us=41142 rebuild_us=86 layout_us=1612 paint_us=270 encode_us=156 acquire_us=98 submit_us=38919 skipped=0
frust_shell_common::perf: frust-perf raw n=51 total_us=41230 rebuild_us=85 layout_us=1527 paint_us=250 encode_us=153 acquire_us=95 submit_us=39118 skipped=0
frust_shell_common::perf: frust-perf raw n=52 total_us=40897 rebuild_us=93 layout_us=1557 paint_us=253 encode_us=152 acquire_us=108 submit_us=38732 skipped=0
frust_shell_common::perf: frust-perf raw n=53 total_us=40840 rebuild_us=79 layout_us=1541 paint_us=332 encode_us=154 acquire_us=97 submit_us=38634 skipped=0
frust_shell_common::perf: frust-perf raw n=54 total_us=41204 rebuild_us=87 layout_us=1545 paint_us=308 encode_us=162 acquire_us=101 submit_us=39000 skipped=0
frust_shell_common::perf: frust-perf raw n=55 total_us=40544 rebuild_us=86 layout_us=1603 paint_us=253 encode_us=155 acquire_us=95 submit_us=38349 skipped=0
frust_shell_common::perf: frust-perf raw n=56 total_us=41417 rebuild_us=83 layout_us=1669 paint_us=253 encode_us=153 acquire_us=108 submit_us=39149 skipped=0
frust_shell_common::perf: frust-perf raw n=57 total_us=43232 rebuild_us=89 layout_us=1370 paint_us=238 encode_us=156 acquire_us=113 submit_us=41264 skipped=0
frust_shell_common::perf: frust-perf raw n=58 total_us=38324 rebuild_us=80 layout_us=1516 paint_us=339 encode_us=158 acquire_us=98 submit_us=36130 skipped=0
frust_shell_common::perf: frust-perf raw n=59 total_us=40939 rebuild_us=83 layout_us=1597 paint_us=254 encode_us=153 acquire_us=102 submit_us=38747 skipped=0
frust_shell_common::perf: frust-perf raw n=60 total_us=41610 rebuild_us=94 layout_us=1617 paint_us=264 encode_us=132 acquire_us=84 submit_us=39418 skipped=0
frust_shell_android::app::frame: frust-perf platform-view tail depth=0 target=0 acquire_bound=false frame=240 expected_present_us=0 acquire_us=98 period_us=11131
frust_shell_common::perf: frust-perf raw n=61 total_us=40739 rebuild_us=88 layout_us=1667 paint_us=258 encode_us=156 acquire_us=105 submit_us=38463 skipped=0
frust_shell_common::perf: frust-perf raw n=62 total_us=41698 rebuild_us=85 layout_us=1608 paint_us=279 encode_us=168 acquire_us=99 submit_us=39457 skipped=0
frust_shell_common::perf: frust-perf raw n=63 total_us=40441 rebuild_us=79 layout_us=1526 paint_us=242 encode_us=148 acquire_us=93 submit_us=38349 skipped=0
frust_shell_common::perf: frust-perf raw n=64 total_us=41895 rebuild_us=87 layout_us=1537 paint_us=264 encode_us=162 acquire_us=83 submit_us=39761 skipped=0
frust_shell_common::perf: frust-perf raw n=65 total_us=40008 rebuild_us=85 layout_us=1606 paint_us=263 encode_us=157 acquire_us=95 submit_us=37800 skipped=0
frust_shell_common::perf: frust-perf raw n=66 total_us=41670 rebuild_us=84 layout_us=1668 paint_us=262 encode_us=153 acquire_us=82 submit_us=39418 skipped=0
frust_shell_common::perf: frust-perf raw n=67 total_us=40352 rebuild_us=83 layout_us=1549 paint_us=263 encode_us=157 acquire_us=92 submit_us=38205 skipped=0
frust_shell_common::perf: frust-perf raw n=68 total_us=41417 rebuild_us=91 layout_us=1551 paint_us=254 encode_us=151 acquire_us=137 submit_us=39230 skipped=0
frust_shell_common::perf: frust-perf raw n=69 total_us=40856 rebuild_us=83 layout_us=1528 paint_us=253 encode_us=149 acquire_us=102 submit_us=38738 skipped=0
frust_shell_common::perf: frust-perf raw n=70 total_us=41648 rebuild_us=84 layout_us=1598 paint_us=266 encode_us=142 acquire_us=92 submit_us=39463 skipped=0
frust_shell_common::perf: frust-perf raw n=71 total_us=41106 rebuild_us=85 layout_us=1688 paint_us=255 encode_us=153 acquire_us=102 submit_us=38821 skipped=0
frust_shell_common::perf: frust-perf raw n=72 total_us=41585 rebuild_us=79 layout_us=1516 paint_us=252 encode_us=155 acquire_us=93 submit_us=39487 skipped=0
frust_shell_common::perf: frust-perf raw n=73 total_us=41082 rebuild_us=84 layout_us=1541 paint_us=257 encode_us=154 acquire_us=105 submit_us=38939 skipped=0
frust_shell_common::perf: frust-perf raw n=74 total_us=41320 rebuild_us=80 layout_us=1572 paint_us=260 encode_us=189 acquire_us=108 submit_us=39109 skipped=0
frust_shell_common::perf: frust-perf raw n=75 total_us=41175 rebuild_us=97 layout_us=1629 paint_us=268 encode_us=155 acquire_us=95 submit_us=38929 skipped=0
frust_shell_common::perf: frust-perf raw n=76 total_us=40765 rebuild_us=84 layout_us=1612 paint_us=251 encode_us=151 acquire_us=91 submit_us=38573 skipped=0
frust_shell_common::perf: frust-perf raw n=77 total_us=41702 rebuild_us=86 layout_us=1580 paint_us=258 encode_us=131 acquire_us=83 submit_us=39562 skipped=0
frust_shell_common::perf: frust-perf raw n=78 total_us=40964 rebuild_us=88 layout_us=1545 paint_us=259 encode_us=154 acquire_us=104 submit_us=38812 skipped=0
frust_shell_common::perf: frust-perf raw n=79 total_us=41510 rebuild_us=83 layout_us=1554 paint_us=264 encode_us=142 acquire_us=116 submit_us=39350 skipped=0
frust_shell_common::perf: frust-perf raw n=80 total_us=40649 rebuild_us=82 layout_us=1406 paint_us=231 encode_us=150 acquire_us=95 submit_us=38684 skipped=0
frust_shell_common::perf: frust-perf raw n=81 total_us=41394 rebuild_us=84 layout_us=1656 paint_us=255 encode_us=149 acquire_us=83 submit_us=39165 skipped=0
frust_shell_common::perf: frust-perf raw n=82 total_us=41101 rebuild_us=82 layout_us=1538 paint_us=263 encode_us=153 acquire_us=94 submit_us=38968 skipped=0
frust_shell_common::perf: frust-perf raw n=83 total_us=41489 rebuild_us=91 layout_us=1555 paint_us=334 encode_us=128 acquire_us=83 submit_us=39294 skipped=0
frust_shell_common::perf: frust-perf raw n=84 total_us=40346 rebuild_us=78 layout_us=1523 paint_us=292 encode_us=162 acquire_us=105 submit_us=38182 skipped=0
frust_shell_common::perf: frust-perf raw n=85 total_us=41807 rebuild_us=73 layout_us=1572 paint_us=249 encode_us=139 acquire_us=94 submit_us=39677 skipped=0
frust_shell_common::perf: frust-perf raw n=86 total_us=40919 rebuild_us=80 layout_us=1432 paint_us=221 encode_us=146 acquire_us=98 submit_us=38939 skipped=0
frust_shell_common::perf: frust-perf raw n=87 total_us=41030 rebuild_us=74 layout_us=1503 paint_us=256 encode_us=152 acquire_us=108 submit_us=38935 skipped=0
frust_shell_common::perf: frust-perf raw n=88 total_us=41465 rebuild_us=85 layout_us=1544 paint_us=262 encode_us=158 acquire_us=104 submit_us=39310 skipped=0
frust_shell_common::perf: frust-perf raw n=89 total_us=40998 rebuild_us=82 layout_us=1594 paint_us=254 encode_us=154 acquire_us=92 submit_us=38820 skipped=0
frust_shell_common::perf: frust-perf raw n=90 total_us=41527 rebuild_us=88 layout_us=1607 paint_us=265 encode_us=154 acquire_us=96 submit_us=39315 skipped=0
frust_shell_common::perf: frust-perf raw n=91 total_us=40768 rebuild_us=88 layout_us=1603 paint_us=263 encode_us=154 acquire_us=104 submit_us=38554 skipped=0
frust_shell_common::perf: frust-perf raw n=92 total_us=41170 rebuild_us=85 layout_us=1347 paint_us=236 encode_us=150 acquire_us=89 submit_us=39260 skipped=0
frust_shell_common::perf: frust-perf raw n=93 total_us=40986 rebuild_us=91 layout_us=1546 paint_us=266 encode_us=157 acquire_us=102 submit_us=38823 skipped=0
frust_shell_common::perf: frust-perf frame n=93 total_p50_ms=40 total_p95_ms=47 total_p99_ms=132 rebuild_p95_ms=0 layout_p95_ms=1 paint_p95_ms=0 encode_p95_ms=0 acquire_p95_ms=0 submit_p95_ms=44 over_60hz=93 over_120hz=93 skipped=0 total_frames=93
frust_shell_common::perf: frust-perf raw n=94 total_us=41292 rebuild_us=80 layout_us=1544 paint_us=306 encode_us=138 acquire_us=83 submit_us=39139 skipped=0
frust_shell_android::app::frame: frust-perf platform-view tail depth=0 target=0 acquire_bound=false frame=360 expected_present_us=0 acquire_us=95 period_us=11130
frust_shell_common::perf: frust-perf raw n=95 total_us=41105 rebuild_us=80 layout_us=1659 paint_us=264 encode_us=153 acquire_us=105 submit_us=38841 skipped=0
frust_shell_common::perf: frust-perf raw n=96 total_us=41603 rebuild_us=97 layout_us=1690 paint_us=286 encode_us=151 acquire_us=81 submit_us=39295 skipped=0
frust_shell_common::perf: frust-perf raw n=97 total_us=43064 rebuild_us=85 layout_us=3536 paint_us=319 encode_us=150 acquire_us=106 submit_us=38865 skipped=0
frust_shell_common::perf: frust-perf raw n=98 total_us=43413 rebuild_us=70 layout_us=2614 paint_us=257 encode_us=142 acquire_us=86 submit_us=40242 skipped=0
frust_shell_common::perf: frust-perf raw n=99 total_us=43137 rebuild_us=85 layout_us=3697 paint_us=63 encode_us=117 acquire_us=94 submit_us=39078 skipped=0
frust_shell_common::perf: frust-perf raw n=100 total_us=36757 rebuild_us=69 layout_us=2632 paint_us=40 encode_us=89 acquire_us=84 submit_us=33840 skipped=0
frust_shell_common::perf: frust-perf raw n=101 total_us=36012 rebuild_us=83 layout_us=2578 paint_us=42 encode_us=91 acquire_us=87 submit_us=33128 skipped=0
frust_shell_common::perf: frust-perf raw n=102 total_us=36457 rebuild_us=63 layout_us=2619 paint_us=34 encode_us=87 acquire_us=83 submit_us=33569 skipped=0
frust_shell_common::perf: frust-perf raw n=103 total_us=36859 rebuild_us=68 layout_us=2646 paint_us=248 encode_us=114 acquire_us=87 submit_us=33694 skipped=0
frust_shell_common::perf: frust-perf raw n=104 total_us=41489 rebuild_us=63 layout_us=2716 paint_us=37 encode_us=92 acquire_us=87 submit_us=38493 skipped=0
frust_shell_common::perf: frust-perf raw n=105 total_us=36437 rebuild_us=70 layout_us=2671 paint_us=37 encode_us=106 acquire_us=96 submit_us=33455 skipped=0
frust_shell_common::perf: frust-perf raw n=106 total_us=37267 rebuild_us=90 layout_us=3529 paint_us=47 encode_us=99 acquire_us=94 submit_us=33407 skipped=0
frust_shell_common::perf: frust-perf raw n=107 total_us=38223 rebuild_us=91 layout_us=3695 paint_us=342 encode_us=149 acquire_us=83 submit_us=33860 skipped=0
frust_shell_common::perf: frust-perf raw n=108 total_us=43619 rebuild_us=96 layout_us=3750 paint_us=349 encode_us=147 acquire_us=158 submit_us=39117 skipped=0
frust_shell_common::perf: frust-perf raw n=109 total_us=43069 rebuild_us=84 layout_us=3762 paint_us=339 encode_us=123 acquire_us=94 submit_us=38665 skipped=0
frust_shell_common::perf: frust-perf raw n=110 total_us=42705 rebuild_us=67 layout_us=2712 paint_us=269 encode_us=165 acquire_us=105 submit_us=39384 skipped=0
frust_shell_common::perf: frust-perf raw n=111 total_us=42108 rebuild_us=68 layout_us=2699 paint_us=260 encode_us=157 acquire_us=122 submit_us=38800 skipped=0
frust_shell_common::perf: frust-perf raw n=112 total_us=43268 rebuild_us=67 layout_us=2641 paint_us=309 encode_us=137 acquire_us=109 submit_us=40003 skipped=0
frust_shell_common::perf: frust-perf raw n=113 total_us=42850 rebuild_us=81 layout_us=2716 paint_us=258 encode_us=129 acquire_us=106 submit_us=39557 skipped=0
frust_shell_common::perf: frust-perf raw n=114 total_us=42195 rebuild_us=73 layout_us=2699 paint_us=254 encode_us=127 acquire_us=102 submit_us=38938 skipped=0
frust_shell_common::perf: frust-perf raw n=115 total_us=43288 rebuild_us=66 layout_us=2619 paint_us=230 encode_us=220 acquire_us=99 submit_us=40051 skipped=0
frust_shell_common::perf: frust-perf raw n=116 total_us=41571 rebuild_us=64 layout_us=2544 paint_us=233 encode_us=121 acquire_us=112 submit_us=38495 skipped=0
frust_shell_common::perf: frust-perf raw n=117 total_us=43185 rebuild_us=68 layout_us=2679 paint_us=255 encode_us=149 acquire_us=115 submit_us=39917 skipped=0
frust_shell_common::perf: frust-perf raw n=118 total_us=42874 rebuild_us=63 layout_us=2494 paint_us=251 encode_us=152 acquire_us=108 submit_us=39804 skipped=0
frust_shell_common::perf: frust-perf raw n=119 total_us=40882 rebuild_us=62 layout_us=1588 paint_us=225 encode_us=119 acquire_us=99 submit_us=38787 skipped=0
frust_shell_common::perf: frust-perf raw n=120 total_us=40396 rebuild_us=67 layout_us=148 paint_us=154 encode_us=118 acquire_us=70 submit_us=39836 skipped=0
frust_shell_common::perf: frust-perf raw n=121 total_us=42282 rebuild_us=93 layout_us=2707 paint_us=255 encode_us=116 acquire_us=88 submit_us=39021 skipped=0
frust_shell_common::perf: frust-perf raw n=122 total_us=43004 rebuild_us=62 layout_us=2627 paint_us=276 encode_us=132 acquire_us=86 submit_us=39818 skipped=0
frust_shell_common::perf: frust-perf raw n=123 total_us=43633 rebuild_us=89 layout_us=3765 paint_us=360 encode_us=116 acquire_us=82 submit_us=39219 skipped=0
frust_shell_common::perf: frust-perf raw n=124 total_us=42434 rebuild_us=69 layout_us=2533 paint_us=233 encode_us=144 acquire_us=97 submit_us=39356 skipped=0
frust_shell_common::perf: frust-perf raw n=125 total_us=42780 rebuild_us=79 layout_us=3495 paint_us=315 encode_us=150 acquire_us=98 submit_us=38642 skipped=0
frust_shell_common::perf: frust-perf raw n=126 total_us=42960 rebuild_us=68 layout_us=2695 paint_us=251 encode_us=163 acquire_us=104 submit_us=39677 skipped=0
frust_shell_common::perf: frust-perf raw n=127 total_us=42987 rebuild_us=59 layout_us=2613 paint_us=286 encode_us=154 acquire_us=100 submit_us=39773 skipped=0
frust_shell_common::perf: frust-perf raw n=128 total_us=42507 rebuild_us=62 layout_us=2708 paint_us=255 encode_us=120 acquire_us=128 submit_us=39230 skipped=0
frust_shell_common::perf: frust-perf raw n=129 total_us=42502 rebuild_us=68 layout_us=2719 paint_us=253 encode_us=134 acquire_us=102 submit_us=39225 skipped=0
frust_shell_android::app::frame: frust-perf platform-view tail depth=0 target=0 acquire_bound=false frame=480 expected_present_us=0 acquire_us=101 period_us=11130
frust_shell_common::perf: frust-perf raw n=130 total_us=42308 rebuild_us=66 layout_us=2697 paint_us=252 encode_us=123 acquire_us=96 submit_us=39072 skipped=0
frust_shell_common::perf: frust-perf raw n=131 total_us=42855 rebuild_us=67 layout_us=2731 paint_us=251 encode_us=153 acquire_us=100 submit_us=39551 skipped=0
frust_shell_common::perf: frust-perf raw n=132 total_us=42225 rebuild_us=63 layout_us=2689 paint_us=252 encode_us=117 acquire_us=84 submit_us=39017 skipped=0
frust_shell_common::perf: frust-perf raw n=133 total_us=42461 rebuild_us=65 layout_us=2548 paint_us=248 encode_us=140 acquire_us=91 submit_us=39367 skipped=0
frust_shell_common::perf: frust-perf raw n=134 total_us=42201 rebuild_us=66 layout_us=2694 paint_us=253 encode_us=120 acquire_us=101 submit_us=38965 skipped=0
frust_shell_common::perf: frust-perf raw n=135 total_us=42398 rebuild_us=90 layout_us=2627 paint_us=253 encode_us=139 acquire_us=109 submit_us=39177 skipped=0
frust_shell_common::perf: frust-perf raw n=136 total_us=42780 rebuild_us=63 layout_us=2653 paint_us=251 encode_us=127 acquire_us=104 submit_us=39580 skipped=0
frust_shell_common::perf: frust-perf raw n=137 total_us=42432 rebuild_us=63 layout_us=2539 paint_us=233 encode_us=117 acquire_us=89 submit_us=39389 skipped=0
frust_shell_common::perf: frust-perf raw n=138 total_us=42566 rebuild_us=64 layout_us=2782 paint_us=253 encode_us=125 acquire_us=95 submit_us=39244 skipped=0
frust_shell_common::perf: frust-perf raw n=139 total_us=42434 rebuild_us=65 layout_us=2683 paint_us=247 encode_us=116 acquire_us=89 submit_us=39231 skipped=0
frust_shell_common::perf: frust-perf raw n=140 total_us=43130 rebuild_us=65 layout_us=2732 paint_us=251 encode_us=145 acquire_us=94 submit_us=39840 skipped=0
frust_shell_common::perf: frust-perf raw n=141 total_us=42171 rebuild_us=83 layout_us=2786 paint_us=263 encode_us=121 acquire_us=87 submit_us=38827 skipped=0
frust_shell_common::perf: frust-perf frame n=120 total_p50_ms=41 total_p95_ms=43 total_p99_ms=43 rebuild_p95_ms=0 layout_p95_ms=3 paint_p95_ms=0 encode_p95_ms=0 acquire_p95_ms=0 submit_p95_ms=39 over_60hz=141 over_120hz=141 skipped=0 total_frames=141
frust_shell_common::perf: frust-perf raw n=142 total_us=42800 rebuild_us=69 layout_us=2710 paint_us=256 encode_us=144 acquire_us=110 submit_us=39509 skipped=0
frust_shell_common::perf: frust-perf raw n=143 total_us=42209 rebuild_us=64 layout_us=2778 paint_us=252 encode_us=154 acquire_us=115 submit_us=38842 skipped=0
frust_shell_common::perf: frust-perf raw n=144 total_us=43141 rebuild_us=59 layout_us=2654 paint_us=251 encode_us=138 acquire_us=98 submit_us=39939 skipped=0
frust_shell_common::perf: frust-perf raw n=145 total_us=42958 rebuild_us=67 layout_us=2745 paint_us=255 encode_us=148 acquire_us=87 submit_us=39653 skipped=0
frust_shell_common::perf: frust-perf raw n=146 total_us=42271 rebuild_us=65 layout_us=2686 paint_us=248 encode_us=161 acquire_us=88 submit_us=39020 skipped=0
frust_shell_common::perf: frust-perf raw n=147 total_us=43275 rebuild_us=77 layout_us=2625 paint_us=234 encode_us=161 acquire_us=104 submit_us=40071 skipped=0
frust_shell_common::perf: frust-perf raw n=148 total_us=41926 rebuild_us=66 layout_us=2750 paint_us=253 encode_us=121 acquire_us=94 submit_us=38640 skipped=0
frust_shell_common::perf: frust-perf raw n=149 total_us=43051 rebuild_us=67 layout_us=2701 paint_us=251 encode_us=141 acquire_us=94 submit_us=39794 skipped=0
frust_shell_common::perf: frust-perf raw n=150 total_us=41967 rebuild_us=77 layout_us=2561 paint_us=241 encode_us=123 acquire_us=101 submit_us=38861 skipped=0
frust_shell_common::perf: frust-perf raw n=151 total_us=42924 rebuild_us=69 layout_us=2710 paint_us=290 encode_us=146 acquire_us=123 submit_us=39584 skipped=0
frust_shell_common::perf: frust-perf raw n=152 total_us=42300 rebuild_us=66 layout_us=2712 paint_us=254 encode_us=127 acquire_us=97 submit_us=39042 skipped=0
frust_shell_common::perf: frust-perf raw n=153 total_us=42139 rebuild_us=64 layout_us=2725 paint_us=255 encode_us=118 acquire_us=86 submit_us=38888 skipped=0
frust_shell_common::perf: frust-perf raw n=154 total_us=42421 rebuild_us=67 layout_us=2693 paint_us=249 encode_us=122 acquire_us=90 submit_us=39198 skipped=0
frust_shell_common::perf: frust-perf raw n=155 total_us=42484 rebuild_us=71 layout_us=2782 paint_us=260 encode_us=118 acquire_us=93 submit_us=39157 skipped=0
frust_shell_common::perf: frust-perf raw n=156 total_us=41745 rebuild_us=70 layout_us=2516 paint_us=270 encode_us=124 acquire_us=87 submit_us=38676 skipped=0
frust_shell_common::perf: frust-perf raw n=157 total_us=42257 rebuild_us=62 layout_us=2695 paint_us=253 encode_us=118 acquire_us=95 submit_us=39031 skipped=0
frust_shell_common::perf: frust-perf raw n=158 total_us=42763 rebuild_us=65 layout_us=2755 paint_us=252 encode_us=146 acquire_us=99 submit_us=39443 skipped=0
frust_shell_common::perf: frust-perf raw n=159 total_us=41411 rebuild_us=62 layout_us=2676 paint_us=248 encode_us=177 acquire_us=100 submit_us=38147 skipped=0
frust_shell_common::perf: frust-perf raw n=160 total_us=42827 rebuild_us=99 layout_us=2653 paint_us=253 encode_us=156 acquire_us=100 submit_us=39563 skipped=0
frust_shell_common::perf: frust-perf raw n=161 total_us=41311 rebuild_us=72 layout_us=2691 paint_us=251 encode_us=120 acquire_us=99 submit_us=38075 skipped=0
frust_shell_common::perf: frust-perf raw n=162 total_us=42801 rebuild_us=68 layout_us=2714 paint_us=257 encode_us=144 acquire_us=110 submit_us=39505 skipped=0
frust_shell_common::perf: frust-perf raw n=163 total_us=41725 rebuild_us=68 layout_us=2754 paint_us=254 encode_us=151 acquire_us=91 submit_us=38406 skipped=0
frust_shell_android::app::frame: frust-perf platform-view tail depth=0 target=0 acquire_bound=false frame=600 expected_present_us=0 acquire_us=99 period_us=11130
frust_shell_common::perf: frust-perf raw n=164 total_us=42356 rebuild_us=66 layout_us=2703 paint_us=258 encode_us=141 acquire_us=106 submit_us=39081 skipped=0
frust_shell_common::perf: frust-perf raw n=165 total_us=42175 rebuild_us=72 layout_us=2527 paint_us=236 encode_us=121 acquire_us=93 submit_us=39124 skipped=0
frust_shell_common::perf: frust-perf raw n=166 total_us=42694 rebuild_us=68 layout_us=2658 paint_us=251 encode_us=146 acquire_us=107 submit_us=39460 skipped=0
frust_shell_common::perf: frust-perf raw n=167 total_us=42041 rebuild_us=71 layout_us=2582 paint_us=241 encode_us=153 acquire_us=99 submit_us=38893 skipped=0
frust_shell_common::perf: frust-perf raw n=168 total_us=42722 rebuild_us=64 layout_us=2726 paint_us=253 encode_us=132 acquire_us=139 submit_us=39406 skipped=0
frust_shell_common::perf: frust-perf raw n=169 total_us=42815 rebuild_us=67 layout_us=2694 paint_us=252 encode_us=155 acquire_us=112 submit_us=39533 skipped=0
frust_shell_common::perf: frust-perf raw n=170 total_us=42230 rebuild_us=78 layout_us=2755 paint_us=253 encode_us=120 acquire_us=85 submit_us=38935 skipped=0
frust_shell_common::perf: frust-perf raw n=171 total_us=42802 rebuild_us=67 layout_us=2714 paint_us=250 encode_us=140 acquire_us=93 submit_us=39536 skipped=0
frust_shell_common::perf: frust-perf raw n=172 total_us=41884 rebuild_us=65 layout_us=2674 paint_us=247 encode_us=155 acquire_us=101 submit_us=38640 skipped=0
frust_shell_common::perf: frust-perf raw n=173 total_us=43415 rebuild_us=87 layout_us=2857 paint_us=268 encode_us=155 acquire_us=88 submit_us=39958 skipped=0
frust_shell_common::perf: frust-perf raw n=174 total_us=42030 rebuild_us=70 layout_us=2695 paint_us=250 encode_us=122 acquire_us=85 submit_us=38805 skipped=0
frust_shell_common::perf: frust-perf raw n=175 total_us=42716 rebuild_us=67 layout_us=2528 paint_us=240 encode_us=142 acquire_us=107 submit_us=39629 skipped=0
frust_shell_common::perf: frust-perf raw n=176 total_us=42133 rebuild_us=68 layout_us=2677 paint_us=249 encode_us=124 acquire_us=95 submit_us=38916 skipped=0
frust_shell_common::perf: frust-perf raw n=177 total_us=43212 rebuild_us=61 layout_us=2702 paint_us=247 encode_us=132 acquire_us=92 submit_us=39975 skipped=0
frust_shell_common::perf: frust-perf raw n=178 total_us=42319 rebuild_us=76 layout_us=2679 paint_us=245 encode_us=121 acquire_us=99 submit_us=39097 skipped=0
frust_shell_common::perf: frust-perf raw n=179 total_us=42065 rebuild_us=66 layout_us=2566 paint_us=247 encode_us=119 acquire_us=83 submit_us=38982 skipped=0
frust_shell_common::perf: frust-perf raw n=180 total_us=43625 rebuild_us=93 layout_us=2671 paint_us=286 encode_us=157 acquire_us=97 submit_us=40318 skipped=0
frust_shell_common::perf: frust-perf raw n=181 total_us=42254 rebuild_us=81 layout_us=2703 paint_us=257 encode_us=117 acquire_us=70 submit_us=39024 skipped=0
frust_shell_common::perf: frust-perf raw n=182 total_us=43160 rebuild_us=74 layout_us=2695 paint_us=250 encode_us=145 acquire_us=92 submit_us=39902 skipped=0
frust_shell_common::perf: frust-perf raw n=183 total_us=42037 rebuild_us=82 layout_us=2769 paint_us=262 encode_us=115 acquire_us=80 submit_us=38726 skipped=0
frust_shell_common::perf: frust-perf raw n=184 total_us=42971 rebuild_us=69 layout_us=2611 paint_us=288 encode_us=134 acquire_us=99 submit_us=39767 skipped=0
frust_shell_common::perf: frust-perf raw n=185 total_us=42462 rebuild_us=67 layout_us=2692 paint_us=252 encode_us=155 acquire_us=98 submit_us=39194 skipped=0
frust_shell_common::perf: frust-perf raw n=186 total_us=42247 rebuild_us=69 layout_us=2692 paint_us=247 encode_us=117 acquire_us=81 submit_us=39039 skipped=0
frust_shell_common::perf: frust-perf raw n=187 total_us=42421 rebuild_us=65 layout_us=2524 paint_us=224 encode_us=128 acquire_us=98 submit_us=39381 skipped=0
frust_shell_common::perf: frust-perf raw n=188 total_us=42025 rebuild_us=108 layout_us=2636 paint_us=244 encode_us=122 acquire_us=78 submit_us=38835 skipped=0
frust_shell_common::perf: frust-perf raw n=189 total_us=42787 rebuild_us=58 layout_us=2642 paint_us=242 encode_us=155 acquire_us=93 submit_us=39594 skipped=0
frust_shell_common::perf: frust-perf frame n=120 total_p50_ms=42 total_p95_ms=43 total_p99_ms=43 rebuild_p95_ms=0 layout_p95_ms=3 paint_p95_ms=0 encode_p95_ms=0 acquire_p95_ms=0 submit_p95_ms=39 over_60hz=189 over_120hz=189 skipped=0 total_frames=189
frust_shell_common::perf: frust-perf raw n=190 total_us=43282 rebuild_us=79 layout_us=3747 paint_us=334 encode_us=115 acquire_us=89 submit_us=38915 skipped=0
frust_shell_common::perf: frust-perf raw n=191 total_us=43324 rebuild_us=80 layout_us=2742 paint_us=262 encode_us=155 acquire_us=84 submit_us=39998 skipped=0
frust_shell_common::perf: frust-perf raw n=192 total_us=42187 rebuild_us=72 layout_us=2683 paint_us=252 encode_us=120 acquire_us=83 submit_us=38974 skipped=0
frust_shell_common::perf: frust-perf raw n=193 total_us=42608 rebuild_us=61 layout_us=2623 paint_us=246 encode_us=128 acquire_us=92 submit_us=39456 skipped=0
frust_shell_common::perf: frust-perf raw n=194 total_us=42202 rebuild_us=63 layout_us=2620 paint_us=243 encode_us=119 acquire_us=82 submit_us=39073 skipped=0
frust_shell_common::perf: frust-perf raw n=195 total_us=42301 rebuild_us=62 layout_us=2682 paint_us=248 encode_us=114 acquire_us=79 submit_us=39114 skipped=0
frust_shell_common::perf: frust-perf raw n=196 total_us=42343 rebuild_us=73 layout_us=2733 paint_us=250 encode_us=120 acquire_us=80 submit_us=39084 skipped=0
frust_shell_android::app::frame: frust-perf platform-view tail depth=0 target=0 acquire_bound=false frame=720 expected_present_us=0 acquire_us=82 period_us=11136
frust_shell_common::perf: frust-perf raw n=197 total_us=42177 rebuild_us=60 layout_us=2680 paint_us=244 encode_us=130 acquire_us=84 submit_us=38977 skipped=0
frust_shell_common::perf: frust-perf raw n=198 total_us=42703 rebuild_us=61 layout_us=2532 paint_us=230 encode_us=133 acquire_us=110 submit_us=39635 skipped=0
frust_shell_common::perf: frust-perf raw n=199 total_us=42106 rebuild_us=62 layout_us=2691 paint_us=250 encode_us=115 acquire_us=83 submit_us=38903 skipped=0
frust_shell_common::perf: frust-perf raw n=200 total_us=42559 rebuild_us=64 layout_us=2680 paint_us=247 encode_us=147 acquire_us=99 submit_us=39319 skipped=0
frust_shell_common::perf: frust-perf raw n=201 total_us=41268 rebuild_us=82 layout_us=2618 paint_us=239 encode_us=113 acquire_us=78 submit_us=38135 skipped=0
frust_shell_common::perf: frust-perf raw n=202 total_us=42546 rebuild_us=64 layout_us=2668 paint_us=250 encode_us=149 acquire_us=96 submit_us=39316 skipped=0
frust_shell_common::perf: frust-perf raw n=203 total_us=42306 rebuild_us=71 layout_us=2609 paint_us=250 encode_us=115 acquire_us=81 submit_us=39177 skipped=0
frust_shell_common::perf: frust-perf raw n=204 total_us=42335 rebuild_us=64 layout_us=2656 paint_us=249 encode_us=136 acquire_us=88 submit_us=39140 skipped=0
frust_shell_common::perf: frust-perf raw n=205 total_us=41677 rebuild_us=66 layout_us=2705 paint_us=252 encode_us=124 acquire_us=105 submit_us=38423 skipped=0
frust_shell_common::perf: frust-perf raw n=206 total_us=42703 rebuild_us=65 layout_us=2552 paint_us=230 encode_us=146 acquire_us=91 submit_us=39616 skipped=0
frust_shell_common::perf: frust-perf raw n=207 total_us=43513 rebuild_us=81 layout_us=3685 paint_us=404 encode_us=116 acquire_us=91 submit_us=39133 skipped=0
frust_shell_common::perf: frust-perf raw n=208 total_us=41885 rebuild_us=63 layout_us=2605 paint_us=249 encode_us=117 acquire_us=84 submit_us=38764 skipped=0
frust_shell_common::perf: frust-perf raw n=209 total_us=41863 rebuild_us=63 layout_us=2616 paint_us=280 encode_us=119 acquire_us=79 submit_us=38702 skipped=0
frust_shell_common::perf: frust-perf raw n=210 total_us=41724 rebuild_us=64 layout_us=2558 paint_us=228 encode_us=113 acquire_us=90 submit_us=38669 skipped=0
frust_shell_common::perf: frust-perf raw n=211 total_us=42557 rebuild_us=63 layout_us=2667 paint_us=253 encode_us=117 acquire_us=84 submit_us=39370 skipped=0
frust_shell_common::perf: frust-perf raw n=212 total_us=42433 rebuild_us=65 layout_us=2673 paint_us=246 encode_us=115 acquire_us=81 submit_us=39252 skipped=0
frust_shell_common::perf: frust-perf raw n=213 total_us=42367 rebuild_us=59 layout_us=2704 paint_us=249 encode_us=133 acquire_us=103 submit_us=39116 skipped=0
frust_shell_common::perf: frust-perf raw n=214 total_us=42467 rebuild_us=63 layout_us=2655 paint_us=242 encode_us=117 acquire_us=77 submit_us=39310 skipped=0
frust_shell_common::perf: frust-perf raw n=215 total_us=42489 rebuild_us=62 layout_us=2534 paint_us=238 encode_us=193 acquire_us=93 submit_us=39366 skipped=0
frust_shell_common::perf: frust-perf raw n=216 total_us=42997 rebuild_us=78 layout_us=3698 paint_us=337 encode_us=117 acquire_us=82 submit_us=38682 skipped=0
frust_shell_common::perf: frust-perf raw n=217 total_us=43378 rebuild_us=77 layout_us=2763 paint_us=259 encode_us=155 acquire_us=84 submit_us=40038 skipped=0
frust_shell_common::perf: frust-perf raw n=218 total_us=41965 rebuild_us=64 layout_us=2501 paint_us=227 encode_us=118 acquire_us=81 submit_us=38972 skipped=0
frust_shell_common::perf: frust-perf raw n=219 total_us=42899 rebuild_us=59 layout_us=2518 paint_us=227 encode_us=125 acquire_us=87 submit_us=39880 skipped=0
frust_shell_common::perf: frust-perf raw n=220 total_us=42323 rebuild_us=66 layout_us=2703 paint_us=250 encode_us=120 acquire_us=83 submit_us=39098 skipped=0
frust_shell_common::perf: frust-perf raw n=221 total_us=42173 rebuild_us=63 layout_us=2706 paint_us=247 encode_us=117 acquire_us=93 submit_us=38944 skipped=0
frust_shell_common::perf: frust-perf raw n=222 total_us=42746 rebuild_us=63 layout_us=2658 paint_us=248 encode_us=132 acquire_us=85 submit_us=39558 skipped=0
frust_shell_common::perf: frust-perf raw n=223 total_us=41862 rebuild_us=64 layout_us=2637 paint_us=296 encode_us=117 acquire_us=80 submit_us=38665 skipped=0
frust_shell_common::perf: frust-perf raw n=224 total_us=42847 rebuild_us=60 layout_us=2664 paint_us=248 encode_us=147 acquire_us=96 submit_us=39628 skipped=0
frust_shell_common::perf: frust-perf raw n=225 total_us=42377 rebuild_us=58 layout_us=2658 paint_us=250 encode_us=120 acquire_us=89 submit_us=39200 skipped=0
frust_shell_common::perf: frust-perf raw n=226 total_us=43192 rebuild_us=65 layout_us=2712 paint_us=250 encode_us=147 acquire_us=96 submit_us=39920 skipped=0
frust_shell_common::perf: frust-perf raw n=227 total_us=42765 rebuild_us=58 layout_us=2676 paint_us=248 encode_us=154 acquire_us=99 submit_us=39527 skipped=0
frust_shell_common::perf: frust-perf raw n=228 total_us=42263 rebuild_us=62 layout_us=2722 paint_us=257 encode_us=118 acquire_us=94 submit_us=39007 skipped=0
frust_shell_common::perf: frust-perf raw n=229 total_us=42076 rebuild_us=66 layout_us=2529 paint_us=233 encode_us=115 acquire_us=81 submit_us=39051 skipped=0
frust_shell_common::perf: frust-perf raw n=230 total_us=42593 rebuild_us=64 layout_us=2671 paint_us=249 encode_us=118 acquire_us=82 submit_us=39407 skipped=0
frust_shell_android::app::frame: frust-perf platform-view tail depth=0 target=0 acquire_bound=false frame=840 expected_present_us=0 acquire_us=88 period_us=11131
frust_shell_common::perf: frust-perf raw n=231 total_us=42461 rebuild_us=62 layout_us=2674 paint_us=248 encode_us=134 acquire_us=97 submit_us=39243 skipped=0
frust_shell_common::perf: frust-perf raw n=232 total_us=41999 rebuild_us=62 layout_us=2529 paint_us=232 encode_us=117 acquire_us=120 submit_us=38935 skipped=0
frust_shell_common::perf: frust-perf raw n=233 total_us=43059 rebuild_us=84 layout_us=2782 paint_us=262 encode_us=158 acquire_us=88 submit_us=39682 skipped=0
frust_shell_common::perf: frust-perf raw n=234 total_us=42902 rebuild_us=75 layout_us=3667 paint_us=338 encode_us=117 acquire_us=79 submit_us=38622 skipped=0
frust_shell_common::perf: frust-perf raw n=235 total_us=42864 rebuild_us=65 layout_us=2686 paint_us=249 encode_us=142 acquire_us=87 submit_us=39633 skipped=0
frust_shell_common::perf: frust-perf raw n=236 total_us=41541 rebuild_us=64 layout_us=2687 paint_us=251 encode_us=116 acquire_us=88 submit_us=38332 skipped=0
frust_shell_common::perf: frust-perf raw n=237 total_us=42664 rebuild_us=76 layout_us=2706 paint_us=254 encode_us=134 acquire_us=138 submit_us=39353 skipped=0
frust_shell_common::perf: frust-perf frame n=120 total_p50_ms=42 total_p95_ms=43 total_p99_ms=43 rebuild_p95_ms=0 layout_p95_ms=2 paint_p95_ms=0 encode_p95_ms=0 acquire_p95_ms=0 submit_p95_ms=39 over_60hz=237 over_120hz=237 skipped=0 total_frames=237
frust_shell_common::perf: frust-perf raw n=238 total_us=42218 rebuild_us=68 layout_us=2680 paint_us=253 encode_us=113 acquire_us=70 submit_us=39032 skipped=0
frust_shell_common::perf: frust-perf raw n=239 total_us=42714 rebuild_us=62 layout_us=2665 paint_us=253 encode_us=144 acquire_us=103 submit_us=39484 skipped=0
frust_shell_common::perf: frust-perf raw n=240 total_us=42201 rebuild_us=60 layout_us=2556 paint_us=231 encode_us=118 acquire_us=93 submit_us=39141 skipped=0
frust_shell_common::perf: frust-perf raw n=241 total_us=42464 rebuild_us=71 layout_us=2634 paint_us=241 encode_us=116 acquire_us=86 submit_us=39313 skipped=0
frust_shell_common::perf: frust-perf raw n=242 total_us=42250 rebuild_us=73 layout_us=2710 paint_us=274 encode_us=172 acquire_us=103 submit_us=38915 skipped=0
frust_shell_common::perf: frust-perf raw n=243 total_us=41742 rebuild_us=58 layout_us=2577 paint_us=229 encode_us=115 acquire_us=86 submit_us=38675 skipped=0
frust_shell_common::perf: frust-perf raw n=244 total_us=42626 rebuild_us=65 layout_us=2690 paint_us=252 encode_us=156 acquire_us=99 submit_us=39361 skipped=0
frust_shell_common::perf: frust-perf raw n=245 total_us=41863 rebuild_us=59 layout_us=2679 paint_us=249 encode_us=122 acquire_us=84 submit_us=38667 skipped=0
frust_shell_common::perf: frust-perf raw n=246 total_us=42512 rebuild_us=68 layout_us=2738 paint_us=256 encode_us=158 acquire_us=102 submit_us=39187 skipped=0
frust_shell_common::perf: frust-perf raw n=247 total_us=41648 rebuild_us=62 layout_us=2619 paint_us=276 encode_us=154 acquire_us=98 submit_us=38438 skipped=0
frust_shell_common::perf: frust-perf raw n=248 total_us=42578 rebuild_us=68 layout_us=2501 paint_us=229 encode_us=139 acquire_us=87 submit_us=39551 skipped=0
frust_shell_common::perf: frust-perf raw n=249 total_us=41612 rebuild_us=63 layout_us=2557 paint_us=233 encode_us=113 acquire_us=81 submit_us=38562 skipped=0
frust_shell_common::perf: frust-perf raw n=250 total_us=42617 rebuild_us=63 layout_us=2708 paint_us=261 encode_us=137 acquire_us=97 submit_us=39350 skipped=0
frust_shell_common::perf: frust-perf raw n=251 total_us=41681 rebuild_us=76 layout_us=2633 paint_us=239 encode_us=121 acquire_us=88 submit_us=38522 skipped=0
frust_shell_common::perf: frust-perf raw n=252 total_us=42302 rebuild_us=65 layout_us=2734 paint_us=258 encode_us=145 acquire_us=100 submit_us=38998 skipped=0
frust_shell_common::perf: frust-perf raw n=253 total_us=42244 rebuild_us=68 layout_us=2759 paint_us=262 encode_us=121 acquire_us=92 submit_us=38940 skipped=0
frust_shell_common::perf: frust-perf raw n=254 total_us=42809 rebuild_us=73 layout_us=2712 paint_us=256 encode_us=144 acquire_us=98 submit_us=39523 skipped=0
frust_shell_common::perf: frust-perf raw n=255 total_us=41380 rebuild_us=67 layout_us=2723 paint_us=252 encode_us=126 acquire_us=104 submit_us=38105 skipped=0
frust_shell_common::perf: frust-perf raw n=256 total_us=42663 rebuild_us=77 layout_us=2652 paint_us=252 encode_us=138 acquire_us=100 submit_us=39442 skipped=0
frust_shell_common::perf: frust-perf raw n=257 total_us=42346 rebuild_us=70 layout_us=2635 paint_us=249 encode_us=123 acquire_us=101 submit_us=39167 skipped=0
frust_shell_common::perf: frust-perf raw n=258 total_us=42138 rebuild_us=66 layout_us=2702 paint_us=253 encode_us=120 acquire_us=87 submit_us=38908 skipped=0
frust_shell_common::perf: frust-perf raw n=259 total_us=42470 rebuild_us=64 layout_us=2546 paint_us=234 encode_us=128 acquire_us=88 submit_us=39408 skipped=0
frust_shell_common::perf: frust-perf raw n=260 total_us=41731 rebuild_us=62 layout_us=2631 paint_us=248 encode_us=122 acquire_us=99 submit_us=38566 skipped=0
frust_shell_common::perf: frust-perf raw n=261 total_us=42794 rebuild_us=64 layout_us=2700 paint_us=255 encode_us=144 acquire_us=109 submit_us=39519 skipped=0
frust_shell_common::perf: frust-perf raw n=262 total_us=41341 rebuild_us=70 layout_us=2620 paint_us=283 encode_us=157 acquire_us=115 submit_us=38093 skipped=0
frust_shell_common::perf: frust-perf raw n=263 total_us=42518 rebuild_us=66 layout_us=2633 paint_us=318 encode_us=141 acquire_us=94 submit_us=39263 skipped=0
frust_shell_common::perf: frust-perf raw n=264 total_us=42278 rebuild_us=63 layout_us=2654 paint_us=249 encode_us=123 acquire_us=98 submit_us=39090 skipped=0
frust_shell_android::app::frame: frust-perf platform-view tail depth=0 target=0 acquire_bound=false frame=960 expected_present_us=0 acquire_us=98 period_us=11127
frust_shell_common::perf: frust-perf raw n=265 total_us=42392 rebuild_us=72 layout_us=2686 paint_us=255 encode_us=146 acquire_us=100 submit_us=39130 skipped=0
frust_shell_common::perf: frust-perf raw n=266 total_us=41639 rebuild_us=69 layout_us=2746 paint_us=255 encode_us=159 acquire_us=106 submit_us=38302 skipped=0
frust_shell_common::perf: frust-perf raw n=267 total_us=42896 rebuild_us=65 layout_us=2669 paint_us=254 encode_us=146 acquire_us=94 submit_us=39667 skipped=0
frust_shell_common::perf: frust-perf raw n=268 total_us=41260 rebuild_us=67 layout_us=2508 paint_us=236 encode_us=119 acquire_us=98 submit_us=38230 skipped=0
frust_shell_common::perf: frust-perf raw n=269 total_us=42279 rebuild_us=75 layout_us=2694 paint_us=250 encode_us=141 acquire_us=113 submit_us=39005 skipped=0
frust_shell_common::perf: frust-perf raw n=270 total_us=41994 rebuild_us=65 layout_us=2663 paint_us=249 encode_us=128 acquire_us=85 submit_us=38802 skipped=0
frust_shell_common::perf: frust-perf raw n=271 total_us=42109 rebuild_us=63 layout_us=2601 paint_us=246 encode_us=144 acquire_us=113 submit_us=38939 skipped=0
frust_shell_common::perf: frust-perf raw n=272 total_us=39230 rebuild_us=99 layout_us=13 paint_us=136 encode_us=154 acquire_us=101 submit_us=38726 skipped=0
frust_shell_common::perf: frust-perf raw n=273 total_us=39411 rebuild_us=72 layout_us=506 paint_us=243 encode_us=153 acquire_us=101 submit_us=38333 skipped=0
frust_shell_common::perf: frust-perf raw n=274 total_us=40086 rebuild_us=75 layout_us=1510 paint_us=296 encode_us=168 acquire_us=115 submit_us=37920 skipped=0
frust_shell_common::perf: frust-perf raw n=275 total_us=41343 rebuild_us=70 layout_us=1547 paint_us=251 encode_us=135 acquire_us=94 submit_us=39243 skipped=0
frust_shell_common::perf: frust-perf raw n=276 total_us=40889 rebuild_us=76 layout_us=1697 paint_us=257 encode_us=156 acquire_us=118 submit_us=38582 skipped=0
frust_shell_common::perf: frust-perf raw n=277 total_us=40444 rebuild_us=82 layout_us=1351 paint_us=238 encode_us=152 acquire_us=111 submit_us=38507 skipped=0
frust_shell_common::perf: frust-perf raw n=278 total_us=40791 rebuild_us=89 layout_us=1552 paint_us=259 encode_us=157 acquire_us=112 submit_us=38620 skipped=0
frust_shell_common::perf: frust-perf raw n=279 total_us=41064 rebuild_us=80 layout_us=1579 paint_us=272 encode_us=134 acquire_us=102 submit_us=38894 skipped=0
frust_shell_common::perf: frust-perf raw n=280 total_us=41404 rebuild_us=85 layout_us=1629 paint_us=267 encode_us=158 acquire_us=99 submit_us=39163 skipped=0
frust_shell_common::perf: frust-perf raw n=281 total_us=40490 rebuild_us=89 layout_us=1649 paint_us=275 encode_us=158 acquire_us=110 submit_us=38207 skipped=0
frust_shell_common::perf: frust-perf raw n=282 total_us=41003 rebuild_us=81 layout_us=1570 paint_us=263 encode_us=157 acquire_us=108 submit_us=38822 skipped=0
frust_shell_common::perf: frust-perf raw n=283 total_us=41192 rebuild_us=81 layout_us=1516 paint_us=248 encode_us=152 acquire_us=115 submit_us=39078 skipped=0
frust_shell_common::perf: frust-perf raw n=284 total_us=40808 rebuild_us=87 layout_us=1554 paint_us=267 encode_us=161 acquire_us=102 submit_us=38635 skipped=0
frust_shell_common::perf: frust-perf raw n=285 total_us=40884 rebuild_us=82 layout_us=1578 paint_us=258 encode_us=154 acquire_us=95 submit_us=38714 skipped=0
frust_shell_common::perf: frust-perf frame n=120 total_p50_ms=42 total_p95_ms=43 total_p99_ms=43 rebuild_p95_ms=0 layout_p95_ms=2 paint_p95_ms=0 encode_p95_ms=0 acquire_p95_ms=0 submit_p95_ms=39 over_60hz=285 over_120hz=285 skipped=0 total_frames=285
frust_shell_common::perf: frust-perf raw n=286 total_us=41422 rebuild_us=81 layout_us=1589 paint_us=258 encode_us=159 acquire_us=102 submit_us=39230 skipped=0
frust_shell_common::perf: frust-perf raw n=287 total_us=40807 rebuild_us=86 layout_us=1533 paint_us=251 encode_us=161 acquire_us=99 submit_us=38675 skipped=0
frust_shell_common::perf: frust-perf raw n=288 total_us=41351 rebuild_us=90 layout_us=1542 paint_us=261 encode_us=163 acquire_us=102 submit_us=39191 skipped=0
frust_shell_common::perf: frust-perf raw n=289 total_us=40593 rebuild_us=86 layout_us=1536 paint_us=263 encode_us=155 acquire_us=103 submit_us=38448 skipped=0
frust_shell_common::perf: frust-perf raw n=290 total_us=40997 rebuild_us=87 layout_us=1541 paint_us=268 encode_us=175 acquire_us=107 submit_us=38817 skipped=0
frust_shell_common::perf: frust-perf raw n=291 total_us=40667 rebuild_us=84 layout_us=1604 paint_us=253 encode_us=158 acquire_us=99 submit_us=38467 skipped=0
frust_shell_common::perf: frust-perf raw n=292 total_us=41070 rebuild_us=89 layout_us=1648 paint_us=260 encode_us=142 acquire_us=90 submit_us=38837 skipped=0
frust_shell_common::perf: frust-perf raw n=293 total_us=40843 rebuild_us=93 layout_us=1556 paint_us=272 encode_us=155 acquire_us=119 submit_us=38645 skipped=0
frust_shell_common::perf: frust-perf raw n=294 total_us=41130 rebuild_us=83 layout_us=1529 paint_us=257 encode_us=147 acquire_us=96 submit_us=39014 skipped=0
frust_shell_common::perf: frust-perf raw n=295 total_us=40687 rebuild_us=90 layout_us=1594 paint_us=254 encode_us=150 acquire_us=101 submit_us=38495 skipped=0
frust_shell_common::perf: frust-perf raw n=296 total_us=41655 rebuild_us=86 layout_us=1593 paint_us=262 encode_us=146 acquire_us=95 submit_us=39470 skipped=0
frust_shell_common::perf: frust-perf raw n=297 total_us=40509 rebuild_us=89 layout_us=1620 paint_us=270 encode_us=197 acquire_us=111 submit_us=38220 skipped=0
frust_shell_common::perf: frust-perf raw n=298 total_us=41292 rebuild_us=83 layout_us=1529 paint_us=263 encode_us=144 acquire_us=88 submit_us=39183 skipped=0
frust_shell_android::app::frame: frust-perf platform-view tail depth=0 target=0 acquire_bound=false frame=1080 expected_present_us=0 acquire_us=99 period_us=11132
frust_shell_common::perf: frust-perf raw n=299 total_us=40682 rebuild_us=88 layout_us=1530 paint_us=255 encode_us=155 acquire_us=105 submit_us=38546 skipped=0
frust_shell_common::perf: frust-perf raw n=300 total_us=41370 rebuild_us=92 layout_us=1516 paint_us=256 encode_us=165 acquire_us=81 submit_us=39257 skipped=0
frust_shell_common::perf: frust-perf raw n=301 total_us=40828 rebuild_us=79 layout_us=1604 paint_us=253 encode_us=150 acquire_us=120 submit_us=38619 skipped=0
frust_shell_common::perf: frust-perf raw n=302 total_us=41925 rebuild_us=90 layout_us=1709 paint_us=297 encode_us=153 acquire_us=86 submit_us=39588 skipped=0
frust_shell_common::perf: frust-perf raw n=303 total_us=40309 rebuild_us=91 layout_us=1534 paint_us=268 encode_us=159 acquire_us=95 submit_us=38158 skipped=0
frust_shell_common::perf: frust-perf raw n=304 total_us=40742 rebuild_us=86 layout_us=1508 paint_us=259 encode_us=130 acquire_us=82 submit_us=38675 skipped=0
frust_shell_common::perf: frust-perf raw n=305 total_us=40779 rebuild_us=82 layout_us=1521 paint_us=289 encode_us=150 acquire_us=93 submit_us=38641 skipped=0
frust_shell_common::perf: frust-perf raw n=306 total_us=40977 rebuild_us=79 layout_us=1558 paint_us=251 encode_us=127 acquire_us=80 submit_us=38878 skipped=0
frust_shell_common::perf: frust-perf raw n=307 total_us=40749 rebuild_us=90 layout_us=1570 paint_us=263 encode_us=154 acquire_us=108 submit_us=38561 skipped=0
frust_shell_common::perf: frust-perf raw n=308 total_us=41527 rebuild_us=80 layout_us=1502 paint_us=259 encode_us=142 acquire_us=125 submit_us=39417 skipped=0
frust_shell_common::perf: frust-perf raw n=309 total_us=41602 rebuild_us=80 layout_us=1534 paint_us=257 encode_us=155 acquire_us=109 submit_us=39465 skipped=0
frust_shell_common::perf: frust-perf raw n=310 total_us=40785 rebuild_us=93 layout_us=1607 paint_us=266 encode_us=153 acquire_us=107 submit_us=38558 skipped=0
frust_shell_common::perf: frust-perf raw n=311 total_us=40952 rebuild_us=80 layout_us=1572 paint_us=259 encode_us=153 acquire_us=110 submit_us=38776 skipped=0
frust_shell_common::perf: frust-perf raw n=312 total_us=40864 rebuild_us=82 layout_us=1527 paint_us=246 encode_us=149 acquire_us=93 submit_us=38764 skipped=0
frust_shell_common::perf: frust-perf raw n=313 total_us=41248 rebuild_us=82 layout_us=1535 paint_us=259 encode_us=192 acquire_us=98 submit_us=39080 skipped=0
frust_shell_common::perf: frust-perf raw n=314 total_us=41144 rebuild_us=89 layout_us=1538 paint_us=325 encode_us=157 acquire_us=106 submit_us=38926 skipped=0
frust_shell_common::perf: frust-perf raw n=315 total_us=40707 rebuild_us=80 layout_us=1534 paint_us=256 encode_us=158 acquire_us=108 submit_us=38569 skipped=0
frust_shell_common::perf: frust-perf raw n=316 total_us=40897 rebuild_us=82 layout_us=1608 paint_us=252 encode_us=151 acquire_us=92 submit_us=38709 skipped=0
frust_shell_common::perf: frust-perf raw n=317 total_us=41569 rebuild_us=80 layout_us=1638 paint_us=258 encode_us=187 acquire_us=110 submit_us=39294 skipped=0
frust_shell_common::perf: frust-perf raw n=318 total_us=40472 rebuild_us=86 layout_us=1554 paint_us=254 encode_us=149 acquire_us=110 submit_us=38316 skipped=0
frust_shell_common::perf: frust-perf raw n=319 total_us=40989 rebuild_us=88 layout_us=1564 paint_us=260 encode_us=138 acquire_us=97 submit_us=38839 skipped=0
frust_shell_common::perf: frust-perf raw n=320 total_us=41031 rebuild_us=88 layout_us=1701 paint_us=265 encode_us=158 acquire_us=102 submit_us=38713 skipped=0
frust_shell_common::perf: frust-perf raw n=321 total_us=41602 rebuild_us=87 layout_us=1634 paint_us=262 encode_us=157 acquire_us=140 submit_us=39318 skipped=0
frust_shell_common::perf: frust-perf raw n=322 total_us=40497 rebuild_us=87 layout_us=1623 paint_us=271 encode_us=162 acquire_us=104 submit_us=38248 skipped=0
frust_shell_common::perf: frust-perf raw n=323 total_us=41189 rebuild_us=99 layout_us=1708 paint_us=286 encode_us=161 acquire_us=93 submit_us=38840 skipped=0
frust_shell_common::perf: frust-perf raw n=324 total_us=40638 rebuild_us=79 layout_us=1574 paint_us=256 encode_us=417 acquire_us=232 submit_us=38077 skipped=0
frust_shell_common::perf: frust-perf raw n=325 total_us=42128 rebuild_us=92 layout_us=1594 paint_us=274 encode_us=157 acquire_us=103 submit_us=39904 skipped=0
frust_shell_common::perf: frust-perf raw n=326 total_us=40684 rebuild_us=82 layout_us=1633 paint_us=276 encode_us=157 acquire_us=116 submit_us=38417 skipped=0
frust_shell_common::perf: frust-perf raw n=327 total_us=41645 rebuild_us=84 layout_us=1640 paint_us=264 encode_us=155 acquire_us=122 submit_us=39376 skipped=0
frust_shell_common::perf: frust-perf raw n=328 total_us=40838 rebuild_us=144 layout_us=1570 paint_us=261 encode_us=163 acquire_us=114 submit_us=38584 skipped=0
frust_shell_common::perf: frust-perf raw n=329 total_us=41505 rebuild_us=81 layout_us=1553 paint_us=255 encode_us=143 acquire_us=103 submit_us=39368 skipped=0
frust_shell_common::perf: frust-perf raw n=330 total_us=41253 rebuild_us=85 layout_us=1561 paint_us=262 encode_us=162 acquire_us=112 submit_us=39068 skipped=0
frust_shell_common::perf: frust-perf raw n=331 total_us=40926 rebuild_us=94 layout_us=1660 paint_us=281 encode_us=157 acquire_us=140 submit_us=38589 skipped=0
frust_shell_common::perf: frust-perf raw n=332 total_us=41039 rebuild_us=82 layout_us=1631 paint_us=262 encode_us=157 acquire_us=102 submit_us=38804 skipped=0
frust_shell_common::perf: frust-perf raw n=333 total_us=40806 rebuild_us=78 layout_us=1565 paint_us=255 encode_us=160 acquire_us=103 submit_us=38641 skipped=0
frust_shell_android::app::frame: frust-perf platform-view tail depth=0 target=0 acquire_bound=false frame=1200 expected_present_us=0 acquire_us=110 period_us=11138
frust_shell_common::perf: frust-perf raw n=334 total_us=41303 rebuild_us=86 layout_us=1573 paint_us=262 encode_us=160 acquire_us=106 submit_us=39113 skipped=0
frust_shell_common::perf: frust-perf frame n=120 total_p50_ms=41 total_p95_ms=42 total_p99_ms=43 rebuild_p95_ms=0 layout_p95_ms=2 paint_p95_ms=0 encode_p95_ms=0 acquire_p95_ms=0 submit_p95_ms=39 over_60hz=334 over_120hz=334 skipped=0 total_frames=334
frust_shell_common::perf: frust-perf raw n=335 total_us=40916 rebuild_us=77 layout_us=1534 paint_us=295 encode_us=152 acquire_us=163 submit_us=38693 skipped=0
frust_shell_common::perf: frust-perf raw n=336 total_us=41124 rebuild_us=86 layout_us=1661 paint_us=270 encode_us=166 acquire_us=108 submit_us=38831 skipped=0
frust_shell_common::perf: frust-perf raw n=337 total_us=41085 rebuild_us=87 layout_us=1608 paint_us=250 encode_us=156 acquire_us=112 submit_us=38870 skipped=0
frust_shell_common::perf: frust-perf raw n=338 total_us=41602 rebuild_us=98 layout_us=1629 paint_us=268 encode_us=141 acquire_us=96 submit_us=39367 skipped=0
frust_shell_common::perf: frust-perf raw n=339 total_us=40677 rebuild_us=87 layout_us=1600 paint_us=263 encode_us=160 acquire_us=110 submit_us=38455 skipped=0
frust_shell_common::perf: frust-perf raw n=340 total_us=41430 rebuild_us=82 layout_us=1555 paint_us=268 encode_us=146 acquire_us=102 submit_us=39275 skipped=0
frust_shell_common::perf: frust-perf raw n=341 total_us=41178 rebuild_us=90 layout_us=1664 paint_us=264 encode_us=157 acquire_us=111 submit_us=38889 skipped=0
frust_shell_common::perf: frust-perf raw n=342 total_us=41068 rebuild_us=85 layout_us=1622 paint_us=269 encode_us=149 acquire_us=91 submit_us=38850 skipped=0
frust_shell_common::perf: frust-perf raw n=343 total_us=40434 rebuild_us=92 layout_us=1570 paint_us=270 encode_us=158 acquire_us=104 submit_us=38237 skipped=0
frust_shell_common::perf: frust-perf raw n=344 total_us=41644 rebuild_us=85 layout_us=1562 paint_us=268 encode_us=154 acquire_us=90 submit_us=39484 skipped=0
frust_shell_common::perf: frust-perf raw n=345 total_us=40717 rebuild_us=102 layout_us=1605 paint_us=329 encode_us=158 acquire_us=116 submit_us=38404 skipped=0
frust_shell_common::perf: frust-perf raw n=346 total_us=40894 rebuild_us=81 layout_us=1430 paint_us=246 encode_us=135 acquire_us=157 submit_us=38842 skipped=0
frust_shell_common::perf: frust-perf raw n=347 total_us=41258 rebuild_us=92 layout_us=1686 paint_us=266 encode_us=155 acquire_us=133 submit_us=38924 skipped=0
frust_shell_common::perf: frust-perf raw n=348 total_us=41434 rebuild_us=80 layout_us=1561 paint_us=263 encode_us=149 acquire_us=103 submit_us=39276 skipped=0
frust_shell_common::perf: frust-perf raw n=349 total_us=41542 rebuild_us=88 layout_us=1569 paint_us=270 encode_us=159 acquire_us=100 submit_us=39354 skipped=0
frust_shell_common::perf: frust-perf raw n=350 total_us=41025 rebuild_us=90 layout_us=1571 paint_us=273 encode_us=158 acquire_us=115 submit_us=38815 skipped=0
frust_shell_common::perf: frust-perf raw n=351 total_us=41030 rebuild_us=90 layout_us=1612 paint_us=263 encode_us=161 acquire_us=116 submit_us=38785 skipped=0
frust_shell_common::perf: frust-perf raw n=352 total_us=41408 rebuild_us=84 layout_us=1655 paint_us=260 encode_us=159 acquire_us=121 submit_us=39127 skipped=0
frust_shell_common::perf: frust-perf raw n=353 total_us=41269 rebuild_us=98 layout_us=1705 paint_us=275 encode_us=241 acquire_us=128 submit_us=38820 skipped=0
frust_shell_common::perf: frust-perf raw n=354 total_us=41446 rebuild_us=85 layout_us=1591 paint_us=263 encode_us=170 acquire_us=104 submit_us=39230 skipped=0
frust_shell_common::perf: frust-perf raw n=355 total_us=41281 rebuild_us=109 layout_us=1618 paint_us=285 encode_us=134 acquire_us=86 submit_us=39046 skipped=0
frust_shell_common::perf: frust-perf raw n=356 total_us=40955 rebuild_us=81 layout_us=1608 paint_us=260 encode_us=156 acquire_us=100 submit_us=38747 skipped=0
frust_shell_common::perf: frust-perf raw n=357 total_us=41483 rebuild_us=85 layout_us=1641 paint_us=268 encode_us=148 acquire_us=95 submit_us=39244 skipped=0
frust_shell_common::perf: frust-perf raw n=358 total_us=40753 rebuild_us=89 layout_us=1582 paint_us=263 encode_us=154 acquire_us=114 submit_us=38548 skipped=0
frust_shell_common::perf: frust-perf raw n=359 total_us=41517 rebuild_us=85 layout_us=1567 paint_us=262 encode_us=157 acquire_us=101 submit_us=39342 skipped=0
frust_shell_common::perf: frust-perf raw n=360 total_us=40951 rebuild_us=94 layout_us=1602 paint_us=360 encode_us=158 acquire_us=115 submit_us=38620 skipped=0
frust_shell_common::perf: frust-perf raw n=361 total_us=41419 rebuild_us=81 layout_us=1557 paint_us=308 encode_us=145 acquire_us=96 submit_us=39229 skipped=0
frust_shell_common::perf: frust-perf raw n=362 total_us=40771 rebuild_us=92 layout_us=1638 paint_us=274 encode_us=165 acquire_us=101 submit_us=38499 skipped=0
frust_shell_common::perf: frust-perf raw n=363 total_us=41441 rebuild_us=77 layout_us=1581 paint_us=268 encode_us=149 acquire_us=113 submit_us=39251 skipped=0
frust_shell_common::perf: frust-perf raw n=364 total_us=40725 rebuild_us=82 layout_us=1559 paint_us=257 encode_us=154 acquire_us=102 submit_us=38569 skipped=0
frust_shell_common::perf: frust-perf raw n=365 total_us=42178 rebuild_us=77 layout_us=1667 paint_us=267 encode_us=134 acquire_us=90 submit_us=39941 skipped=0
frust_shell_common::perf: frust-perf raw n=366 total_us=41325 rebuild_us=82 layout_us=1643 paint_us=268 encode_us=165 acquire_us=106 submit_us=39059 skipped=0
frust_shell_common::perf: frust-perf raw n=367 total_us=40949 rebuild_us=85 layout_us=1611 paint_us=273 encode_us=160 acquire_us=101 submit_us=38717 skipped=0
frust_shell_android::app::frame: frust-perf platform-view tail depth=0 target=0 acquire_bound=false frame=1320 expected_present_us=0 acquire_us=108 period_us=11141
frust_shell_common::perf: frust-perf raw n=368 total_us=41498 rebuild_us=169 layout_us=1571 paint_us=263 encode_us=164 acquire_us=135 submit_us=39194 skipped=0
frust_shell_common::perf: frust-perf raw n=369 total_us=40931 rebuild_us=83 layout_us=1569 paint_us=260 encode_us=160 acquire_us=99 submit_us=38758 skipped=0
frust_shell_common::perf: frust-perf raw n=370 total_us=41915 rebuild_us=85 layout_us=1574 paint_us=265 encode_us=136 acquire_us=95 submit_us=39757 skipped=0
frust_shell_common::perf: frust-perf raw n=371 total_us=40512 rebuild_us=86 layout_us=1637 paint_us=264 encode_us=158 acquire_us=114 submit_us=38250 skipped=0
frust_shell_common::perf: frust-perf raw n=372 total_us=41565 rebuild_us=77 layout_us=1631 paint_us=264 encode_us=154 acquire_us=105 submit_us=39332 skipped=0
frust_shell_common::perf: frust-perf raw n=373 total_us=41014 rebuild_us=80 layout_us=1551 paint_us=266 encode_us=163 acquire_us=115 submit_us=38836 skipped=0
frust_shell_common::perf: frust-perf raw n=374 total_us=44196 rebuild_us=88 layout_us=3924 paint_us=365 encode_us=152 acquire_us=96 submit_us=39569 skipped=0
frust_shell_common::perf: frust-perf raw n=375 total_us=43244 rebuild_us=98 layout_us=3790 paint_us=359 encode_us=157 acquire_us=110 submit_us=38727 skipped=0
frust_shell_common::perf: frust-perf raw n=376 total_us=42930 rebuild_us=83 layout_us=2678 paint_us=252 encode_us=106 acquire_us=79 submit_us=39730 skipped=0
frust_shell_common::perf: frust-perf raw n=377 total_us=42690 rebuild_us=73 layout_us=2580 paint_us=240 encode_us=116 acquire_us=84 submit_us=39595 skipped=0
frust_shell_common::perf: frust-perf raw n=378 total_us=42290 rebuild_us=65 layout_us=2704 paint_us=265 encode_us=126 acquire_us=90 submit_us=39038 skipped=0
frust_shell_common::perf: frust-perf raw n=379 total_us=41940 rebuild_us=68 layout_us=2741 paint_us=257 encode_us=127 acquire_us=98 submit_us=38645 skipped=0
frust_shell_common::perf: frust-perf raw n=380 total_us=42405 rebuild_us=73 layout_us=2787 paint_us=267 encode_us=124 acquire_us=93 submit_us=39059 skipped=0
frust_shell_common::perf: frust-perf raw n=381 total_us=42624 rebuild_us=90 layout_us=2822 paint_us=274 encode_us=126 acquire_us=88 submit_us=39222 skipped=0
frust_shell_common::perf: frust-perf raw n=382 total_us=42584 rebuild_us=66 layout_us=2727 paint_us=257 encode_us=121 acquire_us=86 submit_us=39323 skipped=0
frust_shell_common::perf: frust-perf raw n=383 total_us=42757 rebuild_us=80 layout_us=2647 paint_us=249 encode_us=148 acquire_us=91 submit_us=39540 skipped=0
frust_shell_common::perf: frust-perf frame n=120 total_p50_ms=41 total_p95_ms=42 total_p99_ms=43 rebuild_p95_ms=0 layout_p95_ms=2 paint_p95_ms=0 encode_p95_ms=0 acquire_p95_ms=0 submit_p95_ms=39 over_60hz=383 over_120hz=383 skipped=0 total_frames=383
frust_shell_common::perf: frust-perf raw n=384 total_us=42199 rebuild_us=74 layout_us=2736 paint_us=263 encode_us=158 acquire_us=103 submit_us=38864 skipped=0
frust_shell_common::perf: frust-perf raw n=385 total_us=43042 rebuild_us=75 layout_us=2758 paint_us=252 encode_us=151 acquire_us=107 submit_us=39697 skipped=0
frust_shell_common::perf: frust-perf raw n=386 total_us=41725 rebuild_us=81 layout_us=2841 paint_us=266 encode_us=127 acquire_us=92 submit_us=38315 skipped=0
frust_shell_common::perf: frust-perf raw n=387 total_us=42650 rebuild_us=58 layout_us=2577 paint_us=252 encode_us=131 acquire_us=108 submit_us=39522 skipped=0
frust_shell_common::perf: frust-perf raw n=388 total_us=41911 rebuild_us=61 layout_us=2596 paint_us=277 encode_us=154 acquire_us=98 submit_us=38724 skipped=0
frust_shell_common::perf: frust-perf raw n=389 total_us=43297 rebuild_us=60 layout_us=2544 paint_us=228 encode_us=127 acquire_us=86 submit_us=40250 skipped=0
frust_shell_common::perf: frust-perf raw n=390 total_us=42281 rebuild_us=72 layout_us=2543 paint_us=232 encode_us=157 acquire_us=98 submit_us=39176 skipped=0
frust_shell_common::perf: frust-perf raw n=391 total_us=41853 rebuild_us=65 layout_us=2623 paint_us=244 encode_us=114 acquire_us=90 submit_us=38716 skipped=0
frust_shell_common::perf: frust-perf raw n=392 total_us=42559 rebuild_us=63 layout_us=2613 paint_us=247 encode_us=139 acquire_us=82 submit_us=39413 skipped=0
frust_shell_common::perf: frust-perf raw n=393 total_us=43059 rebuild_us=77 layout_us=3645 paint_us=336 encode_us=116 acquire_us=80 submit_us=38802 skipped=0
frust_shell_common::perf: frust-perf raw n=394 total_us=42747 rebuild_us=62 layout_us=2469 paint_us=228 encode_us=135 acquire_us=136 submit_us=39713 skipped=0
frust_shell_common::perf: frust-perf raw n=395 total_us=43943 rebuild_us=81 layout_us=3708 paint_us=363 encode_us=114 acquire_us=120 submit_us=39555 skipped=0
frust_shell_common::perf: frust-perf raw n=396 total_us=40495 rebuild_us=57 layout_us=859 paint_us=188 encode_us=118 acquire_us=82 submit_us=39188 skipped=0
frust_shell_common::perf: frust-perf raw n=397 total_us=40374 rebuild_us=70 layout_us=474 paint_us=336 encode_us=157 acquire_us=130 submit_us=39205 skipped=0
frust_shell_common::perf: frust-perf raw n=398 total_us=42675 rebuild_us=59 layout_us=2642 paint_us=252 encode_us=151 acquire_us=101 submit_us=39468 skipped=0
frust_shell_common::perf: frust-perf raw n=399 total_us=43522 rebuild_us=78 layout_us=3206 paint_us=251 encode_us=125 acquire_us=86 submit_us=39774 skipped=0
frust_shell_common::perf: frust-perf raw n=400 total_us=42241 rebuild_us=73 layout_us=2711 paint_us=249 encode_us=116 acquire_us=92 submit_us=38997 skipped=0
frust_shell_android::app::frame: frust-perf platform-view tail depth=0 target=0 acquire_bound=false frame=1440 expected_present_us=0 acquire_us=99 period_us=11129
frust_shell_common::perf: frust-perf raw n=401 total_us=43172 rebuild_us=73 layout_us=2679 paint_us=250 encode_us=155 acquire_us=105 submit_us=39908 skipped=0
frust_shell_common::perf: frust-perf raw n=402 total_us=42395 rebuild_us=66 layout_us=2688 paint_us=315 encode_us=132 acquire_us=94 submit_us=39097 skipped=0
frust_shell_common::perf: frust-perf raw n=403 total_us=42616 rebuild_us=87 layout_us=2580 paint_us=241 encode_us=146 acquire_us=129 submit_us=39429 skipped=0
frust_shell_common::perf: frust-perf raw n=404 total_us=42531 rebuild_us=73 layout_us=2765 paint_us=262 encode_us=127 acquire_us=110 submit_us=39193 skipped=0
frust_shell_common::perf: frust-perf raw n=405 total_us=43020 rebuild_us=69 layout_us=2807 paint_us=258 encode_us=135 acquire_us=97 submit_us=39651 skipped=0
frust_shell_common::perf: frust-perf raw n=406 total_us=42382 rebuild_us=62 layout_us=2616 paint_us=239 encode_us=125 acquire_us=96 submit_us=39241 skipped=0
frust_shell_common::perf: frust-perf raw n=407 total_us=42706 rebuild_us=72 layout_us=2809 paint_us=258 encode_us=126 acquire_us=93 submit_us=39346 skipped=0
frust_shell_common::perf: frust-perf raw n=408 total_us=42832 rebuild_us=70 layout_us=2764 paint_us=259 encode_us=149 acquire_us=131 submit_us=39456 skipped=0
frust_shell_common::perf: frust-perf raw n=409 total_us=42015 rebuild_us=62 layout_us=2534 paint_us=239 encode_us=150 acquire_us=95 submit_us=38932 skipped=0
frust_shell_common::perf: frust-perf raw n=410 total_us=43226 rebuild_us=74 layout_us=2750 paint_us=264 encode_us=142 acquire_us=90 submit_us=39902 skipped=0
frust_shell_common::perf: frust-perf raw n=411 total_us=41994 rebuild_us=109 layout_us=2682 paint_us=265 encode_us=122 acquire_us=88 submit_us=38725 skipped=0
frust_shell_common::perf: frust-perf raw n=412 total_us=42802 rebuild_us=63 layout_us=2702 paint_us=260 encode_us=130 acquire_us=90 submit_us=39555 skipped=0
frust_shell_common::perf: frust-perf raw n=413 total_us=42426 rebuild_us=74 layout_us=2703 paint_us=259 encode_us=125 acquire_us=86 submit_us=39176 skipped=0
frust_shell_common::perf: frust-perf raw n=414 total_us=42551 rebuild_us=67 layout_us=2674 paint_us=258 encode_us=130 acquire_us=90 submit_us=39330 skipped=0
frust_shell_common::perf: frust-perf raw n=415 total_us=43468 rebuild_us=65 layout_us=2732 paint_us=254 encode_us=120 acquire_us=128 submit_us=40167 skipped=0
frust_shell_common::perf: frust-perf raw n=416 total_us=41732 rebuild_us=76 layout_us=2688 paint_us=300 encode_us=123 acquire_us=101 submit_us=38441 skipped=0
frust_shell_common::perf: frust-perf raw n=417 total_us=43152 rebuild_us=77 layout_us=2548 paint_us=291 encode_us=151 acquire_us=97 submit_us=39985 skipped=0
frust_shell_common::perf: frust-perf raw n=418 total_us=42240 rebuild_us=70 layout_us=2699 paint_us=262 encode_us=161 acquire_us=98 submit_us=38947 skipped=0
frust_shell_common::perf: frust-perf raw n=419 total_us=43286 rebuild_us=75 layout_us=2739 paint_us=264 encode_us=156 acquire_us=106 submit_us=39943 skipped=0
frust_shell_common::perf: frust-perf raw n=420 total_us=42477 rebuild_us=69 layout_us=2738 paint_us=260 encode_us=124 acquire_us=94 submit_us=39189 skipped=0
frust_shell_common::perf: frust-perf raw n=421 total_us=42105 rebuild_us=73 layout_us=2514 paint_us=248 encode_us=115 acquire_us=88 submit_us=39065 skipped=0
frust_shell_common::perf: frust-perf raw n=422 total_us=42588 rebuild_us=73 layout_us=2737 paint_us=258 encode_us=119 acquire_us=88 submit_us=39311 skipped=0
frust_shell_common::perf: frust-perf raw n=423 total_us=42606 rebuild_us=70 layout_us=2671 paint_us=255 encode_us=122 acquire_us=87 submit_us=39398 skipped=0
frust_shell_common::perf: frust-perf raw n=424 total_us=42799 rebuild_us=71 layout_us=2726 paint_us=261 encode_us=150 acquire_us=82 submit_us=39507 skipped=0
frust_shell_common::perf: frust-perf raw n=425 total_us=42586 rebuild_us=63 layout_us=2671 paint_us=255 encode_us=118 acquire_us=79 submit_us=39396 skipped=0
frust_shell_common::perf: frust-perf raw n=426 total_us=42133 rebuild_us=85 layout_us=2589 paint_us=250 encode_us=194 acquire_us=110 submit_us=38903 skipped=0
frust_shell_common::perf: frust-perf raw n=427 total_us=42162 rebuild_us=68 layout_us=2722 paint_us=257 encode_us=114 acquire_us=88 submit_us=38911 skipped=0
frust_shell_common::perf: frust-perf raw n=428 total_us=43028 rebuild_us=79 layout_us=2729 paint_us=257 encode_us=156 acquire_us=100 submit_us=39705 skipped=0
frust_shell_common::perf: frust-perf raw n=429 total_us=41771 rebuild_us=72 layout_us=2640 paint_us=237 encode_us=119 acquire_us=86 submit_us=38615 skipped=0
frust_shell_common::perf: frust-perf raw n=430 total_us=42659 rebuild_us=65 layout_us=2646 paint_us=286 encode_us=131 acquire_us=91 submit_us=39437 skipped=0
frust_shell_common::perf: frust-perf raw n=431 total_us=42135 rebuild_us=75 layout_us=2650 paint_us=301 encode_us=125 acquire_us=82 submit_us=38900 skipped=0
frust_shell_common::perf: frust-perf frame n=120 total_p50_ms=41 total_p95_ms=43 total_p99_ms=43 rebuild_p95_ms=0 layout_p95_ms=2 paint_p95_ms=0 encode_p95_ms=0 acquire_p95_ms=0 submit_p95_ms=39 over_60hz=431 over_120hz=431 skipped=0 total_frames=431
frust_shell_common::perf: frust-perf raw n=432 total_us=41847 rebuild_us=74 layout_us=2748 paint_us=261 encode_us=120 acquire_us=82 submit_us=38560 skipped=0
frust_shell_common::perf: frust-perf raw n=433 total_us=42639 rebuild_us=68 layout_us=2716 paint_us=257 encode_us=124 acquire_us=91 submit_us=39379 skipped=0
frust_shell_common::perf: frust-perf raw n=434 total_us=42335 rebuild_us=75 layout_us=2710 paint_us=263 encode_us=121 acquire_us=87 submit_us=39076 skipped=0
frust_shell_android::app::frame: frust-perf platform-view tail depth=0 target=0 acquire_bound=false frame=1560 expected_present_us=0 acquire_us=88 period_us=11135
frust_shell_common::perf: frust-perf raw n=435 total_us=41925 rebuild_us=73 layout_us=2726 paint_us=259 encode_us=135 acquire_us=92 submit_us=38637 skipped=0
frust_shell_common::perf: frust-perf raw n=436 total_us=42031 rebuild_us=76 layout_us=2718 paint_us=259 encode_us=122 acquire_us=81 submit_us=38774 skipped=0
frust_shell_common::perf: frust-perf raw n=437 total_us=42526 rebuild_us=71 layout_us=2738 paint_us=263 encode_us=135 acquire_us=87 submit_us=39229 skipped=0
frust_shell_common::perf: frust-perf raw n=438 total_us=42108 rebuild_us=74 layout_us=2697 paint_us=260 encode_us=124 acquire_us=82 submit_us=38870 skipped=0
frust_shell_common::perf: frust-perf raw n=439 total_us=42323 rebuild_us=84 layout_us=2622 paint_us=252 encode_us=151 acquire_us=82 submit_us=39129 skipped=0
frust_shell_common::perf: frust-perf raw n=440 total_us=41658 rebuild_us=71 layout_us=2674 paint_us=296 encode_us=122 acquire_us=92 submit_us=38400 skipped=0
frust_shell_common::perf: frust-perf raw n=441 total_us=42764 rebuild_us=68 layout_us=2650 paint_us=291 encode_us=143 acquire_us=87 submit_us=39521 skipped=0
frust_shell_common::perf: frust-perf raw n=442 total_us=41725 rebuild_us=77 layout_us=2606 paint_us=243 encode_us=118 acquire_us=81 submit_us=38598 skipped=0
frust_shell_common::perf: frust-perf raw n=443 total_us=43243 rebuild_us=67 layout_us=2707 paint_us=257 encode_us=143 acquire_us=86 submit_us=39981 skipped=0
frust_shell_common::perf: frust-perf raw n=444 total_us=42062 rebuild_us=90 layout_us=2790 paint_us=273 encode_us=124 acquire_us=82 submit_us=38700 skipped=0
frust_shell_common::perf: frust-perf raw n=445 total_us=42884 rebuild_us=69 layout_us=2515 paint_us=293 encode_us=145 acquire_us=90 submit_us=39770 skipped=0
frust_shell_common::perf: frust-perf raw n=446 total_us=42785 rebuild_us=77 layout_us=2692 paint_us=265 encode_us=126 acquire_us=82 submit_us=39540 skipped=0
frust_shell_common::perf: frust-perf raw n=447 total_us=42238 rebuild_us=73 layout_us=2747 paint_us=269 encode_us=121 acquire_us=81 submit_us=38943 skipped=0
frust_shell_common::perf: frust-perf raw n=448 total_us=42681 rebuild_us=67 layout_us=2701 paint_us=257 encode_us=122 acquire_us=84 submit_us=39447 skipped=0
frust_shell_common::perf: frust-perf raw n=449 total_us=42459 rebuild_us=70 layout_us=2669 paint_us=255 encode_us=122 acquire_us=107 submit_us=39234 skipped=0
frust_shell_common::perf: frust-perf raw n=450 total_us=42197 rebuild_us=69 layout_us=2550 paint_us=240 encode_us=141 acquire_us=97 submit_us=39099 skipped=0
frust_shell_common::perf: frust-perf raw n=451 total_us=42522 rebuild_us=73 layout_us=2691 paint_us=261 encode_us=142 acquire_us=89 submit_us=39263 skipped=0
frust_shell_common::perf: frust-perf raw n=452 total_us=43612 rebuild_us=83 layout_us=3239 paint_us=259 encode_us=163 acquire_us=95 submit_us=39771 skipped=0
frust_shell_common::perf: frust-perf raw n=453 total_us=41602 rebuild_us=62 layout_us=2536 paint_us=228 encode_us=114 acquire_us=89 submit_us=38570 skipped=0
frust_shell_common::perf: frust-perf raw n=454 total_us=43036 rebuild_us=58 layout_us=2608 paint_us=252 encode_us=190 acquire_us=113 submit_us=39813 skipped=0
frust_shell_common::perf: frust-perf raw n=455 total_us=42502 rebuild_us=71 layout_us=2646 paint_us=321 encode_us=119 acquire_us=84 submit_us=39259 skipped=0
frust_shell_common::perf: frust-perf raw n=456 total_us=42273 rebuild_us=58 layout_us=2527 paint_us=227 encode_us=113 acquire_us=85 submit_us=39261 skipped=0
frust_shell_common::perf: frust-perf raw n=457 total_us=42536 rebuild_us=63 layout_us=2688 paint_us=249 encode_us=131 acquire_us=84 submit_us=39319 skipped=0
frust_shell_common::perf: frust-perf raw n=458 total_us=41960 rebuild_us=64 layout_us=2697 paint_us=246 encode_us=115 acquire_us=94 submit_us=38740 skipped=0
frust_shell_common::perf: frust-perf raw n=459 total_us=43165 rebuild_us=58 layout_us=2696 paint_us=247 encode_us=152 acquire_us=87 submit_us=39922 skipped=0
frust_shell_common::perf: frust-perf raw n=460 total_us=42145 rebuild_us=62 layout_us=2722 paint_us=260 encode_us=116 acquire_us=94 submit_us=38889 skipped=0
frust_shell_common::perf: frust-perf raw n=461 total_us=42445 rebuild_us=69 layout_us=2543 paint_us=230 encode_us=145 acquire_us=90 submit_us=39366 skipped=0
frust_shell_common::perf: frust-perf raw n=462 total_us=41814 rebuild_us=62 layout_us=2531 paint_us=229 encode_us=118 acquire_us=96 submit_us=38775 skipped=0
frust_shell_common::perf: frust-perf raw n=463 total_us=42663 rebuild_us=68 layout_us=2737 paint_us=255 encode_us=147 acquire_us=92 submit_us=39361 skipped=0
frust_shell_common::perf: frust-perf raw n=464 total_us=42146 rebuild_us=64 layout_us=2619 paint_us=244 encode_us=119 acquire_us=95 submit_us=39004 skipped=0
frust_shell_common::perf: frust-perf raw n=465 total_us=42900 rebuild_us=62 layout_us=2579 paint_us=237 encode_us=138 acquire_us=102 submit_us=39781 skipped=0
frust_shell_common::perf: frust-perf raw n=466 total_us=41595 rebuild_us=58 layout_us=2656 paint_us=249 encode_us=124 acquire_us=94 submit_us=38412 skipped=0
frust_shell_common::perf: frust-perf raw n=467 total_us=42310 rebuild_us=62 layout_us=2685 paint_us=255 encode_us=121 acquire_us=95 submit_us=39089 skipped=0
frust_shell_common::perf: frust-perf raw n=468 total_us=42286 rebuild_us=68 layout_us=2709 paint_us=263 encode_us=122 acquire_us=127 submit_us=38995 skipped=0
frust_shell_android::app::frame: frust-perf platform-view tail depth=0 target=0 acquire_bound=false frame=1680 expected_present_us=0 acquire_us=96 period_us=11150
frust_shell_common::perf: frust-perf raw n=469 total_us=42690 rebuild_us=65 layout_us=2622 paint_us=282 encode_us=117 acquire_us=81 submit_us=39520 skipped=0
frust_shell_common::perf: frust-perf raw n=470 total_us=42385 rebuild_us=69 layout_us=2639 paint_us=305 encode_us=147 acquire_us=97 submit_us=39125 skipped=0
frust_shell_common::perf: frust-perf raw n=471 total_us=42942 rebuild_us=77 layout_us=3705 paint_us=338 encode_us=119 acquire_us=100 submit_us=38601 skipped=0
frust_shell_common::perf: frust-perf raw n=472 total_us=43404 rebuild_us=78 layout_us=2599 paint_us=245 encode_us=139 acquire_us=89 submit_us=40252 skipped=0
frust_shell_common::perf: frust-perf raw n=473 total_us=41963 rebuild_us=75 layout_us=2732 paint_us=258 encode_us=121 acquire_us=85 submit_us=38690 skipped=0
frust_shell_common::perf: frust-perf raw n=474 total_us=42579 rebuild_us=67 layout_us=2687 paint_us=258 encode_us=141 acquire_us=89 submit_us=39334 skipped=0
frust_shell_common::perf: frust-perf raw n=475 total_us=42135 rebuild_us=70 layout_us=2607 paint_us=239 encode_us=121 acquire_us=79 submit_us=39017 skipped=0
frust_shell_common::perf: frust-perf raw n=476 total_us=42449 rebuild_us=66 layout_us=2748 paint_us=255 encode_us=132 acquire_us=88 submit_us=39157 skipped=0
frust_shell_common::perf: frust-perf raw n=477 total_us=41643 rebuild_us=65 layout_us=2709 paint_us=258 encode_us=125 acquire_us=85 submit_us=38399 skipped=0
frust_shell_common::perf: frust-perf raw n=478 total_us=42619 rebuild_us=77 layout_us=2540 paint_us=253 encode_us=142 acquire_us=99 submit_us=39506 skipped=0
frust_shell_common::perf: frust-perf raw n=479 total_us=42034 rebuild_us=76 layout_us=2661 paint_us=261 encode_us=121 acquire_us=96 submit_us=38817 skipped=0
frust_shell_common::perf: frust-perf frame n=120 total_p50_ms=42 total_p95_ms=43 total_p99_ms=43 rebuild_p95_ms=0 layout_p95_ms=3 paint_p95_ms=0 encode_p95_ms=0 acquire_p95_ms=0 submit_p95_ms=39 over_60hz=479 over_120hz=479 skipped=0 total_frames=479
frust_shell_common::perf: frust-perf raw n=480 total_us=42392 rebuild_us=71 layout_us=2731 paint_us=261 encode_us=120 acquire_us=85 submit_us=39122 skipped=0
frust_shell_common::perf: frust-perf raw n=481 total_us=42174 rebuild_us=66 layout_us=2736 paint_us=266 encode_us=125 acquire_us=84 submit_us=38894 skipped=0
frust_shell_common::perf: frust-perf raw n=482 total_us=42126 rebuild_us=66 layout_us=2697 paint_us=258 encode_us=122 acquire_us=84 submit_us=38895 skipped=0
frust_shell_common::perf: frust-perf raw n=483 total_us=42500 rebuild_us=81 layout_us=2699 paint_us=248 encode_us=136 acquire_us=88 submit_us=39246 skipped=0
frust_shell_common::perf: frust-perf raw n=484 total_us=41693 rebuild_us=69 layout_us=2526 paint_us=275 encode_us=119 acquire_us=92 submit_us=38610 skipped=0
frust_shell_common::perf: frust-perf raw n=485 total_us=42784 rebuild_us=71 layout_us=2736 paint_us=266 encode_us=144 acquire_us=88 submit_us=39477 skipped=0
frust_shell_common::perf: frust-perf raw n=486 total_us=41622 rebuild_us=70 layout_us=2712 paint_us=258 encode_us=117 acquire_us=89 submit_us=38373 skipped=0
frust_shell_common::perf: frust-perf raw n=487 total_us=42961 rebuild_us=75 layout_us=2723 paint_us=257 encode_us=158 acquire_us=98 submit_us=39649 skipped=0
frust_shell_common::perf: frust-perf raw n=488 total_us=41479 rebuild_us=83 layout_us=2730 paint_us=265 encode_us=121 acquire_us=89 submit_us=38189 skipped=0
frust_shell_common::perf: frust-perf raw n=489 total_us=42794 rebuild_us=75 layout_us=2578 paint_us=241 encode_us=151 acquire_us=95 submit_us=39651 skipped=0
frust_shell_common::perf: frust-perf raw n=490 total_us=41775 rebuild_us=72 layout_us=2755 paint_us=260 encode_us=122 acquire_us=90 submit_us=38474 skipped=0
frust_shell_common::perf: frust-perf raw n=491 total_us=43511 rebuild_us=79 layout_us=2724 paint_us=266 encode_us=148 acquire_us=106 submit_us=40185 skipped=0
frust_shell_common::perf: frust-perf raw n=492 total_us=42593 rebuild_us=75 layout_us=2726 paint_us=262 encode_us=121 acquire_us=81 submit_us=39325 skipped=0
frust_shell_common::perf: frust-perf raw n=493 total_us=42110 rebuild_us=107 layout_us=2510 paint_us=246 encode_us=121 acquire_us=96 submit_us=39027 skipped=0
frust_shell_common::perf: frust-perf raw n=494 total_us=42630 rebuild_us=73 layout_us=2666 paint_us=257 encode_us=132 acquire_us=86 submit_us=39414 skipped=0
frust_shell_common::perf: frust-perf raw n=495 total_us=42388 rebuild_us=77 layout_us=2751 paint_us=259 encode_us=119 acquire_us=82 submit_us=39099 skipped=0
frust_shell_common::perf: frust-perf raw n=496 total_us=43056 rebuild_us=70 layout_us=2719 paint_us=260 encode_us=181 acquire_us=97 submit_us=39727 skipped=0
frust_shell_common::perf: frust-perf raw n=497 total_us=41778 rebuild_us=79 layout_us=2756 paint_us=265 encode_us=178 acquire_us=92 submit_us=38405 skipped=0
frust_shell_common::perf: frust-perf raw n=498 total_us=43014 rebuild_us=73 layout_us=2760 paint_us=260 encode_us=156 acquire_us=84 submit_us=39679 skipped=0
