frust-perf activity-create
frust_shell_common::perf: bench-scenario-start s1
frust_render::context: frust-perf surface-caps formats=[Rgba8UnormSrgb,Rgba8Unorm,Rgba16Float,Rgb10a2Unorm] usages=TextureUsages(COPY_SRC | COPY_DST | TEXTURE_BINDING | STORAGE_BINDING | RENDER_ATTACHMENT | STORAGE_ATOMIC) direct_to_surface=YES (Rgba8Unorm+STORAGE_BINDING)
frust_render::context: frust-perf render-path direct (Rgba8Unorm+STORAGE_BINDING)
frust_shell_common::perf: frust-perf startup init_entry=0ms font_preinit_started=0ms font_preinit_joined=0ms preinit_started=0ms preinit_joined=10ms cache_loaded=11ms pipeline_cache_restored=11ms adapter_ready=54ms device_ready=54ms renderer_ready=54ms first_rebuild_done=66ms first_encode_done=66ms first_frame_presented=89ms
frust_shell_common::perf: frust-perf raw n=1 total_us=24153 rebuild_us=692 layout_us=0 paint_us=186 encode_us=171 acquire_us=28 submit_us=23074 skipped=0
frust_shell_common::perf: frust-perf raw n=2 total_us=90724 rebuild_us=216 layout_us=0 paint_us=503 encode_us=124 acquire_us=30 submit_us=89848 skipped=0
frust_shell_common::perf: frust-perf raw n=3 total_us=64821 rebuild_us=95 layout_us=0 paint_us=151 encode_us=121 acquire_us=38 submit_us=64414 skipped=0
frust_shell_common::perf: frust-perf raw n=4 total_us=54312 rebuild_us=187 layout_us=0 paint_us=582 encode_us=152 acquire_us=54 submit_us=53334 skipped=0
frust_shell_common::perf: frust-perf raw n=5 total_us=53678 rebuild_us=85 layout_us=0 paint_us=140 encode_us=134 acquire_us=60 submit_us=53257 skipped=0
frust_shell_common::perf: frust-perf raw n=6 total_us=54580 rebuild_us=112 layout_us=0 paint_us=202 encode_us=164 acquire_us=60 submit_us=54039 skipped=0
frust_shell_common::perf: frust-perf raw n=7 total_us=53056 rebuild_us=94 layout_us=0 paint_us=177 encode_us=241 acquire_us=68 submit_us=52473 skipped=0
frust_shell_common::perf: frust-perf raw n=8 total_us=50344 rebuild_us=103 layout_us=0 paint_us=150 encode_us=162 acquire_us=77 submit_us=49849 skipped=0
frust_shell_common::perf: frust-perf raw n=9 total_us=48856 rebuild_us=86 layout_us=0 paint_us=141 encode_us=156 acquire_us=58 submit_us=48413 skipped=0
frust_shell_common::perf: frust-perf raw n=10 total_us=50244 rebuild_us=110 layout_us=0 paint_us=165 encode_us=167 acquire_us=100 submit_us=49700 skipped=0
frust_shell_common::perf: frust-perf raw n=11 total_us=48575 rebuild_us=84 layout_us=0 paint_us=126 encode_us=144 acquire_us=67 submit_us=48153 skipped=0
frust_shell_common::perf: frust-perf raw n=12 total_us=48955 rebuild_us=54 layout_us=0 paint_us=98 encode_us=137 acquire_us=71 submit_us=48592 skipped=0
frust_shell_common::perf: frust-perf raw n=13 total_us=48043 rebuild_us=158 layout_us=1 paint_us=309 encode_us=139 acquire_us=76 submit_us=47358 skipped=0
frust_shell_common::perf: frust-perf raw n=14 total_us=48680 rebuild_us=56 layout_us=0 paint_us=111 encode_us=195 acquire_us=82 submit_us=48233 skipped=0
frust_shell_common::perf: frust-perf raw n=15 total_us=47963 rebuild_us=80 layout_us=0 paint_us=136 encode_us=164 acquire_us=90 submit_us=47490 skipped=0
frust_shell_common::perf: frust-perf raw n=16 total_us=47931 rebuild_us=58 layout_us=0 paint_us=109 encode_us=156 acquire_us=83 submit_us=47522 skipped=0
frust_shell_common::perf: frust-perf raw n=17 total_us=47799 rebuild_us=71 layout_us=0 paint_us=128 encode_us=158 acquire_us=79 submit_us=47362 skipped=0
frust_shell_common::perf: frust-perf raw n=18 total_us=48134 rebuild_us=60 layout_us=0 paint_us=110 encode_us=155 acquire_us=80 submit_us=47725 skipped=0
frust_shell_common::perf: frust-perf raw n=19 total_us=48002 rebuild_us=74 layout_us=0 paint_us=137 encode_us=181 acquire_us=80 submit_us=47528 skipped=0
frust_shell_common::perf: frust-perf raw n=20 total_us=47993 rebuild_us=67 layout_us=168 paint_us=121 encode_us=157 acquire_us=78 submit_us=47400 skipped=0
frust_shell_common::perf: frust-perf raw n=21 total_us=47878 rebuild_us=62 layout_us=0 paint_us=112 encode_us=163 acquire_us=84 submit_us=47455 skipped=0
frust_shell_common::perf: frust-perf raw n=22 total_us=48556 rebuild_us=61 layout_us=0 paint_us=112 encode_us=157 acquire_us=80 submit_us=48144 skipped=0
frust_shell_common::perf: frust-perf raw n=23 total_us=47652 rebuild_us=75 layout_us=0 paint_us=129 encode_us=176 acquire_us=99 submit_us=47171 skipped=0
frust_shell_common::perf: frust-perf raw n=24 total_us=47600 rebuild_us=61 layout_us=0 paint_us=112 encode_us=155 acquire_us=77 submit_us=47192 skipped=0
frust_shell_common::perf: frust-perf raw n=25 total_us=47744 rebuild_us=60 layout_us=0 paint_us=108 encode_us=161 acquire_us=78 submit_us=47335 skipped=0
frust_shell_android::app::frame: frust-perf platform-view tail depth=0 target=0 acquire_bound=false frame=120 expected_present_us=0 acquire_us=82 period_us=11126
frust_shell_common::perf: frust-perf raw n=26 total_us=47346 rebuild_us=61 layout_us=0 paint_us=114 encode_us=156 acquire_us=88 submit_us=46923 skipped=0
frust_shell_common::perf: frust-perf raw n=27 total_us=48003 rebuild_us=63 layout_us=0 paint_us=153 encode_us=155 acquire_us=81 submit_us=47548 skipped=0
frust_shell_common::perf: frust-perf raw n=28 total_us=47294 rebuild_us=62 layout_us=0 paint_us=114 encode_us=158 acquire_us=91 submit_us=46867 skipped=0
frust_shell_common::perf: frust-perf raw n=29 total_us=47832 rebuild_us=57 layout_us=0 paint_us=104 encode_us=157 acquire_us=70 submit_us=47441 skipped=0
frust_shell_common::perf: frust-perf raw n=30 total_us=48084 rebuild_us=82 layout_us=0 paint_us=152 encode_us=155 acquire_us=88 submit_us=47604 skipped=0
frust_shell_common::perf: frust-perf raw n=31 total_us=47613 rebuild_us=62 layout_us=0 paint_us=116 encode_us=157 acquire_us=82 submit_us=47194 skipped=0
frust_shell_common::perf: frust-perf raw n=32 total_us=48055 rebuild_us=60 layout_us=0 paint_us=114 encode_us=157 acquire_us=109 submit_us=47614 skipped=0
frust_shell_common::perf: frust-perf raw n=33 total_us=47430 rebuild_us=63 layout_us=0 paint_us=116 encode_us=157 acquire_us=78 submit_us=47014 skipped=0
frust_shell_common::perf: frust-perf raw n=34 total_us=47684 rebuild_us=62 layout_us=0 paint_us=108 encode_us=157 acquire_us=88 submit_us=47267 skipped=0
frust_shell_common::perf: frust-perf raw n=35 total_us=47987 rebuild_us=68 layout_us=0 paint_us=127 encode_us=159 acquire_us=78 submit_us=47551 skipped=0
frust_shell_common::perf: frust-perf raw n=36 total_us=47766 rebuild_us=55 layout_us=0 paint_us=98 encode_us=189 acquire_us=129 submit_us=47294 skipped=0
frust_shell_common::perf: frust-perf raw n=37 total_us=47766 rebuild_us=65 layout_us=0 paint_us=122 encode_us=157 acquire_us=78 submit_us=47341 skipped=0
frust_shell_common::perf: frust-perf raw n=38 total_us=48199 rebuild_us=58 layout_us=0 paint_us=110 encode_us=161 acquire_us=77 submit_us=47791 skipped=0
frust_shell_common::perf: frust-perf raw n=39 total_us=48460 rebuild_us=238 layout_us=2 paint_us=559 encode_us=225 acquire_us=112 submit_us=47321 skipped=0
frust_shell_common::perf: frust-perf raw n=40 total_us=48815 rebuild_us=184 layout_us=1 paint_us=667 encode_us=223 acquire_us=106 submit_us=47632 skipped=0
frust_shell_common::perf: frust-perf raw n=41 total_us=48965 rebuild_us=285 layout_us=517 paint_us=638 encode_us=346 acquire_us=186 submit_us=46990 skipped=0
frust_shell_common::perf: frust-perf frame n=41 total_p50_ms=48 total_p95_ms=54 total_p99_ms=90 rebuild_p95_ms=0 layout_p95_ms=0 paint_p95_ms=0 encode_p95_ms=0 acquire_p95_ms=0 submit_p95_ms=54 over_60hz=41 over_120hz=41 skipped=0 total_frames=41
frust_shell_common::perf: frust-perf raw n=42 total_us=48186 rebuild_us=233 layout_us=2 paint_us=589 encode_us=243 acquire_us=139 submit_us=46977 skipped=0
frust_shell_common::perf: frust-perf raw n=43 total_us=47628 rebuild_us=82 layout_us=0 paint_us=152 encode_us=229 acquire_us=95 submit_us=47068 skipped=0
frust_shell_common::perf: frust-perf raw n=44 total_us=47735 rebuild_us=83 layout_us=0 paint_us=153 encode_us=208 acquire_us=103 submit_us=47186 skipped=0
frust_shell_common::perf: frust-perf raw n=45 total_us=49071 rebuild_us=292 layout_us=2 paint_us=520 encode_us=318 acquire_us=95 submit_us=47843 skipped=0
frust_shell_common::perf: frust-perf raw n=46 total_us=48503 rebuild_us=217 layout_us=2 paint_us=532 encode_us=260 acquire_us=146 submit_us=47343 skipped=0
frust_shell_common::perf: frust-perf raw n=47 total_us=48480 rebuild_us=221 layout_us=2 paint_us=537 encode_us=255 acquire_us=268 submit_us=47196 skipped=0
frust_shell_common::perf: frust-perf raw n=48 total_us=48265 rebuild_us=207 layout_us=1 paint_us=531 encode_us=244 acquire_us=134 submit_us=47145 skipped=0
frust_shell_common::perf: frust-perf raw n=49 total_us=48552 rebuild_us=196 layout_us=1 paint_us=589 encode_us=231 acquire_us=116 submit_us=47415 skipped=0
frust_shell_common::perf: frust-perf raw n=50 total_us=48088 rebuild_us=250 layout_us=2 paint_us=603 encode_us=250 acquire_us=145 submit_us=46834 skipped=0
frust_shell_common::perf: frust-perf raw n=51 total_us=48239 rebuild_us=81 layout_us=0 paint_us=152 encode_us=210 acquire_us=95 submit_us=47699 skipped=0
frust_shell_common::perf: frust-perf raw n=52 total_us=48372 rebuild_us=247 layout_us=2 paint_us=619 encode_us=251 acquire_us=138 submit_us=47112 skipped=0
frust_shell_common::perf: frust-perf raw n=53 total_us=48373 rebuild_us=211 layout_us=2 paint_us=520 encode_us=253 acquire_us=166 submit_us=47220 skipped=0
frust_shell_android::app::frame: frust-perf platform-view tail depth=0 target=0 acquire_bound=false frame=240 expected_present_us=0 acquire_us=131 period_us=11127
frust_shell_common::perf: frust-perf raw n=54 total_us=47422 rebuild_us=103 layout_us=0 paint_us=187 encode_us=250 acquire_us=107 submit_us=46773 skipped=0
frust_shell_common::perf: frust-perf raw n=55 total_us=47948 rebuild_us=85 layout_us=0 paint_us=157 encode_us=209 acquire_us=108 submit_us=47386 skipped=0
frust_shell_common::perf: frust-perf raw n=56 total_us=48155 rebuild_us=269 layout_us=3 paint_us=672 encode_us=235 acquire_us=109 submit_us=46864 skipped=0
frust_shell_common::perf: frust-perf raw n=57 total_us=47939 rebuild_us=85 layout_us=0 paint_us=155 encode_us=213 acquire_us=115 submit_us=47369 skipped=0
frust_shell_common::perf: frust-perf raw n=58 total_us=48318 rebuild_us=91 layout_us=0 paint_us=166 encode_us=210 acquire_us=95 submit_us=47754 skipped=0
frust_shell_common::perf: frust-perf raw n=59 total_us=48016 rebuild_us=199 layout_us=2 paint_us=495 encode_us=235 acquire_us=125 submit_us=46958 skipped=0
frust_shell_common::perf: frust-perf raw n=60 total_us=48359 rebuild_us=196 layout_us=2 paint_us=509 encode_us=230 acquire_us=120 submit_us=47301 skipped=0
frust_shell_common::perf: frust-perf raw n=61 total_us=48578 rebuild_us=229 layout_us=2 paint_us=685 encode_us=207 acquire_us=93 submit_us=47361 skipped=0
frust_shell_common::perf: frust-perf raw n=62 total_us=47961 rebuild_us=210 layout_us=1 paint_us=623 encode_us=244 acquire_us=137 submit_us=46743 skipped=0
frust_shell_common::perf: frust-perf raw n=63 total_us=48313 rebuild_us=205 layout_us=2 paint_us=519 encode_us=220 acquire_us=111 submit_us=47253 skipped=0
frust_shell_common::perf: frust-perf raw n=64 total_us=48281 rebuild_us=188 layout_us=1 paint_us=497 encode_us=277 acquire_us=122 submit_us=47192 skipped=0
frust_shell_common::perf: frust-perf raw n=65 total_us=48370 rebuild_us=197 layout_us=2 paint_us=515 encode_us=224 acquire_us=125 submit_us=47304 skipped=0
frust_shell_common::perf: frust-perf raw n=66 total_us=48618 rebuild_us=244 layout_us=2 paint_us=602 encode_us=240 acquire_us=129 submit_us=47399 skipped=0
frust_shell_common::perf: frust-perf raw n=67 total_us=48405 rebuild_us=301 layout_us=2 paint_us=555 encode_us=227 acquire_us=192 submit_us=47126 skipped=0
frust_shell_common::perf: frust-perf raw n=68 total_us=48672 rebuild_us=187 layout_us=1 paint_us=493 encode_us=221 acquire_us=106 submit_us=47661 skipped=0
frust_shell_common::perf: frust-perf raw n=69 total_us=48550 rebuild_us=246 layout_us=2 paint_us=581 encode_us=239 acquire_us=140 submit_us=47339 skipped=0
frust_shell_common::perf: frust-perf raw n=70 total_us=48875 rebuild_us=196 layout_us=2 paint_us=502 encode_us=271 acquire_us=121 submit_us=47780 skipped=0
frust_shell_common::perf: frust-perf raw n=71 total_us=48330 rebuild_us=249 layout_us=2 paint_us=580 encode_us=311 acquire_us=191 submit_us=46995 skipped=0
frust_shell_common::perf: frust-perf raw n=72 total_us=48333 rebuild_us=259 layout_us=2 paint_us=682 encode_us=238 acquire_us=138 submit_us=47013 skipped=0
frust_shell_common::perf: frust-perf raw n=73 total_us=48158 rebuild_us=107 layout_us=0 paint_us=256 encode_us=221 acquire_us=117 submit_us=47455 skipped=0
frust_shell_common::perf: frust-perf raw n=74 total_us=48042 rebuild_us=190 layout_us=1 paint_us=504 encode_us=225 acquire_us=122 submit_us=46997 skipped=0
frust_shell_common::perf: frust-perf raw n=75 total_us=48907 rebuild_us=191 layout_us=1 paint_us=575 encode_us=221 acquire_us=117 submit_us=47800 skipped=0
frust_shell_common::perf: frust-perf raw n=76 total_us=48528 rebuild_us=250 layout_us=3 paint_us=587 encode_us=241 acquire_us=146 submit_us=47299 skipped=0
frust_shell_common::perf: frust-perf raw n=77 total_us=48322 rebuild_us=197 layout_us=1 paint_us=507 encode_us=248 acquire_us=130 submit_us=47237 skipped=0
frust_shell_common::perf: frust-perf raw n=78 total_us=48726 rebuild_us=293 layout_us=2 paint_us=540 encode_us=247 acquire_us=128 submit_us=47514 skipped=0
frust_shell_common::perf: frust-perf raw n=79 total_us=48607 rebuild_us=207 layout_us=2 paint_us=512 encode_us=228 acquire_us=116 submit_us=47540 skipped=0
frust_shell_common::perf: frust-perf raw n=80 total_us=48102 rebuild_us=315 layout_us=2 paint_us=625 encode_us=255 acquire_us=154 submit_us=46748 skipped=0
frust_shell_common::perf: frust-perf raw n=81 total_us=48732 rebuild_us=185 layout_us=2 paint_us=491 encode_us=234 acquire_us=137 submit_us=47682 skipped=0
frust_shell_android::app::frame: frust-perf platform-view tail depth=0 target=0 acquire_bound=false frame=360 expected_present_us=0 acquire_us=140 period_us=11129
frust_shell_common::perf: frust-perf raw n=82 total_us=48120 rebuild_us=238 layout_us=2 paint_us=576 encode_us=255 acquire_us=164 submit_us=46883 skipped=0
frust_shell_common::perf: frust-perf raw n=83 total_us=47777 rebuild_us=84 layout_us=0 paint_us=156 encode_us=209 acquire_us=94 submit_us=47230 skipped=0
frust_shell_common::perf: frust-perf frame n=83 total_p50_ms=48 total_p95_ms=53 total_p99_ms=90 rebuild_p95_ms=0 layout_p95_ms=0 paint_p95_ms=0 encode_p95_ms=0 acquire_p95_ms=0 submit_p95_ms=53 over_60hz=83 over_120hz=83 skipped=0 total_frames=83
frust_shell_common::perf: frust-perf raw n=84 total_us=48316 rebuild_us=91 layout_us=0 paint_us=236 encode_us=210 acquire_us=91 submit_us=47684 skipped=0
frust_shell_common::perf: frust-perf raw n=85 total_us=48386 rebuild_us=78 layout_us=0 paint_us=152 encode_us=211 acquire_us=94 submit_us=47850 skipped=0
frust_shell_common::perf: frust-perf raw n=86 total_us=48287 rebuild_us=284 layout_us=2 paint_us=785 encode_us=264 acquire_us=152 submit_us=46797 skipped=0
frust_shell_common::perf: frust-perf raw n=87 total_us=48125 rebuild_us=189 layout_us=1 paint_us=499 encode_us=222 acquire_us=110 submit_us=47102 skipped=0
frust_shell_common::perf: frust-perf raw n=88 total_us=48478 rebuild_us=174 layout_us=2 paint_us=641 encode_us=209 acquire_us=107 submit_us=47343 skipped=0
frust_shell_common::perf: frust-perf raw n=89 total_us=48212 rebuild_us=251 layout_us=2 paint_us=565 encode_us=244 acquire_us=149 submit_us=46999 skipped=0
frust_shell_common::perf: frust-perf raw n=90 total_us=49361 rebuild_us=223 layout_us=2 paint_us=559 encode_us=251 acquire_us=150 submit_us=48174 skipped=0
frust_shell_common::perf: frust-perf raw n=91 total_us=49210 rebuild_us=210 layout_us=2 paint_us=745 encode_us=273 acquire_us=158 submit_us=47820 skipped=0
frust_shell_common::perf: frust-perf raw n=92 total_us=47972 rebuild_us=108 layout_us=0 paint_us=267 encode_us=265 acquire_us=158 submit_us=47172 skipped=0
frust_shell_common::perf: frust-perf raw n=93 total_us=48079 rebuild_us=89 layout_us=0 paint_us=161 encode_us=214 acquire_us=107 submit_us=47505 skipped=0
frust_shell_common::perf: frust-perf raw n=94 total_us=47700 rebuild_us=81 layout_us=0 paint_us=156 encode_us=216 acquire_us=99 submit_us=47144 skipped=0
frust_shell_common::perf: frust-perf raw n=95 total_us=47878 rebuild_us=88 layout_us=0 paint_us=166 encode_us=213 acquire_us=101 submit_us=47307 skipped=0
frust_shell_common::perf: frust-perf raw n=96 total_us=48232 rebuild_us=190 layout_us=1 paint_us=501 encode_us=239 acquire_us=93 submit_us=47205 skipped=0
frust_shell_common::perf: frust-perf raw n=97 total_us=48537 rebuild_us=223 layout_us=2 paint_us=541 encode_us=228 acquire_us=117 submit_us=47424 skipped=0
frust_shell_common::perf: frust-perf raw n=98 total_us=48768 rebuild_us=255 layout_us=2 paint_us=675 encode_us=233 acquire_us=128 submit_us=47473 skipped=0
frust_shell_common::perf: frust-perf raw n=99 total_us=48576 rebuild_us=232 layout_us=1 paint_us=649 encode_us=235 acquire_us=104 submit_us=47352 skipped=0
frust_shell_common::perf: frust-perf raw n=100 total_us=48442 rebuild_us=231 layout_us=2 paint_us=568 encode_us=230 acquire_us=119 submit_us=47290 skipped=0
frust_shell_common::perf: frust-perf raw n=101 total_us=47583 rebuild_us=195 layout_us=1 paint_us=501 encode_us=282 acquire_us=162 submit_us=46440 skipped=0
frust_shell_common::perf: frust-perf raw n=102 total_us=48815 rebuild_us=162 layout_us=1 paint_us=314 encode_us=133 acquire_us=67 submit_us=48135 skipped=0
frust_shell_common::perf: frust-perf raw n=103 total_us=47838 rebuild_us=82 layout_us=0 paint_us=154 encode_us=213 acquire_us=110 submit_us=47276 skipped=0
frust_shell_common::perf: frust-perf raw n=104 total_us=48174 rebuild_us=83 layout_us=0 paint_us=157 encode_us=215 acquire_us=116 submit_us=47601 skipped=0
frust_shell_common::perf: frust-perf raw n=105 total_us=48307 rebuild_us=222 layout_us=1 paint_us=547 encode_us=236 acquire_us=125 submit_us=47173 skipped=0
frust_shell_common::perf: frust-perf raw n=106 total_us=48575 rebuild_us=201 layout_us=2 paint_us=658 encode_us=222 acquire_us=107 submit_us=47383 skipped=0
frust_shell_common::perf: frust-perf raw n=107 total_us=47910 rebuild_us=208 layout_us=2 paint_us=543 encode_us=251 acquire_us=165 submit_us=46740 skipped=0
frust_shell_common::perf: frust-perf raw n=108 total_us=48361 rebuild_us=218 layout_us=2 paint_us=548 encode_us=242 acquire_us=249 submit_us=47100 skipped=0
frust_shell_common::perf: frust-perf raw n=109 total_us=47933 rebuild_us=223 layout_us=2 paint_us=548 encode_us=230 acquire_us=113 submit_us=46814 skipped=0
frust_shell_android::app::frame: frust-perf platform-view tail depth=0 target=0 acquire_bound=false frame=480 expected_present_us=0 acquire_us=143 period_us=11141
frust_shell_common::perf: frust-perf raw n=110 total_us=49533 rebuild_us=213 layout_us=2 paint_us=527 encode_us=240 acquire_us=137 submit_us=48413 skipped=0
frust_shell_common::perf: frust-perf raw n=111 total_us=47828 rebuild_us=216 layout_us=2 paint_us=531 encode_us=252 acquire_us=148 submit_us=46676 skipped=0
frust_shell_common::perf: frust-perf raw n=112 total_us=48516 rebuild_us=90 layout_us=0 paint_us=171 encode_us=185 acquire_us=107 submit_us=47959 skipped=0
frust_shell_common::perf: frust-perf raw n=113 total_us=48244 rebuild_us=201 layout_us=1 paint_us=519 encode_us=245 acquire_us=151 submit_us=47125 skipped=0
frust_shell_common::perf: frust-perf raw n=114 total_us=48490 rebuild_us=232 layout_us=2 paint_us=554 encode_us=255 acquire_us=170 submit_us=47275 skipped=0
frust_shell_common::perf: frust-perf raw n=115 total_us=47628 rebuild_us=82 layout_us=0 paint_us=153 encode_us=213 acquire_us=101 submit_us=47077 skipped=0
frust_shell_common::perf: frust-perf raw n=116 total_us=48135 rebuild_us=223 layout_us=2 paint_us=545 encode_us=257 acquire_us=166 submit_us=46941 skipped=0
frust_shell_common::perf: frust-perf raw n=117 total_us=48843 rebuild_us=260 layout_us=1 paint_us=478 encode_us=221 acquire_us=108 submit_us=47771 skipped=0
frust_shell_common::perf: frust-perf raw n=118 total_us=47518 rebuild_us=218 layout_us=2 paint_us=537 encode_us=249 acquire_us=154 submit_us=46357 skipped=0
frust_shell_common::perf: frust-perf raw n=119 total_us=48209 rebuild_us=82 layout_us=0 paint_us=156 encode_us=172 acquire_us=96 submit_us=47700 skipped=0
frust_shell_common::perf: frust-perf raw n=120 total_us=48665 rebuild_us=190 layout_us=1 paint_us=491 encode_us=220 acquire_us=124 submit_us=47637 skipped=0
frust_shell_common::perf: frust-perf raw n=121 total_us=48616 rebuild_us=230 layout_us=1 paint_us=588 encode_us=241 acquire_us=128 submit_us=47426 skipped=0
frust_shell_common::perf: frust-perf raw n=122 total_us=48504 rebuild_us=202 layout_us=2 paint_us=520 encode_us=248 acquire_us=131 submit_us=47399 skipped=0
frust_shell_common::perf: frust-perf raw n=123 total_us=48808 rebuild_us=210 layout_us=1 paint_us=525 encode_us=287 acquire_us=145 submit_us=47637 skipped=0
frust_shell_common::perf: frust-perf raw n=124 total_us=47958 rebuild_us=197 layout_us=1 paint_us=499 encode_us=225 acquire_us=112 submit_us=46921 skipped=0
frust_shell_common::perf: frust-perf raw n=125 total_us=48725 rebuild_us=203 layout_us=1 paint_us=521 encode_us=371 acquire_us=145 submit_us=47480 skipped=0
frust_shell_common::perf: frust-perf frame n=120 total_p50_ms=48 total_p95_ms=49 total_p99_ms=53 rebuild_p95_ms=0 layout_p95_ms=0 paint_p95_ms=0 encode_p95_ms=0 acquire_p95_ms=0 submit_p95_ms=48 over_60hz=125 over_120hz=125 skipped=0 total_frames=125
frust_shell_common::perf: frust-perf raw n=126 total_us=47907 rebuild_us=196 layout_us=2 paint_us=508 encode_us=225 acquire_us=116 submit_us=46858 skipped=0
frust_shell_common::perf: frust-perf raw n=127 total_us=48896 rebuild_us=215 layout_us=2 paint_us=528 encode_us=222 acquire_us=103 submit_us=47824 skipped=0
frust_shell_common::perf: frust-perf raw n=128 total_us=49111 rebuild_us=458 layout_us=2 paint_us=856 encode_us=241 acquire_us=119 submit_us=47433 skipped=0
frust_shell_common::perf: frust-perf raw n=129 total_us=48067 rebuild_us=205 layout_us=2 paint_us=628 encode_us=257 acquire_us=145 submit_us=46828 skipped=0
frust_shell_common::perf: frust-perf raw n=130 total_us=48786 rebuild_us=194 layout_us=2 paint_us=819 encode_us=240 acquire_us=133 submit_us=47395 skipped=0
frust_shell_common::perf: frust-perf raw n=131 total_us=48483 rebuild_us=214 layout_us=1 paint_us=541 encode_us=248 acquire_us=135 submit_us=47341 skipped=0
frust_shell_common::perf: frust-perf raw n=132 total_us=48853 rebuild_us=221 layout_us=1 paint_us=541 encode_us=229 acquire_us=104 submit_us=47753 skipped=0
frust_shell_common::perf: frust-perf raw n=133 total_us=48494 rebuild_us=284 layout_us=1 paint_us=686 encode_us=260 acquire_us=156 submit_us=47104 skipped=0
frust_shell_common::perf: frust-perf raw n=134 total_us=48516 rebuild_us=417 layout_us=2 paint_us=751 encode_us=249 acquire_us=145 submit_us=46949 skipped=0
frust_shell_common::perf: frust-perf raw n=135 total_us=48088 rebuild_us=228 layout_us=2 paint_us=497 encode_us=215 acquire_us=90 submit_us=47054 skipped=0
frust_shell_common::perf: frust-perf raw n=136 total_us=49511 rebuild_us=187 layout_us=1 paint_us=669 encode_us=219 acquire_us=108 submit_us=48325 skipped=0
frust_shell_common::perf: frust-perf raw n=137 total_us=48211 rebuild_us=239 layout_us=2 paint_us=575 encode_us=332 acquire_us=162 submit_us=46899 skipped=0
frust_shell_android::app::frame: frust-perf platform-view tail depth=0 target=0 acquire_bound=false frame=600 expected_present_us=0 acquire_us=131 period_us=11128
frust_shell_common::perf: frust-perf raw n=138 total_us=50257 rebuild_us=215 layout_us=1 paint_us=539 encode_us=250 acquire_us=140 submit_us=49110 skipped=0
frust_shell_common::perf: frust-perf raw n=139 total_us=47189 rebuild_us=110 layout_us=0 paint_us=207 encode_us=260 acquire_us=180 submit_us=46429 skipped=0
frust_shell_common::perf: frust-perf raw n=140 total_us=48058 rebuild_us=83 layout_us=0 paint_us=153 encode_us=212 acquire_us=112 submit_us=47495 skipped=0
frust_shell_common::perf: frust-perf raw n=141 total_us=48024 rebuild_us=90 layout_us=0 paint_us=166 encode_us=217 acquire_us=100 submit_us=47449 skipped=0
frust_shell_common::perf: frust-perf raw n=142 total_us=48439 rebuild_us=196 layout_us=2 paint_us=510 encode_us=234 acquire_us=189 submit_us=47307 skipped=0
frust_shell_common::perf: frust-perf raw n=143 total_us=47933 rebuild_us=302 layout_us=3 paint_us=745 encode_us=259 acquire_us=154 submit_us=46468 skipped=0
frust_shell_common::perf: frust-perf raw n=144 total_us=47927 rebuild_us=80 layout_us=0 paint_us=156 encode_us=208 acquire_us=105 submit_us=47375 skipped=0
frust_shell_common::perf: frust-perf raw n=145 total_us=48448 rebuild_us=213 layout_us=2 paint_us=525 encode_us=225 acquire_us=122 submit_us=47358 skipped=0
frust_shell_common::perf: frust-perf raw n=146 total_us=48555 rebuild_us=173 layout_us=2 paint_us=474 encode_us=210 acquire_us=94 submit_us=47600 skipped=0
frust_shell_common::perf: frust-perf raw n=147 total_us=48315 rebuild_us=233 layout_us=2 paint_us=666 encode_us=254 acquire_us=140 submit_us=47018 skipped=0
frust_shell_common::perf: frust-perf raw n=148 total_us=48269 rebuild_us=201 layout_us=2 paint_us=517 encode_us=234 acquire_us=121 submit_us=47192 skipped=0
frust_shell_common::perf: frust-perf raw n=149 total_us=49202 rebuild_us=216 layout_us=2 paint_us=542 encode_us=307 acquire_us=157 submit_us=47976 skipped=0
frust_shell_common::perf: frust-perf raw n=150 total_us=48154 rebuild_us=197 layout_us=1 paint_us=499 encode_us=224 acquire_us=110 submit_us=47121 skipped=0
frust_shell_common::perf: frust-perf raw n=151 total_us=48184 rebuild_us=174 layout_us=1 paint_us=477 encode_us=241 acquire_us=130 submit_us=47159 skipped=0
frust_shell_common::perf: frust-perf raw n=152 total_us=48563 rebuild_us=418 layout_us=2 paint_us=814 encode_us=251 acquire_us=133 submit_us=46942 skipped=0
frust_shell_common::perf: frust-perf raw n=153 total_us=48445 rebuild_us=201 layout_us=2 paint_us=508 encode_us=230 acquire_us=116 submit_us=47386 skipped=0
frust_shell_common::perf: frust-perf raw n=154 total_us=48582 rebuild_us=205 layout_us=2 paint_us=645 encode_us=221 acquire_us=121 submit_us=47385 skipped=0
frust_shell_common::perf: frust-perf raw n=155 total_us=48445 rebuild_us=187 layout_us=2 paint_us=500 encode_us=222 acquire_us=110 submit_us=47422 skipped=0
frust_shell_common::perf: frust-perf raw n=156 total_us=48514 rebuild_us=225 layout_us=1 paint_us=569 encode_us=247 acquire_us=126 submit_us=47343 skipped=0
frust_shell_common::perf: frust-perf raw n=157 total_us=49292 rebuild_us=245 layout_us=2 paint_us=640 encode_us=249 acquire_us=137 submit_us=48016 skipped=0
frust_shell_common::perf: frust-perf raw n=158 total_us=48321 rebuild_us=220 layout_us=2 paint_us=657 encode_us=222 acquire_us=108 submit_us=47109 skipped=0
frust_shell_common::perf: frust-perf raw n=159 total_us=47597 rebuild_us=113 layout_us=0 paint_us=201 encode_us=219 acquire_us=93 submit_us=46970 skipped=0
frust_shell_common::perf: frust-perf raw n=160 total_us=48096 rebuild_us=92 layout_us=0 paint_us=167 encode_us=210 acquire_us=91 submit_us=47533 skipped=0
frust_shell_common::perf: frust-perf raw n=161 total_us=48181 rebuild_us=220 layout_us=2 paint_us=592 encode_us=234 acquire_us=128 submit_us=47002 skipped=0
frust_shell_common::perf: frust-perf raw n=162 total_us=48242 rebuild_us=195 layout_us=2 paint_us=496 encode_us=221 acquire_us=106 submit_us=47219 skipped=0
frust_shell_common::perf: frust-perf raw n=163 total_us=48584 rebuild_us=204 layout_us=1 paint_us=656 encode_us=232 acquire_us=154 submit_us=47336 skipped=0
frust_shell_common::perf: frust-perf raw n=164 total_us=49001 rebuild_us=315 layout_us=2 paint_us=888 encode_us=253 acquire_us=102 submit_us=47439 skipped=0
frust_shell_common::perf: frust-perf raw n=165 total_us=48456 rebuild_us=198 layout_us=4 paint_us=562 encode_us=222 acquire_us=108 submit_us=47359 skipped=0
frust_shell_android::app::frame: frust-perf platform-view tail depth=0 target=0 acquire_bound=false frame=720 expected_present_us=0 acquire_us=112 period_us=11137
frust_shell_common::perf: frust-perf raw n=166 total_us=48884 rebuild_us=193 layout_us=2 paint_us=501 encode_us=230 acquire_us=108 submit_us=47848 skipped=0
frust_shell_common::perf: frust-perf raw n=167 total_us=48085 rebuild_us=286 layout_us=2 paint_us=684 encode_us=260 acquire_us=153 submit_us=46698 skipped=0
frust_shell_common::perf: frust-perf frame n=120 total_p50_ms=48 total_p95_ms=49 total_p99_ms=49 rebuild_p95_ms=0 layout_p95_ms=0 paint_p95_ms=0 encode_p95_ms=0 acquire_p95_ms=0 submit_p95_ms=47 over_60hz=167 over_120hz=167 skipped=0 total_frames=167
frust_shell_common::perf: frust-perf raw n=168 total_us=48696 rebuild_us=191 layout_us=2 paint_us=498 encode_us=225 acquire_us=111 submit_us=47667 skipped=0
frust_shell_common::perf: frust-perf raw n=169 total_us=47840 rebuild_us=233 layout_us=2 paint_us=742 encode_us=245 acquire_us=209 submit_us=46406 skipped=0
frust_shell_common::perf: frust-perf raw n=170 total_us=48395 rebuild_us=79 layout_us=0 paint_us=150 encode_us=207 acquire_us=86 submit_us=47870 skipped=0
frust_shell_common::perf: frust-perf raw n=171 total_us=47645 rebuild_us=149 layout_us=0 paint_us=170 encode_us=210 acquire_us=96 submit_us=47017 skipped=0
frust_shell_common::perf: frust-perf raw n=172 total_us=48387 rebuild_us=152 layout_us=0 paint_us=795 encode_us=220 acquire_us=89 submit_us=47128 skipped=0
frust_shell_common::perf: frust-perf raw n=173 total_us=48368 rebuild_us=117 layout_us=0 paint_us=190 encode_us=226 acquire_us=117 submit_us=47716 skipped=0
frust_shell_common::perf: frust-perf raw n=174 total_us=47702 rebuild_us=136 layout_us=1 paint_us=344 encode_us=208 acquire_us=95 submit_us=46915 skipped=0
frust_shell_common::perf: frust-perf raw n=175 total_us=48837 rebuild_us=167 layout_us=0 paint_us=323 encode_us=218 acquire_us=122 submit_us=48003 skipped=0
frust_shell_common::perf: frust-perf raw n=176 total_us=47882 rebuild_us=85 layout_us=0 paint_us=156 encode_us=227 acquire_us=92 submit_us=47318 skipped=0
frust_shell_common::perf: frust-perf raw n=177 total_us=48223 rebuild_us=83 layout_us=0 paint_us=154 encode_us=210 acquire_us=93 submit_us=47680 skipped=0
frust_shell_common::perf: frust-perf raw n=178 total_us=48278 rebuild_us=361 layout_us=7 paint_us=530 encode_us=227 acquire_us=119 submit_us=47031 skipped=0
frust_shell_common::perf: frust-perf raw n=179 total_us=48583 rebuild_us=202 layout_us=2 paint_us=504 encode_us=232 acquire_us=117 submit_us=47524 skipped=0
frust_shell_common::perf: frust-perf raw n=180 total_us=48229 rebuild_us=98 layout_us=0 paint_us=176 encode_us=195 acquire_us=101 submit_us=47657 skipped=0
frust_shell_common::perf: frust-perf raw n=181 total_us=48107 rebuild_us=86 layout_us=0 paint_us=159 encode_us=219 acquire_us=105 submit_us=47535 skipped=0
frust_shell_common::perf: frust-perf raw n=182 total_us=48279 rebuild_us=245 layout_us=2 paint_us=675 encode_us=240 acquire_us=125 submit_us=46990 skipped=0
frust_shell_common::perf: frust-perf raw n=183 total_us=48143 rebuild_us=212 layout_us=2 paint_us=564 encode_us=223 acquire_us=106 submit_us=47034 skipped=0
frust_shell_common::perf: frust-perf raw n=184 total_us=48263 rebuild_us=218 layout_us=2 paint_us=715 encode_us=223 acquire_us=107 submit_us=46995 skipped=0
frust_shell_common::perf: frust-perf raw n=185 total_us=48707 rebuild_us=195 layout_us=2 paint_us=502 encode_us=296 acquire_us=108 submit_us=47602 skipped=0
frust_shell_common::perf: frust-perf raw n=186 total_us=48154 rebuild_us=204 layout_us=1 paint_us=522 encode_us=251 acquire_us=126 submit_us=47047 skipped=0
frust_shell_common::perf: frust-perf raw n=187 total_us=48318 rebuild_us=291 layout_us=1 paint_us=496 encode_us=220 acquire_us=107 submit_us=47200 skipped=0
frust_shell_common::perf: frust-perf raw n=188 total_us=49077 rebuild_us=198 layout_us=2 paint_us=504 encode_us=224 acquire_us=205 submit_us=47943 skipped=0
frust_shell_common::perf: frust-perf raw n=189 total_us=48272 rebuild_us=269 layout_us=2 paint_us=677 encode_us=261 acquire_us=153 submit_us=46908 skipped=0
frust_shell_common::perf: frust-perf raw n=190 total_us=48890 rebuild_us=188 layout_us=2 paint_us=501 encode_us=226 acquire_us=121 submit_us=47849 skipped=0
frust_shell_common::perf: frust-perf raw n=191 total_us=48297 rebuild_us=337 layout_us=1 paint_us=562 encode_us=224 acquire_us=106 submit_us=47064 skipped=0
frust_shell_common::perf: frust-perf raw n=192 total_us=48729 rebuild_us=194 layout_us=1 paint_us=503 encode_us=225 acquire_us=121 submit_us=47682 skipped=0
frust_shell_common::perf: frust-perf raw n=193 total_us=47756 rebuild_us=137 layout_us=1 paint_us=344 encode_us=225 acquire_us=114 submit_us=46934 skipped=0
frust_shell_android::app::frame: frust-perf platform-view tail depth=0 target=0 acquire_bound=false frame=840 expected_present_us=0 acquire_us=114 period_us=11134
frust_shell_common::perf: frust-perf raw n=194 total_us=48298 rebuild_us=172 layout_us=1 paint_us=474 encode_us=210 acquire_us=93 submit_us=47346 skipped=0
frust_shell_common::perf: frust-perf raw n=195 total_us=48367 rebuild_us=190 layout_us=1 paint_us=639 encode_us=221 acquire_us=107 submit_us=47205 skipped=0
frust_shell_common::perf: frust-perf raw n=196 total_us=48478 rebuild_us=189 layout_us=2 paint_us=494 encode_us=225 acquire_us=109 submit_us=47458 skipped=0
frust_shell_common::perf: frust-perf raw n=197 total_us=47478 rebuild_us=86 layout_us=0 paint_us=163 encode_us=245 acquire_us=154 submit_us=46828 skipped=0
frust_shell_common::perf: frust-perf raw n=198 total_us=48426 rebuild_us=233 layout_us=2 paint_us=593 encode_us=245 acquire_us=137 submit_us=47214 skipped=0
frust_shell_common::perf: frust-perf raw n=199 total_us=48255 rebuild_us=249 layout_us=2 paint_us=588 encode_us=255 acquire_us=149 submit_us=47010 skipped=0
frust_shell_common::perf: frust-perf raw n=200 total_us=47966 rebuild_us=98 layout_us=0 paint_us=180 encode_us=208 acquire_us=93 submit_us=47384 skipped=0
frust_shell_common::perf: frust-perf raw n=201 total_us=48006 rebuild_us=85 layout_us=0 paint_us=157 encode_us=103 acquire_us=63 submit_us=47595 skipped=0
frust_shell_common::perf: frust-perf raw n=202 total_us=48481 rebuild_us=280 layout_us=2 paint_us=607 encode_us=379 acquire_us=143 submit_us=47069 skipped=0
frust_shell_common::perf: frust-perf raw n=203 total_us=48520 rebuild_us=282 layout_us=2 paint_us=743 encode_us=260 acquire_us=170 submit_us=47062 skipped=0
frust_shell_common::perf: frust-perf raw n=204 total_us=48316 rebuild_us=205 layout_us=2 paint_us=608 encode_us=233 acquire_us=121 submit_us=47145 skipped=0
frust_shell_common::perf: frust-perf raw n=205 total_us=48433 rebuild_us=202 layout_us=1 paint_us=512 encode_us=253 acquire_us=118 submit_us=47344 skipped=0
frust_shell_common::perf: frust-perf raw n=206 total_us=48285 rebuild_us=192 layout_us=1 paint_us=496 encode_us=227 acquire_us=104 submit_us=47261 skipped=0
frust_shell_common::perf: frust-perf raw n=207 total_us=48425 rebuild_us=189 layout_us=2 paint_us=501 encode_us=220 acquire_us=103 submit_us=47408 skipped=0
frust_shell_common::perf: frust-perf raw n=208 total_us=48848 rebuild_us=205 layout_us=2 paint_us=674 encode_us=221 acquire_us=112 submit_us=47633 skipped=0
frust_shell_common::perf: frust-perf raw n=209 total_us=48172 rebuild_us=229 layout_us=2 paint_us=547 encode_us=257 acquire_us=167 submit_us=46967 skipped=0
frust_shell_common::perf: frust-perf frame n=120 total_p50_ms=48 total_p95_ms=49 total_p99_ms=49 rebuild_p95_ms=0 layout_p95_ms=0 paint_p95_ms=0 encode_p95_ms=0 acquire_p95_ms=0 submit_p95_ms=48 over_60hz=209 over_120hz=209 skipped=0 total_frames=209
frust_shell_common::perf: frust-perf raw n=210 total_us=48561 rebuild_us=215 layout_us=2 paint_us=537 encode_us=222 acquire_us=133 submit_us=47450 skipped=0
frust_shell_common::perf: frust-perf raw n=211 total_us=47761 rebuild_us=81 layout_us=0 paint_us=154 encode_us=208 acquire_us=94 submit_us=47221 skipped=0
frust_shell_common::perf: frust-perf raw n=212 total_us=48568 rebuild_us=204 layout_us=1 paint_us=506 encode_us=220 acquire_us=112 submit_us=47522 skipped=0
frust_shell_common::perf: frust-perf raw n=213 total_us=48835 rebuild_us=263 layout_us=1 paint_us=500 encode_us=210 acquire_us=106 submit_us=47752 skipped=0
frust_shell_common::perf: frust-perf raw n=214 total_us=48435 rebuild_us=188 layout_us=2 paint_us=502 encode_us=222 acquire_us=126 submit_us=47392 skipped=0
frust_shell_common::perf: frust-perf raw n=215 total_us=48291 rebuild_us=210 layout_us=2 paint_us=526 encode_us=281 acquire_us=142 submit_us=47128 skipped=0
frust_shell_common::perf: frust-perf raw n=216 total_us=49279 rebuild_us=190 layout_us=2 paint_us=505 encode_us=226 acquire_us=122 submit_us=48231 skipped=0
frust_shell_common::perf: frust-perf raw n=217 total_us=49019 rebuild_us=236 layout_us=2 paint_us=1024 encode_us=248 acquire_us=149 submit_us=47356 skipped=0
frust_shell_common::perf: frust-perf raw n=218 total_us=48032 rebuild_us=208 layout_us=1 paint_us=513 encode_us=235 acquire_us=124 submit_us=46947 skipped=0
frust_shell_common::perf: frust-perf raw n=219 total_us=48475 rebuild_us=210 layout_us=2 paint_us=717 encode_us=235 acquire_us=122 submit_us=47187 skipped=0
frust_shell_common::perf: frust-perf raw n=220 total_us=48958 rebuild_us=197 layout_us=2 paint_us=510 encode_us=226 acquire_us=113 submit_us=47908 skipped=0
frust_shell_common::perf: frust-perf raw n=221 total_us=48741 rebuild_us=566 layout_us=2 paint_us=590 encode_us=265 acquire_us=161 submit_us=47156 skipped=0
frust_shell_android::app::frame: frust-perf platform-view tail depth=0 target=0 acquire_bound=false frame=960 expected_present_us=0 acquire_us=137 period_us=11127
frust_shell_common::perf: frust-perf raw n=222 total_us=49424 rebuild_us=255 layout_us=2 paint_us=613 encode_us=262 acquire_us=158 submit_us=48132 skipped=0
frust_shell_common::perf: frust-perf raw n=223 total_us=48611 rebuild_us=215 layout_us=2 paint_us=536 encode_us=225 acquire_us=108 submit_us=47522 skipped=0
frust_shell_common::perf: frust-perf raw n=224 total_us=47902 rebuild_us=232 layout_us=2 paint_us=561 encode_us=275 acquire_us=158 submit_us=46672 skipped=0
frust_shell_common::perf: frust-perf raw n=225 total_us=48477 rebuild_us=229 layout_us=2 paint_us=622 encode_us=222 acquire_us=108 submit_us=47291 skipped=0
frust_shell_common::perf: frust-perf raw n=226 total_us=48470 rebuild_us=243 layout_us=1 paint_us=573 encode_us=275 acquire_us=112 submit_us=47264 skipped=0
frust_shell_common::perf: frust-perf raw n=227 total_us=48064 rebuild_us=79 layout_us=0 paint_us=153 encode_us=214 acquire_us=92 submit_us=47523 skipped=0
frust_shell_common::perf: frust-perf raw n=228 total_us=48546 rebuild_us=195 layout_us=1 paint_us=534 encode_us=229 acquire_us=116 submit_us=47467 skipped=0
frust_shell_common::perf: frust-perf raw n=229 total_us=48977 rebuild_us=187 layout_us=1 paint_us=500 encode_us=208 acquire_us=92 submit_us=47987 skipped=0
frust_shell_common::perf: frust-perf raw n=230 total_us=47902 rebuild_us=226 layout_us=2 paint_us=751 encode_us=262 acquire_us=157 submit_us=46502 skipped=0
frust_shell_common::perf: frust-perf raw n=231 total_us=48951 rebuild_us=233 layout_us=2 paint_us=582 encode_us=258 acquire_us=136 submit_us=47737 skipped=0
frust_shell_common::perf: frust-perf raw n=232 total_us=48054 rebuild_us=81 layout_us=0 paint_us=166 encode_us=209 acquire_us=93 submit_us=47501 skipped=0
frust_shell_common::perf: frust-perf raw n=233 total_us=48089 rebuild_us=201 layout_us=2 paint_us=512 encode_us=228 acquire_us=116 submit_us=47027 skipped=0
frust_shell_common::perf: frust-perf raw n=234 total_us=48158 rebuild_us=218 layout_us=2 paint_us=545 encode_us=242 acquire_us=137 submit_us=47013 skipped=0
frust_shell_common::perf: frust-perf raw n=235 total_us=48739 rebuild_us=216 layout_us=2 paint_us=846 encode_us=239 acquire_us=133 submit_us=47301 skipped=0
frust_shell_common::perf: frust-perf raw n=236 total_us=49054 rebuild_us=233 layout_us=2 paint_us=1126 encode_us=221 acquire_us=109 submit_us=47360 skipped=0
frust_shell_common::perf: frust-perf raw n=237 total_us=48333 rebuild_us=204 layout_us=1 paint_us=526 encode_us=242 acquire_us=131 submit_us=47225 skipped=0
frust_shell_common::perf: frust-perf raw n=238 total_us=48071 rebuild_us=289 layout_us=2 paint_us=614 encode_us=285 acquire_us=125 submit_us=46753 skipped=0
frust_shell_common::perf: frust-perf raw n=239 total_us=48143 rebuild_us=233 layout_us=2 paint_us=606 encode_us=248 acquire_us=158 submit_us=46894 skipped=0
frust_shell_common::perf: frust-perf raw n=240 total_us=48618 rebuild_us=220 layout_us=2 paint_us=547 encode_us=225 acquire_us=108 submit_us=47512 skipped=0
frust_shell_common::perf: frust-perf raw n=241 total_us=49018 rebuild_us=203 layout_us=1 paint_us=518 encode_us=239 acquire_us=142 submit_us=47912 skipped=0
frust_shell_common::perf: frust-perf raw n=242 total_us=48225 rebuild_us=218 layout_us=2 paint_us=537 encode_us=221 acquire_us=107 submit_us=47138 skipped=0
frust_shell_common::perf: frust-perf raw n=243 total_us=48970 rebuild_us=234 layout_us=2 paint_us=553 encode_us=262 acquire_us=150 submit_us=47767 skipped=0
frust_shell_common::perf: frust-perf raw n=244 total_us=48719 rebuild_us=195 layout_us=1 paint_us=498 encode_us=231 acquire_us=110 submit_us=47681 skipped=0
frust_shell_common::perf: frust-perf raw n=245 total_us=48640 rebuild_us=243 layout_us=2 paint_us=745 encode_us=244 acquire_us=159 submit_us=47246 skipped=0
frust_shell_common::perf: frust-perf raw n=246 total_us=48417 rebuild_us=210 layout_us=2 paint_us=529 encode_us=239 acquire_us=213 submit_us=47221 skipped=0
frust_shell_common::perf: frust-perf raw n=247 total_us=48545 rebuild_us=195 layout_us=2 paint_us=501 encode_us=222 acquire_us=124 submit_us=47498 skipped=0
frust_shell_common::perf: frust-perf raw n=248 total_us=50179 rebuild_us=245 layout_us=2 paint_us=636 encode_us=254 acquire_us=177 submit_us=48864 skipped=0
frust_shell_common::perf: frust-perf raw n=249 total_us=47903 rebuild_us=268 layout_us=2 paint_us=675 encode_us=263 acquire_us=160 submit_us=46532 skipped=0
frust_shell_android::app::frame: frust-perf platform-view tail depth=0 target=0 acquire_bound=false frame=1080 expected_present_us=0 acquire_us=153 period_us=11132
frust_shell_common::perf: frust-perf raw n=250 total_us=47996 rebuild_us=239 layout_us=1 paint_us=627 encode_us=241 acquire_us=152 submit_us=46734 skipped=0
frust_shell_common::perf: frust-perf raw n=251 total_us=47946 rebuild_us=90 layout_us=0 paint_us=162 encode_us=215 acquire_us=110 submit_us=47367 skipped=0
frust_shell_common::perf: frust-perf frame n=120 total_p50_ms=48 total_p95_ms=49 total_p99_ms=50 rebuild_p95_ms=0 layout_p95_ms=0 paint_p95_ms=0 encode_p95_ms=0 acquire_p95_ms=0 submit_p95_ms=48 over_60hz=251 over_120hz=251 skipped=0 total_frames=251
frust_shell_common::perf: frust-perf raw n=252 total_us=48573 rebuild_us=235 layout_us=1 paint_us=565 encode_us=265 acquire_us=176 submit_us=47328 skipped=0
frust_shell_common::perf: frust-perf raw n=253 total_us=48069 rebuild_us=242 layout_us=2 paint_us=577 encode_us=259 acquire_us=156 submit_us=46830 skipped=0
frust_shell_common::perf: frust-perf raw n=254 total_us=48123 rebuild_us=191 layout_us=2 paint_us=582 encode_us=221 acquire_us=108 submit_us=47018 skipped=0
frust_shell_common::perf: frust-perf raw n=255 total_us=48797 rebuild_us=301 layout_us=2 paint_us=668 encode_us=239 acquire_us=181 submit_us=47403 skipped=0
frust_shell_common::perf: frust-perf raw n=256 total_us=47985 rebuild_us=190 layout_us=1 paint_us=574 encode_us=222 acquire_us=106 submit_us=46889 skipped=0
frust_shell_common::perf: frust-perf raw n=257 total_us=48325 rebuild_us=235 layout_us=2 paint_us=555 encode_us=232 acquire_us=121 submit_us=47179 skipped=0
frust_shell_common::perf: frust-perf raw n=258 total_us=49220 rebuild_us=218 layout_us=2 paint_us=547 encode_us=255 acquire_us=143 submit_us=48053 skipped=0
frust_shell_common::perf: frust-perf raw n=259 total_us=48306 rebuild_us=223 layout_us=1 paint_us=548 encode_us=236 acquire_us=121 submit_us=47175 skipped=0
frust_shell_common::perf: frust-perf raw n=260 total_us=48125 rebuild_us=194 layout_us=2 paint_us=501 encode_us=225 acquire_us=109 submit_us=47092 skipped=0
frust_shell_common::perf: frust-perf raw n=261 total_us=48880 rebuild_us=212 layout_us=2 paint_us=516 encode_us=242 acquire_us=174 submit_us=47731 skipped=0
frust_shell_common::perf: frust-perf raw n=262 total_us=48894 rebuild_us=387 layout_us=3 paint_us=1010 encode_us=263 acquire_us=151 submit_us=47079 skipped=0
frust_shell_common::perf: frust-perf raw n=263 total_us=48720 rebuild_us=211 layout_us=2 paint_us=531 encode_us=243 acquire_us=132 submit_us=47599 skipped=0
frust_shell_common::perf: frust-perf raw n=264 total_us=47778 rebuild_us=216 layout_us=1 paint_us=522 encode_us=211 acquire_us=116 submit_us=46709 skipped=0
frust_shell_common::perf: frust-perf raw n=265 total_us=48795 rebuild_us=212 layout_us=1 paint_us=603 encode_us=243 acquire_us=138 submit_us=47596 skipped=0
frust_shell_common::perf: frust-perf raw n=266 total_us=48621 rebuild_us=246 layout_us=2 paint_us=625 encode_us=254 acquire_us=160 submit_us=47332 skipped=0
frust_shell_common::perf: frust-perf raw n=267 total_us=47996 rebuild_us=224 layout_us=2 paint_us=664 encode_us=251 acquire_us=158 submit_us=46694 skipped=0
frust_shell_common::perf: frust-perf raw n=268 total_us=48544 rebuild_us=226 layout_us=2 paint_us=517 encode_us=223 acquire_us=106 submit_us=47467 skipped=0
frust_shell_common::perf: frust-perf raw n=269 total_us=49824 rebuild_us=304 layout_us=1 paint_us=656 encode_us=241 acquire_us=141 submit_us=48478 skipped=0
frust_shell_common::perf: frust-perf raw n=270 total_us=48394 rebuild_us=246 layout_us=2 paint_us=664 encode_us=245 acquire_us=132 submit_us=47104 skipped=0
frust_shell_common::perf: frust-perf raw n=271 total_us=47951 rebuild_us=208 layout_us=1 paint_us=528 encode_us=238 acquire_us=125 submit_us=46849 skipped=0
frust_shell_common::perf: frust-perf raw n=272 total_us=48644 rebuild_us=213 layout_us=1 paint_us=540 encode_us=249 acquire_us=138 submit_us=47500 skipped=0
frust_shell_common::perf: frust-perf raw n=273 total_us=48448 rebuild_us=194 layout_us=1 paint_us=500 encode_us=221 acquire_us=117 submit_us=47411 skipped=0
frust_shell_common::perf: frust-perf raw n=274 total_us=48371 rebuild_us=211 layout_us=2 paint_us=530 encode_us=240 acquire_us=158 submit_us=47228 skipped=0
frust_shell_common::perf: frust-perf raw n=275 total_us=48216 rebuild_us=243 layout_us=2 paint_us=571 encode_us=263 acquire_us=181 submit_us=46953 skipped=0
frust_shell_common::perf: frust-perf raw n=276 total_us=48391 rebuild_us=277 layout_us=2 paint_us=679 encode_us=260 acquire_us=156 submit_us=47014 skipped=0
frust_shell_common::perf: frust-perf raw n=277 total_us=48076 rebuild_us=113 layout_us=0 paint_us=203 encode_us=212 acquire_us=96 submit_us=47450 skipped=0
frust_shell_android::app::frame: frust-perf platform-view tail depth=0 target=0 acquire_bound=false frame=1200 expected_present_us=0 acquire_us=127 period_us=11125
frust_shell_common::perf: frust-perf raw n=278 total_us=48785 rebuild_us=193 layout_us=1 paint_us=579 encode_us=221 acquire_us=106 submit_us=47682 skipped=0
frust_shell_common::perf: frust-perf raw n=279 total_us=48472 rebuild_us=253 layout_us=2 paint_us=800 encode_us=251 acquire_us=125 submit_us=47039 skipped=0
frust_shell_common::perf: frust-perf raw n=280 total_us=49024 rebuild_us=401 layout_us=2 paint_us=661 encode_us=255 acquire_us=156 submit_us=47546 skipped=0
frust_shell_common::perf: frust-perf raw n=281 total_us=48248 rebuild_us=209 layout_us=2 paint_us=530 encode_us=230 acquire_us=129 submit_us=47147 skipped=0
frust_shell_common::perf: frust-perf raw n=282 total_us=48112 rebuild_us=200 layout_us=2 paint_us=507 encode_us=241 acquire_us=132 submit_us=47027 skipped=0
frust_shell_common::perf: frust-perf raw n=283 total_us=49035 rebuild_us=339 layout_us=2 paint_us=1353 encode_us=277 acquire_us=212 submit_us=46850 skipped=0
frust_shell_common::perf: frust-perf raw n=284 total_us=47851 rebuild_us=91 layout_us=0 paint_us=267 encode_us=210 acquire_us=106 submit_us=47174 skipped=0
frust_shell_common::perf: frust-perf raw n=285 total_us=47782 rebuild_us=80 layout_us=0 paint_us=157 encode_us=214 acquire_us=98 submit_us=47231 skipped=0
frust_shell_common::perf: frust-perf raw n=286 total_us=48154 rebuild_us=89 layout_us=0 paint_us=164 encode_us=188 acquire_us=96 submit_us=47614 skipped=0
frust_shell_common::perf: frust-perf raw n=287 total_us=48338 rebuild_us=194 layout_us=1 paint_us=500 encode_us=211 acquire_us=105 submit_us=47324 skipped=0
frust_shell_common::perf: frust-perf raw n=288 total_us=48631 rebuild_us=190 layout_us=2 paint_us=501 encode_us=234 acquire_us=118 submit_us=47584 skipped=0
frust_shell_common::perf: frust-perf raw n=289 total_us=48454 rebuild_us=390 layout_us=3 paint_us=690 encode_us=265 acquire_us=161 submit_us=46942 skipped=0
frust_shell_common::perf: frust-perf raw n=290 total_us=47782 rebuild_us=83 layout_us=0 paint_us=155 encode_us=208 acquire_us=106 submit_us=47226 skipped=0
frust_shell_common::perf: frust-perf raw n=291 total_us=48744 rebuild_us=202 layout_us=2 paint_us=648 encode_us=225 acquire_us=123 submit_us=47542 skipped=0
frust_shell_common::perf: frust-perf raw n=292 total_us=48390 rebuild_us=202 layout_us=1 paint_us=518 encode_us=225 acquire_us=111 submit_us=47329 skipped=0
frust_shell_common::perf: frust-perf raw n=293 total_us=49099 rebuild_us=327 layout_us=2 paint_us=669 encode_us=247 acquire_us=150 submit_us=47702 skipped=0
frust_shell_common::perf: frust-perf frame n=120 total_p50_ms=48 total_p95_ms=49 total_p99_ms=49 rebuild_p95_ms=0 layout_p95_ms=0 paint_p95_ms=0 encode_p95_ms=0 acquire_p95_ms=0 submit_p95_ms=47 over_60hz=293 over_120hz=293 skipped=0 total_frames=293
frust_shell_common::perf: frust-perf raw n=294 total_us=48148 rebuild_us=210 layout_us=2 paint_us=540 encode_us=245 acquire_us=91 submit_us=47058 skipped=0
frust_shell_common::perf: frust-perf raw n=295 total_us=48623 rebuild_us=204 layout_us=2 paint_us=524 encode_us=237 acquire_us=121 submit_us=47533 skipped=0
frust_shell_common::perf: frust-perf raw n=296 total_us=48361 rebuild_us=228 layout_us=2 paint_us=746 encode_us=258 acquire_us=135 submit_us=46990 skipped=0
frust_shell_common::perf: frust-perf raw n=297 total_us=48665 rebuild_us=195 layout_us=2 paint_us=599 encode_us=231 acquire_us=195 submit_us=47440 skipped=0
frust_shell_common::perf: frust-perf raw n=298 total_us=48193 rebuild_us=266 layout_us=2 paint_us=503 encode_us=230 acquire_us=118 submit_us=47072 skipped=0
frust_shell_common::perf: frust-perf raw n=299 total_us=48177 rebuild_us=199 layout_us=1 paint_us=502 encode_us=224 acquire_us=112 submit_us=47138 skipped=0
frust_shell_common::perf: frust-perf raw n=300 total_us=49121 rebuild_us=194 layout_us=2 paint_us=500 encode_us=222 acquire_us=111 submit_us=48089 skipped=0
frust_shell_common::perf: frust-perf raw n=301 total_us=47908 rebuild_us=222 layout_us=2 paint_us=547 encode_us=264 acquire_us=149 submit_us=46722 skipped=0
frust_shell_common::perf: frust-perf raw n=302 total_us=48219 rebuild_us=186 layout_us=2 paint_us=640 encode_us=226 acquire_us=108 submit_us=47055 skipped=0
frust_shell_common::perf: frust-perf raw n=303 total_us=48603 rebuild_us=242 layout_us=2 paint_us=582 encode_us=213 acquire_us=135 submit_us=47426 skipped=0
frust_shell_common::perf: frust-perf raw n=304 total_us=48672 rebuild_us=83 layout_us=0 paint_us=155 encode_us=210 acquire_us=92 submit_us=48130 skipped=0
frust_shell_common::perf: frust-perf raw n=305 total_us=47393 rebuild_us=89 layout_us=0 paint_us=169 encode_us=209 acquire_us=84 submit_us=46839 skipped=0
frust_shell_android::app::frame: frust-perf platform-view tail depth=0 target=0 acquire_bound=false frame=1320 expected_present_us=0 acquire_us=104 period_us=11135
frust_shell_common::perf: frust-perf raw n=306 total_us=47651 rebuild_us=80 layout_us=0 paint_us=153 encode_us=212 acquire_us=92 submit_us=47111 skipped=0
frust_shell_common::perf: frust-perf raw n=307 total_us=47810 rebuild_us=87 layout_us=0 paint_us=174 encode_us=211 acquire_us=95 submit_us=47241 skipped=0
frust_shell_common::perf: frust-perf raw n=308 total_us=48681 rebuild_us=206 layout_us=2 paint_us=566 encode_us=238 acquire_us=148 submit_us=47520 skipped=0
frust_shell_common::perf: frust-perf raw n=309 total_us=49023 rebuild_us=157 layout_us=0 paint_us=210 encode_us=231 acquire_us=112 submit_us=48310 skipped=0
frust_shell_common::perf: frust-perf raw n=310 total_us=47777 rebuild_us=205 layout_us=2 paint_us=619 encode_us=237 acquire_us=129 submit_us=46583 skipped=0
frust_shell_common::perf: frust-perf raw n=311 total_us=49049 rebuild_us=200 layout_us=1 paint_us=508 encode_us=235 acquire_us=123 submit_us=47978 skipped=0
frust_shell_common::perf: frust-perf raw n=312 total_us=47723 rebuild_us=205 layout_us=1 paint_us=512 encode_us=250 acquire_us=147 submit_us=46605 skipped=0
frust_shell_common::perf: frust-perf raw n=313 total_us=48806 rebuild_us=195 layout_us=2 paint_us=662 encode_us=226 acquire_us=125 submit_us=47594 skipped=0
frust_shell_common::perf: frust-perf raw n=314 total_us=48142 rebuild_us=224 layout_us=2 paint_us=546 encode_us=240 acquire_us=130 submit_us=46999 skipped=0
frust_shell_common::perf: frust-perf raw n=315 total_us=49239 rebuild_us=210 layout_us=1 paint_us=678 encode_us=223 acquire_us=149 submit_us=47976 skipped=0
frust_shell_common::perf: frust-perf raw n=316 total_us=48010 rebuild_us=224 layout_us=2 paint_us=642 encode_us=272 acquire_us=160 submit_us=46708 skipped=0
frust_shell_common::perf: frust-perf raw n=317 total_us=48032 rebuild_us=170 layout_us=0 paint_us=260 encode_us=502 acquire_us=196 submit_us=46902 skipped=0
frust_shell_common::perf: frust-perf raw n=318 total_us=47540 rebuild_us=92 layout_us=0 paint_us=163 encode_us=281 acquire_us=104 submit_us=46897 skipped=0
frust_shell_common::perf: frust-perf raw n=319 total_us=47611 rebuild_us=134 layout_us=0 paint_us=261 encode_us=231 acquire_us=106 submit_us=46877 skipped=0
frust_shell_common::perf: frust-perf raw n=320 total_us=48416 rebuild_us=218 layout_us=0 paint_us=287 encode_us=218 acquire_us=95 submit_us=47595 skipped=0
frust_shell_common::perf: frust-perf raw n=321 total_us=47890 rebuild_us=132 layout_us=1 paint_us=334 encode_us=207 acquire_us=96 submit_us=47118 skipped=0
frust_shell_common::perf: frust-perf raw n=322 total_us=48132 rebuild_us=231 layout_us=2 paint_us=551 encode_us=226 acquire_us=111 submit_us=47010 skipped=0
frust_shell_common::perf: frust-perf raw n=323 total_us=48820 rebuild_us=208 layout_us=1 paint_us=524 encode_us=242 acquire_us=132 submit_us=47710 skipped=0
frust_shell_common::perf: frust-perf raw n=324 total_us=48255 rebuild_us=218 layout_us=2 paint_us=616 encode_us=234 acquire_us=116 submit_us=47067 skipped=0
frust_shell_common::perf: frust-perf raw n=325 total_us=48699 rebuild_us=208 layout_us=2 paint_us=531 encode_us=347 acquire_us=187 submit_us=47422 skipped=0
frust_shell_common::perf: frust-perf raw n=326 total_us=48326 rebuild_us=203 layout_us=1 paint_us=606 encode_us=237 acquire_us=120 submit_us=47156 skipped=0
frust_shell_common::perf: frust-perf raw n=327 total_us=47961 rebuild_us=200 layout_us=2 paint_us=504 encode_us=230 acquire_us=127 submit_us=46895 skipped=0
frust_shell_common::perf: frust-perf raw n=328 total_us=48299 rebuild_us=282 layout_us=1 paint_us=521 encode_us=229 acquire_us=113 submit_us=47151 skipped=0
frust_shell_common::perf: frust-perf raw n=329 total_us=48756 rebuild_us=296 layout_us=2 paint_us=727 encode_us=258 acquire_us=157 submit_us=47315 skipped=0
frust_shell_common::perf: frust-perf raw n=330 total_us=47857 rebuild_us=234 layout_us=2 paint_us=580 encode_us=251 acquire_us=152 submit_us=46635 skipped=0
frust_shell_common::perf: frust-perf raw n=331 total_us=48153 rebuild_us=85 layout_us=0 paint_us=157 encode_us=187 acquire_us=97 submit_us=47625 skipped=0
frust_shell_common::perf: frust-perf raw n=332 total_us=48782 rebuild_us=192 layout_us=1 paint_us=494 encode_us=223 acquire_us=118 submit_us=47751 skipped=0
frust_shell_android::app::frame: frust-perf platform-view tail depth=0 target=0 acquire_bound=false frame=1440 expected_present_us=0 acquire_us=125 period_us=11134
frust_shell_common::perf: frust-perf raw n=333 total_us=48358 rebuild_us=224 layout_us=2 paint_us=544 encode_us=239 acquire_us=130 submit_us=47217 skipped=0
frust_shell_common::perf: frust-perf raw n=334 total_us=48527 rebuild_us=195 layout_us=1 paint_us=499 encode_us=229 acquire_us=117 submit_us=47483 skipped=0
frust_shell_common::perf: frust-perf raw n=335 total_us=48347 rebuild_us=294 layout_us=3 paint_us=725 encode_us=254 acquire_us=156 submit_us=46912 skipped=0
frust_shell_common::perf: frust-perf frame n=120 total_p50_ms=48 total_p95_ms=49 total_p99_ms=49 rebuild_p95_ms=0 layout_p95_ms=0 paint_p95_ms=0 encode_p95_ms=0 acquire_p95_ms=0 submit_p95_ms=48 over_60hz=335 over_120hz=335 skipped=0 total_frames=335
frust_shell_common::perf: frust-perf raw n=336 total_us=48020 rebuild_us=220 layout_us=2 paint_us=552 encode_us=243 acquire_us=138 submit_us=46863 skipped=0
frust_shell_common::perf: frust-perf raw n=337 total_us=48272 rebuild_us=361 layout_us=2 paint_us=668 encode_us=278 acquire_us=172 submit_us=46790 skipped=0
frust_shell_common::perf: frust-perf raw n=338 total_us=48328 rebuild_us=279 layout_us=2 paint_us=662 encode_us=279 acquire_us=229 submit_us=46875 skipped=0
frust_shell_common::perf: frust-perf raw n=339 total_us=48352 rebuild_us=225 layout_us=2 paint_us=562 encode_us=208 acquire_us=94 submit_us=47259 skipped=0
frust_shell_common::perf: frust-perf raw n=340 total_us=48001 rebuild_us=213 layout_us=1 paint_us=535 encode_us=231 acquire_us=121 submit_us=46897 skipped=0
frust_shell_common::perf: frust-perf raw n=341 total_us=48678 rebuild_us=233 layout_us=2 paint_us=560 encode_us=262 acquire_us=152 submit_us=47466 skipped=0
frust_shell_common::perf: frust-perf raw n=342 total_us=48203 rebuild_us=94 layout_us=0 paint_us=170 encode_us=229 acquire_us=102 submit_us=47604 skipped=0
frust_shell_common::perf: frust-perf raw n=343 total_us=48228 rebuild_us=207 layout_us=1 paint_us=533 encode_us=253 acquire_us=141 submit_us=47089 skipped=0
frust_shell_common::perf: frust-perf raw n=344 total_us=47919 rebuild_us=200 layout_us=2 paint_us=505 encode_us=225 acquire_us=111 submit_us=46874 skipped=0
frust_shell_common::perf: frust-perf raw n=345 total_us=48369 rebuild_us=197 layout_us=2 paint_us=499 encode_us=269 acquire_us=127 submit_us=47274 skipped=0
frust_shell_common::perf: frust-perf raw n=346 total_us=48490 rebuild_us=226 layout_us=2 paint_us=545 encode_us=227 acquire_us=112 submit_us=47375 skipped=0
frust_shell_common::perf: frust-perf raw n=347 total_us=47668 rebuild_us=193 layout_us=1 paint_us=494 encode_us=220 acquire_us=107 submit_us=46650 skipped=0
frust_shell_common::perf: frust-perf raw n=348 total_us=48775 rebuild_us=286 layout_us=2 paint_us=719 encode_us=285 acquire_us=157 submit_us=47323 skipped=0
frust_shell_common::perf: frust-perf raw n=349 total_us=48815 rebuild_us=91 layout_us=1 paint_us=220 encode_us=102 acquire_us=74 submit_us=48325 skipped=0
frust_shell_common::perf: frust-perf raw n=350 total_us=48590 rebuild_us=106 layout_us=0 paint_us=189 encode_us=214 acquire_us=103 submit_us=47976 skipped=0
frust_shell_common::perf: frust-perf raw n=351 total_us=48099 rebuild_us=201 layout_us=1 paint_us=521 encode_us=239 acquire_us=148 submit_us=46987 skipped=0
frust_shell_common::perf: frust-perf raw n=352 total_us=48183 rebuild_us=219 layout_us=2 paint_us=525 encode_us=223 acquire_us=109 submit_us=47103 skipped=0
frust_shell_common::perf: frust-perf raw n=353 total_us=48022 rebuild_us=196 layout_us=2 paint_us=495 encode_us=223 acquire_us=120 submit_us=46985 skipped=0
frust_shell_common::perf: frust-perf raw n=354 total_us=49090 rebuild_us=233 layout_us=2 paint_us=559 encode_us=223 acquire_us=153 submit_us=47918 skipped=0
frust_shell_common::perf: frust-perf raw n=355 total_us=48309 rebuild_us=229 layout_us=2 paint_us=502 encode_us=242 acquire_us=142 submit_us=47189 skipped=0
frust_shell_common::perf: frust-perf raw n=356 total_us=49247 rebuild_us=225 layout_us=2 paint_us=709 encode_us=243 acquire_us=144 submit_us=47921 skipped=0
frust_shell_common::perf: frust-perf raw n=357 total_us=48330 rebuild_us=251 layout_us=2 paint_us=538 encode_us=241 acquire_us=128 submit_us=47168 skipped=0
frust_shell_common::perf: frust-perf raw n=358 total_us=48037 rebuild_us=231 layout_us=2 paint_us=560 encode_us=261 acquire_us=160 submit_us=46820 skipped=0
frust_shell_common::perf: frust-perf raw n=359 total_us=47849 rebuild_us=85 layout_us=0 paint_us=154 encode_us=208 acquire_us=92 submit_us=47308 skipped=0
frust_shell_common::perf: frust-perf raw n=360 total_us=48371 rebuild_us=195 layout_us=1 paint_us=506 encode_us=222 acquire_us=119 submit_us=47326 skipped=0
frust_shell_common::perf: frust-perf raw n=361 total_us=48356 rebuild_us=181 layout_us=1 paint_us=690 encode_us=251 acquire_us=174 submit_us=47057 skipped=0
frust_shell_android::app::frame: frust-perf platform-view tail depth=0 target=0 acquire_bound=false frame=1560 expected_present_us=0 acquire_us=136 period_us=11134
frust_shell_common::perf: frust-perf raw n=362 total_us=48513 rebuild_us=230 layout_us=2 paint_us=562 encode_us=250 acquire_us=152 submit_us=47316 skipped=0
frust_shell_common::perf: frust-perf raw n=363 total_us=48220 rebuild_us=445 layout_us=3 paint_us=774 encode_us=246 acquire_us=135 submit_us=46615 skipped=0
frust_shell_common::perf: frust-perf raw n=364 total_us=48489 rebuild_us=219 layout_us=1 paint_us=531 encode_us=206 acquire_us=101 submit_us=47427 skipped=0
frust_shell_common::perf: frust-perf raw n=365 total_us=48758 rebuild_us=244 layout_us=2 paint_us=862 encode_us=247 acquire_us=151 submit_us=47250 skipped=0
frust_shell_common::perf: frust-perf raw n=366 total_us=48545 rebuild_us=189 layout_us=1 paint_us=598 encode_us=223 acquire_us=103 submit_us=47428 skipped=0
frust_shell_common::perf: frust-perf raw n=367 total_us=48128 rebuild_us=223 layout_us=2 paint_us=615 encode_us=246 acquire_us=121 submit_us=46919 skipped=0
frust_shell_common::perf: frust-perf raw n=368 total_us=48511 rebuild_us=284 layout_us=1 paint_us=726 encode_us=242 acquire_us=149 submit_us=47105 skipped=0
frust_shell_common::perf: frust-perf raw n=369 total_us=48573 rebuild_us=215 layout_us=2 paint_us=526 encode_us=248 acquire_us=151 submit_us=47428 skipped=0
frust_shell_common::perf: frust-perf raw n=370 total_us=48205 rebuild_us=217 layout_us=2 paint_us=532 encode_us=238 acquire_us=142 submit_us=47072 skipped=0
frust_shell_common::perf: frust-perf raw n=371 total_us=47830 rebuild_us=194 layout_us=2 paint_us=498 encode_us=222 acquire_us=119 submit_us=46794 skipped=0
frust_shell_common::perf: frust-perf raw n=372 total_us=48256 rebuild_us=205 layout_us=2 paint_us=680 encode_us=237 acquire_us=127 submit_us=47003 skipped=0
frust_shell_common::perf: frust-perf raw n=373 total_us=48248 rebuild_us=108 layout_us=0 paint_us=250 encode_us=219 acquire_us=114 submit_us=47554 skipped=0
frust_shell_common::perf: frust-perf raw n=374 total_us=48219 rebuild_us=215 layout_us=2 paint_us=720 encode_us=237 acquire_us=129 submit_us=46913 skipped=0
frust_shell_common::perf: frust-perf raw n=375 total_us=48549 rebuild_us=212 layout_us=2 paint_us=525 encode_us=231 acquire_us=121 submit_us=47455 skipped=0
frust_shell_common::perf: frust-perf raw n=376 total_us=48717 rebuild_us=237 layout_us=2 paint_us=562 encode_us=258 acquire_us=132 submit_us=47523 skipped=0
frust_shell_common::perf: frust-perf raw n=377 total_us=48026 rebuild_us=230 layout_us=2 paint_us=565 encode_us=244 acquire_us=147 submit_us=46835 skipped=0
frust_shell_common::perf: frust-perf frame n=120 total_p50_ms=48 total_p95_ms=49 total_p99_ms=49 rebuild_p95_ms=0 layout_p95_ms=0 paint_p95_ms=0 encode_p95_ms=0 acquire_p95_ms=0 submit_p95_ms=47 over_60hz=377 over_120hz=377 skipped=0 total_frames=377
frust_shell_common::perf: frust-perf raw n=378 total_us=48835 rebuild_us=249 layout_us=2 paint_us=829 encode_us=225 acquire_us=112 submit_us=47416 skipped=0
frust_shell_common::perf: frust-perf raw n=379 total_us=48081 rebuild_us=231 layout_us=2 paint_us=552 encode_us=264 acquire_us=157 submit_us=46873 skipped=0
frust_shell_common::perf: frust-perf raw n=380 total_us=48074 rebuild_us=92 layout_us=0 paint_us=168 encode_us=247 acquire_us=105 submit_us=47459 skipped=0
frust_shell_common::perf: frust-perf raw n=381 total_us=47744 rebuild_us=84 layout_us=0 paint_us=153 encode_us=209 acquire_us=96 submit_us=47199 skipped=0
frust_shell_common::perf: frust-perf raw n=382 total_us=49452 rebuild_us=987 layout_us=2 paint_us=794 encode_us=266 acquire_us=152 submit_us=47250 skipped=0
frust_shell_common::perf: frust-perf raw n=383 total_us=47462 rebuild_us=82 layout_us=0 paint_us=153 encode_us=266 acquire_us=97 submit_us=46862 skipped=0
frust_shell_common::perf: frust-perf raw n=384 total_us=48080 rebuild_us=84 layout_us=0 paint_us=157 encode_us=210 acquire_us=96 submit_us=47530 skipped=0
frust_shell_common::perf: frust-perf raw n=385 total_us=48405 rebuild_us=190 layout_us=1 paint_us=557 encode_us=237 acquire_us=128 submit_us=47290 skipped=0
frust_shell_common::perf: frust-perf raw n=386 total_us=48573 rebuild_us=198 layout_us=2 paint_us=499 encode_us=222 acquire_us=140 submit_us=47511 skipped=0
frust_shell_common::perf: frust-perf raw n=387 total_us=48146 rebuild_us=211 layout_us=1 paint_us=530 encode_us=240 acquire_us=136 submit_us=47026 skipped=0
frust_shell_common::perf: frust-perf raw n=388 total_us=48186 rebuild_us=192 layout_us=1 paint_us=496 encode_us=224 acquire_us=121 submit_us=47149 skipped=0
frust_shell_common::perf: frust-perf raw n=389 total_us=48251 rebuild_us=230 layout_us=2 paint_us=553 encode_us=259 acquire_us=171 submit_us=47033 skipped=0
frust_shell_android::app::frame: frust-perf platform-view tail depth=0 target=0 acquire_bound=false frame=1680 expected_present_us=0 acquire_us=129 period_us=11136
frust_shell_common::perf: frust-perf raw n=390 total_us=48671 rebuild_us=478 layout_us=2 paint_us=508 encode_us=224 acquire_us=111 submit_us=47346 skipped=0
frust_shell_common::perf: frust-perf raw n=391 total_us=48632 rebuild_us=206 layout_us=1 paint_us=778 encode_us=229 acquire_us=111 submit_us=47305 skipped=0
frust_shell_common::perf: frust-perf raw n=392 total_us=47962 rebuild_us=196 layout_us=1 paint_us=501 encode_us=233 acquire_us=125 submit_us=46903 skipped=0
frust_shell_common::perf: frust-perf raw n=393 total_us=48625 rebuild_us=260 layout_us=3 paint_us=691 encode_us=286 acquire_us=131 submit_us=47252 skipped=0
frust_shell_common::perf: frust-perf raw n=394 total_us=47495 rebuild_us=105 layout_us=0 paint_us=199 encode_us=221 acquire_us=110 submit_us=46857 skipped=0
frust_shell_common::perf: frust-perf raw n=395 total_us=47538 rebuild_us=83 layout_us=0 paint_us=156 encode_us=216 acquire_us=112 submit_us=46968 skipped=0
frust_shell_common::perf: frust-perf raw n=396 total_us=49007 rebuild_us=207 layout_us=1 paint_us=705 encode_us=232 acquire_us=131 submit_us=47729 skipped=0
frust_shell_common::perf: frust-perf raw n=397 total_us=48366 rebuild_us=222 layout_us=1 paint_us=550 encode_us=222 acquire_us=123 submit_us=47246 skipped=0
frust_shell_common::perf: frust-perf raw n=398 total_us=48735 rebuild_us=278 layout_us=2 paint_us=621 encode_us=260 acquire_us=141 submit_us=47431 skipped=0
frust_shell_common::perf: frust-perf raw n=399 total_us=48370 rebuild_us=262 layout_us=2 paint_us=665 encode_us=254 acquire_us=146 submit_us=47039 skipped=0
frust_shell_common::perf: frust-perf raw n=400 total_us=47729 rebuild_us=80 layout_us=0 paint_us=150 encode_us=210 acquire_us=93 submit_us=47194 skipped=0
frust_shell_common::perf: frust-perf raw n=401 total_us=47784 rebuild_us=90 layout_us=0 paint_us=168 encode_us=228 acquire_us=116 submit_us=47180 skipped=0
frust_shell_common::perf: frust-perf raw n=402 total_us=48026 rebuild_us=83 layout_us=0 paint_us=155 encode_us=209 acquire_us=95 submit_us=47481 skipped=0
frust_shell_common::perf: frust-perf raw n=403 total_us=48193 rebuild_us=231 layout_us=2 paint_us=555 encode_us=238 acquire_us=138 submit_us=47028 skipped=0
frust_shell_common::perf: frust-perf raw n=404 total_us=48165 rebuild_us=221 layout_us=1 paint_us=550 encode_us=261 acquire_us=165 submit_us=46964 skipped=0
frust_shell_common::perf: frust-perf raw n=405 total_us=48194 rebuild_us=251 layout_us=2 paint_us=745 encode_us=285 acquire_us=165 submit_us=46745 skipped=0
frust_shell_common::perf: frust-perf raw n=406 total_us=48165 rebuild_us=189 layout_us=1 paint_us=497 encode_us=221 acquire_us=118 submit_us=47136 skipped=0
frust_shell_common::perf: frust-perf raw n=407 total_us=48408 rebuild_us=217 layout_us=2 paint_us=902 encode_us=234 acquire_us=131 submit_us=46920 skipped=0
frust_shell_common::perf: frust-perf raw n=408 total_us=48584 rebuild_us=215 layout_us=1 paint_us=538 encode_us=257 acquire_us=144 submit_us=47425 skipped=0
frust_shell_common::perf: frust-perf raw n=409 total_us=48589 rebuild_us=241 layout_us=9 paint_us=704 encode_us=239 acquire_us=120 submit_us=47272 skipped=0
frust_shell_common::perf: frust-perf raw n=410 total_us=48642 rebuild_us=195 layout_us=2 paint_us=501 encode_us=287 acquire_us=134 submit_us=47521 skipped=0
frust_shell_common::perf: frust-perf raw n=411 total_us=47915 rebuild_us=242 layout_us=2 paint_us=567 encode_us=263 acquire_us=192 submit_us=46647 skipped=0
frust_shell_common::perf: frust-perf raw n=412 total_us=48591 rebuild_us=282 layout_us=2 paint_us=528 encode_us=231 acquire_us=123 submit_us=47423 skipped=0
frust_shell_common::perf: frust-perf raw n=413 total_us=47411 rebuild_us=111 layout_us=0 paint_us=192 encode_us=258 acquire_us=231 submit_us=46615 skipped=0
frust_shell_common::perf: frust-perf raw n=414 total_us=48071 rebuild_us=83 layout_us=0 paint_us=155 encode_us=208 acquire_us=92 submit_us=47530 skipped=0
