frust-perf activity-create
frust_shell_common::perf: bench-scenario-start s1
frust_render::context: frust-perf surface-caps formats=[Rgba8UnormSrgb,Rgba8Unorm,Rgba16Float,Rgb10a2Unorm] usages=TextureUsages(COPY_SRC | COPY_DST | TEXTURE_BINDING | STORAGE_BINDING | RENDER_ATTACHMENT | STORAGE_ATOMIC) direct_to_surface=YES (Rgba8Unorm+STORAGE_BINDING)
frust_render::context: frust-perf render-path direct (Rgba8Unorm+STORAGE_BINDING)
frust_shell_common::perf: frust-perf startup init_entry=0ms font_preinit_started=0ms font_preinit_joined=0ms preinit_started=0ms preinit_joined=26ms cache_loaded=26ms pipeline_cache_restored=26ms adapter_ready=76ms device_ready=76ms renderer_ready=76ms first_rebuild_done=85ms first_encode_done=85ms first_frame_presented=107ms
frust_shell_common::perf: frust-perf raw n=1 total_us=22658 rebuild_us=104 layout_us=0 paint_us=138 encode_us=208 acquire_us=71 submit_us=22135 skipped=0
frust_shell_common::perf: frust-perf raw n=2 total_us=90731 rebuild_us=65 layout_us=0 paint_us=176 encode_us=112 acquire_us=22 submit_us=90352 skipped=0
frust_shell_common::perf: frust-perf raw n=3 total_us=60737 rebuild_us=100 layout_us=0 paint_us=153 encode_us=153 acquire_us=53 submit_us=60276 skipped=0
frust_shell_common::perf: frust-perf raw n=4 total_us=54007 rebuild_us=85 layout_us=0 paint_us=131 encode_us=109 acquire_us=33 submit_us=53646 skipped=0
frust_shell_common::perf: frust-perf raw n=5 total_us=53291 rebuild_us=73 layout_us=0 paint_us=107 encode_us=155 acquire_us=41 submit_us=52913 skipped=0
frust_shell_common::perf: frust-perf raw n=6 total_us=53328 rebuild_us=113 layout_us=0 paint_us=161 encode_us=202 acquire_us=89 submit_us=52762 skipped=0
frust_shell_common::perf: frust-perf raw n=7 total_us=53416 rebuild_us=109 layout_us=0 paint_us=161 encode_us=187 acquire_us=72 submit_us=52885 skipped=0
frust_shell_common::perf: frust-perf raw n=8 total_us=50019 rebuild_us=106 layout_us=0 paint_us=175 encode_us=173 acquire_us=69 submit_us=49495 skipped=0
frust_shell_common::perf: frust-perf raw n=9 total_us=48967 rebuild_us=102 layout_us=0 paint_us=136 encode_us=203 acquire_us=90 submit_us=48433 skipped=0
frust_shell_common::perf: frust-perf raw n=10 total_us=47766 rebuild_us=95 layout_us=0 paint_us=155 encode_us=149 acquire_us=84 submit_us=47280 skipped=0
frust_shell_common::perf: frust-perf raw n=11 total_us=49485 rebuild_us=85 layout_us=0 paint_us=141 encode_us=540 acquire_us=157 submit_us=48560 skipped=0
frust_shell_common::perf: frust-perf raw n=12 total_us=47996 rebuild_us=68 layout_us=0 paint_us=120 encode_us=141 acquire_us=80 submit_us=47584 skipped=0
frust_shell_common::perf: frust-perf raw n=13 total_us=48187 rebuild_us=53 layout_us=0 paint_us=103 encode_us=141 acquire_us=76 submit_us=47811 skipped=0
frust_shell_common::perf: frust-perf raw n=14 total_us=47687 rebuild_us=53 layout_us=0 paint_us=100 encode_us=185 acquire_us=110 submit_us=47236 skipped=0
frust_shell_common::perf: frust-perf raw n=15 total_us=47441 rebuild_us=62 layout_us=0 paint_us=122 encode_us=138 acquire_us=80 submit_us=47036 skipped=0
frust_shell_common::perf: frust-perf raw n=16 total_us=47892 rebuild_us=57 layout_us=0 paint_us=113 encode_us=174 acquire_us=86 submit_us=47459 skipped=0
frust_shell_common::perf: frust-perf raw n=17 total_us=47180 rebuild_us=60 layout_us=0 paint_us=117 encode_us=140 acquire_us=75 submit_us=46785 skipped=0
frust_shell_common::perf: frust-perf raw n=18 total_us=47942 rebuild_us=54 layout_us=0 paint_us=104 encode_us=128 acquire_us=66 submit_us=47588 skipped=0
frust_shell_common::perf: frust-perf raw n=19 total_us=47282 rebuild_us=56 layout_us=0 paint_us=114 encode_us=138 acquire_us=73 submit_us=46899 skipped=0
frust_shell_common::perf: frust-perf raw n=20 total_us=47868 rebuild_us=67 layout_us=161 paint_us=119 encode_us=139 acquire_us=72 submit_us=47308 skipped=0
frust_shell_common::perf: frust-perf raw n=21 total_us=47783 rebuild_us=55 layout_us=0 paint_us=106 encode_us=143 acquire_us=75 submit_us=47403 skipped=0
frust_shell_common::perf: frust-perf raw n=22 total_us=47596 rebuild_us=61 layout_us=0 paint_us=116 encode_us=136 acquire_us=78 submit_us=47202 skipped=0
frust_shell_common::perf: frust-perf raw n=23 total_us=47226 rebuild_us=63 layout_us=0 paint_us=118 encode_us=158 acquire_us=88 submit_us=46797 skipped=0
frust_shell_common::perf: frust-perf raw n=24 total_us=47765 rebuild_us=62 layout_us=0 paint_us=120 encode_us=158 acquire_us=87 submit_us=47336 skipped=0
frust_shell_common::perf: frust-perf raw n=25 total_us=46515 rebuild_us=65 layout_us=0 paint_us=125 encode_us=166 acquire_us=90 submit_us=46067 skipped=0
frust_shell_android::app::frame: frust-perf platform-view tail depth=0 target=0 acquire_bound=false frame=120 expected_present_us=0 acquire_us=83 period_us=11129
frust_shell_common::perf: frust-perf raw n=26 total_us=48516 rebuild_us=60 layout_us=0 paint_us=120 encode_us=127 acquire_us=87 submit_us=48119 skipped=0
frust_shell_common::perf: frust-perf raw n=27 total_us=47601 rebuild_us=73 layout_us=0 paint_us=132 encode_us=159 acquire_us=76 submit_us=47159 skipped=0
frust_shell_common::perf: frust-perf raw n=28 total_us=47542 rebuild_us=60 layout_us=0 paint_us=115 encode_us=155 acquire_us=77 submit_us=47133 skipped=0
frust_shell_common::perf: frust-perf raw n=29 total_us=47005 rebuild_us=72 layout_us=0 paint_us=170 encode_us=162 acquire_us=81 submit_us=46519 skipped=0
frust_shell_common::perf: frust-perf raw n=30 total_us=47227 rebuild_us=62 layout_us=0 paint_us=115 encode_us=155 acquire_us=76 submit_us=46816 skipped=0
frust_shell_common::perf: frust-perf raw n=31 total_us=47319 rebuild_us=80 layout_us=0 paint_us=158 encode_us=158 acquire_us=76 submit_us=46844 skipped=0
frust_shell_common::perf: frust-perf raw n=32 total_us=47616 rebuild_us=62 layout_us=0 paint_us=114 encode_us=158 acquire_us=79 submit_us=47202 skipped=0
frust_shell_common::perf: frust-perf raw n=33 total_us=46811 rebuild_us=63 layout_us=0 paint_us=114 encode_us=164 acquire_us=78 submit_us=46390 skipped=0
frust_shell_common::perf: frust-perf raw n=34 total_us=48040 rebuild_us=73 layout_us=0 paint_us=143 encode_us=126 acquire_us=64 submit_us=47631 skipped=0
frust_shell_common::perf: frust-perf raw n=35 total_us=47426 rebuild_us=63 layout_us=0 paint_us=116 encode_us=164 acquire_us=80 submit_us=47001 skipped=0
frust_shell_common::perf: frust-perf raw n=36 total_us=47688 rebuild_us=62 layout_us=0 paint_us=115 encode_us=158 acquire_us=77 submit_us=47273 skipped=0
frust_shell_common::perf: frust-perf raw n=37 total_us=47800 rebuild_us=64 layout_us=0 paint_us=117 encode_us=161 acquire_us=79 submit_us=47377 skipped=0
frust_shell_common::perf: frust-perf raw n=38 total_us=46980 rebuild_us=74 layout_us=0 paint_us=132 encode_us=174 acquire_us=97 submit_us=46500 skipped=0
frust_shell_common::perf: frust-perf raw n=39 total_us=47836 rebuild_us=57 layout_us=0 paint_us=104 encode_us=139 acquire_us=73 submit_us=47461 skipped=0
frust_shell_common::perf: frust-perf raw n=40 total_us=47192 rebuild_us=89 layout_us=0 paint_us=230 encode_us=209 acquire_us=93 submit_us=46570 skipped=0
frust_shell_common::perf: frust-perf raw n=41 total_us=47670 rebuild_us=83 layout_us=0 paint_us=162 encode_us=217 acquire_us=111 submit_us=47095 skipped=0
frust_shell_common::perf: frust-perf frame n=41 total_p50_ms=47 total_p95_ms=54 total_p99_ms=90 rebuild_p95_ms=0 layout_p95_ms=0 paint_p95_ms=0 encode_p95_ms=0 acquire_p95_ms=0 submit_p95_ms=53 over_60hz=41 over_120hz=41 skipped=0 total_frames=41
frust_shell_common::perf: frust-perf raw n=42 total_us=47248 rebuild_us=92 layout_us=0 paint_us=166 encode_us=207 acquire_us=107 submit_us=46674 skipped=0
frust_shell_common::perf: frust-perf raw n=43 total_us=47801 rebuild_us=89 layout_us=0 paint_us=168 encode_us=210 acquire_us=104 submit_us=47228 skipped=0
frust_shell_common::perf: frust-perf raw n=44 total_us=47764 rebuild_us=260 layout_us=2 paint_us=602 encode_us=274 acquire_us=126 submit_us=46498 skipped=0
frust_shell_common::perf: frust-perf raw n=45 total_us=49036 rebuild_us=224 layout_us=1 paint_us=594 encode_us=214 acquire_us=90 submit_us=47911 skipped=0
frust_shell_common::perf: frust-perf raw n=46 total_us=47163 rebuild_us=129 layout_us=0 paint_us=234 encode_us=209 acquire_us=104 submit_us=46485 skipped=0
frust_shell_common::perf: frust-perf raw n=47 total_us=47193 rebuild_us=84 layout_us=0 paint_us=154 encode_us=209 acquire_us=97 submit_us=46646 skipped=0
frust_shell_common::perf: frust-perf raw n=48 total_us=48415 rebuild_us=243 layout_us=2 paint_us=603 encode_us=236 acquire_us=108 submit_us=47220 skipped=0
frust_shell_common::perf: frust-perf raw n=49 total_us=48147 rebuild_us=95 layout_us=0 paint_us=257 encode_us=223 acquire_us=93 submit_us=47476 skipped=0
frust_shell_common::perf: frust-perf raw n=50 total_us=47287 rebuild_us=85 layout_us=0 paint_us=166 encode_us=215 acquire_us=128 submit_us=46690 skipped=0
frust_shell_common::perf: frust-perf raw n=51 total_us=48058 rebuild_us=267 layout_us=3 paint_us=880 encode_us=253 acquire_us=141 submit_us=46512 skipped=0
frust_shell_common::perf: frust-perf raw n=52 total_us=47892 rebuild_us=82 layout_us=0 paint_us=157 encode_us=205 acquire_us=91 submit_us=47355 skipped=0
frust_shell_common::perf: frust-perf raw n=53 total_us=46942 rebuild_us=82 layout_us=0 paint_us=154 encode_us=277 acquire_us=111 submit_us=46317 skipped=0
frust_shell_android::app::frame: frust-perf platform-view tail depth=0 target=0 acquire_bound=false frame=240 expected_present_us=0 acquire_us=104 period_us=11129
frust_shell_common::perf: frust-perf raw n=54 total_us=47933 rebuild_us=84 layout_us=0 paint_us=160 encode_us=241 acquire_us=93 submit_us=47353 skipped=0
frust_shell_common::perf: frust-perf raw n=55 total_us=47870 rebuild_us=321 layout_us=2 paint_us=733 encode_us=264 acquire_us=192 submit_us=46356 skipped=0
frust_shell_common::perf: frust-perf raw n=56 total_us=48447 rebuild_us=173 layout_us=2 paint_us=480 encode_us=234 acquire_us=113 submit_us=47444 skipped=0
frust_shell_common::perf: frust-perf raw n=57 total_us=47953 rebuild_us=238 layout_us=2 paint_us=589 encode_us=269 acquire_us=158 submit_us=46694 skipped=0
frust_shell_common::perf: frust-perf raw n=58 total_us=48384 rebuild_us=95 layout_us=0 paint_us=177 encode_us=228 acquire_us=176 submit_us=47705 skipped=0
frust_shell_common::perf: frust-perf raw n=59 total_us=47454 rebuild_us=126 layout_us=1 paint_us=281 encode_us=208 acquire_us=86 submit_us=46750 skipped=0
frust_shell_common::perf: frust-perf raw n=60 total_us=47511 rebuild_us=84 layout_us=0 paint_us=157 encode_us=208 acquire_us=106 submit_us=46953 skipped=0
frust_shell_common::perf: frust-perf raw n=61 total_us=48646 rebuild_us=186 layout_us=2 paint_us=581 encode_us=209 acquire_us=94 submit_us=47572 skipped=0
frust_shell_common::perf: frust-perf raw n=62 total_us=47574 rebuild_us=258 layout_us=2 paint_us=826 encode_us=260 acquire_us=146 submit_us=46081 skipped=0
frust_shell_common::perf: frust-perf raw n=63 total_us=48057 rebuild_us=80 layout_us=0 paint_us=158 encode_us=210 acquire_us=91 submit_us=47515 skipped=0
frust_shell_common::perf: frust-perf raw n=64 total_us=47547 rebuild_us=184 layout_us=1 paint_us=445 encode_us=242 acquire_us=135 submit_us=46538 skipped=0
frust_shell_common::perf: frust-perf raw n=65 total_us=47672 rebuild_us=88 layout_us=0 paint_us=163 encode_us=174 acquire_us=94 submit_us=47151 skipped=0
frust_shell_common::perf: frust-perf raw n=66 total_us=47925 rebuild_us=206 layout_us=1 paint_us=510 encode_us=215 acquire_us=115 submit_us=46874 skipped=0
frust_shell_common::perf: frust-perf raw n=67 total_us=48267 rebuild_us=198 layout_us=2 paint_us=577 encode_us=222 acquire_us=137 submit_us=47129 skipped=0
frust_shell_common::perf: frust-perf raw n=68 total_us=47731 rebuild_us=255 layout_us=2 paint_us=605 encode_us=255 acquire_us=142 submit_us=46469 skipped=0
frust_shell_common::perf: frust-perf raw n=69 total_us=47656 rebuild_us=86 layout_us=0 paint_us=163 encode_us=175 acquire_us=95 submit_us=47134 skipped=0
frust_shell_common::perf: frust-perf raw n=70 total_us=47728 rebuild_us=97 layout_us=0 paint_us=176 encode_us=210 acquire_us=91 submit_us=47151 skipped=0
frust_shell_common::perf: frust-perf raw n=71 total_us=47654 rebuild_us=247 layout_us=2 paint_us=597 encode_us=251 acquire_us=205 submit_us=46349 skipped=0
frust_shell_common::perf: frust-perf raw n=72 total_us=46768 rebuild_us=72 layout_us=0 paint_us=133 encode_us=131 acquire_us=110 submit_us=46320 skipped=0
frust_shell_common::perf: frust-perf raw n=73 total_us=47865 rebuild_us=89 layout_us=0 paint_us=169 encode_us=250 acquire_us=101 submit_us=47253 skipped=0
frust_shell_common::perf: frust-perf raw n=74 total_us=47354 rebuild_us=98 layout_us=0 paint_us=173 encode_us=207 acquire_us=94 submit_us=46779 skipped=0
frust_shell_common::perf: frust-perf raw n=75 total_us=47439 rebuild_us=96 layout_us=0 paint_us=176 encode_us=212 acquire_us=92 submit_us=46860 skipped=0
frust_shell_common::perf: frust-perf raw n=76 total_us=47598 rebuild_us=91 layout_us=1 paint_us=222 encode_us=219 acquire_us=93 submit_us=46970 skipped=0
frust_shell_common::perf: frust-perf raw n=77 total_us=47561 rebuild_us=100 layout_us=0 paint_us=184 encode_us=187 acquire_us=97 submit_us=46990 skipped=0
frust_shell_common::perf: frust-perf raw n=78 total_us=48024 rebuild_us=115 layout_us=0 paint_us=265 encode_us=223 acquire_us=108 submit_us=47310 skipped=0
frust_shell_common::perf: frust-perf raw n=79 total_us=47278 rebuild_us=83 layout_us=0 paint_us=158 encode_us=208 acquire_us=107 submit_us=46720 skipped=0
frust_shell_common::perf: frust-perf raw n=80 total_us=47595 rebuild_us=82 layout_us=0 paint_us=154 encode_us=205 acquire_us=106 submit_us=47046 skipped=0
frust_shell_common::perf: frust-perf raw n=81 total_us=48190 rebuild_us=320 layout_us=2 paint_us=667 encode_us=257 acquire_us=180 submit_us=46762 skipped=0
frust_shell_android::app::frame: frust-perf platform-view tail depth=0 target=0 acquire_bound=false frame=360 expected_present_us=0 acquire_us=118 period_us=11136
frust_shell_common::perf: frust-perf raw n=82 total_us=48580 rebuild_us=190 layout_us=2 paint_us=503 encode_us=223 acquire_us=107 submit_us=47553 skipped=0
frust_shell_common::perf: frust-perf raw n=83 total_us=48012 rebuild_us=343 layout_us=2 paint_us=590 encode_us=267 acquire_us=158 submit_us=46649 skipped=0
frust_shell_common::perf: frust-perf frame n=83 total_p50_ms=47 total_p95_ms=53 total_p99_ms=90 rebuild_p95_ms=0 layout_p95_ms=0 paint_p95_ms=0 encode_p95_ms=0 acquire_p95_ms=0 submit_p95_ms=52 over_60hz=83 over_120hz=83 skipped=0 total_frames=83
frust_shell_common::perf: frust-perf raw n=84 total_us=47744 rebuild_us=91 layout_us=0 paint_us=174 encode_us=218 acquire_us=102 submit_us=47156 skipped=0
frust_shell_common::perf: frust-perf raw n=85 total_us=47734 rebuild_us=85 layout_us=0 paint_us=166 encode_us=208 acquire_us=93 submit_us=47180 skipped=0
frust_shell_common::perf: frust-perf raw n=86 total_us=48106 rebuild_us=216 layout_us=2 paint_us=554 encode_us=242 acquire_us=111 submit_us=46978 skipped=0
frust_shell_common::perf: frust-perf raw n=87 total_us=48658 rebuild_us=210 layout_us=2 paint_us=549 encode_us=229 acquire_us=103 submit_us=47564 skipped=0
frust_shell_common::perf: frust-perf raw n=88 total_us=47454 rebuild_us=87 layout_us=0 paint_us=165 encode_us=195 acquire_us=107 submit_us=46896 skipped=0
frust_shell_common::perf: frust-perf raw n=89 total_us=50002 rebuild_us=276 layout_us=2 paint_us=971 encode_us=257 acquire_us=151 submit_us=48343 skipped=0
frust_shell_common::perf: frust-perf raw n=90 total_us=48130 rebuild_us=205 layout_us=1 paint_us=519 encode_us=222 acquire_us=106 submit_us=47075 skipped=0
frust_shell_common::perf: frust-perf raw n=91 total_us=47833 rebuild_us=192 layout_us=1 paint_us=501 encode_us=227 acquire_us=150 submit_us=46758 skipped=0
frust_shell_common::perf: frust-perf raw n=92 total_us=48080 rebuild_us=199 layout_us=1 paint_us=518 encode_us=221 acquire_us=168 submit_us=46971 skipped=0
frust_shell_common::perf: frust-perf raw n=93 total_us=48056 rebuild_us=189 layout_us=2 paint_us=506 encode_us=222 acquire_us=119 submit_us=47016 skipped=0
frust_shell_common::perf: frust-perf raw n=94 total_us=48507 rebuild_us=272 layout_us=2 paint_us=506 encode_us=226 acquire_us=112 submit_us=47387 skipped=0
frust_shell_common::perf: frust-perf raw n=95 total_us=47682 rebuild_us=189 layout_us=1 paint_us=503 encode_us=231 acquire_us=122 submit_us=46633 skipped=0
frust_shell_common::perf: frust-perf raw n=96 total_us=47619 rebuild_us=243 layout_us=2 paint_us=532 encode_us=236 acquire_us=139 submit_us=46465 skipped=0
frust_shell_common::perf: frust-perf raw n=97 total_us=48111 rebuild_us=189 layout_us=1 paint_us=507 encode_us=288 acquire_us=130 submit_us=46993 skipped=0
frust_shell_common::perf: frust-perf raw n=98 total_us=48118 rebuild_us=219 layout_us=2 paint_us=695 encode_us=208 acquire_us=92 submit_us=46899 skipped=0
frust_shell_common::perf: frust-perf raw n=99 total_us=47781 rebuild_us=183 layout_us=2 paint_us=496 encode_us=249 acquire_us=157 submit_us=46692 skipped=0
frust_shell_common::perf: frust-perf raw n=100 total_us=48113 rebuild_us=200 layout_us=2 paint_us=596 encode_us=222 acquire_us=107 submit_us=46984 skipped=0
frust_shell_common::perf: frust-perf raw n=101 total_us=47252 rebuild_us=206 layout_us=2 paint_us=533 encode_us=225 acquire_us=107 submit_us=46176 skipped=0
frust_shell_common::perf: frust-perf raw n=102 total_us=48001 rebuild_us=145 layout_us=1 paint_us=326 encode_us=140 acquire_us=75 submit_us=47312 skipped=0
frust_shell_common::perf: frust-perf raw n=103 total_us=48842 rebuild_us=216 layout_us=2 paint_us=747 encode_us=139 acquire_us=109 submit_us=47627 skipped=0
frust_shell_common::perf: frust-perf raw n=104 total_us=46828 rebuild_us=81 layout_us=0 paint_us=157 encode_us=206 acquire_us=105 submit_us=46277 skipped=0
frust_shell_common::perf: frust-perf raw n=105 total_us=47706 rebuild_us=99 layout_us=0 paint_us=176 encode_us=211 acquire_us=94 submit_us=47123 skipped=0
frust_shell_common::perf: frust-perf raw n=106 total_us=47740 rebuild_us=260 layout_us=2 paint_us=650 encode_us=221 acquire_us=119 submit_us=46486 skipped=0
frust_shell_common::perf: frust-perf raw n=107 total_us=48485 rebuild_us=208 layout_us=2 paint_us=532 encode_us=239 acquire_us=148 submit_us=47354 skipped=0
frust_shell_common::perf: frust-perf raw n=108 total_us=47733 rebuild_us=216 layout_us=2 paint_us=554 encode_us=226 acquire_us=105 submit_us=46627 skipped=0
frust_shell_common::perf: frust-perf raw n=109 total_us=48161 rebuild_us=133 layout_us=1 paint_us=320 encode_us=214 acquire_us=84 submit_us=47406 skipped=0
frust_shell_common::perf: frust-perf raw n=110 total_us=47355 rebuild_us=87 layout_us=0 paint_us=159 encode_us=207 acquire_us=93 submit_us=46806 skipped=0
frust_shell_android::app::frame: frust-perf platform-view tail depth=0 target=0 acquire_bound=false frame=480 expected_present_us=0 acquire_us=102 period_us=11131
frust_shell_common::perf: frust-perf raw n=111 total_us=47631 rebuild_us=81 layout_us=0 paint_us=154 encode_us=208 acquire_us=98 submit_us=47087 skipped=0
frust_shell_common::perf: frust-perf raw n=112 total_us=47523 rebuild_us=89 layout_us=0 paint_us=164 encode_us=242 acquire_us=96 submit_us=46928 skipped=0
frust_shell_common::perf: frust-perf raw n=113 total_us=48097 rebuild_us=214 layout_us=1 paint_us=531 encode_us=235 acquire_us=120 submit_us=46994 skipped=0
frust_shell_common::perf: frust-perf raw n=114 total_us=47823 rebuild_us=273 layout_us=1 paint_us=793 encode_us=258 acquire_us=149 submit_us=46345 skipped=0
frust_shell_common::perf: frust-perf raw n=115 total_us=47603 rebuild_us=85 layout_us=0 paint_us=162 encode_us=211 acquire_us=93 submit_us=47050 skipped=0
frust_shell_common::perf: frust-perf raw n=116 total_us=47605 rebuild_us=95 layout_us=0 paint_us=179 encode_us=211 acquire_us=95 submit_us=47022 skipped=0
frust_shell_common::perf: frust-perf raw n=117 total_us=48216 rebuild_us=299 layout_us=2 paint_us=739 encode_us=306 acquire_us=123 submit_us=46744 skipped=0
frust_shell_common::perf: frust-perf raw n=118 total_us=47586 rebuild_us=79 layout_us=0 paint_us=155 encode_us=212 acquire_us=88 submit_us=47048 skipped=0
frust_shell_common::perf: frust-perf raw n=119 total_us=47362 rebuild_us=82 layout_us=0 paint_us=152 encode_us=217 acquire_us=94 submit_us=46814 skipped=0
frust_shell_common::perf: frust-perf raw n=120 total_us=47809 rebuild_us=83 layout_us=0 paint_us=156 encode_us=209 acquire_us=91 submit_us=47267 skipped=0
frust_shell_common::perf: frust-perf raw n=121 total_us=48099 rebuild_us=313 layout_us=2 paint_us=577 encode_us=290 acquire_us=187 submit_us=46728 skipped=0
frust_shell_common::perf: frust-perf raw n=122 total_us=47802 rebuild_us=209 layout_us=2 paint_us=534 encode_us=248 acquire_us=139 submit_us=46667 skipped=0
frust_shell_common::perf: frust-perf raw n=123 total_us=47307 rebuild_us=81 layout_us=0 paint_us=154 encode_us=187 acquire_us=81 submit_us=46800 skipped=0
frust_shell_common::perf: frust-perf raw n=124 total_us=47443 rebuild_us=91 layout_us=0 paint_us=167 encode_us=208 acquire_us=95 submit_us=46879 skipped=0
frust_shell_common::perf: frust-perf raw n=125 total_us=47122 rebuild_us=149 layout_us=1 paint_us=287 encode_us=209 acquire_us=94 submit_us=46380 skipped=0
frust_shell_common::perf: frust-perf frame n=120 total_p50_ms=47 total_p95_ms=48 total_p99_ms=53 rebuild_p95_ms=0 layout_p95_ms=0 paint_p95_ms=0 encode_p95_ms=0 acquire_p95_ms=0 submit_p95_ms=48 over_60hz=125 over_120hz=125 skipped=0 total_frames=125
frust_shell_common::perf: frust-perf raw n=126 total_us=46974 rebuild_us=124 layout_us=0 paint_us=202 encode_us=224 acquire_us=102 submit_us=46319 skipped=0
frust_shell_common::perf: frust-perf raw n=127 total_us=46718 rebuild_us=146 layout_us=0 paint_us=208 encode_us=226 acquire_us=109 submit_us=46026 skipped=0
frust_shell_common::perf: frust-perf raw n=128 total_us=48344 rebuild_us=151 layout_us=0 paint_us=232 encode_us=217 acquire_us=110 submit_us=47630 skipped=0
frust_shell_common::perf: frust-perf raw n=129 total_us=47679 rebuild_us=90 layout_us=0 paint_us=166 encode_us=241 acquire_us=95 submit_us=47085 skipped=0
frust_shell_common::perf: frust-perf raw n=130 total_us=47485 rebuild_us=86 layout_us=0 paint_us=213 encode_us=210 acquire_us=91 submit_us=46883 skipped=0
frust_shell_common::perf: frust-perf raw n=131 total_us=47347 rebuild_us=79 layout_us=0 paint_us=154 encode_us=207 acquire_us=93 submit_us=46812 skipped=0
frust_shell_common::perf: frust-perf raw n=132 total_us=48616 rebuild_us=227 layout_us=2 paint_us=834 encode_us=235 acquire_us=116 submit_us=47199 skipped=0
frust_shell_common::perf: frust-perf raw n=133 total_us=48160 rebuild_us=235 layout_us=2 paint_us=581 encode_us=227 acquire_us=107 submit_us=47006 skipped=0
frust_shell_common::perf: frust-perf raw n=134 total_us=47669 rebuild_us=280 layout_us=2 paint_us=642 encode_us=259 acquire_us=139 submit_us=46345 skipped=0
frust_shell_common::perf: frust-perf raw n=135 total_us=46644 rebuild_us=86 layout_us=0 paint_us=160 encode_us=223 acquire_us=130 submit_us=46041 skipped=0
frust_shell_common::perf: frust-perf raw n=136 total_us=48213 rebuild_us=106 layout_us=0 paint_us=185 encode_us=215 acquire_us=101 submit_us=47603 skipped=0
frust_shell_common::perf: frust-perf raw n=137 total_us=47476 rebuild_us=81 layout_us=0 paint_us=157 encode_us=210 acquire_us=93 submit_us=46933 skipped=0
frust_shell_common::perf: frust-perf raw n=138 total_us=48225 rebuild_us=209 layout_us=2 paint_us=542 encode_us=234 acquire_us=125 submit_us=47111 skipped=0
frust_shell_android::app::frame: frust-perf platform-view tail depth=0 target=0 acquire_bound=false frame=600 expected_present_us=0 acquire_us=109 period_us=11131
frust_shell_common::perf: frust-perf raw n=139 total_us=48204 rebuild_us=215 layout_us=2 paint_us=554 encode_us=321 acquire_us=107 submit_us=47004 skipped=0
frust_shell_common::perf: frust-perf raw n=140 total_us=48743 rebuild_us=210 layout_us=2 paint_us=643 encode_us=229 acquire_us=107 submit_us=47550 skipped=0
frust_shell_common::perf: frust-perf raw n=141 total_us=48347 rebuild_us=225 layout_us=2 paint_us=736 encode_us=230 acquire_us=105 submit_us=47047 skipped=0
frust_shell_common::perf: frust-perf raw n=142 total_us=47718 rebuild_us=221 layout_us=2 paint_us=570 encode_us=253 acquire_us=139 submit_us=46530 skipped=0
frust_shell_common::perf: frust-perf raw n=143 total_us=47168 rebuild_us=90 layout_us=0 paint_us=172 encode_us=241 acquire_us=96 submit_us=46567 skipped=0
frust_shell_common::perf: frust-perf raw n=144 total_us=47710 rebuild_us=84 layout_us=0 paint_us=158 encode_us=207 acquire_us=92 submit_us=47166 skipped=0
frust_shell_common::perf: frust-perf raw n=145 total_us=48228 rebuild_us=228 layout_us=2 paint_us=558 encode_us=229 acquire_us=112 submit_us=47097 skipped=0
frust_shell_common::perf: frust-perf raw n=146 total_us=48163 rebuild_us=322 layout_us=2 paint_us=589 encode_us=249 acquire_us=128 submit_us=46872 skipped=0
frust_shell_common::perf: frust-perf raw n=147 total_us=48729 rebuild_us=210 layout_us=1 paint_us=528 encode_us=251 acquire_us=149 submit_us=47587 skipped=0
frust_shell_common::perf: frust-perf raw n=148 total_us=47331 rebuild_us=261 layout_us=1 paint_us=657 encode_us=255 acquire_us=163 submit_us=45992 skipped=0
frust_shell_common::perf: frust-perf raw n=149 total_us=47671 rebuild_us=274 layout_us=1 paint_us=595 encode_us=225 acquire_us=98 submit_us=46475 skipped=0
frust_shell_common::perf: frust-perf raw n=150 total_us=47806 rebuild_us=121 layout_us=0 paint_us=195 encode_us=217 acquire_us=76 submit_us=47195 skipped=0
frust_shell_common::perf: frust-perf raw n=151 total_us=47476 rebuild_us=116 layout_us=0 paint_us=186 encode_us=226 acquire_us=102 submit_us=46843 skipped=0
frust_shell_common::perf: frust-perf raw n=152 total_us=47463 rebuild_us=152 layout_us=0 paint_us=286 encode_us=218 acquire_us=87 submit_us=46717 skipped=0
frust_shell_common::perf: frust-perf raw n=153 total_us=47613 rebuild_us=145 layout_us=0 paint_us=221 encode_us=218 acquire_us=89 submit_us=46938 skipped=0
frust_shell_common::perf: frust-perf raw n=154 total_us=47555 rebuild_us=121 layout_us=0 paint_us=194 encode_us=227 acquire_us=88 submit_us=46922 skipped=0
frust_shell_common::perf: frust-perf raw n=155 total_us=47341 rebuild_us=108 layout_us=0 paint_us=212 encode_us=224 acquire_us=100 submit_us=46694 skipped=0
frust_shell_common::perf: frust-perf raw n=156 total_us=47950 rebuild_us=232 layout_us=2 paint_us=545 encode_us=211 acquire_us=90 submit_us=46867 skipped=0
frust_shell_common::perf: frust-perf raw n=157 total_us=47720 rebuild_us=236 layout_us=1 paint_us=608 encode_us=235 acquire_us=97 submit_us=46540 skipped=0
frust_shell_common::perf: frust-perf raw n=158 total_us=47532 rebuild_us=116 layout_us=0 paint_us=198 encode_us=221 acquire_us=76 submit_us=46918 skipped=0
frust_shell_common::perf: frust-perf raw n=159 total_us=47930 rebuild_us=121 layout_us=0 paint_us=197 encode_us=223 acquire_us=97 submit_us=47288 skipped=0
frust_shell_common::perf: frust-perf raw n=160 total_us=47577 rebuild_us=150 layout_us=0 paint_us=234 encode_us=221 acquire_us=109 submit_us=46861 skipped=0
frust_shell_common::perf: frust-perf raw n=161 total_us=48502 rebuild_us=155 layout_us=0 paint_us=223 encode_us=330 acquire_us=99 submit_us=47693 skipped=0
frust_shell_common::perf: frust-perf raw n=162 total_us=47537 rebuild_us=98 layout_us=0 paint_us=176 encode_us=208 acquire_us=96 submit_us=46956 skipped=0
frust_shell_common::perf: frust-perf raw n=163 total_us=47718 rebuild_us=82 layout_us=0 paint_us=156 encode_us=225 acquire_us=96 submit_us=47156 skipped=0
frust_shell_common::perf: frust-perf raw n=164 total_us=48118 rebuild_us=191 layout_us=1 paint_us=507 encode_us=225 acquire_us=108 submit_us=47084 skipped=0
frust_shell_common::perf: frust-perf raw n=165 total_us=47788 rebuild_us=195 layout_us=2 paint_us=519 encode_us=238 acquire_us=128 submit_us=46704 skipped=0
frust_shell_common::perf: frust-perf raw n=166 total_us=49374 rebuild_us=238 layout_us=2 paint_us=791 encode_us=256 acquire_us=148 submit_us=47936 skipped=0
frust_shell_android::app::frame: frust-perf platform-view tail depth=0 target=0 acquire_bound=false frame=720 expected_present_us=0 acquire_us=113 period_us=11132
frust_shell_common::perf: frust-perf raw n=167 total_us=47977 rebuild_us=191 layout_us=2 paint_us=503 encode_us=222 acquire_us=105 submit_us=46951 skipped=0
frust_shell_common::perf: frust-perf frame n=120 total_p50_ms=47 total_p95_ms=48 total_p99_ms=49 rebuild_p95_ms=0 layout_p95_ms=0 paint_p95_ms=0 encode_p95_ms=0 acquire_p95_ms=0 submit_p95_ms=47 over_60hz=167 over_120hz=167 skipped=0 total_frames=167
frust_shell_common::perf: frust-perf raw n=168 total_us=48274 rebuild_us=365 layout_us=2 paint_us=608 encode_us=246 acquire_us=137 submit_us=46914 skipped=0
frust_shell_common::perf: frust-perf raw n=169 total_us=47707 rebuild_us=212 layout_us=2 paint_us=536 encode_us=243 acquire_us=130 submit_us=46582 skipped=0
frust_shell_common::perf: frust-perf raw n=170 total_us=46769 rebuild_us=88 layout_us=0 paint_us=167 encode_us=210 acquire_us=103 submit_us=46198 skipped=0
frust_shell_common::perf: frust-perf raw n=171 total_us=48270 rebuild_us=152 layout_us=0 paint_us=250 encode_us=261 acquire_us=185 submit_us=47420 skipped=0
frust_shell_common::perf: frust-perf raw n=172 total_us=47791 rebuild_us=113 layout_us=0 paint_us=200 encode_us=209 acquire_us=97 submit_us=47169 skipped=0
frust_shell_common::perf: frust-perf raw n=173 total_us=47584 rebuild_us=83 layout_us=0 paint_us=155 encode_us=206 acquire_us=104 submit_us=47034 skipped=0
frust_shell_common::perf: frust-perf raw n=174 total_us=47368 rebuild_us=84 layout_us=0 paint_us=159 encode_us=208 acquire_us=106 submit_us=46808 skipped=0
frust_shell_common::perf: frust-perf raw n=175 total_us=48075 rebuild_us=80 layout_us=0 paint_us=158 encode_us=208 acquire_us=107 submit_us=47520 skipped=0
frust_shell_common::perf: frust-perf raw n=176 total_us=48037 rebuild_us=244 layout_us=2 paint_us=599 encode_us=218 acquire_us=92 submit_us=46881 skipped=0
frust_shell_common::perf: frust-perf raw n=177 total_us=47851 rebuild_us=209 layout_us=2 paint_us=547 encode_us=229 acquire_us=104 submit_us=46757 skipped=0
frust_shell_common::perf: frust-perf raw n=178 total_us=48214 rebuild_us=247 layout_us=2 paint_us=609 encode_us=272 acquire_us=169 submit_us=46913 skipped=0
frust_shell_common::perf: frust-perf raw n=179 total_us=47392 rebuild_us=245 layout_us=2 paint_us=780 encode_us=247 acquire_us=149 submit_us=45967 skipped=0
frust_shell_common::perf: frust-perf raw n=180 total_us=48762 rebuild_us=243 layout_us=2 paint_us=603 encode_us=229 acquire_us=117 submit_us=47566 skipped=0
frust_shell_common::perf: frust-perf raw n=181 total_us=47729 rebuild_us=90 layout_us=0 paint_us=165 encode_us=211 acquire_us=93 submit_us=47167 skipped=0
frust_shell_common::perf: frust-perf raw n=182 total_us=47432 rebuild_us=89 layout_us=0 paint_us=177 encode_us=214 acquire_us=110 submit_us=46840 skipped=0
frust_shell_common::perf: frust-perf raw n=183 total_us=48323 rebuild_us=296 layout_us=2 paint_us=766 encode_us=243 acquire_us=128 submit_us=46885 skipped=0
frust_shell_common::perf: frust-perf raw n=184 total_us=48360 rebuild_us=401 layout_us=2 paint_us=907 encode_us=245 acquire_us=131 submit_us=46670 skipped=0
frust_shell_common::perf: frust-perf raw n=185 total_us=47951 rebuild_us=258 layout_us=2 paint_us=619 encode_us=231 acquire_us=151 submit_us=46688 skipped=0
frust_shell_common::perf: frust-perf raw n=186 total_us=48659 rebuild_us=213 layout_us=2 paint_us=548 encode_us=227 acquire_us=101 submit_us=47566 skipped=0
frust_shell_common::perf: frust-perf raw n=187 total_us=48045 rebuild_us=250 layout_us=2 paint_us=621 encode_us=233 acquire_us=129 submit_us=46808 skipped=0
frust_shell_common::perf: frust-perf raw n=188 total_us=48293 rebuild_us=223 layout_us=2 paint_us=565 encode_us=240 acquire_us=135 submit_us=47125 skipped=0
frust_shell_common::perf: frust-perf raw n=189 total_us=47137 rebuild_us=105 layout_us=0 paint_us=206 encode_us=343 acquire_us=181 submit_us=46300 skipped=0
frust_shell_common::perf: frust-perf raw n=190 total_us=47483 rebuild_us=80 layout_us=0 paint_us=154 encode_us=179 acquire_us=82 submit_us=46986 skipped=0
frust_shell_common::perf: frust-perf raw n=191 total_us=48376 rebuild_us=185 layout_us=2 paint_us=489 encode_us=208 acquire_us=89 submit_us=47400 skipped=0
frust_shell_common::perf: frust-perf raw n=192 total_us=48816 rebuild_us=231 layout_us=2 paint_us=588 encode_us=269 acquire_us=149 submit_us=47575 skipped=0
frust_shell_common::perf: frust-perf raw n=193 total_us=46764 rebuild_us=91 layout_us=0 paint_us=153 encode_us=258 acquire_us=104 submit_us=46156 skipped=0
frust_shell_common::perf: frust-perf raw n=194 total_us=48355 rebuild_us=252 layout_us=2 paint_us=764 encode_us=305 acquire_us=141 submit_us=46889 skipped=0
frust_shell_android::app::frame: frust-perf platform-view tail depth=0 target=0 acquire_bound=false frame=840 expected_present_us=0 acquire_us=123 period_us=11136
frust_shell_common::perf: frust-perf raw n=195 total_us=48610 rebuild_us=341 layout_us=2 paint_us=677 encode_us=247 acquire_us=125 submit_us=47216 skipped=0
frust_shell_common::perf: frust-perf raw n=196 total_us=48592 rebuild_us=197 layout_us=2 paint_us=521 encode_us=229 acquire_us=112 submit_us=47530 skipped=0
frust_shell_common::perf: frust-perf raw n=197 total_us=47976 rebuild_us=253 layout_us=2 paint_us=651 encode_us=266 acquire_us=314 submit_us=46488 skipped=0
frust_shell_common::perf: frust-perf raw n=198 total_us=47495 rebuild_us=82 layout_us=0 paint_us=159 encode_us=206 acquire_us=92 submit_us=46953 skipped=0
frust_shell_common::perf: frust-perf raw n=199 total_us=48271 rebuild_us=266 layout_us=2 paint_us=945 encode_us=241 acquire_us=118 submit_us=46697 skipped=0
frust_shell_common::perf: frust-perf raw n=200 total_us=48101 rebuild_us=198 layout_us=2 paint_us=508 encode_us=225 acquire_us=102 submit_us=47062 skipped=0
frust_shell_common::perf: frust-perf raw n=201 total_us=47840 rebuild_us=211 layout_us=2 paint_us=525 encode_us=229 acquire_us=137 submit_us=46735 skipped=0
frust_shell_common::perf: frust-perf raw n=202 total_us=47800 rebuild_us=204 layout_us=2 paint_us=520 encode_us=239 acquire_us=139 submit_us=46694 skipped=0
frust_shell_common::perf: frust-perf raw n=203 total_us=47889 rebuild_us=198 layout_us=2 paint_us=523 encode_us=269 acquire_us=122 submit_us=46773 skipped=0
frust_shell_common::perf: frust-perf raw n=204 total_us=48650 rebuild_us=216 layout_us=2 paint_us=661 encode_us=229 acquire_us=107 submit_us=47432 skipped=0
frust_shell_android::app::input: frust-perf platform-view gesture phase=down frame=881
frust_shell_common::perf: frust-perf raw n=205 total_us=46242 rebuild_us=96 layout_us=0 paint_us=174 encode_us=213 acquire_us=94 submit_us=45663 skipped=0
frust_shell_common::perf: frust-perf raw n=206 total_us=48366 rebuild_us=112 layout_us=0 paint_us=165 encode_us=120 acquire_us=81 submit_us=47887 skipped=0
frust_shell_common::perf: frust-perf raw n=207 total_us=46694 rebuild_us=118 layout_us=0 paint_us=170 encode_us=126 acquire_us=59 submit_us=46220 skipped=0
frust_shell_common::perf: frust-perf raw n=208 total_us=48474 rebuild_us=97 layout_us=0 paint_us=151 encode_us=175 acquire_us=80 submit_us=47968 skipped=0
frust_shell_common::perf: frust-perf raw n=209 total_us=46605 rebuild_us=78 layout_us=0 paint_us=133 encode_us=182 acquire_us=93 submit_us=46116 skipped=0
frust_shell_common::perf: frust-perf frame n=120 total_p50_ms=47 total_p95_ms=48 total_p99_ms=48 rebuild_p95_ms=0 layout_p95_ms=0 paint_p95_ms=0 encode_p95_ms=0 acquire_p95_ms=0 submit_p95_ms=47 over_60hz=209 over_120hz=209 skipped=0 total_frames=209
frust_shell_common::perf: frust-perf raw n=210 total_us=48064 rebuild_us=99 layout_us=0 paint_us=168 encode_us=160 acquire_us=87 submit_us=47548 skipped=0
frust_shell_common::perf: frust-perf raw n=211 total_us=47073 rebuild_us=87 layout_us=0 paint_us=147 encode_us=160 acquire_us=78 submit_us=46600 skipped=0
frust_shell_common::perf: frust-perf raw n=212 total_us=47996 rebuild_us=83 layout_us=0 paint_us=148 encode_us=180 acquire_us=92 submit_us=47491 skipped=0
frust_shell_common::perf: frust-perf raw n=213 total_us=47698 rebuild_us=76 layout_us=0 paint_us=138 encode_us=187 acquire_us=156 submit_us=47139 skipped=0
frust_shell_common::perf: frust-perf raw n=214 total_us=47843 rebuild_us=85 layout_us=0 paint_us=150 encode_us=163 acquire_us=92 submit_us=47352 skipped=0
frust_shell_common::perf: frust-perf raw n=215 total_us=47976 rebuild_us=81 layout_us=0 paint_us=152 encode_us=169 acquire_us=97 submit_us=47474 skipped=0
frust_shell_common::perf: frust-perf raw n=216 total_us=48089 rebuild_us=84 layout_us=0 paint_us=138 encode_us=195 acquire_us=120 submit_us=47550 skipped=0
frust_shell_android::app::input: frust-perf platform-view gesture phase=up frame=932
frust_shell_common::perf: frust-perf raw n=217 total_us=49212 rebuild_us=103 layout_us=0 paint_us=173 encode_us=137 acquire_us=100 submit_us=48696 skipped=0
frust_shell_common::perf: frust-perf raw n=218 total_us=48122 rebuild_us=71 layout_us=0 paint_us=122 encode_us=147 acquire_us=76 submit_us=47703 skipped=0
frust_shell_common::perf: frust-perf raw n=219 total_us=47396 rebuild_us=64 layout_us=0 paint_us=112 encode_us=162 acquire_us=76 submit_us=46979 skipped=0
frust_shell_common::perf: frust-perf raw n=220 total_us=48294 rebuild_us=79 layout_us=0 paint_us=143 encode_us=135 acquire_us=76 submit_us=47860 skipped=0
frust_shell_common::perf: frust-perf raw n=221 total_us=48178 rebuild_us=63 layout_us=0 paint_us=113 encode_us=142 acquire_us=69 submit_us=47788 skipped=0
frust_shell_common::perf: frust-perf raw n=222 total_us=47840 rebuild_us=60 layout_us=0 paint_us=106 encode_us=140 acquire_us=71 submit_us=47461 skipped=0
frust_shell_android::app::frame: frust-perf platform-view tail depth=0 target=0 acquire_bound=false frame=960 expected_present_us=0 acquire_us=78 period_us=11136
frust_shell_common::perf: frust-perf raw n=223 total_us=47882 rebuild_us=62 layout_us=0 paint_us=112 encode_us=145 acquire_us=77 submit_us=47484 skipped=0
frust_shell_common::perf: frust-perf raw n=224 total_us=47569 rebuild_us=82 layout_us=0 paint_us=148 encode_us=178 acquire_us=102 submit_us=47056 skipped=0
frust_shell_common::perf: frust-perf raw n=225 total_us=47420 rebuild_us=57 layout_us=0 paint_us=105 encode_us=141 acquire_us=73 submit_us=47042 skipped=0
frust_shell_common::perf: frust-perf raw n=226 total_us=47380 rebuild_us=63 layout_us=0 paint_us=116 encode_us=141 acquire_us=72 submit_us=46985 skipped=0
frust_shell_common::perf: frust-perf raw n=227 total_us=47431 rebuild_us=75 layout_us=0 paint_us=128 encode_us=156 acquire_us=71 submit_us=46999 skipped=0
frust_shell_common::perf: frust-perf raw n=228 total_us=47784 rebuild_us=66 layout_us=0 paint_us=120 encode_us=141 acquire_us=70 submit_us=47384 skipped=0
frust_shell_common::perf: frust-perf raw n=229 total_us=47308 rebuild_us=65 layout_us=0 paint_us=125 encode_us=140 acquire_us=71 submit_us=46905 skipped=0
frust_shell_common::perf: frust-perf raw n=230 total_us=47150 rebuild_us=62 layout_us=0 paint_us=115 encode_us=141 acquire_us=71 submit_us=46759 skipped=0
frust_shell_common::perf: frust-perf raw n=231 total_us=47791 rebuild_us=69 layout_us=0 paint_us=122 encode_us=135 acquire_us=81 submit_us=47381 skipped=0
frust_shell_common::perf: frust-perf raw n=232 total_us=47148 rebuild_us=63 layout_us=0 paint_us=116 encode_us=139 acquire_us=74 submit_us=46753 skipped=0
frust_shell_common::perf: frust-perf raw n=233 total_us=47485 rebuild_us=80 layout_us=0 paint_us=142 encode_us=142 acquire_us=69 submit_us=47050 skipped=0
frust_shell_common::perf: frust-perf raw n=234 total_us=47454 rebuild_us=64 layout_us=0 paint_us=114 encode_us=168 acquire_us=73 submit_us=47032 skipped=0
frust_shell_common::perf: frust-perf raw n=235 total_us=46898 rebuild_us=61 layout_us=0 paint_us=116 encode_us=162 acquire_us=75 submit_us=46481 skipped=0
frust_shell_common::perf: frust-perf raw n=236 total_us=47803 rebuild_us=64 layout_us=0 paint_us=119 encode_us=157 acquire_us=76 submit_us=47384 skipped=0
frust_shell_common::perf: frust-perf raw n=237 total_us=47164 rebuild_us=61 layout_us=0 paint_us=113 encode_us=168 acquire_us=76 submit_us=46743 skipped=0
frust_shell_common::perf: frust-perf raw n=238 total_us=47417 rebuild_us=62 layout_us=0 paint_us=115 encode_us=156 acquire_us=76 submit_us=47006 skipped=0
frust_shell_common::perf: frust-perf raw n=239 total_us=48005 rebuild_us=60 layout_us=0 paint_us=113 encode_us=160 acquire_us=78 submit_us=47590 skipped=0
frust_shell_common::perf: frust-perf raw n=240 total_us=47725 rebuild_us=72 layout_us=0 paint_us=131 encode_us=178 acquire_us=101 submit_us=47241 skipped=0
frust_shell_common::perf: frust-perf raw n=241 total_us=47782 rebuild_us=62 layout_us=0 paint_us=115 encode_us=158 acquire_us=75 submit_us=47370 skipped=0
frust_shell_common::perf: frust-perf raw n=242 total_us=47092 rebuild_us=62 layout_us=0 paint_us=162 encode_us=158 acquire_us=79 submit_us=46629 skipped=0
frust_shell_common::perf: frust-perf raw n=243 total_us=48086 rebuild_us=63 layout_us=0 paint_us=117 encode_us=134 acquire_us=77 submit_us=47694 skipped=0
frust_shell_common::perf: frust-perf raw n=244 total_us=47621 rebuild_us=70 layout_us=0 paint_us=120 encode_us=140 acquire_us=70 submit_us=47220 skipped=0
frust_shell_common::perf: frust-perf raw n=245 total_us=47793 rebuild_us=59 layout_us=0 paint_us=115 encode_us=140 acquire_us=71 submit_us=47406 skipped=0
frust_shell_common::perf: frust-perf raw n=246 total_us=47071 rebuild_us=66 layout_us=0 paint_us=123 encode_us=159 acquire_us=77 submit_us=46643 skipped=0
frust_shell_common::perf: frust-perf raw n=247 total_us=47858 rebuild_us=60 layout_us=0 paint_us=117 encode_us=153 acquire_us=76 submit_us=47450 skipped=0
frust_shell_common::perf: frust-perf raw n=248 total_us=47400 rebuild_us=70 layout_us=0 paint_us=125 encode_us=159 acquire_us=76 submit_us=46968 skipped=0
frust_shell_common::perf: frust-perf raw n=249 total_us=47575 rebuild_us=64 layout_us=0 paint_us=120 encode_us=161 acquire_us=98 submit_us=47129 skipped=0
frust_shell_common::perf: frust-perf raw n=250 total_us=47568 rebuild_us=72 layout_us=0 paint_us=127 encode_us=169 acquire_us=93 submit_us=47104 skipped=0
frust_shell_android::app::frame: frust-perf platform-view tail depth=0 target=0 acquire_bound=false frame=1080 expected_present_us=0 acquire_us=83 period_us=11134
frust_shell_common::perf: frust-perf raw n=251 total_us=47454 rebuild_us=61 layout_us=0 paint_us=114 encode_us=156 acquire_us=86 submit_us=47036 skipped=0
frust_shell_common::perf: frust-perf frame n=120 total_p50_ms=47 total_p95_ms=48 total_p99_ms=49 rebuild_p95_ms=0 layout_p95_ms=0 paint_p95_ms=0 encode_p95_ms=0 acquire_p95_ms=0 submit_p95_ms=47 over_60hz=251 over_120hz=251 skipped=0 total_frames=251
frust_shell_common::perf: frust-perf raw n=252 total_us=47254 rebuild_us=90 layout_us=0 paint_us=152 encode_us=163 acquire_us=85 submit_us=46762 skipped=0
frust_shell_common::perf: frust-perf raw n=253 total_us=47827 rebuild_us=63 layout_us=0 paint_us=143 encode_us=159 acquire_us=85 submit_us=47376 skipped=0
frust_shell_common::perf: frust-perf raw n=254 total_us=47345 rebuild_us=58 layout_us=0 paint_us=102 encode_us=151 acquire_us=76 submit_us=46956 skipped=0
frust_shell_common::perf: frust-perf raw n=255 total_us=48524 rebuild_us=71 layout_us=0 paint_us=114 encode_us=157 acquire_us=80 submit_us=48099 skipped=0
frust_shell_common::perf: frust-perf raw n=256 total_us=47349 rebuild_us=224 layout_us=2 paint_us=549 encode_us=214 acquire_us=108 submit_us=46251 skipped=0
frust_shell_common::perf: frust-perf raw n=257 total_us=47609 rebuild_us=112 layout_us=0 paint_us=190 encode_us=228 acquire_us=90 submit_us=46985 skipped=0
frust_shell_common::perf: frust-perf raw n=258 total_us=47808 rebuild_us=102 layout_us=0 paint_us=178 encode_us=219 acquire_us=97 submit_us=47209 skipped=0
frust_shell_common::perf: frust-perf raw n=259 total_us=47464 rebuild_us=148 layout_us=1 paint_us=366 encode_us=221 acquire_us=106 submit_us=46620 skipped=0
frust_shell_common::perf: frust-perf raw n=260 total_us=47602 rebuild_us=98 layout_us=1 paint_us=282 encode_us=220 acquire_us=107 submit_us=46891 skipped=0
frust_shell_common::perf: frust-perf raw n=261 total_us=48188 rebuild_us=178 layout_us=2 paint_us=480 encode_us=229 acquire_us=118 submit_us=47178 skipped=0
frust_shell_common::perf: frust-perf raw n=262 total_us=47126 rebuild_us=80 layout_us=0 paint_us=154 encode_us=203 acquire_us=120 submit_us=46565 skipped=0
frust_shell_common::perf: frust-perf raw n=263 total_us=47968 rebuild_us=178 layout_us=1 paint_us=416 encode_us=225 acquire_us=120 submit_us=47025 skipped=0
frust_shell_common::perf: frust-perf raw n=264 total_us=47469 rebuild_us=125 layout_us=0 paint_us=278 encode_us=231 acquire_us=118 submit_us=46714 skipped=0
frust_shell_common::perf: frust-perf raw n=265 total_us=50639 rebuild_us=80 layout_us=0 paint_us=152 encode_us=226 acquire_us=96 submit_us=50083 skipped=0
frust_shell_common::perf: frust-perf raw n=266 total_us=47491 rebuild_us=82 layout_us=0 paint_us=156 encode_us=267 acquire_us=101 submit_us=46882 skipped=0
frust_shell_common::perf: frust-perf raw n=267 total_us=48258 rebuild_us=210 layout_us=2 paint_us=549 encode_us=240 acquire_us=115 submit_us=47140 skipped=0
frust_shell_common::perf: frust-perf raw n=268 total_us=47763 rebuild_us=246 layout_us=2 paint_us=605 encode_us=222 acquire_us=101 submit_us=46584 skipped=0
frust_shell_common::perf: frust-perf raw n=269 total_us=47770 rebuild_us=235 layout_us=2 paint_us=598 encode_us=264 acquire_us=165 submit_us=46505 skipped=0
frust_shell_common::perf: frust-perf raw n=270 total_us=46972 rebuild_us=114 layout_us=0 paint_us=199 encode_us=212 acquire_us=88 submit_us=46355 skipped=0
frust_shell_common::perf: frust-perf raw n=271 total_us=48317 rebuild_us=122 layout_us=0 paint_us=219 encode_us=200 acquire_us=77 submit_us=47697 skipped=0
frust_shell_common::perf: frust-perf raw n=272 total_us=47769 rebuild_us=64 layout_us=0 paint_us=103 encode_us=408 acquire_us=188 submit_us=47002 skipped=0
frust_shell_common::perf: frust-perf raw n=273 total_us=47188 rebuild_us=86 layout_us=0 paint_us=161 encode_us=202 acquire_us=107 submit_us=46629 skipped=0
frust_shell_common::perf: frust-perf raw n=274 total_us=47513 rebuild_us=97 layout_us=0 paint_us=176 encode_us=215 acquire_us=111 submit_us=46912 skipped=0
frust_shell_common::perf: frust-perf raw n=275 total_us=47558 rebuild_us=210 layout_us=1 paint_us=542 encode_us=237 acquire_us=127 submit_us=46439 skipped=0
frust_shell_common::perf: frust-perf raw n=276 total_us=48165 rebuild_us=192 layout_us=2 paint_us=508 encode_us=222 acquire_us=105 submit_us=47133 skipped=0
frust_shell_common::perf: frust-perf raw n=277 total_us=47938 rebuild_us=199 layout_us=2 paint_us=517 encode_us=226 acquire_us=107 submit_us=46886 skipped=0
frust_shell_common::perf: frust-perf raw n=278 total_us=48021 rebuild_us=78 layout_us=0 paint_us=153 encode_us=211 acquire_us=97 submit_us=47480 skipped=0
frust_shell_common::perf: frust-perf raw n=279 total_us=47178 rebuild_us=83 layout_us=0 paint_us=157 encode_us=209 acquire_us=106 submit_us=46621 skipped=0
frust_shell_android::app::frame: frust-perf platform-view tail depth=0 target=0 acquire_bound=false frame=1200 expected_present_us=0 acquire_us=104 period_us=11129
frust_shell_common::perf: frust-perf raw n=280 total_us=47432 rebuild_us=85 layout_us=0 paint_us=160 encode_us=208 acquire_us=92 submit_us=46885 skipped=0
frust_shell_common::perf: frust-perf raw n=281 total_us=48178 rebuild_us=82 layout_us=0 paint_us=158 encode_us=185 acquire_us=93 submit_us=47658 skipped=0
frust_shell_common::perf: frust-perf raw n=282 total_us=48052 rebuild_us=370 layout_us=2 paint_us=582 encode_us=438 acquire_us=152 submit_us=46505 skipped=0
frust_shell_common::perf: frust-perf raw n=283 total_us=47890 rebuild_us=227 layout_us=2 paint_us=599 encode_us=188 acquire_us=112 submit_us=46760 skipped=0
frust_shell_common::perf: frust-perf raw n=284 total_us=48441 rebuild_us=216 layout_us=2 paint_us=543 encode_us=255 acquire_us=139 submit_us=47283 skipped=0
frust_shell_common::perf: frust-perf raw n=285 total_us=48420 rebuild_us=234 layout_us=2 paint_us=665 encode_us=271 acquire_us=112 submit_us=47135 skipped=0
frust_shell_common::perf: frust-perf raw n=286 total_us=47729 rebuild_us=224 layout_us=2 paint_us=561 encode_us=217 acquire_us=99 submit_us=46624 skipped=0
frust_shell_common::perf: frust-perf raw n=287 total_us=48279 rebuild_us=221 layout_us=2 paint_us=558 encode_us=229 acquire_us=129 submit_us=47138 skipped=0
frust_shell_common::perf: frust-perf raw n=288 total_us=47749 rebuild_us=194 layout_us=2 paint_us=511 encode_us=222 acquire_us=110 submit_us=46707 skipped=0
frust_shell_common::perf: frust-perf raw n=289 total_us=48747 rebuild_us=391 layout_us=2 paint_us=769 encode_us=234 acquire_us=120 submit_us=47229 skipped=0
frust_shell_common::perf: frust-perf raw n=290 total_us=48284 rebuild_us=218 layout_us=2 paint_us=552 encode_us=207 acquire_us=92 submit_us=47212 skipped=0
frust_shell_common::perf: frust-perf raw n=291 total_us=48600 rebuild_us=201 layout_us=1 paint_us=605 encode_us=237 acquire_us=125 submit_us=47427 skipped=0
frust_shell_common::perf: frust-perf raw n=292 total_us=48073 rebuild_us=250 layout_us=2 paint_us=633 encode_us=261 acquire_us=151 submit_us=46773 skipped=0
frust_shell_common::perf: frust-perf raw n=293 total_us=48660 rebuild_us=205 layout_us=2 paint_us=628 encode_us=303 acquire_us=145 submit_us=47376 skipped=0
frust_shell_common::perf: frust-perf frame n=120 total_p50_ms=47 total_p95_ms=48 total_p99_ms=49 rebuild_p95_ms=0 layout_p95_ms=0 paint_p95_ms=0 encode_p95_ms=0 acquire_p95_ms=0 submit_p95_ms=47 over_60hz=293 over_120hz=293 skipped=0 total_frames=293
frust_shell_common::perf: frust-perf raw n=294 total_us=47954 rebuild_us=228 layout_us=2 paint_us=522 encode_us=219 acquire_us=108 submit_us=46874 skipped=0
frust_shell_common::perf: frust-perf raw n=295 total_us=47807 rebuild_us=229 layout_us=2 paint_us=570 encode_us=231 acquire_us=108 submit_us=46663 skipped=0
frust_shell_common::perf: frust-perf raw n=296 total_us=48263 rebuild_us=91 layout_us=0 paint_us=166 encode_us=177 acquire_us=83 submit_us=47744 skipped=0
frust_shell_common::perf: frust-perf raw n=297 total_us=47716 rebuild_us=243 layout_us=2 paint_us=717 encode_us=215 acquire_us=118 submit_us=46419 skipped=0
frust_shell_common::perf: frust-perf raw n=298 total_us=48995 rebuild_us=378 layout_us=40 paint_us=914 encode_us=224 acquire_us=103 submit_us=47335 skipped=0
frust_shell_common::perf: frust-perf raw n=299 total_us=48010 rebuild_us=196 layout_us=1 paint_us=509 encode_us=226 acquire_us=123 submit_us=46953 skipped=0
frust_shell_common::perf: frust-perf raw n=300 total_us=48862 rebuild_us=226 layout_us=1 paint_us=612 encode_us=239 acquire_us=120 submit_us=47661 skipped=0
frust_shell_common::perf: frust-perf raw n=301 total_us=47778 rebuild_us=190 layout_us=2 paint_us=500 encode_us=220 acquire_us=105 submit_us=46759 skipped=0
frust_shell_common::perf: frust-perf raw n=302 total_us=48698 rebuild_us=194 layout_us=2 paint_us=653 encode_us=224 acquire_us=114 submit_us=47509 skipped=0
frust_shell_common::perf: frust-perf raw n=303 total_us=46977 rebuild_us=73 layout_us=0 paint_us=131 encode_us=416 acquire_us=161 submit_us=46194 skipped=0
frust_shell_common::perf: frust-perf raw n=304 total_us=47961 rebuild_us=85 layout_us=0 paint_us=155 encode_us=208 acquire_us=92 submit_us=47418 skipped=0
frust_shell_common::perf: frust-perf raw n=305 total_us=48044 rebuild_us=563 layout_us=2 paint_us=559 encode_us=236 acquire_us=114 submit_us=46569 skipped=0
frust_shell_common::perf: frust-perf raw n=306 total_us=48631 rebuild_us=228 layout_us=2 paint_us=562 encode_us=223 acquire_us=107 submit_us=47506 skipped=0
frust_shell_common::perf: frust-perf raw n=307 total_us=47933 rebuild_us=361 layout_us=2 paint_us=875 encode_us=281 acquire_us=196 submit_us=46216 skipped=0
frust_shell_android::app::frame: frust-perf platform-view tail depth=0 target=0 acquire_bound=false frame=1320 expected_present_us=0 acquire_us=122 period_us=11130
frust_shell_common::perf: frust-perf raw n=308 total_us=47536 rebuild_us=82 layout_us=0 paint_us=155 encode_us=204 acquire_us=92 submit_us=47000 skipped=0
frust_shell_common::perf: frust-perf raw n=309 total_us=47668 rebuild_us=98 layout_us=0 paint_us=178 encode_us=209 acquire_us=91 submit_us=47090 skipped=0
frust_shell_common::perf: frust-perf raw n=310 total_us=48158 rebuild_us=83 layout_us=0 paint_us=158 encode_us=208 acquire_us=93 submit_us=47613 skipped=0
frust_shell_common::perf: frust-perf raw n=311 total_us=46728 rebuild_us=85 layout_us=0 paint_us=155 encode_us=200 acquire_us=103 submit_us=46182 skipped=0
frust_shell_common::perf: frust-perf raw n=312 total_us=47615 rebuild_us=85 layout_us=0 paint_us=158 encode_us=207 acquire_us=94 submit_us=47068 skipped=0
frust_shell_common::perf: frust-perf raw n=313 total_us=48134 rebuild_us=221 layout_us=2 paint_us=553 encode_us=229 acquire_us=139 submit_us=46988 skipped=0
frust_shell_common::perf: frust-perf raw n=314 total_us=48221 rebuild_us=323 layout_us=3 paint_us=791 encode_us=323 acquire_us=145 submit_us=46633 skipped=0
frust_shell_common::perf: frust-perf raw n=315 total_us=47955 rebuild_us=205 layout_us=1 paint_us=519 encode_us=250 acquire_us=91 submit_us=46886 skipped=0
frust_shell_common::perf: frust-perf raw n=316 total_us=48288 rebuild_us=235 layout_us=2 paint_us=572 encode_us=243 acquire_us=130 submit_us=47104 skipped=0
frust_shell_common::perf: frust-perf raw n=317 total_us=48296 rebuild_us=210 layout_us=1 paint_us=527 encode_us=234 acquire_us=112 submit_us=47209 skipped=0
frust_shell_common::perf: frust-perf raw n=318 total_us=47894 rebuild_us=323 layout_us=2 paint_us=674 encode_us=251 acquire_us=134 submit_us=46508 skipped=0
frust_shell_common::perf: frust-perf raw n=319 total_us=47715 rebuild_us=82 layout_us=0 paint_us=152 encode_us=218 acquire_us=82 submit_us=47179 skipped=0
frust_shell_common::perf: frust-perf raw n=320 total_us=47595 rebuild_us=120 layout_us=0 paint_us=199 encode_us=219 acquire_us=92 submit_us=46962 skipped=0
frust_shell_common::perf: frust-perf raw n=321 total_us=47759 rebuild_us=200 layout_us=1 paint_us=318 encode_us=226 acquire_us=84 submit_us=46928 skipped=0
frust_shell_common::perf: frust-perf raw n=322 total_us=46908 rebuild_us=86 layout_us=0 paint_us=129 encode_us=226 acquire_us=79 submit_us=46386 skipped=0
frust_shell_common::perf: frust-perf raw n=323 total_us=48140 rebuild_us=122 layout_us=0 paint_us=197 encode_us=225 acquire_us=101 submit_us=47493 skipped=0
frust_shell_common::perf: frust-perf raw n=324 total_us=48213 rebuild_us=121 layout_us=0 paint_us=244 encode_us=211 acquire_us=94 submit_us=47541 skipped=0
frust_shell_common::perf: frust-perf raw n=325 total_us=47726 rebuild_us=217 layout_us=2 paint_us=541 encode_us=239 acquire_us=119 submit_us=46606 skipped=0
frust_shell_common::perf: frust-perf raw n=326 total_us=48357 rebuild_us=203 layout_us=2 paint_us=519 encode_us=231 acquire_us=115 submit_us=47285 skipped=0
frust_shell_common::perf: frust-perf raw n=327 total_us=47913 rebuild_us=264 layout_us=3 paint_us=662 encode_us=253 acquire_us=154 submit_us=46574 skipped=0
frust_shell_common::perf: frust-perf raw n=328 total_us=48986 rebuild_us=295 layout_us=3 paint_us=888 encode_us=285 acquire_us=104 submit_us=47409 skipped=0
frust_shell_common::perf: frust-perf raw n=329 total_us=47999 rebuild_us=339 layout_us=2 paint_us=539 encode_us=222 acquire_us=109 submit_us=46786 skipped=0
frust_shell_common::perf: frust-perf raw n=330 total_us=48640 rebuild_us=198 layout_us=2 paint_us=523 encode_us=232 acquire_us=106 submit_us=47577 skipped=0
frust_shell_common::perf: frust-perf raw n=331 total_us=48354 rebuild_us=417 layout_us=2 paint_us=635 encode_us=319 acquire_us=155 submit_us=46824 skipped=0
frust_shell_common::perf: frust-perf raw n=332 total_us=49372 rebuild_us=247 layout_us=2 paint_us=634 encode_us=257 acquire_us=105 submit_us=48126 skipped=0
frust_shell_common::perf: frust-perf raw n=333 total_us=48656 rebuild_us=236 layout_us=2 paint_us=666 encode_us=262 acquire_us=175 submit_us=47313 skipped=0
frust_shell_common::perf: frust-perf raw n=334 total_us=47942 rebuild_us=194 layout_us=2 paint_us=508 encode_us=227 acquire_us=114 submit_us=46895 skipped=0
frust_shell_common::perf: frust-perf raw n=335 total_us=48440 rebuild_us=230 layout_us=2 paint_us=680 encode_us=228 acquire_us=109 submit_us=47189 skipped=0
frust_shell_common::perf: frust-perf frame n=120 total_p50_ms=47 total_p95_ms=48 total_p99_ms=49 rebuild_p95_ms=0 layout_p95_ms=0 paint_p95_ms=0 encode_p95_ms=0 acquire_p95_ms=0 submit_p95_ms=47 over_60hz=335 over_120hz=335 skipped=0 total_frames=335
frust_shell_android::app::frame: frust-perf platform-view tail depth=0 target=0 acquire_bound=false frame=1440 expected_present_us=0 acquire_us=118 period_us=11127
frust_shell_common::perf: frust-perf raw n=336 total_us=48410 rebuild_us=217 layout_us=2 paint_us=554 encode_us=226 acquire_us=109 submit_us=47300 skipped=0
frust_shell_common::perf: frust-perf raw n=337 total_us=48032 rebuild_us=239 layout_us=2 paint_us=586 encode_us=291 acquire_us=144 submit_us=46767 skipped=0
frust_shell_common::perf: frust-perf raw n=338 total_us=48314 rebuild_us=232 layout_us=2 paint_us=573 encode_us=240 acquire_us=122 submit_us=47143 skipped=0
frust_shell_common::perf: frust-perf raw n=339 total_us=47249 rebuild_us=108 layout_us=0 paint_us=201 encode_us=219 acquire_us=107 submit_us=46610 skipped=0
frust_shell_common::perf: frust-perf raw n=340 total_us=47413 rebuild_us=123 layout_us=0 paint_us=186 encode_us=217 acquire_us=94 submit_us=46791 skipped=0
frust_shell_common::perf: frust-perf raw n=341 total_us=48063 rebuild_us=155 layout_us=0 paint_us=294 encode_us=232 acquire_us=105 submit_us=47275 skipped=0
frust_shell_common::perf: frust-perf raw n=342 total_us=47794 rebuild_us=84 layout_us=0 paint_us=154 encode_us=208 acquire_us=95 submit_us=47250 skipped=0
frust_shell_common::perf: frust-perf raw n=343 total_us=48081 rebuild_us=212 layout_us=2 paint_us=536 encode_us=257 acquire_us=156 submit_us=46916 skipped=0
frust_shell_common::perf: frust-perf raw n=344 total_us=49014 rebuild_us=220 layout_us=2 paint_us=557 encode_us=230 acquire_us=105 submit_us=47898 skipped=0
frust_shell_common::perf: frust-perf raw n=345 total_us=48154 rebuild_us=209 layout_us=2 paint_us=535 encode_us=232 acquire_us=121 submit_us=47052 skipped=0
frust_shell_common::perf: frust-perf raw n=346 total_us=48516 rebuild_us=281 layout_us=2 paint_us=953 encode_us=413 acquire_us=206 submit_us=46658 skipped=0
frust_shell_common::perf: frust-perf raw n=347 total_us=47759 rebuild_us=218 layout_us=2 paint_us=546 encode_us=317 acquire_us=137 submit_us=46537 skipped=0
frust_shell_common::perf: frust-perf raw n=348 total_us=48120 rebuild_us=193 layout_us=2 paint_us=510 encode_us=222 acquire_us=108 submit_us=47082 skipped=0
frust_shell_common::perf: frust-perf raw n=349 total_us=48214 rebuild_us=217 layout_us=2 paint_us=533 encode_us=232 acquire_us=163 submit_us=47064 skipped=0
frust_shell_common::perf: frust-perf raw n=350 total_us=48387 rebuild_us=201 layout_us=2 paint_us=511 encode_us=213 acquire_us=96 submit_us=47362 skipped=0
frust_shell_common::perf: frust-perf raw n=351 total_us=48963 rebuild_us=584 layout_us=2 paint_us=796 encode_us=212 acquire_us=91 submit_us=47275 skipped=0
frust_shell_common::perf: frust-perf raw n=352 total_us=47898 rebuild_us=220 layout_us=2 paint_us=545 encode_us=254 acquire_us=157 submit_us=46718 skipped=0
frust_shell_common::perf: frust-perf raw n=353 total_us=48819 rebuild_us=296 layout_us=3 paint_us=630 encode_us=264 acquire_us=124 submit_us=47500 skipped=0
frust_shell_common::perf: frust-perf raw n=354 total_us=47835 rebuild_us=239 layout_us=2 paint_us=586 encode_us=247 acquire_us=123 submit_us=46636 skipped=0
frust_shell_common::perf: frust-perf raw n=355 total_us=47736 rebuild_us=108 layout_us=0 paint_us=202 encode_us=208 acquire_us=89 submit_us=47126 skipped=0
frust_shell_common::perf: frust-perf raw n=356 total_us=47935 rebuild_us=83 layout_us=0 paint_us=158 encode_us=173 acquire_us=92 submit_us=47425 skipped=0
frust_shell_common::perf: frust-perf raw n=357 total_us=47819 rebuild_us=213 layout_us=2 paint_us=530 encode_us=238 acquire_us=118 submit_us=46717 skipped=0
frust_shell_common::perf: frust-perf raw n=358 total_us=48035 rebuild_us=228 layout_us=2 paint_us=558 encode_us=231 acquire_us=114 submit_us=46900 skipped=0
frust_shell_common::perf: frust-perf raw n=359 total_us=48413 rebuild_us=217 layout_us=2 paint_us=531 encode_us=231 acquire_us=118 submit_us=47312 skipped=0
frust_shell_common::perf: frust-perf raw n=360 total_us=47775 rebuild_us=249 layout_us=2 paint_us=650 encode_us=252 acquire_us=139 submit_us=46480 skipped=0
frust_shell_common::perf: frust-perf raw n=361 total_us=48399 rebuild_us=234 layout_us=2 paint_us=577 encode_us=140 acquire_us=121 submit_us=47322 skipped=0
frust_shell_common::perf: frust-perf raw n=362 total_us=47991 rebuild_us=238 layout_us=2 paint_us=722 encode_us=423 acquire_us=171 submit_us=46434 skipped=0
frust_shell_common::perf: frust-perf raw n=363 total_us=48043 rebuild_us=230 layout_us=2 paint_us=580 encode_us=250 acquire_us=131 submit_us=46849 skipped=0
frust_shell_android::app::frame: frust-perf platform-view tail depth=0 target=0 acquire_bound=false frame=1560 expected_present_us=0 acquire_us=130 period_us=11126
frust_shell_common::perf: frust-perf raw n=364 total_us=47900 rebuild_us=241 layout_us=2 paint_us=588 encode_us=238 acquire_us=128 submit_us=46700 skipped=0
frust_shell_common::perf: frust-perf raw n=365 total_us=48024 rebuild_us=208 layout_us=2 paint_us=524 encode_us=232 acquire_us=120 submit_us=46936 skipped=0
frust_shell_common::perf: frust-perf raw n=366 total_us=48229 rebuild_us=241 layout_us=3 paint_us=602 encode_us=232 acquire_us=170 submit_us=46979 skipped=0
frust_shell_common::perf: frust-perf raw n=367 total_us=48057 rebuild_us=204 layout_us=1 paint_us=520 encode_us=233 acquire_us=119 submit_us=46977 skipped=0
frust_shell_common::perf: frust-perf raw n=368 total_us=48386 rebuild_us=220 layout_us=2 paint_us=651 encode_us=265 acquire_us=147 submit_us=47099 skipped=0
frust_shell_common::perf: frust-perf raw n=369 total_us=47735 rebuild_us=204 layout_us=2 paint_us=521 encode_us=232 acquire_us=111 submit_us=46663 skipped=0
frust_shell_common::perf: frust-perf raw n=370 total_us=48693 rebuild_us=191 layout_us=1 paint_us=503 encode_us=219 acquire_us=103 submit_us=47674 skipped=0
frust_shell_common::perf: frust-perf raw n=371 total_us=47212 rebuild_us=224 layout_us=2 paint_us=687 encode_us=263 acquire_us=102 submit_us=45931 skipped=0
frust_shell_common::perf: frust-perf raw n=372 total_us=48460 rebuild_us=186 layout_us=1 paint_us=436 encode_us=209 acquire_us=95 submit_us=47532 skipped=0
frust_shell_common::perf: frust-perf raw n=373 total_us=48046 rebuild_us=337 layout_us=2 paint_us=514 encode_us=214 acquire_us=91 submit_us=46887 skipped=0
frust_shell_common::perf: frust-perf raw n=374 total_us=48139 rebuild_us=206 layout_us=1 paint_us=525 encode_us=254 acquire_us=107 submit_us=47042 skipped=0
frust_shell_common::perf: frust-perf raw n=375 total_us=47842 rebuild_us=345 layout_us=2 paint_us=613 encode_us=340 acquire_us=118 submit_us=46421 skipped=0
frust_shell_common::perf: frust-perf raw n=376 total_us=48215 rebuild_us=191 layout_us=1 paint_us=500 encode_us=224 acquire_us=116 submit_us=47181 skipped=0
frust_shell_common::perf: frust-perf raw n=377 total_us=48046 rebuild_us=190 layout_us=2 paint_us=503 encode_us=223 acquire_us=102 submit_us=47025 skipped=0
frust_shell_common::perf: frust-perf frame n=120 total_p50_ms=48 total_p95_ms=48 total_p99_ms=49 rebuild_p95_ms=0 layout_p95_ms=0 paint_p95_ms=0 encode_p95_ms=0 acquire_p95_ms=0 submit_p95_ms=47 over_60hz=377 over_120hz=377 skipped=0 total_frames=377
frust_shell_common::perf: frust-perf raw n=378 total_us=47910 rebuild_us=283 layout_us=2 paint_us=525 encode_us=230 acquire_us=130 submit_us=46737 skipped=0
frust_shell_common::perf: frust-perf raw n=379 total_us=47958 rebuild_us=230 layout_us=1 paint_us=583 encode_us=245 acquire_us=137 submit_us=46759 skipped=0
frust_shell_common::perf: frust-perf raw n=380 total_us=48328 rebuild_us=401 layout_us=2 paint_us=559 encode_us=272 acquire_us=125 submit_us=46967 skipped=0
frust_shell_common::perf: frust-perf raw n=381 total_us=47430 rebuild_us=112 layout_us=0 paint_us=215 encode_us=209 acquire_us=102 submit_us=46790 skipped=0
frust_shell_common::perf: frust-perf raw n=382 total_us=47054 rebuild_us=100 layout_us=0 paint_us=179 encode_us=222 acquire_us=109 submit_us=46441 skipped=0
frust_shell_common::perf: frust-perf raw n=383 total_us=48027 rebuild_us=122 layout_us=0 paint_us=188 encode_us=222 acquire_us=110 submit_us=47382 skipped=0
frust_shell_common::perf: frust-perf raw n=384 total_us=47712 rebuild_us=124 layout_us=0 paint_us=167 encode_us=209 acquire_us=94 submit_us=47116 skipped=0
frust_shell_common::perf: frust-perf raw n=385 total_us=48191 rebuild_us=225 layout_us=2 paint_us=562 encode_us=247 acquire_us=133 submit_us=47021 skipped=0
frust_shell_common::perf: frust-perf raw n=386 total_us=47852 rebuild_us=337 layout_us=2 paint_us=743 encode_us=261 acquire_us=154 submit_us=46351 skipped=0
frust_shell_common::perf: frust-perf raw n=387 total_us=47762 rebuild_us=86 layout_us=0 paint_us=160 encode_us=178 acquire_us=83 submit_us=47252 skipped=0
frust_shell_common::perf: frust-perf raw n=388 total_us=47649 rebuild_us=99 layout_us=0 paint_us=173 encode_us=213 acquire_us=102 submit_us=47060 skipped=0
frust_shell_common::perf: frust-perf raw n=389 total_us=48380 rebuild_us=208 layout_us=2 paint_us=733 encode_us=239 acquire_us=131 submit_us=47065 skipped=0
frust_shell_common::perf: frust-perf raw n=390 total_us=48253 rebuild_us=202 layout_us=2 paint_us=518 encode_us=234 acquire_us=119 submit_us=47176 skipped=0
frust_shell_common::perf: frust-perf raw n=391 total_us=48175 rebuild_us=392 layout_us=2 paint_us=550 encode_us=221 acquire_us=119 submit_us=46890 skipped=0
frust_shell_android::app::frame: frust-perf platform-view tail depth=0 target=0 acquire_bound=false frame=1680 expected_present_us=0 acquire_us=117 period_us=11142
frust_shell_common::perf: frust-perf raw n=392 total_us=48379 rebuild_us=193 layout_us=2 paint_us=508 encode_us=224 acquire_us=120 submit_us=47331 skipped=0
frust_shell_common::perf: frust-perf raw n=393 total_us=48288 rebuild_us=207 layout_us=2 paint_us=607 encode_us=294 acquire_us=111 submit_us=47065 skipped=0
frust_shell_common::perf: frust-perf raw n=394 total_us=48138 rebuild_us=258 layout_us=2 paint_us=640 encode_us=276 acquire_us=173 submit_us=46787 skipped=0
frust_shell_common::perf: frust-perf raw n=395 total_us=47966 rebuild_us=234 layout_us=2 paint_us=927 encode_us=222 acquire_us=108 submit_us=46471 skipped=0
frust_shell_common::perf: frust-perf raw n=396 total_us=47662 rebuild_us=84 layout_us=0 paint_us=157 encode_us=209 acquire_us=92 submit_us=47118 skipped=0
frust_shell_common::perf: frust-perf raw n=397 total_us=47728 rebuild_us=244 layout_us=2 paint_us=578 encode_us=256 acquire_us=145 submit_us=46501 skipped=0
frust_shell_common::perf: frust-perf raw n=398 total_us=47664 rebuild_us=86 layout_us=0 paint_us=164 encode_us=212 acquire_us=92 submit_us=47107 skipped=0
frust_shell_common::perf: frust-perf raw n=399 total_us=48382 rebuild_us=375 layout_us=2 paint_us=806 encode_us=259 acquire_us=199 submit_us=46738 skipped=0
frust_shell_common::perf: frust-perf raw n=400 total_us=48288 rebuild_us=224 layout_us=2 paint_us=655 encode_us=253 acquire_us=144 submit_us=47008 skipped=0
frust_shell_common::perf: frust-perf raw n=401 total_us=48367 rebuild_us=219 layout_us=2 paint_us=537 encode_us=229 acquire_us=108 submit_us=47269 skipped=0
frust_shell_common::perf: frust-perf raw n=402 total_us=47934 rebuild_us=201 layout_us=1 paint_us=516 encode_us=240 acquire_us=125 submit_us=46848 skipped=0
frust_shell_common::perf: frust-perf raw n=403 total_us=47231 rebuild_us=140 layout_us=0 paint_us=305 encode_us=278 acquire_us=136 submit_us=46370 skipped=0
frust_shell_common::perf: frust-perf raw n=404 total_us=47773 rebuild_us=87 layout_us=0 paint_us=160 encode_us=210 acquire_us=95 submit_us=47219 skipped=0
frust_shell_common::perf: frust-perf raw n=405 total_us=48090 rebuild_us=215 layout_us=2 paint_us=542 encode_us=228 acquire_us=119 submit_us=46982 skipped=0
frust_shell_common::perf: frust-perf raw n=406 total_us=48234 rebuild_us=231 layout_us=2 paint_us=593 encode_us=224 acquire_us=113 submit_us=47069 skipped=0
frust_shell_common::perf: frust-perf raw n=407 total_us=47972 rebuild_us=222 layout_us=2 paint_us=559 encode_us=222 acquire_us=107 submit_us=46857 skipped=0
frust_shell_common::perf: frust-perf raw n=408 total_us=48125 rebuild_us=227 layout_us=1 paint_us=562 encode_us=253 acquire_us=147 submit_us=46932 skipped=0
frust_shell_common::perf: frust-perf raw n=409 total_us=47563 rebuild_us=211 layout_us=2 paint_us=648 encode_us=245 acquire_us=134 submit_us=46321 skipped=0
frust_shell_common::perf: frust-perf raw n=410 total_us=47054 rebuild_us=99 layout_us=0 paint_us=183 encode_us=222 acquire_us=100 submit_us=46447 skipped=0
frust_shell_common::perf: frust-perf raw n=411 total_us=48163 rebuild_us=158 layout_us=0 paint_us=382 encode_us=205 acquire_us=90 submit_us=47325 skipped=0
frust_shell_common::perf: frust-perf raw n=412 total_us=47731 rebuild_us=96 layout_us=0 paint_us=172 encode_us=216 acquire_us=96 submit_us=47149 skipped=0
frust_shell_common::perf: frust-perf raw n=413 total_us=47912 rebuild_us=229 layout_us=2 paint_us=566 encode_us=330 acquire_us=148 submit_us=46635 skipped=0
frust_shell_common::perf: frust-perf raw n=414 total_us=47870 rebuild_us=137 layout_us=0 paint_us=389 encode_us=217 acquire_us=90 submit_us=47034 skipped=0
frust_shell_common::perf: frust-perf raw n=415 total_us=48427 rebuild_us=162 layout_us=1 paint_us=389 encode_us=248 acquire_us=131 submit_us=47494 skipped=0
frust_shell_common::perf: frust-perf raw n=416 total_us=47565 rebuild_us=233 layout_us=2 paint_us=559 encode_us=226 acquire_us=107 submit_us=46436 skipped=0
