frust-perf activity-create
frust_shell_common::perf: bench-scenario-start s1
frust_render::context: frust-perf surface-caps formats=[Rgba8UnormSrgb,Rgba8Unorm,Rgba16Float,Rgb10a2Unorm] usages=TextureUsages(COPY_SRC | COPY_DST | TEXTURE_BINDING | STORAGE_BINDING | RENDER_ATTACHMENT | STORAGE_ATOMIC) direct_to_surface=YES (Rgba8Unorm+STORAGE_BINDING)
frust_render::context: frust-perf render-path direct (Rgba8Unorm+STORAGE_BINDING)
frust_shell_common::perf: frust-perf startup init_entry=0ms font_preinit_started=0ms font_preinit_joined=0ms preinit_started=0ms preinit_joined=14ms cache_loaded=15ms pipeline_cache_restored=15ms adapter_ready=56ms device_ready=56ms renderer_ready=56ms first_rebuild_done=64ms first_encode_done=64ms first_frame_presented=84ms
frust_shell_common::perf: frust-perf raw n=1 total_us=20352 rebuild_us=98 layout_us=0 paint_us=165 encode_us=179 acquire_us=25 submit_us=19883 skipped=0
frust_shell_common::perf: frust-perf raw n=2 total_us=87466 rebuild_us=178 layout_us=0 paint_us=303 encode_us=194 acquire_us=31 submit_us=86758 skipped=0
frust_shell_common::perf: frust-perf raw n=3 total_us=67740 rebuild_us=105 layout_us=0 paint_us=140 encode_us=132 acquire_us=41 submit_us=67320 skipped=0
frust_shell_common::perf: frust-perf raw n=4 total_us=53516 rebuild_us=104 layout_us=0 paint_us=131 encode_us=170 acquire_us=58 submit_us=53051 skipped=0
frust_shell_common::perf: frust-perf raw n=5 total_us=53802 rebuild_us=99 layout_us=0 paint_us=120 encode_us=107 acquire_us=47 submit_us=53427 skipped=0
frust_shell_common::perf: frust-perf raw n=6 total_us=53196 rebuild_us=81 layout_us=0 paint_us=122 encode_us=125 acquire_us=51 submit_us=52814 skipped=0
frust_shell_common::perf: frust-perf raw n=7 total_us=53582 rebuild_us=67 layout_us=0 paint_us=119 encode_us=121 acquire_us=51 submit_us=53222 skipped=0
frust_shell_common::perf: frust-perf raw n=8 total_us=50445 rebuild_us=112 layout_us=0 paint_us=243 encode_us=180 acquire_us=74 submit_us=49834 skipped=0
frust_shell_common::perf: frust-perf raw n=9 total_us=49424 rebuild_us=95 layout_us=0 paint_us=137 encode_us=177 acquire_us=78 submit_us=48935 skipped=0
frust_shell_common::perf: frust-perf raw n=10 total_us=49932 rebuild_us=120 layout_us=0 paint_us=188 encode_us=154 acquire_us=91 submit_us=49377 skipped=0
frust_shell_common::perf: frust-perf raw n=11 total_us=49214 rebuild_us=94 layout_us=0 paint_us=147 encode_us=150 acquire_us=78 submit_us=48742 skipped=0
frust_shell_common::perf: frust-perf raw n=12 total_us=48406 rebuild_us=63 layout_us=0 paint_us=120 encode_us=147 acquire_us=74 submit_us=47999 skipped=0
frust_shell_common::perf: frust-perf raw n=13 total_us=48316 rebuild_us=66 layout_us=0 paint_us=130 encode_us=145 acquire_us=88 submit_us=47886 skipped=0
frust_shell_common::perf: frust-perf raw n=14 total_us=48224 rebuild_us=70 layout_us=0 paint_us=129 encode_us=160 acquire_us=83 submit_us=47778 skipped=0
frust_shell_common::perf: frust-perf raw n=15 total_us=47903 rebuild_us=57 layout_us=0 paint_us=117 encode_us=156 acquire_us=82 submit_us=47488 skipped=0
frust_shell_common::perf: frust-perf raw n=16 total_us=48531 rebuild_us=64 layout_us=0 paint_us=159 encode_us=156 acquire_us=82 submit_us=48068 skipped=0
frust_shell_common::perf: frust-perf raw n=17 total_us=48042 rebuild_us=64 layout_us=0 paint_us=117 encode_us=154 acquire_us=77 submit_us=47628 skipped=0
frust_shell_common::perf: frust-perf raw n=18 total_us=48711 rebuild_us=59 layout_us=0 paint_us=116 encode_us=156 acquire_us=82 submit_us=48295 skipped=0
frust_shell_common::perf: frust-perf raw n=19 total_us=47899 rebuild_us=62 layout_us=0 paint_us=119 encode_us=155 acquire_us=79 submit_us=47482 skipped=0
frust_shell_common::perf: frust-perf raw n=20 total_us=48733 rebuild_us=176 layout_us=312 paint_us=151 encode_us=153 acquire_us=76 submit_us=47862 skipped=0
frust_shell_common::perf: frust-perf raw n=21 total_us=48042 rebuild_us=67 layout_us=0 paint_us=129 encode_us=158 acquire_us=80 submit_us=47606 skipped=0
frust_shell_common::perf: frust-perf raw n=22 total_us=48379 rebuild_us=61 layout_us=0 paint_us=114 encode_us=154 acquire_us=89 submit_us=47959 skipped=0
frust_shell_common::perf: frust-perf raw n=23 total_us=47743 rebuild_us=81 layout_us=0 paint_us=145 encode_us=173 acquire_us=95 submit_us=47246 skipped=0
frust_shell_common::perf: frust-perf raw n=24 total_us=48059 rebuild_us=61 layout_us=0 paint_us=118 encode_us=155 acquire_us=104 submit_us=47619 skipped=0
frust_shell_common::perf: frust-perf raw n=25 total_us=48532 rebuild_us=82 layout_us=0 paint_us=156 encode_us=147 acquire_us=91 submit_us=48054 skipped=0
frust_shell_android::app::frame: frust-perf platform-view tail depth=0 target=0 acquire_bound=false frame=120 expected_present_us=0 acquire_us=84 period_us=11125
frust_shell_common::perf: frust-perf raw n=26 total_us=47799 rebuild_us=61 layout_us=0 paint_us=118 encode_us=139 acquire_us=72 submit_us=47406 skipped=0
frust_shell_common::perf: frust-perf raw n=27 total_us=48185 rebuild_us=78 layout_us=0 paint_us=147 encode_us=142 acquire_us=71 submit_us=47746 skipped=0
frust_shell_common::perf: frust-perf raw n=28 total_us=48034 rebuild_us=53 layout_us=0 paint_us=102 encode_us=147 acquire_us=88 submit_us=47642 skipped=0
frust_shell_common::perf: frust-perf raw n=29 total_us=47289 rebuild_us=87 layout_us=0 paint_us=142 encode_us=144 acquire_us=77 submit_us=46836 skipped=0
frust_shell_common::perf: frust-perf raw n=30 total_us=48249 rebuild_us=86 layout_us=0 paint_us=147 encode_us=149 acquire_us=78 submit_us=47787 skipped=0
frust_shell_common::perf: frust-perf raw n=31 total_us=47895 rebuild_us=60 layout_us=0 paint_us=121 encode_us=148 acquire_us=78 submit_us=47486 skipped=0
frust_shell_common::perf: frust-perf raw n=32 total_us=47563 rebuild_us=61 layout_us=0 paint_us=118 encode_us=156 acquire_us=95 submit_us=47131 skipped=0
frust_shell_common::perf: frust-perf raw n=33 total_us=47999 rebuild_us=60 layout_us=0 paint_us=115 encode_us=157 acquire_us=90 submit_us=47576 skipped=0
frust_shell_common::perf: frust-perf raw n=34 total_us=47913 rebuild_us=59 layout_us=0 paint_us=118 encode_us=159 acquire_us=78 submit_us=47497 skipped=0
frust_shell_common::perf: frust-perf raw n=35 total_us=48781 rebuild_us=62 layout_us=0 paint_us=117 encode_us=133 acquire_us=67 submit_us=48400 skipped=0
frust_shell_common::perf: frust-perf raw n=36 total_us=47980 rebuild_us=60 layout_us=0 paint_us=118 encode_us=156 acquire_us=78 submit_us=47566 skipped=0
frust_shell_common::perf: frust-perf raw n=37 total_us=48095 rebuild_us=60 layout_us=0 paint_us=119 encode_us=157 acquire_us=79 submit_us=47678 skipped=0
frust_shell_common::perf: frust-perf raw n=38 total_us=48909 rebuild_us=62 layout_us=0 paint_us=117 encode_us=121 acquire_us=68 submit_us=48539 skipped=0
frust_shell_common::perf: frust-perf raw n=39 total_us=47753 rebuild_us=107 layout_us=0 paint_us=248 encode_us=226 acquire_us=110 submit_us=47059 skipped=0
frust_shell_common::perf: frust-perf raw n=40 total_us=48167 rebuild_us=79 layout_us=0 paint_us=162 encode_us=219 acquire_us=92 submit_us=47614 skipped=0
frust_shell_common::perf: frust-perf raw n=41 total_us=48215 rebuild_us=94 layout_us=167 paint_us=171 encode_us=220 acquire_us=107 submit_us=47454 skipped=0
frust_shell_common::perf: frust-perf frame n=41 total_p50_ms=48 total_p95_ms=53 total_p99_ms=87 rebuild_p95_ms=0 layout_p95_ms=0 paint_p95_ms=0 encode_p95_ms=0 acquire_p95_ms=0 submit_p95_ms=53 over_60hz=41 over_120hz=41 skipped=0 total_frames=41
frust_shell_common::perf: frust-perf raw n=42 total_us=48263 rebuild_us=160 layout_us=0 paint_us=166 encode_us=218 acquire_us=107 submit_us=47610 skipped=0
frust_shell_common::perf: frust-perf raw n=43 total_us=49646 rebuild_us=256 layout_us=2 paint_us=645 encode_us=254 acquire_us=147 submit_us=48339 skipped=0
frust_shell_common::perf: frust-perf raw n=44 total_us=47927 rebuild_us=103 layout_us=0 paint_us=192 encode_us=216 acquire_us=98 submit_us=47315 skipped=0
frust_shell_common::perf: frust-perf raw n=45 total_us=47869 rebuild_us=82 layout_us=0 paint_us=168 encode_us=209 acquire_us=94 submit_us=47314 skipped=0
frust_shell_common::perf: frust-perf raw n=46 total_us=48315 rebuild_us=80 layout_us=0 paint_us=157 encode_us=208 acquire_us=92 submit_us=47775 skipped=0
frust_shell_common::perf: frust-perf raw n=47 total_us=48643 rebuild_us=225 layout_us=2 paint_us=580 encode_us=302 acquire_us=143 submit_us=47389 skipped=0
frust_shell_common::perf: frust-perf raw n=48 total_us=48187 rebuild_us=123 layout_us=0 paint_us=281 encode_us=231 acquire_us=113 submit_us=47437 skipped=0
frust_shell_common::perf: frust-perf raw n=49 total_us=48080 rebuild_us=136 layout_us=0 paint_us=197 encode_us=214 acquire_us=106 submit_us=47424 skipped=0
frust_shell_common::perf: frust-perf raw n=50 total_us=48783 rebuild_us=130 layout_us=0 paint_us=275 encode_us=217 acquire_us=89 submit_us=48070 skipped=0
frust_shell_common::perf: frust-perf raw n=51 total_us=47679 rebuild_us=176 layout_us=1 paint_us=285 encode_us=79 acquire_us=41 submit_us=47095 skipped=0
frust_shell_common::perf: frust-perf raw n=52 total_us=48150 rebuild_us=79 layout_us=0 paint_us=159 encode_us=206 acquire_us=94 submit_us=47610 skipped=0
frust_shell_common::perf: frust-perf raw n=53 total_us=48338 rebuild_us=84 layout_us=0 paint_us=228 encode_us=206 acquire_us=92 submit_us=47724 skipped=0
frust_shell_android::app::frame: frust-perf platform-view tail depth=0 target=0 acquire_bound=false frame=240 expected_present_us=0 acquire_us=90 period_us=11135
frust_shell_common::perf: frust-perf raw n=54 total_us=48383 rebuild_us=80 layout_us=0 paint_us=163 encode_us=222 acquire_us=94 submit_us=47822 skipped=0
frust_shell_common::perf: frust-perf raw n=55 total_us=47805 rebuild_us=85 layout_us=0 paint_us=167 encode_us=209 acquire_us=94 submit_us=47246 skipped=0
frust_shell_common::perf: frust-perf raw n=56 total_us=47945 rebuild_us=80 layout_us=0 paint_us=161 encode_us=209 acquire_us=91 submit_us=47402 skipped=0
frust_shell_common::perf: frust-perf raw n=57 total_us=48552 rebuild_us=216 layout_us=2 paint_us=547 encode_us=241 acquire_us=112 submit_us=47432 skipped=0
frust_shell_common::perf: frust-perf raw n=58 total_us=48304 rebuild_us=81 layout_us=0 paint_us=159 encode_us=208 acquire_us=107 submit_us=47747 skipped=0
frust_shell_common::perf: frust-perf raw n=59 total_us=47950 rebuild_us=109 layout_us=0 paint_us=195 encode_us=213 acquire_us=108 submit_us=47323 skipped=0
frust_shell_common::perf: frust-perf raw n=60 total_us=48359 rebuild_us=90 layout_us=0 paint_us=167 encode_us=209 acquire_us=96 submit_us=47794 skipped=0
frust_shell_common::perf: frust-perf raw n=61 total_us=49020 rebuild_us=229 layout_us=1 paint_us=982 encode_us=262 acquire_us=94 submit_us=47449 skipped=0
frust_shell_common::perf: frust-perf raw n=62 total_us=48251 rebuild_us=197 layout_us=1 paint_us=506 encode_us=221 acquire_us=111 submit_us=47212 skipped=0
frust_shell_common::perf: frust-perf raw n=63 total_us=49442 rebuild_us=186 layout_us=1 paint_us=498 encode_us=302 acquire_us=125 submit_us=48327 skipped=0
frust_shell_common::perf: frust-perf raw n=64 total_us=48959 rebuild_us=193 layout_us=2 paint_us=509 encode_us=222 acquire_us=128 submit_us=47902 skipped=0
frust_shell_common::perf: frust-perf raw n=65 total_us=48519 rebuild_us=183 layout_us=1 paint_us=498 encode_us=223 acquire_us=108 submit_us=47504 skipped=0
frust_shell_common::perf: frust-perf raw n=66 total_us=49257 rebuild_us=222 layout_us=2 paint_us=693 encode_us=222 acquire_us=108 submit_us=48008 skipped=0
frust_shell_common::perf: frust-perf raw n=67 total_us=47916 rebuild_us=140 layout_us=1 paint_us=289 encode_us=101 acquire_us=63 submit_us=47319 skipped=0
frust_shell_common::perf: frust-perf raw n=68 total_us=47815 rebuild_us=85 layout_us=0 paint_us=168 encode_us=211 acquire_us=97 submit_us=47253 skipped=0
frust_shell_common::perf: frust-perf raw n=69 total_us=50632 rebuild_us=268 layout_us=2 paint_us=728 encode_us=160 acquire_us=133 submit_us=49338 skipped=0
frust_shell_common::perf: frust-perf raw n=70 total_us=48777 rebuild_us=202 layout_us=2 paint_us=585 encode_us=109 acquire_us=82 submit_us=47795 skipped=0
frust_shell_common::perf: frust-perf raw n=71 total_us=48592 rebuild_us=228 layout_us=2 paint_us=552 encode_us=227 acquire_us=144 submit_us=47436 skipped=0
frust_shell_common::perf: frust-perf raw n=72 total_us=48085 rebuild_us=98 layout_us=0 paint_us=175 encode_us=256 acquire_us=96 submit_us=47458 skipped=0
frust_shell_common::perf: frust-perf raw n=73 total_us=48218 rebuild_us=84 layout_us=0 paint_us=161 encode_us=421 acquire_us=166 submit_us=47383 skipped=0
frust_shell_common::perf: frust-perf raw n=74 total_us=49471 rebuild_us=575 layout_us=3 paint_us=897 encode_us=233 acquire_us=113 submit_us=47648 skipped=0
frust_shell_common::perf: frust-perf raw n=75 total_us=49540 rebuild_us=281 layout_us=2 paint_us=660 encode_us=257 acquire_us=149 submit_us=48188 skipped=0
frust_shell_common::perf: frust-perf raw n=76 total_us=48242 rebuild_us=252 layout_us=2 paint_us=677 encode_us=228 acquire_us=110 submit_us=46971 skipped=0
frust_shell_common::perf: frust-perf raw n=77 total_us=47990 rebuild_us=86 layout_us=0 paint_us=160 encode_us=211 acquire_us=93 submit_us=47436 skipped=0
frust_shell_common::perf: frust-perf raw n=78 total_us=48928 rebuild_us=82 layout_us=0 paint_us=158 encode_us=208 acquire_us=93 submit_us=48384 skipped=0
frust_shell_common::perf: frust-perf raw n=79 total_us=48650 rebuild_us=305 layout_us=3 paint_us=761 encode_us=243 acquire_us=141 submit_us=47195 skipped=0
frust_shell_common::perf: frust-perf raw n=80 total_us=49017 rebuild_us=212 layout_us=1 paint_us=540 encode_us=243 acquire_us=153 submit_us=47865 skipped=0
frust_shell_common::perf: frust-perf raw n=81 total_us=48730 rebuild_us=191 layout_us=1 paint_us=642 encode_us=220 acquire_us=121 submit_us=47551 skipped=0
frust_shell_android::app::frame: frust-perf platform-view tail depth=0 target=0 acquire_bound=false frame=360 expected_present_us=0 acquire_us=128 period_us=11130
frust_shell_common::perf: frust-perf raw n=82 total_us=48327 rebuild_us=205 layout_us=2 paint_us=532 encode_us=245 acquire_us=140 submit_us=47202 skipped=0
frust_shell_common::perf: frust-perf raw n=83 total_us=49176 rebuild_us=197 layout_us=2 paint_us=874 encode_us=222 acquire_us=124 submit_us=47754 skipped=0
frust_shell_common::perf: frust-perf frame n=83 total_p50_ms=48 total_p95_ms=53 total_p99_ms=87 rebuild_p95_ms=0 layout_p95_ms=0 paint_p95_ms=0 encode_p95_ms=0 acquire_p95_ms=0 submit_p95_ms=53 over_60hz=83 over_120hz=83 skipped=0 total_frames=83
frust_shell_common::perf: frust-perf raw n=84 total_us=48563 rebuild_us=212 layout_us=2 paint_us=540 encode_us=220 acquire_us=110 submit_us=47477 skipped=0
frust_shell_common::perf: frust-perf raw n=85 total_us=48213 rebuild_us=225 layout_us=1 paint_us=545 encode_us=247 acquire_us=137 submit_us=47055 skipped=0
frust_shell_common::perf: frust-perf raw n=86 total_us=48733 rebuild_us=186 layout_us=1 paint_us=601 encode_us=261 acquire_us=106 submit_us=47575 skipped=0
frust_shell_common::perf: frust-perf raw n=87 total_us=48566 rebuild_us=216 layout_us=2 paint_us=659 encode_us=240 acquire_us=128 submit_us=47318 skipped=0
frust_shell_common::perf: frust-perf raw n=88 total_us=49040 rebuild_us=248 layout_us=2 paint_us=498 encode_us=221 acquire_us=107 submit_us=47962 skipped=0
frust_shell_common::perf: frust-perf raw n=89 total_us=48707 rebuild_us=207 layout_us=2 paint_us=527 encode_us=225 acquire_us=129 submit_us=47615 skipped=0
frust_shell_common::perf: frust-perf raw n=90 total_us=48767 rebuild_us=251 layout_us=2 paint_us=599 encode_us=260 acquire_us=170 submit_us=47483 skipped=0
frust_shell_common::perf: frust-perf raw n=91 total_us=47821 rebuild_us=114 layout_us=0 paint_us=201 encode_us=216 acquire_us=107 submit_us=47180 skipped=0
frust_shell_common::perf: frust-perf raw n=92 total_us=47752 rebuild_us=88 layout_us=0 paint_us=164 encode_us=225 acquire_us=112 submit_us=47161 skipped=0
frust_shell_common::perf: frust-perf raw n=93 total_us=48316 rebuild_us=100 layout_us=0 paint_us=176 encode_us=213 acquire_us=95 submit_us=47729 skipped=0
frust_shell_common::perf: frust-perf raw n=94 total_us=49118 rebuild_us=201 layout_us=2 paint_us=615 encode_us=208 acquire_us=95 submit_us=47995 skipped=0
frust_shell_common::perf: frust-perf raw n=95 total_us=48440 rebuild_us=273 layout_us=2 paint_us=690 encode_us=248 acquire_us=151 submit_us=47074 skipped=0
frust_shell_common::perf: frust-perf raw n=96 total_us=49208 rebuild_us=213 layout_us=2 paint_us=528 encode_us=241 acquire_us=133 submit_us=48088 skipped=0
frust_shell_common::perf: frust-perf raw n=97 total_us=48687 rebuild_us=220 layout_us=2 paint_us=533 encode_us=253 acquire_us=147 submit_us=47531 skipped=0
frust_shell_common::perf: frust-perf raw n=98 total_us=49064 rebuild_us=226 layout_us=2 paint_us=546 encode_us=239 acquire_us=130 submit_us=47918 skipped=0
frust_shell_common::perf: frust-perf raw n=99 total_us=48594 rebuild_us=247 layout_us=2 paint_us=615 encode_us=245 acquire_us=159 submit_us=47322 skipped=0
frust_shell_common::perf: frust-perf raw n=100 total_us=48259 rebuild_us=89 layout_us=0 paint_us=210 encode_us=212 acquire_us=111 submit_us=47636 skipped=0
frust_shell_common::perf: frust-perf raw n=101 total_us=48479 rebuild_us=85 layout_us=1 paint_us=162 encode_us=213 acquire_us=110 submit_us=47905 skipped=0
frust_shell_common::perf: frust-perf raw n=102 total_us=48138 rebuild_us=99 layout_us=0 paint_us=173 encode_us=210 acquire_us=93 submit_us=47560 skipped=0
frust_shell_common::perf: frust-perf raw n=103 total_us=48481 rebuild_us=81 layout_us=0 paint_us=162 encode_us=215 acquire_us=106 submit_us=47914 skipped=0
frust_shell_common::perf: frust-perf raw n=104 total_us=48462 rebuild_us=297 layout_us=2 paint_us=902 encode_us=256 acquire_us=149 submit_us=46853 skipped=0
frust_shell_common::perf: frust-perf raw n=105 total_us=48608 rebuild_us=104 layout_us=0 paint_us=193 encode_us=210 acquire_us=133 submit_us=47966 skipped=0
frust_shell_common::perf: frust-perf raw n=106 total_us=48541 rebuild_us=236 layout_us=2 paint_us=678 encode_us=226 acquire_us=124 submit_us=47273 skipped=0
frust_shell_common::perf: frust-perf raw n=107 total_us=48096 rebuild_us=81 layout_us=0 paint_us=164 encode_us=207 acquire_us=107 submit_us=47534 skipped=0
frust_shell_common::perf: frust-perf raw n=108 total_us=48627 rebuild_us=110 layout_us=0 paint_us=190 encode_us=210 acquire_us=84 submit_us=48030 skipped=0
frust_shell_android::app::frame: frust-perf platform-view tail depth=0 target=0 acquire_bound=false frame=480 expected_present_us=0 acquire_us=117 period_us=11130
frust_shell_common::perf: frust-perf raw n=109 total_us=48324 rebuild_us=375 layout_us=2 paint_us=551 encode_us=236 acquire_us=139 submit_us=47020 skipped=0
frust_shell_common::perf: frust-perf raw n=110 total_us=49303 rebuild_us=174 layout_us=2 paint_us=482 encode_us=228 acquire_us=108 submit_us=48307 skipped=0
frust_shell_common::perf: frust-perf raw n=111 total_us=48472 rebuild_us=196 layout_us=78 paint_us=639 encode_us=232 acquire_us=111 submit_us=47214 skipped=0
frust_shell_common::perf: frust-perf raw n=112 total_us=49036 rebuild_us=196 layout_us=1 paint_us=505 encode_us=222 acquire_us=110 submit_us=48000 skipped=0
frust_shell_common::perf: frust-perf raw n=113 total_us=48351 rebuild_us=198 layout_us=2 paint_us=636 encode_us=263 acquire_us=159 submit_us=47092 skipped=0
frust_shell_common::perf: frust-perf raw n=114 total_us=48577 rebuild_us=233 layout_us=2 paint_us=557 encode_us=269 acquire_us=181 submit_us=47334 skipped=0
frust_shell_common::perf: frust-perf raw n=115 total_us=48481 rebuild_us=199 layout_us=1 paint_us=580 encode_us=224 acquire_us=112 submit_us=47361 skipped=0
frust_shell_common::perf: frust-perf raw n=116 total_us=49194 rebuild_us=225 layout_us=1 paint_us=547 encode_us=238 acquire_us=133 submit_us=48047 skipped=0
frust_shell_common::perf: frust-perf raw n=117 total_us=49416 rebuild_us=180 layout_us=1 paint_us=332 encode_us=255 acquire_us=98 submit_us=48547 skipped=0
frust_shell_common::perf: frust-perf raw n=118 total_us=47560 rebuild_us=110 layout_us=0 paint_us=203 encode_us=258 acquire_us=156 submit_us=46831 skipped=0
frust_shell_common::perf: frust-perf raw n=119 total_us=48509 rebuild_us=137 layout_us=1 paint_us=305 encode_us=216 acquire_us=104 submit_us=47745 skipped=0
frust_shell_common::perf: frust-perf raw n=120 total_us=48167 rebuild_us=86 layout_us=0 paint_us=165 encode_us=235 acquire_us=107 submit_us=47571 skipped=0
frust_shell_common::perf: frust-perf raw n=121 total_us=48664 rebuild_us=215 layout_us=2 paint_us=532 encode_us=237 acquire_us=123 submit_us=47553 skipped=0
frust_shell_common::perf: frust-perf raw n=122 total_us=48520 rebuild_us=222 layout_us=2 paint_us=571 encode_us=253 acquire_us=190 submit_us=47280 skipped=0
frust_shell_common::perf: frust-perf raw n=123 total_us=48277 rebuild_us=238 layout_us=2 paint_us=555 encode_us=233 acquire_us=122 submit_us=47124 skipped=0
frust_shell_common::perf: frust-perf raw n=124 total_us=47380 rebuild_us=83 layout_us=0 paint_us=163 encode_us=173 acquire_us=82 submit_us=46876 skipped=0
frust_shell_common::perf: frust-perf raw n=125 total_us=49438 rebuild_us=117 layout_us=0 paint_us=176 encode_us=639 acquire_us=153 submit_us=48350 skipped=0
frust_shell_common::perf: frust-perf frame n=120 total_p50_ms=48 total_p95_ms=49 total_p99_ms=53 rebuild_p95_ms=0 layout_p95_ms=0 paint_p95_ms=0 encode_p95_ms=0 acquire_p95_ms=0 submit_p95_ms=48 over_60hz=125 over_120hz=125 skipped=0 total_frames=125
frust_shell_common::perf: frust-perf raw n=126 total_us=47301 rebuild_us=65 layout_us=0 paint_us=128 encode_us=369 acquire_us=77 submit_us=46661 skipped=0
frust_shell_common::perf: frust-perf raw n=127 total_us=48271 rebuild_us=101 layout_us=0 paint_us=158 encode_us=224 acquire_us=85 submit_us=47701 skipped=0
frust_shell_common::perf: frust-perf raw n=128 total_us=47933 rebuild_us=93 layout_us=0 paint_us=175 encode_us=218 acquire_us=93 submit_us=47352 skipped=0
frust_shell_common::perf: frust-perf raw n=129 total_us=48862 rebuild_us=213 layout_us=2 paint_us=529 encode_us=234 acquire_us=114 submit_us=47768 skipped=0
frust_shell_common::perf: frust-perf raw n=130 total_us=48275 rebuild_us=206 layout_us=2 paint_us=517 encode_us=329 acquire_us=131 submit_us=47087 skipped=0
frust_shell_common::perf: frust-perf raw n=131 total_us=48376 rebuild_us=237 layout_us=1 paint_us=470 encode_us=220 acquire_us=130 submit_us=47315 skipped=0
frust_shell_common::perf: frust-perf raw n=132 total_us=48249 rebuild_us=101 layout_us=0 paint_us=190 encode_us=219 acquire_us=123 submit_us=47614 skipped=0
frust_shell_common::perf: frust-perf raw n=133 total_us=48549 rebuild_us=93 layout_us=0 paint_us=168 encode_us=249 acquire_us=92 submit_us=47945 skipped=0
frust_shell_common::perf: frust-perf raw n=134 total_us=48383 rebuild_us=192 layout_us=2 paint_us=500 encode_us=225 acquire_us=132 submit_us=47330 skipped=0
frust_shell_common::perf: frust-perf raw n=135 total_us=48646 rebuild_us=219 layout_us=1 paint_us=550 encode_us=245 acquire_us=144 submit_us=47483 skipped=0
frust_shell_common::perf: frust-perf raw n=136 total_us=48092 rebuild_us=83 layout_us=0 paint_us=165 encode_us=212 acquire_us=109 submit_us=47522 skipped=0
frust_shell_android::app::frame: frust-perf platform-view tail depth=0 target=0 acquire_bound=false frame=600 expected_present_us=0 acquire_us=113 period_us=11139
frust_shell_common::perf: frust-perf raw n=137 total_us=48785 rebuild_us=190 layout_us=2 paint_us=575 encode_us=208 acquire_us=98 submit_us=47710 skipped=0
frust_shell_common::perf: frust-perf raw n=138 total_us=48773 rebuild_us=203 layout_us=2 paint_us=517 encode_us=225 acquire_us=111 submit_us=47712 skipped=0
frust_shell_common::perf: frust-perf raw n=139 total_us=48194 rebuild_us=198 layout_us=1 paint_us=591 encode_us=224 acquire_us=113 submit_us=47065 skipped=0
frust_shell_common::perf: frust-perf raw n=140 total_us=48583 rebuild_us=114 layout_us=0 paint_us=253 encode_us=243 acquire_us=142 submit_us=47828 skipped=0
frust_shell_common::perf: frust-perf raw n=141 total_us=47853 rebuild_us=113 layout_us=0 paint_us=199 encode_us=247 acquire_us=145 submit_us=47147 skipped=0
frust_shell_common::perf: frust-perf raw n=142 total_us=48210 rebuild_us=96 layout_us=0 paint_us=176 encode_us=211 acquire_us=95 submit_us=47630 skipped=0
frust_shell_common::perf: frust-perf raw n=143 total_us=48091 rebuild_us=94 layout_us=0 paint_us=172 encode_us=214 acquire_us=162 submit_us=47448 skipped=0
frust_shell_common::perf: frust-perf raw n=144 total_us=48645 rebuild_us=206 layout_us=1 paint_us=522 encode_us=258 acquire_us=149 submit_us=47505 skipped=0
frust_shell_common::perf: frust-perf raw n=145 total_us=48140 rebuild_us=194 layout_us=2 paint_us=517 encode_us=253 acquire_us=149 submit_us=47024 skipped=0
frust_shell_common::perf: frust-perf raw n=146 total_us=47929 rebuild_us=164 layout_us=1 paint_us=323 encode_us=244 acquire_us=94 submit_us=47101 skipped=0
frust_shell_common::perf: frust-perf raw n=147 total_us=48588 rebuild_us=95 layout_us=0 paint_us=169 encode_us=188 acquire_us=84 submit_us=48050 skipped=0
frust_shell_common::perf: frust-perf raw n=148 total_us=48769 rebuild_us=314 layout_us=2 paint_us=514 encode_us=235 acquire_us=120 submit_us=47582 skipped=0
frust_shell_common::perf: frust-perf raw n=149 total_us=48810 rebuild_us=232 layout_us=2 paint_us=561 encode_us=236 acquire_us=125 submit_us=47652 skipped=0
frust_shell_common::perf: frust-perf raw n=150 total_us=48649 rebuild_us=299 layout_us=1 paint_us=500 encode_us=225 acquire_us=105 submit_us=47516 skipped=0
frust_shell_common::perf: frust-perf raw n=151 total_us=48489 rebuild_us=225 layout_us=1 paint_us=534 encode_us=303 acquire_us=108 submit_us=47316 skipped=0
frust_shell_common::perf: frust-perf raw n=152 total_us=49040 rebuild_us=436 layout_us=7 paint_us=634 encode_us=243 acquire_us=132 submit_us=47585 skipped=0
frust_shell_common::perf: frust-perf raw n=153 total_us=48843 rebuild_us=204 layout_us=2 paint_us=521 encode_us=231 acquire_us=121 submit_us=47763 skipped=0
frust_shell_common::perf: frust-perf raw n=154 total_us=48524 rebuild_us=274 layout_us=2 paint_us=595 encode_us=257 acquire_us=213 submit_us=47180 skipped=0
frust_shell_common::perf: frust-perf raw n=155 total_us=48882 rebuild_us=232 layout_us=3 paint_us=638 encode_us=221 acquire_us=104 submit_us=47684 skipped=0
frust_shell_common::perf: frust-perf raw n=156 total_us=48595 rebuild_us=206 layout_us=2 paint_us=526 encode_us=311 acquire_us=103 submit_us=47445 skipped=0
frust_shell_common::perf: frust-perf raw n=157 total_us=48593 rebuild_us=201 layout_us=2 paint_us=516 encode_us=221 acquire_us=107 submit_us=47544 skipped=0
frust_shell_common::perf: frust-perf raw n=158 total_us=48707 rebuild_us=215 layout_us=1 paint_us=604 encode_us=244 acquire_us=121 submit_us=47519 skipped=0
frust_shell_common::perf: frust-perf raw n=159 total_us=48720 rebuild_us=205 layout_us=2 paint_us=515 encode_us=238 acquire_us=144 submit_us=47615 skipped=0
frust_shell_common::perf: frust-perf raw n=160 total_us=49524 rebuild_us=228 layout_us=2 paint_us=796 encode_us=253 acquire_us=146 submit_us=48097 skipped=0
frust_shell_common::perf: frust-perf raw n=161 total_us=48447 rebuild_us=104 layout_us=0 paint_us=188 encode_us=207 acquire_us=118 submit_us=47827 skipped=0
frust_shell_common::perf: frust-perf raw n=162 total_us=47945 rebuild_us=98 layout_us=0 paint_us=175 encode_us=213 acquire_us=93 submit_us=47363 skipped=0
frust_shell_common::perf: frust-perf raw n=163 total_us=48978 rebuild_us=192 layout_us=2 paint_us=490 encode_us=261 acquire_us=115 submit_us=47917 skipped=0
frust_shell_common::perf: frust-perf raw n=164 total_us=48540 rebuild_us=222 layout_us=2 paint_us=545 encode_us=229 acquire_us=120 submit_us=47420 skipped=0
frust_shell_android::app::frame: frust-perf platform-view tail depth=0 target=0 acquire_bound=false frame=720 expected_present_us=0 acquire_us=115 period_us=11135
frust_shell_common::perf: frust-perf raw n=165 total_us=48703 rebuild_us=197 layout_us=1 paint_us=575 encode_us=230 acquire_us=109 submit_us=47588 skipped=0
frust_shell_common::perf: frust-perf raw n=166 total_us=48903 rebuild_us=266 layout_us=2 paint_us=895 encode_us=221 acquire_us=127 submit_us=47391 skipped=0
frust_shell_common::perf: frust-perf raw n=167 total_us=48959 rebuild_us=194 layout_us=2 paint_us=501 encode_us=222 acquire_us=106 submit_us=47932 skipped=0
frust_shell_common::perf: frust-perf frame n=120 total_p50_ms=48 total_p95_ms=49 total_p99_ms=49 rebuild_p95_ms=0 layout_p95_ms=0 paint_p95_ms=0 encode_p95_ms=0 acquire_p95_ms=0 submit_p95_ms=48 over_60hz=167 over_120hz=167 skipped=0 total_frames=167
frust_shell_common::perf: frust-perf raw n=168 total_us=48905 rebuild_us=213 layout_us=2 paint_us=529 encode_us=244 acquire_us=143 submit_us=47772 skipped=0
frust_shell_common::perf: frust-perf raw n=169 total_us=48554 rebuild_us=194 layout_us=1 paint_us=500 encode_us=223 acquire_us=113 submit_us=47519 skipped=0
frust_shell_common::perf: frust-perf raw n=170 total_us=48795 rebuild_us=197 layout_us=2 paint_us=509 encode_us=238 acquire_us=105 submit_us=47741 skipped=0
frust_shell_common::perf: frust-perf raw n=171 total_us=48492 rebuild_us=213 layout_us=1 paint_us=691 encode_us=239 acquire_us=169 submit_us=47175 skipped=0
frust_shell_common::perf: frust-perf raw n=172 total_us=48825 rebuild_us=232 layout_us=2 paint_us=621 encode_us=225 acquire_us=125 submit_us=47618 skipped=0
frust_shell_common::perf: frust-perf raw n=173 total_us=48445 rebuild_us=232 layout_us=2 paint_us=793 encode_us=243 acquire_us=154 submit_us=47018 skipped=0
frust_shell_common::perf: frust-perf raw n=174 total_us=49496 rebuild_us=271 layout_us=2 paint_us=655 encode_us=228 acquire_us=120 submit_us=48219 skipped=0
frust_shell_common::perf: frust-perf raw n=175 total_us=48078 rebuild_us=89 layout_us=0 paint_us=168 encode_us=223 acquire_us=98 submit_us=47497 skipped=0
frust_shell_common::perf: frust-perf raw n=176 total_us=48400 rebuild_us=106 layout_us=0 paint_us=190 encode_us=243 acquire_us=129 submit_us=47728 skipped=0
frust_shell_common::perf: frust-perf raw n=177 total_us=48652 rebuild_us=221 layout_us=2 paint_us=537 encode_us=235 acquire_us=171 submit_us=47484 skipped=0
frust_shell_common::perf: frust-perf raw n=178 total_us=48881 rebuild_us=332 layout_us=2 paint_us=539 encode_us=238 acquire_us=146 submit_us=47622 skipped=0
frust_shell_common::perf: frust-perf raw n=179 total_us=48947 rebuild_us=187 layout_us=2 paint_us=499 encode_us=220 acquire_us=119 submit_us=47918 skipped=0
frust_shell_common::perf: frust-perf raw n=180 total_us=48387 rebuild_us=236 layout_us=2 paint_us=603 encode_us=249 acquire_us=145 submit_us=47150 skipped=0
frust_shell_common::perf: frust-perf raw n=181 total_us=49503 rebuild_us=190 layout_us=2 paint_us=503 encode_us=223 acquire_us=107 submit_us=48477 skipped=0
frust_shell_common::perf: frust-perf raw n=182 total_us=48631 rebuild_us=306 layout_us=3 paint_us=865 encode_us=262 acquire_us=153 submit_us=47040 skipped=0
frust_shell_common::perf: frust-perf raw n=183 total_us=48205 rebuild_us=249 layout_us=2 paint_us=542 encode_us=247 acquire_us=151 submit_us=47010 skipped=0
frust_shell_common::perf: frust-perf raw n=184 total_us=48165 rebuild_us=91 layout_us=0 paint_us=169 encode_us=210 acquire_us=93 submit_us=47599 skipped=0
frust_shell_common::perf: frust-perf raw n=185 total_us=48857 rebuild_us=218 layout_us=2 paint_us=532 encode_us=231 acquire_us=131 submit_us=47742 skipped=0
frust_shell_common::perf: frust-perf raw n=186 total_us=48534 rebuild_us=217 layout_us=1 paint_us=719 encode_us=242 acquire_us=129 submit_us=47224 skipped=0
frust_shell_common::perf: frust-perf raw n=187 total_us=48309 rebuild_us=214 layout_us=2 paint_us=538 encode_us=251 acquire_us=202 submit_us=47100 skipped=0
frust_shell_common::perf: frust-perf raw n=188 total_us=48347 rebuild_us=228 layout_us=2 paint_us=576 encode_us=221 acquire_us=92 submit_us=47226 skipped=0
frust_shell_common::perf: frust-perf raw n=189 total_us=48804 rebuild_us=189 layout_us=2 paint_us=497 encode_us=222 acquire_us=126 submit_us=47766 skipped=0
frust_shell_common::perf: frust-perf raw n=190 total_us=48893 rebuild_us=199 layout_us=2 paint_us=527 encode_us=284 acquire_us=128 submit_us=47752 skipped=0
frust_shell_common::perf: frust-perf raw n=191 total_us=48528 rebuild_us=347 layout_us=2 paint_us=540 encode_us=248 acquire_us=136 submit_us=47253 skipped=0
frust_shell_common::perf: frust-perf raw n=192 total_us=49098 rebuild_us=186 layout_us=1 paint_us=496 encode_us=223 acquire_us=106 submit_us=48083 skipped=0
frust_shell_android::app::frame: frust-perf platform-view tail depth=0 target=0 acquire_bound=false frame=840 expected_present_us=0 acquire_us=128 period_us=11131
frust_shell_common::perf: frust-perf raw n=193 total_us=48275 rebuild_us=228 layout_us=2 paint_us=556 encode_us=255 acquire_us=140 submit_us=47091 skipped=0
frust_shell_common::perf: frust-perf raw n=194 total_us=48558 rebuild_us=208 layout_us=2 paint_us=537 encode_us=250 acquire_us=140 submit_us=47418 skipped=0
frust_shell_common::perf: frust-perf raw n=195 total_us=48693 rebuild_us=227 layout_us=2 paint_us=553 encode_us=262 acquire_us=113 submit_us=47534 skipped=0
frust_shell_common::perf: frust-perf raw n=196 total_us=48457 rebuild_us=80 layout_us=0 paint_us=163 encode_us=222 acquire_us=95 submit_us=47894 skipped=0
frust_shell_common::perf: frust-perf raw n=197 total_us=48095 rebuild_us=86 layout_us=0 paint_us=232 encode_us=211 acquire_us=97 submit_us=47466 skipped=0
frust_shell_common::perf: frust-perf raw n=198 total_us=48704 rebuild_us=79 layout_us=0 paint_us=158 encode_us=208 acquire_us=92 submit_us=48164 skipped=0
frust_shell_common::perf: frust-perf raw n=199 total_us=48561 rebuild_us=229 layout_us=2 paint_us=761 encode_us=259 acquire_us=170 submit_us=47139 skipped=0
frust_shell_common::perf: frust-perf raw n=200 total_us=48677 rebuild_us=208 layout_us=1 paint_us=518 encode_us=237 acquire_us=126 submit_us=47584 skipped=0
frust_shell_common::perf: frust-perf raw n=201 total_us=49414 rebuild_us=185 layout_us=1 paint_us=665 encode_us=222 acquire_us=105 submit_us=48233 skipped=0
frust_shell_common::perf: frust-perf raw n=202 total_us=48663 rebuild_us=192 layout_us=2 paint_us=509 encode_us=221 acquire_us=110 submit_us=47626 skipped=0
frust_shell_common::perf: frust-perf raw n=203 total_us=48019 rebuild_us=199 layout_us=2 paint_us=515 encode_us=235 acquire_us=127 submit_us=46939 skipped=0
frust_shell_common::perf: frust-perf raw n=204 total_us=48923 rebuild_us=84 layout_us=0 paint_us=161 encode_us=218 acquire_us=101 submit_us=48356 skipped=0
frust_shell_common::perf: frust-perf raw n=205 total_us=48399 rebuild_us=83 layout_us=0 paint_us=159 encode_us=213 acquire_us=107 submit_us=47834 skipped=0
frust_shell_common::perf: frust-perf raw n=206 total_us=49199 rebuild_us=277 layout_us=2 paint_us=581 encode_us=263 acquire_us=157 submit_us=47917 skipped=0
frust_shell_common::perf: frust-perf raw n=207 total_us=48983 rebuild_us=187 layout_us=2 paint_us=659 encode_us=222 acquire_us=103 submit_us=47807 skipped=0
frust_shell_common::perf: frust-perf raw n=208 total_us=48595 rebuild_us=204 layout_us=1 paint_us=524 encode_us=223 acquire_us=111 submit_us=47529 skipped=0
frust_shell_common::perf: frust-perf raw n=209 total_us=48640 rebuild_us=197 layout_us=2 paint_us=498 encode_us=223 acquire_us=108 submit_us=47610 skipped=0
frust_shell_common::perf: frust-perf frame n=120 total_p50_ms=48 total_p95_ms=49 total_p99_ms=49 rebuild_p95_ms=0 layout_p95_ms=0 paint_p95_ms=0 encode_p95_ms=0 acquire_p95_ms=0 submit_p95_ms=48 over_60hz=209 over_120hz=209 skipped=0 total_frames=209
frust_shell_common::perf: frust-perf raw n=210 total_us=48773 rebuild_us=212 layout_us=2 paint_us=671 encode_us=227 acquire_us=120 submit_us=47538 skipped=0
frust_shell_common::perf: frust-perf raw n=211 total_us=48963 rebuild_us=214 layout_us=2 paint_us=533 encode_us=265 acquire_us=105 submit_us=47841 skipped=0
frust_shell_common::perf: frust-perf raw n=212 total_us=48848 rebuild_us=372 layout_us=2 paint_us=664 encode_us=242 acquire_us=126 submit_us=47440 skipped=0
frust_shell_common::perf: frust-perf raw n=213 total_us=48866 rebuild_us=206 layout_us=1 paint_us=520 encode_us=297 acquire_us=147 submit_us=47692 skipped=0
frust_shell_common::perf: frust-perf raw n=214 total_us=48445 rebuild_us=346 layout_us=2 paint_us=580 encode_us=260 acquire_us=155 submit_us=47100 skipped=0
frust_shell_common::perf: frust-perf raw n=215 total_us=48453 rebuild_us=204 layout_us=2 paint_us=514 encode_us=229 acquire_us=120 submit_us=47382 skipped=0
frust_shell_common::perf: frust-perf raw n=216 total_us=48203 rebuild_us=116 layout_us=0 paint_us=223 encode_us=224 acquire_us=106 submit_us=47532 skipped=0
frust_shell_common::perf: frust-perf raw n=217 total_us=48550 rebuild_us=199 layout_us=1 paint_us=508 encode_us=212 acquire_us=98 submit_us=47530 skipped=0
frust_shell_common::perf: frust-perf raw n=218 total_us=49450 rebuild_us=192 layout_us=2 paint_us=500 encode_us=222 acquire_us=106 submit_us=48426 skipped=0
frust_shell_common::perf: frust-perf raw n=219 total_us=48187 rebuild_us=263 layout_us=2 paint_us=628 encode_us=271 acquire_us=183 submit_us=46838 skipped=0
frust_shell_common::perf: frust-perf raw n=220 total_us=48945 rebuild_us=203 layout_us=2 paint_us=634 encode_us=224 acquire_us=121 submit_us=47759 skipped=0
frust_shell_android::app::frame: frust-perf platform-view tail depth=0 target=0 acquire_bound=false frame=960 expected_present_us=0 acquire_us=124 period_us=11134
frust_shell_common::perf: frust-perf raw n=221 total_us=48660 rebuild_us=254 layout_us=2 paint_us=590 encode_us=218 acquire_us=116 submit_us=47478 skipped=0
frust_shell_common::perf: frust-perf raw n=222 total_us=48820 rebuild_us=85 layout_us=0 paint_us=161 encode_us=216 acquire_us=101 submit_us=48254 skipped=0
frust_shell_common::perf: frust-perf raw n=223 total_us=48335 rebuild_us=217 layout_us=2 paint_us=554 encode_us=240 acquire_us=127 submit_us=47192 skipped=0
frust_shell_common::perf: frust-perf raw n=224 total_us=48518 rebuild_us=187 layout_us=1 paint_us=497 encode_us=221 acquire_us=105 submit_us=47503 skipped=0
frust_shell_common::perf: frust-perf raw n=225 total_us=49000 rebuild_us=326 layout_us=2 paint_us=508 encode_us=224 acquire_us=109 submit_us=47828 skipped=0
frust_shell_common::perf: frust-perf raw n=226 total_us=48362 rebuild_us=183 layout_us=1 paint_us=500 encode_us=224 acquire_us=108 submit_us=47343 skipped=0
frust_shell_common::perf: frust-perf raw n=227 total_us=48758 rebuild_us=304 layout_us=2 paint_us=584 encode_us=222 acquire_us=121 submit_us=47522 skipped=0
frust_shell_common::perf: frust-perf raw n=228 total_us=48481 rebuild_us=194 layout_us=2 paint_us=501 encode_us=225 acquire_us=110 submit_us=47447 skipped=0
frust_shell_common::perf: frust-perf raw n=229 total_us=48844 rebuild_us=192 layout_us=2 paint_us=507 encode_us=243 acquire_us=175 submit_us=47723 skipped=0
frust_shell_common::perf: frust-perf raw n=230 total_us=48064 rebuild_us=81 layout_us=0 paint_us=163 encode_us=212 acquire_us=94 submit_us=47512 skipped=0
frust_shell_common::perf: frust-perf raw n=231 total_us=48537 rebuild_us=122 layout_us=0 paint_us=157 encode_us=209 acquire_us=94 submit_us=47952 skipped=0
frust_shell_common::perf: frust-perf raw n=232 total_us=48402 rebuild_us=213 layout_us=2 paint_us=523 encode_us=253 acquire_us=149 submit_us=47260 skipped=0
frust_shell_common::perf: frust-perf raw n=233 total_us=48575 rebuild_us=191 layout_us=2 paint_us=589 encode_us=222 acquire_us=109 submit_us=47459 skipped=0
frust_shell_common::perf: frust-perf raw n=234 total_us=48773 rebuild_us=266 layout_us=2 paint_us=671 encode_us=257 acquire_us=148 submit_us=47426 skipped=0
frust_shell_common::perf: frust-perf raw n=235 total_us=48655 rebuild_us=194 layout_us=2 paint_us=507 encode_us=234 acquire_us=139 submit_us=47577 skipped=0
frust_shell_common::perf: frust-perf raw n=236 total_us=48371 rebuild_us=213 layout_us=2 paint_us=529 encode_us=207 acquire_us=139 submit_us=47280 skipped=0
frust_shell_common::perf: frust-perf raw n=237 total_us=48580 rebuild_us=240 layout_us=2 paint_us=598 encode_us=265 acquire_us=148 submit_us=47326 skipped=0
frust_shell_common::perf: frust-perf raw n=238 total_us=49241 rebuild_us=222 layout_us=2 paint_us=545 encode_us=230 acquire_us=167 submit_us=48072 skipped=0
frust_shell_common::perf: frust-perf raw n=239 total_us=48437 rebuild_us=220 layout_us=2 paint_us=547 encode_us=260 acquire_us=174 submit_us=47231 skipped=0
frust_shell_common::perf: frust-perf raw n=240 total_us=49524 rebuild_us=290 layout_us=3 paint_us=750 encode_us=254 acquire_us=162 submit_us=48063 skipped=0
frust_shell_common::perf: frust-perf raw n=241 total_us=48051 rebuild_us=89 layout_us=0 paint_us=169 encode_us=219 acquire_us=108 submit_us=47463 skipped=0
frust_shell_common::perf: frust-perf raw n=242 total_us=48065 rebuild_us=179 layout_us=2 paint_us=489 encode_us=210 acquire_us=91 submit_us=47093 skipped=0
frust_shell_common::perf: frust-perf raw n=243 total_us=48913 rebuild_us=125 layout_us=1 paint_us=334 encode_us=265 acquire_us=102 submit_us=48083 skipped=0
frust_shell_common::perf: frust-perf raw n=244 total_us=48399 rebuild_us=192 layout_us=1 paint_us=502 encode_us=224 acquire_us=121 submit_us=47356 skipped=0
frust_shell_common::perf: frust-perf raw n=245 total_us=49475 rebuild_us=191 layout_us=1 paint_us=677 encode_us=223 acquire_us=120 submit_us=48261 skipped=0
frust_shell_common::perf: frust-perf raw n=246 total_us=48361 rebuild_us=239 layout_us=2 paint_us=846 encode_us=261 acquire_us=154 submit_us=46857 skipped=0
frust_shell_common::perf: frust-perf raw n=247 total_us=48790 rebuild_us=236 layout_us=2 paint_us=572 encode_us=265 acquire_us=148 submit_us=47565 skipped=0
frust_shell_android::app::frame: frust-perf platform-view tail depth=0 target=0 acquire_bound=false frame=1080 expected_present_us=0 acquire_us=124 period_us=11136
frust_shell_common::perf: frust-perf raw n=248 total_us=48491 rebuild_us=88 layout_us=0 paint_us=167 encode_us=204 acquire_us=100 submit_us=47929 skipped=0
frust_shell_common::perf: frust-perf raw n=249 total_us=48702 rebuild_us=208 layout_us=2 paint_us=506 encode_us=231 acquire_us=115 submit_us=47638 skipped=0
frust_shell_common::perf: frust-perf raw n=250 total_us=48602 rebuild_us=238 layout_us=2 paint_us=594 encode_us=258 acquire_us=151 submit_us=47358 skipped=0
frust_shell_common::perf: frust-perf raw n=251 total_us=48025 rebuild_us=80 layout_us=0 paint_us=157 encode_us=253 acquire_us=147 submit_us=47386 skipped=0
frust_shell_common::perf: frust-perf frame n=120 total_p50_ms=48 total_p95_ms=49 total_p99_ms=49 rebuild_p95_ms=0 layout_p95_ms=0 paint_p95_ms=0 encode_p95_ms=0 acquire_p95_ms=0 submit_p95_ms=48 over_60hz=251 over_120hz=251 skipped=0 total_frames=251
frust_shell_common::perf: frust-perf raw n=252 total_us=48062 rebuild_us=87 layout_us=0 paint_us=171 encode_us=211 acquire_us=94 submit_us=47496 skipped=0
frust_shell_common::perf: frust-perf raw n=253 total_us=48795 rebuild_us=210 layout_us=2 paint_us=504 encode_us=222 acquire_us=103 submit_us=47752 skipped=0
frust_shell_common::perf: frust-perf raw n=254 total_us=49333 rebuild_us=225 layout_us=2 paint_us=545 encode_us=223 acquire_us=125 submit_us=48212 skipped=0
frust_shell_common::perf: frust-perf raw n=255 total_us=48977 rebuild_us=243 layout_us=2 paint_us=686 encode_us=254 acquire_us=141 submit_us=47649 skipped=0
frust_shell_common::perf: frust-perf raw n=256 total_us=48551 rebuild_us=216 layout_us=2 paint_us=533 encode_us=225 acquire_us=107 submit_us=47466 skipped=0
frust_shell_common::perf: frust-perf raw n=257 total_us=49020 rebuild_us=239 layout_us=1 paint_us=914 encode_us=263 acquire_us=163 submit_us=47437 skipped=0
frust_shell_common::perf: frust-perf raw n=258 total_us=48834 rebuild_us=425 layout_us=2 paint_us=583 encode_us=250 acquire_us=136 submit_us=47436 skipped=0
frust_shell_common::perf: frust-perf raw n=259 total_us=48589 rebuild_us=193 layout_us=1 paint_us=765 encode_us=230 acquire_us=127 submit_us=47270 skipped=0
frust_shell_common::perf: frust-perf raw n=260 total_us=48645 rebuild_us=192 layout_us=1 paint_us=498 encode_us=232 acquire_us=111 submit_us=47609 skipped=0
frust_shell_common::perf: frust-perf raw n=261 total_us=48365 rebuild_us=326 layout_us=1 paint_us=622 encode_us=223 acquire_us=110 submit_us=47079 skipped=0
frust_shell_common::perf: frust-perf raw n=262 total_us=49556 rebuild_us=290 layout_us=3 paint_us=722 encode_us=263 acquire_us=169 submit_us=48106 skipped=0
frust_shell_common::perf: frust-perf raw n=263 total_us=48284 rebuild_us=189 layout_us=2 paint_us=501 encode_us=221 acquire_us=108 submit_us=47260 skipped=0
frust_shell_common::perf: frust-perf raw n=264 total_us=49055 rebuild_us=187 layout_us=2 paint_us=582 encode_us=223 acquire_us=110 submit_us=47949 skipped=0
frust_shell_common::perf: frust-perf raw n=265 total_us=48483 rebuild_us=200 layout_us=2 paint_us=517 encode_us=234 acquire_us=120 submit_us=47408 skipped=0
frust_shell_common::perf: frust-perf raw n=266 total_us=48709 rebuild_us=228 layout_us=2 paint_us=578 encode_us=244 acquire_us=137 submit_us=47517 skipped=0
frust_shell_common::perf: frust-perf raw n=267 total_us=47557 rebuild_us=107 layout_us=0 paint_us=206 encode_us=180 acquire_us=92 submit_us=46969 skipped=0
frust_shell_common::perf: frust-perf raw n=268 total_us=48196 rebuild_us=81 layout_us=0 paint_us=166 encode_us=209 acquire_us=92 submit_us=47645 skipped=0
frust_shell_common::perf: frust-perf raw n=269 total_us=48608 rebuild_us=199 layout_us=2 paint_us=510 encode_us=223 acquire_us=111 submit_us=47561 skipped=0
frust_shell_common::perf: frust-perf raw n=270 total_us=48265 rebuild_us=196 layout_us=2 paint_us=578 encode_us=225 acquire_us=125 submit_us=47137 skipped=0
frust_shell_common::perf: frust-perf raw n=271 total_us=49814 rebuild_us=203 layout_us=2 paint_us=522 encode_us=228 acquire_us=119 submit_us=48736 skipped=0
frust_shell_common::perf: frust-perf raw n=272 total_us=48013 rebuild_us=404 layout_us=2 paint_us=749 encode_us=283 acquire_us=101 submit_us=46471 skipped=0
frust_shell_common::perf: frust-perf raw n=273 total_us=48314 rebuild_us=254 layout_us=2 paint_us=649 encode_us=259 acquire_us=153 submit_us=46995 skipped=0
frust_shell_common::perf: frust-perf raw n=274 total_us=48662 rebuild_us=82 layout_us=0 paint_us=162 encode_us=187 acquire_us=93 submit_us=48135 skipped=0
frust_shell_common::perf: frust-perf raw n=275 total_us=48686 rebuild_us=205 layout_us=1 paint_us=525 encode_us=272 acquire_us=124 submit_us=47557 skipped=0
frust_shell_android::app::frame: frust-perf platform-view tail depth=0 target=0 acquire_bound=false frame=1200 expected_present_us=0 acquire_us=119 period_us=11135
frust_shell_common::perf: frust-perf raw n=276 total_us=48214 rebuild_us=218 layout_us=1 paint_us=613 encode_us=243 acquire_us=134 submit_us=47002 skipped=0
frust_shell_common::perf: frust-perf raw n=277 total_us=48717 rebuild_us=212 layout_us=2 paint_us=541 encode_us=250 acquire_us=188 submit_us=47523 skipped=0
frust_shell_common::perf: frust-perf raw n=278 total_us=48122 rebuild_us=87 layout_us=0 paint_us=165 encode_us=210 acquire_us=95 submit_us=47562 skipped=0
frust_shell_common::perf: frust-perf raw n=279 total_us=48617 rebuild_us=196 layout_us=1 paint_us=502 encode_us=225 acquire_us=109 submit_us=47581 skipped=0
frust_shell_common::perf: frust-perf raw n=280 total_us=48732 rebuild_us=261 layout_us=2 paint_us=554 encode_us=225 acquire_us=125 submit_us=47564 skipped=0
frust_shell_common::perf: frust-perf raw n=281 total_us=49252 rebuild_us=263 layout_us=2 paint_us=691 encode_us=242 acquire_us=126 submit_us=47925 skipped=0
frust_shell_common::perf: frust-perf raw n=282 total_us=48254 rebuild_us=96 layout_us=0 paint_us=180 encode_us=212 acquire_us=92 submit_us=47672 skipped=0
frust_shell_common::perf: frust-perf raw n=283 total_us=48112 rebuild_us=86 layout_us=0 paint_us=165 encode_us=212 acquire_us=97 submit_us=47549 skipped=0
frust_shell_common::perf: frust-perf raw n=284 total_us=48174 rebuild_us=104 layout_us=0 paint_us=191 encode_us=212 acquire_us=95 submit_us=47570 skipped=0
frust_shell_common::perf: frust-perf raw n=285 total_us=49082 rebuild_us=196 layout_us=2 paint_us=596 encode_us=301 acquire_us=121 submit_us=47865 skipped=0
frust_shell_common::perf: frust-perf raw n=286 total_us=48765 rebuild_us=199 layout_us=1 paint_us=517 encode_us=306 acquire_us=274 submit_us=47465 skipped=0
frust_shell_common::perf: frust-perf raw n=287 total_us=48534 rebuild_us=204 layout_us=2 paint_us=609 encode_us=299 acquire_us=141 submit_us=47276 skipped=0
frust_shell_common::perf: frust-perf raw n=288 total_us=49378 rebuild_us=208 layout_us=2 paint_us=518 encode_us=242 acquire_us=137 submit_us=48268 skipped=0
frust_shell_common::perf: frust-perf raw n=289 total_us=48235 rebuild_us=235 layout_us=2 paint_us=734 encode_us=343 acquire_us=182 submit_us=46736 skipped=0
frust_shell_common::perf: frust-perf raw n=290 total_us=48877 rebuild_us=138 layout_us=1 paint_us=354 encode_us=224 acquire_us=141 submit_us=48018 skipped=0
frust_shell_common::perf: frust-perf raw n=291 total_us=48553 rebuild_us=181 layout_us=2 paint_us=499 encode_us=236 acquire_us=123 submit_us=47510 skipped=0
frust_shell_common::perf: frust-perf raw n=292 total_us=48658 rebuild_us=177 layout_us=2 paint_us=478 encode_us=242 acquire_us=129 submit_us=47628 skipped=0
frust_shell_common::perf: frust-perf raw n=293 total_us=48972 rebuild_us=237 layout_us=2 paint_us=1208 encode_us=249 acquire_us=140 submit_us=47134 skipped=0
frust_shell_common::perf: frust-perf frame n=120 total_p50_ms=48 total_p95_ms=49 total_p99_ms=49 rebuild_p95_ms=0 layout_p95_ms=0 paint_p95_ms=0 encode_p95_ms=0 acquire_p95_ms=0 submit_p95_ms=48 over_60hz=293 over_120hz=293 skipped=0 total_frames=293
frust_shell_common::perf: frust-perf raw n=294 total_us=48678 rebuild_us=200 layout_us=2 paint_us=524 encode_us=236 acquire_us=129 submit_us=47585 skipped=0
frust_shell_common::perf: frust-perf raw n=295 total_us=48504 rebuild_us=203 layout_us=2 paint_us=590 encode_us=237 acquire_us=122 submit_us=47349 skipped=0
frust_shell_common::perf: frust-perf raw n=296 total_us=48703 rebuild_us=221 layout_us=1 paint_us=677 encode_us=241 acquire_us=162 submit_us=47398 skipped=0
frust_shell_common::perf: frust-perf raw n=297 total_us=49009 rebuild_us=209 layout_us=2 paint_us=522 encode_us=276 acquire_us=119 submit_us=47880 skipped=0
frust_shell_common::perf: frust-perf raw n=298 total_us=48395 rebuild_us=185 layout_us=2 paint_us=500 encode_us=221 acquire_us=107 submit_us=47378 skipped=0
frust_shell_common::perf: frust-perf raw n=299 total_us=48185 rebuild_us=216 layout_us=2 paint_us=539 encode_us=251 acquire_us=131 submit_us=47044 skipped=0
frust_shell_common::perf: frust-perf raw n=300 total_us=48622 rebuild_us=301 layout_us=3 paint_us=705 encode_us=258 acquire_us=170 submit_us=47182 skipped=0
frust_shell_common::perf: frust-perf raw n=301 total_us=48578 rebuild_us=196 layout_us=1 paint_us=501 encode_us=222 acquire_us=114 submit_us=47541 skipped=0
frust_shell_common::perf: frust-perf raw n=302 total_us=48942 rebuild_us=199 layout_us=2 paint_us=521 encode_us=234 acquire_us=109 submit_us=47875 skipped=0
frust_shell_common::perf: frust-perf raw n=303 total_us=48998 rebuild_us=212 layout_us=2 paint_us=539 encode_us=246 acquire_us=141 submit_us=47855 skipped=0
frust_shell_android::app::frame: frust-perf platform-view tail depth=0 target=0 acquire_bound=false frame=1320 expected_present_us=0 acquire_us=127 period_us=11129
frust_shell_common::perf: frust-perf raw n=304 total_us=48613 rebuild_us=229 layout_us=2 paint_us=772 encode_us=231 acquire_us=121 submit_us=47255 skipped=0
frust_shell_common::perf: frust-perf raw n=305 total_us=48925 rebuild_us=202 layout_us=1 paint_us=508 encode_us=229 acquire_us=111 submit_us=47872 skipped=0
frust_shell_common::perf: frust-perf raw n=306 total_us=48911 rebuild_us=238 layout_us=2 paint_us=883 encode_us=265 acquire_us=178 submit_us=47343 skipped=0
frust_shell_common::perf: frust-perf raw n=307 total_us=48894 rebuild_us=202 layout_us=2 paint_us=530 encode_us=314 acquire_us=93 submit_us=47752 skipped=0
frust_shell_common::perf: frust-perf raw n=308 total_us=48514 rebuild_us=220 layout_us=2 paint_us=556 encode_us=240 acquire_us=128 submit_us=47366 skipped=0
frust_shell_common::perf: frust-perf raw n=309 total_us=48628 rebuild_us=238 layout_us=2 paint_us=777 encode_us=265 acquire_us=149 submit_us=47195 skipped=0
frust_shell_common::perf: frust-perf raw n=310 total_us=48999 rebuild_us=236 layout_us=2 paint_us=572 encode_us=258 acquire_us=159 submit_us=47771 skipped=0
frust_shell_common::perf: frust-perf raw n=311 total_us=48107 rebuild_us=305 layout_us=2 paint_us=546 encode_us=257 acquire_us=149 submit_us=46846 skipped=0
frust_shell_common::perf: frust-perf raw n=312 total_us=48958 rebuild_us=211 layout_us=1 paint_us=594 encode_us=185 acquire_us=82 submit_us=47883 skipped=0
frust_shell_common::perf: frust-perf raw n=313 total_us=48408 rebuild_us=107 layout_us=0 paint_us=202 encode_us=233 acquire_us=141 submit_us=47722 skipped=0
frust_shell_common::perf: frust-perf raw n=314 total_us=49582 rebuild_us=280 layout_us=2 paint_us=526 encode_us=230 acquire_us=123 submit_us=48417 skipped=0
frust_shell_common::perf: frust-perf raw n=315 total_us=48253 rebuild_us=224 layout_us=2 paint_us=760 encode_us=270 acquire_us=181 submit_us=46814 skipped=0
frust_shell_common::perf: frust-perf raw n=316 total_us=48776 rebuild_us=203 layout_us=2 paint_us=523 encode_us=248 acquire_us=125 submit_us=47673 skipped=0
frust_shell_common::perf: frust-perf raw n=317 total_us=47975 rebuild_us=215 layout_us=2 paint_us=678 encode_us=241 acquire_us=126 submit_us=46712 skipped=0
frust_shell_common::perf: frust-perf raw n=318 total_us=48744 rebuild_us=111 layout_us=0 paint_us=191 encode_us=224 acquire_us=85 submit_us=48130 skipped=0
frust_shell_common::perf: frust-perf raw n=319 total_us=48049 rebuild_us=92 layout_us=0 paint_us=172 encode_us=210 acquire_us=96 submit_us=47476 skipped=0
frust_shell_common::perf: frust-perf raw n=320 total_us=48308 rebuild_us=190 layout_us=1 paint_us=495 encode_us=242 acquire_us=130 submit_us=47246 skipped=0
frust_shell_common::perf: frust-perf raw n=321 total_us=47606 rebuild_us=264 layout_us=2 paint_us=689 encode_us=247 acquire_us=139 submit_us=46263 skipped=0
frust_shell_common::perf: frust-perf raw n=322 total_us=48827 rebuild_us=115 layout_us=0 paint_us=199 encode_us=204 acquire_us=99 submit_us=48206 skipped=0
frust_shell_common::perf: frust-perf raw n=323 total_us=48027 rebuild_us=91 layout_us=0 paint_us=169 encode_us=212 acquire_us=93 submit_us=47460 skipped=0
frust_shell_common::perf: frust-perf raw n=324 total_us=48733 rebuild_us=207 layout_us=2 paint_us=526 encode_us=233 acquire_us=121 submit_us=47642 skipped=0
frust_shell_common::perf: frust-perf raw n=325 total_us=49549 rebuild_us=190 layout_us=2 paint_us=513 encode_us=269 acquire_us=239 submit_us=48334 skipped=0
frust_shell_common::perf: frust-perf raw n=326 total_us=48652 rebuild_us=84 layout_us=0 paint_us=158 encode_us=207 acquire_us=107 submit_us=48093 skipped=0
frust_shell_common::perf: frust-perf raw n=327 total_us=48389 rebuild_us=221 layout_us=2 paint_us=569 encode_us=268 acquire_us=202 submit_us=47124 skipped=0
frust_shell_common::perf: frust-perf raw n=328 total_us=48527 rebuild_us=219 layout_us=2 paint_us=733 encode_us=247 acquire_us=130 submit_us=47194 skipped=0
frust_shell_common::perf: frust-perf raw n=329 total_us=48159 rebuild_us=190 layout_us=1 paint_us=500 encode_us=221 acquire_us=109 submit_us=47135 skipped=0
frust_shell_common::perf: frust-perf raw n=330 total_us=48967 rebuild_us=248 layout_us=2 paint_us=827 encode_us=246 acquire_us=130 submit_us=47511 skipped=0
frust_shell_common::perf: frust-perf raw n=331 total_us=48165 rebuild_us=198 layout_us=2 paint_us=508 encode_us=226 acquire_us=134 submit_us=47095 skipped=0
frust_shell_android::app::frame: frust-perf platform-view tail depth=0 target=0 acquire_bound=false frame=1440 expected_present_us=0 acquire_us=126 period_us=11139
frust_shell_common::perf: frust-perf raw n=332 total_us=48531 rebuild_us=172 layout_us=2 paint_us=536 encode_us=209 acquire_us=102 submit_us=47508 skipped=0
frust_shell_common::perf: frust-perf raw n=333 total_us=48398 rebuild_us=194 layout_us=2 paint_us=516 encode_us=224 acquire_us=124 submit_us=47336 skipped=0
frust_shell_common::perf: frust-perf raw n=334 total_us=48849 rebuild_us=190 layout_us=2 paint_us=501 encode_us=224 acquire_us=108 submit_us=47822 skipped=0
frust_shell_common::perf: frust-perf raw n=335 total_us=48702 rebuild_us=195 layout_us=2 paint_us=599 encode_us=225 acquire_us=130 submit_us=47548 skipped=0
frust_shell_common::perf: frust-perf frame n=120 total_p50_ms=48 total_p95_ms=49 total_p99_ms=49 rebuild_p95_ms=0 layout_p95_ms=0 paint_p95_ms=0 encode_p95_ms=0 acquire_p95_ms=0 submit_p95_ms=48 over_60hz=335 over_120hz=335 skipped=0 total_frames=335
frust_shell_common::perf: frust-perf raw n=336 total_us=48206 rebuild_us=207 layout_us=2 paint_us=524 encode_us=256 acquire_us=175 submit_us=47039 skipped=0
frust_shell_common::perf: frust-perf raw n=337 total_us=48474 rebuild_us=218 layout_us=2 paint_us=538 encode_us=240 acquire_us=137 submit_us=47336 skipped=0
frust_shell_common::perf: frust-perf raw n=338 total_us=48392 rebuild_us=188 layout_us=2 paint_us=499 encode_us=224 acquire_us=170 submit_us=47306 skipped=0
frust_shell_common::perf: frust-perf raw n=339 total_us=48066 rebuild_us=216 layout_us=2 paint_us=533 encode_us=223 acquire_us=110 submit_us=46980 skipped=0
frust_shell_common::perf: frust-perf raw n=340 total_us=47660 rebuild_us=120 layout_us=0 paint_us=210 encode_us=218 acquire_us=94 submit_us=47016 skipped=0
frust_shell_common::perf: frust-perf raw n=341 total_us=48092 rebuild_us=120 layout_us=0 paint_us=237 encode_us=198 acquire_us=80 submit_us=47455 skipped=0
frust_shell_common::perf: frust-perf raw n=342 total_us=48868 rebuild_us=136 layout_us=0 paint_us=230 encode_us=201 acquire_us=68 submit_us=48230 skipped=0
frust_shell_common::perf: frust-perf raw n=343 total_us=47725 rebuild_us=63 layout_us=0 paint_us=150 encode_us=126 acquire_us=77 submit_us=47306 skipped=0
frust_shell_common::perf: frust-perf raw n=344 total_us=47498 rebuild_us=77 layout_us=0 paint_us=137 encode_us=172 acquire_us=86 submit_us=47023 skipped=0
frust_shell_common::perf: frust-perf raw n=345 total_us=48644 rebuild_us=93 layout_us=0 paint_us=173 encode_us=201 acquire_us=102 submit_us=48073 skipped=0
frust_shell_common::perf: frust-perf raw n=346 total_us=48339 rebuild_us=94 layout_us=0 paint_us=177 encode_us=215 acquire_us=96 submit_us=47754 skipped=0
frust_shell_common::perf: frust-perf raw n=347 total_us=47990 rebuild_us=91 layout_us=0 paint_us=174 encode_us=218 acquire_us=96 submit_us=47409 skipped=0
frust_shell_common::perf: frust-perf raw n=348 total_us=48639 rebuild_us=212 layout_us=2 paint_us=674 encode_us=238 acquire_us=120 submit_us=47390 skipped=0
frust_shell_common::perf: frust-perf raw n=349 total_us=48738 rebuild_us=237 layout_us=2 paint_us=713 encode_us=245 acquire_us=134 submit_us=47403 skipped=0
frust_shell_common::perf: frust-perf raw n=350 total_us=48315 rebuild_us=248 layout_us=2 paint_us=548 encode_us=242 acquire_us=144 submit_us=47129 skipped=0
frust_shell_common::perf: frust-perf raw n=351 total_us=48695 rebuild_us=100 layout_us=0 paint_us=197 encode_us=210 acquire_us=107 submit_us=48078 skipped=0
frust_shell_common::perf: frust-perf raw n=352 total_us=48350 rebuild_us=97 layout_us=0 paint_us=187 encode_us=247 acquire_us=98 submit_us=47719 skipped=0
frust_shell_common::perf: frust-perf raw n=353 total_us=48144 rebuild_us=215 layout_us=2 paint_us=526 encode_us=239 acquire_us=129 submit_us=47031 skipped=0
frust_shell_common::perf: frust-perf raw n=354 total_us=49067 rebuild_us=262 layout_us=2 paint_us=924 encode_us=228 acquire_us=111 submit_us=47537 skipped=0
frust_shell_common::perf: frust-perf raw n=355 total_us=48493 rebuild_us=207 layout_us=2 paint_us=648 encode_us=242 acquire_us=135 submit_us=47257 skipped=0
frust_shell_common::perf: frust-perf raw n=356 total_us=48292 rebuild_us=189 layout_us=1 paint_us=577 encode_us=224 acquire_us=107 submit_us=47191 skipped=0
frust_shell_common::perf: frust-perf raw n=357 total_us=48548 rebuild_us=224 layout_us=2 paint_us=556 encode_us=234 acquire_us=122 submit_us=47408 skipped=0
frust_shell_common::perf: frust-perf raw n=358 total_us=48780 rebuild_us=200 layout_us=2 paint_us=520 encode_us=227 acquire_us=109 submit_us=47719 skipped=0
frust_shell_common::perf: frust-perf raw n=359 total_us=48918 rebuild_us=195 layout_us=2 paint_us=513 encode_us=230 acquire_us=118 submit_us=47857 skipped=0
frust_shell_android::app::frame: frust-perf platform-view tail depth=0 target=0 acquire_bound=false frame=1560 expected_present_us=0 acquire_us=125 period_us=11134
frust_shell_common::perf: frust-perf raw n=360 total_us=48714 rebuild_us=228 layout_us=2 paint_us=565 encode_us=315 acquire_us=156 submit_us=47446 skipped=0
frust_shell_common::perf: frust-perf raw n=361 total_us=48954 rebuild_us=386 layout_us=2 paint_us=565 encode_us=109 acquire_us=59 submit_us=47831 skipped=0
frust_shell_common::perf: frust-perf raw n=362 total_us=48511 rebuild_us=198 layout_us=2 paint_us=509 encode_us=428 acquire_us=270 submit_us=47101 skipped=0
frust_shell_common::perf: frust-perf raw n=363 total_us=48609 rebuild_us=409 layout_us=2 paint_us=589 encode_us=258 acquire_us=147 submit_us=47201 skipped=0
frust_shell_common::perf: frust-perf raw n=364 total_us=49358 rebuild_us=207 layout_us=2 paint_us=526 encode_us=241 acquire_us=142 submit_us=48237 skipped=0
frust_shell_common::perf: frust-perf raw n=365 total_us=46894 rebuild_us=89 layout_us=0 paint_us=169 encode_us=208 acquire_us=107 submit_us=46319 skipped=0
frust_shell_common::perf: frust-perf raw n=366 total_us=48525 rebuild_us=81 layout_us=0 paint_us=158 encode_us=206 acquire_us=94 submit_us=47984 skipped=0
frust_shell_common::perf: frust-perf raw n=367 total_us=48355 rebuild_us=303 layout_us=1 paint_us=737 encode_us=262 acquire_us=182 submit_us=46866 skipped=0
frust_shell_common::perf: frust-perf raw n=368 total_us=48068 rebuild_us=221 layout_us=1 paint_us=564 encode_us=249 acquire_us=201 submit_us=46830 skipped=0
frust_shell_common::perf: frust-perf raw n=369 total_us=48231 rebuild_us=132 layout_us=1 paint_us=290 encode_us=206 acquire_us=94 submit_us=47506 skipped=0
frust_shell_common::perf: frust-perf raw n=370 total_us=48515 rebuild_us=115 layout_us=0 paint_us=272 encode_us=268 acquire_us=101 submit_us=47755 skipped=0
frust_shell_common::perf: frust-perf raw n=371 total_us=48252 rebuild_us=204 layout_us=2 paint_us=515 encode_us=319 acquire_us=159 submit_us=47050 skipped=0
frust_shell_common::perf: frust-perf raw n=372 total_us=49418 rebuild_us=207 layout_us=2 paint_us=534 encode_us=241 acquire_us=125 submit_us=48308 skipped=0
frust_shell_common::perf: frust-perf raw n=373 total_us=48306 rebuild_us=218 layout_us=2 paint_us=556 encode_us=244 acquire_us=137 submit_us=47147 skipped=0
frust_shell_common::perf: frust-perf raw n=374 total_us=48151 rebuild_us=86 layout_us=0 paint_us=164 encode_us=209 acquire_us=122 submit_us=47568 skipped=0
frust_shell_common::perf: frust-perf raw n=375 total_us=48557 rebuild_us=83 layout_us=0 paint_us=165 encode_us=210 acquire_us=107 submit_us=47989 skipped=0
frust_shell_common::perf: frust-perf raw n=376 total_us=48710 rebuild_us=286 layout_us=3 paint_us=685 encode_us=259 acquire_us=149 submit_us=47325 skipped=0
frust_shell_common::perf: frust-perf raw n=377 total_us=48580 rebuild_us=222 layout_us=2 paint_us=554 encode_us=248 acquire_us=142 submit_us=47411 skipped=0
frust_shell_common::perf: frust-perf frame n=120 total_p50_ms=48 total_p95_ms=49 total_p99_ms=49 rebuild_p95_ms=0 layout_p95_ms=0 paint_p95_ms=0 encode_p95_ms=0 acquire_p95_ms=0 submit_p95_ms=48 over_60hz=377 over_120hz=377 skipped=0 total_frames=377
frust_shell_common::perf: frust-perf raw n=378 total_us=48423 rebuild_us=234 layout_us=2 paint_us=691 encode_us=262 acquire_us=166 submit_us=47066 skipped=0
frust_shell_common::perf: frust-perf raw n=379 total_us=48807 rebuild_us=209 layout_us=2 paint_us=598 encode_us=231 acquire_us=114 submit_us=47651 skipped=0
frust_shell_common::perf: frust-perf raw n=380 total_us=48652 rebuild_us=203 layout_us=2 paint_us=667 encode_us=248 acquire_us=135 submit_us=47395 skipped=0
frust_shell_common::perf: frust-perf raw n=381 total_us=48932 rebuild_us=234 layout_us=2 paint_us=709 encode_us=316 acquire_us=180 submit_us=47490 skipped=0
frust_shell_common::perf: frust-perf raw n=382 total_us=49124 rebuild_us=456 layout_us=1 paint_us=689 encode_us=260 acquire_us=146 submit_us=47570 skipped=0
frust_shell_common::perf: frust-perf raw n=383 total_us=48193 rebuild_us=97 layout_us=0 paint_us=179 encode_us=214 acquire_us=114 submit_us=47586 skipped=0
frust_shell_common::perf: frust-perf raw n=384 total_us=48155 rebuild_us=85 layout_us=0 paint_us=164 encode_us=226 acquire_us=122 submit_us=47555 skipped=0
frust_shell_common::perf: frust-perf raw n=385 total_us=49222 rebuild_us=266 layout_us=2 paint_us=650 encode_us=259 acquire_us=164 submit_us=47877 skipped=0
frust_shell_common::perf: frust-perf raw n=386 total_us=48717 rebuild_us=195 layout_us=2 paint_us=504 encode_us=212 acquire_us=120 submit_us=47682 skipped=0
frust_shell_common::perf: frust-perf raw n=387 total_us=48945 rebuild_us=190 layout_us=2 paint_us=498 encode_us=230 acquire_us=107 submit_us=47917 skipped=0
frust_shell_android::app::frame: frust-perf platform-view tail depth=0 target=0 acquire_bound=false frame=1680 expected_present_us=0 acquire_us=123 period_us=11134
frust_shell_common::perf: frust-perf raw n=388 total_us=48051 rebuild_us=208 layout_us=1 paint_us=601 encode_us=224 acquire_us=111 submit_us=46903 skipped=0
frust_shell_common::perf: frust-perf raw n=389 total_us=48693 rebuild_us=216 layout_us=1 paint_us=543 encode_us=207 acquire_us=90 submit_us=47632 skipped=0
frust_shell_common::perf: frust-perf raw n=390 total_us=48443 rebuild_us=218 layout_us=2 paint_us=527 encode_us=222 acquire_us=109 submit_us=47363 skipped=0
frust_shell_common::perf: frust-perf raw n=391 total_us=48722 rebuild_us=219 layout_us=2 paint_us=535 encode_us=247 acquire_us=140 submit_us=47575 skipped=0
frust_shell_common::perf: frust-perf raw n=392 total_us=48216 rebuild_us=231 layout_us=2 paint_us=550 encode_us=244 acquire_us=134 submit_us=47053 skipped=0
frust_shell_common::perf: frust-perf raw n=393 total_us=48724 rebuild_us=216 layout_us=2 paint_us=737 encode_us=243 acquire_us=132 submit_us=47391 skipped=0
frust_shell_common::perf: frust-perf raw n=394 total_us=49220 rebuild_us=202 layout_us=2 paint_us=537 encode_us=227 acquire_us=115 submit_us=48135 skipped=0
frust_shell_common::perf: frust-perf raw n=395 total_us=48847 rebuild_us=262 layout_us=2 paint_us=627 encode_us=252 acquire_us=146 submit_us=47555 skipped=0
frust_shell_common::perf: frust-perf raw n=396 total_us=47596 rebuild_us=218 layout_us=2 paint_us=533 encode_us=247 acquire_us=146 submit_us=46448 skipped=0
frust_shell_common::perf: frust-perf raw n=397 total_us=48399 rebuild_us=108 layout_us=0 paint_us=202 encode_us=180 acquire_us=87 submit_us=47819 skipped=0
frust_shell_common::perf: frust-perf raw n=398 total_us=48141 rebuild_us=86 layout_us=0 paint_us=162 encode_us=212 acquire_us=99 submit_us=47580 skipped=0
frust_shell_common::perf: frust-perf raw n=399 total_us=49178 rebuild_us=273 layout_us=3 paint_us=860 encode_us=296 acquire_us=148 submit_us=47597 skipped=0
frust_shell_common::perf: frust-perf raw n=400 total_us=49129 rebuild_us=223 layout_us=2 paint_us=547 encode_us=269 acquire_us=153 submit_us=47933 skipped=0
frust_shell_common::perf: frust-perf raw n=401 total_us=48641 rebuild_us=222 layout_us=1 paint_us=547 encode_us=289 acquire_us=132 submit_us=47447 skipped=0
frust_shell_common::perf: frust-perf raw n=402 total_us=48354 rebuild_us=266 layout_us=2 paint_us=687 encode_us=265 acquire_us=153 submit_us=46978 skipped=0
frust_shell_common::perf: frust-perf raw n=403 total_us=48195 rebuild_us=101 layout_us=0 paint_us=186 encode_us=216 acquire_us=97 submit_us=47592 skipped=0
frust_shell_common::perf: frust-perf raw n=404 total_us=48102 rebuild_us=85 layout_us=0 paint_us=161 encode_us=218 acquire_us=112 submit_us=47523 skipped=0
frust_shell_common::perf: frust-perf raw n=405 total_us=48268 rebuild_us=273 layout_us=2 paint_us=602 encode_us=262 acquire_us=152 submit_us=46975 skipped=0
frust_shell_common::perf: frust-perf raw n=406 total_us=48469 rebuild_us=97 layout_us=0 paint_us=163 encode_us=208 acquire_us=93 submit_us=47905 skipped=0
frust_shell_common::perf: frust-perf raw n=407 total_us=48774 rebuild_us=226 layout_us=1 paint_us=610 encode_us=207 acquire_us=92 submit_us=47635 skipped=0
frust_shell_common::perf: frust-perf raw n=408 total_us=48715 rebuild_us=279 layout_us=2 paint_us=506 encode_us=230 acquire_us=111 submit_us=47584 skipped=0
frust_shell_common::perf: frust-perf raw n=409 total_us=49270 rebuild_us=267 layout_us=3 paint_us=668 encode_us=352 acquire_us=103 submit_us=47877 skipped=0
frust_shell_common::perf: frust-perf raw n=410 total_us=48502 rebuild_us=263 layout_us=2 paint_us=590 encode_us=224 acquire_us=114 submit_us=47307 skipped=0
frust_shell_common::perf: frust-perf raw n=411 total_us=48552 rebuild_us=225 layout_us=2 paint_us=544 encode_us=252 acquire_us=146 submit_us=47381 skipped=0
frust_shell_common::perf: frust-perf raw n=412 total_us=48532 rebuild_us=190 layout_us=2 paint_us=498 encode_us=220 acquire_us=106 submit_us=47514 skipped=0
