frust-perf activity-create
frust_shell_common::perf: bench-scenario-start s1
frust_render::context: frust-perf render-path engine-direct (frust-engine into the acquired swapchain view (RENDER_ATTACHMENT, surface-reported format, surface-owned depth))
frust_shell_common::perf: bench-scenario-end s1
frust_shell_common::perf: bench-scenario-start s7
frust_shell_common::perf: bench-scenario-start s7-idle
frust_shell_common::perf: frust-perf startup init_entry=0ms font_preinit_started=0ms font_preinit_joined=0ms preinit_started=0ms preinit_joined=0ms cache_loaded=0ms pipeline_cache_restored=0ms adapter_ready=36ms device_ready=36ms renderer_ready=36ms first_rebuild_done=43ms first_encode_done=43ms first_frame_presented=158ms
frust_shell_common::perf: frust-perf raw n=1 total_us=115341 rebuild_us=55 layout_us=0 paint_us=63 encode_us=11 acquire_us=26 submit_us=115184 skipped=0 gpu_q=0
frust_shell_common::perf: frust-perf raw n=2 total_us=6413 rebuild_us=54 layout_us=0 paint_us=45 encode_us=25 acquire_us=29 submit_us=6258 skipped=0 gpu_q=0
frust_shell_android::app::frame: frust-perf platform-view tail depth=0 target=0 acquire_bound=false frame=120 expected_present_us=0 acquire_us=26 period_us=11130
frust_shell_android::app::frame: frust-perf platform-view tail depth=0 target=0 acquire_bound=false frame=240 expected_present_us=0 acquire_us=26 period_us=11130
frust_shell_android::app::frame: frust-perf platform-view tail depth=0 target=0 acquire_bound=false frame=360 expected_present_us=0 acquire_us=26 period_us=11130
frust_shell_android::app::frame: frust-perf platform-view tail depth=0 target=0 acquire_bound=false frame=480 expected_present_us=0 acquire_us=26 period_us=11130
frust_shell_android::app::frame: frust-perf platform-view tail depth=0 target=0 acquire_bound=false frame=600 expected_present_us=0 acquire_us=26 period_us=11130
frust_shell_android::app::frame: frust-perf platform-view tail depth=0 target=0 acquire_bound=false frame=720 expected_present_us=0 acquire_us=26 period_us=11130
frust_shell_android::app::frame: frust-perf platform-view tail depth=0 target=0 acquire_bound=false frame=840 expected_present_us=0 acquire_us=26 period_us=11130
frust_shell_android::app::frame: frust-perf platform-view tail depth=0 target=0 acquire_bound=false frame=960 expected_present_us=0 acquire_us=26 period_us=11130
frust_shell_android::app::frame: frust-perf platform-view tail depth=0 target=0 acquire_bound=false frame=1080 expected_present_us=0 acquire_us=26 period_us=11130
frust_shell_android::app::frame: frust-perf platform-view tail depth=0 target=0 acquire_bound=false frame=1200 expected_present_us=0 acquire_us=26 period_us=11137
frust_shell_android::app::frame: frust-perf platform-view tail depth=0 target=0 acquire_bound=false frame=1320 expected_present_us=0 acquire_us=26 period_us=11137
frust_shell_android::app::frame: frust-perf platform-view tail depth=0 target=0 acquire_bound=false frame=1440 expected_present_us=0 acquire_us=26 period_us=11137
frust_shell_android::app::frame: frust-perf platform-view tail depth=0 target=0 acquire_bound=false frame=1560 expected_present_us=0 acquire_us=26 period_us=11137
frust_shell_android::app::frame: frust-perf platform-view tail depth=0 target=0 acquire_bound=false frame=1680 expected_present_us=0 acquire_us=26 period_us=11137
frust_shell_android::app::frame: frust-perf platform-view tail depth=0 target=0 acquire_bound=false frame=1800 expected_present_us=0 acquire_us=26 period_us=11137
frust_shell_android::app::frame: frust-perf platform-view tail depth=0 target=0 acquire_bound=false frame=1920 expected_present_us=0 acquire_us=26 period_us=11137
frust_shell_android::app::frame: frust-perf platform-view tail depth=0 target=0 acquire_bound=false frame=2040 expected_present_us=0 acquire_us=26 period_us=11137
frust_shell_android::app::frame: frust-perf platform-view tail depth=0 target=0 acquire_bound=false frame=2160 expected_present_us=0 acquire_us=26 period_us=11137
frust_shell_android::app::frame: frust-perf platform-view tail depth=0 target=0 acquire_bound=false frame=2280 expected_present_us=0 acquire_us=26 period_us=11137
frust_shell_android::app::frame: frust-perf platform-view tail depth=0 target=0 acquire_bound=false frame=2400 expected_present_us=0 acquire_us=26 period_us=11137
frust_shell_android::app::frame: frust-perf platform-view tail depth=0 target=0 acquire_bound=false frame=2520 expected_present_us=0 acquire_us=26 period_us=11137
frust_shell_android::app::frame: frust-perf platform-view tail depth=0 target=0 acquire_bound=false frame=2640 expected_present_us=0 acquire_us=26 period_us=11137
frust_shell_android::app::frame: frust-perf platform-view tail depth=0 target=0 acquire_bound=false frame=2760 expected_present_us=0 acquire_us=26 period_us=11137
frust_shell_android::app::frame: frust-perf platform-view tail depth=0 target=0 acquire_bound=false frame=2880 expected_present_us=0 acquire_us=26 period_us=11137
frust_shell_android::app::frame: frust-perf platform-view tail depth=0 target=0 acquire_bound=false frame=3000 expected_present_us=0 acquire_us=26 period_us=11137
frust_shell_android::app::frame: frust-perf platform-view tail depth=0 target=0 acquire_bound=false frame=3120 expected_present_us=0 acquire_us=26 period_us=11137
frust_shell_android::app::frame: frust-perf platform-view tail depth=0 target=0 acquire_bound=false frame=3240 expected_present_us=0 acquire_us=26 period_us=11137
frust_shell_android::app::frame: frust-perf platform-view tail depth=0 target=0 acquire_bound=false frame=3360 expected_present_us=0 acquire_us=26 period_us=11137
frust_shell_android::app::frame: frust-perf platform-view tail depth=0 target=0 acquire_bound=false frame=3480 expected_present_us=0 acquire_us=26 period_us=11137
frust_shell_android::app::frame: frust-perf platform-view tail depth=0 target=0 acquire_bound=false frame=3600 expected_present_us=0 acquire_us=26 period_us=11137
frust_shell_android::app::frame: frust-perf platform-view tail depth=0 target=0 acquire_bound=false frame=3720 expected_present_us=0 acquire_us=26 period_us=11137
frust_shell_android::app::frame: frust-perf platform-view tail depth=0 target=0 acquire_bound=false frame=3840 expected_present_us=0 acquire_us=26 period_us=11137
frust_shell_android::app::frame: frust-perf platform-view tail depth=0 target=0 acquire_bound=false frame=3960 expected_present_us=0 acquire_us=26 period_us=11137
frust_shell_android::app::frame: frust-perf platform-view tail depth=0 target=0 acquire_bound=false frame=4080 expected_present_us=0 acquire_us=26 period_us=11137
frust_shell_android::app::frame: frust-perf platform-view tail depth=0 target=0 acquire_bound=false frame=4200 expected_present_us=0 acquire_us=26 period_us=11137
frust_shell_android::app::frame: frust-perf platform-view tail depth=0 target=0 acquire_bound=false frame=4320 expected_present_us=0 acquire_us=26 period_us=11137
frust_shell_android::app::frame: frust-perf platform-view tail depth=0 target=0 acquire_bound=false frame=4440 expected_present_us=0 acquire_us=26 period_us=11137
frust_shell_android::app::frame: frust-perf platform-view tail depth=0 target=0 acquire_bound=false frame=4560 expected_present_us=0 acquire_us=26 period_us=11137
frust_shell_android::app::frame: frust-perf platform-view tail depth=0 target=0 acquire_bound=false frame=4680 expected_present_us=0 acquire_us=26 period_us=11137
frust_shell_android::app::frame: frust-perf platform-view tail depth=0 target=0 acquire_bound=false frame=4800 expected_present_us=0 acquire_us=26 period_us=11137
frust_shell_android::app::frame: frust-perf platform-view tail depth=0 target=0 acquire_bound=false frame=4920 expected_present_us=0 acquire_us=26 period_us=11137
frust_shell_android::app::frame: frust-perf platform-view tail depth=0 target=0 acquire_bound=false frame=5040 expected_present_us=0 acquire_us=26 period_us=11137
frust_shell_android::app::frame: frust-perf platform-view tail depth=0 target=0 acquire_bound=false frame=5160 expected_present_us=0 acquire_us=26 period_us=11137
frust_shell_android::app::frame: frust-perf platform-view tail depth=0 target=0 acquire_bound=false frame=5280 expected_present_us=0 acquire_us=26 period_us=11137
