frust-perf activity-create
frust_shell_common::perf: bench-scenario-start s1
frust_render::context: frust-perf render-path engine-direct (frust-engine into the acquired swapchain view (RENDER_ATTACHMENT, surface-reported format, surface-owned depth))
frust_shell_common::perf: bench-scenario-end s1
frust_shell_common::perf: bench-scenario-start s7
frust_shell_common::perf: bench-scenario-start s7-idle
frust_shell_common::perf: frust-perf startup init_entry=0ms font_preinit_started=0ms font_preinit_joined=0ms preinit_started=0ms preinit_joined=1ms cache_loaded=1ms pipeline_cache_restored=1ms adapter_ready=30ms device_ready=30ms renderer_ready=30ms first_rebuild_done=41ms first_encode_done=41ms first_frame_presented=144ms
frust_shell_common::perf: frust-perf raw n=1 total_us=105328 rebuild_us=235 layout_us=1876 paint_us=217 encode_us=19 acquire_us=36 submit_us=102942 skipped=0 gpu_q=0
frust_shell_common::perf: frust-perf raw n=2 total_us=7949 rebuild_us=119 layout_us=0 paint_us=89 encode_us=22 acquire_us=27 submit_us=7690 skipped=0 gpu_q=0
frust_shell_android::app::frame: frust-perf platform-view tail depth=0 target=0 acquire_bound=false frame=120 expected_present_us=0 acquire_us=33 period_us=16666
frust_shell_android::app::frame: frust-perf platform-view tail depth=0 target=0 acquire_bound=false frame=240 expected_present_us=0 acquire_us=33 period_us=16666
frust_shell_android::app::frame: frust-perf platform-view tail depth=0 target=0 acquire_bound=false frame=360 expected_present_us=0 acquire_us=33 period_us=16666
frust_shell_android::app::frame: frust-perf platform-view tail depth=0 target=0 acquire_bound=false frame=480 expected_present_us=0 acquire_us=33 period_us=16666
frust_shell_android::app::frame: frust-perf platform-view tail depth=0 target=0 acquire_bound=false frame=600 expected_present_us=0 acquire_us=33 period_us=16666
frust_shell_android::app::frame: frust-perf platform-view tail depth=0 target=0 acquire_bound=false frame=720 expected_present_us=0 acquire_us=33 period_us=16666
frust_shell_android::app::frame: frust-perf platform-view tail depth=0 target=0 acquire_bound=false frame=840 expected_present_us=0 acquire_us=33 period_us=16666
frust_shell_android::app::frame: frust-perf platform-view tail depth=0 target=0 acquire_bound=false frame=960 expected_present_us=0 acquire_us=33 period_us=16666
frust_shell_android::app::frame: frust-perf platform-view tail depth=0 target=0 acquire_bound=false frame=1080 expected_present_us=0 acquire_us=33 period_us=16666
frust_shell_android::app::frame: frust-perf platform-view tail depth=0 target=0 acquire_bound=false frame=1200 expected_present_us=0 acquire_us=33 period_us=16666
frust_shell_android::app::frame: frust-perf platform-view tail depth=0 target=0 acquire_bound=false frame=1320 expected_present_us=0 acquire_us=33 period_us=16666
frust_shell_android::app::frame: frust-perf platform-view tail depth=0 target=0 acquire_bound=false frame=1440 expected_present_us=0 acquire_us=33 period_us=16666
frust_shell_android::app::frame: frust-perf platform-view tail depth=0 target=0 acquire_bound=false frame=1560 expected_present_us=0 acquire_us=33 period_us=11113
frust_shell_android::app::frame: frust-perf platform-view tail depth=0 target=0 acquire_bound=false frame=1680 expected_present_us=0 acquire_us=33 period_us=11113
frust_shell_android::app::frame: frust-perf platform-view tail depth=0 target=0 acquire_bound=false frame=1800 expected_present_us=0 acquire_us=33 period_us=11113
frust_shell_android::app::frame: frust-perf platform-view tail depth=0 target=0 acquire_bound=false frame=1920 expected_present_us=0 acquire_us=33 period_us=11113
frust_shell_android::app::frame: frust-perf platform-view tail depth=0 target=0 acquire_bound=false frame=2040 expected_present_us=0 acquire_us=33 period_us=11113
frust_shell_android::app::frame: frust-perf platform-view tail depth=0 target=0 acquire_bound=false frame=2160 expected_present_us=0 acquire_us=33 period_us=11113
frust_shell_android::app::frame: frust-perf platform-view tail depth=0 target=0 acquire_bound=false frame=2280 expected_present_us=0 acquire_us=33 period_us=11113
frust_shell_android::app::frame: frust-perf platform-view tail depth=0 target=0 acquire_bound=false frame=2400 expected_present_us=0 acquire_us=33 period_us=11113
frust_shell_android::app::frame: frust-perf platform-view tail depth=0 target=0 acquire_bound=false frame=2520 expected_present_us=0 acquire_us=33 period_us=11113
frust_shell_android::app::frame: frust-perf platform-view tail depth=0 target=0 acquire_bound=false frame=2640 expected_present_us=0 acquire_us=33 period_us=11113
frust_shell_android::app::frame: frust-perf platform-view tail depth=0 target=0 acquire_bound=false frame=2760 expected_present_us=0 acquire_us=33 period_us=11113
frust_shell_android::app::frame: frust-perf platform-view tail depth=0 target=0 acquire_bound=false frame=2880 expected_present_us=0 acquire_us=33 period_us=11113
frust_shell_android::app::frame: frust-perf platform-view tail depth=0 target=0 acquire_bound=false frame=3000 expected_present_us=0 acquire_us=33 period_us=11113
frust_shell_android::app::frame: frust-perf platform-view tail depth=0 target=0 acquire_bound=false frame=3120 expected_present_us=0 acquire_us=33 period_us=11113
frust_shell_android::app::frame: frust-perf platform-view tail depth=0 target=0 acquire_bound=false frame=3240 expected_present_us=0 acquire_us=33 period_us=11113
frust_shell_android::app::frame: frust-perf platform-view tail depth=0 target=0 acquire_bound=false frame=3360 expected_present_us=0 acquire_us=33 period_us=11113
frust_shell_android::app::frame: frust-perf platform-view tail depth=0 target=0 acquire_bound=false frame=3480 expected_present_us=0 acquire_us=33 period_us=11113
frust_shell_android::app::frame: frust-perf platform-view tail depth=0 target=0 acquire_bound=false frame=3600 expected_present_us=0 acquire_us=33 period_us=11113
frust_shell_android::app::frame: frust-perf platform-view tail depth=0 target=0 acquire_bound=false frame=3720 expected_present_us=0 acquire_us=33 period_us=11113
frust_shell_android::app::frame: frust-perf platform-view tail depth=0 target=0 acquire_bound=false frame=3840 expected_present_us=0 acquire_us=33 period_us=11113
frust_shell_android::app::frame: frust-perf platform-view tail depth=0 target=0 acquire_bound=false frame=3960 expected_present_us=0 acquire_us=33 period_us=11113
frust_shell_android::app::frame: frust-perf platform-view tail depth=0 target=0 acquire_bound=false frame=4080 expected_present_us=0 acquire_us=33 period_us=11113
frust_shell_android::app::frame: frust-perf platform-view tail depth=0 target=0 acquire_bound=false frame=4200 expected_present_us=0 acquire_us=33 period_us=11113
frust_shell_android::app::frame: frust-perf platform-view tail depth=0 target=0 acquire_bound=false frame=4320 expected_present_us=0 acquire_us=33 period_us=11113
frust_shell_android::app::frame: frust-perf platform-view tail depth=0 target=0 acquire_bound=false frame=4440 expected_present_us=0 acquire_us=33 period_us=11113
frust_shell_android::app::frame: frust-perf platform-view tail depth=0 target=0 acquire_bound=false frame=4560 expected_present_us=0 acquire_us=33 period_us=11113
frust_shell_android::app::frame: frust-perf platform-view tail depth=0 target=0 acquire_bound=false frame=4680 expected_present_us=0 acquire_us=33 period_us=12470
