frust_shell_android::app::frame: frust-perf platform-view tail depth=0 target=0 acquire_bound=false frame=101429 expected_present_us=0 acquire_us=79 period_us=11132
frust-perf activity-create
frust_shell_common::perf: bench-scenario-start s1
frust_render::context: frust-perf surface-caps formats=[Rgba8UnormSrgb,Rgba8Unorm,Rgba16Float,Rgb10a2Unorm] usages=TextureUsages(COPY_SRC | COPY_DST | TEXTURE_BINDING | STORAGE_BINDING | RENDER_ATTACHMENT | STORAGE_ATOMIC) direct_to_surface=YES (Rgba8Unorm+STORAGE_BINDING)
frust_render::context: frust-perf render-path direct (Rgba8Unorm+STORAGE_BINDING)
frust_shell_common::perf: frust-perf startup init_entry=0ms font_preinit_started=0ms font_preinit_joined=0ms preinit_started=1ms preinit_joined=4ms cache_loaded=5ms pipeline_cache_restored=5ms adapter_ready=60ms device_ready=60ms renderer_ready=60ms first_rebuild_done=70ms first_encode_done=71ms first_frame_presented=95ms
frust_shell_common::perf: frust-perf raw n=1 total_us=24750 rebuild_us=75 layout_us=0 paint_us=107 encode_us=184 acquire_us=26 submit_us=24355 skipped=0
frust_shell_common::perf: frust-perf raw n=2 total_us=134235 rebuild_us=220 layout_us=0 paint_us=332 encode_us=112 acquire_us=23 submit_us=133545 skipped=0
frust_shell_common::perf: frust-perf raw n=3 total_us=135258 rebuild_us=125 layout_us=0 paint_us=170 encode_us=137 acquire_us=42 submit_us=134781 skipped=0
frust_shell_common::perf: frust-perf raw n=4 total_us=108824 rebuild_us=118 layout_us=0 paint_us=200 encode_us=203 acquire_us=78 submit_us=108223 skipped=0
frust_shell_common::perf: frust-perf raw n=5 total_us=54824 rebuild_us=131 layout_us=0 paint_us=191 encode_us=198 acquire_us=76 submit_us=54226 skipped=0
frust_shell_common::perf: frust-perf raw n=6 total_us=48322 rebuild_us=92 layout_us=0 paint_us=135 encode_us=131 acquire_us=52 submit_us=47910 skipped=0
frust_shell_common::perf: frust-perf raw n=7 total_us=49429 rebuild_us=91 layout_us=0 paint_us=136 encode_us=173 acquire_us=73 submit_us=48954 skipped=0
frust_shell_common::perf: frust-perf raw n=8 total_us=48660 rebuild_us=91 layout_us=0 paint_us=144 encode_us=149 acquire_us=51 submit_us=48223 skipped=0
frust_shell_common::perf: frust-perf raw n=9 total_us=48103 rebuild_us=83 layout_us=0 paint_us=134 encode_us=150 acquire_us=69 submit_us=47664 skipped=0
frust_shell_common::perf: frust-perf raw n=10 total_us=47981 rebuild_us=83 layout_us=0 paint_us=146 encode_us=116 acquire_us=69 submit_us=47565 skipped=0
frust_shell_common::perf: frust-perf raw n=11 total_us=47721 rebuild_us=68 layout_us=0 paint_us=129 encode_us=143 acquire_us=77 submit_us=47303 skipped=0
frust_shell_common::perf: frust-perf raw n=12 total_us=47878 rebuild_us=90 layout_us=0 paint_us=187 encode_us=149 acquire_us=80 submit_us=47370 skipped=0
frust_shell_common::perf: frust-perf raw n=13 total_us=47999 rebuild_us=63 layout_us=0 paint_us=120 encode_us=145 acquire_us=78 submit_us=47591 skipped=0
frust_shell_common::perf: frust-perf raw n=14 total_us=47386 rebuild_us=81 layout_us=0 paint_us=168 encode_us=140 acquire_us=75 submit_us=46918 skipped=0
frust_shell_common::perf: frust-perf raw n=15 total_us=47437 rebuild_us=65 layout_us=0 paint_us=131 encode_us=143 acquire_us=71 submit_us=47025 skipped=0
frust_shell_common::perf: frust-perf raw n=16 total_us=47953 rebuild_us=71 layout_us=0 paint_us=137 encode_us=149 acquire_us=75 submit_us=47518 skipped=0
frust_shell_common::perf: frust-perf raw n=17 total_us=47626 rebuild_us=63 layout_us=0 paint_us=122 encode_us=144 acquire_us=83 submit_us=47212 skipped=0
frust_shell_common::perf: frust-perf raw n=18 total_us=47636 rebuild_us=69 layout_us=0 paint_us=134 encode_us=143 acquire_us=71 submit_us=47216 skipped=0
frust_shell_common::perf: frust-perf raw n=19 total_us=47691 rebuild_us=77 layout_us=0 paint_us=142 encode_us=144 acquire_us=72 submit_us=47254 skipped=0
frust_shell_common::perf: frust-perf raw n=20 total_us=47630 rebuild_us=71 layout_us=0 paint_us=132 encode_us=160 acquire_us=77 submit_us=47188 skipped=0
frust_shell_common::perf: frust-perf raw n=21 total_us=47407 rebuild_us=72 layout_us=0 paint_us=134 encode_us=153 acquire_us=76 submit_us=46970 skipped=0
frust_shell_common::perf: frust-perf raw n=22 total_us=47343 rebuild_us=66 layout_us=0 paint_us=135 encode_us=144 acquire_us=71 submit_us=46925 skipped=0
frust_shell_android::app::frame: frust-perf platform-view tail depth=0 target=0 acquire_bound=false frame=120 expected_present_us=0 acquire_us=74 period_us=11135
frust_shell_common::perf: frust-perf raw n=23 total_us=47589 rebuild_us=74 layout_us=0 paint_us=193 encode_us=159 acquire_us=80 submit_us=47082 skipped=0
frust_shell_common::perf: frust-perf raw n=24 total_us=47728 rebuild_us=69 layout_us=0 paint_us=131 encode_us=163 acquire_us=77 submit_us=47285 skipped=0
frust_shell_common::perf: frust-perf raw n=25 total_us=47067 rebuild_us=75 layout_us=0 paint_us=146 encode_us=150 acquire_us=70 submit_us=46623 skipped=0
frust_shell_common::perf: frust-perf raw n=26 total_us=47332 rebuild_us=90 layout_us=0 paint_us=174 encode_us=185 acquire_us=101 submit_us=46780 skipped=0
frust_shell_common::perf: frust-perf raw n=27 total_us=47858 rebuild_us=78 layout_us=0 paint_us=143 encode_us=162 acquire_us=88 submit_us=47385 skipped=0
frust_shell_common::perf: frust-perf raw n=28 total_us=47454 rebuild_us=71 layout_us=0 paint_us=141 encode_us=164 acquire_us=77 submit_us=46999 skipped=0
frust_shell_common::perf: frust-perf raw n=29 total_us=47181 rebuild_us=71 layout_us=0 paint_us=137 encode_us=168 acquire_us=86 submit_us=46717 skipped=0
frust_shell_common::perf: frust-perf raw n=30 total_us=47302 rebuild_us=83 layout_us=0 paint_us=150 encode_us=174 acquire_us=95 submit_us=46798 skipped=0
frust_shell_common::perf: frust-perf raw n=31 total_us=47713 rebuild_us=100 layout_us=0 paint_us=176 encode_us=182 acquire_us=77 submit_us=47174 skipped=0
frust_shell_common::perf: frust-perf raw n=32 total_us=47310 rebuild_us=73 layout_us=0 paint_us=135 encode_us=147 acquire_us=72 submit_us=46880 skipped=0
frust_shell_common::perf: frust-perf raw n=33 total_us=47563 rebuild_us=71 layout_us=0 paint_us=134 encode_us=144 acquire_us=82 submit_us=47130 skipped=0
frust_shell_common::perf: frust-perf raw n=34 total_us=47368 rebuild_us=72 layout_us=0 paint_us=202 encode_us=145 acquire_us=71 submit_us=46876 skipped=0
frust_shell_common::perf: frust-perf raw n=35 total_us=47590 rebuild_us=78 layout_us=0 paint_us=141 encode_us=161 acquire_us=75 submit_us=47131 skipped=0
frust_shell_common::perf: frust-perf raw n=36 total_us=47742 rebuild_us=178 layout_us=1 paint_us=360 encode_us=187 acquire_us=78 submit_us=46935 skipped=0
frust_shell_common::perf: frust-perf raw n=37 total_us=47519 rebuild_us=65 layout_us=0 paint_us=131 encode_us=252 acquire_us=103 submit_us=46966 skipped=0
frust_shell_common::perf: frust-perf raw n=38 total_us=47557 rebuild_us=112 layout_us=0 paint_us=212 encode_us=218 acquire_us=107 submit_us=46905 skipped=0
frust_shell_common::perf: frust-perf frame n=38 total_p50_ms=47 total_p95_ms=134 total_p99_ms=135 rebuild_p95_ms=0 layout_p95_ms=0 paint_p95_ms=0 encode_p95_ms=0 acquire_p95_ms=0 submit_p95_ms=133 over_60hz=38 over_120hz=38 skipped=0 total_frames=38
frust_shell_common::perf: frust-perf raw n=39 total_us=47414 rebuild_us=87 layout_us=0 paint_us=172 encode_us=212 acquire_us=92 submit_us=46849 skipped=0
frust_shell_common::perf: frust-perf raw n=40 total_us=47690 rebuild_us=89 layout_us=0 paint_us=174 encode_us=220 acquire_us=92 submit_us=47113 skipped=0
frust_shell_common::perf: frust-perf raw n=41 total_us=47387 rebuild_us=90 layout_us=0 paint_us=177 encode_us=219 acquire_us=94 submit_us=46804 skipped=0
frust_shell_common::perf: frust-perf raw n=42 total_us=48544 rebuild_us=227 layout_us=2 paint_us=569 encode_us=250 acquire_us=110 submit_us=47384 skipped=0
frust_shell_common::perf: frust-perf raw n=43 total_us=47836 rebuild_us=194 layout_us=1 paint_us=586 encode_us=224 acquire_us=112 submit_us=46717 skipped=0
frust_shell_common::perf: frust-perf raw n=44 total_us=48798 rebuild_us=226 layout_us=2 paint_us=565 encode_us=256 acquire_us=155 submit_us=47592 skipped=0
frust_shell_common::perf: frust-perf raw n=45 total_us=47890 rebuild_us=195 layout_us=1 paint_us=518 encode_us=212 acquire_us=94 submit_us=46867 skipped=0
frust_shell_common::perf: frust-perf raw n=46 total_us=48478 rebuild_us=190 layout_us=1 paint_us=517 encode_us=229 acquire_us=120 submit_us=47419 skipped=0
frust_shell_common::perf: frust-perf raw n=47 total_us=48295 rebuild_us=247 layout_us=1 paint_us=734 encode_us=237 acquire_us=126 submit_us=46946 skipped=0
frust_shell_common::perf: frust-perf raw n=48 total_us=47920 rebuild_us=386 layout_us=1 paint_us=664 encode_us=263 acquire_us=231 submit_us=46372 skipped=0
frust_shell_common::perf: frust-perf raw n=49 total_us=48634 rebuild_us=199 layout_us=2 paint_us=667 encode_us=258 acquire_us=117 submit_us=47389 skipped=0
frust_shell_common::perf: frust-perf raw n=50 total_us=47679 rebuild_us=256 layout_us=1 paint_us=708 encode_us=260 acquire_us=183 submit_us=46268 skipped=0
frust_shell_android::app::frame: frust-perf platform-view tail depth=0 target=0 acquire_bound=false frame=240 expected_present_us=0 acquire_us=136 period_us=11128
frust_shell_common::perf: frust-perf raw n=51 total_us=48512 rebuild_us=192 layout_us=1 paint_us=504 encode_us=220 acquire_us=106 submit_us=47487 skipped=0
frust_shell_common::perf: frust-perf raw n=52 total_us=47112 rebuild_us=232 layout_us=2 paint_us=669 encode_us=256 acquire_us=156 submit_us=45794 skipped=0
frust_shell_common::perf: frust-perf raw n=53 total_us=47824 rebuild_us=89 layout_us=0 paint_us=170 encode_us=137 acquire_us=112 submit_us=47313 skipped=0
frust_shell_common::perf: frust-perf raw n=54 total_us=47654 rebuild_us=101 layout_us=0 paint_us=224 encode_us=278 acquire_us=110 submit_us=46938 skipped=0
frust_shell_common::perf: frust-perf raw n=55 total_us=48015 rebuild_us=230 layout_us=2 paint_us=578 encode_us=251 acquire_us=155 submit_us=46799 skipped=0
frust_shell_common::perf: frust-perf raw n=56 total_us=48425 rebuild_us=231 layout_us=1 paint_us=575 encode_us=225 acquire_us=111 submit_us=47278 skipped=0
frust_shell_common::perf: frust-perf raw n=57 total_us=48440 rebuild_us=341 layout_us=1 paint_us=718 encode_us=244 acquire_us=136 submit_us=46998 skipped=0
frust_shell_common::perf: frust-perf raw n=58 total_us=47832 rebuild_us=267 layout_us=2 paint_us=659 encode_us=304 acquire_us=147 submit_us=46450 skipped=0
frust_shell_common::perf: frust-perf raw n=59 total_us=48536 rebuild_us=208 layout_us=1 paint_us=623 encode_us=240 acquire_us=143 submit_us=47319 skipped=0
frust_shell_common::perf: frust-perf raw n=60 total_us=48245 rebuild_us=246 layout_us=1 paint_us=668 encode_us=281 acquire_us=181 submit_us=46865 skipped=0
frust_shell_common::perf: frust-perf raw n=61 total_us=47604 rebuild_us=83 layout_us=0 paint_us=162 encode_us=208 acquire_us=92 submit_us=47058 skipped=0
frust_shell_common::perf: frust-perf raw n=62 total_us=48342 rebuild_us=205 layout_us=1 paint_us=523 encode_us=240 acquire_us=126 submit_us=47244 skipped=0
frust_shell_common::perf: frust-perf raw n=63 total_us=48012 rebuild_us=190 layout_us=1 paint_us=510 encode_us=222 acquire_us=106 submit_us=46981 skipped=0
frust_shell_common::perf: frust-perf raw n=64 total_us=48306 rebuild_us=185 layout_us=1 paint_us=543 encode_us=223 acquire_us=120 submit_us=47231 skipped=0
frust_shell_common::perf: frust-perf raw n=65 total_us=48138 rebuild_us=192 layout_us=1 paint_us=509 encode_us=222 acquire_us=107 submit_us=47104 skipped=0
frust_shell_common::perf: frust-perf raw n=66 total_us=48809 rebuild_us=261 layout_us=1 paint_us=621 encode_us=297 acquire_us=121 submit_us=47504 skipped=0
frust_shell_common::perf: frust-perf raw n=67 total_us=48586 rebuild_us=192 layout_us=1 paint_us=509 encode_us=231 acquire_us=121 submit_us=47530 skipped=0
frust_shell_common::perf: frust-perf raw n=68 total_us=48283 rebuild_us=197 layout_us=1 paint_us=636 encode_us=233 acquire_us=117 submit_us=47096 skipped=0
frust_shell_common::perf: frust-perf raw n=69 total_us=48013 rebuild_us=84 layout_us=0 paint_us=161 encode_us=220 acquire_us=113 submit_us=47433 skipped=0
frust_shell_common::perf: frust-perf raw n=70 total_us=47375 rebuild_us=87 layout_us=0 paint_us=165 encode_us=215 acquire_us=114 submit_us=46792 skipped=0
frust_shell_common::perf: frust-perf raw n=71 total_us=47956 rebuild_us=87 layout_us=0 paint_us=164 encode_us=221 acquire_us=129 submit_us=47352 skipped=0
frust_shell_common::perf: frust-perf raw n=72 total_us=47724 rebuild_us=218 layout_us=1 paint_us=554 encode_us=244 acquire_us=192 submit_us=46513 skipped=0
frust_shell_common::perf: frust-perf raw n=73 total_us=48240 rebuild_us=235 layout_us=2 paint_us=583 encode_us=231 acquire_us=107 submit_us=47079 skipped=0
frust_shell_common::perf: frust-perf raw n=74 total_us=47555 rebuild_us=240 layout_us=1 paint_us=597 encode_us=251 acquire_us=158 submit_us=46305 skipped=0
frust_shell_common::perf: frust-perf raw n=75 total_us=47763 rebuild_us=84 layout_us=0 paint_us=159 encode_us=208 acquire_us=106 submit_us=47204 skipped=0
frust_shell_common::perf: frust-perf raw n=76 total_us=48336 rebuild_us=220 layout_us=2 paint_us=571 encode_us=214 acquire_us=104 submit_us=47222 skipped=0
frust_shell_common::perf: frust-perf raw n=77 total_us=48173 rebuild_us=195 layout_us=2 paint_us=514 encode_us=225 acquire_us=163 submit_us=47072 skipped=0
frust_shell_common::perf: frust-perf raw n=78 total_us=48551 rebuild_us=194 layout_us=1 paint_us=516 encode_us=228 acquire_us=117 submit_us=47492 skipped=0
frust_shell_android::app::frame: frust-perf platform-view tail depth=0 target=0 acquire_bound=false frame=360 expected_present_us=0 acquire_us=136 period_us=11139
frust_shell_common::perf: frust-perf raw n=79 total_us=48360 rebuild_us=282 layout_us=2 paint_us=621 encode_us=252 acquire_us=163 submit_us=47038 skipped=0
frust_shell_common::perf: frust-perf raw n=80 total_us=47351 rebuild_us=88 layout_us=0 paint_us=169 encode_us=214 acquire_us=105 submit_us=46772 skipped=0
frust_shell_common::perf: frust-perf frame n=80 total_p50_ms=47 total_p95_ms=49 total_p99_ms=135 rebuild_p95_ms=0 layout_p95_ms=0 paint_p95_ms=0 encode_p95_ms=0 acquire_p95_ms=0 submit_p95_ms=48 over_60hz=80 over_120hz=80 skipped=0 total_frames=80
frust_shell_common::perf: frust-perf raw n=81 total_us=48036 rebuild_us=206 layout_us=2 paint_us=823 encode_us=230 acquire_us=126 submit_us=46647 skipped=0
frust_shell_common::perf: frust-perf raw n=82 total_us=48541 rebuild_us=186 layout_us=1 paint_us=482 encode_us=223 acquire_us=106 submit_us=47540 skipped=0
frust_shell_common::perf: frust-perf raw n=83 total_us=47926 rebuild_us=303 layout_us=3 paint_us=672 encode_us=254 acquire_us=183 submit_us=46510 skipped=0
frust_shell_common::perf: frust-perf raw n=84 total_us=47943 rebuild_us=279 layout_us=2 paint_us=698 encode_us=260 acquire_us=165 submit_us=46538 skipped=0
frust_shell_common::perf: frust-perf raw n=85 total_us=47591 rebuild_us=97 layout_us=0 paint_us=178 encode_us=212 acquire_us=97 submit_us=47004 skipped=0
frust_shell_common::perf: frust-perf raw n=86 total_us=48238 rebuild_us=83 layout_us=0 paint_us=160 encode_us=211 acquire_us=96 submit_us=47686 skipped=0
frust_shell_common::perf: frust-perf raw n=87 total_us=48030 rebuild_us=105 layout_us=0 paint_us=267 encode_us=209 acquire_us=94 submit_us=47352 skipped=0
frust_shell_common::perf: frust-perf raw n=88 total_us=47956 rebuild_us=205 layout_us=1 paint_us=523 encode_us=229 acquire_us=123 submit_us=46872 skipped=0
frust_shell_common::perf: frust-perf raw n=89 total_us=48454 rebuild_us=210 layout_us=1 paint_us=533 encode_us=298 acquire_us=152 submit_us=47257 skipped=0
frust_shell_common::perf: frust-perf raw n=90 total_us=47572 rebuild_us=198 layout_us=1 paint_us=520 encode_us=263 acquire_us=149 submit_us=46439 skipped=0
frust_shell_common::perf: frust-perf raw n=91 total_us=48403 rebuild_us=233 layout_us=1 paint_us=556 encode_us=225 acquire_us=117 submit_us=47267 skipped=0
frust_shell_common::perf: frust-perf raw n=92 total_us=47735 rebuild_us=452 layout_us=2 paint_us=644 encode_us=256 acquire_us=168 submit_us=46210 skipped=0
frust_shell_common::perf: frust-perf raw n=93 total_us=48169 rebuild_us=196 layout_us=1 paint_us=511 encode_us=223 acquire_us=109 submit_us=47125 skipped=0
frust_shell_common::perf: frust-perf raw n=94 total_us=47408 rebuild_us=214 layout_us=1 paint_us=535 encode_us=283 acquire_us=97 submit_us=46275 skipped=0
frust_shell_common::perf: frust-perf raw n=95 total_us=48355 rebuild_us=224 layout_us=2 paint_us=557 encode_us=245 acquire_us=150 submit_us=47175 skipped=0
frust_shell_common::perf: frust-perf raw n=96 total_us=48320 rebuild_us=211 layout_us=1 paint_us=714 encode_us=227 acquire_us=117 submit_us=47047 skipped=0
frust_shell_common::perf: frust-perf raw n=97 total_us=47629 rebuild_us=284 layout_us=1 paint_us=535 encode_us=226 acquire_us=123 submit_us=46458 skipped=0
frust_shell_common::perf: frust-perf raw n=98 total_us=47372 rebuild_us=129 layout_us=0 paint_us=225 encode_us=212 acquire_us=98 submit_us=46705 skipped=0
frust_shell_common::perf: frust-perf raw n=99 total_us=47917 rebuild_us=71 layout_us=0 paint_us=137 encode_us=208 acquire_us=88 submit_us=47410 skipped=0
frust_shell_common::perf: frust-perf raw n=100 total_us=48169 rebuild_us=231 layout_us=2 paint_us=574 encode_us=235 acquire_us=119 submit_us=47006 skipped=0
frust_shell_common::perf: frust-perf raw n=101 total_us=49131 rebuild_us=210 layout_us=1 paint_us=538 encode_us=237 acquire_us=128 submit_us=48014 skipped=0
frust_shell_common::perf: frust-perf raw n=102 total_us=48103 rebuild_us=217 layout_us=1 paint_us=563 encode_us=357 acquire_us=193 submit_us=46770 skipped=0
frust_shell_common::perf: frust-perf raw n=103 total_us=49208 rebuild_us=217 layout_us=2 paint_us=844 encode_us=241 acquire_us=132 submit_us=47770 skipped=0
frust_shell_common::perf: frust-perf raw n=104 total_us=47848 rebuild_us=197 layout_us=1 paint_us=512 encode_us=225 acquire_us=123 submit_us=46787 skipped=0
frust_shell_common::perf: frust-perf raw n=105 total_us=47759 rebuild_us=226 layout_us=1 paint_us=580 encode_us=252 acquire_us=146 submit_us=46550 skipped=0
frust_shell_common::perf: frust-perf raw n=106 total_us=48680 rebuild_us=254 layout_us=1 paint_us=523 encode_us=262 acquire_us=114 submit_us=47522 skipped=0
frust_shell_android::app::frame: frust-perf platform-view tail depth=0 target=0 acquire_bound=false frame=480 expected_present_us=0 acquire_us=123 period_us=11136
frust_shell_common::perf: frust-perf raw n=107 total_us=48025 rebuild_us=189 layout_us=2 paint_us=506 encode_us=247 acquire_us=107 submit_us=46971 skipped=0
frust_shell_common::perf: frust-perf raw n=108 total_us=48157 rebuild_us=321 layout_us=1 paint_us=569 encode_us=246 acquire_us=145 submit_us=46872 skipped=0
frust_shell_common::perf: frust-perf raw n=109 total_us=48147 rebuild_us=197 layout_us=1 paint_us=519 encode_us=217 acquire_us=117 submit_us=47093 skipped=0
frust_shell_common::perf: frust-perf raw n=110 total_us=47919 rebuild_us=224 layout_us=2 paint_us=511 encode_us=222 acquire_us=109 submit_us=46849 skipped=0
frust_shell_common::perf: frust-perf raw n=111 total_us=49206 rebuild_us=194 layout_us=1 paint_us=515 encode_us=206 acquire_us=101 submit_us=48186 skipped=0
frust_shell_common::perf: frust-perf raw n=112 total_us=47982 rebuild_us=215 layout_us=1 paint_us=546 encode_us=238 acquire_us=129 submit_us=46851 skipped=0
frust_shell_common::perf: frust-perf raw n=113 total_us=47951 rebuild_us=322 layout_us=1 paint_us=628 encode_us=244 acquire_us=92 submit_us=46661 skipped=0
frust_shell_common::perf: frust-perf raw n=114 total_us=47886 rebuild_us=206 layout_us=2 paint_us=597 encode_us=221 acquire_us=111 submit_us=46747 skipped=0
frust_shell_common::perf: frust-perf raw n=115 total_us=48860 rebuild_us=211 layout_us=1 paint_us=535 encode_us=237 acquire_us=133 submit_us=47741 skipped=0
frust_shell_common::perf: frust-perf raw n=116 total_us=48422 rebuild_us=296 layout_us=2 paint_us=1103 encode_us=268 acquire_us=149 submit_us=46602 skipped=0
frust_shell_common::perf: frust-perf raw n=117 total_us=48398 rebuild_us=192 layout_us=1 paint_us=514 encode_us=228 acquire_us=166 submit_us=47294 skipped=0
frust_shell_common::perf: frust-perf raw n=118 total_us=48174 rebuild_us=309 layout_us=2 paint_us=725 encode_us=385 acquire_us=163 submit_us=46589 skipped=0
frust_shell_common::perf: frust-perf raw n=119 total_us=48519 rebuild_us=210 layout_us=2 paint_us=543 encode_us=231 acquire_us=119 submit_us=47411 skipped=0
frust_shell_common::perf: frust-perf raw n=120 total_us=48009 rebuild_us=244 layout_us=2 paint_us=618 encode_us=232 acquire_us=114 submit_us=46798 skipped=0
frust_shell_common::perf: frust-perf raw n=121 total_us=48345 rebuild_us=189 layout_us=1 paint_us=513 encode_us=261 acquire_us=109 submit_us=47269 skipped=0
frust_shell_common::perf: frust-perf raw n=122 total_us=48255 rebuild_us=194 layout_us=1 paint_us=506 encode_us=223 acquire_us=106 submit_us=47223 skipped=0
frust_shell_common::perf: frust-perf frame n=120 total_p50_ms=47 total_p95_ms=49 total_p99_ms=108 rebuild_p95_ms=0 layout_p95_ms=0 paint_p95_ms=0 encode_p95_ms=0 acquire_p95_ms=0 submit_p95_ms=48 over_60hz=122 over_120hz=122 skipped=0 total_frames=122
frust_shell_common::perf: frust-perf raw n=123 total_us=47918 rebuild_us=222 layout_us=1 paint_us=751 encode_us=251 acquire_us=176 submit_us=46515 skipped=0
frust_shell_common::perf: frust-perf raw n=124 total_us=48835 rebuild_us=207 layout_us=1 paint_us=542 encode_us=254 acquire_us=146 submit_us=47682 skipped=0
frust_shell_common::perf: frust-perf raw n=125 total_us=47590 rebuild_us=103 layout_us=0 paint_us=217 encode_us=206 acquire_us=95 submit_us=46967 skipped=0
frust_shell_common::perf: frust-perf raw n=126 total_us=47696 rebuild_us=81 layout_us=0 paint_us=165 encode_us=208 acquire_us=108 submit_us=47132 skipped=0
frust_shell_common::perf: frust-perf raw n=127 total_us=46803 rebuild_us=87 layout_us=0 paint_us=170 encode_us=209 acquire_us=95 submit_us=46240 skipped=0
frust_shell_common::perf: frust-perf raw n=128 total_us=48071 rebuild_us=83 layout_us=0 paint_us=161 encode_us=181 acquire_us=82 submit_us=47561 skipped=0
frust_shell_common::perf: frust-perf raw n=129 total_us=47658 rebuild_us=258 layout_us=2 paint_us=623 encode_us=264 acquire_us=159 submit_us=46350 skipped=0
frust_shell_common::perf: frust-perf raw n=130 total_us=47960 rebuild_us=84 layout_us=0 paint_us=166 encode_us=216 acquire_us=104 submit_us=47387 skipped=0
frust_shell_common::perf: frust-perf raw n=131 total_us=47448 rebuild_us=107 layout_us=0 paint_us=196 encode_us=234 acquire_us=114 submit_us=46795 skipped=0
frust_shell_common::perf: frust-perf raw n=132 total_us=48061 rebuild_us=92 layout_us=0 paint_us=184 encode_us=191 acquire_us=106 submit_us=47485 skipped=0
frust_shell_common::perf: frust-perf raw n=133 total_us=47526 rebuild_us=97 layout_us=0 paint_us=189 encode_us=248 acquire_us=98 submit_us=46891 skipped=0
frust_shell_common::perf: frust-perf raw n=134 total_us=48081 rebuild_us=191 layout_us=1 paint_us=585 encode_us=224 acquire_us=134 submit_us=46944 skipped=0
frust_shell_android::app::frame: frust-perf platform-view tail depth=0 target=0 acquire_bound=false frame=600 expected_present_us=0 acquire_us=115 period_us=11133
frust_shell_common::perf: frust-perf raw n=135 total_us=48006 rebuild_us=207 layout_us=1 paint_us=533 encode_us=237 acquire_us=118 submit_us=46907 skipped=0
frust_shell_common::perf: frust-perf raw n=136 total_us=47645 rebuild_us=122 layout_us=0 paint_us=284 encode_us=261 acquire_us=175 submit_us=46799 skipped=0
frust_shell_common::perf: frust-perf raw n=137 total_us=48173 rebuild_us=217 layout_us=1 paint_us=554 encode_us=240 acquire_us=127 submit_us=47031 skipped=0
frust_shell_common::perf: frust-perf raw n=138 total_us=47350 rebuild_us=134 layout_us=0 paint_us=277 encode_us=230 acquire_us=108 submit_us=46597 skipped=0
frust_shell_common::perf: frust-perf raw n=139 total_us=47629 rebuild_us=84 layout_us=0 paint_us=160 encode_us=220 acquire_us=103 submit_us=47060 skipped=0
frust_shell_common::perf: frust-perf raw n=140 total_us=47298 rebuild_us=87 layout_us=0 paint_us=176 encode_us=209 acquire_us=95 submit_us=46727 skipped=0
frust_shell_common::perf: frust-perf raw n=141 total_us=47703 rebuild_us=82 layout_us=0 paint_us=161 encode_us=207 acquire_us=94 submit_us=47156 skipped=0
frust_shell_common::perf: frust-perf raw n=142 total_us=48468 rebuild_us=233 layout_us=1 paint_us=565 encode_us=232 acquire_us=109 submit_us=47326 skipped=0
frust_shell_common::perf: frust-perf raw n=143 total_us=49182 rebuild_us=214 layout_us=1 paint_us=554 encode_us=253 acquire_us=134 submit_us=48023 skipped=0
frust_shell_common::perf: frust-perf raw n=144 total_us=50175 rebuild_us=309 layout_us=1 paint_us=1189 encode_us=255 acquire_us=150 submit_us=48267 skipped=0
frust_shell_common::perf: frust-perf raw n=145 total_us=47619 rebuild_us=82 layout_us=0 paint_us=203 encode_us=208 acquire_us=95 submit_us=47028 skipped=0
frust_shell_common::perf: frust-perf raw n=146 total_us=47254 rebuild_us=80 layout_us=0 paint_us=162 encode_us=225 acquire_us=94 submit_us=46689 skipped=0
frust_shell_common::perf: frust-perf raw n=147 total_us=47691 rebuild_us=84 layout_us=0 paint_us=223 encode_us=209 acquire_us=94 submit_us=47079 skipped=0
frust_shell_common::perf: frust-perf raw n=148 total_us=48326 rebuild_us=228 layout_us=1 paint_us=576 encode_us=334 acquire_us=177 submit_us=47008 skipped=0
frust_shell_common::perf: frust-perf raw n=149 total_us=47819 rebuild_us=219 layout_us=1 paint_us=566 encode_us=266 acquire_us=160 submit_us=46603 skipped=0
frust_shell_common::perf: frust-perf raw n=150 total_us=48044 rebuild_us=83 layout_us=0 paint_us=165 encode_us=220 acquire_us=103 submit_us=47471 skipped=0
frust_shell_common::perf: frust-perf raw n=151 total_us=48060 rebuild_us=227 layout_us=1 paint_us=565 encode_us=247 acquire_us=145 submit_us=46872 skipped=0
frust_shell_common::perf: frust-perf raw n=152 total_us=48421 rebuild_us=423 layout_us=1 paint_us=572 encode_us=354 acquire_us=176 submit_us=46893 skipped=0
frust_shell_common::perf: frust-perf raw n=153 total_us=48231 rebuild_us=216 layout_us=2 paint_us=559 encode_us=252 acquire_us=153 submit_us=47047 skipped=0
frust_shell_common::perf: frust-perf raw n=154 total_us=48407 rebuild_us=197 layout_us=1 paint_us=716 encode_us=230 acquire_us=118 submit_us=47142 skipped=0
frust_shell_common::perf: frust-perf raw n=155 total_us=47933 rebuild_us=209 layout_us=1 paint_us=542 encode_us=224 acquire_us=111 submit_us=46843 skipped=0
frust_shell_common::perf: frust-perf raw n=156 total_us=47801 rebuild_us=214 layout_us=2 paint_us=638 encode_us=316 acquire_us=145 submit_us=46483 skipped=0
frust_shell_common::perf: frust-perf raw n=157 total_us=48286 rebuild_us=239 layout_us=1 paint_us=595 encode_us=259 acquire_us=101 submit_us=47088 skipped=0
frust_shell_common::perf: frust-perf raw n=158 total_us=48297 rebuild_us=185 layout_us=1 paint_us=1055 encode_us=220 acquire_us=109 submit_us=46724 skipped=0
frust_shell_common::perf: frust-perf raw n=159 total_us=48194 rebuild_us=227 layout_us=1 paint_us=567 encode_us=229 acquire_us=116 submit_us=47050 skipped=0
frust_shell_common::perf: frust-perf raw n=160 total_us=48245 rebuild_us=209 layout_us=2 paint_us=529 encode_us=242 acquire_us=134 submit_us=47126 skipped=0
frust_shell_common::perf: frust-perf raw n=161 total_us=48056 rebuild_us=152 layout_us=1 paint_us=475 encode_us=275 acquire_us=93 submit_us=47057 skipped=0
frust_shell_common::perf: frust-perf raw n=162 total_us=47664 rebuild_us=220 layout_us=1 paint_us=708 encode_us=247 acquire_us=134 submit_us=46351 skipped=0
frust_shell_android::app::frame: frust-perf platform-view tail depth=0 target=0 acquire_bound=false frame=720 expected_present_us=0 acquire_us=117 period_us=11135
frust_shell_common::perf: frust-perf raw n=163 total_us=48442 rebuild_us=192 layout_us=1 paint_us=516 encode_us=223 acquire_us=112 submit_us=47395 skipped=0
frust_shell_common::perf: frust-perf raw n=164 total_us=47883 rebuild_us=210 layout_us=1 paint_us=551 encode_us=233 acquire_us=121 submit_us=46764 skipped=0
frust_shell_common::perf: frust-perf frame n=120 total_p50_ms=48 total_p95_ms=48 total_p99_ms=49 rebuild_p95_ms=0 layout_p95_ms=0 paint_p95_ms=0 encode_p95_ms=0 acquire_p95_ms=0 submit_p95_ms=47 over_60hz=164 over_120hz=164 skipped=0 total_frames=164
frust_shell_common::perf: frust-perf raw n=165 total_us=48458 rebuild_us=197 layout_us=1 paint_us=506 encode_us=224 acquire_us=128 submit_us=47399 skipped=0
frust_shell_common::perf: frust-perf raw n=166 total_us=47661 rebuild_us=210 layout_us=1 paint_us=542 encode_us=245 acquire_us=137 submit_us=46523 skipped=0
frust_shell_common::perf: frust-perf raw n=167 total_us=48071 rebuild_us=197 layout_us=1 paint_us=514 encode_us=231 acquire_us=115 submit_us=47010 skipped=0
frust_shell_common::perf: frust-perf raw n=168 total_us=48387 rebuild_us=273 layout_us=2 paint_us=582 encode_us=250 acquire_us=141 submit_us=47137 skipped=0
frust_shell_common::perf: frust-perf raw n=169 total_us=48258 rebuild_us=200 layout_us=1 paint_us=509 encode_us=246 acquire_us=141 submit_us=47159 skipped=0
frust_shell_common::perf: frust-perf raw n=170 total_us=48293 rebuild_us=294 layout_us=3 paint_us=901 encode_us=262 acquire_us=153 submit_us=46677 skipped=0
frust_shell_common::perf: frust-perf raw n=171 total_us=47295 rebuild_us=88 layout_us=0 paint_us=169 encode_us=221 acquire_us=130 submit_us=46686 skipped=0
frust_shell_common::perf: frust-perf raw n=172 total_us=47335 rebuild_us=88 layout_us=0 paint_us=174 encode_us=222 acquire_us=124 submit_us=46724 skipped=0
frust_shell_common::perf: frust-perf raw n=173 total_us=47291 rebuild_us=144 layout_us=0 paint_us=305 encode_us=227 acquire_us=99 submit_us=46512 skipped=0
frust_shell_common::perf: frust-perf raw n=174 total_us=47908 rebuild_us=128 layout_us=0 paint_us=219 encode_us=215 acquire_us=98 submit_us=47245 skipped=0
frust_shell_common::perf: frust-perf raw n=175 total_us=47450 rebuild_us=143 layout_us=0 paint_us=223 encode_us=252 acquire_us=103 submit_us=46727 skipped=0
frust_shell_common::perf: frust-perf raw n=176 total_us=47727 rebuild_us=125 layout_us=0 paint_us=195 encode_us=222 acquire_us=100 submit_us=47082 skipped=0
frust_shell_common::perf: frust-perf raw n=177 total_us=47631 rebuild_us=106 layout_us=0 paint_us=193 encode_us=231 acquire_us=99 submit_us=46998 skipped=0
frust_shell_common::perf: frust-perf raw n=178 total_us=47379 rebuild_us=91 layout_us=0 paint_us=178 encode_us=213 acquire_us=91 submit_us=46803 skipped=0
frust_shell_common::perf: frust-perf raw n=179 total_us=47849 rebuild_us=116 layout_us=0 paint_us=216 encode_us=211 acquire_us=108 submit_us=47196 skipped=0
frust_shell_common::perf: frust-perf raw n=180 total_us=47910 rebuild_us=213 layout_us=1 paint_us=538 encode_us=234 acquire_us=130 submit_us=46791 skipped=0
frust_shell_common::perf: frust-perf raw n=181 total_us=49047 rebuild_us=194 layout_us=1 paint_us=511 encode_us=230 acquire_us=122 submit_us=47986 skipped=0
frust_shell_common::perf: frust-perf raw n=182 total_us=48080 rebuild_us=206 layout_us=2 paint_us=534 encode_us=245 acquire_us=152 submit_us=46938 skipped=0
frust_shell_common::perf: frust-perf raw n=183 total_us=48245 rebuild_us=196 layout_us=1 paint_us=672 encode_us=234 acquire_us=123 submit_us=47016 skipped=0
frust_shell_common::perf: frust-perf raw n=184 total_us=48276 rebuild_us=217 layout_us=1 paint_us=542 encode_us=245 acquire_us=140 submit_us=47128 skipped=0
frust_shell_common::perf: frust-perf raw n=185 total_us=48707 rebuild_us=248 layout_us=1 paint_us=1276 encode_us=254 acquire_us=141 submit_us=46784 skipped=0
frust_shell_common::perf: frust-perf raw n=186 total_us=48116 rebuild_us=220 layout_us=1 paint_us=558 encode_us=240 acquire_us=132 submit_us=46963 skipped=0
frust_shell_common::perf: frust-perf raw n=187 total_us=48783 rebuild_us=225 layout_us=1 paint_us=555 encode_us=324 acquire_us=157 submit_us=47519 skipped=0
frust_shell_common::perf: frust-perf raw n=188 total_us=48220 rebuild_us=362 layout_us=2 paint_us=648 encode_us=212 acquire_us=97 submit_us=46896 skipped=0
frust_shell_common::perf: frust-perf raw n=189 total_us=47749 rebuild_us=83 layout_us=0 paint_us=159 encode_us=208 acquire_us=92 submit_us=47204 skipped=0
frust_shell_common::perf: frust-perf raw n=190 total_us=48374 rebuild_us=235 layout_us=1 paint_us=577 encode_us=223 acquire_us=109 submit_us=47226 skipped=0
frust_shell_android::app::frame: frust-perf platform-view tail depth=0 target=0 acquire_bound=false frame=840 expected_present_us=0 acquire_us=109 period_us=11134
frust_shell_common::perf: frust-perf raw n=191 total_us=48224 rebuild_us=201 layout_us=1 paint_us=536 encode_us=207 acquire_us=91 submit_us=47185 skipped=0
frust_shell_common::perf: frust-perf raw n=192 total_us=48329 rebuild_us=253 layout_us=1 paint_us=1002 encode_us=279 acquire_us=172 submit_us=46620 skipped=0
frust_shell_common::perf: frust-perf raw n=193 total_us=47364 rebuild_us=95 layout_us=0 paint_us=182 encode_us=215 acquire_us=100 submit_us=46768 skipped=0
frust_shell_common::perf: frust-perf raw n=194 total_us=47929 rebuild_us=100 layout_us=0 paint_us=228 encode_us=225 acquire_us=109 submit_us=47263 skipped=0
frust_shell_common::perf: frust-perf raw n=195 total_us=46942 rebuild_us=78 layout_us=0 paint_us=162 encode_us=207 acquire_us=90 submit_us=46402 skipped=0
frust_shell_common::perf: frust-perf raw n=196 total_us=47825 rebuild_us=92 layout_us=0 paint_us=175 encode_us=183 acquire_us=84 submit_us=47288 skipped=0
frust_shell_common::perf: frust-perf raw n=197 total_us=48163 rebuild_us=206 layout_us=1 paint_us=525 encode_us=231 acquire_us=122 submit_us=47075 skipped=0
frust_shell_common::perf: frust-perf raw n=198 total_us=47875 rebuild_us=220 layout_us=1 paint_us=550 encode_us=249 acquire_us=137 submit_us=46715 skipped=0
frust_shell_common::perf: frust-perf raw n=199 total_us=48314 rebuild_us=405 layout_us=2 paint_us=620 encode_us=252 acquire_us=146 submit_us=46887 skipped=0
frust_shell_common::perf: frust-perf raw n=200 total_us=48057 rebuild_us=213 layout_us=2 paint_us=579 encode_us=248 acquire_us=126 submit_us=46887 skipped=0
frust_shell_common::perf: frust-perf raw n=201 total_us=48034 rebuild_us=348 layout_us=2 paint_us=576 encode_us=232 acquire_us=118 submit_us=46756 skipped=0
frust_shell_common::perf: frust-perf raw n=202 total_us=48301 rebuild_us=226 layout_us=2 paint_us=552 encode_us=228 acquire_us=109 submit_us=47183 skipped=0
frust_shell_common::perf: frust-perf raw n=203 total_us=48516 rebuild_us=482 layout_us=1 paint_us=855 encode_us=249 acquire_us=137 submit_us=46790 skipped=0
frust_shell_common::perf: frust-perf raw n=204 total_us=47634 rebuild_us=88 layout_us=0 paint_us=232 encode_us=207 acquire_us=93 submit_us=47012 skipped=0
frust_shell_common::perf: frust-perf raw n=205 total_us=48640 rebuild_us=367 layout_us=1 paint_us=585 encode_us=223 acquire_us=110 submit_us=47352 skipped=0
frust_shell_common::perf: frust-perf raw n=206 total_us=48487 rebuild_us=242 layout_us=1 paint_us=650 encode_us=265 acquire_us=152 submit_us=47175 skipped=0
frust_shell_common::perf: frust-perf frame n=120 total_p50_ms=48 total_p95_ms=48 total_p99_ms=49 rebuild_p95_ms=0 layout_p95_ms=0 paint_p95_ms=0 encode_p95_ms=0 acquire_p95_ms=0 submit_p95_ms=47 over_60hz=206 over_120hz=206 skipped=0 total_frames=206
frust_shell_common::perf: frust-perf raw n=207 total_us=47432 rebuild_us=86 layout_us=0 paint_us=165 encode_us=229 acquire_us=124 submit_us=46825 skipped=0
frust_shell_common::perf: frust-perf raw n=208 total_us=48740 rebuild_us=212 layout_us=2 paint_us=514 encode_us=273 acquire_us=112 submit_us=47625 skipped=0
frust_shell_common::perf: frust-perf raw n=209 total_us=48161 rebuild_us=197 layout_us=1 paint_us=518 encode_us=236 acquire_us=127 submit_us=47080 skipped=0
frust_shell_common::perf: frust-perf raw n=210 total_us=48687 rebuild_us=414 layout_us=1 paint_us=636 encode_us=260 acquire_us=164 submit_us=47209 skipped=0
frust_shell_common::perf: frust-perf raw n=211 total_us=48683 rebuild_us=229 layout_us=1 paint_us=582 encode_us=283 acquire_us=122 submit_us=47463 skipped=0
frust_shell_common::perf: frust-perf raw n=212 total_us=47901 rebuild_us=225 layout_us=1 paint_us=617 encode_us=238 acquire_us=130 submit_us=46687 skipped=0
frust_shell_common::perf: frust-perf raw n=213 total_us=48443 rebuild_us=189 layout_us=1 paint_us=511 encode_us=221 acquire_us=106 submit_us=47412 skipped=0
frust_shell_common::perf: frust-perf raw n=214 total_us=48651 rebuild_us=224 layout_us=1 paint_us=977 encode_us=246 acquire_us=208 submit_us=46993 skipped=0
frust_shell_common::perf: frust-perf raw n=215 total_us=47848 rebuild_us=226 layout_us=1 paint_us=698 encode_us=244 acquire_us=135 submit_us=46541 skipped=0
frust_shell_common::perf: frust-perf raw n=216 total_us=48168 rebuild_us=223 layout_us=1 paint_us=839 encode_us=240 acquire_us=133 submit_us=46728 skipped=0
frust_shell_common::perf: frust-perf raw n=217 total_us=48806 rebuild_us=245 layout_us=3 paint_us=621 encode_us=248 acquire_us=143 submit_us=47544 skipped=0
frust_shell_common::perf: frust-perf raw n=218 total_us=48488 rebuild_us=286 layout_us=3 paint_us=1280 encode_us=245 acquire_us=138 submit_us=46534 skipped=0
frust_shell_common::perf: frust-perf raw n=219 total_us=48339 rebuild_us=188 layout_us=1 paint_us=510 encode_us=264 acquire_us=109 submit_us=47264 skipped=0
frust_shell_android::app::frame: frust-perf platform-view tail depth=0 target=0 acquire_bound=false frame=960 expected_present_us=0 acquire_us=138 period_us=11132
frust_shell_common::perf: frust-perf raw n=220 total_us=47926 rebuild_us=247 layout_us=1 paint_us=624 encode_us=261 acquire_us=160 submit_us=46631 skipped=0
frust_shell_common::perf: frust-perf raw n=221 total_us=48092 rebuild_us=198 layout_us=1 paint_us=586 encode_us=224 acquire_us=110 submit_us=46970 skipped=0
frust_shell_common::perf: frust-perf raw n=222 total_us=48698 rebuild_us=242 layout_us=1 paint_us=580 encode_us=265 acquire_us=154 submit_us=47453 skipped=0
frust_shell_common::perf: frust-perf raw n=223 total_us=47753 rebuild_us=406 layout_us=2 paint_us=562 encode_us=245 acquire_us=131 submit_us=46404 skipped=0
frust_shell_common::perf: frust-perf raw n=224 total_us=48631 rebuild_us=239 layout_us=2 paint_us=623 encode_us=254 acquire_us=95 submit_us=47416 skipped=0
frust_shell_common::perf: frust-perf raw n=225 total_us=47595 rebuild_us=215 layout_us=1 paint_us=554 encode_us=239 acquire_us=126 submit_us=46457 skipped=0
frust_shell_common::perf: frust-perf raw n=226 total_us=47728 rebuild_us=81 layout_us=0 paint_us=162 encode_us=177 acquire_us=86 submit_us=47219 skipped=0
frust_shell_common::perf: frust-perf raw n=227 total_us=47599 rebuild_us=226 layout_us=2 paint_us=737 encode_us=238 acquire_us=118 submit_us=46276 skipped=0
frust_shell_common::perf: frust-perf raw n=228 total_us=48269 rebuild_us=191 layout_us=1 paint_us=505 encode_us=219 acquire_us=118 submit_us=47233 skipped=0
frust_shell_common::perf: frust-perf raw n=229 total_us=48210 rebuild_us=193 layout_us=1 paint_us=519 encode_us=230 acquire_us=141 submit_us=47123 skipped=0
frust_shell_common::perf: frust-perf raw n=230 total_us=47650 rebuild_us=195 layout_us=1 paint_us=664 encode_us=211 acquire_us=94 submit_us=46483 skipped=0
frust_shell_common::perf: frust-perf raw n=231 total_us=48078 rebuild_us=193 layout_us=1 paint_us=519 encode_us=230 acquire_us=115 submit_us=47018 skipped=0
frust_shell_common::perf: frust-perf raw n=232 total_us=48232 rebuild_us=262 layout_us=2 paint_us=582 encode_us=245 acquire_us=155 submit_us=46983 skipped=0
frust_shell_common::perf: frust-perf raw n=233 total_us=47382 rebuild_us=78 layout_us=0 paint_us=160 encode_us=241 acquire_us=110 submit_us=46791 skipped=0
frust_shell_common::perf: frust-perf raw n=234 total_us=47804 rebuild_us=89 layout_us=0 paint_us=170 encode_us=191 acquire_us=87 submit_us=47265 skipped=0
frust_shell_common::perf: frust-perf raw n=235 total_us=48319 rebuild_us=208 layout_us=1 paint_us=525 encode_us=233 acquire_us=121 submit_us=47229 skipped=0
frust_shell_common::perf: frust-perf raw n=236 total_us=48091 rebuild_us=203 layout_us=2 paint_us=535 encode_us=226 acquire_us=110 submit_us=47013 skipped=0
frust_shell_common::perf: frust-perf raw n=237 total_us=48253 rebuild_us=195 layout_us=1 paint_us=513 encode_us=272 acquire_us=118 submit_us=47151 skipped=0
frust_shell_common::perf: frust-perf raw n=238 total_us=47993 rebuild_us=216 layout_us=2 paint_us=646 encode_us=241 acquire_us=128 submit_us=46758 skipped=0
frust_shell_common::perf: frust-perf raw n=239 total_us=48877 rebuild_us=380 layout_us=1 paint_us=984 encode_us=223 acquire_us=112 submit_us=47173 skipped=0
frust_shell_common::perf: frust-perf raw n=240 total_us=47940 rebuild_us=83 layout_us=0 paint_us=165 encode_us=211 acquire_us=94 submit_us=47384 skipped=0
frust_shell_common::perf: frust-perf raw n=241 total_us=47409 rebuild_us=85 layout_us=0 paint_us=163 encode_us=211 acquire_us=96 submit_us=46850 skipped=0
frust_shell_common::perf: frust-perf raw n=242 total_us=48057 rebuild_us=205 layout_us=1 paint_us=536 encode_us=236 acquire_us=117 submit_us=46960 skipped=0
frust_shell_common::perf: frust-perf raw n=243 total_us=48285 rebuild_us=210 layout_us=2 paint_us=637 encode_us=247 acquire_us=131 submit_us=47055 skipped=0
frust_shell_common::perf: frust-perf raw n=244 total_us=48595 rebuild_us=198 layout_us=1 paint_us=525 encode_us=237 acquire_us=122 submit_us=47509 skipped=0
frust_shell_common::perf: frust-perf raw n=245 total_us=47894 rebuild_us=212 layout_us=2 paint_us=542 encode_us=233 acquire_us=136 submit_us=46766 skipped=0
frust_shell_common::perf: frust-perf raw n=246 total_us=47649 rebuild_us=212 layout_us=2 paint_us=550 encode_us=245 acquire_us=136 submit_us=46501 skipped=0
frust_shell_common::perf: frust-perf raw n=247 total_us=47924 rebuild_us=110 layout_us=0 paint_us=345 encode_us=209 acquire_us=94 submit_us=47163 skipped=0
frust_shell_android::app::frame: frust-perf platform-view tail depth=0 target=0 acquire_bound=false frame=1080 expected_present_us=0 acquire_us=111 period_us=11129
frust_shell_common::perf: frust-perf raw n=248 total_us=47530 rebuild_us=83 layout_us=0 paint_us=164 encode_us=210 acquire_us=96 submit_us=46975 skipped=0
frust_shell_common::perf: frust-perf frame n=120 total_p50_ms=48 total_p95_ms=48 total_p99_ms=49 rebuild_p95_ms=0 layout_p95_ms=0 paint_p95_ms=0 encode_p95_ms=0 acquire_p95_ms=0 submit_p95_ms=47 over_60hz=248 over_120hz=248 skipped=0 total_frames=248
frust_shell_common::perf: frust-perf raw n=249 total_us=47196 rebuild_us=99 layout_us=0 paint_us=190 encode_us=212 acquire_us=96 submit_us=46597 skipped=0
frust_shell_common::perf: frust-perf raw n=250 total_us=48503 rebuild_us=221 layout_us=2 paint_us=592 encode_us=240 acquire_us=94 submit_us=47351 skipped=0
frust_shell_common::perf: frust-perf raw n=251 total_us=48313 rebuild_us=280 layout_us=1 paint_us=897 encode_us=253 acquire_us=148 submit_us=46732 skipped=0
frust_shell_common::perf: frust-perf raw n=252 total_us=48346 rebuild_us=229 layout_us=1 paint_us=676 encode_us=249 acquire_us=155 submit_us=47033 skipped=0
frust_shell_common::perf: frust-perf raw n=253 total_us=47198 rebuild_us=80 layout_us=0 paint_us=163 encode_us=230 acquire_us=94 submit_us=46628 skipped=0
frust_shell_common::perf: frust-perf raw n=254 total_us=47630 rebuild_us=196 layout_us=1 paint_us=586 encode_us=227 acquire_us=113 submit_us=46504 skipped=0
frust_shell_common::perf: frust-perf raw n=255 total_us=48260 rebuild_us=195 layout_us=1 paint_us=516 encode_us=267 acquire_us=116 submit_us=47162 skipped=0
frust_shell_common::perf: frust-perf raw n=256 total_us=47972 rebuild_us=224 layout_us=1 paint_us=576 encode_us=274 acquire_us=189 submit_us=46706 skipped=0
frust_shell_common::perf: frust-perf raw n=257 total_us=47772 rebuild_us=253 layout_us=1 paint_us=518 encode_us=221 acquire_us=110 submit_us=46667 skipped=0
frust_shell_common::perf: frust-perf raw n=258 total_us=47197 rebuild_us=82 layout_us=0 paint_us=163 encode_us=210 acquire_us=96 submit_us=46644 skipped=0
frust_shell_common::perf: frust-perf raw n=259 total_us=47667 rebuild_us=177 layout_us=1 paint_us=490 encode_us=206 acquire_us=92 submit_us=46698 skipped=0
frust_shell_common::perf: frust-perf raw n=260 total_us=48191 rebuild_us=196 layout_us=1 paint_us=510 encode_us=220 acquire_us=109 submit_us=47151 skipped=0
frust_shell_common::perf: frust-perf raw n=261 total_us=48479 rebuild_us=197 layout_us=1 paint_us=512 encode_us=225 acquire_us=124 submit_us=47417 skipped=0
frust_shell_common::perf: frust-perf raw n=262 total_us=48238 rebuild_us=225 layout_us=1 paint_us=579 encode_us=240 acquire_us=150 submit_us=47040 skipped=0
frust_shell_common::perf: frust-perf raw n=263 total_us=48033 rebuild_us=232 layout_us=2 paint_us=678 encode_us=243 acquire_us=142 submit_us=46734 skipped=0
frust_shell_common::perf: frust-perf raw n=264 total_us=48742 rebuild_us=220 layout_us=2 paint_us=576 encode_us=246 acquire_us=144 submit_us=47552 skipped=0
frust_shell_common::perf: frust-perf raw n=265 total_us=48326 rebuild_us=278 layout_us=1 paint_us=624 encode_us=223 acquire_us=122 submit_us=47075 skipped=0
frust_shell_common::perf: frust-perf raw n=266 total_us=48093 rebuild_us=198 layout_us=1 paint_us=525 encode_us=228 acquire_us=132 submit_us=47007 skipped=0
frust_shell_common::perf: frust-perf raw n=267 total_us=48350 rebuild_us=233 layout_us=1 paint_us=571 encode_us=244 acquire_us=144 submit_us=47154 skipped=0
frust_shell_common::perf: frust-perf raw n=268 total_us=47734 rebuild_us=209 layout_us=1 paint_us=544 encode_us=242 acquire_us=142 submit_us=46592 skipped=0
frust_shell_common::perf: frust-perf raw n=269 total_us=48583 rebuild_us=456 layout_us=2 paint_us=1152 encode_us=213 acquire_us=116 submit_us=46641 skipped=0
frust_shell_common::perf: frust-perf raw n=270 total_us=48556 rebuild_us=303 layout_us=2 paint_us=590 encode_us=221 acquire_us=111 submit_us=47328 skipped=0
frust_shell_common::perf: frust-perf raw n=271 total_us=47939 rebuild_us=225 layout_us=1 paint_us=597 encode_us=247 acquire_us=137 submit_us=46730 skipped=0
frust_shell_common::perf: frust-perf raw n=272 total_us=48278 rebuild_us=200 layout_us=1 paint_us=525 encode_us=236 acquire_us=125 submit_us=47187 skipped=0
frust_shell_common::perf: frust-perf raw n=273 total_us=49087 rebuild_us=250 layout_us=2 paint_us=840 encode_us=256 acquire_us=148 submit_us=47588 skipped=0
frust_shell_common::perf: frust-perf raw n=274 total_us=47972 rebuild_us=201 layout_us=1 paint_us=530 encode_us=226 acquire_us=108 submit_us=46903 skipped=0
frust_shell_common::perf: frust-perf raw n=275 total_us=47794 rebuild_us=189 layout_us=1 paint_us=510 encode_us=224 acquire_us=122 submit_us=46746 skipped=0
frust_shell_android::app::frame: frust-perf platform-view tail depth=0 target=0 acquire_bound=false frame=1200 expected_present_us=0 acquire_us=138 period_us=11133
frust_shell_common::perf: frust-perf raw n=276 total_us=48090 rebuild_us=203 layout_us=1 paint_us=533 encode_us=228 acquire_us=180 submit_us=46942 skipped=0
frust_shell_common::perf: frust-perf raw n=277 total_us=48013 rebuild_us=196 layout_us=1 paint_us=519 encode_us=223 acquire_us=111 submit_us=46961 skipped=0
frust_shell_common::perf: frust-perf raw n=278 total_us=48095 rebuild_us=204 layout_us=1 paint_us=527 encode_us=225 acquire_us=108 submit_us=47028 skipped=0
frust_shell_common::perf: frust-perf raw n=279 total_us=48179 rebuild_us=194 layout_us=2 paint_us=586 encode_us=223 acquire_us=109 submit_us=47063 skipped=0
frust_shell_common::perf: frust-perf raw n=280 total_us=48465 rebuild_us=227 layout_us=1 paint_us=590 encode_us=236 acquire_us=108 submit_us=47300 skipped=0
frust_shell_common::perf: frust-perf raw n=281 total_us=48512 rebuild_us=196 layout_us=1 paint_us=520 encode_us=231 acquire_us=116 submit_us=47445 skipped=0
frust_shell_common::perf: frust-perf raw n=282 total_us=47990 rebuild_us=201 layout_us=1 paint_us=522 encode_us=225 acquire_us=111 submit_us=46926 skipped=0
frust_shell_common::perf: frust-perf raw n=283 total_us=48259 rebuild_us=215 layout_us=1 paint_us=547 encode_us=237 acquire_us=125 submit_us=47131 skipped=0
frust_shell_common::perf: frust-perf raw n=284 total_us=49355 rebuild_us=207 layout_us=1 paint_us=679 encode_us=242 acquire_us=130 submit_us=48093 skipped=0
frust_shell_common::perf: frust-perf raw n=285 total_us=48215 rebuild_us=224 layout_us=1 paint_us=748 encode_us=248 acquire_us=181 submit_us=46810 skipped=0
frust_shell_common::perf: frust-perf raw n=286 total_us=47985 rebuild_us=195 layout_us=1 paint_us=511 encode_us=222 acquire_us=108 submit_us=46945 skipped=0
frust_shell_common::perf: frust-perf raw n=287 total_us=47958 rebuild_us=255 layout_us=2 paint_us=600 encode_us=283 acquire_us=99 submit_us=46717 skipped=0
frust_shell_common::perf: frust-perf raw n=288 total_us=47768 rebuild_us=229 layout_us=2 paint_us=564 encode_us=259 acquire_us=154 submit_us=46559 skipped=0
frust_shell_common::perf: frust-perf raw n=289 total_us=47315 rebuild_us=91 layout_us=0 paint_us=179 encode_us=216 acquire_us=101 submit_us=46724 skipped=0
frust_shell_common::perf: frust-perf raw n=290 total_us=48782 rebuild_us=224 layout_us=2 paint_us=794 encode_us=240 acquire_us=133 submit_us=47387 skipped=0
frust_shell_common::perf: frust-perf frame n=120 total_p50_ms=48 total_p95_ms=48 total_p99_ms=49 rebuild_p95_ms=0 layout_p95_ms=0 paint_p95_ms=0 encode_p95_ms=0 acquire_p95_ms=0 submit_p95_ms=47 over_60hz=290 over_120hz=290 skipped=0 total_frames=290
frust_shell_common::perf: frust-perf raw n=291 total_us=48100 rebuild_us=282 layout_us=2 paint_us=679 encode_us=271 acquire_us=227 submit_us=46636 skipped=0
frust_shell_common::perf: frust-perf raw n=292 total_us=47806 rebuild_us=201 layout_us=1 paint_us=695 encode_us=222 acquire_us=111 submit_us=46574 skipped=0
frust_shell_common::perf: frust-perf raw n=293 total_us=49123 rebuild_us=251 layout_us=2 paint_us=656 encode_us=205 acquire_us=91 submit_us=47916 skipped=0
frust_shell_common::perf: frust-perf raw n=294 total_us=47429 rebuild_us=226 layout_us=2 paint_us=773 encode_us=263 acquire_us=162 submit_us=46001 skipped=0
frust_shell_common::perf: frust-perf raw n=295 total_us=47687 rebuild_us=89 layout_us=0 paint_us=171 encode_us=188 acquire_us=89 submit_us=47147 skipped=0
frust_shell_common::perf: frust-perf raw n=296 total_us=47857 rebuild_us=192 layout_us=1 paint_us=503 encode_us=232 acquire_us=122 submit_us=46804 skipped=0
frust_shell_common::perf: frust-perf raw n=297 total_us=48171 rebuild_us=214 layout_us=1 paint_us=552 encode_us=210 acquire_us=99 submit_us=47092 skipped=0
frust_shell_common::perf: frust-perf raw n=298 total_us=47806 rebuild_us=210 layout_us=1 paint_us=554 encode_us=223 acquire_us=110 submit_us=46704 skipped=0
frust_shell_common::perf: frust-perf raw n=299 total_us=47847 rebuild_us=186 layout_us=1 paint_us=498 encode_us=224 acquire_us=125 submit_us=46810 skipped=0
frust_shell_common::perf: frust-perf raw n=300 total_us=48375 rebuild_us=216 layout_us=2 paint_us=548 encode_us=207 acquire_us=106 submit_us=47293 skipped=0
frust_shell_common::perf: frust-perf raw n=301 total_us=48161 rebuild_us=188 layout_us=1 paint_us=581 encode_us=280 acquire_us=119 submit_us=46989 skipped=0
frust_shell_common::perf: frust-perf raw n=302 total_us=48032 rebuild_us=290 layout_us=1 paint_us=716 encode_us=254 acquire_us=137 submit_us=46632 skipped=0
frust_shell_common::perf: frust-perf raw n=303 total_us=48450 rebuild_us=199 layout_us=1 paint_us=527 encode_us=246 acquire_us=145 submit_us=47330 skipped=0
frust_shell_android::app::frame: frust-perf platform-view tail depth=0 target=0 acquire_bound=false frame=1320 expected_present_us=0 acquire_us=126 period_us=11147
frust_shell_common::perf: frust-perf raw n=304 total_us=47776 rebuild_us=274 layout_us=2 paint_us=676 encode_us=248 acquire_us=132 submit_us=46441 skipped=0
frust_shell_common::perf: frust-perf raw n=305 total_us=48106 rebuild_us=111 layout_us=0 paint_us=267 encode_us=244 acquire_us=136 submit_us=47345 skipped=0
frust_shell_common::perf: frust-perf raw n=306 total_us=47386 rebuild_us=86 layout_us=0 paint_us=175 encode_us=227 acquire_us=112 submit_us=46782 skipped=0
frust_shell_common::perf: frust-perf raw n=307 total_us=47825 rebuild_us=88 layout_us=0 paint_us=219 encode_us=187 acquire_us=148 submit_us=47180 skipped=0
frust_shell_common::perf: frust-perf raw n=308 total_us=47573 rebuild_us=207 layout_us=1 paint_us=521 encode_us=221 acquire_us=109 submit_us=46510 skipped=0
frust_shell_common::perf: frust-perf raw n=309 total_us=47705 rebuild_us=219 layout_us=2 paint_us=577 encode_us=242 acquire_us=134 submit_us=46529 skipped=0
frust_shell_common::perf: frust-perf raw n=310 total_us=48241 rebuild_us=158 layout_us=1 paint_us=393 encode_us=214 acquire_us=96 submit_us=47376 skipped=0
frust_shell_common::perf: frust-perf raw n=311 total_us=48044 rebuild_us=220 layout_us=1 paint_us=718 encode_us=225 acquire_us=126 submit_us=46750 skipped=0
frust_shell_common::perf: frust-perf raw n=312 total_us=49337 rebuild_us=208 layout_us=2 paint_us=652 encode_us=237 acquire_us=142 submit_us=48094 skipped=0
frust_shell_common::perf: frust-perf raw n=313 total_us=48226 rebuild_us=207 layout_us=1 paint_us=525 encode_us=234 acquire_us=140 submit_us=47116 skipped=0
frust_shell_common::perf: frust-perf raw n=314 total_us=48462 rebuild_us=225 layout_us=1 paint_us=580 encode_us=251 acquire_us=154 submit_us=47249 skipped=0
frust_shell_common::perf: frust-perf raw n=315 total_us=47927 rebuild_us=283 layout_us=2 paint_us=833 encode_us=265 acquire_us=160 submit_us=46381 skipped=0
frust_shell_common::perf: frust-perf raw n=316 total_us=47655 rebuild_us=83 layout_us=0 paint_us=160 encode_us=208 acquire_us=104 submit_us=47097 skipped=0
frust_shell_common::perf: frust-perf raw n=317 total_us=47906 rebuild_us=90 layout_us=0 paint_us=179 encode_us=213 acquire_us=101 submit_us=47322 skipped=0
frust_shell_common::perf: frust-perf raw n=318 total_us=47096 rebuild_us=82 layout_us=0 paint_us=161 encode_us=202 acquire_us=95 submit_us=46553 skipped=0
frust_shell_common::perf: frust-perf raw n=319 total_us=48446 rebuild_us=245 layout_us=2 paint_us=628 encode_us=249 acquire_us=181 submit_us=47138 skipped=0
frust_shell_common::perf: frust-perf raw n=320 total_us=49125 rebuild_us=224 layout_us=1 paint_us=574 encode_us=246 acquire_us=152 submit_us=47926 skipped=0
frust_shell_common::perf: frust-perf raw n=321 total_us=47086 rebuild_us=243 layout_us=2 paint_us=708 encode_us=313 acquire_us=178 submit_us=45640 skipped=0
frust_shell_common::perf: frust-perf raw n=322 total_us=48657 rebuild_us=89 layout_us=0 paint_us=175 encode_us=193 acquire_us=97 submit_us=48100 skipped=0
frust_shell_common::perf: frust-perf raw n=323 total_us=47470 rebuild_us=228 layout_us=1 paint_us=738 encode_us=246 acquire_us=139 submit_us=46115 skipped=0
frust_shell_common::perf: frust-perf raw n=324 total_us=48262 rebuild_us=199 layout_us=1 paint_us=530 encode_us=224 acquire_us=108 submit_us=47197 skipped=0
frust_shell_common::perf: frust-perf raw n=325 total_us=47662 rebuild_us=224 layout_us=1 paint_us=561 encode_us=249 acquire_us=160 submit_us=46465 skipped=0
frust_shell_common::perf: frust-perf raw n=326 total_us=48241 rebuild_us=194 layout_us=1 paint_us=606 encode_us=221 acquire_us=107 submit_us=47109 skipped=0
frust_shell_common::perf: frust-perf raw n=327 total_us=48226 rebuild_us=190 layout_us=2 paint_us=525 encode_us=249 acquire_us=99 submit_us=47159 skipped=0
frust_shell_common::perf: frust-perf raw n=328 total_us=47753 rebuild_us=315 layout_us=2 paint_us=754 encode_us=263 acquire_us=175 submit_us=46241 skipped=0
frust_shell_common::perf: frust-perf raw n=329 total_us=47963 rebuild_us=194 layout_us=1 paint_us=515 encode_us=222 acquire_us=105 submit_us=46925 skipped=0
frust_shell_common::perf: frust-perf raw n=330 total_us=49081 rebuild_us=330 layout_us=1 paint_us=557 encode_us=253 acquire_us=129 submit_us=47808 skipped=0
frust_shell_common::perf: frust-perf raw n=331 total_us=47889 rebuild_us=222 layout_us=2 paint_us=551 encode_us=239 acquire_us=149 submit_us=46723 skipped=0
frust_shell_android::app::frame: frust-perf platform-view tail depth=0 target=0 acquire_bound=false frame=1440 expected_present_us=0 acquire_us=124 period_us=11130
frust_shell_common::perf: frust-perf raw n=332 total_us=49028 rebuild_us=256 layout_us=3 paint_us=768 encode_us=233 acquire_us=106 submit_us=47660 skipped=0
frust_shell_common::perf: frust-perf frame n=120 total_p50_ms=48 total_p95_ms=49 total_p99_ms=49 rebuild_p95_ms=0 layout_p95_ms=0 paint_p95_ms=0 encode_p95_ms=0 acquire_p95_ms=0 submit_p95_ms=47 over_60hz=332 over_120hz=332 skipped=0 total_frames=332
frust_shell_common::perf: frust-perf raw n=333 total_us=47510 rebuild_us=241 layout_us=2 paint_us=629 encode_us=258 acquire_us=175 submit_us=46203 skipped=0
frust_shell_common::perf: frust-perf raw n=334 total_us=47986 rebuild_us=190 layout_us=1 paint_us=587 encode_us=223 acquire_us=107 submit_us=46874 skipped=0
frust_shell_common::perf: frust-perf raw n=335 total_us=47997 rebuild_us=226 layout_us=1 paint_us=572 encode_us=238 acquire_us=227 submit_us=46731 skipped=0
frust_shell_common::perf: frust-perf raw n=336 total_us=49192 rebuild_us=216 layout_us=1 paint_us=545 encode_us=244 acquire_us=153 submit_us=48029 skipped=0
frust_shell_common::perf: frust-perf raw n=337 total_us=46728 rebuild_us=91 layout_us=0 paint_us=173 encode_us=204 acquire_us=112 submit_us=46145 skipped=0
frust_shell_common::perf: frust-perf raw n=338 total_us=47931 rebuild_us=186 layout_us=2 paint_us=496 encode_us=206 acquire_us=98 submit_us=46942 skipped=0
frust_shell_common::perf: frust-perf raw n=339 total_us=48624 rebuild_us=338 layout_us=1 paint_us=648 encode_us=244 acquire_us=132 submit_us=47258 skipped=0
frust_shell_common::perf: frust-perf raw n=340 total_us=48147 rebuild_us=208 layout_us=1 paint_us=538 encode_us=240 acquire_us=132 submit_us=47026 skipped=0
frust_shell_common::perf: frust-perf raw n=341 total_us=48054 rebuild_us=205 layout_us=1 paint_us=535 encode_us=217 acquire_us=97 submit_us=46995 skipped=0
frust_shell_common::perf: frust-perf raw n=342 total_us=47474 rebuild_us=199 layout_us=2 paint_us=528 encode_us=263 acquire_us=176 submit_us=46304 skipped=0
frust_shell_common::perf: frust-perf raw n=343 total_us=49822 rebuild_us=271 layout_us=2 paint_us=856 encode_us=241 acquire_us=136 submit_us=48313 skipped=0
frust_shell_common::perf: frust-perf raw n=344 total_us=47640 rebuild_us=157 layout_us=1 paint_us=385 encode_us=232 acquire_us=130 submit_us=46733 skipped=0
frust_shell_common::perf: frust-perf raw n=345 total_us=47900 rebuild_us=189 layout_us=1 paint_us=511 encode_us=221 acquire_us=111 submit_us=46865 skipped=0
frust_shell_common::perf: frust-perf raw n=346 total_us=47919 rebuild_us=195 layout_us=1 paint_us=515 encode_us=223 acquire_us=113 submit_us=46870 skipped=0
frust_shell_common::perf: frust-perf raw n=347 total_us=47921 rebuild_us=197 layout_us=1 paint_us=520 encode_us=247 acquire_us=154 submit_us=46800 skipped=0
frust_shell_common::perf: frust-perf raw n=348 total_us=48208 rebuild_us=423 layout_us=2 paint_us=640 encode_us=262 acquire_us=179 submit_us=46700 skipped=0
frust_shell_common::perf: frust-perf raw n=349 total_us=47987 rebuild_us=187 layout_us=1 paint_us=505 encode_us=223 acquire_us=121 submit_us=46948 skipped=0
frust_shell_common::perf: frust-perf raw n=350 total_us=48324 rebuild_us=412 layout_us=1 paint_us=598 encode_us=239 acquire_us=126 submit_us=46944 skipped=0
frust_shell_common::perf: frust-perf raw n=351 total_us=47723 rebuild_us=224 layout_us=2 paint_us=564 encode_us=246 acquire_us=133 submit_us=46550 skipped=0
frust_shell_common::perf: frust-perf raw n=352 total_us=48556 rebuild_us=221 layout_us=2 paint_us=556 encode_us=251 acquire_us=141 submit_us=47383 skipped=0
frust_shell_common::perf: frust-perf raw n=353 total_us=47658 rebuild_us=216 layout_us=1 paint_us=556 encode_us=246 acquire_us=138 submit_us=46498 skipped=0
frust_shell_common::perf: frust-perf raw n=354 total_us=47721 rebuild_us=197 layout_us=1 paint_us=530 encode_us=236 acquire_us=121 submit_us=46633 skipped=0
frust_shell_common::perf: frust-perf raw n=355 total_us=47826 rebuild_us=277 layout_us=2 paint_us=666 encode_us=222 acquire_us=115 submit_us=46541 skipped=0
frust_shell_common::perf: frust-perf raw n=356 total_us=48756 rebuild_us=81 layout_us=0 paint_us=162 encode_us=209 acquire_us=94 submit_us=48206 skipped=0
frust_shell_common::perf: frust-perf raw n=357 total_us=50125 rebuild_us=206 layout_us=1 paint_us=608 encode_us=249 acquire_us=138 submit_us=48919 skipped=0
frust_shell_common::perf: frust-perf raw n=358 total_us=47443 rebuild_us=258 layout_us=2 paint_us=662 encode_us=254 acquire_us=213 submit_us=46051 skipped=0
frust_shell_common::perf: frust-perf raw n=359 total_us=47107 rebuild_us=87 layout_us=0 paint_us=171 encode_us=210 acquire_us=95 submit_us=46541 skipped=0
frust_shell_android::app::frame: frust-perf platform-view tail depth=0 target=0 acquire_bound=false frame=1560 expected_present_us=0 acquire_us=123 period_us=11128
frust_shell_common::perf: frust-perf raw n=360 total_us=48245 rebuild_us=81 layout_us=0 paint_us=158 encode_us=214 acquire_us=98 submit_us=47692 skipped=0
frust_shell_common::perf: frust-perf raw n=361 total_us=47800 rebuild_us=260 layout_us=1 paint_us=566 encode_us=227 acquire_us=109 submit_us=46634 skipped=0
frust_shell_common::perf: frust-perf raw n=362 total_us=49369 rebuild_us=178 layout_us=1 paint_us=484 encode_us=221 acquire_us=109 submit_us=48373 skipped=0
frust_shell_common::perf: frust-perf raw n=363 total_us=47918 rebuild_us=229 layout_us=1 paint_us=563 encode_us=250 acquire_us=124 submit_us=46748 skipped=0
frust_shell_common::perf: frust-perf raw n=364 total_us=48057 rebuild_us=205 layout_us=1 paint_us=529 encode_us=234 acquire_us=119 submit_us=46965 skipped=0
frust_shell_common::perf: frust-perf raw n=365 total_us=47783 rebuild_us=233 layout_us=2 paint_us=562 encode_us=237 acquire_us=122 submit_us=46625 skipped=0
frust_shell_common::perf: frust-perf raw n=366 total_us=47897 rebuild_us=201 layout_us=1 paint_us=514 encode_us=228 acquire_us=133 submit_us=46817 skipped=0
frust_shell_common::perf: frust-perf raw n=367 total_us=48631 rebuild_us=218 layout_us=1 paint_us=538 encode_us=273 acquire_us=177 submit_us=47422 skipped=0
frust_shell_common::perf: frust-perf raw n=368 total_us=47451 rebuild_us=83 layout_us=0 paint_us=165 encode_us=209 acquire_us=109 submit_us=46883 skipped=0
frust_shell_common::perf: frust-perf raw n=369 total_us=47820 rebuild_us=189 layout_us=1 paint_us=500 encode_us=240 acquire_us=128 submit_us=46759 skipped=0
frust_shell_common::perf: frust-perf raw n=370 total_us=47731 rebuild_us=210 layout_us=1 paint_us=650 encode_us=234 acquire_us=117 submit_us=46516 skipped=0
frust_shell_common::perf: frust-perf raw n=371 total_us=48424 rebuild_us=210 layout_us=1 paint_us=536 encode_us=247 acquire_us=148 submit_us=47280 skipped=0
frust_shell_common::perf: frust-perf raw n=372 total_us=48280 rebuild_us=411 layout_us=2 paint_us=652 encode_us=245 acquire_us=146 submit_us=46822 skipped=0
frust_shell_common::perf: frust-perf raw n=373 total_us=48118 rebuild_us=198 layout_us=1 paint_us=510 encode_us=207 acquire_us=91 submit_us=47107 skipped=0
frust_shell_common::perf: frust-perf raw n=374 total_us=47994 rebuild_us=200 layout_us=1 paint_us=510 encode_us=224 acquire_us=112 submit_us=46943 skipped=0
frust_shell_common::perf: frust-perf frame n=120 total_p50_ms=48 total_p95_ms=49 total_p99_ms=49 rebuild_p95_ms=0 layout_p95_ms=0 paint_p95_ms=0 encode_p95_ms=0 acquire_p95_ms=0 submit_p95_ms=48 over_60hz=374 over_120hz=374 skipped=0 total_frames=374
frust_shell_common::perf: frust-perf raw n=375 total_us=47781 rebuild_us=200 layout_us=1 paint_us=535 encode_us=228 acquire_us=121 submit_us=46693 skipped=0
frust_shell_common::perf: frust-perf raw n=376 total_us=48200 rebuild_us=209 layout_us=1 paint_us=536 encode_us=238 acquire_us=126 submit_us=47087 skipped=0
frust_shell_common::perf: frust-perf raw n=377 total_us=48286 rebuild_us=182 layout_us=1 paint_us=690 encode_us=241 acquire_us=128 submit_us=47042 skipped=0
frust_shell_common::perf: frust-perf raw n=378 total_us=48105 rebuild_us=219 layout_us=1 paint_us=549 encode_us=247 acquire_us=147 submit_us=46939 skipped=0
frust_shell_common::perf: frust-perf raw n=379 total_us=48069 rebuild_us=237 layout_us=2 paint_us=534 encode_us=222 acquire_us=110 submit_us=46961 skipped=0
frust_shell_common::perf: frust-perf raw n=380 total_us=47798 rebuild_us=196 layout_us=1 paint_us=508 encode_us=220 acquire_us=106 submit_us=46763 skipped=0
frust_shell_common::perf: frust-perf raw n=381 total_us=48238 rebuild_us=199 layout_us=1 paint_us=666 encode_us=262 acquire_us=125 submit_us=46983 skipped=0
frust_shell_common::perf: frust-perf raw n=382 total_us=48062 rebuild_us=217 layout_us=1 paint_us=535 encode_us=244 acquire_us=141 submit_us=46921 skipped=0
frust_shell_common::perf: frust-perf raw n=383 total_us=48479 rebuild_us=271 layout_us=2 paint_us=892 encode_us=209 acquire_us=95 submit_us=47008 skipped=0
frust_shell_common::perf: frust-perf raw n=384 total_us=47731 rebuild_us=251 layout_us=2 paint_us=625 encode_us=251 acquire_us=161 submit_us=46440 skipped=0
frust_shell_common::perf: frust-perf raw n=385 total_us=47725 rebuild_us=240 layout_us=1 paint_us=579 encode_us=240 acquire_us=127 submit_us=46534 skipped=0
frust_shell_common::perf: frust-perf raw n=386 total_us=48551 rebuild_us=200 layout_us=1 paint_us=676 encode_us=225 acquire_us=108 submit_us=47338 skipped=0
frust_shell_common::perf: frust-perf raw n=387 total_us=47538 rebuild_us=234 layout_us=1 paint_us=601 encode_us=281 acquire_us=177 submit_us=46242 skipped=0
frust_shell_common::perf: frust-perf raw n=388 total_us=47235 rebuild_us=81 layout_us=0 paint_us=165 encode_us=212 acquire_us=100 submit_us=46674 skipped=0
frust_shell_android::app::frame: frust-perf platform-view tail depth=0 target=0 acquire_bound=false frame=1680 expected_present_us=0 acquire_us=131 period_us=11132
frust_shell_common::perf: frust-perf raw n=389 total_us=48241 rebuild_us=231 layout_us=1 paint_us=564 encode_us=257 acquire_us=147 submit_us=47037 skipped=0
frust_shell_common::perf: frust-perf raw n=390 total_us=47652 rebuild_us=216 layout_us=1 paint_us=710 encode_us=245 acquire_us=132 submit_us=46345 skipped=0
frust_shell_common::perf: frust-perf raw n=391 total_us=48138 rebuild_us=110 layout_us=0 paint_us=212 encode_us=184 acquire_us=97 submit_us=47532 skipped=0
frust_shell_common::perf: frust-perf raw n=392 total_us=48526 rebuild_us=98 layout_us=0 paint_us=164 encode_us=211 acquire_us=100 submit_us=47950 skipped=0
frust_shell_common::perf: frust-perf raw n=393 total_us=46878 rebuild_us=230 layout_us=1 paint_us=576 encode_us=263 acquire_us=163 submit_us=45643 skipped=0
frust_shell_common::perf: frust-perf raw n=394 total_us=47428 rebuild_us=237 layout_us=2 paint_us=588 encode_us=239 acquire_us=127 submit_us=46233 skipped=0
frust_shell_common::perf: frust-perf raw n=395 total_us=47516 rebuild_us=83 layout_us=0 paint_us=161 encode_us=176 acquire_us=84 submit_us=47010 skipped=0
frust_shell_common::perf: frust-perf raw n=396 total_us=47983 rebuild_us=83 layout_us=0 paint_us=164 encode_us=212 acquire_us=98 submit_us=47423 skipped=0
frust_shell_common::perf: frust-perf raw n=397 total_us=48101 rebuild_us=337 layout_us=1 paint_us=601 encode_us=266 acquire_us=108 submit_us=46786 skipped=0
frust_shell_common::perf: frust-perf raw n=398 total_us=47728 rebuild_us=209 layout_us=1 paint_us=529 encode_us=246 acquire_us=133 submit_us=46607 skipped=0
frust_shell_common::perf: frust-perf raw n=399 total_us=47437 rebuild_us=222 layout_us=2 paint_us=554 encode_us=248 acquire_us=151 submit_us=46258 skipped=0
frust_shell_common::perf: frust-perf raw n=400 total_us=48695 rebuild_us=190 layout_us=1 paint_us=510 encode_us=225 acquire_us=129 submit_us=47638 skipped=0
frust_shell_common::perf: frust-perf raw n=401 total_us=47870 rebuild_us=196 layout_us=2 paint_us=587 encode_us=224 acquire_us=107 submit_us=46752 skipped=0
frust_shell_common::perf: frust-perf raw n=402 total_us=47750 rebuild_us=190 layout_us=1 paint_us=505 encode_us=266 acquire_us=109 submit_us=46677 skipped=0
frust_shell_common::perf: frust-perf raw n=403 total_us=48129 rebuild_us=261 layout_us=2 paint_us=593 encode_us=211 acquire_us=112 submit_us=46947 skipped=0
frust_shell_common::perf: frust-perf raw n=404 total_us=48861 rebuild_us=227 layout_us=1 paint_us=564 encode_us=250 acquire_us=161 submit_us=47655 skipped=0
frust_shell_common::perf: frust-perf raw n=405 total_us=47452 rebuild_us=430 layout_us=2 paint_us=603 encode_us=269 acquire_us=154 submit_us=45992 skipped=0
frust_shell_common::perf: frust-perf raw n=406 total_us=48141 rebuild_us=290 layout_us=2 paint_us=533 encode_us=229 acquire_us=118 submit_us=46968 skipped=0
frust_shell_common::perf: frust-perf raw n=407 total_us=48109 rebuild_us=257 layout_us=2 paint_us=628 encode_us=357 acquire_us=174 submit_us=46689 skipped=0
frust_shell_common::perf: frust-perf raw n=408 total_us=48610 rebuild_us=361 layout_us=3 paint_us=706 encode_us=248 acquire_us=136 submit_us=47153 skipped=0
frust_shell_common::perf: frust-perf raw n=409 total_us=48285 rebuild_us=195 layout_us=1 paint_us=514 encode_us=231 acquire_us=116 submit_us=47225 skipped=0
frust_shell_common::perf: frust-perf raw n=410 total_us=47906 rebuild_us=229 layout_us=1 paint_us=565 encode_us=251 acquire_us=143 submit_us=46714 skipped=0
frust_shell_common::perf: frust-perf raw n=411 total_us=48228 rebuild_us=209 layout_us=1 paint_us=659 encode_us=235 acquire_us=171 submit_us=46952 skipped=0
frust_shell_common::perf: frust-perf raw n=412 total_us=48071 rebuild_us=311 layout_us=3 paint_us=1049 encode_us=265 acquire_us=147 submit_us=46292 skipped=0
frust_shell_common::perf: frust-perf raw n=413 total_us=47589 rebuild_us=83 layout_us=0 paint_us=161 encode_us=214 acquire_us=104 submit_us=47024 skipped=0
