frust_shell_common::perf: frust-perf raw n=4378 total_us=11291 rebuild_us=398 layout_us=0 paint_us=273 encode_us=7988 acquire_us=106 submit_us=2523 skipped=0
frust_shell_android::app::frame: frust-perf platform-view tail depth=0 target=0 acquire_bound=false frame=101309 expected_present_us=0 acquire_us=73 period_us=11145
frust-perf activity-create
frust_shell_common::perf: bench-scenario-start s1
frust_render::context: frust-perf surface-caps formats=[Rgba8UnormSrgb,Rgba8Unorm,Rgba16Float,Rgb10a2Unorm] usages=TextureUsages(COPY_SRC | COPY_DST | TEXTURE_BINDING | STORAGE_BINDING | RENDER_ATTACHMENT | STORAGE_ATOMIC) direct_to_surface=YES (Rgba8Unorm+STORAGE_BINDING)
frust_render::context: frust-perf render-path direct (Rgba8Unorm+STORAGE_BINDING)
frust_shell_common::perf: frust-perf startup init_entry=0ms font_preinit_started=0ms font_preinit_joined=0ms preinit_started=0ms preinit_joined=9ms cache_loaded=9ms pipeline_cache_restored=9ms adapter_ready=60ms device_ready=60ms renderer_ready=60ms first_rebuild_done=71ms first_encode_done=71ms first_frame_presented=88ms
frust_shell_common::perf: frust-perf raw n=1 total_us=17928 rebuild_us=89 layout_us=0 paint_us=169 encode_us=179 acquire_us=28 submit_us=17461 skipped=0
frust_shell_common::perf: frust-perf raw n=2 total_us=130997 rebuild_us=1000 layout_us=0 paint_us=350 encode_us=182 acquire_us=55 submit_us=129407 skipped=0
frust_shell_common::perf: frust-perf raw n=3 total_us=110762 rebuild_us=91 layout_us=0 paint_us=148 encode_us=149 acquire_us=47 submit_us=110325 skipped=0
frust_shell_common::perf: frust-perf raw n=4 total_us=137437 rebuild_us=119 layout_us=0 paint_us=199 encode_us=139 acquire_us=43 submit_us=136934 skipped=0
frust_shell_common::perf: frust-perf raw n=5 total_us=54535 rebuild_us=238 layout_us=1 paint_us=525 encode_us=180 acquire_us=64 submit_us=53525 skipped=0
frust_shell_common::perf: frust-perf raw n=6 total_us=50361 rebuild_us=95 layout_us=0 paint_us=149 encode_us=131 acquire_us=48 submit_us=49935 skipped=0
frust_shell_common::perf: frust-perf raw n=7 total_us=48850 rebuild_us=126 layout_us=0 paint_us=206 encode_us=386 acquire_us=76 submit_us=48052 skipped=0
frust_shell_common::perf: frust-perf raw n=8 total_us=48634 rebuild_us=145 layout_us=0 paint_us=124 encode_us=118 acquire_us=53 submit_us=48191 skipped=0
frust_shell_common::perf: frust-perf raw n=9 total_us=49015 rebuild_us=103 layout_us=0 paint_us=160 encode_us=174 acquire_us=88 submit_us=48487 skipped=0
frust_shell_common::perf: frust-perf raw n=10 total_us=47875 rebuild_us=54 layout_us=0 paint_us=109 encode_us=137 acquire_us=77 submit_us=47496 skipped=0
frust_shell_common::perf: frust-perf raw n=11 total_us=48584 rebuild_us=166 layout_us=1 paint_us=333 encode_us=142 acquire_us=80 submit_us=47860 skipped=0
frust_shell_common::perf: frust-perf raw n=12 total_us=47708 rebuild_us=54 layout_us=0 paint_us=105 encode_us=140 acquire_us=77 submit_us=47329 skipped=0
frust_shell_common::perf: frust-perf raw n=13 total_us=47948 rebuild_us=62 layout_us=0 paint_us=120 encode_us=142 acquire_us=76 submit_us=47545 skipped=0
frust_shell_common::perf: frust-perf raw n=14 total_us=47298 rebuild_us=65 layout_us=0 paint_us=123 encode_us=139 acquire_us=75 submit_us=46893 skipped=0
frust_shell_common::perf: frust-perf raw n=15 total_us=48167 rebuild_us=60 layout_us=0 paint_us=120 encode_us=138 acquire_us=69 submit_us=47777 skipped=0
frust_shell_common::perf: frust-perf raw n=16 total_us=47386 rebuild_us=61 layout_us=0 paint_us=128 encode_us=141 acquire_us=80 submit_us=46974 skipped=0
frust_shell_common::perf: frust-perf raw n=17 total_us=47856 rebuild_us=57 layout_us=0 paint_us=105 encode_us=166 acquire_us=80 submit_us=47445 skipped=0
frust_shell_common::perf: frust-perf raw n=18 total_us=47815 rebuild_us=73 layout_us=0 paint_us=134 encode_us=147 acquire_us=73 submit_us=47386 skipped=0
frust_shell_common::perf: frust-perf raw n=19 total_us=47611 rebuild_us=65 layout_us=0 paint_us=125 encode_us=140 acquire_us=73 submit_us=47206 skipped=0
frust_shell_common::perf: frust-perf raw n=20 total_us=47468 rebuild_us=88 layout_us=0 paint_us=150 encode_us=157 acquire_us=90 submit_us=46980 skipped=0
frust_shell_common::perf: frust-perf raw n=21 total_us=47299 rebuild_us=56 layout_us=0 paint_us=106 encode_us=139 acquire_us=74 submit_us=46922 skipped=0
frust_shell_common::perf: frust-perf raw n=22 total_us=47575 rebuild_us=66 layout_us=0 paint_us=126 encode_us=148 acquire_us=92 submit_us=47140 skipped=0
frust_shell_android::app::frame: frust-perf platform-view tail depth=0 target=0 acquire_bound=false frame=120 expected_present_us=0 acquire_us=79 period_us=11132
frust_shell_common::perf: frust-perf raw n=23 total_us=47427 rebuild_us=63 layout_us=0 paint_us=122 encode_us=157 acquire_us=77 submit_us=47006 skipped=0
frust_shell_common::perf: frust-perf raw n=24 total_us=47636 rebuild_us=64 layout_us=0 paint_us=124 encode_us=147 acquire_us=85 submit_us=47213 skipped=0
frust_shell_common::perf: frust-perf raw n=25 total_us=47313 rebuild_us=62 layout_us=0 paint_us=119 encode_us=158 acquire_us=90 submit_us=46882 skipped=0
frust_shell_common::perf: frust-perf raw n=26 total_us=47624 rebuild_us=92 layout_us=0 paint_us=122 encode_us=159 acquire_us=82 submit_us=47167 skipped=0
frust_shell_common::perf: frust-perf raw n=27 total_us=47716 rebuild_us=63 layout_us=0 paint_us=125 encode_us=159 acquire_us=80 submit_us=47288 skipped=0
frust_shell_common::perf: frust-perf raw n=28 total_us=47550 rebuild_us=69 layout_us=0 paint_us=134 encode_us=159 acquire_us=78 submit_us=47107 skipped=0
frust_shell_common::perf: frust-perf raw n=29 total_us=47255 rebuild_us=63 layout_us=0 paint_us=122 encode_us=158 acquire_us=78 submit_us=46832 skipped=0
frust_shell_common::perf: frust-perf raw n=30 total_us=47545 rebuild_us=56 layout_us=0 paint_us=107 encode_us=159 acquire_us=79 submit_us=47143 skipped=0
frust_shell_common::perf: frust-perf raw n=31 total_us=47574 rebuild_us=65 layout_us=0 paint_us=128 encode_us=156 acquire_us=77 submit_us=47144 skipped=0
frust_shell_common::perf: frust-perf raw n=32 total_us=47839 rebuild_us=61 layout_us=0 paint_us=120 encode_us=157 acquire_us=77 submit_us=47421 skipped=0
frust_shell_common::perf: frust-perf raw n=33 total_us=47228 rebuild_us=66 layout_us=0 paint_us=128 encode_us=159 acquire_us=78 submit_us=46795 skipped=0
frust_shell_common::perf: frust-perf raw n=34 total_us=48275 rebuild_us=64 layout_us=0 paint_us=122 encode_us=142 acquire_us=82 submit_us=47863 skipped=0
frust_shell_common::perf: frust-perf raw n=35 total_us=47307 rebuild_us=76 layout_us=0 paint_us=144 encode_us=166 acquire_us=80 submit_us=46839 skipped=0
frust_shell_common::perf: frust-perf raw n=36 total_us=47761 rebuild_us=89 layout_us=0 paint_us=129 encode_us=420 acquire_us=182 submit_us=46939 skipped=0
frust_shell_common::perf: frust-perf raw n=37 total_us=47282 rebuild_us=95 layout_us=0 paint_us=182 encode_us=156 acquire_us=78 submit_us=46769 skipped=0
frust_shell_common::perf: frust-perf raw n=38 total_us=48170 rebuild_us=94 layout_us=0 paint_us=190 encode_us=179 acquire_us=81 submit_us=47624 skipped=0
frust_shell_common::perf: frust-perf frame n=38 total_p50_ms=47 total_p95_ms=130 total_p99_ms=137 rebuild_p95_ms=0 layout_p95_ms=0 paint_p95_ms=0 encode_p95_ms=0 acquire_p95_ms=0 submit_p95_ms=129 over_60hz=38 over_120hz=38 skipped=0 total_frames=38
frust_shell_common::perf: frust-perf raw n=39 total_us=47672 rebuild_us=103 layout_us=0 paint_us=199 encode_us=212 acquire_us=93 submit_us=47062 skipped=0
frust_shell_common::perf: frust-perf raw n=40 total_us=48368 rebuild_us=204 layout_us=2 paint_us=525 encode_us=212 acquire_us=99 submit_us=47324 skipped=0
frust_shell_common::perf: frust-perf raw n=41 total_us=48079 rebuild_us=193 layout_us=1 paint_us=503 encode_us=230 acquire_us=116 submit_us=47034 skipped=0
frust_shell_common::perf: frust-perf raw n=42 total_us=48621 rebuild_us=208 layout_us=2 paint_us=535 encode_us=241 acquire_us=130 submit_us=47503 skipped=0
frust_shell_common::perf: frust-perf raw n=43 total_us=48638 rebuild_us=204 layout_us=1 paint_us=520 encode_us=240 acquire_us=141 submit_us=47529 skipped=0
frust_shell_common::perf: frust-perf raw n=44 total_us=48188 rebuild_us=208 layout_us=1 paint_us=533 encode_us=235 acquire_us=121 submit_us=47088 skipped=0
frust_shell_common::perf: frust-perf raw n=45 total_us=48309 rebuild_us=198 layout_us=1 paint_us=670 encode_us=232 acquire_us=139 submit_us=47067 skipped=0
frust_shell_common::perf: frust-perf raw n=46 total_us=47924 rebuild_us=196 layout_us=1 paint_us=507 encode_us=222 acquire_us=108 submit_us=46887 skipped=0
frust_shell_common::perf: frust-perf raw n=47 total_us=48272 rebuild_us=216 layout_us=2 paint_us=539 encode_us=240 acquire_us=132 submit_us=47141 skipped=0
frust_shell_common::perf: frust-perf raw n=48 total_us=48346 rebuild_us=215 layout_us=1 paint_us=704 encode_us=224 acquire_us=109 submit_us=47091 skipped=0
frust_shell_common::perf: frust-perf raw n=49 total_us=48433 rebuild_us=220 layout_us=1 paint_us=655 encode_us=222 acquire_us=90 submit_us=47242 skipped=0
frust_shell_common::perf: frust-perf raw n=50 total_us=48210 rebuild_us=229 layout_us=2 paint_us=598 encode_us=221 acquire_us=110 submit_us=47048 skipped=0
frust_shell_android::app::frame: frust-perf platform-view tail depth=0 target=0 acquire_bound=false frame=240 expected_present_us=0 acquire_us=109 period_us=11132
frust_shell_common::perf: frust-perf raw n=51 total_us=47900 rebuild_us=202 layout_us=1 paint_us=521 encode_us=221 acquire_us=106 submit_us=46846 skipped=0
frust_shell_common::perf: frust-perf raw n=52 total_us=47573 rebuild_us=94 layout_us=0 paint_us=184 encode_us=221 acquire_us=128 submit_us=46944 skipped=0
frust_shell_common::perf: frust-perf raw n=53 total_us=47802 rebuild_us=85 layout_us=0 paint_us=164 encode_us=207 acquire_us=95 submit_us=47249 skipped=0
frust_shell_common::perf: frust-perf raw n=54 total_us=48057 rebuild_us=202 layout_us=1 paint_us=531 encode_us=223 acquire_us=108 submit_us=46989 skipped=0
frust_shell_common::perf: frust-perf raw n=55 total_us=48658 rebuild_us=197 layout_us=1 paint_us=509 encode_us=229 acquire_us=116 submit_us=47603 skipped=0
frust_shell_common::perf: frust-perf raw n=56 total_us=48304 rebuild_us=217 layout_us=2 paint_us=817 encode_us=227 acquire_us=126 submit_us=46912 skipped=0
frust_shell_common::perf: frust-perf raw n=57 total_us=47698 rebuild_us=210 layout_us=2 paint_us=527 encode_us=234 acquire_us=130 submit_us=46593 skipped=0
frust_shell_common::perf: frust-perf raw n=58 total_us=47538 rebuild_us=85 layout_us=0 paint_us=166 encode_us=209 acquire_us=94 submit_us=46982 skipped=0
frust_shell_common::perf: frust-perf raw n=59 total_us=47299 rebuild_us=84 layout_us=0 paint_us=165 encode_us=209 acquire_us=97 submit_us=46743 skipped=0
frust_shell_common::perf: frust-perf raw n=60 total_us=48282 rebuild_us=83 layout_us=0 paint_us=162 encode_us=178 acquire_us=92 submit_us=47764 skipped=0
frust_shell_common::perf: frust-perf raw n=61 total_us=48348 rebuild_us=202 layout_us=1 paint_us=673 encode_us=245 acquire_us=145 submit_us=47079 skipped=0
frust_shell_common::perf: frust-perf raw n=62 total_us=48731 rebuild_us=233 layout_us=1 paint_us=618 encode_us=248 acquire_us=132 submit_us=47495 skipped=0
frust_shell_common::perf: frust-perf raw n=63 total_us=48155 rebuild_us=209 layout_us=1 paint_us=524 encode_us=225 acquire_us=110 submit_us=47084 skipped=0
frust_shell_common::perf: frust-perf raw n=64 total_us=48162 rebuild_us=191 layout_us=1 paint_us=503 encode_us=219 acquire_us=106 submit_us=47140 skipped=0
frust_shell_common::perf: frust-perf raw n=65 total_us=47891 rebuild_us=213 layout_us=1 paint_us=536 encode_us=231 acquire_us=119 submit_us=46789 skipped=0
frust_shell_common::perf: frust-perf raw n=66 total_us=48724 rebuild_us=253 layout_us=2 paint_us=638 encode_us=244 acquire_us=137 submit_us=47448 skipped=0
frust_shell_common::perf: frust-perf raw n=67 total_us=47488 rebuild_us=97 layout_us=0 paint_us=182 encode_us=225 acquire_us=98 submit_us=46882 skipped=0
frust_shell_common::perf: frust-perf raw n=68 total_us=47621 rebuild_us=83 layout_us=0 paint_us=158 encode_us=209 acquire_us=94 submit_us=47076 skipped=0
frust_shell_common::perf: frust-perf raw n=69 total_us=47999 rebuild_us=102 layout_us=0 paint_us=200 encode_us=211 acquire_us=93 submit_us=47390 skipped=0
frust_shell_common::perf: frust-perf raw n=70 total_us=48012 rebuild_us=86 layout_us=0 paint_us=162 encode_us=211 acquire_us=94 submit_us=47457 skipped=0
frust_shell_common::perf: frust-perf raw n=71 total_us=48455 rebuild_us=306 layout_us=2 paint_us=982 encode_us=299 acquire_us=128 submit_us=46737 skipped=0
frust_shell_common::perf: frust-perf raw n=72 total_us=48280 rebuild_us=223 layout_us=1 paint_us=643 encode_us=250 acquire_us=153 submit_us=47006 skipped=0
frust_shell_common::perf: frust-perf raw n=73 total_us=48121 rebuild_us=199 layout_us=1 paint_us=512 encode_us=233 acquire_us=135 submit_us=47039 skipped=0
frust_shell_common::perf: frust-perf raw n=74 total_us=47876 rebuild_us=202 layout_us=1 paint_us=515 encode_us=227 acquire_us=118 submit_us=46810 skipped=0
frust_shell_common::perf: frust-perf raw n=75 total_us=48409 rebuild_us=196 layout_us=2 paint_us=507 encode_us=223 acquire_us=107 submit_us=47372 skipped=0
frust_shell_common::perf: frust-perf raw n=76 total_us=48123 rebuild_us=200 layout_us=1 paint_us=503 encode_us=223 acquire_us=110 submit_us=47083 skipped=0
frust_shell_common::perf: frust-perf raw n=77 total_us=48044 rebuild_us=198 layout_us=1 paint_us=511 encode_us=225 acquire_us=112 submit_us=46995 skipped=0
frust_shell_common::perf: frust-perf raw n=78 total_us=48198 rebuild_us=253 layout_us=1 paint_us=600 encode_us=230 acquire_us=116 submit_us=46995 skipped=0
frust_shell_android::app::frame: frust-perf platform-view tail depth=0 target=0 acquire_bound=false frame=360 expected_present_us=0 acquire_us=112 period_us=11126
frust_shell_common::perf: frust-perf raw n=79 total_us=49135 rebuild_us=288 layout_us=2 paint_us=502 encode_us=266 acquire_us=107 submit_us=47968 skipped=0
frust_shell_common::perf: frust-perf raw n=80 total_us=47654 rebuild_us=286 layout_us=2 paint_us=725 encode_us=259 acquire_us=178 submit_us=46201 skipped=0
frust_shell_common::perf: frust-perf frame n=80 total_p50_ms=47 total_p95_ms=50 total_p99_ms=137 rebuild_p95_ms=0 layout_p95_ms=0 paint_p95_ms=0 encode_p95_ms=0 acquire_p95_ms=0 submit_p95_ms=49 over_60hz=80 over_120hz=80 skipped=0 total_frames=80
frust_shell_common::perf: frust-perf raw n=81 total_us=47380 rebuild_us=92 layout_us=0 paint_us=172 encode_us=209 acquire_us=93 submit_us=46812 skipped=0
frust_shell_common::perf: frust-perf raw n=82 total_us=47854 rebuild_us=189 layout_us=2 paint_us=503 encode_us=209 acquire_us=105 submit_us=46843 skipped=0
frust_shell_common::perf: frust-perf raw n=83 total_us=48508 rebuild_us=195 layout_us=2 paint_us=793 encode_us=228 acquire_us=117 submit_us=47172 skipped=0
frust_shell_common::perf: frust-perf raw n=84 total_us=48531 rebuild_us=207 layout_us=1 paint_us=538 encode_us=225 acquire_us=111 submit_us=47446 skipped=0
frust_shell_common::perf: frust-perf raw n=85 total_us=49380 rebuild_us=225 layout_us=2 paint_us=560 encode_us=265 acquire_us=161 submit_us=48165 skipped=0
frust_shell_common::perf: frust-perf raw n=86 total_us=47696 rebuild_us=209 layout_us=1 paint_us=559 encode_us=235 acquire_us=122 submit_us=46567 skipped=0
frust_shell_common::perf: frust-perf raw n=87 total_us=48265 rebuild_us=219 layout_us=1 paint_us=599 encode_us=226 acquire_us=111 submit_us=47106 skipped=0
frust_shell_common::perf: frust-perf raw n=88 total_us=49178 rebuild_us=215 layout_us=1 paint_us=551 encode_us=248 acquire_us=140 submit_us=48020 skipped=0
frust_shell_common::perf: frust-perf raw n=89 total_us=48125 rebuild_us=235 layout_us=1 paint_us=588 encode_us=223 acquire_us=101 submit_us=46973 skipped=0
frust_shell_common::perf: frust-perf raw n=90 total_us=48140 rebuild_us=233 layout_us=1 paint_us=575 encode_us=249 acquire_us=140 submit_us=46939 skipped=0
frust_shell_common::perf: frust-perf raw n=91 total_us=49236 rebuild_us=197 layout_us=2 paint_us=523 encode_us=237 acquire_us=119 submit_us=48157 skipped=0
frust_shell_common::perf: frust-perf raw n=92 total_us=48446 rebuild_us=248 layout_us=2 paint_us=911 encode_us=210 acquire_us=102 submit_us=46970 skipped=0
frust_shell_common::perf: frust-perf raw n=93 total_us=48168 rebuild_us=237 layout_us=1 paint_us=612 encode_us=231 acquire_us=118 submit_us=46966 skipped=0
frust_shell_common::perf: frust-perf raw n=94 total_us=48890 rebuild_us=258 layout_us=2 paint_us=921 encode_us=263 acquire_us=152 submit_us=47291 skipped=0
frust_shell_common::perf: frust-perf raw n=95 total_us=47772 rebuild_us=237 layout_us=1 paint_us=623 encode_us=253 acquire_us=222 submit_us=46433 skipped=0
frust_shell_common::perf: frust-perf raw n=96 total_us=48091 rebuild_us=93 layout_us=0 paint_us=181 encode_us=193 acquire_us=129 submit_us=47492 skipped=0
frust_shell_common::perf: frust-perf raw n=97 total_us=47999 rebuild_us=213 layout_us=1 paint_us=552 encode_us=238 acquire_us=129 submit_us=46863 skipped=0
frust_shell_common::perf: frust-perf raw n=98 total_us=48278 rebuild_us=215 layout_us=1 paint_us=541 encode_us=225 acquire_us=109 submit_us=47185 skipped=0
frust_shell_common::perf: frust-perf raw n=99 total_us=47045 rebuild_us=61 layout_us=0 paint_us=113 encode_us=478 acquire_us=194 submit_us=46196 skipped=0
frust_shell_common::perf: frust-perf raw n=100 total_us=48559 rebuild_us=85 layout_us=0 paint_us=165 encode_us=264 acquire_us=109 submit_us=47933 skipped=0
frust_shell_common::perf: frust-perf raw n=101 total_us=48265 rebuild_us=197 layout_us=1 paint_us=513 encode_us=232 acquire_us=135 submit_us=47184 skipped=0
frust_shell_common::perf: frust-perf raw n=102 total_us=48378 rebuild_us=189 layout_us=1 paint_us=500 encode_us=220 acquire_us=106 submit_us=47360 skipped=0
frust_shell_common::perf: frust-perf raw n=103 total_us=48251 rebuild_us=219 layout_us=2 paint_us=761 encode_us=227 acquire_us=126 submit_us=46915 skipped=0
frust_shell_common::perf: frust-perf raw n=104 total_us=48898 rebuild_us=175 layout_us=1 paint_us=488 encode_us=210 acquire_us=96 submit_us=47925 skipped=0
frust_shell_common::perf: frust-perf raw n=105 total_us=48216 rebuild_us=413 layout_us=2 paint_us=663 encode_us=250 acquire_us=139 submit_us=46747 skipped=0
frust_shell_common::perf: frust-perf raw n=106 total_us=48172 rebuild_us=218 layout_us=2 paint_us=576 encode_us=241 acquire_us=135 submit_us=46998 skipped=0
frust_shell_android::app::frame: frust-perf platform-view tail depth=0 target=0 acquire_bound=false frame=480 expected_present_us=0 acquire_us=116 period_us=11128
frust_shell_common::perf: frust-perf raw n=107 total_us=47951 rebuild_us=96 layout_us=0 paint_us=170 encode_us=175 acquire_us=89 submit_us=47418 skipped=0
frust_shell_common::perf: frust-perf raw n=108 total_us=48302 rebuild_us=217 layout_us=1 paint_us=543 encode_us=240 acquire_us=128 submit_us=47171 skipped=0
frust_shell_common::perf: frust-perf raw n=109 total_us=48187 rebuild_us=231 layout_us=1 paint_us=561 encode_us=233 acquire_us=165 submit_us=46994 skipped=0
frust_shell_common::perf: frust-perf raw n=110 total_us=47733 rebuild_us=239 layout_us=2 paint_us=542 encode_us=265 acquire_us=165 submit_us=46516 skipped=0
frust_shell_common::perf: frust-perf raw n=111 total_us=48474 rebuild_us=80 layout_us=0 paint_us=166 encode_us=210 acquire_us=94 submit_us=47921 skipped=0
frust_shell_common::perf: frust-perf raw n=112 total_us=48208 rebuild_us=378 layout_us=1 paint_us=599 encode_us=248 acquire_us=137 submit_us=46842 skipped=0
frust_shell_common::perf: frust-perf raw n=113 total_us=49096 rebuild_us=194 layout_us=1 paint_us=508 encode_us=266 acquire_us=111 submit_us=48012 skipped=0
frust_shell_common::perf: frust-perf raw n=114 total_us=47418 rebuild_us=248 layout_us=2 paint_us=601 encode_us=267 acquire_us=172 submit_us=46125 skipped=0
frust_shell_common::perf: frust-perf raw n=115 total_us=48190 rebuild_us=189 layout_us=2 paint_us=506 encode_us=226 acquire_us=110 submit_us=47155 skipped=0
frust_shell_common::perf: frust-perf raw n=116 total_us=48719 rebuild_us=225 layout_us=2 paint_us=763 encode_us=223 acquire_us=112 submit_us=47392 skipped=0
frust_shell_common::perf: frust-perf raw n=117 total_us=49015 rebuild_us=185 layout_us=1 paint_us=554 encode_us=251 acquire_us=152 submit_us=47871 skipped=0
frust_shell_common::perf: frust-perf raw n=118 total_us=47712 rebuild_us=182 layout_us=1 paint_us=494 encode_us=225 acquire_us=109 submit_us=46698 skipped=0
frust_shell_common::perf: frust-perf raw n=119 total_us=48394 rebuild_us=215 layout_us=1 paint_us=549 encode_us=238 acquire_us=134 submit_us=47254 skipped=0
frust_shell_common::perf: frust-perf raw n=120 total_us=47985 rebuild_us=290 layout_us=1 paint_us=728 encode_us=261 acquire_us=154 submit_us=46549 skipped=0
frust_shell_common::perf: frust-perf raw n=121 total_us=47928 rebuild_us=84 layout_us=0 paint_us=170 encode_us=209 acquire_us=94 submit_us=47369 skipped=0
frust_shell_common::perf: frust-perf raw n=122 total_us=48702 rebuild_us=242 layout_us=2 paint_us=596 encode_us=240 acquire_us=124 submit_us=47496 skipped=0
frust_shell_common::perf: frust-perf frame n=120 total_p50_ms=48 total_p95_ms=49 total_p99_ms=110 rebuild_p95_ms=0 layout_p95_ms=0 paint_p95_ms=0 encode_p95_ms=0 acquire_p95_ms=0 submit_p95_ms=48 over_60hz=122 over_120hz=122 skipped=0 total_frames=122
frust_shell_common::perf: frust-perf raw n=123 total_us=48000 rebuild_us=306 layout_us=1 paint_us=548 encode_us=265 acquire_us=130 submit_us=46748 skipped=0
frust_shell_common::perf: frust-perf raw n=124 total_us=48498 rebuild_us=199 layout_us=1 paint_us=526 encode_us=211 acquire_us=91 submit_us=47468 skipped=0
frust_shell_common::perf: frust-perf raw n=125 total_us=48482 rebuild_us=236 layout_us=1 paint_us=784 encode_us=266 acquire_us=157 submit_us=47034 skipped=0
frust_shell_common::perf: frust-perf raw n=126 total_us=48134 rebuild_us=242 layout_us=2 paint_us=587 encode_us=263 acquire_us=156 submit_us=46882 skipped=0
frust_shell_common::perf: frust-perf raw n=127 total_us=48443 rebuild_us=197 layout_us=1 paint_us=637 encode_us=224 acquire_us=110 submit_us=47271 skipped=0
frust_shell_common::perf: frust-perf raw n=128 total_us=48539 rebuild_us=212 layout_us=1 paint_us=528 encode_us=255 acquire_us=163 submit_us=47378 skipped=0
frust_shell_common::perf: frust-perf raw n=129 total_us=48399 rebuild_us=222 layout_us=1 paint_us=739 encode_us=237 acquire_us=129 submit_us=47068 skipped=0
frust_shell_common::perf: frust-perf raw n=130 total_us=48278 rebuild_us=203 layout_us=1 paint_us=522 encode_us=236 acquire_us=117 submit_us=47196 skipped=0
frust_shell_common::perf: frust-perf raw n=131 total_us=47783 rebuild_us=216 layout_us=1 paint_us=536 encode_us=238 acquire_us=143 submit_us=46646 skipped=0
frust_shell_common::perf: frust-perf raw n=132 total_us=48526 rebuild_us=84 layout_us=0 paint_us=161 encode_us=196 acquire_us=104 submit_us=47977 skipped=0
frust_shell_common::perf: frust-perf raw n=133 total_us=48086 rebuild_us=243 layout_us=1 paint_us=598 encode_us=356 acquire_us=97 submit_us=46788 skipped=0
frust_shell_common::perf: frust-perf raw n=134 total_us=48323 rebuild_us=196 layout_us=1 paint_us=635 encode_us=222 acquire_us=135 submit_us=47130 skipped=0
frust_shell_android::app::frame: frust-perf platform-view tail depth=0 target=0 acquire_bound=false frame=600 expected_present_us=0 acquire_us=118 period_us=11136
frust_shell_common::perf: frust-perf raw n=135 total_us=48146 rebuild_us=222 layout_us=1 paint_us=547 encode_us=226 acquire_us=106 submit_us=47041 skipped=0
frust_shell_common::perf: frust-perf raw n=136 total_us=48073 rebuild_us=325 layout_us=1 paint_us=555 encode_us=225 acquire_us=127 submit_us=46836 skipped=0
frust_shell_common::perf: frust-perf raw n=137 total_us=48400 rebuild_us=205 layout_us=1 paint_us=540 encode_us=228 acquire_us=122 submit_us=47302 skipped=0
frust_shell_common::perf: frust-perf raw n=138 total_us=48116 rebuild_us=174 layout_us=1 paint_us=387 encode_us=264 acquire_us=156 submit_us=47132 skipped=0
frust_shell_common::perf: frust-perf raw n=139 total_us=47841 rebuild_us=99 layout_us=0 paint_us=185 encode_us=212 acquire_us=92 submit_us=47250 skipped=0
frust_shell_common::perf: frust-perf raw n=140 total_us=47848 rebuild_us=84 layout_us=0 paint_us=203 encode_us=211 acquire_us=95 submit_us=47253 skipped=0
frust_shell_common::perf: frust-perf raw n=141 total_us=48460 rebuild_us=241 layout_us=1 paint_us=631 encode_us=255 acquire_us=143 submit_us=47186 skipped=0
frust_shell_common::perf: frust-perf raw n=142 total_us=48404 rebuild_us=230 layout_us=1 paint_us=581 encode_us=250 acquire_us=140 submit_us=47198 skipped=0
frust_shell_common::perf: frust-perf raw n=143 total_us=48512 rebuild_us=202 layout_us=1 paint_us=560 encode_us=239 acquire_us=129 submit_us=47377 skipped=0
frust_shell_common::perf: frust-perf raw n=144 total_us=47870 rebuild_us=247 layout_us=1 paint_us=598 encode_us=279 acquire_us=117 submit_us=46624 skipped=0
frust_shell_common::perf: frust-perf raw n=145 total_us=47872 rebuild_us=84 layout_us=0 paint_us=169 encode_us=210 acquire_us=92 submit_us=47315 skipped=0
frust_shell_common::perf: frust-perf raw n=146 total_us=47773 rebuild_us=98 layout_us=0 paint_us=187 encode_us=213 acquire_us=94 submit_us=47178 skipped=0
frust_shell_common::perf: frust-perf raw n=147 total_us=48609 rebuild_us=367 layout_us=3 paint_us=633 encode_us=222 acquire_us=108 submit_us=47274 skipped=0
frust_shell_common::perf: frust-perf raw n=148 total_us=48303 rebuild_us=254 layout_us=1 paint_us=650 encode_us=233 acquire_us=111 submit_us=47052 skipped=0
frust_shell_common::perf: frust-perf raw n=149 total_us=48190 rebuild_us=195 layout_us=1 paint_us=595 encode_us=237 acquire_us=119 submit_us=47039 skipped=0
frust_shell_common::perf: frust-perf raw n=150 total_us=48326 rebuild_us=266 layout_us=1 paint_us=511 encode_us=236 acquire_us=108 submit_us=47202 skipped=0
frust_shell_common::perf: frust-perf raw n=151 total_us=47650 rebuild_us=219 layout_us=2 paint_us=742 encode_us=237 acquire_us=182 submit_us=46264 skipped=0
frust_shell_common::perf: frust-perf raw n=152 total_us=48262 rebuild_us=187 layout_us=1 paint_us=509 encode_us=281 acquire_us=118 submit_us=47164 skipped=0
frust_shell_common::perf: frust-perf raw n=153 total_us=48262 rebuild_us=201 layout_us=1 paint_us=525 encode_us=232 acquire_us=121 submit_us=47179 skipped=0
frust_shell_common::perf: frust-perf raw n=154 total_us=49500 rebuild_us=221 layout_us=1 paint_us=659 encode_us=253 acquire_us=137 submit_us=48227 skipped=0
frust_shell_common::perf: frust-perf raw n=155 total_us=47947 rebuild_us=192 layout_us=1 paint_us=508 encode_us=225 acquire_us=106 submit_us=46912 skipped=0
frust_shell_common::perf: frust-perf raw n=156 total_us=48106 rebuild_us=189 layout_us=1 paint_us=572 encode_us=222 acquire_us=109 submit_us=47010 skipped=0
frust_shell_common::perf: frust-perf raw n=157 total_us=48674 rebuild_us=240 layout_us=2 paint_us=583 encode_us=247 acquire_us=144 submit_us=47456 skipped=0
frust_shell_common::perf: frust-perf raw n=158 total_us=47846 rebuild_us=315 layout_us=2 paint_us=554 encode_us=316 acquire_us=180 submit_us=46478 skipped=0
frust_shell_common::perf: frust-perf raw n=159 total_us=48061 rebuild_us=202 layout_us=2 paint_us=527 encode_us=223 acquire_us=113 submit_us=46992 skipped=0
frust_shell_common::perf: frust-perf raw n=160 total_us=48462 rebuild_us=188 layout_us=1 paint_us=505 encode_us=222 acquire_us=122 submit_us=47421 skipped=0
frust_shell_common::perf: frust-perf raw n=161 total_us=48647 rebuild_us=502 layout_us=2 paint_us=613 encode_us=264 acquire_us=186 submit_us=47078 skipped=0
frust_shell_common::perf: frust-perf raw n=162 total_us=48002 rebuild_us=239 layout_us=2 paint_us=722 encode_us=264 acquire_us=115 submit_us=46657 skipped=0
frust_shell_android::app::frame: frust-perf platform-view tail depth=0 target=0 acquire_bound=false frame=720 expected_present_us=0 acquire_us=132 period_us=11128
frust_shell_common::perf: frust-perf raw n=163 total_us=49129 rebuild_us=200 layout_us=2 paint_us=520 encode_us=238 acquire_us=124 submit_us=48041 skipped=0
frust_shell_common::perf: frust-perf raw n=164 total_us=48142 rebuild_us=194 layout_us=1 paint_us=522 encode_us=244 acquire_us=132 submit_us=47046 skipped=0
frust_shell_common::perf: frust-perf frame n=120 total_p50_ms=48 total_p95_ms=49 total_p99_ms=49 rebuild_p95_ms=0 layout_p95_ms=0 paint_p95_ms=0 encode_p95_ms=0 acquire_p95_ms=0 submit_p95_ms=47 over_60hz=164 over_120hz=164 skipped=0 total_frames=164
frust_shell_common::perf: frust-perf raw n=165 total_us=48102 rebuild_us=193 layout_us=2 paint_us=514 encode_us=266 acquire_us=114 submit_us=47011 skipped=0
frust_shell_common::perf: frust-perf raw n=166 total_us=48198 rebuild_us=205 layout_us=1 paint_us=535 encode_us=210 acquire_us=100 submit_us=47145 skipped=0
frust_shell_common::perf: frust-perf raw n=167 total_us=48779 rebuild_us=190 layout_us=1 paint_us=706 encode_us=229 acquire_us=116 submit_us=47535 skipped=0
frust_shell_common::perf: frust-perf raw n=168 total_us=48121 rebuild_us=201 layout_us=2 paint_us=523 encode_us=250 acquire_us=137 submit_us=47006 skipped=0
frust_shell_common::perf: frust-perf raw n=169 total_us=48818 rebuild_us=199 layout_us=1 paint_us=704 encode_us=239 acquire_us=130 submit_us=47542 skipped=0
frust_shell_common::perf: frust-perf raw n=170 total_us=48030 rebuild_us=213 layout_us=1 paint_us=542 encode_us=232 acquire_us=121 submit_us=46919 skipped=0
frust_shell_common::perf: frust-perf raw n=171 total_us=48077 rebuild_us=202 layout_us=1 paint_us=529 encode_us=238 acquire_us=124 submit_us=46981 skipped=0
frust_shell_common::perf: frust-perf raw n=172 total_us=48741 rebuild_us=275 layout_us=2 paint_us=759 encode_us=317 acquire_us=209 submit_us=47177 skipped=0
frust_shell_common::perf: frust-perf raw n=173 total_us=47577 rebuild_us=217 layout_us=2 paint_us=549 encode_us=246 acquire_us=138 submit_us=46421 skipped=0
frust_shell_common::perf: frust-perf raw n=174 total_us=48344 rebuild_us=184 layout_us=0 paint_us=590 encode_us=226 acquire_us=110 submit_us=47230 skipped=0
frust_shell_common::perf: frust-perf raw n=175 total_us=47695 rebuild_us=111 layout_us=0 paint_us=196 encode_us=222 acquire_us=110 submit_us=47052 skipped=0
frust_shell_common::perf: frust-perf raw n=176 total_us=48285 rebuild_us=85 layout_us=0 paint_us=169 encode_us=209 acquire_us=129 submit_us=47691 skipped=0
frust_shell_common::perf: frust-perf raw n=177 total_us=48027 rebuild_us=103 layout_us=0 paint_us=185 encode_us=210 acquire_us=103 submit_us=47424 skipped=0
frust_shell_common::perf: frust-perf raw n=178 total_us=48219 rebuild_us=214 layout_us=1 paint_us=655 encode_us=232 acquire_us=120 submit_us=46993 skipped=0
frust_shell_common::perf: frust-perf raw n=179 total_us=48673 rebuild_us=224 layout_us=1 paint_us=730 encode_us=348 acquire_us=126 submit_us=47241 skipped=0
frust_shell_common::perf: frust-perf raw n=180 total_us=47898 rebuild_us=194 layout_us=1 paint_us=581 encode_us=226 acquire_us=111 submit_us=46781 skipped=0
frust_shell_common::perf: frust-perf raw n=181 total_us=48422 rebuild_us=248 layout_us=2 paint_us=609 encode_us=255 acquire_us=140 submit_us=47166 skipped=0
frust_shell_common::perf: frust-perf raw n=182 total_us=48128 rebuild_us=202 layout_us=1 paint_us=526 encode_us=256 acquire_us=152 submit_us=46988 skipped=0
frust_shell_common::perf: frust-perf raw n=183 total_us=47692 rebuild_us=123 layout_us=0 paint_us=247 encode_us=231 acquire_us=185 submit_us=46905 skipped=0
frust_shell_common::perf: frust-perf raw n=184 total_us=47952 rebuild_us=82 layout_us=0 paint_us=164 encode_us=210 acquire_us=106 submit_us=47387 skipped=0
frust_shell_common::perf: frust-perf raw n=185 total_us=48819 rebuild_us=220 layout_us=2 paint_us=566 encode_us=251 acquire_us=158 submit_us=47620 skipped=0
frust_shell_common::perf: frust-perf raw n=186 total_us=47719 rebuild_us=205 layout_us=2 paint_us=529 encode_us=246 acquire_us=134 submit_us=46600 skipped=0
frust_shell_common::perf: frust-perf raw n=187 total_us=48521 rebuild_us=188 layout_us=1 paint_us=504 encode_us=224 acquire_us=105 submit_us=47495 skipped=0
frust_shell_common::perf: frust-perf raw n=188 total_us=48423 rebuild_us=173 layout_us=2 paint_us=494 encode_us=257 acquire_us=158 submit_us=47336 skipped=0
frust_shell_common::perf: frust-perf raw n=189 total_us=47984 rebuild_us=203 layout_us=2 paint_us=694 encode_us=355 acquire_us=178 submit_us=46549 skipped=0
frust_shell_common::perf: frust-perf raw n=190 total_us=48478 rebuild_us=230 layout_us=2 paint_us=672 encode_us=253 acquire_us=142 submit_us=47177 skipped=0
frust_shell_android::app::frame: frust-perf platform-view tail depth=0 target=0 acquire_bound=false frame=840 expected_present_us=0 acquire_us=135 period_us=11136
frust_shell_common::perf: frust-perf raw n=191 total_us=48408 rebuild_us=196 layout_us=1 paint_us=644 encode_us=223 acquire_us=106 submit_us=47235 skipped=0
frust_shell_common::perf: frust-perf raw n=192 total_us=48487 rebuild_us=193 layout_us=1 paint_us=510 encode_us=228 acquire_us=110 submit_us=47442 skipped=0
frust_shell_common::perf: frust-perf raw n=193 total_us=48176 rebuild_us=200 layout_us=1 paint_us=512 encode_us=222 acquire_us=126 submit_us=47112 skipped=0
frust_shell_common::perf: frust-perf raw n=194 total_us=48056 rebuild_us=240 layout_us=1 paint_us=624 encode_us=254 acquire_us=147 submit_us=46788 skipped=0
frust_shell_common::perf: frust-perf raw n=195 total_us=48240 rebuild_us=203 layout_us=1 paint_us=511 encode_us=228 acquire_us=120 submit_us=47174 skipped=0
frust_shell_common::perf: frust-perf raw n=196 total_us=48308 rebuild_us=228 layout_us=2 paint_us=508 encode_us=234 acquire_us=119 submit_us=47215 skipped=0
frust_shell_common::perf: frust-perf raw n=197 total_us=47801 rebuild_us=211 layout_us=1 paint_us=628 encode_us=237 acquire_us=147 submit_us=46575 skipped=0
frust_shell_common::perf: frust-perf raw n=198 total_us=47707 rebuild_us=83 layout_us=0 paint_us=163 encode_us=209 acquire_us=94 submit_us=47156 skipped=0
frust_shell_common::perf: frust-perf raw n=199 total_us=47679 rebuild_us=87 layout_us=0 paint_us=171 encode_us=210 acquire_us=107 submit_us=47102 skipped=0
frust_shell_common::perf: frust-perf raw n=200 total_us=47377 rebuild_us=84 layout_us=0 paint_us=174 encode_us=207 acquire_us=91 submit_us=46818 skipped=0
frust_shell_common::perf: frust-perf raw n=201 total_us=48399 rebuild_us=87 layout_us=0 paint_us=179 encode_us=194 acquire_us=83 submit_us=47855 skipped=0
frust_shell_common::perf: frust-perf raw n=202 total_us=48403 rebuild_us=193 layout_us=1 paint_us=671 encode_us=264 acquire_us=155 submit_us=47117 skipped=0
frust_shell_common::perf: frust-perf raw n=203 total_us=48545 rebuild_us=294 layout_us=1 paint_us=737 encode_us=260 acquire_us=160 submit_us=47090 skipped=0
frust_shell_common::perf: frust-perf raw n=204 total_us=47278 rebuild_us=84 layout_us=0 paint_us=163 encode_us=286 acquire_us=101 submit_us=46641 skipped=0
frust_shell_common::perf: frust-perf raw n=205 total_us=48693 rebuild_us=204 layout_us=2 paint_us=523 encode_us=236 acquire_us=121 submit_us=47605 skipped=0
frust_shell_common::perf: frust-perf raw n=206 total_us=47935 rebuild_us=217 layout_us=1 paint_us=559 encode_us=241 acquire_us=126 submit_us=46787 skipped=0
frust_shell_common::perf: frust-perf frame n=120 total_p50_ms=48 total_p95_ms=48 total_p99_ms=49 rebuild_p95_ms=0 layout_p95_ms=0 paint_p95_ms=0 encode_p95_ms=0 acquire_p95_ms=0 submit_p95_ms=47 over_60hz=206 over_120hz=206 skipped=0 total_frames=206
frust_shell_common::perf: frust-perf raw n=207 total_us=48181 rebuild_us=193 layout_us=116 paint_us=533 encode_us=220 acquire_us=109 submit_us=47007 skipped=0
frust_shell_common::perf: frust-perf raw n=208 total_us=48150 rebuild_us=184 layout_us=1 paint_us=493 encode_us=245 acquire_us=97 submit_us=47129 skipped=0
frust_shell_common::perf: frust-perf raw n=209 total_us=48038 rebuild_us=261 layout_us=1 paint_us=588 encode_us=260 acquire_us=156 submit_us=46769 skipped=0
frust_shell_common::perf: frust-perf raw n=210 total_us=48551 rebuild_us=222 layout_us=2 paint_us=539 encode_us=248 acquire_us=93 submit_us=47446 skipped=0
frust_shell_common::perf: frust-perf raw n=211 total_us=47473 rebuild_us=215 layout_us=1 paint_us=532 encode_us=253 acquire_us=148 submit_us=46321 skipped=0
frust_shell_common::perf: frust-perf raw n=212 total_us=47881 rebuild_us=91 layout_us=0 paint_us=176 encode_us=194 acquire_us=97 submit_us=47321 skipped=0
frust_shell_common::perf: frust-perf raw n=213 total_us=48625 rebuild_us=196 layout_us=1 paint_us=600 encode_us=220 acquire_us=123 submit_us=47482 skipped=0
frust_shell_common::perf: frust-perf raw n=214 total_us=48221 rebuild_us=232 layout_us=1 paint_us=569 encode_us=225 acquire_us=120 submit_us=47071 skipped=0
frust_shell_common::perf: frust-perf raw n=215 total_us=48430 rebuild_us=230 layout_us=2 paint_us=563 encode_us=226 acquire_us=144 submit_us=47264 skipped=0
frust_shell_common::perf: frust-perf raw n=216 total_us=48226 rebuild_us=263 layout_us=1 paint_us=610 encode_us=261 acquire_us=168 submit_us=46920 skipped=0
frust_shell_common::perf: frust-perf raw n=217 total_us=48269 rebuild_us=223 layout_us=2 paint_us=552 encode_us=250 acquire_us=156 submit_us=47082 skipped=0
frust_shell_common::perf: frust-perf raw n=218 total_us=48783 rebuild_us=271 layout_us=1 paint_us=512 encode_us=233 acquire_us=118 submit_us=47645 skipped=0
frust_shell_android::app::frame: frust-perf platform-view tail depth=0 target=0 acquire_bound=false frame=960 expected_present_us=0 acquire_us=140 period_us=11130
frust_shell_common::perf: frust-perf raw n=219 total_us=48491 rebuild_us=216 layout_us=1 paint_us=671 encode_us=248 acquire_us=161 submit_us=47191 skipped=0
frust_shell_common::perf: frust-perf raw n=220 total_us=48468 rebuild_us=217 layout_us=2 paint_us=543 encode_us=247 acquire_us=133 submit_us=47324 skipped=0
frust_shell_common::perf: frust-perf raw n=221 total_us=48153 rebuild_us=219 layout_us=1 paint_us=544 encode_us=246 acquire_us=155 submit_us=46985 skipped=0
frust_shell_common::perf: frust-perf raw n=222 total_us=48278 rebuild_us=191 layout_us=1 paint_us=619 encode_us=312 acquire_us=107 submit_us=47045 skipped=0
frust_shell_common::perf: frust-perf raw n=223 total_us=48031 rebuild_us=206 layout_us=1 paint_us=524 encode_us=240 acquire_us=124 submit_us=46932 skipped=0
frust_shell_common::perf: frust-perf raw n=224 total_us=49233 rebuild_us=228 layout_us=1 paint_us=720 encode_us=224 acquire_us=108 submit_us=47949 skipped=0
frust_shell_common::perf: frust-perf raw n=225 total_us=48125 rebuild_us=235 layout_us=1 paint_us=585 encode_us=300 acquire_us=147 submit_us=46854 skipped=0
frust_shell_common::perf: frust-perf raw n=226 total_us=48520 rebuild_us=190 layout_us=1 paint_us=804 encode_us=225 acquire_us=143 submit_us=47154 skipped=0
frust_shell_common::perf: frust-perf raw n=227 total_us=47851 rebuild_us=220 layout_us=1 paint_us=560 encode_us=240 acquire_us=128 submit_us=46699 skipped=0
frust_shell_common::perf: frust-perf raw n=228 total_us=48475 rebuild_us=191 layout_us=1 paint_us=503 encode_us=224 acquire_us=123 submit_us=47431 skipped=0
frust_shell_common::perf: frust-perf raw n=229 total_us=48643 rebuild_us=275 layout_us=2 paint_us=774 encode_us=279 acquire_us=117 submit_us=47193 skipped=0
frust_shell_common::perf: frust-perf raw n=230 total_us=48818 rebuild_us=467 layout_us=3 paint_us=1136 encode_us=262 acquire_us=191 submit_us=46756 skipped=0
frust_shell_common::perf: frust-perf raw n=231 total_us=47803 rebuild_us=96 layout_us=0 paint_us=186 encode_us=212 acquire_us=93 submit_us=47213 skipped=0
frust_shell_common::perf: frust-perf raw n=232 total_us=47669 rebuild_us=84 layout_us=0 paint_us=166 encode_us=209 acquire_us=94 submit_us=47114 skipped=0
frust_shell_common::perf: frust-perf raw n=233 total_us=47537 rebuild_us=84 layout_us=0 paint_us=160 encode_us=220 acquire_us=91 submit_us=46980 skipped=0
frust_shell_common::perf: frust-perf raw n=234 total_us=47536 rebuild_us=84 layout_us=0 paint_us=163 encode_us=208 acquire_us=94 submit_us=46984 skipped=0
frust_shell_common::perf: frust-perf raw n=235 total_us=48671 rebuild_us=200 layout_us=1 paint_us=678 encode_us=259 acquire_us=146 submit_us=47383 skipped=0
frust_shell_common::perf: frust-perf raw n=236 total_us=48430 rebuild_us=238 layout_us=2 paint_us=586 encode_us=248 acquire_us=145 submit_us=47209 skipped=0
frust_shell_common::perf: frust-perf raw n=237 total_us=47822 rebuild_us=212 layout_us=1 paint_us=540 encode_us=268 acquire_us=179 submit_us=46620 skipped=0
frust_shell_common::perf: frust-perf raw n=238 total_us=48087 rebuild_us=227 layout_us=2 paint_us=552 encode_us=242 acquire_us=134 submit_us=46928 skipped=0
frust_shell_common::perf: frust-perf raw n=239 total_us=48284 rebuild_us=217 layout_us=2 paint_us=538 encode_us=243 acquire_us=131 submit_us=47151 skipped=0
frust_shell_common::perf: frust-perf raw n=240 total_us=48180 rebuild_us=279 layout_us=2 paint_us=669 encode_us=252 acquire_us=145 submit_us=46831 skipped=0
frust_shell_common::perf: frust-perf raw n=241 total_us=48869 rebuild_us=301 layout_us=1 paint_us=707 encode_us=265 acquire_us=187 submit_us=47405 skipped=0
frust_shell_common::perf: frust-perf raw n=242 total_us=47932 rebuild_us=381 layout_us=1 paint_us=619 encode_us=267 acquire_us=154 submit_us=46507 skipped=0
frust_shell_common::perf: frust-perf raw n=243 total_us=47962 rebuild_us=209 layout_us=2 paint_us=534 encode_us=246 acquire_us=142 submit_us=46828 skipped=0
frust_shell_common::perf: frust-perf raw n=244 total_us=47401 rebuild_us=87 layout_us=0 paint_us=172 encode_us=221 acquire_us=111 submit_us=46806 skipped=0
frust_shell_common::perf: frust-perf raw n=245 total_us=48529 rebuild_us=86 layout_us=0 paint_us=168 encode_us=190 acquire_us=135 submit_us=47947 skipped=0
frust_shell_common::perf: frust-perf raw n=246 total_us=48280 rebuild_us=246 layout_us=1 paint_us=799 encode_us=239 acquire_us=146 submit_us=46846 skipped=0
frust_shell_common::perf: frust-perf raw n=247 total_us=47612 rebuild_us=205 layout_us=1 paint_us=529 encode_us=240 acquire_us=130 submit_us=46504 skipped=0
frust_shell_android::app::frame: frust-perf platform-view tail depth=0 target=0 acquire_bound=false frame=1080 expected_present_us=0 acquire_us=145 period_us=11133
frust_shell_common::perf: frust-perf raw n=248 total_us=48244 rebuild_us=227 layout_us=1 paint_us=568 encode_us=258 acquire_us=175 submit_us=47012 skipped=0
frust_shell_common::perf: frust-perf frame n=120 total_p50_ms=48 total_p95_ms=48 total_p99_ms=49 rebuild_p95_ms=0 layout_p95_ms=0 paint_p95_ms=0 encode_p95_ms=0 acquire_p95_ms=0 submit_p95_ms=47 over_60hz=248 over_120hz=248 skipped=0 total_frames=248
frust_shell_common::perf: frust-perf raw n=249 total_us=47598 rebuild_us=195 layout_us=1 paint_us=507 encode_us=220 acquire_us=108 submit_us=46565 skipped=0
frust_shell_common::perf: frust-perf raw n=250 total_us=48713 rebuild_us=239 layout_us=1 paint_us=572 encode_us=210 acquire_us=91 submit_us=47597 skipped=0
frust_shell_common::perf: frust-perf raw n=251 total_us=48270 rebuild_us=278 layout_us=1 paint_us=590 encode_us=224 acquire_us=110 submit_us=47064 skipped=0
frust_shell_common::perf: frust-perf raw n=252 total_us=48254 rebuild_us=197 layout_us=1 paint_us=515 encode_us=250 acquire_us=128 submit_us=47159 skipped=0
frust_shell_common::perf: frust-perf raw n=253 total_us=48247 rebuild_us=370 layout_us=2 paint_us=722 encode_us=265 acquire_us=159 submit_us=46727 skipped=0
frust_shell_common::perf: frust-perf raw n=254 total_us=48089 rebuild_us=221 layout_us=1 paint_us=565 encode_us=263 acquire_us=93 submit_us=46944 skipped=0
frust_shell_common::perf: frust-perf raw n=255 total_us=47934 rebuild_us=219 layout_us=2 paint_us=543 encode_us=226 acquire_us=110 submit_us=46832 skipped=0
frust_shell_common::perf: frust-perf raw n=256 total_us=48219 rebuild_us=206 layout_us=1 paint_us=525 encode_us=235 acquire_us=135 submit_us=47113 skipped=0
frust_shell_common::perf: frust-perf raw n=257 total_us=48181 rebuild_us=218 layout_us=1 paint_us=727 encode_us=308 acquire_us=124 submit_us=46799 skipped=0
frust_shell_common::perf: frust-perf raw n=258 total_us=47970 rebuild_us=215 layout_us=1 paint_us=507 encode_us=223 acquire_us=105 submit_us=46916 skipped=0
frust_shell_common::perf: frust-perf raw n=259 total_us=48539 rebuild_us=189 layout_us=1 paint_us=509 encode_us=237 acquire_us=123 submit_us=47477 skipped=0
frust_shell_common::perf: frust-perf raw n=260 total_us=47863 rebuild_us=227 layout_us=2 paint_us=601 encode_us=250 acquire_us=135 submit_us=46647 skipped=0
frust_shell_common::perf: frust-perf raw n=261 total_us=48425 rebuild_us=194 layout_us=1 paint_us=503 encode_us=223 acquire_us=105 submit_us=47396 skipped=0
frust_shell_common::perf: frust-perf raw n=262 total_us=48414 rebuild_us=382 layout_us=1 paint_us=534 encode_us=236 acquire_us=120 submit_us=47138 skipped=0
frust_shell_common::perf: frust-perf raw n=263 total_us=48493 rebuild_us=200 layout_us=1 paint_us=518 encode_us=238 acquire_us=146 submit_us=47387 skipped=0
frust_shell_common::perf: frust-perf raw n=264 total_us=48184 rebuild_us=263 layout_us=1 paint_us=767 encode_us=263 acquire_us=234 submit_us=46652 skipped=0
frust_shell_common::perf: frust-perf raw n=265 total_us=48008 rebuild_us=188 layout_us=1 paint_us=501 encode_us=213 acquire_us=91 submit_us=47012 skipped=0
frust_shell_common::perf: frust-perf raw n=266 total_us=47873 rebuild_us=200 layout_us=1 paint_us=581 encode_us=226 acquire_us=112 submit_us=46751 skipped=0
frust_shell_common::perf: frust-perf raw n=267 total_us=48310 rebuild_us=195 layout_us=1 paint_us=504 encode_us=229 acquire_us=124 submit_us=47255 skipped=0
frust_shell_common::perf: frust-perf raw n=268 total_us=48101 rebuild_us=209 layout_us=1 paint_us=523 encode_us=228 acquire_us=111 submit_us=47026 skipped=0
frust_shell_common::perf: frust-perf raw n=269 total_us=48485 rebuild_us=211 layout_us=1 paint_us=540 encode_us=306 acquire_us=165 submit_us=47259 skipped=0
frust_shell_common::perf: frust-perf raw n=270 total_us=47997 rebuild_us=232 layout_us=1 paint_us=555 encode_us=253 acquire_us=142 submit_us=46812 skipped=0
frust_shell_common::perf: frust-perf raw n=271 total_us=48829 rebuild_us=174 layout_us=1 paint_us=480 encode_us=207 acquire_us=90 submit_us=47874 skipped=0
frust_shell_common::perf: frust-perf raw n=272 total_us=47563 rebuild_us=301 layout_us=3 paint_us=707 encode_us=267 acquire_us=154 submit_us=46128 skipped=0
frust_shell_common::perf: frust-perf raw n=273 total_us=47554 rebuild_us=82 layout_us=0 paint_us=163 encode_us=214 acquire_us=92 submit_us=47000 skipped=0
frust_shell_common::perf: frust-perf raw n=274 total_us=48828 rebuild_us=192 layout_us=1 paint_us=505 encode_us=243 acquire_us=137 submit_us=47746 skipped=0
frust_shell_common::perf: frust-perf raw n=275 total_us=48388 rebuild_us=360 layout_us=1 paint_us=500 encode_us=221 acquire_us=117 submit_us=47186 skipped=0
frust_shell_android::app::frame: frust-perf platform-view tail depth=0 target=0 acquire_bound=false frame=1200 expected_present_us=0 acquire_us=114 period_us=11135
frust_shell_common::perf: frust-perf raw n=276 total_us=48933 rebuild_us=191 layout_us=1 paint_us=511 encode_us=241 acquire_us=92 submit_us=47894 skipped=0
frust_shell_common::perf: frust-perf raw n=277 total_us=47540 rebuild_us=254 layout_us=3 paint_us=657 encode_us=269 acquire_us=164 submit_us=46191 skipped=0
frust_shell_common::perf: frust-perf raw n=278 total_us=48344 rebuild_us=189 layout_us=1 paint_us=508 encode_us=228 acquire_us=121 submit_us=47292 skipped=0
frust_shell_common::perf: frust-perf raw n=279 total_us=48254 rebuild_us=201 layout_us=1 paint_us=530 encode_us=236 acquire_us=123 submit_us=47159 skipped=0
frust_shell_common::perf: frust-perf raw n=280 total_us=48998 rebuild_us=209 layout_us=2 paint_us=532 encode_us=241 acquire_us=126 submit_us=47887 skipped=0
frust_shell_common::perf: frust-perf raw n=281 total_us=48201 rebuild_us=199 layout_us=1 paint_us=522 encode_us=227 acquire_us=112 submit_us=47136 skipped=0
frust_shell_common::perf: frust-perf raw n=282 total_us=48269 rebuild_us=195 layout_us=2 paint_us=520 encode_us=280 acquire_us=127 submit_us=47144 skipped=0
frust_shell_common::perf: frust-perf raw n=283 total_us=48000 rebuild_us=240 layout_us=1 paint_us=606 encode_us=245 acquire_us=135 submit_us=46769 skipped=0
frust_shell_common::perf: frust-perf raw n=284 total_us=48819 rebuild_us=196 layout_us=2 paint_us=646 encode_us=228 acquire_us=115 submit_us=47630 skipped=0
frust_shell_common::perf: frust-perf raw n=285 total_us=48419 rebuild_us=272 layout_us=2 paint_us=684 encode_us=272 acquire_us=164 submit_us=47022 skipped=0
frust_shell_common::perf: frust-perf raw n=286 total_us=48530 rebuild_us=278 layout_us=1 paint_us=532 encode_us=236 acquire_us=105 submit_us=47375 skipped=0
frust_shell_common::perf: frust-perf raw n=287 total_us=48462 rebuild_us=247 layout_us=2 paint_us=587 encode_us=262 acquire_us=179 submit_us=47183 skipped=0
frust_shell_common::perf: frust-perf raw n=288 total_us=47567 rebuild_us=230 layout_us=1 paint_us=589 encode_us=259 acquire_us=143 submit_us=46342 skipped=0
frust_shell_common::perf: frust-perf raw n=289 total_us=48434 rebuild_us=85 layout_us=0 paint_us=167 encode_us=182 acquire_us=117 submit_us=47880 skipped=0
frust_shell_common::perf: frust-perf raw n=290 total_us=47799 rebuild_us=190 layout_us=2 paint_us=505 encode_us=221 acquire_us=110 submit_us=46769 skipped=0
frust_shell_common::perf: frust-perf frame n=120 total_p50_ms=48 total_p95_ms=48 total_p99_ms=48 rebuild_p95_ms=0 layout_p95_ms=0 paint_p95_ms=0 encode_p95_ms=0 acquire_p95_ms=0 submit_p95_ms=47 over_60hz=290 over_120hz=290 skipped=0 total_frames=290
frust_shell_common::perf: frust-perf raw n=291 total_us=48551 rebuild_us=201 layout_us=1 paint_us=525 encode_us=235 acquire_us=130 submit_us=47457 skipped=0
frust_shell_common::perf: frust-perf raw n=292 total_us=48154 rebuild_us=217 layout_us=1 paint_us=553 encode_us=268 acquire_us=235 submit_us=46877 skipped=0
frust_shell_common::perf: frust-perf raw n=293 total_us=47982 rebuild_us=81 layout_us=0 paint_us=160 encode_us=208 acquire_us=95 submit_us=47436 skipped=0
frust_shell_common::perf: frust-perf raw n=294 total_us=48235 rebuild_us=194 layout_us=1 paint_us=508 encode_us=209 acquire_us=96 submit_us=47224 skipped=0
frust_shell_common::perf: frust-perf raw n=295 total_us=48471 rebuild_us=210 layout_us=1 paint_us=643 encode_us=249 acquire_us=131 submit_us=47235 skipped=0
frust_shell_common::perf: frust-perf raw n=296 total_us=48259 rebuild_us=202 layout_us=2 paint_us=700 encode_us=208 acquire_us=97 submit_us=47047 skipped=0
frust_shell_common::perf: frust-perf raw n=297 total_us=47990 rebuild_us=186 layout_us=1 paint_us=595 encode_us=226 acquire_us=112 submit_us=46869 skipped=0
frust_shell_common::perf: frust-perf raw n=298 total_us=48255 rebuild_us=230 layout_us=2 paint_us=589 encode_us=239 acquire_us=128 submit_us=47064 skipped=0
frust_shell_common::perf: frust-perf raw n=299 total_us=48310 rebuild_us=192 layout_us=1 paint_us=504 encode_us=224 acquire_us=109 submit_us=47276 skipped=0
frust_shell_common::perf: frust-perf raw n=300 total_us=48567 rebuild_us=221 layout_us=1 paint_us=666 encode_us=233 acquire_us=93 submit_us=47350 skipped=0
frust_shell_common::perf: frust-perf raw n=301 total_us=48471 rebuild_us=222 layout_us=1 paint_us=665 encode_us=257 acquire_us=153 submit_us=47170 skipped=0
frust_shell_common::perf: frust-perf raw n=302 total_us=48695 rebuild_us=187 layout_us=1 paint_us=505 encode_us=225 acquire_us=111 submit_us=47663 skipped=0
frust_shell_common::perf: frust-perf raw n=303 total_us=47977 rebuild_us=212 layout_us=2 paint_us=549 encode_us=222 acquire_us=120 submit_us=46869 skipped=0
frust_shell_android::app::frame: frust-perf platform-view tail depth=0 target=0 acquire_bound=false frame=1320 expected_present_us=0 acquire_us=119 period_us=11139
frust_shell_common::perf: frust-perf raw n=304 total_us=48342 rebuild_us=195 layout_us=1 paint_us=531 encode_us=228 acquire_us=122 submit_us=47263 skipped=0
frust_shell_common::perf: frust-perf raw n=305 total_us=48106 rebuild_us=225 layout_us=2 paint_us=595 encode_us=231 acquire_us=119 submit_us=46931 skipped=0
frust_shell_common::perf: frust-perf raw n=306 total_us=48450 rebuild_us=192 layout_us=1 paint_us=590 encode_us=235 acquire_us=170 submit_us=47260 skipped=0
frust_shell_common::perf: frust-perf raw n=307 total_us=48087 rebuild_us=218 layout_us=2 paint_us=559 encode_us=249 acquire_us=149 submit_us=46907 skipped=0
frust_shell_common::perf: frust-perf raw n=308 total_us=48570 rebuild_us=305 layout_us=2 paint_us=545 encode_us=252 acquire_us=139 submit_us=47325 skipped=0
frust_shell_common::perf: frust-perf raw n=309 total_us=47962 rebuild_us=225 layout_us=2 paint_us=550 encode_us=224 acquire_us=108 submit_us=46851 skipped=0
frust_shell_common::perf: frust-perf raw n=310 total_us=47966 rebuild_us=86 layout_us=0 paint_us=172 encode_us=260 acquire_us=105 submit_us=47342 skipped=0
frust_shell_common::perf: frust-perf raw n=311 total_us=47527 rebuild_us=103 layout_us=0 paint_us=198 encode_us=216 acquire_us=104 submit_us=46904 skipped=0
frust_shell_common::perf: frust-perf raw n=312 total_us=48362 rebuild_us=257 layout_us=1 paint_us=765 encode_us=241 acquire_us=126 submit_us=46970 skipped=0
frust_shell_common::perf: frust-perf raw n=313 total_us=48092 rebuild_us=202 layout_us=1 paint_us=546 encode_us=239 acquire_us=142 submit_us=46959 skipped=0
frust_shell_common::perf: frust-perf raw n=314 total_us=48147 rebuild_us=206 layout_us=1 paint_us=528 encode_us=266 acquire_us=119 submit_us=47024 skipped=0
frust_shell_common::perf: frust-perf raw n=315 total_us=48069 rebuild_us=186 layout_us=1 paint_us=500 encode_us=221 acquire_us=123 submit_us=47035 skipped=0
frust_shell_common::perf: frust-perf raw n=316 total_us=48614 rebuild_us=202 layout_us=1 paint_us=526 encode_us=233 acquire_us=132 submit_us=47518 skipped=0
frust_shell_common::perf: frust-perf raw n=317 total_us=48423 rebuild_us=194 layout_us=1 paint_us=657 encode_us=234 acquire_us=191 submit_us=47144 skipped=0
frust_shell_common::perf: frust-perf raw n=318 total_us=47930 rebuild_us=334 layout_us=2 paint_us=605 encode_us=259 acquire_us=153 submit_us=46575 skipped=0
frust_shell_common::perf: frust-perf raw n=319 total_us=48128 rebuild_us=162 layout_us=0 paint_us=272 encode_us=227 acquire_us=97 submit_us=47366 skipped=0
frust_shell_common::perf: frust-perf raw n=320 total_us=47526 rebuild_us=85 layout_us=0 paint_us=169 encode_us=210 acquire_us=96 submit_us=46964 skipped=0
frust_shell_common::perf: frust-perf raw n=321 total_us=47856 rebuild_us=83 layout_us=0 paint_us=163 encode_us=212 acquire_us=94 submit_us=47301 skipped=0
frust_shell_common::perf: frust-perf raw n=322 total_us=48398 rebuild_us=230 layout_us=1 paint_us=571 encode_us=249 acquire_us=148 submit_us=47195 skipped=0
frust_shell_common::perf: frust-perf raw n=323 total_us=48180 rebuild_us=203 layout_us=1 paint_us=533 encode_us=245 acquire_us=144 submit_us=47051 skipped=0
frust_shell_common::perf: frust-perf raw n=324 total_us=47889 rebuild_us=212 layout_us=1 paint_us=648 encode_us=239 acquire_us=128 submit_us=46659 skipped=0
frust_shell_common::perf: frust-perf raw n=325 total_us=48503 rebuild_us=209 layout_us=1 paint_us=526 encode_us=251 acquire_us=214 submit_us=47300 skipped=0
frust_shell_common::perf: frust-perf raw n=326 total_us=47866 rebuild_us=314 layout_us=2 paint_us=720 encode_us=267 acquire_us=180 submit_us=46381 skipped=0
frust_shell_common::perf: frust-perf raw n=327 total_us=47374 rebuild_us=88 layout_us=0 paint_us=178 encode_us=211 acquire_us=97 submit_us=46797 skipped=0
frust_shell_common::perf: frust-perf raw n=328 total_us=47745 rebuild_us=85 layout_us=0 paint_us=172 encode_us=209 acquire_us=110 submit_us=47166 skipped=0
frust_shell_common::perf: frust-perf raw n=329 total_us=48439 rebuild_us=221 layout_us=1 paint_us=553 encode_us=246 acquire_us=137 submit_us=47277 skipped=0
frust_shell_common::perf: frust-perf raw n=330 total_us=48144 rebuild_us=246 layout_us=2 paint_us=863 encode_us=237 acquire_us=133 submit_us=46660 skipped=0
frust_shell_common::perf: frust-perf raw n=331 total_us=51790 rebuild_us=210 layout_us=2 paint_us=530 encode_us=228 acquire_us=127 submit_us=50689 skipped=0
frust_shell_android::app::frame: frust-perf platform-view tail depth=0 target=0 acquire_bound=false frame=1440 expected_present_us=0 acquire_us=137 period_us=11139
frust_shell_common::perf: frust-perf raw n=332 total_us=50417 rebuild_us=357 layout_us=2 paint_us=603 encode_us=246 acquire_us=158 submit_us=49049 skipped=0
frust_shell_common::perf: frust-perf frame n=120 total_p50_ms=48 total_p95_ms=48 total_p99_ms=50 rebuild_p95_ms=0 layout_p95_ms=0 paint_p95_ms=0 encode_p95_ms=0 acquire_p95_ms=0 submit_p95_ms=47 over_60hz=332 over_120hz=332 skipped=0 total_frames=332
frust_shell_common::perf: frust-perf raw n=333 total_us=47569 rebuild_us=103 layout_us=0 paint_us=196 encode_us=216 acquire_us=104 submit_us=46947 skipped=0
frust_shell_common::perf: frust-perf raw n=334 total_us=47230 rebuild_us=86 layout_us=0 paint_us=165 encode_us=211 acquire_us=108 submit_us=46656 skipped=0
frust_shell_common::perf: frust-perf raw n=335 total_us=48262 rebuild_us=316 layout_us=2 paint_us=585 encode_us=209 acquire_us=109 submit_us=47039 skipped=0
frust_shell_common::perf: frust-perf raw n=336 total_us=47765 rebuild_us=195 layout_us=1 paint_us=508 encode_us=212 acquire_us=92 submit_us=46754 skipped=0
frust_shell_common::perf: frust-perf raw n=337 total_us=48354 rebuild_us=188 layout_us=1 paint_us=435 encode_us=225 acquire_us=129 submit_us=47374 skipped=0
frust_shell_common::perf: frust-perf raw n=338 total_us=47158 rebuild_us=121 layout_us=0 paint_us=220 encode_us=217 acquire_us=107 submit_us=46490 skipped=0
frust_shell_common::perf: frust-perf raw n=339 total_us=48016 rebuild_us=94 layout_us=0 paint_us=174 encode_us=178 acquire_us=103 submit_us=47464 skipped=0
frust_shell_common::perf: frust-perf raw n=340 total_us=48327 rebuild_us=208 layout_us=1 paint_us=520 encode_us=270 acquire_us=134 submit_us=47191 skipped=0
frust_shell_common::perf: frust-perf raw n=341 total_us=48060 rebuild_us=215 layout_us=1 paint_us=637 encode_us=247 acquire_us=145 submit_us=46811 skipped=0
frust_shell_common::perf: frust-perf raw n=342 total_us=47593 rebuild_us=90 layout_us=0 paint_us=172 encode_us=216 acquire_us=95 submit_us=47017 skipped=0
frust_shell_common::perf: frust-perf raw n=343 total_us=47708 rebuild_us=92 layout_us=0 paint_us=176 encode_us=212 acquire_us=95 submit_us=47130 skipped=0
frust_shell_common::perf: frust-perf raw n=344 total_us=47828 rebuild_us=250 layout_us=2 paint_us=609 encode_us=297 acquire_us=160 submit_us=46508 skipped=0
frust_shell_common::perf: frust-perf raw n=345 total_us=47902 rebuild_us=248 layout_us=1 paint_us=611 encode_us=271 acquire_us=100 submit_us=46669 skipped=0
frust_shell_common::perf: frust-perf raw n=346 total_us=48318 rebuild_us=236 layout_us=2 paint_us=573 encode_us=229 acquire_us=121 submit_us=47155 skipped=0
frust_shell_common::perf: frust-perf raw n=347 total_us=47849 rebuild_us=216 layout_us=1 paint_us=537 encode_us=237 acquire_us=144 submit_us=46711 skipped=0
frust_shell_common::perf: frust-perf raw n=348 total_us=48009 rebuild_us=228 layout_us=2 paint_us=555 encode_us=226 acquire_us=113 submit_us=46883 skipped=0
frust_shell_common::perf: frust-perf raw n=349 total_us=48679 rebuild_us=240 layout_us=1 paint_us=613 encode_us=251 acquire_us=146 submit_us=47426 skipped=0
frust_shell_common::perf: frust-perf raw n=350 total_us=48503 rebuild_us=211 layout_us=1 paint_us=616 encode_us=257 acquire_us=182 submit_us=47233 skipped=0
frust_shell_common::perf: frust-perf raw n=351 total_us=47751 rebuild_us=233 layout_us=1 paint_us=560 encode_us=254 acquire_us=148 submit_us=46551 skipped=0
frust_shell_common::perf: frust-perf raw n=352 total_us=48540 rebuild_us=193 layout_us=1 paint_us=581 encode_us=223 acquire_us=108 submit_us=47431 skipped=0
frust_shell_common::perf: frust-perf raw n=353 total_us=48437 rebuild_us=199 layout_us=1 paint_us=507 encode_us=229 acquire_us=130 submit_us=47369 skipped=0
frust_shell_common::perf: frust-perf raw n=354 total_us=48535 rebuild_us=355 layout_us=2 paint_us=586 encode_us=222 acquire_us=106 submit_us=47262 skipped=0
frust_shell_common::perf: frust-perf raw n=355 total_us=48033 rebuild_us=283 layout_us=1 paint_us=603 encode_us=252 acquire_us=137 submit_us=46754 skipped=0
frust_shell_common::perf: frust-perf raw n=356 total_us=48126 rebuild_us=215 layout_us=2 paint_us=544 encode_us=210 acquire_us=94 submit_us=47059 skipped=0
frust_shell_common::perf: frust-perf raw n=357 total_us=48252 rebuild_us=271 layout_us=3 paint_us=685 encode_us=210 acquire_us=102 submit_us=46979 skipped=0
frust_shell_common::perf: frust-perf raw n=358 total_us=47976 rebuild_us=209 layout_us=1 paint_us=662 encode_us=255 acquire_us=139 submit_us=46708 skipped=0
frust_shell_common::perf: frust-perf raw n=359 total_us=49176 rebuild_us=270 layout_us=3 paint_us=699 encode_us=260 acquire_us=160 submit_us=47783 skipped=0
frust_shell_android::app::frame: frust-perf platform-view tail depth=0 target=0 acquire_bound=false frame=1560 expected_present_us=0 acquire_us=121 period_us=11123
frust_shell_common::perf: frust-perf raw n=360 total_us=47664 rebuild_us=87 layout_us=0 paint_us=171 encode_us=214 acquire_us=95 submit_us=47095 skipped=0
frust_shell_common::perf: frust-perf raw n=361 total_us=48058 rebuild_us=149 layout_us=0 paint_us=179 encode_us=226 acquire_us=110 submit_us=47391 skipped=0
frust_shell_common::perf: frust-perf raw n=362 total_us=47910 rebuild_us=241 layout_us=3 paint_us=615 encode_us=250 acquire_us=144 submit_us=46655 skipped=0
frust_shell_common::perf: frust-perf raw n=363 total_us=48422 rebuild_us=199 layout_us=1 paint_us=644 encode_us=223 acquire_us=109 submit_us=47244 skipped=0
frust_shell_common::perf: frust-perf raw n=364 total_us=48570 rebuild_us=205 layout_us=1 paint_us=522 encode_us=224 acquire_us=116 submit_us=47499 skipped=0
frust_shell_common::perf: frust-perf raw n=365 total_us=48531 rebuild_us=662 layout_us=1 paint_us=926 encode_us=285 acquire_us=159 submit_us=46496 skipped=0
frust_shell_common::perf: frust-perf raw n=366 total_us=47342 rebuild_us=94 layout_us=0 paint_us=179 encode_us=244 acquire_us=133 submit_us=46688 skipped=0
frust_shell_common::perf: frust-perf raw n=367 total_us=47814 rebuild_us=92 layout_us=0 paint_us=171 encode_us=220 acquire_us=114 submit_us=47214 skipped=0
frust_shell_common::perf: frust-perf raw n=368 total_us=48222 rebuild_us=251 layout_us=2 paint_us=609 encode_us=267 acquire_us=156 submit_us=46935 skipped=0
frust_shell_common::perf: frust-perf raw n=369 total_us=48275 rebuild_us=208 layout_us=1 paint_us=811 encode_us=243 acquire_us=133 submit_us=46876 skipped=0
frust_shell_common::perf: frust-perf raw n=370 total_us=48369 rebuild_us=329 layout_us=1 paint_us=519 encode_us=232 acquire_us=116 submit_us=47169 skipped=0
frust_shell_common::perf: frust-perf raw n=371 total_us=47851 rebuild_us=208 layout_us=1 paint_us=526 encode_us=240 acquire_us=142 submit_us=46732 skipped=0
frust_shell_common::perf: frust-perf raw n=372 total_us=48293 rebuild_us=238 layout_us=1 paint_us=712 encode_us=289 acquire_us=145 submit_us=46905 skipped=0
frust_shell_common::perf: frust-perf raw n=373 total_us=48142 rebuild_us=223 layout_us=2 paint_us=554 encode_us=242 acquire_us=136 submit_us=46982 skipped=0
frust_shell_common::perf: frust-perf raw n=374 total_us=49075 rebuild_us=241 layout_us=1 paint_us=756 encode_us=244 acquire_us=153 submit_us=47677 skipped=0
frust_shell_common::perf: frust-perf frame n=120 total_p50_ms=48 total_p95_ms=48 total_p99_ms=50 rebuild_p95_ms=0 layout_p95_ms=0 paint_p95_ms=0 encode_p95_ms=0 acquire_p95_ms=0 submit_p95_ms=47 over_60hz=374 over_120hz=374 skipped=0 total_frames=374
frust_shell_common::perf: frust-perf raw n=375 total_us=47785 rebuild_us=201 layout_us=1 paint_us=528 encode_us=222 acquire_us=147 submit_us=46683 skipped=0
frust_shell_common::perf: frust-perf raw n=376 total_us=48952 rebuild_us=196 layout_us=1 paint_us=540 encode_us=227 acquire_us=95 submit_us=47890 skipped=0
frust_shell_common::perf: frust-perf raw n=377 total_us=48004 rebuild_us=246 layout_us=2 paint_us=650 encode_us=246 acquire_us=141 submit_us=46717 skipped=0
frust_shell_common::perf: frust-perf raw n=378 total_us=48632 rebuild_us=206 layout_us=1 paint_us=526 encode_us=237 acquire_us=123 submit_us=47536 skipped=0
frust_shell_common::perf: frust-perf raw n=379 total_us=49134 rebuild_us=351 layout_us=2 paint_us=1738 encode_us=254 acquire_us=144 submit_us=46643 skipped=0
frust_shell_common::perf: frust-perf raw n=380 total_us=47744 rebuild_us=83 layout_us=0 paint_us=160 encode_us=206 acquire_us=90 submit_us=47204 skipped=0
frust_shell_common::perf: frust-perf raw n=381 total_us=48345 rebuild_us=286 layout_us=2 paint_us=650 encode_us=257 acquire_us=157 submit_us=46989 skipped=0
frust_shell_common::perf: frust-perf raw n=382 total_us=48315 rebuild_us=198 layout_us=1 paint_us=509 encode_us=224 acquire_us=109 submit_us=47271 skipped=0
frust_shell_common::perf: frust-perf raw n=383 total_us=47716 rebuild_us=224 layout_us=1 paint_us=704 encode_us=291 acquire_us=185 submit_us=46309 skipped=0
frust_shell_common::perf: frust-perf raw n=384 total_us=48224 rebuild_us=264 layout_us=2 paint_us=715 encode_us=213 acquire_us=99 submit_us=46929 skipped=0
frust_shell_common::perf: frust-perf raw n=385 total_us=48336 rebuild_us=257 layout_us=2 paint_us=718 encode_us=231 acquire_us=127 submit_us=46999 skipped=0
frust_shell_common::perf: frust-perf raw n=386 total_us=47677 rebuild_us=110 layout_us=0 paint_us=201 encode_us=209 acquire_us=98 submit_us=47056 skipped=0
frust_shell_common::perf: frust-perf raw n=387 total_us=47922 rebuild_us=90 layout_us=0 paint_us=174 encode_us=219 acquire_us=106 submit_us=47329 skipped=0
frust_shell_android::app::frame: frust-perf platform-view tail depth=0 target=0 acquire_bound=false frame=1680 expected_present_us=0 acquire_us=111 period_us=11128
frust_shell_common::perf: frust-perf raw n=388 total_us=47423 rebuild_us=86 layout_us=0 paint_us=164 encode_us=208 acquire_us=96 submit_us=46867 skipped=0
frust_shell_common::perf: frust-perf raw n=389 total_us=48533 rebuild_us=202 layout_us=1 paint_us=517 encode_us=221 acquire_us=110 submit_us=47480 skipped=0
frust_shell_common::perf: frust-perf raw n=390 total_us=47684 rebuild_us=464 layout_us=2 paint_us=708 encode_us=261 acquire_us=152 submit_us=46095 skipped=0
frust_shell_common::perf: frust-perf raw n=391 total_us=48126 rebuild_us=86 layout_us=0 paint_us=163 encode_us=211 acquire_us=91 submit_us=47571 skipped=0
frust_shell_common::perf: frust-perf raw n=392 total_us=47765 rebuild_us=228 layout_us=1 paint_us=554 encode_us=245 acquire_us=139 submit_us=46595 skipped=0
frust_shell_common::perf: frust-perf raw n=393 total_us=48075 rebuild_us=195 layout_us=2 paint_us=507 encode_us=223 acquire_us=107 submit_us=47040 skipped=0
frust_shell_common::perf: frust-perf raw n=394 total_us=48397 rebuild_us=208 layout_us=1 paint_us=537 encode_us=227 acquire_us=108 submit_us=47314 skipped=0
frust_shell_common::perf: frust-perf raw n=395 total_us=48116 rebuild_us=246 layout_us=2 paint_us=883 encode_us=249 acquire_us=151 submit_us=46582 skipped=0
frust_shell_common::perf: frust-perf raw n=396 total_us=48334 rebuild_us=195 layout_us=1 paint_us=675 encode_us=223 acquire_us=148 submit_us=47089 skipped=0
frust_shell_common::perf: frust-perf raw n=397 total_us=46971 rebuild_us=81 layout_us=0 paint_us=162 encode_us=212 acquire_us=110 submit_us=46404 skipped=0
frust_shell_common::perf: frust-perf raw n=398 total_us=47349 rebuild_us=89 layout_us=0 paint_us=165 encode_us=384 acquire_us=151 submit_us=46557 skipped=0
frust_shell_common::perf: frust-perf raw n=399 total_us=47686 rebuild_us=83 layout_us=0 paint_us=166 encode_us=109 acquire_us=65 submit_us=47261 skipped=0
frust_shell_common::perf: frust-perf raw n=400 total_us=47646 rebuild_us=81 layout_us=0 paint_us=163 encode_us=212 acquire_us=101 submit_us=47087 skipped=0
frust_shell_common::perf: frust-perf raw n=401 total_us=48357 rebuild_us=196 layout_us=1 paint_us=713 encode_us=223 acquire_us=121 submit_us=47099 skipped=0
frust_shell_common::perf: frust-perf raw n=402 total_us=48162 rebuild_us=190 layout_us=1 paint_us=506 encode_us=235 acquire_us=118 submit_us=47110 skipped=0
frust_shell_common::perf: frust-perf raw n=403 total_us=48117 rebuild_us=308 layout_us=2 paint_us=840 encode_us=273 acquire_us=156 submit_us=46536 skipped=0
frust_shell_common::perf: frust-perf raw n=404 total_us=48193 rebuild_us=141 layout_us=1 paint_us=296 encode_us=207 acquire_us=90 submit_us=47457 skipped=0
frust_shell_common::perf: frust-perf raw n=405 total_us=48270 rebuild_us=210 layout_us=2 paint_us=537 encode_us=233 acquire_us=172 submit_us=47112 skipped=0
frust_shell_common::perf: frust-perf raw n=406 total_us=48541 rebuild_us=213 layout_us=1 paint_us=548 encode_us=254 acquire_us=166 submit_us=47356 skipped=0
frust_shell_common::perf: frust-perf raw n=407 total_us=48274 rebuild_us=253 layout_us=1 paint_us=1024 encode_us=221 acquire_us=109 submit_us=46663 skipped=0
frust_shell_common::perf: frust-perf raw n=408 total_us=47445 rebuild_us=81 layout_us=0 paint_us=157 encode_us=206 acquire_us=94 submit_us=46904 skipped=0
frust_shell_common::perf: frust-perf raw n=409 total_us=48064 rebuild_us=84 layout_us=0 paint_us=159 encode_us=208 acquire_us=93 submit_us=47517 skipped=0
frust_shell_common::perf: frust-perf raw n=410 total_us=47922 rebuild_us=86 layout_us=0 paint_us=165 encode_us=217 acquire_us=100 submit_us=47352 skipped=0
frust_shell_common::perf: frust-perf raw n=411 total_us=48057 rebuild_us=85 layout_us=0 paint_us=170 encode_us=210 acquire_us=94 submit_us=47494 skipped=0
frust_shell_common::perf: frust-perf raw n=412 total_us=47909 rebuild_us=210 layout_us=1 paint_us=734 encode_us=292 acquire_us=140 submit_us=46528 skipped=0
