frust-perf activity-create
frust_shell_common::perf: bench-scenario-start s1
frust_render::context: frust-perf surface-caps formats=[Rgba8UnormSrgb,Rgba8Unorm,Rgba16Float,Rgb10a2Unorm] usages=TextureUsages(COPY_SRC | COPY_DST | TEXTURE_BINDING | STORAGE_BINDING | RENDER_ATTACHMENT | STORAGE_ATOMIC) direct_to_surface=YES (Rgba8Unorm+STORAGE_BINDING)
frust_render::context: frust-perf render-path direct (Rgba8Unorm+STORAGE_BINDING)
frust_shell_common::perf: frust-perf startup init_entry=0ms font_preinit_started=0ms font_preinit_joined=0ms preinit_started=0ms preinit_joined=0ms cache_loaded=1ms pipeline_cache_restored=1ms adapter_ready=82ms device_ready=82ms renderer_ready=82ms first_rebuild_done=94ms first_encode_done=95ms first_frame_presented=192ms
frust_shell_common::perf: frust-perf raw n=1 total_us=97714 rebuild_us=133 layout_us=0 paint_us=278 encode_us=574 acquire_us=77 submit_us=96649 skipped=0
frust_shell_common::perf: frust-perf raw n=2 total_us=90882 rebuild_us=147 layout_us=0 paint_us=404 encode_us=134 acquire_us=25 submit_us=90169 skipped=0
frust_shell_common::perf: frust-perf raw n=3 total_us=66883 rebuild_us=103 layout_us=0 paint_us=264 encode_us=119 acquire_us=47 submit_us=66347 skipped=0
frust_shell_common::perf: frust-perf raw n=4 total_us=63134 rebuild_us=140 layout_us=0 paint_us=312 encode_us=123 acquire_us=48 submit_us=62507 skipped=0
frust_shell_common::perf: frust-perf raw n=5 total_us=56589 rebuild_us=369 layout_us=0 paint_us=313 encode_us=105 acquire_us=47 submit_us=55752 skipped=0
frust_shell_common::perf: frust-perf raw n=6 total_us=66403 rebuild_us=82 layout_us=0 paint_us=151 encode_us=399 acquire_us=111 submit_us=65658 skipped=0
frust_shell_common::perf: frust-perf raw n=7 total_us=66729 rebuild_us=91 layout_us=0 paint_us=143 encode_us=155 acquire_us=65 submit_us=66273 skipped=0
frust_shell_common::perf: frust-perf raw n=8 total_us=55234 rebuild_us=107 layout_us=0 paint_us=214 encode_us=160 acquire_us=72 submit_us=54679 skipped=0
frust_shell_common::perf: frust-perf raw n=9 total_us=47876 rebuild_us=97 layout_us=0 paint_us=132 encode_us=176 acquire_us=97 submit_us=47371 skipped=0
frust_shell_common::perf: frust-perf raw n=10 total_us=50544 rebuild_us=82 layout_us=0 paint_us=123 encode_us=102 acquire_us=74 submit_us=50160 skipped=0
frust_shell_common::perf: frust-perf raw n=11 total_us=48819 rebuild_us=87 layout_us=0 paint_us=146 encode_us=192 acquire_us=98 submit_us=48293 skipped=0
frust_shell_common::perf: frust-perf raw n=12 total_us=51830 rebuild_us=62 layout_us=0 paint_us=110 encode_us=133 acquire_us=87 submit_us=51436 skipped=0
frust_shell_common::perf: frust-perf raw n=13 total_us=48770 rebuild_us=117 layout_us=0 paint_us=166 encode_us=163 acquire_us=97 submit_us=48224 skipped=0
frust_shell_common::perf: frust-perf raw n=14 total_us=47743 rebuild_us=69 layout_us=0 paint_us=125 encode_us=142 acquire_us=121 submit_us=47283 skipped=0
frust_shell_common::perf: frust-perf raw n=15 total_us=48360 rebuild_us=127 layout_us=0 paint_us=197 encode_us=167 acquire_us=82 submit_us=47784 skipped=0
frust_shell_common::perf: frust-perf raw n=16 total_us=48453 rebuild_us=107 layout_us=0 paint_us=161 encode_us=165 acquire_us=70 submit_us=47947 skipped=0
frust_shell_common::perf: frust-perf raw n=17 total_us=47350 rebuild_us=102 layout_us=160 paint_us=156 encode_us=155 acquire_us=75 submit_us=46698 skipped=0
frust_shell_common::perf: frust-perf raw n=18 total_us=47533 rebuild_us=94 layout_us=0 paint_us=159 encode_us=147 acquire_us=81 submit_us=47049 skipped=0
frust_shell_common::perf: frust-perf raw n=19 total_us=48191 rebuild_us=66 layout_us=0 paint_us=118 encode_us=150 acquire_us=83 submit_us=47771 skipped=0
frust_shell_common::perf: frust-perf raw n=20 total_us=47398 rebuild_us=79 layout_us=0 paint_us=141 encode_us=147 acquire_us=79 submit_us=46949 skipped=0
frust_shell_common::perf: frust-perf raw n=21 total_us=47764 rebuild_us=74 layout_us=0 paint_us=184 encode_us=164 acquire_us=81 submit_us=47258 skipped=0
frust_shell_common::perf: frust-perf raw n=22 total_us=47207 rebuild_us=78 layout_us=0 paint_us=133 encode_us=162 acquire_us=87 submit_us=46744 skipped=0
frust_shell_android::app::frame: frust-perf platform-view tail depth=0 target=0 acquire_bound=false frame=120 expected_present_us=0 acquire_us=83 period_us=11127
frust_shell_common::perf: frust-perf raw n=23 total_us=47861 rebuild_us=119 layout_us=0 paint_us=145 encode_us=162 acquire_us=89 submit_us=47344 skipped=0
frust_shell_common::perf: frust-perf raw n=24 total_us=47153 rebuild_us=89 layout_us=0 paint_us=153 encode_us=166 acquire_us=110 submit_us=46634 skipped=0
frust_shell_common::perf: frust-perf raw n=25 total_us=47798 rebuild_us=73 layout_us=0 paint_us=132 encode_us=130 acquire_us=90 submit_us=47371 skipped=0
frust_shell_common::perf: frust-perf raw n=26 total_us=47353 rebuild_us=77 layout_us=0 paint_us=136 encode_us=161 acquire_us=90 submit_us=46886 skipped=0
frust_shell_common::perf: frust-perf raw n=27 total_us=47731 rebuild_us=86 layout_us=0 paint_us=152 encode_us=168 acquire_us=81 submit_us=47241 skipped=0
frust_shell_common::perf: frust-perf raw n=28 total_us=47178 rebuild_us=77 layout_us=0 paint_us=140 encode_us=165 acquire_us=80 submit_us=46713 skipped=0
frust_shell_common::perf: frust-perf raw n=29 total_us=48175 rebuild_us=74 layout_us=0 paint_us=130 encode_us=155 acquire_us=99 submit_us=47714 skipped=0
frust_shell_common::perf: frust-perf raw n=30 total_us=47321 rebuild_us=84 layout_us=0 paint_us=147 encode_us=168 acquire_us=82 submit_us=46838 skipped=0
frust_shell_common::perf: frust-perf raw n=31 total_us=47652 rebuild_us=65 layout_us=0 paint_us=122 encode_us=154 acquire_us=78 submit_us=47229 skipped=0
frust_shell_common::perf: frust-perf raw n=32 total_us=46968 rebuild_us=80 layout_us=0 paint_us=139 encode_us=169 acquire_us=88 submit_us=46490 skipped=0
frust_shell_common::perf: frust-perf raw n=33 total_us=48131 rebuild_us=82 layout_us=0 paint_us=147 encode_us=145 acquire_us=93 submit_us=47662 skipped=0
frust_shell_common::perf: frust-perf raw n=34 total_us=47548 rebuild_us=89 layout_us=0 paint_us=182 encode_us=154 acquire_us=74 submit_us=47047 skipped=0
frust_shell_common::perf: frust-perf raw n=35 total_us=47648 rebuild_us=69 layout_us=0 paint_us=118 encode_us=148 acquire_us=75 submit_us=47237 skipped=0
frust_shell_common::perf: frust-perf raw n=36 total_us=47093 rebuild_us=72 layout_us=0 paint_us=132 encode_us=154 acquire_us=84 submit_us=46649 skipped=0
frust_shell_common::perf: frust-perf raw n=37 total_us=47796 rebuild_us=78 layout_us=0 paint_us=148 encode_us=139 acquire_us=82 submit_us=47348 skipped=0
frust_shell_common::perf: frust-perf raw n=38 total_us=47719 rebuild_us=81 layout_us=148 paint_us=135 encode_us=151 acquire_us=117 submit_us=47083 skipped=0
frust_shell_common::perf: frust-perf frame n=38 total_p50_ms=47 total_p95_ms=90 total_p99_ms=97 rebuild_p95_ms=0 layout_p95_ms=0 paint_p95_ms=0 encode_p95_ms=0 acquire_p95_ms=0 submit_p95_ms=90 over_60hz=38 over_120hz=38 skipped=0 total_frames=38
frust_shell_common::perf: frust-perf raw n=39 total_us=47416 rebuild_us=72 layout_us=0 paint_us=131 encode_us=152 acquire_us=87 submit_us=46971 skipped=0
frust_shell_common::perf: frust-perf raw n=40 total_us=47649 rebuild_us=71 layout_us=0 paint_us=133 encode_us=151 acquire_us=75 submit_us=47217 skipped=0
frust_shell_common::perf: frust-perf raw n=41 total_us=47391 rebuild_us=78 layout_us=0 paint_us=141 encode_us=163 acquire_us=90 submit_us=46916 skipped=0
frust_shell_common::perf: frust-perf raw n=42 total_us=47846 rebuild_us=75 layout_us=0 paint_us=137 encode_us=165 acquire_us=81 submit_us=47387 skipped=0
frust_shell_common::perf: frust-perf raw n=43 total_us=47442 rebuild_us=76 layout_us=0 paint_us=141 encode_us=167 acquire_us=80 submit_us=46977 skipped=0
frust_shell_common::perf: frust-perf raw n=44 total_us=47994 rebuild_us=92 layout_us=0 paint_us=172 encode_us=215 acquire_us=114 submit_us=47398 skipped=0
frust_shell_common::perf: frust-perf raw n=45 total_us=47940 rebuild_us=217 layout_us=2 paint_us=536 encode_us=210 acquire_us=94 submit_us=46878 skipped=0
frust_shell_common::perf: frust-perf raw n=46 total_us=48319 rebuild_us=236 layout_us=2 paint_us=549 encode_us=237 acquire_us=123 submit_us=47169 skipped=0
frust_shell_common::perf: frust-perf raw n=47 total_us=47590 rebuild_us=125 layout_us=0 paint_us=280 encode_us=225 acquire_us=115 submit_us=46842 skipped=0
frust_shell_common::perf: frust-perf raw n=48 total_us=47930 rebuild_us=132 layout_us=1 paint_us=343 encode_us=231 acquire_us=113 submit_us=47108 skipped=0
frust_shell_common::perf: frust-perf raw n=49 total_us=48053 rebuild_us=214 layout_us=2 paint_us=535 encode_us=226 acquire_us=115 submit_us=46959 skipped=0
frust_shell_common::perf: frust-perf raw n=50 total_us=48513 rebuild_us=201 layout_us=1 paint_us=635 encode_us=229 acquire_us=119 submit_us=47325 skipped=0
frust_shell_android::app::frame: frust-perf platform-view tail depth=0 target=0 acquire_bound=false frame=240 expected_present_us=0 acquire_us=114 period_us=11131
frust_shell_common::perf: frust-perf raw n=51 total_us=48552 rebuild_us=207 layout_us=1 paint_us=678 encode_us=239 acquire_us=128 submit_us=47296 skipped=0
frust_shell_common::perf: frust-perf raw n=52 total_us=48396 rebuild_us=404 layout_us=2 paint_us=616 encode_us=223 acquire_us=113 submit_us=47035 skipped=0
frust_shell_common::perf: frust-perf raw n=53 total_us=47648 rebuild_us=198 layout_us=2 paint_us=685 encode_us=386 acquire_us=186 submit_us=46188 skipped=0
frust_shell_common::perf: frust-perf raw n=54 total_us=47638 rebuild_us=86 layout_us=0 paint_us=159 encode_us=209 acquire_us=109 submit_us=47073 skipped=0
frust_shell_common::perf: frust-perf raw n=55 total_us=48035 rebuild_us=98 layout_us=0 paint_us=175 encode_us=294 acquire_us=94 submit_us=47371 skipped=0
frust_shell_common::perf: frust-perf raw n=56 total_us=47103 rebuild_us=92 layout_us=0 paint_us=164 encode_us=206 acquire_us=94 submit_us=46545 skipped=0
frust_shell_common::perf: frust-perf raw n=57 total_us=48154 rebuild_us=225 layout_us=1 paint_us=528 encode_us=231 acquire_us=127 submit_us=47039 skipped=0
frust_shell_common::perf: frust-perf raw n=58 total_us=47970 rebuild_us=214 layout_us=2 paint_us=535 encode_us=227 acquire_us=113 submit_us=46878 skipped=0
frust_shell_common::perf: frust-perf raw n=59 total_us=48045 rebuild_us=270 layout_us=2 paint_us=783 encode_us=211 acquire_us=85 submit_us=46691 skipped=0
frust_shell_common::perf: frust-perf raw n=60 total_us=47834 rebuild_us=112 layout_us=0 paint_us=199 encode_us=168 acquire_us=72 submit_us=47281 skipped=0
frust_shell_common::perf: frust-perf raw n=61 total_us=48158 rebuild_us=199 layout_us=1 paint_us=505 encode_us=221 acquire_us=111 submit_us=47119 skipped=0
frust_shell_common::perf: frust-perf raw n=62 total_us=47727 rebuild_us=116 layout_us=0 paint_us=193 encode_us=216 acquire_us=98 submit_us=47102 skipped=0
frust_shell_common::perf: frust-perf raw n=63 total_us=47866 rebuild_us=121 layout_us=0 paint_us=198 encode_us=226 acquire_us=105 submit_us=47213 skipped=0
frust_shell_common::perf: frust-perf raw n=64 total_us=47690 rebuild_us=178 layout_us=0 paint_us=340 encode_us=216 acquire_us=107 submit_us=46845 skipped=0
frust_shell_common::perf: frust-perf raw n=65 total_us=47467 rebuild_us=116 layout_us=0 paint_us=201 encode_us=209 acquire_us=92 submit_us=46847 skipped=0
frust_shell_common::perf: frust-perf raw n=66 total_us=47750 rebuild_us=95 layout_us=0 paint_us=180 encode_us=228 acquire_us=110 submit_us=47133 skipped=0
frust_shell_common::perf: frust-perf raw n=67 total_us=47560 rebuild_us=84 layout_us=0 paint_us=161 encode_us=225 acquire_us=97 submit_us=46991 skipped=0
frust_shell_common::perf: frust-perf raw n=68 total_us=48060 rebuild_us=137 layout_us=1 paint_us=398 encode_us=210 acquire_us=140 submit_us=47172 skipped=0
frust_shell_common::perf: frust-perf raw n=69 total_us=48553 rebuild_us=161 layout_us=1 paint_us=392 encode_us=223 acquire_us=114 submit_us=47661 skipped=0
frust_shell_common::perf: frust-perf raw n=70 total_us=48031 rebuild_us=203 layout_us=1 paint_us=515 encode_us=226 acquire_us=111 submit_us=46972 skipped=0
frust_shell_common::perf: frust-perf raw n=71 total_us=48258 rebuild_us=211 layout_us=1 paint_us=621 encode_us=239 acquire_us=140 submit_us=47043 skipped=0
frust_shell_common::perf: frust-perf raw n=72 total_us=49302 rebuild_us=193 layout_us=2 paint_us=591 encode_us=222 acquire_us=122 submit_us=48170 skipped=0
frust_shell_common::perf: frust-perf raw n=73 total_us=48081 rebuild_us=291 layout_us=2 paint_us=634 encode_us=248 acquire_us=143 submit_us=46761 skipped=0
frust_shell_common::perf: frust-perf raw n=74 total_us=48175 rebuild_us=197 layout_us=1 paint_us=540 encode_us=240 acquire_us=129 submit_us=47066 skipped=0
frust_shell_common::perf: frust-perf raw n=75 total_us=47853 rebuild_us=94 layout_us=0 paint_us=161 encode_us=208 acquire_us=107 submit_us=47280 skipped=0
frust_shell_common::perf: frust-perf raw n=76 total_us=48517 rebuild_us=248 layout_us=1 paint_us=545 encode_us=239 acquire_us=123 submit_us=47358 skipped=0
frust_shell_common::perf: frust-perf raw n=77 total_us=48430 rebuild_us=226 layout_us=2 paint_us=692 encode_us=223 acquire_us=109 submit_us=47175 skipped=0
frust_shell_common::perf: frust-perf raw n=78 total_us=48941 rebuild_us=192 layout_us=1 paint_us=502 encode_us=212 acquire_us=107 submit_us=47923 skipped=0
frust_shell_android::app::frame: frust-perf platform-view tail depth=0 target=0 acquire_bound=false frame=360 expected_present_us=0 acquire_us=116 period_us=11134
frust_shell_common::perf: frust-perf raw n=79 total_us=47418 rebuild_us=122 layout_us=0 paint_us=202 encode_us=232 acquire_us=119 submit_us=46741 skipped=0
frust_shell_common::perf: frust-perf raw n=80 total_us=47077 rebuild_us=77 layout_us=0 paint_us=153 encode_us=213 acquire_us=99 submit_us=46533 skipped=0
frust_shell_common::perf: frust-perf frame n=80 total_p50_ms=47 total_p95_ms=66 total_p99_ms=97 rebuild_p95_ms=0 layout_p95_ms=0 paint_p95_ms=0 encode_p95_ms=0 acquire_p95_ms=0 submit_p95_ms=65 over_60hz=80 over_120hz=80 skipped=0 total_frames=80
frust_shell_common::perf: frust-perf raw n=81 total_us=47817 rebuild_us=57 layout_us=0 paint_us=101 encode_us=179 acquire_us=76 submit_us=47401 skipped=0
frust_shell_common::perf: frust-perf raw n=82 total_us=47296 rebuild_us=93 layout_us=0 paint_us=172 encode_us=209 acquire_us=97 submit_us=46724 skipped=0
frust_shell_common::perf: frust-perf raw n=83 total_us=48447 rebuild_us=81 layout_us=0 paint_us=152 encode_us=209 acquire_us=93 submit_us=47908 skipped=0
frust_shell_common::perf: frust-perf raw n=84 total_us=47856 rebuild_us=207 layout_us=1 paint_us=519 encode_us=230 acquire_us=120 submit_us=46775 skipped=0
frust_shell_common::perf: frust-perf raw n=85 total_us=49280 rebuild_us=194 layout_us=1 paint_us=500 encode_us=228 acquire_us=132 submit_us=48223 skipped=0
frust_shell_common::perf: frust-perf raw n=86 total_us=48003 rebuild_us=224 layout_us=1 paint_us=522 encode_us=229 acquire_us=145 submit_us=46878 skipped=0
frust_shell_common::perf: frust-perf raw n=87 total_us=48615 rebuild_us=189 layout_us=1 paint_us=499 encode_us=220 acquire_us=109 submit_us=47593 skipped=0
frust_shell_common::perf: frust-perf raw n=88 total_us=48326 rebuild_us=194 layout_us=1 paint_us=502 encode_us=222 acquire_us=108 submit_us=47296 skipped=0
frust_shell_common::perf: frust-perf raw n=89 total_us=48578 rebuild_us=211 layout_us=2 paint_us=528 encode_us=398 acquire_us=165 submit_us=47272 skipped=0
frust_shell_common::perf: frust-perf raw n=90 total_us=48192 rebuild_us=203 layout_us=2 paint_us=677 encode_us=228 acquire_us=123 submit_us=46957 skipped=0
frust_shell_common::perf: frust-perf raw n=91 total_us=47882 rebuild_us=184 layout_us=1 paint_us=503 encode_us=214 acquire_us=104 submit_us=46872 skipped=0
frust_shell_common::perf: frust-perf raw n=92 total_us=48028 rebuild_us=91 layout_us=0 paint_us=175 encode_us=193 acquire_us=80 submit_us=47487 skipped=0
frust_shell_common::perf: frust-perf raw n=93 total_us=47550 rebuild_us=82 layout_us=0 paint_us=154 encode_us=207 acquire_us=94 submit_us=47011 skipped=0
frust_shell_common::perf: frust-perf raw n=94 total_us=48665 rebuild_us=265 layout_us=2 paint_us=675 encode_us=256 acquire_us=153 submit_us=47312 skipped=0
frust_shell_common::perf: frust-perf raw n=95 total_us=47580 rebuild_us=79 layout_us=0 paint_us=156 encode_us=215 acquire_us=94 submit_us=47032 skipped=0
frust_shell_common::perf: frust-perf raw n=96 total_us=48056 rebuild_us=81 layout_us=0 paint_us=154 encode_us=209 acquire_us=94 submit_us=47515 skipped=0
frust_shell_common::perf: frust-perf raw n=97 total_us=48539 rebuild_us=277 layout_us=3 paint_us=693 encode_us=262 acquire_us=180 submit_us=47122 skipped=0
frust_shell_common::perf: frust-perf raw n=98 total_us=48273 rebuild_us=200 layout_us=1 paint_us=513 encode_us=236 acquire_us=123 submit_us=47197 skipped=0
frust_shell_common::perf: frust-perf raw n=99 total_us=48280 rebuild_us=188 layout_us=1 paint_us=584 encode_us=220 acquire_us=106 submit_us=47177 skipped=0
frust_shell_common::perf: frust-perf raw n=100 total_us=47848 rebuild_us=216 layout_us=1 paint_us=544 encode_us=241 acquire_us=134 submit_us=46710 skipped=0
frust_shell_common::perf: frust-perf raw n=101 total_us=49357 rebuild_us=210 layout_us=1 paint_us=746 encode_us=232 acquire_us=136 submit_us=48029 skipped=0
frust_shell_common::perf: frust-perf raw n=102 total_us=47623 rebuild_us=151 layout_us=1 paint_us=379 encode_us=235 acquire_us=146 submit_us=46709 skipped=0
frust_shell_common::perf: frust-perf raw n=103 total_us=49095 rebuild_us=230 layout_us=1 paint_us=873 encode_us=251 acquire_us=140 submit_us=47597 skipped=0
frust_shell_common::perf: frust-perf raw n=104 total_us=48022 rebuild_us=208 layout_us=2 paint_us=521 encode_us=292 acquire_us=111 submit_us=46885 skipped=0
frust_shell_common::perf: frust-perf raw n=105 total_us=48952 rebuild_us=213 layout_us=3 paint_us=583 encode_us=218 acquire_us=110 submit_us=47822 skipped=0
frust_shell_common::perf: frust-perf raw n=106 total_us=48159 rebuild_us=249 layout_us=2 paint_us=587 encode_us=268 acquire_us=190 submit_us=46860 skipped=0
frust_shell_android::app::frame: frust-perf platform-view tail depth=0 target=0 acquire_bound=false frame=480 expected_present_us=0 acquire_us=133 period_us=11134
frust_shell_common::perf: frust-perf raw n=107 total_us=48869 rebuild_us=186 layout_us=1 paint_us=504 encode_us=229 acquire_us=118 submit_us=47829 skipped=0
frust_shell_common::perf: frust-perf raw n=108 total_us=48346 rebuild_us=216 layout_us=2 paint_us=542 encode_us=234 acquire_us=115 submit_us=47235 skipped=0
frust_shell_common::perf: frust-perf raw n=109 total_us=48241 rebuild_us=241 layout_us=2 paint_us=604 encode_us=239 acquire_us=148 submit_us=47006 skipped=0
frust_shell_common::perf: frust-perf raw n=110 total_us=47831 rebuild_us=222 layout_us=1 paint_us=539 encode_us=222 acquire_us=168 submit_us=46675 skipped=0
frust_shell_common::perf: frust-perf raw n=111 total_us=48119 rebuild_us=213 layout_us=1 paint_us=541 encode_us=244 acquire_us=104 submit_us=47013 skipped=0
frust_shell_common::perf: frust-perf raw n=112 total_us=48579 rebuild_us=199 layout_us=1 paint_us=679 encode_us=235 acquire_us=140 submit_us=47322 skipped=0
frust_shell_common::perf: frust-perf raw n=113 total_us=48850 rebuild_us=218 layout_us=1 paint_us=544 encode_us=241 acquire_us=158 submit_us=47684 skipped=0
frust_shell_common::perf: frust-perf raw n=114 total_us=48086 rebuild_us=213 layout_us=1 paint_us=759 encode_us=240 acquire_us=135 submit_us=46734 skipped=0
frust_shell_common::perf: frust-perf raw n=115 total_us=47891 rebuild_us=217 layout_us=1 paint_us=570 encode_us=225 acquire_us=113 submit_us=46762 skipped=0
frust_shell_common::perf: frust-perf raw n=116 total_us=48492 rebuild_us=197 layout_us=2 paint_us=503 encode_us=222 acquire_us=112 submit_us=47454 skipped=0
frust_shell_common::perf: frust-perf raw n=117 total_us=48351 rebuild_us=232 layout_us=1 paint_us=737 encode_us=236 acquire_us=126 submit_us=47016 skipped=0
frust_shell_common::perf: frust-perf raw n=118 total_us=48419 rebuild_us=226 layout_us=1 paint_us=509 encode_us=219 acquire_us=90 submit_us=47371 skipped=0
frust_shell_common::perf: frust-perf raw n=119 total_us=48022 rebuild_us=255 layout_us=1 paint_us=865 encode_us=233 acquire_us=127 submit_us=46538 skipped=0
frust_shell_common::perf: frust-perf raw n=120 total_us=48551 rebuild_us=102 layout_us=0 paint_us=190 encode_us=208 acquire_us=94 submit_us=47955 skipped=0
frust_shell_common::perf: frust-perf raw n=121 total_us=47886 rebuild_us=466 layout_us=3 paint_us=678 encode_us=311 acquire_us=149 submit_us=46277 skipped=0
frust_shell_common::perf: frust-perf raw n=122 total_us=48515 rebuild_us=211 layout_us=2 paint_us=545 encode_us=228 acquire_us=101 submit_us=47424 skipped=0
frust_shell_common::perf: frust-perf frame n=120 total_p50_ms=48 total_p95_ms=51 total_p99_ms=66 rebuild_p95_ms=0 layout_p95_ms=0 paint_p95_ms=0 encode_p95_ms=0 acquire_p95_ms=0 submit_p95_ms=51 over_60hz=122 over_120hz=122 skipped=0 total_frames=122
frust_shell_common::perf: frust-perf raw n=123 total_us=48233 rebuild_us=369 layout_us=1 paint_us=830 encode_us=244 acquire_us=150 submit_us=46635 skipped=0
frust_shell_common::perf: frust-perf raw n=124 total_us=48224 rebuild_us=356 layout_us=1 paint_us=525 encode_us=244 acquire_us=139 submit_us=46957 skipped=0
frust_shell_common::perf: frust-perf raw n=125 total_us=49687 rebuild_us=225 layout_us=1 paint_us=691 encode_us=239 acquire_us=128 submit_us=48399 skipped=0
frust_shell_common::perf: frust-perf raw n=126 total_us=47521 rebuild_us=108 layout_us=0 paint_us=193 encode_us=215 acquire_us=105 submit_us=46898 skipped=0
frust_shell_common::perf: frust-perf raw n=127 total_us=47936 rebuild_us=86 layout_us=0 paint_us=158 encode_us=224 acquire_us=118 submit_us=47347 skipped=0
frust_shell_common::perf: frust-perf raw n=128 total_us=47833 rebuild_us=223 layout_us=2 paint_us=572 encode_us=221 acquire_us=114 submit_us=46699 skipped=0
frust_shell_common::perf: frust-perf raw n=129 total_us=48427 rebuild_us=194 layout_us=2 paint_us=502 encode_us=214 acquire_us=112 submit_us=47402 skipped=0
frust_shell_common::perf: frust-perf raw n=130 total_us=48457 rebuild_us=216 layout_us=2 paint_us=758 encode_us=238 acquire_us=128 submit_us=47113 skipped=0
frust_shell_common::perf: frust-perf raw n=131 total_us=48721 rebuild_us=200 layout_us=2 paint_us=514 encode_us=224 acquire_us=110 submit_us=47669 skipped=0
frust_shell_common::perf: frust-perf raw n=132 total_us=48567 rebuild_us=252 layout_us=2 paint_us=829 encode_us=248 acquire_us=171 submit_us=47062 skipped=0
frust_shell_common::perf: frust-perf raw n=133 total_us=49022 rebuild_us=218 layout_us=1 paint_us=542 encode_us=250 acquire_us=139 submit_us=47869 skipped=0
frust_shell_common::perf: frust-perf raw n=134 total_us=48657 rebuild_us=311 layout_us=2 paint_us=1061 encode_us=230 acquire_us=117 submit_us=46935 skipped=0
frust_shell_android::app::frame: frust-perf platform-view tail depth=0 target=0 acquire_bound=false frame=600 expected_present_us=0 acquire_us=131 period_us=11126
frust_shell_common::perf: frust-perf raw n=135 total_us=48045 rebuild_us=253 layout_us=3 paint_us=649 encode_us=250 acquire_us=143 submit_us=46745 skipped=0
frust_shell_common::perf: frust-perf raw n=136 total_us=48338 rebuild_us=166 layout_us=0 paint_us=191 encode_us=219 acquire_us=96 submit_us=47662 skipped=0
frust_shell_common::perf: frust-perf raw n=137 total_us=47952 rebuild_us=301 layout_us=2 paint_us=530 encode_us=239 acquire_us=135 submit_us=46743 skipped=0
frust_shell_common::perf: frust-perf raw n=138 total_us=48665 rebuild_us=262 layout_us=3 paint_us=667 encode_us=371 acquire_us=83 submit_us=47276 skipped=0
frust_shell_common::perf: frust-perf raw n=139 total_us=47511 rebuild_us=83 layout_us=0 paint_us=151 encode_us=211 acquire_us=106 submit_us=46958 skipped=0
frust_shell_common::perf: frust-perf raw n=140 total_us=48250 rebuild_us=223 layout_us=1 paint_us=539 encode_us=223 acquire_us=112 submit_us=47149 skipped=0
frust_shell_common::perf: frust-perf raw n=141 total_us=47499 rebuild_us=246 layout_us=2 paint_us=688 encode_us=254 acquire_us=157 submit_us=46150 skipped=0
frust_shell_common::perf: frust-perf raw n=142 total_us=47974 rebuild_us=84 layout_us=0 paint_us=157 encode_us=185 acquire_us=86 submit_us=47460 skipped=0
frust_shell_common::perf: frust-perf raw n=143 total_us=47877 rebuild_us=83 layout_us=0 paint_us=158 encode_us=207 acquire_us=96 submit_us=47331 skipped=0
frust_shell_common::perf: frust-perf raw n=144 total_us=47897 rebuild_us=224 layout_us=1 paint_us=558 encode_us=245 acquire_us=141 submit_us=46725 skipped=0
frust_shell_common::perf: frust-perf raw n=145 total_us=47882 rebuild_us=212 layout_us=1 paint_us=526 encode_us=228 acquire_us=111 submit_us=46801 skipped=0
frust_shell_common::perf: frust-perf raw n=146 total_us=47959 rebuild_us=172 layout_us=1 paint_us=481 encode_us=210 acquire_us=94 submit_us=46999 skipped=0
frust_shell_common::perf: frust-perf raw n=147 total_us=48043 rebuild_us=158 layout_us=1 paint_us=380 encode_us=222 acquire_us=108 submit_us=47171 skipped=0
frust_shell_common::perf: frust-perf raw n=148 total_us=48195 rebuild_us=195 layout_us=2 paint_us=582 encode_us=231 acquire_us=105 submit_us=47078 skipped=0
frust_shell_common::perf: frust-perf raw n=149 total_us=47922 rebuild_us=217 layout_us=2 paint_us=538 encode_us=240 acquire_us=136 submit_us=46787 skipped=0
frust_shell_common::perf: frust-perf raw n=150 total_us=48799 rebuild_us=192 layout_us=2 paint_us=496 encode_us=218 acquire_us=120 submit_us=47768 skipped=0
frust_shell_common::perf: frust-perf raw n=151 total_us=48457 rebuild_us=231 layout_us=2 paint_us=570 encode_us=251 acquire_us=160 submit_us=47241 skipped=0
frust_shell_common::perf: frust-perf raw n=152 total_us=49127 rebuild_us=204 layout_us=1 paint_us=603 encode_us=222 acquire_us=118 submit_us=47977 skipped=0
frust_shell_common::perf: frust-perf raw n=153 total_us=49675 rebuild_us=397 layout_us=1 paint_us=888 encode_us=252 acquire_us=185 submit_us=47949 skipped=0
frust_shell_common::perf: frust-perf raw n=154 total_us=48623 rebuild_us=188 layout_us=1 paint_us=645 encode_us=222 acquire_us=123 submit_us=47441 skipped=0
frust_shell_common::perf: frust-perf raw n=155 total_us=48634 rebuild_us=222 layout_us=2 paint_us=590 encode_us=262 acquire_us=114 submit_us=47440 skipped=0
frust_shell_common::perf: frust-perf raw n=156 total_us=47892 rebuild_us=197 layout_us=1 paint_us=503 encode_us=221 acquire_us=98 submit_us=46870 skipped=0
frust_shell_common::perf: frust-perf raw n=157 total_us=48180 rebuild_us=194 layout_us=1 paint_us=504 encode_us=222 acquire_us=107 submit_us=47149 skipped=0
frust_shell_common::perf: frust-perf raw n=158 total_us=47892 rebuild_us=179 layout_us=0 paint_us=353 encode_us=213 acquire_us=95 submit_us=47050 skipped=0
frust_shell_common::perf: frust-perf raw n=159 total_us=47780 rebuild_us=78 layout_us=0 paint_us=152 encode_us=210 acquire_us=92 submit_us=47245 skipped=0
frust_shell_common::perf: frust-perf raw n=160 total_us=48205 rebuild_us=199 layout_us=2 paint_us=504 encode_us=207 acquire_us=95 submit_us=47195 skipped=0
frust_shell_common::perf: frust-perf raw n=161 total_us=48180 rebuild_us=196 layout_us=1 paint_us=597 encode_us=227 acquire_us=113 submit_us=47043 skipped=0
frust_shell_common::perf: frust-perf raw n=162 total_us=49301 rebuild_us=210 layout_us=2 paint_us=527 encode_us=230 acquire_us=115 submit_us=48215 skipped=0
frust_shell_android::app::frame: frust-perf platform-view tail depth=0 target=0 acquire_bound=false frame=720 expected_present_us=0 acquire_us=107 period_us=11129
frust_shell_common::perf: frust-perf raw n=163 total_us=47668 rebuild_us=202 layout_us=0 paint_us=361 encode_us=213 acquire_us=110 submit_us=46778 skipped=0
frust_shell_common::perf: frust-perf raw n=164 total_us=48064 rebuild_us=243 layout_us=2 paint_us=616 encode_us=251 acquire_us=159 submit_us=46791 skipped=0
frust_shell_common::perf: frust-perf frame n=120 total_p50_ms=48 total_p95_ms=49 total_p99_ms=49 rebuild_p95_ms=0 layout_p95_ms=0 paint_p95_ms=0 encode_p95_ms=0 acquire_p95_ms=0 submit_p95_ms=47 over_60hz=164 over_120hz=164 skipped=0 total_frames=164
frust_shell_common::perf: frust-perf raw n=165 total_us=47440 rebuild_us=82 layout_us=0 paint_us=153 encode_us=206 acquire_us=94 submit_us=46902 skipped=0
frust_shell_common::perf: frust-perf raw n=166 total_us=47744 rebuild_us=80 layout_us=0 paint_us=151 encode_us=212 acquire_us=112 submit_us=47186 skipped=0
frust_shell_common::perf: frust-perf raw n=167 total_us=48039 rebuild_us=218 layout_us=1 paint_us=787 encode_us=269 acquire_us=159 submit_us=46602 skipped=0
frust_shell_common::perf: frust-perf raw n=168 total_us=47974 rebuild_us=189 layout_us=1 paint_us=503 encode_us=220 acquire_us=107 submit_us=46950 skipped=0
frust_shell_common::perf: frust-perf raw n=169 total_us=48149 rebuild_us=216 layout_us=2 paint_us=532 encode_us=228 acquire_us=113 submit_us=47056 skipped=0
frust_shell_common::perf: frust-perf raw n=170 total_us=48927 rebuild_us=193 layout_us=1 paint_us=583 encode_us=271 acquire_us=122 submit_us=47754 skipped=0
frust_shell_common::perf: frust-perf raw n=171 total_us=48008 rebuild_us=190 layout_us=1 paint_us=503 encode_us=221 acquire_us=107 submit_us=46983 skipped=0
frust_shell_common::perf: frust-perf raw n=172 total_us=48062 rebuild_us=225 layout_us=1 paint_us=666 encode_us=259 acquire_us=166 submit_us=46742 skipped=0
frust_shell_common::perf: frust-perf raw n=173 total_us=48233 rebuild_us=248 layout_us=2 paint_us=635 encode_us=246 acquire_us=143 submit_us=46957 skipped=0
frust_shell_common::perf: frust-perf raw n=174 total_us=48694 rebuild_us=381 layout_us=1 paint_us=916 encode_us=246 acquire_us=139 submit_us=47007 skipped=0
frust_shell_common::perf: frust-perf raw n=175 total_us=48023 rebuild_us=198 layout_us=1 paint_us=519 encode_us=207 acquire_us=96 submit_us=47000 skipped=0
frust_shell_common::perf: frust-perf raw n=176 total_us=48348 rebuild_us=198 layout_us=1 paint_us=524 encode_us=226 acquire_us=113 submit_us=47283 skipped=0
frust_shell_common::perf: frust-perf raw n=177 total_us=48098 rebuild_us=188 layout_us=1 paint_us=578 encode_us=218 acquire_us=106 submit_us=47002 skipped=0
frust_shell_common::perf: frust-perf raw n=178 total_us=48272 rebuild_us=216 layout_us=2 paint_us=818 encode_us=245 acquire_us=143 submit_us=46845 skipped=0
frust_shell_common::perf: frust-perf raw n=179 total_us=48461 rebuild_us=200 layout_us=1 paint_us=515 encode_us=206 acquire_us=104 submit_us=47431 skipped=0
frust_shell_common::perf: frust-perf raw n=180 total_us=48145 rebuild_us=290 layout_us=1 paint_us=545 encode_us=244 acquire_us=138 submit_us=46923 skipped=0
frust_shell_common::perf: frust-perf raw n=181 total_us=48432 rebuild_us=187 layout_us=1 paint_us=500 encode_us=234 acquire_us=124 submit_us=47383 skipped=0
frust_shell_common::perf: frust-perf raw n=182 total_us=47850 rebuild_us=326 layout_us=1 paint_us=566 encode_us=252 acquire_us=145 submit_us=46558 skipped=0
frust_shell_common::perf: frust-perf raw n=183 total_us=49100 rebuild_us=509 layout_us=2 paint_us=988 encode_us=239 acquire_us=129 submit_us=47231 skipped=0
frust_shell_common::perf: frust-perf raw n=184 total_us=47410 rebuild_us=115 layout_us=0 paint_us=225 encode_us=227 acquire_us=98 submit_us=46742 skipped=0
frust_shell_common::perf: frust-perf raw n=185 total_us=48421 rebuild_us=105 layout_us=0 paint_us=187 encode_us=222 acquire_us=99 submit_us=47806 skipped=0
frust_shell_common::perf: frust-perf raw n=186 total_us=46555 rebuild_us=138 layout_us=0 paint_us=217 encode_us=213 acquire_us=104 submit_us=45881 skipped=0
frust_shell_common::perf: frust-perf raw n=187 total_us=47078 rebuild_us=138 layout_us=0 paint_us=188 encode_us=212 acquire_us=92 submit_us=46445 skipped=0
frust_shell_common::perf: frust-perf raw n=188 total_us=47842 rebuild_us=163 layout_us=0 paint_us=322 encode_us=221 acquire_us=90 submit_us=47043 skipped=0
frust_shell_common::perf: frust-perf raw n=189 total_us=46805 rebuild_us=116 layout_us=0 paint_us=188 encode_us=226 acquire_us=91 submit_us=46181 skipped=0
frust_shell_common::perf: frust-perf raw n=190 total_us=49061 rebuild_us=153 layout_us=0 paint_us=228 encode_us=222 acquire_us=110 submit_us=48346 skipped=0
frust_shell_common::perf: frust-perf raw n=191 total_us=48120 rebuild_us=240 layout_us=1 paint_us=586 encode_us=222 acquire_us=98 submit_us=46970 skipped=0
frust_shell_android::app::frame: frust-perf platform-view tail depth=0 target=0 acquire_bound=false frame=840 expected_present_us=0 acquire_us=97 period_us=11130
frust_shell_common::perf: frust-perf raw n=192 total_us=47756 rebuild_us=88 layout_us=0 paint_us=164 encode_us=215 acquire_us=91 submit_us=47196 skipped=0
frust_shell_common::perf: frust-perf raw n=193 total_us=47668 rebuild_us=86 layout_us=0 paint_us=168 encode_us=204 acquire_us=113 submit_us=47094 skipped=0
frust_shell_common::perf: frust-perf raw n=194 total_us=47571 rebuild_us=94 layout_us=0 paint_us=170 encode_us=213 acquire_us=95 submit_us=46997 skipped=0
frust_shell_common::perf: frust-perf raw n=195 total_us=48767 rebuild_us=303 layout_us=2 paint_us=536 encode_us=267 acquire_us=113 submit_us=47544 skipped=0
frust_shell_common::perf: frust-perf raw n=196 total_us=48718 rebuild_us=282 layout_us=2 paint_us=710 encode_us=271 acquire_us=177 submit_us=47274 skipped=0
frust_shell_common::perf: frust-perf raw n=197 total_us=48460 rebuild_us=215 layout_us=2 paint_us=633 encode_us=222 acquire_us=113 submit_us=47274 skipped=0
frust_shell_common::perf: frust-perf raw n=198 total_us=48168 rebuild_us=191 layout_us=2 paint_us=498 encode_us=229 acquire_us=121 submit_us=47125 skipped=0
frust_shell_common::perf: frust-perf raw n=199 total_us=48196 rebuild_us=218 layout_us=1 paint_us=731 encode_us=221 acquire_us=109 submit_us=46913 skipped=0
frust_shell_common::perf: frust-perf raw n=200 total_us=48368 rebuild_us=204 layout_us=1 paint_us=522 encode_us=228 acquire_us=131 submit_us=47279 skipped=0
frust_shell_common::perf: frust-perf raw n=201 total_us=48139 rebuild_us=190 layout_us=1 paint_us=636 encode_us=220 acquire_us=121 submit_us=46969 skipped=0
frust_shell_common::perf: frust-perf raw n=202 total_us=48475 rebuild_us=222 layout_us=2 paint_us=737 encode_us=225 acquire_us=104 submit_us=47183 skipped=0
frust_shell_common::perf: frust-perf raw n=203 total_us=48054 rebuild_us=192 layout_us=1 paint_us=498 encode_us=218 acquire_us=106 submit_us=47036 skipped=0
frust_shell_common::perf: frust-perf raw n=204 total_us=48640 rebuild_us=239 layout_us=1 paint_us=597 encode_us=265 acquire_us=127 submit_us=47409 skipped=0
frust_shell_common::perf: frust-perf raw n=205 total_us=48454 rebuild_us=201 layout_us=2 paint_us=515 encode_us=274 acquire_us=121 submit_us=47339 skipped=0
frust_shell_common::perf: frust-perf raw n=206 total_us=47879 rebuild_us=220 layout_us=1 paint_us=581 encode_us=211 acquire_us=99 submit_us=46764 skipped=0
frust_shell_common::perf: frust-perf frame n=120 total_p50_ms=48 total_p95_ms=49 total_p99_ms=49 rebuild_p95_ms=0 layout_p95_ms=0 paint_p95_ms=0 encode_p95_ms=0 acquire_p95_ms=0 submit_p95_ms=47 over_60hz=206 over_120hz=206 skipped=0 total_frames=206
frust_shell_common::perf: frust-perf raw n=207 total_us=47693 rebuild_us=217 layout_us=1 paint_us=540 encode_us=222 acquire_us=121 submit_us=46590 skipped=0
frust_shell_common::perf: frust-perf raw n=208 total_us=48156 rebuild_us=85 layout_us=0 paint_us=163 encode_us=182 acquire_us=83 submit_us=47640 skipped=0
frust_shell_common::perf: frust-perf raw n=209 total_us=48145 rebuild_us=202 layout_us=1 paint_us=506 encode_us=219 acquire_us=94 submit_us=47121 skipped=0
frust_shell_common::perf: frust-perf raw n=210 total_us=48187 rebuild_us=194 layout_us=2 paint_us=499 encode_us=221 acquire_us=107 submit_us=47161 skipped=0
frust_shell_common::perf: frust-perf raw n=211 total_us=48141 rebuild_us=248 layout_us=2 paint_us=581 encode_us=232 acquire_us=122 submit_us=46954 skipped=0
frust_shell_common::perf: frust-perf raw n=212 total_us=48595 rebuild_us=190 layout_us=1 paint_us=635 encode_us=223 acquire_us=105 submit_us=47438 skipped=0
frust_shell_common::perf: frust-perf raw n=213 total_us=48260 rebuild_us=227 layout_us=1 paint_us=547 encode_us=229 acquire_us=116 submit_us=47137 skipped=0
frust_shell_common::perf: frust-perf raw n=214 total_us=47687 rebuild_us=214 layout_us=2 paint_us=551 encode_us=243 acquire_us=133 submit_us=46541 skipped=0
frust_shell_common::perf: frust-perf raw n=215 total_us=47955 rebuild_us=109 layout_us=0 paint_us=198 encode_us=222 acquire_us=167 submit_us=47257 skipped=0
frust_shell_common::perf: frust-perf raw n=216 total_us=47601 rebuild_us=83 layout_us=0 paint_us=153 encode_us=206 acquire_us=105 submit_us=47051 skipped=0
frust_shell_common::perf: frust-perf raw n=217 total_us=48566 rebuild_us=261 layout_us=2 paint_us=709 encode_us=208 acquire_us=99 submit_us=47285 skipped=0
frust_shell_common::perf: frust-perf raw n=218 total_us=47720 rebuild_us=242 layout_us=2 paint_us=609 encode_us=221 acquire_us=112 submit_us=46531 skipped=0
frust_shell_common::perf: frust-perf raw n=219 total_us=48324 rebuild_us=205 layout_us=2 paint_us=694 encode_us=224 acquire_us=121 submit_us=47076 skipped=0
frust_shell_android::app::frame: frust-perf platform-view tail depth=0 target=0 acquire_bound=false frame=960 expected_present_us=0 acquire_us=122 period_us=11126
frust_shell_common::perf: frust-perf raw n=220 total_us=48127 rebuild_us=219 layout_us=2 paint_us=542 encode_us=236 acquire_us=143 submit_us=46983 skipped=0
frust_shell_common::perf: frust-perf raw n=221 total_us=48568 rebuild_us=227 layout_us=2 paint_us=547 encode_us=288 acquire_us=155 submit_us=47347 skipped=0
frust_shell_common::perf: frust-perf raw n=222 total_us=48361 rebuild_us=218 layout_us=1 paint_us=539 encode_us=239 acquire_us=135 submit_us=47226 skipped=0
frust_shell_common::perf: frust-perf raw n=223 total_us=48429 rebuild_us=244 layout_us=2 paint_us=705 encode_us=248 acquire_us=145 submit_us=47082 skipped=0
frust_shell_common::perf: frust-perf raw n=224 total_us=48034 rebuild_us=203 layout_us=1 paint_us=516 encode_us=225 acquire_us=115 submit_us=46971 skipped=0
frust_shell_common::perf: frust-perf raw n=225 total_us=48385 rebuild_us=192 layout_us=2 paint_us=499 encode_us=224 acquire_us=112 submit_us=47355 skipped=0
frust_shell_common::perf: frust-perf raw n=226 total_us=47850 rebuild_us=236 layout_us=1 paint_us=694 encode_us=280 acquire_us=174 submit_us=46462 skipped=0
frust_shell_common::perf: frust-perf raw n=227 total_us=47995 rebuild_us=234 layout_us=1 paint_us=612 encode_us=244 acquire_us=135 submit_us=46765 skipped=0
frust_shell_common::perf: frust-perf raw n=228 total_us=49181 rebuild_us=115 layout_us=0 paint_us=212 encode_us=208 acquire_us=97 submit_us=48547 skipped=0
frust_shell_common::perf: frust-perf raw n=229 total_us=47600 rebuild_us=85 layout_us=0 paint_us=157 encode_us=211 acquire_us=96 submit_us=47048 skipped=0
frust_shell_common::perf: frust-perf raw n=230 total_us=47496 rebuild_us=100 layout_us=0 paint_us=188 encode_us=209 acquire_us=95 submit_us=46902 skipped=0
frust_shell_common::perf: frust-perf raw n=231 total_us=48831 rebuild_us=195 layout_us=2 paint_us=497 encode_us=222 acquire_us=109 submit_us=47805 skipped=0
frust_shell_common::perf: frust-perf raw n=232 total_us=47670 rebuild_us=254 layout_us=2 paint_us=626 encode_us=261 acquire_us=159 submit_us=46365 skipped=0
frust_shell_common::perf: frust-perf raw n=233 total_us=48342 rebuild_us=216 layout_us=1 paint_us=540 encode_us=245 acquire_us=145 submit_us=47193 skipped=0
frust_shell_common::perf: frust-perf raw n=234 total_us=47976 rebuild_us=210 layout_us=1 paint_us=523 encode_us=239 acquire_us=132 submit_us=46867 skipped=0
frust_shell_common::perf: frust-perf raw n=235 total_us=47691 rebuild_us=198 layout_us=2 paint_us=506 encode_us=301 acquire_us=146 submit_us=46536 skipped=0
frust_shell_common::perf: frust-perf raw n=236 total_us=48847 rebuild_us=205 layout_us=2 paint_us=515 encode_us=232 acquire_us=115 submit_us=47776 skipped=0
frust_shell_common::perf: frust-perf raw n=237 total_us=47837 rebuild_us=266 layout_us=2 paint_us=764 encode_us=254 acquire_us=121 submit_us=46428 skipped=0
frust_shell_common::perf: frust-perf raw n=238 total_us=47627 rebuild_us=81 layout_us=0 paint_us=152 encode_us=207 acquire_us=120 submit_us=47064 skipped=0
frust_shell_common::perf: frust-perf raw n=239 total_us=48067 rebuild_us=206 layout_us=1 paint_us=657 encode_us=224 acquire_us=120 submit_us=46857 skipped=0
frust_shell_common::perf: frust-perf raw n=240 total_us=48080 rebuild_us=191 layout_us=1 paint_us=498 encode_us=221 acquire_us=104 submit_us=47062 skipped=0
frust_shell_common::perf: frust-perf raw n=241 total_us=48465 rebuild_us=100 layout_us=0 paint_us=324 encode_us=219 acquire_us=105 submit_us=47715 skipped=0
frust_shell_common::perf: frust-perf raw n=242 total_us=47683 rebuild_us=178 layout_us=1 paint_us=474 encode_us=223 acquire_us=110 submit_us=46694 skipped=0
frust_shell_common::perf: frust-perf raw n=243 total_us=47923 rebuild_us=203 layout_us=1 paint_us=497 encode_us=218 acquire_us=105 submit_us=46897 skipped=0
frust_shell_common::perf: frust-perf raw n=244 total_us=48475 rebuild_us=208 layout_us=2 paint_us=661 encode_us=208 acquire_us=91 submit_us=47302 skipped=0
frust_shell_common::perf: frust-perf raw n=245 total_us=47906 rebuild_us=222 layout_us=1 paint_us=670 encode_us=258 acquire_us=154 submit_us=46597 skipped=0
frust_shell_common::perf: frust-perf raw n=246 total_us=48067 rebuild_us=322 layout_us=2 paint_us=540 encode_us=221 acquire_us=106 submit_us=46874 skipped=0
frust_shell_common::perf: frust-perf raw n=247 total_us=48145 rebuild_us=186 layout_us=1 paint_us=503 encode_us=223 acquire_us=108 submit_us=47121 skipped=0
frust_shell_android::app::frame: frust-perf platform-view tail depth=0 target=0 acquire_bound=false frame=1080 expected_present_us=0 acquire_us=117 period_us=11125
frust_shell_common::perf: frust-perf raw n=248 total_us=48414 rebuild_us=228 layout_us=2 paint_us=547 encode_us=312 acquire_us=130 submit_us=47194 skipped=0
frust_shell_common::perf: frust-perf frame n=120 total_p50_ms=48 total_p95_ms=49 total_p99_ms=49 rebuild_p95_ms=0 layout_p95_ms=0 paint_p95_ms=0 encode_p95_ms=0 acquire_p95_ms=0 submit_p95_ms=47 over_60hz=248 over_120hz=248 skipped=0 total_frames=248
frust_shell_common::perf: frust-perf raw n=249 total_us=48464 rebuild_us=205 layout_us=1 paint_us=524 encode_us=217 acquire_us=110 submit_us=47404 skipped=0
frust_shell_common::perf: frust-perf raw n=250 total_us=48721 rebuild_us=503 layout_us=3 paint_us=631 encode_us=244 acquire_us=133 submit_us=47205 skipped=0
frust_shell_common::perf: frust-perf raw n=251 total_us=48895 rebuild_us=214 layout_us=1 paint_us=545 encode_us=303 acquire_us=139 submit_us=47690 skipped=0
frust_shell_common::perf: frust-perf raw n=252 total_us=48159 rebuild_us=221 layout_us=2 paint_us=706 encode_us=229 acquire_us=120 submit_us=46879 skipped=0
frust_shell_common::perf: frust-perf raw n=253 total_us=48068 rebuild_us=307 layout_us=2 paint_us=622 encode_us=232 acquire_us=115 submit_us=46788 skipped=0
frust_shell_common::perf: frust-perf raw n=254 total_us=47864 rebuild_us=192 layout_us=1 paint_us=508 encode_us=222 acquire_us=111 submit_us=46827 skipped=0
frust_shell_common::perf: frust-perf raw n=255 total_us=48336 rebuild_us=215 layout_us=1 paint_us=750 encode_us=249 acquire_us=91 submit_us=47028 skipped=0
frust_shell_common::perf: frust-perf raw n=256 total_us=48234 rebuild_us=196 layout_us=2 paint_us=501 encode_us=222 acquire_us=110 submit_us=47202 skipped=0
frust_shell_common::perf: frust-perf raw n=257 total_us=48178 rebuild_us=210 layout_us=2 paint_us=722 encode_us=236 acquire_us=128 submit_us=46877 skipped=0
frust_shell_common::perf: frust-perf raw n=258 total_us=48174 rebuild_us=212 layout_us=1 paint_us=573 encode_us=238 acquire_us=135 submit_us=47013 skipped=0
frust_shell_common::perf: frust-perf raw n=259 total_us=47790 rebuild_us=203 layout_us=1 paint_us=520 encode_us=289 acquire_us=107 submit_us=46666 skipped=0
frust_shell_common::perf: frust-perf raw n=260 total_us=48282 rebuild_us=189 layout_us=1 paint_us=502 encode_us=219 acquire_us=107 submit_us=47260 skipped=0
frust_shell_common::perf: frust-perf raw n=261 total_us=48579 rebuild_us=211 layout_us=1 paint_us=521 encode_us=226 acquire_us=115 submit_us=47501 skipped=0
frust_shell_common::perf: frust-perf raw n=262 total_us=47367 rebuild_us=108 layout_us=0 paint_us=252 encode_us=219 acquire_us=105 submit_us=46680 skipped=0
frust_shell_common::perf: frust-perf raw n=263 total_us=47676 rebuild_us=93 layout_us=0 paint_us=169 encode_us=238 acquire_us=102 submit_us=47071 skipped=0
frust_shell_common::perf: frust-perf raw n=264 total_us=47590 rebuild_us=83 layout_us=0 paint_us=156 encode_us=207 acquire_us=93 submit_us=47048 skipped=0
frust_shell_common::perf: frust-perf raw n=265 total_us=47765 rebuild_us=214 layout_us=1 paint_us=538 encode_us=251 acquire_us=143 submit_us=46616 skipped=0
frust_shell_common::perf: frust-perf raw n=266 total_us=48361 rebuild_us=195 layout_us=1 paint_us=581 encode_us=223 acquire_us=108 submit_us=47251 skipped=0
frust_shell_common::perf: frust-perf raw n=267 total_us=48405 rebuild_us=189 layout_us=1 paint_us=499 encode_us=244 acquire_us=140 submit_us=47330 skipped=0
frust_shell_common::perf: frust-perf raw n=268 total_us=47692 rebuild_us=341 layout_us=1 paint_us=597 encode_us=261 acquire_us=158 submit_us=46330 skipped=0
frust_shell_common::perf: frust-perf raw n=269 total_us=48047 rebuild_us=194 layout_us=1 paint_us=500 encode_us=221 acquire_us=106 submit_us=47024 skipped=0
frust_shell_common::perf: frust-perf raw n=270 total_us=47814 rebuild_us=215 layout_us=1 paint_us=533 encode_us=238 acquire_us=130 submit_us=46694 skipped=0
frust_shell_common::perf: frust-perf raw n=271 total_us=48356 rebuild_us=303 layout_us=1 paint_us=511 encode_us=230 acquire_us=119 submit_us=47190 skipped=0
frust_shell_common::perf: frust-perf raw n=272 total_us=47870 rebuild_us=206 layout_us=1 paint_us=527 encode_us=342 acquire_us=121 submit_us=46671 skipped=0
frust_shell_common::perf: frust-perf raw n=273 total_us=47994 rebuild_us=220 layout_us=2 paint_us=570 encode_us=251 acquire_us=157 submit_us=46791 skipped=0
frust_shell_common::perf: frust-perf raw n=274 total_us=47946 rebuild_us=216 layout_us=1 paint_us=538 encode_us=232 acquire_us=140 submit_us=46816 skipped=0
frust_shell_common::perf: frust-perf raw n=275 total_us=48604 rebuild_us=255 layout_us=2 paint_us=578 encode_us=231 acquire_us=122 submit_us=47414 skipped=0
frust_shell_android::app::frame: frust-perf platform-view tail depth=0 target=0 acquire_bound=false frame=1200 expected_present_us=0 acquire_us=154 period_us=11128
frust_shell_common::perf: frust-perf raw n=276 total_us=48105 rebuild_us=250 layout_us=2 paint_us=614 encode_us=245 acquire_us=230 submit_us=46762 skipped=0
frust_shell_common::perf: frust-perf raw n=277 total_us=48468 rebuild_us=215 layout_us=1 paint_us=829 encode_us=255 acquire_us=143 submit_us=47021 skipped=0
frust_shell_common::perf: frust-perf raw n=278 total_us=47289 rebuild_us=95 layout_us=0 paint_us=169 encode_us=211 acquire_us=93 submit_us=46718 skipped=0
frust_shell_common::perf: frust-perf raw n=279 total_us=48528 rebuild_us=184 layout_us=1 paint_us=492 encode_us=281 acquire_us=171 submit_us=47397 skipped=0
frust_shell_common::perf: frust-perf raw n=280 total_us=48255 rebuild_us=190 layout_us=1 paint_us=505 encode_us=219 acquire_us=107 submit_us=47231 skipped=0
frust_shell_common::perf: frust-perf raw n=281 total_us=47492 rebuild_us=198 layout_us=2 paint_us=521 encode_us=251 acquire_us=111 submit_us=46407 skipped=0
frust_shell_common::perf: frust-perf raw n=282 total_us=47785 rebuild_us=138 layout_us=0 paint_us=190 encode_us=222 acquire_us=102 submit_us=47131 skipped=0
frust_shell_common::perf: frust-perf raw n=283 total_us=47288 rebuild_us=130 layout_us=1 paint_us=190 encode_us=211 acquire_us=92 submit_us=46662 skipped=0
frust_shell_common::perf: frust-perf raw n=284 total_us=48272 rebuild_us=145 layout_us=0 paint_us=220 encode_us=216 acquire_us=91 submit_us=47598 skipped=0
frust_shell_common::perf: frust-perf raw n=285 total_us=48067 rebuild_us=205 layout_us=2 paint_us=512 encode_us=264 acquire_us=107 submit_us=46975 skipped=0
frust_shell_common::perf: frust-perf raw n=286 total_us=48206 rebuild_us=241 layout_us=2 paint_us=630 encode_us=253 acquire_us=142 submit_us=46935 skipped=0
frust_shell_common::perf: frust-perf raw n=287 total_us=48300 rebuild_us=207 layout_us=1 paint_us=780 encode_us=223 acquire_us=120 submit_us=46967 skipped=0
frust_shell_common::perf: frust-perf raw n=288 total_us=48332 rebuild_us=212 layout_us=1 paint_us=530 encode_us=236 acquire_us=142 submit_us=47208 skipped=0
frust_shell_common::perf: frust-perf raw n=289 total_us=48142 rebuild_us=224 layout_us=1 paint_us=535 encode_us=261 acquire_us=126 submit_us=46993 skipped=0
frust_shell_common::perf: frust-perf raw n=290 total_us=48526 rebuild_us=205 layout_us=1 paint_us=521 encode_us=257 acquire_us=160 submit_us=47378 skipped=0
frust_shell_common::perf: frust-perf frame n=120 total_p50_ms=48 total_p95_ms=48 total_p99_ms=49 rebuild_p95_ms=0 layout_p95_ms=0 paint_p95_ms=0 encode_p95_ms=0 acquire_p95_ms=0 submit_p95_ms=47 over_60hz=290 over_120hz=290 skipped=0 total_frames=290
frust_shell_common::perf: frust-perf raw n=291 total_us=47973 rebuild_us=218 layout_us=2 paint_us=541 encode_us=228 acquire_us=136 submit_us=46846 skipped=0
frust_shell_common::perf: frust-perf raw n=292 total_us=47826 rebuild_us=111 layout_us=0 paint_us=199 encode_us=252 acquire_us=155 submit_us=47107 skipped=0
frust_shell_common::perf: frust-perf raw n=293 total_us=48067 rebuild_us=83 layout_us=0 paint_us=194 encode_us=213 acquire_us=102 submit_us=47474 skipped=0
frust_shell_common::perf: frust-perf raw n=294 total_us=48135 rebuild_us=84 layout_us=0 paint_us=155 encode_us=209 acquire_us=100 submit_us=47584 skipped=0
frust_shell_common::perf: frust-perf raw n=295 total_us=48321 rebuild_us=238 layout_us=2 paint_us=656 encode_us=235 acquire_us=127 submit_us=47061 skipped=0
frust_shell_common::perf: frust-perf raw n=296 total_us=48300 rebuild_us=221 layout_us=1 paint_us=532 encode_us=237 acquire_us=120 submit_us=47186 skipped=0
frust_shell_common::perf: frust-perf raw n=297 total_us=48008 rebuild_us=213 layout_us=1 paint_us=666 encode_us=246 acquire_us=133 submit_us=46747 skipped=0
frust_shell_common::perf: frust-perf raw n=298 total_us=48803 rebuild_us=199 layout_us=1 paint_us=515 encode_us=221 acquire_us=110 submit_us=47755 skipped=0
frust_shell_common::perf: frust-perf raw n=299 total_us=47976 rebuild_us=224 layout_us=1 paint_us=551 encode_us=259 acquire_us=152 submit_us=46787 skipped=0
frust_shell_common::perf: frust-perf raw n=300 total_us=47401 rebuild_us=95 layout_us=0 paint_us=170 encode_us=234 acquire_us=132 submit_us=46768 skipped=0
frust_shell_common::perf: frust-perf raw n=301 total_us=48935 rebuild_us=199 layout_us=1 paint_us=766 encode_us=225 acquire_us=113 submit_us=47628 skipped=0
frust_shell_common::perf: frust-perf raw n=302 total_us=48546 rebuild_us=283 layout_us=2 paint_us=647 encode_us=249 acquire_us=148 submit_us=47215 skipped=0
frust_shell_common::perf: frust-perf raw n=303 total_us=48056 rebuild_us=216 layout_us=2 paint_us=534 encode_us=243 acquire_us=156 submit_us=46902 skipped=0
frust_shell_android::app::frame: frust-perf platform-view tail depth=0 target=0 acquire_bound=false frame=1320 expected_present_us=0 acquire_us=144 period_us=11126
frust_shell_common::perf: frust-perf raw n=304 total_us=48046 rebuild_us=219 layout_us=2 paint_us=684 encode_us=272 acquire_us=170 submit_us=46698 skipped=0
frust_shell_common::perf: frust-perf raw n=305 total_us=47964 rebuild_us=194 layout_us=2 paint_us=500 encode_us=223 acquire_us=113 submit_us=46929 skipped=0
frust_shell_common::perf: frust-perf raw n=306 total_us=48179 rebuild_us=216 layout_us=1 paint_us=645 encode_us=252 acquire_us=135 submit_us=46926 skipped=0
frust_shell_common::perf: frust-perf raw n=307 total_us=48307 rebuild_us=224 layout_us=2 paint_us=513 encode_us=245 acquire_us=105 submit_us=47215 skipped=0
frust_shell_common::perf: frust-perf raw n=308 total_us=47835 rebuild_us=216 layout_us=2 paint_us=645 encode_us=257 acquire_us=142 submit_us=46571 skipped=0
frust_shell_common::perf: frust-perf raw n=309 total_us=48602 rebuild_us=196 layout_us=2 paint_us=500 encode_us=220 acquire_us=108 submit_us=47574 skipped=0
frust_shell_common::perf: frust-perf raw n=310 total_us=47982 rebuild_us=227 layout_us=1 paint_us=563 encode_us=241 acquire_us=130 submit_us=46818 skipped=0
frust_shell_common::perf: frust-perf raw n=311 total_us=48402 rebuild_us=282 layout_us=2 paint_us=526 encode_us=222 acquire_us=108 submit_us=47260 skipped=0
frust_shell_common::perf: frust-perf raw n=312 total_us=48209 rebuild_us=223 layout_us=1 paint_us=572 encode_us=246 acquire_us=128 submit_us=47036 skipped=0
frust_shell_common::perf: frust-perf raw n=313 total_us=48118 rebuild_us=224 layout_us=1 paint_us=547 encode_us=242 acquire_us=133 submit_us=46968 skipped=0
frust_shell_common::perf: frust-perf raw n=314 total_us=47711 rebuild_us=217 layout_us=1 paint_us=536 encode_us=243 acquire_us=137 submit_us=46574 skipped=0
frust_shell_common::perf: frust-perf raw n=315 total_us=47700 rebuild_us=81 layout_us=0 paint_us=151 encode_us=249 acquire_us=100 submit_us=47116 skipped=0
frust_shell_common::perf: frust-perf raw n=316 total_us=47519 rebuild_us=84 layout_us=0 paint_us=155 encode_us=210 acquire_us=107 submit_us=46960 skipped=0
frust_shell_common::perf: frust-perf raw n=317 total_us=48439 rebuild_us=222 layout_us=2 paint_us=582 encode_us=229 acquire_us=116 submit_us=47285 skipped=0
frust_shell_common::perf: frust-perf raw n=318 total_us=47872 rebuild_us=227 layout_us=1 paint_us=544 encode_us=243 acquire_us=162 submit_us=46692 skipped=0
frust_shell_common::perf: frust-perf raw n=319 total_us=47954 rebuild_us=204 layout_us=1 paint_us=510 encode_us=240 acquire_us=178 submit_us=46819 skipped=0
frust_shell_common::perf: frust-perf raw n=320 total_us=47564 rebuild_us=199 layout_us=2 paint_us=512 encode_us=222 acquire_us=108 submit_us=46519 skipped=0
frust_shell_common::perf: frust-perf raw n=321 total_us=48737 rebuild_us=172 layout_us=1 paint_us=472 encode_us=222 acquire_us=109 submit_us=47758 skipped=0
frust_shell_common::perf: frust-perf raw n=322 total_us=47747 rebuild_us=245 layout_us=2 paint_us=570 encode_us=260 acquire_us=156 submit_us=46511 skipped=0
frust_shell_common::perf: frust-perf raw n=323 total_us=48002 rebuild_us=195 layout_us=1 paint_us=498 encode_us=254 acquire_us=121 submit_us=46931 skipped=0
frust_shell_common::perf: frust-perf raw n=324 total_us=47966 rebuild_us=274 layout_us=2 paint_us=537 encode_us=261 acquire_us=112 submit_us=46778 skipped=0
frust_shell_common::perf: frust-perf raw n=325 total_us=48687 rebuild_us=276 layout_us=2 paint_us=693 encode_us=230 acquire_us=90 submit_us=47394 skipped=0
frust_shell_common::perf: frust-perf raw n=326 total_us=48422 rebuild_us=191 layout_us=1 paint_us=497 encode_us=224 acquire_us=113 submit_us=47391 skipped=0
frust_shell_common::perf: frust-perf raw n=327 total_us=48034 rebuild_us=235 layout_us=1 paint_us=514 encode_us=222 acquire_us=106 submit_us=46954 skipped=0
frust_shell_common::perf: frust-perf raw n=328 total_us=48655 rebuild_us=204 layout_us=1 paint_us=514 encode_us=246 acquire_us=104 submit_us=47584 skipped=0
frust_shell_common::perf: frust-perf raw n=329 total_us=47660 rebuild_us=206 layout_us=1 paint_us=522 encode_us=228 acquire_us=127 submit_us=46573 skipped=0
frust_shell_common::perf: frust-perf raw n=330 total_us=49362 rebuild_us=364 layout_us=2 paint_us=903 encode_us=239 acquire_us=130 submit_us=47722 skipped=0
frust_shell_common::perf: frust-perf raw n=331 total_us=48275 rebuild_us=265 layout_us=1 paint_us=636 encode_us=251 acquire_us=152 submit_us=46968 skipped=0
frust_shell_android::app::frame: frust-perf platform-view tail depth=0 target=0 acquire_bound=false frame=1440 expected_present_us=0 acquire_us=130 period_us=11127
frust_shell_common::perf: frust-perf raw n=332 total_us=48280 rebuild_us=252 layout_us=1 paint_us=590 encode_us=258 acquire_us=143 submit_us=47033 skipped=0
frust_shell_common::perf: frust-perf frame n=120 total_p50_ms=48 total_p95_ms=48 total_p99_ms=49 rebuild_p95_ms=0 layout_p95_ms=0 paint_p95_ms=0 encode_p95_ms=0 acquire_p95_ms=0 submit_p95_ms=47 over_60hz=332 over_120hz=332 skipped=0 total_frames=332
frust_shell_common::perf: frust-perf raw n=333 total_us=47188 rebuild_us=97 layout_us=1 paint_us=173 encode_us=209 acquire_us=96 submit_us=46610 skipped=0
frust_shell_common::perf: frust-perf raw n=334 total_us=47817 rebuild_us=84 layout_us=0 paint_us=155 encode_us=182 acquire_us=91 submit_us=47303 skipped=0
frust_shell_common::perf: frust-perf raw n=335 total_us=48068 rebuild_us=206 layout_us=1 paint_us=649 encode_us=227 acquire_us=114 submit_us=46867 skipped=0
frust_shell_common::perf: frust-perf raw n=336 total_us=48607 rebuild_us=191 layout_us=2 paint_us=499 encode_us=221 acquire_us=109 submit_us=47583 skipped=0
frust_shell_common::perf: frust-perf raw n=337 total_us=48197 rebuild_us=218 layout_us=2 paint_us=537 encode_us=242 acquire_us=134 submit_us=47062 skipped=0
frust_shell_common::perf: frust-perf raw n=338 total_us=48132 rebuild_us=199 layout_us=1 paint_us=511 encode_us=228 acquire_us=120 submit_us=47070 skipped=0
frust_shell_common::perf: frust-perf raw n=339 total_us=48626 rebuild_us=225 layout_us=2 paint_us=544 encode_us=226 acquire_us=112 submit_us=47515 skipped=0
frust_shell_common::perf: frust-perf raw n=340 total_us=48455 rebuild_us=198 layout_us=2 paint_us=503 encode_us=256 acquire_us=154 submit_us=47339 skipped=0
frust_shell_common::perf: frust-perf raw n=341 total_us=47832 rebuild_us=246 layout_us=2 paint_us=611 encode_us=253 acquire_us=231 submit_us=46487 skipped=0
frust_shell_common::perf: frust-perf raw n=342 total_us=48008 rebuild_us=83 layout_us=0 paint_us=157 encode_us=212 acquire_us=114 submit_us=47439 skipped=0
frust_shell_common::perf: frust-perf raw n=343 total_us=48427 rebuild_us=208 layout_us=1 paint_us=558 encode_us=206 acquire_us=91 submit_us=47359 skipped=0
frust_shell_common::perf: frust-perf raw n=344 total_us=47817 rebuild_us=230 layout_us=1 paint_us=743 encode_us=251 acquire_us=165 submit_us=46424 skipped=0
frust_shell_common::perf: frust-perf raw n=345 total_us=48696 rebuild_us=248 layout_us=1 paint_us=596 encode_us=268 acquire_us=140 submit_us=47439 skipped=0
frust_shell_common::perf: frust-perf raw n=346 total_us=48243 rebuild_us=192 layout_us=1 paint_us=497 encode_us=221 acquire_us=121 submit_us=47208 skipped=0
frust_shell_common::perf: frust-perf raw n=347 total_us=48448 rebuild_us=227 layout_us=2 paint_us=598 encode_us=222 acquire_us=106 submit_us=47290 skipped=0
frust_shell_common::perf: frust-perf raw n=348 total_us=48538 rebuild_us=206 layout_us=2 paint_us=515 encode_us=225 acquire_us=108 submit_us=47480 skipped=0
frust_shell_common::perf: frust-perf raw n=349 total_us=48185 rebuild_us=202 layout_us=2 paint_us=520 encode_us=231 acquire_us=125 submit_us=47104 skipped=0
frust_shell_common::perf: frust-perf raw n=350 total_us=47657 rebuild_us=246 layout_us=2 paint_us=606 encode_us=239 acquire_us=129 submit_us=46433 skipped=0
frust_shell_common::perf: frust-perf raw n=351 total_us=48411 rebuild_us=199 layout_us=2 paint_us=510 encode_us=224 acquire_us=108 submit_us=47366 skipped=0
frust_shell_common::perf: frust-perf raw n=352 total_us=47750 rebuild_us=217 layout_us=1 paint_us=538 encode_us=225 acquire_us=129 submit_us=46637 skipped=0
frust_shell_common::perf: frust-perf raw n=353 total_us=48062 rebuild_us=214 layout_us=1 paint_us=535 encode_us=266 acquire_us=107 submit_us=46936 skipped=0
frust_shell_common::perf: frust-perf raw n=354 total_us=48236 rebuild_us=274 layout_us=1 paint_us=622 encode_us=215 acquire_us=93 submit_us=47028 skipped=0
frust_shell_common::perf: frust-perf raw n=355 total_us=47726 rebuild_us=193 layout_us=2 paint_us=504 encode_us=237 acquire_us=125 submit_us=46663 skipped=0
frust_shell_common::perf: frust-perf raw n=356 total_us=48130 rebuild_us=192 layout_us=1 paint_us=504 encode_us=231 acquire_us=122 submit_us=47077 skipped=0
frust_shell_common::perf: frust-perf raw n=357 total_us=47838 rebuild_us=202 layout_us=1 paint_us=603 encode_us=227 acquire_us=134 submit_us=46668 skipped=0
frust_shell_common::perf: frust-perf raw n=358 total_us=48659 rebuild_us=204 layout_us=1 paint_us=516 encode_us=297 acquire_us=136 submit_us=47501 skipped=0
frust_shell_common::perf: frust-perf raw n=359 total_us=48464 rebuild_us=225 layout_us=2 paint_us=550 encode_us=242 acquire_us=146 submit_us=47296 skipped=0
frust_shell_android::app::frame: frust-perf platform-view tail depth=0 target=0 acquire_bound=false frame=1560 expected_present_us=0 acquire_us=126 period_us=11130
frust_shell_common::perf: frust-perf raw n=360 total_us=47776 rebuild_us=204 layout_us=1 paint_us=538 encode_us=236 acquire_us=119 submit_us=46675 skipped=0
frust_shell_common::perf: frust-perf raw n=361 total_us=48922 rebuild_us=221 layout_us=1 paint_us=530 encode_us=223 acquire_us=109 submit_us=47835 skipped=0
frust_shell_common::perf: frust-perf raw n=362 total_us=48399 rebuild_us=204 layout_us=2 paint_us=599 encode_us=240 acquire_us=127 submit_us=47224 skipped=0
frust_shell_common::perf: frust-perf raw n=363 total_us=47878 rebuild_us=205 layout_us=1 paint_us=518 encode_us=282 acquire_us=163 submit_us=46706 skipped=0
frust_shell_common::perf: frust-perf raw n=364 total_us=48129 rebuild_us=202 layout_us=1 paint_us=526 encode_us=237 acquire_us=131 submit_us=47030 skipped=0
frust_shell_common::perf: frust-perf raw n=365 total_us=47515 rebuild_us=224 layout_us=1 paint_us=548 encode_us=243 acquire_us=135 submit_us=46360 skipped=0
frust_shell_common::perf: frust-perf raw n=366 total_us=47845 rebuild_us=215 layout_us=1 paint_us=534 encode_us=236 acquire_us=93 submit_us=46762 skipped=0
frust_shell_common::perf: frust-perf raw n=367 total_us=47332 rebuild_us=105 layout_us=1 paint_us=287 encode_us=219 acquire_us=89 submit_us=46629 skipped=0
frust_shell_common::perf: frust-perf raw n=368 total_us=47258 rebuild_us=82 layout_us=0 paint_us=158 encode_us=206 acquire_us=96 submit_us=46714 skipped=0
frust_shell_common::perf: frust-perf raw n=369 total_us=48531 rebuild_us=80 layout_us=0 paint_us=160 encode_us=208 acquire_us=93 submit_us=47987 skipped=0
frust_shell_common::perf: frust-perf raw n=370 total_us=47353 rebuild_us=191 layout_us=1 paint_us=501 encode_us=227 acquire_us=108 submit_us=46321 skipped=0
frust_shell_common::perf: frust-perf raw n=371 total_us=48404 rebuild_us=251 layout_us=2 paint_us=721 encode_us=260 acquire_us=165 submit_us=47002 skipped=0
frust_shell_common::perf: frust-perf raw n=372 total_us=47323 rebuild_us=78 layout_us=0 paint_us=153 encode_us=211 acquire_us=109 submit_us=46769 skipped=0
frust_shell_common::perf: frust-perf raw n=373 total_us=48588 rebuild_us=185 layout_us=1 paint_us=729 encode_us=220 acquire_us=121 submit_us=47329 skipped=0
frust_shell_common::perf: frust-perf raw n=374 total_us=48207 rebuild_us=230 layout_us=1 paint_us=620 encode_us=238 acquire_us=127 submit_us=46988 skipped=0
frust_shell_common::perf: frust-perf frame n=120 total_p50_ms=48 total_p95_ms=48 total_p99_ms=48 rebuild_p95_ms=0 layout_p95_ms=0 paint_p95_ms=0 encode_p95_ms=0 acquire_p95_ms=0 submit_p95_ms=47 over_60hz=374 over_120hz=374 skipped=0 total_frames=374
frust_shell_common::perf: frust-perf raw n=375 total_us=47243 rebuild_us=80 layout_us=0 paint_us=163 encode_us=232 acquire_us=119 submit_us=46647 skipped=0
frust_shell_common::perf: frust-perf raw n=376 total_us=47847 rebuild_us=104 layout_us=0 paint_us=185 encode_us=212 acquire_us=114 submit_us=47229 skipped=0
frust_shell_common::perf: frust-perf raw n=377 total_us=48004 rebuild_us=433 layout_us=1 paint_us=878 encode_us=277 acquire_us=182 submit_us=46231 skipped=0
frust_shell_common::perf: frust-perf raw n=378 total_us=47462 rebuild_us=88 layout_us=0 paint_us=164 encode_us=225 acquire_us=114 submit_us=46869 skipped=0
frust_shell_common::perf: frust-perf raw n=379 total_us=47557 rebuild_us=84 layout_us=0 paint_us=159 encode_us=223 acquire_us=117 submit_us=46972 skipped=0
frust_shell_common::perf: frust-perf raw n=380 total_us=47768 rebuild_us=228 layout_us=2 paint_us=559 encode_us=285 acquire_us=135 submit_us=46556 skipped=0
frust_shell_common::perf: frust-perf raw n=381 total_us=48420 rebuild_us=321 layout_us=1 paint_us=511 encode_us=227 acquire_us=118 submit_us=47240 skipped=0
frust_shell_common::perf: frust-perf raw n=382 total_us=47718 rebuild_us=197 layout_us=1 paint_us=517 encode_us=225 acquire_us=119 submit_us=46656 skipped=0
frust_shell_common::perf: frust-perf raw n=383 total_us=48392 rebuild_us=286 layout_us=1 paint_us=922 encode_us=261 acquire_us=175 submit_us=46745 skipped=0
frust_shell_common::perf: frust-perf raw n=384 total_us=47714 rebuild_us=84 layout_us=0 paint_us=159 encode_us=206 acquire_us=105 submit_us=47157 skipped=0
frust_shell_common::perf: frust-perf raw n=385 total_us=47802 rebuild_us=251 layout_us=1 paint_us=612 encode_us=293 acquire_us=164 submit_us=46478 skipped=0
frust_shell_common::perf: frust-perf raw n=386 total_us=48303 rebuild_us=202 layout_us=1 paint_us=518 encode_us=223 acquire_us=107 submit_us=47249 skipped=0
frust_shell_common::perf: frust-perf raw n=387 total_us=48470 rebuild_us=233 layout_us=2 paint_us=660 encode_us=247 acquire_us=147 submit_us=47178 skipped=0
frust_shell_android::app::frame: frust-perf platform-view tail depth=0 target=0 acquire_bound=false frame=1680 expected_present_us=0 acquire_us=133 period_us=11134
frust_shell_common::perf: frust-perf raw n=388 total_us=48634 rebuild_us=236 layout_us=2 paint_us=600 encode_us=246 acquire_us=137 submit_us=47410 skipped=0
frust_shell_common::perf: frust-perf raw n=389 total_us=48323 rebuild_us=290 layout_us=1 paint_us=555 encode_us=236 acquire_us=133 submit_us=47104 skipped=0
frust_shell_common::perf: frust-perf raw n=390 total_us=46378 rebuild_us=107 layout_us=0 paint_us=235 encode_us=231 acquire_us=158 submit_us=45644 skipped=0
frust_shell_common::perf: frust-perf raw n=391 total_us=47629 rebuild_us=102 layout_us=0 paint_us=230 encode_us=216 acquire_us=92 submit_us=46986 skipped=0
frust_shell_common::perf: frust-perf raw n=392 total_us=47680 rebuild_us=110 layout_us=0 paint_us=179 encode_us=200 acquire_us=89 submit_us=47099 skipped=0
frust_shell_common::perf: frust-perf raw n=393 total_us=48292 rebuild_us=228 layout_us=1 paint_us=659 encode_us=212 acquire_us=94 submit_us=47094 skipped=0
frust_shell_common::perf: frust-perf raw n=394 total_us=48176 rebuild_us=220 layout_us=2 paint_us=556 encode_us=229 acquire_us=153 submit_us=47014 skipped=0
