frust_shell_common::perf: frust-perf raw n=4377 total_us=13891 rebuild_us=2595 layout_us=1 paint_us=850 encode_us=8570 acquire_us=62 submit_us=1812 skipped=0
frust_shell_android::app::frame: frust-perf platform-view tail depth=0 target=0 acquire_bound=false frame=101189 expected_present_us=0 acquire_us=62 period_us=11135
frust-perf activity-create
frust_shell_common::perf: bench-scenario-start s1
frust_render::context: frust-perf surface-caps formats=[Rgba8UnormSrgb,Rgba8Unorm,Rgba16Float,Rgb10a2Unorm] usages=TextureUsages(COPY_SRC | COPY_DST | TEXTURE_BINDING | STORAGE_BINDING | RENDER_ATTACHMENT | STORAGE_ATOMIC) direct_to_surface=YES (Rgba8Unorm+STORAGE_BINDING)
frust_render::context: frust-perf render-path direct (Rgba8Unorm+STORAGE_BINDING)
frust_shell_common::perf: frust-perf startup init_entry=0ms font_preinit_started=0ms font_preinit_joined=0ms preinit_started=0ms preinit_joined=5ms cache_loaded=6ms pipeline_cache_restored=6ms adapter_ready=51ms device_ready=51ms renderer_ready=51ms first_rebuild_done=59ms first_encode_done=59ms first_frame_presented=85ms
frust_shell_common::perf: frust-perf raw n=1 total_us=26086 rebuild_us=76 layout_us=0 paint_us=127 encode_us=204 acquire_us=33 submit_us=25643 skipped=0
frust_shell_common::perf: frust-perf raw n=2 total_us=131183 rebuild_us=291 layout_us=0 paint_us=411 encode_us=122 acquire_us=30 submit_us=130326 skipped=0
frust_shell_common::perf: frust-perf raw n=3 total_us=106321 rebuild_us=111 layout_us=0 paint_us=179 encode_us=147 acquire_us=51 submit_us=105831 skipped=0
frust_shell_common::perf: frust-perf raw n=4 total_us=139953 rebuild_us=115 layout_us=0 paint_us=180 encode_us=158 acquire_us=44 submit_us=139455 skipped=0
frust_shell_common::perf: frust-perf raw n=5 total_us=55683 rebuild_us=118 layout_us=1 paint_us=209 encode_us=175 acquire_us=57 submit_us=55120 skipped=0
frust_shell_common::perf: frust-perf raw n=6 total_us=49827 rebuild_us=93 layout_us=0 paint_us=143 encode_us=153 acquire_us=61 submit_us=49374 skipped=0
frust_shell_common::perf: frust-perf raw n=7 total_us=49651 rebuild_us=84 layout_us=0 paint_us=127 encode_us=216 acquire_us=56 submit_us=49165 skipped=0
frust_shell_common::perf: frust-perf raw n=8 total_us=48480 rebuild_us=77 layout_us=0 paint_us=136 encode_us=133 acquire_us=57 submit_us=48074 skipped=0
frust_shell_common::perf: frust-perf raw n=9 total_us=49090 rebuild_us=83 layout_us=0 paint_us=144 encode_us=200 acquire_us=101 submit_us=48559 skipped=0
frust_shell_common::perf: frust-perf raw n=10 total_us=47708 rebuild_us=55 layout_us=0 paint_us=102 encode_us=142 acquire_us=87 submit_us=47319 skipped=0
frust_shell_common::perf: frust-perf raw n=11 total_us=47911 rebuild_us=94 layout_us=0 paint_us=152 encode_us=135 acquire_us=83 submit_us=47444 skipped=0
frust_shell_common::perf: frust-perf raw n=12 total_us=47696 rebuild_us=57 layout_us=0 paint_us=110 encode_us=140 acquire_us=74 submit_us=47313 skipped=0
frust_shell_common::perf: frust-perf raw n=13 total_us=48383 rebuild_us=87 layout_us=0 paint_us=115 encode_us=168 acquire_us=93 submit_us=47918 skipped=0
frust_shell_common::perf: frust-perf raw n=14 total_us=47318 rebuild_us=59 layout_us=0 paint_us=110 encode_us=144 acquire_us=92 submit_us=46911 skipped=0
frust_shell_common::perf: frust-perf raw n=15 total_us=47754 rebuild_us=62 layout_us=0 paint_us=118 encode_us=173 acquire_us=93 submit_us=47305 skipped=0
frust_shell_common::perf: frust-perf raw n=16 total_us=47191 rebuild_us=55 layout_us=0 paint_us=100 encode_us=142 acquire_us=75 submit_us=46816 skipped=0
frust_shell_common::perf: frust-perf raw n=17 total_us=48105 rebuild_us=161 layout_us=1 paint_us=305 encode_us=137 acquire_us=71 submit_us=47428 skipped=0
frust_shell_common::perf: frust-perf raw n=18 total_us=47327 rebuild_us=54 layout_us=0 paint_us=98 encode_us=149 acquire_us=100 submit_us=46924 skipped=0
frust_shell_common::perf: frust-perf raw n=19 total_us=47543 rebuild_us=59 layout_us=0 paint_us=113 encode_us=142 acquire_us=72 submit_us=47155 skipped=0
frust_shell_common::perf: frust-perf raw n=20 total_us=47630 rebuild_us=59 layout_us=0 paint_us=112 encode_us=143 acquire_us=73 submit_us=47240 skipped=0
frust_shell_common::perf: frust-perf raw n=21 total_us=47081 rebuild_us=60 layout_us=0 paint_us=111 encode_us=142 acquire_us=72 submit_us=46694 skipped=0
frust_shell_common::perf: frust-perf raw n=22 total_us=47740 rebuild_us=65 layout_us=0 paint_us=124 encode_us=170 acquire_us=109 submit_us=47270 skipped=0
frust_shell_android::app::frame: frust-perf platform-view tail depth=0 target=0 acquire_bound=false frame=120 expected_present_us=0 acquire_us=81 period_us=11135
frust_shell_common::perf: frust-perf raw n=23 total_us=47510 rebuild_us=61 layout_us=0 paint_us=113 encode_us=140 acquire_us=72 submit_us=47121 skipped=0
frust_shell_common::perf: frust-perf raw n=24 total_us=47789 rebuild_us=69 layout_us=0 paint_us=177 encode_us=140 acquire_us=93 submit_us=47307 skipped=0
frust_shell_common::perf: frust-perf raw n=25 total_us=47060 rebuild_us=64 layout_us=0 paint_us=114 encode_us=157 acquire_us=81 submit_us=46642 skipped=0
frust_shell_common::perf: frust-perf raw n=26 total_us=47439 rebuild_us=70 layout_us=0 paint_us=163 encode_us=140 acquire_us=67 submit_us=46996 skipped=0
frust_shell_common::perf: frust-perf raw n=27 total_us=47480 rebuild_us=73 layout_us=0 paint_us=135 encode_us=156 acquire_us=80 submit_us=47034 skipped=0
frust_shell_common::perf: frust-perf raw n=28 total_us=47153 rebuild_us=81 layout_us=0 paint_us=137 encode_us=159 acquire_us=79 submit_us=46694 skipped=0
frust_shell_common::perf: frust-perf raw n=29 total_us=47187 rebuild_us=69 layout_us=0 paint_us=112 encode_us=159 acquire_us=79 submit_us=46766 skipped=0
frust_shell_common::perf: frust-perf raw n=30 total_us=47228 rebuild_us=59 layout_us=0 paint_us=114 encode_us=160 acquire_us=82 submit_us=46810 skipped=0
frust_shell_common::perf: frust-perf raw n=31 total_us=46775 rebuild_us=58 layout_us=0 paint_us=115 encode_us=157 acquire_us=78 submit_us=46363 skipped=0
frust_shell_common::perf: frust-perf raw n=32 total_us=47584 rebuild_us=60 layout_us=0 paint_us=114 encode_us=157 acquire_us=77 submit_us=47173 skipped=0
frust_shell_common::perf: frust-perf raw n=33 total_us=47589 rebuild_us=66 layout_us=0 paint_us=121 encode_us=155 acquire_us=88 submit_us=47155 skipped=0
frust_shell_common::perf: frust-perf raw n=34 total_us=47254 rebuild_us=55 layout_us=0 paint_us=101 encode_us=175 acquire_us=99 submit_us=46821 skipped=0
frust_shell_common::perf: frust-perf raw n=35 total_us=47248 rebuild_us=66 layout_us=0 paint_us=125 encode_us=155 acquire_us=80 submit_us=46820 skipped=0
frust_shell_common::perf: frust-perf raw n=36 total_us=47220 rebuild_us=62 layout_us=0 paint_us=113 encode_us=156 acquire_us=77 submit_us=46809 skipped=0
frust_shell_common::perf: frust-perf raw n=37 total_us=47453 rebuild_us=84 layout_us=0 paint_us=139 encode_us=170 acquire_us=85 submit_us=46973 skipped=0
frust_shell_common::perf: frust-perf raw n=38 total_us=47369 rebuild_us=154 layout_us=164 paint_us=161 encode_us=210 acquire_us=154 submit_us=46523 skipped=0
frust_shell_common::perf: frust-perf frame n=38 total_p50_ms=47 total_p95_ms=131 total_p99_ms=139 rebuild_p95_ms=0 layout_p95_ms=0 paint_p95_ms=0 encode_p95_ms=0 acquire_p95_ms=0 submit_p95_ms=130 over_60hz=38 over_120hz=38 skipped=0 total_frames=38
frust_shell_common::perf: frust-perf raw n=39 total_us=48004 rebuild_us=107 layout_us=0 paint_us=189 encode_us=176 acquire_us=81 submit_us=47448 skipped=0
frust_shell_common::perf: frust-perf raw n=40 total_us=47318 rebuild_us=195 layout_us=1 paint_us=632 encode_us=219 acquire_us=110 submit_us=46159 skipped=0
frust_shell_common::perf: frust-perf raw n=41 total_us=47820 rebuild_us=82 layout_us=0 paint_us=154 encode_us=214 acquire_us=107 submit_us=47261 skipped=0
frust_shell_common::perf: frust-perf raw n=42 total_us=47719 rebuild_us=82 layout_us=0 paint_us=151 encode_us=210 acquire_us=93 submit_us=47180 skipped=0
frust_shell_common::perf: frust-perf raw n=43 total_us=47720 rebuild_us=83 layout_us=0 paint_us=151 encode_us=208 acquire_us=136 submit_us=47140 skipped=0
frust_shell_common::perf: frust-perf raw n=44 total_us=47826 rebuild_us=202 layout_us=1 paint_us=525 encode_us=237 acquire_us=128 submit_us=46729 skipped=0
frust_shell_common::perf: frust-perf raw n=45 total_us=47508 rebuild_us=194 layout_us=1 paint_us=509 encode_us=221 acquire_us=111 submit_us=46469 skipped=0
frust_shell_common::perf: frust-perf raw n=46 total_us=48139 rebuild_us=208 layout_us=2 paint_us=534 encode_us=248 acquire_us=145 submit_us=47000 skipped=0
frust_shell_common::perf: frust-perf raw n=47 total_us=48253 rebuild_us=203 layout_us=2 paint_us=526 encode_us=246 acquire_us=135 submit_us=47138 skipped=0
frust_shell_common::perf: frust-perf raw n=48 total_us=47816 rebuild_us=194 layout_us=1 paint_us=500 encode_us=299 acquire_us=140 submit_us=46680 skipped=0
frust_shell_common::perf: frust-perf raw n=49 total_us=48679 rebuild_us=192 layout_us=1 paint_us=698 encode_us=228 acquire_us=105 submit_us=47451 skipped=0
frust_shell_common::perf: frust-perf raw n=50 total_us=46955 rebuild_us=215 layout_us=1 paint_us=550 encode_us=257 acquire_us=165 submit_us=45764 skipped=0
frust_shell_android::app::frame: frust-perf platform-view tail depth=0 target=0 acquire_bound=false frame=240 expected_present_us=0 acquire_us=123 period_us=11135
frust_shell_common::perf: frust-perf raw n=51 total_us=48334 rebuild_us=79 layout_us=0 paint_us=154 encode_us=182 acquire_us=96 submit_us=47819 skipped=0
frust_shell_common::perf: frust-perf raw n=52 total_us=47627 rebuild_us=206 layout_us=2 paint_us=524 encode_us=228 acquire_us=136 submit_us=46529 skipped=0
frust_shell_common::perf: frust-perf raw n=53 total_us=47625 rebuild_us=87 layout_us=0 paint_us=166 encode_us=263 acquire_us=135 submit_us=46972 skipped=0
frust_shell_common::perf: frust-perf raw n=54 total_us=47847 rebuild_us=98 layout_us=0 paint_us=173 encode_us=213 acquire_us=111 submit_us=47249 skipped=0
frust_shell_common::perf: frust-perf raw n=55 total_us=47485 rebuild_us=282 layout_us=1 paint_us=992 encode_us=260 acquire_us=159 submit_us=45788 skipped=0
frust_shell_common::perf: frust-perf raw n=56 total_us=47313 rebuild_us=128 layout_us=0 paint_us=204 encode_us=206 acquire_us=91 submit_us=46682 skipped=0
frust_shell_common::perf: frust-perf raw n=57 total_us=47626 rebuild_us=116 layout_us=0 paint_us=195 encode_us=218 acquire_us=89 submit_us=47006 skipped=0
frust_shell_common::perf: frust-perf raw n=58 total_us=46898 rebuild_us=107 layout_us=0 paint_us=179 encode_us=222 acquire_us=89 submit_us=46298 skipped=0
frust_shell_common::perf: frust-perf raw n=59 total_us=48093 rebuild_us=136 layout_us=0 paint_us=204 encode_us=187 acquire_us=98 submit_us=47466 skipped=0
frust_shell_common::perf: frust-perf raw n=60 total_us=47980 rebuild_us=202 layout_us=2 paint_us=516 encode_us=274 acquire_us=98 submit_us=46886 skipped=0
frust_shell_common::perf: frust-perf raw n=61 total_us=47780 rebuild_us=199 layout_us=1 paint_us=518 encode_us=231 acquire_us=120 submit_us=46707 skipped=0
frust_shell_common::perf: frust-perf raw n=62 total_us=47286 rebuild_us=112 layout_us=0 paint_us=183 encode_us=222 acquire_us=94 submit_us=46673 skipped=0
frust_shell_common::perf: frust-perf raw n=63 total_us=47804 rebuild_us=127 layout_us=0 paint_us=212 encode_us=192 acquire_us=83 submit_us=47187 skipped=0
frust_shell_common::perf: frust-perf raw n=64 total_us=47766 rebuild_us=114 layout_us=0 paint_us=195 encode_us=214 acquire_us=91 submit_us=47150 skipped=0
frust_shell_common::perf: frust-perf raw n=65 total_us=47671 rebuild_us=137 layout_us=0 paint_us=269 encode_us=217 acquire_us=89 submit_us=46956 skipped=0
frust_shell_common::perf: frust-perf raw n=66 total_us=47849 rebuild_us=114 layout_us=0 paint_us=190 encode_us=214 acquire_us=93 submit_us=47235 skipped=0
frust_shell_common::perf: frust-perf raw n=67 total_us=47616 rebuild_us=85 layout_us=0 paint_us=166 encode_us=210 acquire_us=108 submit_us=47045 skipped=0
frust_shell_common::perf: frust-perf raw n=68 total_us=48417 rebuild_us=213 layout_us=1 paint_us=566 encode_us=231 acquire_us=119 submit_us=47284 skipped=0
frust_shell_common::perf: frust-perf raw n=69 total_us=47662 rebuild_us=266 layout_us=2 paint_us=633 encode_us=217 acquire_us=102 submit_us=46440 skipped=0
frust_shell_common::perf: frust-perf raw n=70 total_us=48388 rebuild_us=220 layout_us=1 paint_us=615 encode_us=225 acquire_us=125 submit_us=47199 skipped=0
frust_shell_common::perf: frust-perf raw n=71 total_us=48401 rebuild_us=280 layout_us=1 paint_us=1295 encode_us=281 acquire_us=181 submit_us=46360 skipped=0
frust_shell_common::perf: frust-perf raw n=72 total_us=47341 rebuild_us=77 layout_us=0 paint_us=150 encode_us=206 acquire_us=110 submit_us=46795 skipped=0
frust_shell_common::perf: frust-perf raw n=73 total_us=47907 rebuild_us=80 layout_us=1 paint_us=153 encode_us=218 acquire_us=100 submit_us=47353 skipped=0
frust_shell_common::perf: frust-perf raw n=74 total_us=47358 rebuild_us=80 layout_us=0 paint_us=157 encode_us=232 acquire_us=101 submit_us=46785 skipped=0
frust_shell_common::perf: frust-perf raw n=75 total_us=47745 rebuild_us=81 layout_us=0 paint_us=159 encode_us=213 acquire_us=97 submit_us=47192 skipped=0
frust_shell_common::perf: frust-perf raw n=76 total_us=47975 rebuild_us=191 layout_us=1 paint_us=496 encode_us=220 acquire_us=109 submit_us=46956 skipped=0
frust_shell_common::perf: frust-perf raw n=77 total_us=48620 rebuild_us=224 layout_us=2 paint_us=606 encode_us=239 acquire_us=142 submit_us=47405 skipped=0
frust_shell_common::perf: frust-perf raw n=78 total_us=47882 rebuild_us=244 layout_us=2 paint_us=630 encode_us=275 acquire_us=106 submit_us=46624 skipped=0
frust_shell_android::app::frame: frust-perf platform-view tail depth=0 target=0 acquire_bound=false frame=360 expected_present_us=0 acquire_us=106 period_us=11127
frust_shell_common::perf: frust-perf raw n=79 total_us=47574 rebuild_us=79 layout_us=0 paint_us=153 encode_us=209 acquire_us=91 submit_us=47039 skipped=0
frust_shell_common::perf: frust-perf raw n=80 total_us=47224 rebuild_us=101 layout_us=0 paint_us=194 encode_us=208 acquire_us=97 submit_us=46621 skipped=0
frust_shell_common::perf: frust-perf frame n=80 total_p50_ms=47 total_p95_ms=49 total_p99_ms=139 rebuild_p95_ms=0 layout_p95_ms=0 paint_p95_ms=0 encode_p95_ms=0 acquire_p95_ms=0 submit_p95_ms=49 over_60hz=80 over_120hz=80 skipped=0 total_frames=80
frust_shell_common::perf: frust-perf raw n=81 total_us=47660 rebuild_us=80 layout_us=0 paint_us=153 encode_us=211 acquire_us=95 submit_us=47118 skipped=0
frust_shell_common::perf: frust-perf raw n=82 total_us=48034 rebuild_us=219 layout_us=1 paint_us=551 encode_us=236 acquire_us=126 submit_us=46897 skipped=0
frust_shell_common::perf: frust-perf raw n=83 total_us=47422 rebuild_us=88 layout_us=0 paint_us=163 encode_us=224 acquire_us=110 submit_us=46835 skipped=0
frust_shell_common::perf: frust-perf raw n=84 total_us=47651 rebuild_us=96 layout_us=0 paint_us=182 encode_us=211 acquire_us=93 submit_us=47066 skipped=0
frust_shell_common::perf: frust-perf raw n=85 total_us=47327 rebuild_us=81 layout_us=0 paint_us=156 encode_us=208 acquire_us=97 submit_us=46782 skipped=0
frust_shell_common::perf: frust-perf raw n=86 total_us=47741 rebuild_us=80 layout_us=0 paint_us=157 encode_us=186 acquire_us=86 submit_us=47229 skipped=0
frust_shell_common::perf: frust-perf raw n=87 total_us=47734 rebuild_us=204 layout_us=1 paint_us=612 encode_us=241 acquire_us=181 submit_us=46492 skipped=0
frust_shell_common::perf: frust-perf raw n=88 total_us=48346 rebuild_us=195 layout_us=1 paint_us=518 encode_us=324 acquire_us=93 submit_us=47211 skipped=0
frust_shell_common::perf: frust-perf raw n=89 total_us=48074 rebuild_us=193 layout_us=1 paint_us=499 encode_us=222 acquire_us=110 submit_us=47047 skipped=0
frust_shell_common::perf: frust-perf raw n=90 total_us=48516 rebuild_us=205 layout_us=2 paint_us=694 encode_us=261 acquire_us=162 submit_us=47190 skipped=0
frust_shell_common::perf: frust-perf raw n=91 total_us=47711 rebuild_us=207 layout_us=1 paint_us=519 encode_us=237 acquire_us=130 submit_us=46613 skipped=0
frust_shell_common::perf: frust-perf raw n=92 total_us=47869 rebuild_us=186 layout_us=1 paint_us=610 encode_us=223 acquire_us=111 submit_us=46735 skipped=0
frust_shell_common::perf: frust-perf raw n=93 total_us=47092 rebuild_us=92 layout_us=0 paint_us=171 encode_us=211 acquire_us=105 submit_us=46510 skipped=0
frust_shell_common::perf: frust-perf raw n=94 total_us=47815 rebuild_us=83 layout_us=0 paint_us=152 encode_us=175 acquire_us=86 submit_us=47318 skipped=0
frust_shell_common::perf: frust-perf raw n=95 total_us=47586 rebuild_us=217 layout_us=2 paint_us=574 encode_us=214 acquire_us=102 submit_us=46475 skipped=0
frust_shell_common::perf: frust-perf raw n=96 total_us=48800 rebuild_us=194 layout_us=1 paint_us=514 encode_us=232 acquire_us=121 submit_us=47734 skipped=0
frust_shell_common::perf: frust-perf raw n=97 total_us=47564 rebuild_us=237 layout_us=2 paint_us=562 encode_us=223 acquire_us=116 submit_us=46421 skipped=0
frust_shell_common::perf: frust-perf raw n=98 total_us=48307 rebuild_us=203 layout_us=1 paint_us=764 encode_us=235 acquire_us=162 submit_us=46939 skipped=0
frust_shell_common::perf: frust-perf raw n=99 total_us=47686 rebuild_us=179 layout_us=0 paint_us=317 encode_us=173 acquire_us=73 submit_us=46941 skipped=0
frust_shell_common::perf: frust-perf raw n=100 total_us=47835 rebuild_us=216 layout_us=1 paint_us=544 encode_us=253 acquire_us=145 submit_us=46672 skipped=0
frust_shell_common::perf: frust-perf raw n=101 total_us=48371 rebuild_us=199 layout_us=1 paint_us=518 encode_us=238 acquire_us=119 submit_us=47294 skipped=0
frust_shell_common::perf: frust-perf raw n=102 total_us=47830 rebuild_us=225 layout_us=2 paint_us=546 encode_us=260 acquire_us=157 submit_us=46639 skipped=0
frust_shell_common::perf: frust-perf raw n=103 total_us=48068 rebuild_us=204 layout_us=2 paint_us=690 encode_us=236 acquire_us=126 submit_us=46807 skipped=0
frust_shell_common::perf: frust-perf raw n=104 total_us=47934 rebuild_us=199 layout_us=1 paint_us=525 encode_us=224 acquire_us=114 submit_us=46867 skipped=0
frust_shell_common::perf: frust-perf raw n=105 total_us=48661 rebuild_us=193 layout_us=1 paint_us=510 encode_us=238 acquire_us=127 submit_us=47589 skipped=0
frust_shell_common::perf: frust-perf raw n=106 total_us=48306 rebuild_us=196 layout_us=1 paint_us=517 encode_us=282 acquire_us=127 submit_us=47179 skipped=0
frust_shell_android::app::frame: frust-perf platform-view tail depth=0 target=0 acquire_bound=false frame=480 expected_present_us=0 acquire_us=128 period_us=11136
frust_shell_common::perf: frust-perf raw n=107 total_us=48216 rebuild_us=226 layout_us=2 paint_us=583 encode_us=245 acquire_us=140 submit_us=47016 skipped=0
frust_shell_common::perf: frust-perf raw n=108 total_us=48227 rebuild_us=320 layout_us=2 paint_us=518 encode_us=225 acquire_us=109 submit_us=47051 skipped=0
frust_shell_common::perf: frust-perf raw n=109 total_us=48116 rebuild_us=209 layout_us=1 paint_us=523 encode_us=240 acquire_us=137 submit_us=47002 skipped=0
frust_shell_common::perf: frust-perf raw n=110 total_us=47856 rebuild_us=314 layout_us=2 paint_us=600 encode_us=223 acquire_us=110 submit_us=46605 skipped=0
frust_shell_common::perf: frust-perf raw n=111 total_us=47852 rebuild_us=208 layout_us=1 paint_us=531 encode_us=245 acquire_us=139 submit_us=46724 skipped=0
frust_shell_common::perf: frust-perf raw n=112 total_us=48529 rebuild_us=275 layout_us=2 paint_us=732 encode_us=212 acquire_us=93 submit_us=47213 skipped=0
frust_shell_common::perf: frust-perf raw n=113 total_us=48093 rebuild_us=256 layout_us=1 paint_us=618 encode_us=254 acquire_us=154 submit_us=46807 skipped=0
frust_shell_common::perf: frust-perf raw n=114 total_us=47589 rebuild_us=229 layout_us=2 paint_us=705 encode_us=223 acquire_us=113 submit_us=46316 skipped=0
frust_shell_common::perf: frust-perf raw n=115 total_us=47984 rebuild_us=192 layout_us=1 paint_us=500 encode_us=221 acquire_us=109 submit_us=46958 skipped=0
frust_shell_common::perf: frust-perf raw n=116 total_us=48249 rebuild_us=239 layout_us=3 paint_us=649 encode_us=223 acquire_us=112 submit_us=47020 skipped=0
frust_shell_common::perf: frust-perf raw n=117 total_us=48475 rebuild_us=263 layout_us=2 paint_us=881 encode_us=265 acquire_us=161 submit_us=46900 skipped=0
frust_shell_common::perf: frust-perf raw n=118 total_us=48470 rebuild_us=203 layout_us=1 paint_us=520 encode_us=229 acquire_us=121 submit_us=47392 skipped=0
frust_shell_common::perf: frust-perf raw n=119 total_us=48460 rebuild_us=426 layout_us=2 paint_us=577 encode_us=237 acquire_us=137 submit_us=47080 skipped=0
frust_shell_common::perf: frust-perf raw n=120 total_us=47424 rebuild_us=212 layout_us=1 paint_us=535 encode_us=244 acquire_us=155 submit_us=46274 skipped=0
frust_shell_common::perf: frust-perf raw n=121 total_us=47488 rebuild_us=103 layout_us=0 paint_us=187 encode_us=231 acquire_us=94 submit_us=46870 skipped=0
frust_shell_common::perf: frust-perf raw n=122 total_us=47112 rebuild_us=81 layout_us=0 paint_us=153 encode_us=205 acquire_us=95 submit_us=46575 skipped=0
frust_shell_common::perf: frust-perf frame n=120 total_p50_ms=47 total_p95_ms=48 total_p99_ms=106 rebuild_p95_ms=0 layout_p95_ms=0 paint_p95_ms=0 encode_p95_ms=0 acquire_p95_ms=0 submit_p95_ms=48 over_60hz=122 over_120hz=122 skipped=0 total_frames=122
frust_shell_common::perf: frust-perf raw n=123 total_us=47428 rebuild_us=88 layout_us=0 paint_us=165 encode_us=207 acquire_us=93 submit_us=46872 skipped=0
frust_shell_common::perf: frust-perf raw n=124 total_us=48003 rebuild_us=228 layout_us=2 paint_us=578 encode_us=245 acquire_us=136 submit_us=46813 skipped=0
frust_shell_common::perf: frust-perf raw n=125 total_us=48037 rebuild_us=320 layout_us=2 paint_us=783 encode_us=375 acquire_us=218 submit_us=46336 skipped=0
frust_shell_common::perf: frust-perf raw n=126 total_us=47728 rebuild_us=82 layout_us=0 paint_us=152 encode_us=243 acquire_us=97 submit_us=47151 skipped=0
frust_shell_common::perf: frust-perf raw n=127 total_us=47854 rebuild_us=217 layout_us=1 paint_us=547 encode_us=224 acquire_us=112 submit_us=46749 skipped=0
frust_shell_common::perf: frust-perf raw n=128 total_us=48041 rebuild_us=220 layout_us=2 paint_us=639 encode_us=242 acquire_us=140 submit_us=46795 skipped=0
frust_shell_common::perf: frust-perf raw n=129 total_us=48069 rebuild_us=246 layout_us=1 paint_us=573 encode_us=266 acquire_us=159 submit_us=46822 skipped=0
frust_shell_common::perf: frust-perf raw n=130 total_us=47400 rebuild_us=84 layout_us=0 paint_us=157 encode_us=214 acquire_us=113 submit_us=46829 skipped=0
frust_shell_common::perf: frust-perf raw n=131 total_us=47614 rebuild_us=223 layout_us=1 paint_us=546 encode_us=329 acquire_us=112 submit_us=46399 skipped=0
frust_shell_common::perf: frust-perf raw n=132 total_us=47802 rebuild_us=121 layout_us=0 paint_us=196 encode_us=231 acquire_us=111 submit_us=47141 skipped=0
frust_shell_common::perf: frust-perf raw n=133 total_us=47440 rebuild_us=84 layout_us=0 paint_us=156 encode_us=218 acquire_us=112 submit_us=46869 skipped=0
frust_shell_common::perf: frust-perf raw n=134 total_us=47842 rebuild_us=202 layout_us=1 paint_us=516 encode_us=223 acquire_us=123 submit_us=46774 skipped=0
frust_shell_common::perf: frust-perf raw n=135 total_us=47966 rebuild_us=285 layout_us=1 paint_us=531 encode_us=242 acquire_us=132 submit_us=46771 skipped=0
frust_shell_android::app::frame: frust-perf platform-view tail depth=0 target=0 acquire_bound=false frame=600 expected_present_us=0 acquire_us=118 period_us=11129
frust_shell_common::perf: frust-perf raw n=136 total_us=47600 rebuild_us=231 layout_us=1 paint_us=553 encode_us=225 acquire_us=106 submit_us=46482 skipped=0
frust_shell_common::perf: frust-perf raw n=137 total_us=48299 rebuild_us=193 layout_us=2 paint_us=501 encode_us=228 acquire_us=171 submit_us=47201 skipped=0
frust_shell_common::perf: frust-perf raw n=138 total_us=48177 rebuild_us=309 layout_us=2 paint_us=591 encode_us=243 acquire_us=133 submit_us=46897 skipped=0
frust_shell_common::perf: frust-perf raw n=139 total_us=47819 rebuild_us=253 layout_us=2 paint_us=735 encode_us=252 acquire_us=150 submit_us=46424 skipped=0
frust_shell_common::perf: frust-perf raw n=140 total_us=47519 rebuild_us=82 layout_us=0 paint_us=154 encode_us=215 acquire_us=97 submit_us=46969 skipped=0
frust_shell_common::perf: frust-perf raw n=141 total_us=46634 rebuild_us=125 layout_us=0 paint_us=203 encode_us=229 acquire_us=94 submit_us=45980 skipped=0
frust_shell_common::perf: frust-perf raw n=142 total_us=47856 rebuild_us=128 layout_us=0 paint_us=224 encode_us=184 acquire_us=97 submit_us=47220 skipped=0
frust_shell_common::perf: frust-perf raw n=143 total_us=47159 rebuild_us=131 layout_us=0 paint_us=198 encode_us=203 acquire_us=117 submit_us=46507 skipped=0
frust_shell_common::perf: frust-perf raw n=144 total_us=47601 rebuild_us=132 layout_us=0 paint_us=201 encode_us=245 acquire_us=94 submit_us=46926 skipped=0
frust_shell_common::perf: frust-perf raw n=145 total_us=47674 rebuild_us=300 layout_us=0 paint_us=190 encode_us=224 acquire_us=118 submit_us=46840 skipped=0
frust_shell_common::perf: frust-perf raw n=146 total_us=47717 rebuild_us=95 layout_us=0 paint_us=176 encode_us=180 acquire_us=129 submit_us=47135 skipped=0
frust_shell_common::perf: frust-perf raw n=147 total_us=47734 rebuild_us=87 layout_us=0 paint_us=158 encode_us=217 acquire_us=104 submit_us=47166 skipped=0
frust_shell_common::perf: frust-perf raw n=148 total_us=47272 rebuild_us=86 layout_us=0 paint_us=158 encode_us=216 acquire_us=152 submit_us=46658 skipped=0
frust_shell_common::perf: frust-perf raw n=149 total_us=47910 rebuild_us=87 layout_us=0 paint_us=161 encode_us=218 acquire_us=101 submit_us=47340 skipped=0
frust_shell_common::perf: frust-perf raw n=150 total_us=47370 rebuild_us=86 layout_us=0 paint_us=159 encode_us=220 acquire_us=121 submit_us=46782 skipped=0
frust_shell_common::perf: frust-perf raw n=151 total_us=47979 rebuild_us=198 layout_us=1 paint_us=506 encode_us=214 acquire_us=106 submit_us=46952 skipped=0
frust_shell_common::perf: frust-perf raw n=152 total_us=48117 rebuild_us=203 layout_us=1 paint_us=515 encode_us=231 acquire_us=121 submit_us=47042 skipped=0
frust_shell_common::perf: frust-perf raw n=153 total_us=47666 rebuild_us=201 layout_us=1 paint_us=608 encode_us=295 acquire_us=139 submit_us=46420 skipped=0
frust_shell_common::perf: frust-perf raw n=154 total_us=47788 rebuild_us=208 layout_us=1 paint_us=619 encode_us=240 acquire_us=120 submit_us=46596 skipped=0
frust_shell_common::perf: frust-perf raw n=155 total_us=47921 rebuild_us=190 layout_us=1 paint_us=565 encode_us=221 acquire_us=106 submit_us=46835 skipped=0
frust_shell_common::perf: frust-perf raw n=156 total_us=48205 rebuild_us=199 layout_us=1 paint_us=513 encode_us=221 acquire_us=109 submit_us=47159 skipped=0
frust_shell_common::perf: frust-perf raw n=157 total_us=47693 rebuild_us=224 layout_us=2 paint_us=589 encode_us=240 acquire_us=132 submit_us=46504 skipped=0
frust_shell_common::perf: frust-perf raw n=158 total_us=48169 rebuild_us=187 layout_us=1 paint_us=494 encode_us=208 acquire_us=95 submit_us=47181 skipped=0
frust_shell_common::perf: frust-perf raw n=159 total_us=47704 rebuild_us=259 layout_us=1 paint_us=643 encode_us=257 acquire_us=159 submit_us=46382 skipped=0
frust_shell_common::perf: frust-perf raw n=160 total_us=47675 rebuild_us=128 layout_us=0 paint_us=228 encode_us=224 acquire_us=94 submit_us=46999 skipped=0
frust_shell_common::perf: frust-perf raw n=161 total_us=47794 rebuild_us=79 layout_us=0 paint_us=154 encode_us=216 acquire_us=95 submit_us=47248 skipped=0
frust_shell_common::perf: frust-perf raw n=162 total_us=47775 rebuild_us=247 layout_us=2 paint_us=620 encode_us=284 acquire_us=183 submit_us=46437 skipped=0
frust_shell_common::perf: frust-perf raw n=163 total_us=47892 rebuild_us=234 layout_us=1 paint_us=599 encode_us=240 acquire_us=142 submit_us=46673 skipped=0
frust_shell_android::app::frame: frust-perf platform-view tail depth=0 target=0 acquire_bound=false frame=720 expected_present_us=0 acquire_us=125 period_us=11138
frust_shell_common::perf: frust-perf raw n=164 total_us=48698 rebuild_us=206 layout_us=1 paint_us=514 encode_us=227 acquire_us=107 submit_us=47639 skipped=0
frust_shell_common::perf: frust-perf frame n=120 total_p50_ms=47 total_p95_ms=48 total_p99_ms=48 rebuild_p95_ms=0 layout_p95_ms=0 paint_p95_ms=0 encode_p95_ms=0 acquire_p95_ms=0 submit_p95_ms=47 over_60hz=164 over_120hz=164 skipped=0 total_frames=164
frust_shell_common::perf: frust-perf raw n=165 total_us=47708 rebuild_us=209 layout_us=1 paint_us=526 encode_us=245 acquire_us=155 submit_us=46569 skipped=0
frust_shell_common::perf: frust-perf raw n=166 total_us=48072 rebuild_us=221 layout_us=2 paint_us=984 encode_us=242 acquire_us=137 submit_us=46484 skipped=0
frust_shell_common::perf: frust-perf raw n=167 total_us=48195 rebuild_us=200 layout_us=1 paint_us=507 encode_us=230 acquire_us=123 submit_us=47132 skipped=0
frust_shell_common::perf: frust-perf raw n=168 total_us=47644 rebuild_us=236 layout_us=1 paint_us=572 encode_us=265 acquire_us=155 submit_us=46411 skipped=0
frust_shell_common::perf: frust-perf raw n=169 total_us=48207 rebuild_us=210 layout_us=2 paint_us=596 encode_us=229 acquire_us=158 submit_us=47011 skipped=0
frust_shell_common::perf: frust-perf raw n=170 total_us=49084 rebuild_us=211 layout_us=2 paint_us=787 encode_us=256 acquire_us=96 submit_us=47730 skipped=0
frust_shell_common::perf: frust-perf raw n=171 total_us=48223 rebuild_us=213 layout_us=1 paint_us=612 encode_us=227 acquire_us=117 submit_us=47050 skipped=0
frust_shell_common::perf: frust-perf raw n=172 total_us=47985 rebuild_us=194 layout_us=1 paint_us=496 encode_us=221 acquire_us=108 submit_us=46961 skipped=0
frust_shell_common::perf: frust-perf raw n=173 total_us=47812 rebuild_us=251 layout_us=1 paint_us=610 encode_us=240 acquire_us=93 submit_us=46614 skipped=0
frust_shell_common::perf: frust-perf raw n=174 total_us=47273 rebuild_us=138 layout_us=0 paint_us=218 encode_us=217 acquire_us=96 submit_us=46601 skipped=0
frust_shell_common::perf: frust-perf raw n=175 total_us=48239 rebuild_us=150 layout_us=0 paint_us=193 encode_us=215 acquire_us=88 submit_us=47590 skipped=0
frust_shell_common::perf: frust-perf raw n=176 total_us=47981 rebuild_us=115 layout_us=0 paint_us=296 encode_us=270 acquire_us=169 submit_us=47128 skipped=0
frust_shell_common::perf: frust-perf raw n=177 total_us=47438 rebuild_us=132 layout_us=1 paint_us=340 encode_us=293 acquire_us=102 submit_us=46568 skipped=0
frust_shell_common::perf: frust-perf raw n=178 total_us=48039 rebuild_us=200 layout_us=1 paint_us=519 encode_us=231 acquire_us=130 submit_us=46954 skipped=0
frust_shell_common::perf: frust-perf raw n=179 total_us=47289 rebuild_us=211 layout_us=1 paint_us=526 encode_us=242 acquire_us=137 submit_us=46169 skipped=0
frust_shell_common::perf: frust-perf raw n=180 total_us=48136 rebuild_us=218 layout_us=2 paint_us=697 encode_us=224 acquire_us=108 submit_us=46884 skipped=0
frust_shell_common::perf: frust-perf raw n=181 total_us=49124 rebuild_us=220 layout_us=2 paint_us=546 encode_us=253 acquire_us=154 submit_us=47947 skipped=0
frust_shell_common::perf: frust-perf raw n=182 total_us=47367 rebuild_us=369 layout_us=1 paint_us=591 encode_us=242 acquire_us=136 submit_us=46025 skipped=0
frust_shell_common::perf: frust-perf raw n=183 total_us=48907 rebuild_us=223 layout_us=2 paint_us=577 encode_us=228 acquire_us=103 submit_us=47772 skipped=0
frust_shell_common::perf: frust-perf raw n=184 total_us=47127 rebuild_us=248 layout_us=1 paint_us=599 encode_us=251 acquire_us=180 submit_us=45845 skipped=0
frust_shell_common::perf: frust-perf raw n=185 total_us=47897 rebuild_us=87 layout_us=0 paint_us=157 encode_us=179 acquire_us=87 submit_us=47384 skipped=0
frust_shell_common::perf: frust-perf raw n=186 total_us=48035 rebuild_us=205 layout_us=1 paint_us=515 encode_us=223 acquire_us=108 submit_us=46981 skipped=0
frust_shell_common::perf: frust-perf raw n=187 total_us=48231 rebuild_us=264 layout_us=1 paint_us=497 encode_us=236 acquire_us=104 submit_us=47126 skipped=0
frust_shell_common::perf: frust-perf raw n=188 total_us=48509 rebuild_us=197 layout_us=1 paint_us=507 encode_us=233 acquire_us=134 submit_us=47433 skipped=0
frust_shell_common::perf: frust-perf raw n=189 total_us=47862 rebuild_us=219 layout_us=1 paint_us=655 encode_us=248 acquire_us=139 submit_us=46597 skipped=0
frust_shell_common::perf: frust-perf raw n=190 total_us=48602 rebuild_us=194 layout_us=1 paint_us=498 encode_us=223 acquire_us=106 submit_us=47577 skipped=0
frust_shell_common::perf: frust-perf raw n=191 total_us=48204 rebuild_us=264 layout_us=1 paint_us=1000 encode_us=252 acquire_us=156 submit_us=46529 skipped=0
frust_shell_android::app::frame: frust-perf platform-view tail depth=0 target=0 acquire_bound=false frame=840 expected_present_us=0 acquire_us=131 period_us=11125
frust_shell_common::perf: frust-perf raw n=192 total_us=48480 rebuild_us=230 layout_us=1 paint_us=581 encode_us=246 acquire_us=141 submit_us=47277 skipped=0
frust_shell_common::perf: frust-perf raw n=193 total_us=48307 rebuild_us=204 layout_us=1 paint_us=700 encode_us=228 acquire_us=114 submit_us=47057 skipped=0
frust_shell_common::perf: frust-perf raw n=194 total_us=48029 rebuild_us=192 layout_us=1 paint_us=503 encode_us=224 acquire_us=106 submit_us=47000 skipped=0
frust_shell_common::perf: frust-perf raw n=195 total_us=48149 rebuild_us=254 layout_us=2 paint_us=629 encode_us=255 acquire_us=155 submit_us=46852 skipped=0
frust_shell_common::perf: frust-perf raw n=196 total_us=47325 rebuild_us=93 layout_us=0 paint_us=174 encode_us=215 acquire_us=102 submit_us=46737 skipped=0
frust_shell_common::perf: frust-perf raw n=197 total_us=47577 rebuild_us=90 layout_us=0 paint_us=163 encode_us=211 acquire_us=101 submit_us=47010 skipped=0
frust_shell_common::perf: frust-perf raw n=198 total_us=47855 rebuild_us=238 layout_us=1 paint_us=560 encode_us=257 acquire_us=155 submit_us=46640 skipped=0
frust_shell_common::perf: frust-perf raw n=199 total_us=48190 rebuild_us=249 layout_us=2 paint_us=590 encode_us=247 acquire_us=137 submit_us=46962 skipped=0
frust_shell_common::perf: frust-perf raw n=200 total_us=48253 rebuild_us=208 layout_us=1 paint_us=522 encode_us=241 acquire_us=141 submit_us=47136 skipped=0
frust_shell_common::perf: frust-perf raw n=201 total_us=47676 rebuild_us=214 layout_us=1 paint_us=534 encode_us=237 acquire_us=130 submit_us=46556 skipped=0
frust_shell_common::perf: frust-perf raw n=202 total_us=48009 rebuild_us=206 layout_us=1 paint_us=513 encode_us=222 acquire_us=108 submit_us=46956 skipped=0
frust_shell_common::perf: frust-perf raw n=203 total_us=47631 rebuild_us=209 layout_us=1 paint_us=529 encode_us=242 acquire_us=133 submit_us=46514 skipped=0
frust_shell_common::perf: frust-perf raw n=204 total_us=48008 rebuild_us=216 layout_us=1 paint_us=545 encode_us=238 acquire_us=124 submit_us=46881 skipped=0
frust_shell_common::perf: frust-perf raw n=205 total_us=48555 rebuild_us=247 layout_us=1 paint_us=769 encode_us=276 acquire_us=125 submit_us=47135 skipped=0
frust_shell_common::perf: frust-perf raw n=206 total_us=49345 rebuild_us=888 layout_us=1 paint_us=1116 encode_us=224 acquire_us=113 submit_us=47002 skipped=0
frust_shell_common::perf: frust-perf frame n=120 total_p50_ms=47 total_p95_ms=48 total_p99_ms=49 rebuild_p95_ms=0 layout_p95_ms=0 paint_p95_ms=0 encode_p95_ms=0 acquire_p95_ms=0 submit_p95_ms=47 over_60hz=206 over_120hz=206 skipped=0 total_frames=206
frust_shell_common::perf: frust-perf raw n=207 total_us=48638 rebuild_us=227 layout_us=2 paint_us=658 encode_us=264 acquire_us=170 submit_us=47315 skipped=0
frust_shell_common::perf: frust-perf raw n=208 total_us=46861 rebuild_us=87 layout_us=0 paint_us=162 encode_us=203 acquire_us=156 submit_us=46250 skipped=0
frust_shell_common::perf: frust-perf raw n=209 total_us=47494 rebuild_us=80 layout_us=0 paint_us=153 encode_us=209 acquire_us=130 submit_us=46918 skipped=0
frust_shell_common::perf: frust-perf raw n=210 total_us=47862 rebuild_us=227 layout_us=1 paint_us=559 encode_us=226 acquire_us=107 submit_us=46739 skipped=0
frust_shell_common::perf: frust-perf raw n=211 total_us=47668 rebuild_us=120 layout_us=0 paint_us=299 encode_us=211 acquire_us=97 submit_us=46938 skipped=0
frust_shell_common::perf: frust-perf raw n=212 total_us=47535 rebuild_us=83 layout_us=0 paint_us=154 encode_us=221 acquire_us=105 submit_us=46970 skipped=0
frust_shell_common::perf: frust-perf raw n=213 total_us=47579 rebuild_us=87 layout_us=0 paint_us=164 encode_us=210 acquire_us=96 submit_us=47020 skipped=0
frust_shell_common::perf: frust-perf raw n=214 total_us=47786 rebuild_us=219 layout_us=1 paint_us=538 encode_us=255 acquire_us=235 submit_us=46536 skipped=0
frust_shell_common::perf: frust-perf raw n=215 total_us=47576 rebuild_us=199 layout_us=1 paint_us=506 encode_us=222 acquire_us=110 submit_us=46535 skipped=0
frust_shell_common::perf: frust-perf raw n=216 total_us=47955 rebuild_us=212 layout_us=1 paint_us=532 encode_us=241 acquire_us=148 submit_us=46819 skipped=0
frust_shell_common::perf: frust-perf raw n=217 total_us=47907 rebuild_us=205 layout_us=1 paint_us=522 encode_us=233 acquire_us=121 submit_us=46823 skipped=0
frust_shell_common::perf: frust-perf raw n=218 total_us=48173 rebuild_us=194 layout_us=1 paint_us=681 encode_us=227 acquire_us=113 submit_us=46953 skipped=0
frust_shell_common::perf: frust-perf raw n=219 total_us=47472 rebuild_us=206 layout_us=1 paint_us=522 encode_us=227 acquire_us=118 submit_us=46394 skipped=0
frust_shell_android::app::frame: frust-perf platform-view tail depth=0 target=0 acquire_bound=false frame=960 expected_present_us=0 acquire_us=121 period_us=11135
frust_shell_common::perf: frust-perf raw n=220 total_us=48151 rebuild_us=196 layout_us=2 paint_us=504 encode_us=228 acquire_us=110 submit_us=47109 skipped=0
frust_shell_common::perf: frust-perf raw n=221 total_us=47921 rebuild_us=221 layout_us=2 paint_us=544 encode_us=224 acquire_us=117 submit_us=46811 skipped=0
frust_shell_common::perf: frust-perf raw n=222 total_us=47876 rebuild_us=227 layout_us=2 paint_us=555 encode_us=261 acquire_us=177 submit_us=46652 skipped=0
frust_shell_common::perf: frust-perf raw n=223 total_us=48097 rebuild_us=292 layout_us=1 paint_us=643 encode_us=221 acquire_us=107 submit_us=46829 skipped=0
frust_shell_common::perf: frust-perf raw n=224 total_us=48458 rebuild_us=308 layout_us=2 paint_us=1073 encode_us=268 acquire_us=181 submit_us=46624 skipped=0
frust_shell_common::perf: frust-perf raw n=225 total_us=47530 rebuild_us=95 layout_us=0 paint_us=189 encode_us=210 acquire_us=92 submit_us=46942 skipped=0
frust_shell_common::perf: frust-perf raw n=226 total_us=47452 rebuild_us=82 layout_us=0 paint_us=155 encode_us=208 acquire_us=126 submit_us=46878 skipped=0
frust_shell_common::perf: frust-perf raw n=227 total_us=48302 rebuild_us=227 layout_us=1 paint_us=665 encode_us=264 acquire_us=157 submit_us=46986 skipped=0
frust_shell_common::perf: frust-perf raw n=228 total_us=48090 rebuild_us=201 layout_us=2 paint_us=512 encode_us=224 acquire_us=108 submit_us=47040 skipped=0
frust_shell_common::perf: frust-perf raw n=229 total_us=47793 rebuild_us=190 layout_us=1 paint_us=497 encode_us=222 acquire_us=107 submit_us=46774 skipped=0
frust_shell_common::perf: frust-perf raw n=230 total_us=47779 rebuild_us=195 layout_us=1 paint_us=508 encode_us=222 acquire_us=108 submit_us=46742 skipped=0
frust_shell_common::perf: frust-perf raw n=231 total_us=47946 rebuild_us=222 layout_us=1 paint_us=560 encode_us=294 acquire_us=131 submit_us=46735 skipped=0
frust_shell_common::perf: frust-perf raw n=232 total_us=47699 rebuild_us=222 layout_us=2 paint_us=640 encode_us=257 acquire_us=160 submit_us=46416 skipped=0
frust_shell_common::perf: frust-perf raw n=233 total_us=47864 rebuild_us=210 layout_us=1 paint_us=668 encode_us=238 acquire_us=122 submit_us=46622 skipped=0
frust_shell_common::perf: frust-perf raw n=234 total_us=48112 rebuild_us=367 layout_us=2 paint_us=544 encode_us=226 acquire_us=109 submit_us=46862 skipped=0
frust_shell_common::perf: frust-perf raw n=235 total_us=48887 rebuild_us=214 layout_us=1 paint_us=550 encode_us=239 acquire_us=129 submit_us=47751 skipped=0
frust_shell_common::perf: frust-perf raw n=236 total_us=47903 rebuild_us=221 layout_us=2 paint_us=541 encode_us=311 acquire_us=96 submit_us=46730 skipped=0
frust_shell_common::perf: frust-perf raw n=237 total_us=47668 rebuild_us=218 layout_us=1 paint_us=536 encode_us=247 acquire_us=143 submit_us=46519 skipped=0
frust_shell_common::perf: frust-perf raw n=238 total_us=47587 rebuild_us=151 layout_us=0 paint_us=332 encode_us=238 acquire_us=122 submit_us=46741 skipped=0
frust_shell_common::perf: frust-perf raw n=239 total_us=47178 rebuild_us=83 layout_us=0 paint_us=155 encode_us=207 acquire_us=95 submit_us=46637 skipped=0
frust_shell_common::perf: frust-perf raw n=240 total_us=47476 rebuild_us=84 layout_us=0 paint_us=155 encode_us=219 acquire_us=106 submit_us=46908 skipped=0
frust_shell_common::perf: frust-perf raw n=241 total_us=47911 rebuild_us=197 layout_us=1 paint_us=504 encode_us=222 acquire_us=106 submit_us=46878 skipped=0
frust_shell_common::perf: frust-perf raw n=242 total_us=48093 rebuild_us=190 layout_us=1 paint_us=501 encode_us=222 acquire_us=107 submit_us=47068 skipped=0
frust_shell_common::perf: frust-perf raw n=243 total_us=48090 rebuild_us=208 layout_us=2 paint_us=608 encode_us=211 acquire_us=93 submit_us=46968 skipped=0
frust_shell_common::perf: frust-perf raw n=244 total_us=48011 rebuild_us=198 layout_us=1 paint_us=509 encode_us=227 acquire_us=124 submit_us=46950 skipped=0
frust_shell_common::perf: frust-perf raw n=245 total_us=47711 rebuild_us=195 layout_us=1 paint_us=653 encode_us=224 acquire_us=112 submit_us=46523 skipped=0
frust_shell_common::perf: frust-perf raw n=246 total_us=48525 rebuild_us=192 layout_us=1 paint_us=501 encode_us=224 acquire_us=105 submit_us=47499 skipped=0
frust_shell_common::perf: frust-perf raw n=247 total_us=47522 rebuild_us=213 layout_us=1 paint_us=533 encode_us=244 acquire_us=131 submit_us=46397 skipped=0
frust_shell_android::app::frame: frust-perf platform-view tail depth=0 target=0 acquire_bound=false frame=1080 expected_present_us=0 acquire_us=111 period_us=11131
frust_shell_common::perf: frust-perf raw n=248 total_us=47435 rebuild_us=263 layout_us=1 paint_us=502 encode_us=222 acquire_us=105 submit_us=46339 skipped=0
frust_shell_common::perf: frust-perf frame n=120 total_p50_ms=47 total_p95_ms=48 total_p99_ms=49 rebuild_p95_ms=0 layout_p95_ms=0 paint_p95_ms=0 encode_p95_ms=0 acquire_p95_ms=0 submit_p95_ms=47 over_60hz=248 over_120hz=248 skipped=0 total_frames=248
frust_shell_common::perf: frust-perf raw n=249 total_us=48024 rebuild_us=82 layout_us=0 paint_us=156 encode_us=180 acquire_us=102 submit_us=47500 skipped=0
frust_shell_common::perf: frust-perf raw n=250 total_us=47783 rebuild_us=215 layout_us=1 paint_us=533 encode_us=236 acquire_us=131 submit_us=46664 skipped=0
frust_shell_common::perf: frust-perf raw n=251 total_us=48216 rebuild_us=194 layout_us=1 paint_us=502 encode_us=223 acquire_us=108 submit_us=47185 skipped=0
frust_shell_common::perf: frust-perf raw n=252 total_us=47874 rebuild_us=218 layout_us=1 paint_us=536 encode_us=287 acquire_us=111 submit_us=46718 skipped=0
frust_shell_common::perf: frust-perf raw n=253 total_us=48106 rebuild_us=194 layout_us=1 paint_us=603 encode_us=222 acquire_us=107 submit_us=46977 skipped=0
frust_shell_common::perf: frust-perf raw n=254 total_us=47822 rebuild_us=211 layout_us=1 paint_us=655 encode_us=227 acquire_us=108 submit_us=46617 skipped=0
frust_shell_common::perf: frust-perf raw n=255 total_us=47870 rebuild_us=200 layout_us=1 paint_us=520 encode_us=228 acquire_us=117 submit_us=46802 skipped=0
frust_shell_common::perf: frust-perf raw n=256 total_us=48443 rebuild_us=257 layout_us=2 paint_us=602 encode_us=255 acquire_us=159 submit_us=47166 skipped=0
frust_shell_common::perf: frust-perf raw n=257 total_us=48371 rebuild_us=251 layout_us=2 paint_us=707 encode_us=320 acquire_us=162 submit_us=46928 skipped=0
frust_shell_common::perf: frust-perf raw n=258 total_us=47720 rebuild_us=255 layout_us=2 paint_us=588 encode_us=253 acquire_us=141 submit_us=46480 skipped=0
frust_shell_common::perf: frust-perf raw n=259 total_us=48088 rebuild_us=228 layout_us=2 paint_us=654 encode_us=239 acquire_us=132 submit_us=46830 skipped=0
frust_shell_common::perf: frust-perf raw n=260 total_us=47898 rebuild_us=217 layout_us=2 paint_us=544 encode_us=257 acquire_us=132 submit_us=46744 skipped=0
frust_shell_common::perf: frust-perf raw n=261 total_us=48105 rebuild_us=184 layout_us=2 paint_us=495 encode_us=220 acquire_us=110 submit_us=47092 skipped=0
frust_shell_common::perf: frust-perf raw n=262 total_us=47828 rebuild_us=221 layout_us=2 paint_us=567 encode_us=246 acquire_us=200 submit_us=46590 skipped=0
frust_shell_common::perf: frust-perf raw n=263 total_us=47333 rebuild_us=143 layout_us=0 paint_us=174 encode_us=254 acquire_us=96 submit_us=46664 skipped=0
frust_shell_common::perf: frust-perf raw n=264 total_us=47267 rebuild_us=81 layout_us=0 paint_us=152 encode_us=212 acquire_us=94 submit_us=46725 skipped=0
frust_shell_common::perf: frust-perf raw n=265 total_us=48099 rebuild_us=266 layout_us=2 paint_us=652 encode_us=211 acquire_us=97 submit_us=46868 skipped=0
frust_shell_common::perf: frust-perf raw n=266 total_us=48006 rebuild_us=191 layout_us=1 paint_us=498 encode_us=222 acquire_us=106 submit_us=46984 skipped=0
frust_shell_common::perf: frust-perf raw n=267 total_us=48313 rebuild_us=247 layout_us=2 paint_us=596 encode_us=257 acquire_us=155 submit_us=47054 skipped=0
frust_shell_common::perf: frust-perf raw n=268 total_us=47979 rebuild_us=215 layout_us=1 paint_us=629 encode_us=311 acquire_us=157 submit_us=46664 skipped=0
frust_shell_common::perf: frust-perf raw n=269 total_us=47912 rebuild_us=195 layout_us=1 paint_us=623 encode_us=209 acquire_us=100 submit_us=46781 skipped=0
frust_shell_common::perf: frust-perf raw n=270 total_us=47786 rebuild_us=263 layout_us=1 paint_us=507 encode_us=224 acquire_us=107 submit_us=46681 skipped=0
frust_shell_common::perf: frust-perf raw n=271 total_us=48272 rebuild_us=187 layout_us=1 paint_us=500 encode_us=220 acquire_us=104 submit_us=47256 skipped=0
frust_shell_common::perf: frust-perf raw n=272 total_us=47348 rebuild_us=218 layout_us=1 paint_us=534 encode_us=241 acquire_us=131 submit_us=46220 skipped=0
frust_shell_common::perf: frust-perf raw n=273 total_us=47843 rebuild_us=188 layout_us=1 paint_us=500 encode_us=223 acquire_us=109 submit_us=46819 skipped=0
frust_shell_common::perf: frust-perf raw n=274 total_us=47986 rebuild_us=225 layout_us=2 paint_us=757 encode_us=291 acquire_us=131 submit_us=46578 skipped=0
frust_shell_common::perf: frust-perf raw n=275 total_us=48089 rebuild_us=200 layout_us=2 paint_us=515 encode_us=251 acquire_us=102 submit_us=47017 skipped=0
frust_shell_common::perf: frust-perf raw n=276 total_us=47737 rebuild_us=294 layout_us=1 paint_us=655 encode_us=265 acquire_us=159 submit_us=46360 skipped=0
frust_shell_android::app::frame: frust-perf platform-view tail depth=0 target=0 acquire_bound=false frame=1200 expected_present_us=0 acquire_us=123 period_us=11133
frust_shell_common::perf: frust-perf raw n=277 total_us=48107 rebuild_us=200 layout_us=1 paint_us=509 encode_us=237 acquire_us=120 submit_us=47037 skipped=0
frust_shell_common::perf: frust-perf raw n=278 total_us=47831 rebuild_us=266 layout_us=1 paint_us=602 encode_us=257 acquire_us=174 submit_us=46528 skipped=0
frust_shell_common::perf: frust-perf raw n=279 total_us=47991 rebuild_us=197 layout_us=1 paint_us=578 encode_us=224 acquire_us=122 submit_us=46866 skipped=0
frust_shell_common::perf: frust-perf raw n=280 total_us=48153 rebuild_us=192 layout_us=1 paint_us=499 encode_us=276 acquire_us=114 submit_us=47068 skipped=0
frust_shell_common::perf: frust-perf raw n=281 total_us=48138 rebuild_us=195 layout_us=1 paint_us=576 encode_us=221 acquire_us=111 submit_us=47030 skipped=0
frust_shell_common::perf: frust-perf raw n=282 total_us=47787 rebuild_us=279 layout_us=2 paint_us=771 encode_us=261 acquire_us=156 submit_us=46315 skipped=0
frust_shell_common::perf: frust-perf raw n=283 total_us=47562 rebuild_us=80 layout_us=0 paint_us=152 encode_us=209 acquire_us=95 submit_us=47022 skipped=0
frust_shell_common::perf: frust-perf raw n=284 total_us=47471 rebuild_us=78 layout_us=0 paint_us=155 encode_us=209 acquire_us=96 submit_us=46930 skipped=0
frust_shell_common::perf: frust-perf raw n=285 total_us=47934 rebuild_us=182 layout_us=1 paint_us=484 encode_us=302 acquire_us=134 submit_us=46828 skipped=0
frust_shell_common::perf: frust-perf raw n=286 total_us=47578 rebuild_us=88 layout_us=0 paint_us=167 encode_us=221 acquire_us=112 submit_us=46987 skipped=0
frust_shell_common::perf: frust-perf raw n=287 total_us=48064 rebuild_us=84 layout_us=0 paint_us=154 encode_us=211 acquire_us=98 submit_us=47515 skipped=0
frust_shell_common::perf: frust-perf raw n=288 total_us=46804 rebuild_us=92 layout_us=0 paint_us=227 encode_us=209 acquire_us=95 submit_us=46178 skipped=0
frust_shell_common::perf: frust-perf raw n=289 total_us=48066 rebuild_us=81 layout_us=0 paint_us=158 encode_us=186 acquire_us=91 submit_us=47547 skipped=0
frust_shell_common::perf: frust-perf raw n=290 total_us=48563 rebuild_us=225 layout_us=1 paint_us=779 encode_us=249 acquire_us=140 submit_us=47166 skipped=0
frust_shell_common::perf: frust-perf frame n=120 total_p50_ms=47 total_p95_ms=48 total_p99_ms=49 rebuild_p95_ms=0 layout_p95_ms=0 paint_p95_ms=0 encode_p95_ms=0 acquire_p95_ms=0 submit_p95_ms=47 over_60hz=290 over_120hz=290 skipped=0 total_frames=290
frust_shell_common::perf: frust-perf raw n=291 total_us=47705 rebuild_us=186 layout_us=1 paint_us=504 encode_us=222 acquire_us=115 submit_us=46675 skipped=0
frust_shell_common::perf: frust-perf raw n=292 total_us=47612 rebuild_us=276 layout_us=1 paint_us=669 encode_us=266 acquire_us=157 submit_us=46241 skipped=0
frust_shell_common::perf: frust-perf raw n=293 total_us=48097 rebuild_us=81 layout_us=0 paint_us=156 encode_us=174 acquire_us=83 submit_us=47601 skipped=0
frust_shell_common::perf: frust-perf raw n=294 total_us=48042 rebuild_us=228 layout_us=1 paint_us=549 encode_us=279 acquire_us=126 submit_us=46855 skipped=0
frust_shell_common::perf: frust-perf raw n=295 total_us=49071 rebuild_us=317 layout_us=2 paint_us=563 encode_us=238 acquire_us=123 submit_us=47825 skipped=0
frust_shell_common::perf: frust-perf raw n=296 total_us=47627 rebuild_us=206 layout_us=1 paint_us=531 encode_us=267 acquire_us=143 submit_us=46476 skipped=0
frust_shell_common::perf: frust-perf raw n=297 total_us=47350 rebuild_us=82 layout_us=0 paint_us=154 encode_us=208 acquire_us=95 submit_us=46810 skipped=0
frust_shell_common::perf: frust-perf raw n=298 total_us=47995 rebuild_us=207 layout_us=1 paint_us=518 encode_us=320 acquire_us=192 submit_us=46753 skipped=0
frust_shell_common::perf: frust-perf raw n=299 total_us=47784 rebuild_us=205 layout_us=2 paint_us=520 encode_us=237 acquire_us=125 submit_us=46693 skipped=0
frust_shell_common::perf: frust-perf raw n=300 total_us=48146 rebuild_us=288 layout_us=1 paint_us=525 encode_us=240 acquire_us=145 submit_us=46944 skipped=0
frust_shell_common::perf: frust-perf raw n=301 total_us=48086 rebuild_us=190 layout_us=1 paint_us=498 encode_us=222 acquire_us=107 submit_us=47064 skipped=0
frust_shell_common::perf: frust-perf raw n=302 total_us=48322 rebuild_us=213 layout_us=1 paint_us=528 encode_us=243 acquire_us=142 submit_us=47192 skipped=0
frust_shell_common::perf: frust-perf raw n=303 total_us=47851 rebuild_us=233 layout_us=1 paint_us=586 encode_us=247 acquire_us=143 submit_us=46637 skipped=0
frust_shell_common::perf: frust-perf raw n=304 total_us=47686 rebuild_us=105 layout_us=0 paint_us=229 encode_us=225 acquire_us=113 submit_us=47012 skipped=0
frust_shell_android::app::frame: frust-perf platform-view tail depth=0 target=0 acquire_bound=false frame=1320 expected_present_us=0 acquire_us=120 period_us=11137
frust_shell_common::perf: frust-perf raw n=305 total_us=47219 rebuild_us=81 layout_us=0 paint_us=154 encode_us=206 acquire_us=96 submit_us=46679 skipped=0
frust_shell_common::perf: frust-perf raw n=306 total_us=48427 rebuild_us=202 layout_us=2 paint_us=717 encode_us=223 acquire_us=114 submit_us=47167 skipped=0
frust_shell_common::perf: frust-perf raw n=307 total_us=47151 rebuild_us=116 layout_us=0 paint_us=260 encode_us=228 acquire_us=118 submit_us=46426 skipped=0
frust_shell_common::perf: frust-perf raw n=308 total_us=47314 rebuild_us=81 layout_us=0 paint_us=153 encode_us=213 acquire_us=93 submit_us=46771 skipped=0
frust_shell_common::perf: frust-perf raw n=309 total_us=48088 rebuild_us=216 layout_us=1 paint_us=539 encode_us=239 acquire_us=119 submit_us=46971 skipped=0
frust_shell_common::perf: frust-perf raw n=310 total_us=48660 rebuild_us=241 layout_us=2 paint_us=605 encode_us=251 acquire_us=151 submit_us=47409 skipped=0
frust_shell_common::perf: frust-perf raw n=311 total_us=48105 rebuild_us=498 layout_us=2 paint_us=700 encode_us=232 acquire_us=112 submit_us=46559 skipped=0
frust_shell_common::perf: frust-perf raw n=312 total_us=47818 rebuild_us=195 layout_us=1 paint_us=500 encode_us=222 acquire_us=123 submit_us=46775 skipped=0
frust_shell_common::perf: frust-perf raw n=313 total_us=47469 rebuild_us=144 layout_us=1 paint_us=301 encode_us=220 acquire_us=160 submit_us=46640 skipped=0
frust_shell_common::perf: frust-perf raw n=314 total_us=47885 rebuild_us=81 layout_us=0 paint_us=152 encode_us=209 acquire_us=93 submit_us=47348 skipped=0
frust_shell_common::perf: frust-perf raw n=315 total_us=47913 rebuild_us=210 layout_us=1 paint_us=516 encode_us=246 acquire_us=147 submit_us=46789 skipped=0
frust_shell_common::perf: frust-perf raw n=316 total_us=47544 rebuild_us=196 layout_us=1 paint_us=504 encode_us=224 acquire_us=109 submit_us=46508 skipped=0
frust_shell_common::perf: frust-perf raw n=317 total_us=49305 rebuild_us=207 layout_us=2 paint_us=691 encode_us=241 acquire_us=127 submit_us=48035 skipped=0
frust_shell_common::perf: frust-perf raw n=318 total_us=47847 rebuild_us=193 layout_us=1 paint_us=501 encode_us=224 acquire_us=112 submit_us=46813 skipped=0
frust_shell_common::perf: frust-perf raw n=319 total_us=48250 rebuild_us=194 layout_us=1 paint_us=506 encode_us=224 acquire_us=111 submit_us=47212 skipped=0
frust_shell_common::perf: frust-perf raw n=320 total_us=47910 rebuild_us=193 layout_us=1 paint_us=627 encode_us=223 acquire_us=107 submit_us=46755 skipped=0
frust_shell_common::perf: frust-perf raw n=321 total_us=47659 rebuild_us=198 layout_us=1 paint_us=505 encode_us=227 acquire_us=112 submit_us=46613 skipped=0
frust_shell_common::perf: frust-perf raw n=322 total_us=48488 rebuild_us=150 layout_us=1 paint_us=359 encode_us=286 acquire_us=112 submit_us=47577 skipped=0
frust_shell_common::perf: frust-perf raw n=323 total_us=47658 rebuild_us=290 layout_us=2 paint_us=743 encode_us=263 acquire_us=168 submit_us=46190 skipped=0
frust_shell_common::perf: frust-perf raw n=324 total_us=48077 rebuild_us=213 layout_us=1 paint_us=760 encode_us=239 acquire_us=148 submit_us=46713 skipped=0
frust_shell_common::perf: frust-perf raw n=325 total_us=47813 rebuild_us=203 layout_us=1 paint_us=510 encode_us=225 acquire_us=122 submit_us=46750 skipped=0
frust_shell_common::perf: frust-perf raw n=326 total_us=47687 rebuild_us=191 layout_us=1 paint_us=498 encode_us=224 acquire_us=109 submit_us=46661 skipped=0
frust_shell_common::perf: frust-perf raw n=327 total_us=47919 rebuild_us=210 layout_us=2 paint_us=528 encode_us=224 acquire_us=107 submit_us=46846 skipped=0
frust_shell_common::perf: frust-perf raw n=328 total_us=48022 rebuild_us=199 layout_us=1 paint_us=503 encode_us=245 acquire_us=143 submit_us=46928 skipped=0
frust_shell_common::perf: frust-perf raw n=329 total_us=47921 rebuild_us=242 layout_us=1 paint_us=571 encode_us=244 acquire_us=144 submit_us=46717 skipped=0
frust_shell_common::perf: frust-perf raw n=330 total_us=47966 rebuild_us=195 layout_us=2 paint_us=501 encode_us=220 acquire_us=123 submit_us=46922 skipped=0
frust_shell_common::perf: frust-perf raw n=331 total_us=48381 rebuild_us=197 layout_us=1 paint_us=582 encode_us=232 acquire_us=123 submit_us=47244 skipped=0
frust_shell_common::perf: frust-perf raw n=332 total_us=47753 rebuild_us=216 layout_us=2 paint_us=542 encode_us=246 acquire_us=188 submit_us=46556 skipped=0
frust_shell_common::perf: frust-perf frame n=120 total_p50_ms=47 total_p95_ms=48 total_p99_ms=49 rebuild_p95_ms=0 layout_p95_ms=0 paint_p95_ms=0 encode_p95_ms=0 acquire_p95_ms=0 submit_p95_ms=47 over_60hz=332 over_120hz=332 skipped=0 total_frames=332
frust_shell_android::app::frame: frust-perf platform-view tail depth=0 target=0 acquire_bound=false frame=1440 expected_present_us=0 acquire_us=145 period_us=11140
frust_shell_common::perf: frust-perf raw n=333 total_us=47760 rebuild_us=356 layout_us=1 paint_us=631 encode_us=252 acquire_us=160 submit_us=46358 skipped=0
frust_shell_common::perf: frust-perf raw n=334 total_us=47560 rebuild_us=265 layout_us=1 paint_us=674 encode_us=251 acquire_us=156 submit_us=46209 skipped=0
frust_shell_common::perf: frust-perf raw n=335 total_us=48851 rebuild_us=191 layout_us=2 paint_us=495 encode_us=223 acquire_us=124 submit_us=47815 skipped=0
frust_shell_common::perf: frust-perf raw n=336 total_us=47767 rebuild_us=213 layout_us=1 paint_us=534 encode_us=226 acquire_us=133 submit_us=46657 skipped=0
frust_shell_common::perf: frust-perf raw n=337 total_us=47809 rebuild_us=203 layout_us=1 paint_us=518 encode_us=235 acquire_us=123 submit_us=46726 skipped=0
frust_shell_common::perf: frust-perf raw n=338 total_us=47661 rebuild_us=208 layout_us=1 paint_us=522 encode_us=275 acquire_us=120 submit_us=46533 skipped=0
frust_shell_common::perf: frust-perf raw n=339 total_us=48320 rebuild_us=204 layout_us=1 paint_us=518 encode_us=239 acquire_us=125 submit_us=47229 skipped=0
frust_shell_common::perf: frust-perf raw n=340 total_us=48415 rebuild_us=219 layout_us=1 paint_us=715 encode_us=233 acquire_us=112 submit_us=47131 skipped=0
frust_shell_common::perf: frust-perf raw n=341 total_us=48015 rebuild_us=226 layout_us=1 paint_us=553 encode_us=257 acquire_us=179 submit_us=46796 skipped=0
frust_shell_common::perf: frust-perf raw n=342 total_us=48065 rebuild_us=387 layout_us=2 paint_us=570 encode_us=223 acquire_us=107 submit_us=46774 skipped=0
frust_shell_common::perf: frust-perf raw n=343 total_us=47761 rebuild_us=196 layout_us=1 paint_us=504 encode_us=264 acquire_us=122 submit_us=46671 skipped=0
frust_shell_common::perf: frust-perf raw n=344 total_us=47793 rebuild_us=250 layout_us=2 paint_us=628 encode_us=215 acquire_us=112 submit_us=46582 skipped=0
frust_shell_common::perf: frust-perf raw n=345 total_us=48178 rebuild_us=199 layout_us=1 paint_us=503 encode_us=234 acquire_us=115 submit_us=47124 skipped=0
frust_shell_common::perf: frust-perf raw n=346 total_us=47691 rebuild_us=212 layout_us=2 paint_us=541 encode_us=239 acquire_us=145 submit_us=46549 skipped=0
frust_shell_common::perf: frust-perf raw n=347 total_us=47524 rebuild_us=200 layout_us=1 paint_us=510 encode_us=230 acquire_us=123 submit_us=46457 skipped=0
frust_shell_common::perf: frust-perf raw n=348 total_us=48180 rebuild_us=198 layout_us=1 paint_us=513 encode_us=222 acquire_us=122 submit_us=47122 skipped=0
frust_shell_common::perf: frust-perf raw n=349 total_us=48234 rebuild_us=200 layout_us=2 paint_us=511 encode_us=275 acquire_us=131 submit_us=47113 skipped=0
frust_shell_common::perf: frust-perf raw n=350 total_us=48156 rebuild_us=222 layout_us=1 paint_us=550 encode_us=241 acquire_us=106 submit_us=47033 skipped=0
frust_shell_common::perf: frust-perf raw n=351 total_us=48041 rebuild_us=220 layout_us=1 paint_us=740 encode_us=228 acquire_us=109 submit_us=46739 skipped=0
frust_shell_common::perf: frust-perf raw n=352 total_us=47607 rebuild_us=190 layout_us=1 paint_us=500 encode_us=226 acquire_us=107 submit_us=46580 skipped=0
frust_shell_common::perf: frust-perf raw n=353 total_us=47211 rebuild_us=129 layout_us=0 paint_us=185 encode_us=210 acquire_us=90 submit_us=46594 skipped=0
frust_shell_common::perf: frust-perf raw n=354 total_us=47328 rebuild_us=140 layout_us=0 paint_us=190 encode_us=219 acquire_us=90 submit_us=46687 skipped=0
frust_shell_common::perf: frust-perf raw n=355 total_us=46947 rebuild_us=125 layout_us=0 paint_us=190 encode_us=247 acquire_us=92 submit_us=46289 skipped=0
frust_shell_common::perf: frust-perf raw n=356 total_us=47405 rebuild_us=110 layout_us=0 paint_us=189 encode_us=247 acquire_us=99 submit_us=46758 skipped=0
frust_shell_common::perf: frust-perf raw n=357 total_us=47594 rebuild_us=102 layout_us=0 paint_us=189 encode_us=181 acquire_us=89 submit_us=47030 skipped=0
frust_shell_common::perf: frust-perf raw n=358 total_us=48205 rebuild_us=80 layout_us=0 paint_us=152 encode_us=210 acquire_us=93 submit_us=47668 skipped=0
frust_shell_common::perf: frust-perf raw n=359 total_us=47210 rebuild_us=234 layout_us=1 paint_us=556 encode_us=271 acquire_us=160 submit_us=45985 skipped=0
frust_shell_common::perf: frust-perf raw n=360 total_us=48261 rebuild_us=197 layout_us=1 paint_us=523 encode_us=231 acquire_us=122 submit_us=47183 skipped=0
frust_shell_android::app::frame: frust-perf platform-view tail depth=0 target=0 acquire_bound=false frame=1560 expected_present_us=0 acquire_us=121 period_us=11133
frust_shell_common::perf: frust-perf raw n=361 total_us=48610 rebuild_us=232 layout_us=2 paint_us=736 encode_us=252 acquire_us=145 submit_us=47240 skipped=0
frust_shell_common::perf: frust-perf raw n=362 total_us=47707 rebuild_us=372 layout_us=3 paint_us=720 encode_us=273 acquire_us=159 submit_us=46179 skipped=0
frust_shell_common::perf: frust-perf raw n=363 total_us=47499 rebuild_us=83 layout_us=0 paint_us=156 encode_us=210 acquire_us=103 submit_us=46945 skipped=0
frust_shell_common::perf: frust-perf raw n=364 total_us=47710 rebuild_us=90 layout_us=0 paint_us=158 encode_us=212 acquire_us=112 submit_us=47134 skipped=0
frust_shell_common::perf: frust-perf raw n=365 total_us=48346 rebuild_us=198 layout_us=2 paint_us=508 encode_us=235 acquire_us=122 submit_us=47278 skipped=0
frust_shell_common::perf: frust-perf raw n=366 total_us=47389 rebuild_us=219 layout_us=1 paint_us=542 encode_us=249 acquire_us=149 submit_us=46226 skipped=0
frust_shell_common::perf: frust-perf raw n=367 total_us=47785 rebuild_us=189 layout_us=1 paint_us=574 encode_us=227 acquire_us=110 submit_us=46681 skipped=0
frust_shell_common::perf: frust-perf raw n=368 total_us=48287 rebuild_us=192 layout_us=1 paint_us=504 encode_us=225 acquire_us=119 submit_us=47243 skipped=0
frust_shell_common::perf: frust-perf raw n=369 total_us=47560 rebuild_us=200 layout_us=1 paint_us=749 encode_us=224 acquire_us=115 submit_us=46268 skipped=0
frust_shell_common::perf: frust-perf raw n=370 total_us=47858 rebuild_us=177 layout_us=1 paint_us=473 encode_us=209 acquire_us=104 submit_us=46892 skipped=0
frust_shell_common::perf: frust-perf raw n=371 total_us=48430 rebuild_us=206 layout_us=1 paint_us=584 encode_us=211 acquire_us=107 submit_us=47319 skipped=0
frust_shell_common::perf: frust-perf raw n=372 total_us=47787 rebuild_us=300 layout_us=2 paint_us=746 encode_us=261 acquire_us=165 submit_us=46310 skipped=0
frust_shell_common::perf: frust-perf raw n=373 total_us=48131 rebuild_us=205 layout_us=1 paint_us=892 encode_us=222 acquire_us=126 submit_us=46683 skipped=0
frust_shell_common::perf: frust-perf raw n=374 total_us=47786 rebuild_us=103 layout_us=0 paint_us=222 encode_us=223 acquire_us=108 submit_us=47126 skipped=0
frust_shell_common::perf: frust-perf frame n=120 total_p50_ms=47 total_p95_ms=48 total_p99_ms=49 rebuild_p95_ms=0 layout_p95_ms=0 paint_p95_ms=0 encode_p95_ms=0 acquire_p95_ms=0 submit_p95_ms=47 over_60hz=374 over_120hz=374 skipped=0 total_frames=374
frust_shell_common::perf: frust-perf raw n=375 total_us=47704 rebuild_us=211 layout_us=2 paint_us=529 encode_us=238 acquire_us=127 submit_us=46594 skipped=0
frust_shell_common::perf: frust-perf raw n=376 total_us=48075 rebuild_us=219 layout_us=2 paint_us=636 encode_us=245 acquire_us=137 submit_us=46834 skipped=0
frust_shell_common::perf: frust-perf raw n=377 total_us=47684 rebuild_us=212 layout_us=2 paint_us=718 encode_us=335 acquire_us=174 submit_us=46242 skipped=0
frust_shell_common::perf: frust-perf raw n=378 total_us=47457 rebuild_us=85 layout_us=0 paint_us=154 encode_us=206 acquire_us=95 submit_us=46915 skipped=0
frust_shell_common::perf: frust-perf raw n=379 total_us=47305 rebuild_us=195 layout_us=1 paint_us=494 encode_us=260 acquire_us=150 submit_us=46203 skipped=0
frust_shell_common::perf: frust-perf raw n=380 total_us=47589 rebuild_us=203 layout_us=2 paint_us=513 encode_us=224 acquire_us=110 submit_us=46535 skipped=0
frust_shell_common::perf: frust-perf raw n=381 total_us=48297 rebuild_us=195 layout_us=1 paint_us=584 encode_us=224 acquire_us=107 submit_us=47184 skipped=0
frust_shell_common::perf: frust-perf raw n=382 total_us=47271 rebuild_us=274 layout_us=2 paint_us=918 encode_us=266 acquire_us=159 submit_us=45650 skipped=0
frust_shell_common::perf: frust-perf raw n=383 total_us=47998 rebuild_us=198 layout_us=1 paint_us=506 encode_us=226 acquire_us=110 submit_us=46954 skipped=0
frust_shell_common::perf: frust-perf raw n=384 total_us=47863 rebuild_us=218 layout_us=1 paint_us=606 encode_us=242 acquire_us=123 submit_us=46670 skipped=0
frust_shell_common::perf: frust-perf raw n=385 total_us=48273 rebuild_us=195 layout_us=1 paint_us=499 encode_us=225 acquire_us=111 submit_us=47239 skipped=0
frust_shell_common::perf: frust-perf raw n=386 total_us=47981 rebuild_us=280 layout_us=1 paint_us=693 encode_us=264 acquire_us=157 submit_us=46583 skipped=0
frust_shell_common::perf: frust-perf raw n=387 total_us=47949 rebuild_us=193 layout_us=2 paint_us=502 encode_us=225 acquire_us=127 submit_us=46898 skipped=0
frust_shell_common::perf: frust-perf raw n=388 total_us=48590 rebuild_us=219 layout_us=2 paint_us=536 encode_us=259 acquire_us=143 submit_us=47429 skipped=0
frust_shell_common::perf: frust-perf raw n=389 total_us=48524 rebuild_us=273 layout_us=1 paint_us=693 encode_us=271 acquire_us=160 submit_us=47123 skipped=0
frust_shell_android::app::frame: frust-perf platform-view tail depth=0 target=0 acquire_bound=false frame=1680 expected_present_us=0 acquire_us=137 period_us=11135
frust_shell_common::perf: frust-perf raw n=390 total_us=48019 rebuild_us=220 layout_us=2 paint_us=533 encode_us=240 acquire_us=134 submit_us=46887 skipped=0
frust_shell_common::perf: frust-perf raw n=391 total_us=47132 rebuild_us=85 layout_us=0 paint_us=157 encode_us=210 acquire_us=95 submit_us=46582 skipped=0
frust_shell_common::perf: frust-perf raw n=392 total_us=48016 rebuild_us=184 layout_us=1 paint_us=579 encode_us=207 acquire_us=94 submit_us=46947 skipped=0
frust_shell_common::perf: frust-perf raw n=393 total_us=48191 rebuild_us=205 layout_us=1 paint_us=520 encode_us=239 acquire_us=138 submit_us=47084 skipped=0
frust_shell_common::perf: frust-perf raw n=394 total_us=49494 rebuild_us=281 layout_us=1 paint_us=804 encode_us=323 acquire_us=172 submit_us=47910 skipped=0
frust_shell_common::perf: frust-perf raw n=395 total_us=47371 rebuild_us=224 layout_us=1 paint_us=547 encode_us=244 acquire_us=138 submit_us=46214 skipped=0
frust_shell_common::perf: frust-perf raw n=396 total_us=48597 rebuild_us=194 layout_us=1 paint_us=510 encode_us=233 acquire_us=118 submit_us=47539 skipped=0
frust_shell_common::perf: frust-perf raw n=397 total_us=47631 rebuild_us=249 layout_us=1 paint_us=611 encode_us=246 acquire_us=189 submit_us=46333 skipped=0
frust_shell_common::perf: frust-perf raw n=398 total_us=48270 rebuild_us=200 layout_us=1 paint_us=606 encode_us=304 acquire_us=130 submit_us=47026 skipped=0
frust_shell_common::perf: frust-perf raw n=399 total_us=47835 rebuild_us=263 layout_us=2 paint_us=611 encode_us=267 acquire_us=157 submit_us=46533 skipped=0
frust_shell_common::perf: frust-perf raw n=400 total_us=47682 rebuild_us=194 layout_us=1 paint_us=501 encode_us=222 acquire_us=108 submit_us=46654 skipped=0
frust_shell_common::perf: frust-perf raw n=401 total_us=48108 rebuild_us=195 layout_us=1 paint_us=669 encode_us=282 acquire_us=175 submit_us=46783 skipped=0
frust_shell_common::perf: frust-perf raw n=402 total_us=48013 rebuild_us=193 layout_us=1 paint_us=502 encode_us=225 acquire_us=124 submit_us=46965 skipped=0
frust_shell_common::perf: frust-perf raw n=403 total_us=48563 rebuild_us=346 layout_us=2 paint_us=532 encode_us=255 acquire_us=209 submit_us=47216 skipped=0
frust_shell_common::perf: frust-perf raw n=404 total_us=47376 rebuild_us=207 layout_us=2 paint_us=520 encode_us=234 acquire_us=128 submit_us=46283 skipped=0
frust_shell_common::perf: frust-perf raw n=405 total_us=47880 rebuild_us=81 layout_us=0 paint_us=163 encode_us=175 acquire_us=93 submit_us=47365 skipped=0
frust_shell_common::perf: frust-perf raw n=406 total_us=47370 rebuild_us=194 layout_us=2 paint_us=498 encode_us=220 acquire_us=124 submit_us=46330 skipped=0
frust_shell_common::perf: frust-perf raw n=407 total_us=48983 rebuild_us=235 layout_us=2 paint_us=566 encode_us=264 acquire_us=152 submit_us=47761 skipped=0
frust_shell_common::perf: frust-perf raw n=408 total_us=47787 rebuild_us=247 layout_us=2 paint_us=575 encode_us=226 acquire_us=111 submit_us=46625 skipped=0
frust_shell_common::perf: frust-perf raw n=409 total_us=48493 rebuild_us=300 layout_us=1 paint_us=599 encode_us=233 acquire_us=118 submit_us=47239 skipped=0
frust_shell_common::perf: frust-perf raw n=410 total_us=48078 rebuild_us=197 layout_us=1 paint_us=509 encode_us=222 acquire_us=107 submit_us=47039 skipped=0
frust_shell_common::perf: frust-perf raw n=411 total_us=47610 rebuild_us=195 layout_us=2 paint_us=526 encode_us=250 acquire_us=138 submit_us=46497 skipped=0
frust_shell_common::perf: frust-perf raw n=412 total_us=47866 rebuild_us=264 layout_us=1 paint_us=564 encode_us=253 acquire_us=248 submit_us=46532 skipped=0
frust_shell_common::perf: frust-perf raw n=413 total_us=47945 rebuild_us=216 layout_us=1 paint_us=615 encode_us=229 acquire_us=109 submit_us=46773 skipped=0
frust_shell_common::perf: frust-perf raw n=414 total_us=48576 rebuild_us=366 layout_us=2 paint_us=571 encode_us=221 acquire_us=110 submit_us=47304 skipped=0
