frust_shell_common::perf: frust-perf raw n=4380 total_us=9939 rebuild_us=1021 layout_us=0 paint_us=380 encode_us=6056 acquire_us=93 submit_us=2386 skipped=0
frust_shell_android::app::frame: frust-perf platform-view tail depth=0 target=0 acquire_bound=false frame=101549 expected_present_us=0 acquire_us=82 period_us=11143
frust-perf activity-create
frust_shell_common::perf: bench-scenario-start s1
frust_render::context: frust-perf surface-caps formats=[Rgba8UnormSrgb,Rgba8Unorm,Rgba16Float,Rgb10a2Unorm] usages=TextureUsages(COPY_SRC | COPY_DST | TEXTURE_BINDING | STORAGE_BINDING | RENDER_ATTACHMENT | STORAGE_ATOMIC) direct_to_surface=YES (Rgba8Unorm+STORAGE_BINDING)
frust_render::context: frust-perf render-path direct (Rgba8Unorm+STORAGE_BINDING)
frust_shell_common::perf: frust-perf startup init_entry=0ms font_preinit_started=0ms font_preinit_joined=0ms preinit_started=0ms preinit_joined=18ms cache_loaded=18ms pipeline_cache_restored=18ms adapter_ready=58ms device_ready=58ms renderer_ready=58ms first_rebuild_done=70ms first_encode_done=70ms first_frame_presented=88ms
frust_shell_common::perf: frust-perf raw n=1 total_us=20336 rebuild_us=124 layout_us=1719 paint_us=214 encode_us=249 acquire_us=48 submit_us=17979 skipped=0
frust_shell_common::perf: frust-perf raw n=2 total_us=125903 rebuild_us=76 layout_us=0 paint_us=151 encode_us=138 acquire_us=31 submit_us=125505 skipped=0
frust_shell_common::perf: frust-perf raw n=3 total_us=112418 rebuild_us=159 layout_us=0 paint_us=249 encode_us=250 acquire_us=67 submit_us=111690 skipped=0
frust_shell_common::perf: frust-perf raw n=4 total_us=111733 rebuild_us=143 layout_us=0 paint_us=254 encode_us=153 acquire_us=58 submit_us=111123 skipped=0
frust_shell_common::perf: frust-perf raw n=5 total_us=74825 rebuild_us=114 layout_us=0 paint_us=188 encode_us=152 acquire_us=54 submit_us=74314 skipped=0
frust_shell_common::perf: frust-perf raw n=6 total_us=51611 rebuild_us=87 layout_us=0 paint_us=144 encode_us=322 acquire_us=149 submit_us=50907 skipped=0
frust_shell_common::perf: frust-perf raw n=7 total_us=48902 rebuild_us=99 layout_us=0 paint_us=130 encode_us=146 acquire_us=53 submit_us=48472 skipped=0
frust_shell_common::perf: frust-perf raw n=8 total_us=52015 rebuild_us=104 layout_us=0 paint_us=129 encode_us=194 acquire_us=70 submit_us=51515 skipped=0
frust_shell_common::perf: frust-perf raw n=9 total_us=46866 rebuild_us=90 layout_us=0 paint_us=204 encode_us=151 acquire_us=94 submit_us=46324 skipped=0
frust_shell_common::perf: frust-perf raw n=10 total_us=48249 rebuild_us=53 layout_us=0 paint_us=101 encode_us=137 acquire_us=82 submit_us=47872 skipped=0
frust_shell_common::perf: frust-perf raw n=11 total_us=48748 rebuild_us=55 layout_us=0 paint_us=103 encode_us=138 acquire_us=76 submit_us=48373 skipped=0
frust_shell_common::perf: frust-perf raw n=12 total_us=47529 rebuild_us=54 layout_us=0 paint_us=104 encode_us=136 acquire_us=83 submit_us=47149 skipped=0
frust_shell_common::perf: frust-perf raw n=13 total_us=48158 rebuild_us=80 layout_us=0 paint_us=157 encode_us=205 acquire_us=105 submit_us=47609 skipped=0
frust_shell_common::perf: frust-perf raw n=14 total_us=47750 rebuild_us=62 layout_us=0 paint_us=109 encode_us=141 acquire_us=73 submit_us=47363 skipped=0
frust_shell_common::perf: frust-perf raw n=15 total_us=48933 rebuild_us=72 layout_us=0 paint_us=146 encode_us=161 acquire_us=82 submit_us=48468 skipped=0
frust_shell_common::perf: frust-perf raw n=16 total_us=48140 rebuild_us=76 layout_us=0 paint_us=144 encode_us=161 acquire_us=85 submit_us=47671 skipped=0
frust_shell_common::perf: frust-perf raw n=17 total_us=47398 rebuild_us=63 layout_us=0 paint_us=108 encode_us=141 acquire_us=70 submit_us=47014 skipped=0
frust_shell_common::perf: frust-perf raw n=18 total_us=48698 rebuild_us=72 layout_us=0 paint_us=134 encode_us=135 acquire_us=80 submit_us=48276 skipped=0
frust_shell_common::perf: frust-perf raw n=19 total_us=48102 rebuild_us=63 layout_us=0 paint_us=116 encode_us=138 acquire_us=79 submit_us=47703 skipped=0
frust_shell_common::perf: frust-perf raw n=20 total_us=47661 rebuild_us=77 layout_us=0 paint_us=136 encode_us=142 acquire_us=77 submit_us=47227 skipped=0
frust_shell_common::perf: frust-perf raw n=21 total_us=47964 rebuild_us=62 layout_us=0 paint_us=116 encode_us=155 acquire_us=77 submit_us=47551 skipped=0
frust_shell_common::perf: frust-perf raw n=22 total_us=47864 rebuild_us=80 layout_us=0 paint_us=153 encode_us=144 acquire_us=78 submit_us=47406 skipped=0
frust_shell_android::app::frame: frust-perf platform-view tail depth=0 target=0 acquire_bound=false frame=120 expected_present_us=0 acquire_us=77 period_us=11132
frust_shell_common::perf: frust-perf raw n=23 total_us=47998 rebuild_us=69 layout_us=0 paint_us=134 encode_us=142 acquire_us=77 submit_us=47574 skipped=0
frust_shell_common::perf: frust-perf raw n=24 total_us=48078 rebuild_us=69 layout_us=0 paint_us=132 encode_us=150 acquire_us=73 submit_us=47652 skipped=0
frust_shell_common::perf: frust-perf raw n=25 total_us=47576 rebuild_us=74 layout_us=0 paint_us=133 encode_us=159 acquire_us=77 submit_us=47130 skipped=0
frust_shell_common::perf: frust-perf raw n=26 total_us=48377 rebuild_us=70 layout_us=0 paint_us=129 encode_us=141 acquire_us=70 submit_us=47964 skipped=0
frust_shell_common::perf: frust-perf raw n=27 total_us=47756 rebuild_us=78 layout_us=0 paint_us=138 encode_us=154 acquire_us=74 submit_us=47309 skipped=0
frust_shell_common::perf: frust-perf raw n=28 total_us=48128 rebuild_us=67 layout_us=0 paint_us=125 encode_us=132 acquire_us=74 submit_us=47727 skipped=0
frust_shell_common::perf: frust-perf raw n=29 total_us=47632 rebuild_us=74 layout_us=0 paint_us=137 encode_us=147 acquire_us=80 submit_us=47192 skipped=0
frust_shell_common::perf: frust-perf raw n=30 total_us=47871 rebuild_us=72 layout_us=0 paint_us=131 encode_us=161 acquire_us=76 submit_us=47429 skipped=0
frust_shell_common::perf: frust-perf raw n=31 total_us=47767 rebuild_us=71 layout_us=0 paint_us=130 encode_us=167 acquire_us=80 submit_us=47316 skipped=0
frust_shell_common::perf: frust-perf raw n=32 total_us=47965 rebuild_us=76 layout_us=0 paint_us=140 encode_us=156 acquire_us=76 submit_us=47515 skipped=0
frust_shell_common::perf: frust-perf raw n=33 total_us=48230 rebuild_us=72 layout_us=0 paint_us=166 encode_us=163 acquire_us=77 submit_us=47748 skipped=0
frust_shell_common::perf: frust-perf raw n=34 total_us=47428 rebuild_us=72 layout_us=0 paint_us=133 encode_us=162 acquire_us=79 submit_us=46980 skipped=0
frust_shell_common::perf: frust-perf raw n=35 total_us=48559 rebuild_us=63 layout_us=0 paint_us=116 encode_us=146 acquire_us=78 submit_us=48153 skipped=0
frust_shell_common::perf: frust-perf raw n=36 total_us=47686 rebuild_us=72 layout_us=0 paint_us=132 encode_us=162 acquire_us=90 submit_us=47228 skipped=0
frust_shell_common::perf: frust-perf raw n=37 total_us=48411 rebuild_us=96 layout_us=0 paint_us=184 encode_us=220 acquire_us=103 submit_us=47806 skipped=0
frust_shell_common::perf: frust-perf raw n=38 total_us=47680 rebuild_us=99 layout_us=0 paint_us=173 encode_us=219 acquire_us=104 submit_us=47084 skipped=0
frust_shell_common::perf: frust-perf frame n=38 total_p50_ms=48 total_p95_ms=112 total_p99_ms=125 rebuild_p95_ms=0 layout_p95_ms=0 paint_p95_ms=0 encode_p95_ms=0 acquire_p95_ms=0 submit_p95_ms=111 over_60hz=38 over_120hz=38 skipped=0 total_frames=38
frust_shell_common::perf: frust-perf raw n=39 total_us=48306 rebuild_us=91 layout_us=0 paint_us=173 encode_us=215 acquire_us=98 submit_us=47726 skipped=0
frust_shell_common::perf: frust-perf raw n=40 total_us=48263 rebuild_us=124 layout_us=0 paint_us=231 encode_us=266 acquire_us=113 submit_us=47526 skipped=0
frust_shell_common::perf: frust-perf raw n=41 total_us=47779 rebuild_us=95 layout_us=0 paint_us=177 encode_us=227 acquire_us=106 submit_us=47171 skipped=0
frust_shell_common::perf: frust-perf raw n=42 total_us=48125 rebuild_us=99 layout_us=0 paint_us=182 encode_us=179 acquire_us=83 submit_us=47579 skipped=0
frust_shell_common::perf: frust-perf raw n=43 total_us=47900 rebuild_us=85 layout_us=0 paint_us=169 encode_us=225 acquire_us=92 submit_us=47326 skipped=0
frust_shell_common::perf: frust-perf raw n=44 total_us=48623 rebuild_us=111 layout_us=0 paint_us=187 encode_us=212 acquire_us=105 submit_us=48006 skipped=0
frust_shell_common::perf: frust-perf raw n=45 total_us=48622 rebuild_us=205 layout_us=2 paint_us=701 encode_us=206 acquire_us=92 submit_us=47414 skipped=0
frust_shell_common::perf: frust-perf raw n=46 total_us=48550 rebuild_us=506 layout_us=2 paint_us=652 encode_us=256 acquire_us=150 submit_us=46982 skipped=0
frust_shell_common::perf: frust-perf raw n=47 total_us=49034 rebuild_us=219 layout_us=1 paint_us=565 encode_us=264 acquire_us=157 submit_us=47825 skipped=0
frust_shell_common::perf: frust-perf raw n=48 total_us=48117 rebuild_us=207 layout_us=2 paint_us=541 encode_us=291 acquire_us=167 submit_us=46907 skipped=0
frust_shell_common::perf: frust-perf raw n=49 total_us=47615 rebuild_us=92 layout_us=0 paint_us=184 encode_us=212 acquire_us=86 submit_us=47040 skipped=0
frust_shell_common::perf: frust-perf raw n=50 total_us=48997 rebuild_us=87 layout_us=0 paint_us=169 encode_us=214 acquire_us=96 submit_us=48428 skipped=0
frust_shell_android::app::frame: frust-perf platform-view tail depth=0 target=0 acquire_bound=false frame=240 expected_present_us=0 acquire_us=126 period_us=11133
frust_shell_common::perf: frust-perf raw n=51 total_us=47390 rebuild_us=282 layout_us=1 paint_us=723 encode_us=264 acquire_us=165 submit_us=45951 skipped=0
frust_shell_common::perf: frust-perf raw n=52 total_us=48397 rebuild_us=87 layout_us=0 paint_us=175 encode_us=187 acquire_us=81 submit_us=47864 skipped=0
frust_shell_common::perf: frust-perf raw n=53 total_us=48119 rebuild_us=88 layout_us=0 paint_us=172 encode_us=209 acquire_us=89 submit_us=47559 skipped=0
frust_shell_common::perf: frust-perf raw n=54 total_us=48457 rebuild_us=202 layout_us=2 paint_us=526 encode_us=231 acquire_us=168 submit_us=47327 skipped=0
frust_shell_common::perf: frust-perf raw n=55 total_us=48368 rebuild_us=227 layout_us=2 paint_us=787 encode_us=216 acquire_us=103 submit_us=47031 skipped=0
frust_shell_common::perf: frust-perf raw n=56 total_us=48177 rebuild_us=232 layout_us=2 paint_us=600 encode_us=256 acquire_us=151 submit_us=46934 skipped=0
frust_shell_common::perf: frust-perf raw n=57 total_us=48243 rebuild_us=318 layout_us=1 paint_us=508 encode_us=267 acquire_us=146 submit_us=47001 skipped=0
frust_shell_common::perf: frust-perf raw n=58 total_us=48115 rebuild_us=116 layout_us=0 paint_us=192 encode_us=267 acquire_us=103 submit_us=47435 skipped=0
frust_shell_common::perf: frust-perf raw n=59 total_us=48087 rebuild_us=95 layout_us=0 paint_us=190 encode_us=178 acquire_us=85 submit_us=47536 skipped=0
frust_shell_common::perf: frust-perf raw n=60 total_us=47845 rebuild_us=91 layout_us=0 paint_us=172 encode_us=214 acquire_us=91 submit_us=47274 skipped=0
frust_shell_common::perf: frust-perf raw n=61 total_us=47986 rebuild_us=89 layout_us=0 paint_us=175 encode_us=214 acquire_us=94 submit_us=47412 skipped=0
frust_shell_common::perf: frust-perf raw n=62 total_us=47961 rebuild_us=90 layout_us=0 paint_us=173 encode_us=214 acquire_us=99 submit_us=47381 skipped=0
frust_shell_common::perf: frust-perf raw n=63 total_us=47795 rebuild_us=92 layout_us=0 paint_us=180 encode_us=217 acquire_us=92 submit_us=47212 skipped=0
frust_shell_common::perf: frust-perf raw n=64 total_us=48656 rebuild_us=91 layout_us=0 paint_us=171 encode_us=272 acquire_us=95 submit_us=48024 skipped=0
frust_shell_common::perf: frust-perf raw n=65 total_us=48813 rebuild_us=242 layout_us=2 paint_us=880 encode_us=258 acquire_us=166 submit_us=47263 skipped=0
frust_shell_common::perf: frust-perf raw n=66 total_us=48840 rebuild_us=232 layout_us=2 paint_us=733 encode_us=248 acquire_us=157 submit_us=47465 skipped=0
frust_shell_common::perf: frust-perf raw n=67 total_us=49571 rebuild_us=253 layout_us=2 paint_us=636 encode_us=259 acquire_us=176 submit_us=48244 skipped=0
frust_shell_common::perf: frust-perf raw n=68 total_us=48610 rebuild_us=215 layout_us=1 paint_us=631 encode_us=230 acquire_us=151 submit_us=47378 skipped=0
frust_shell_common::perf: frust-perf raw n=69 total_us=48692 rebuild_us=87 layout_us=0 paint_us=171 encode_us=209 acquire_us=93 submit_us=48130 skipped=0
frust_shell_common::perf: frust-perf raw n=70 total_us=47944 rebuild_us=112 layout_us=0 paint_us=206 encode_us=237 acquire_us=124 submit_us=47261 skipped=0
frust_shell_common::perf: frust-perf raw n=71 total_us=49054 rebuild_us=93 layout_us=0 paint_us=174 encode_us=227 acquire_us=128 submit_us=48429 skipped=0
frust_shell_common::perf: frust-perf raw n=72 total_us=47759 rebuild_us=93 layout_us=0 paint_us=183 encode_us=214 acquire_us=92 submit_us=47174 skipped=0
frust_shell_common::perf: frust-perf raw n=73 total_us=48589 rebuild_us=220 layout_us=2 paint_us=575 encode_us=257 acquire_us=108 submit_us=47425 skipped=0
frust_shell_common::perf: frust-perf raw n=74 total_us=48800 rebuild_us=201 layout_us=2 paint_us=524 encode_us=231 acquire_us=121 submit_us=47720 skipped=0
frust_shell_common::perf: frust-perf raw n=75 total_us=48345 rebuild_us=305 layout_us=1 paint_us=530 encode_us=237 acquire_us=173 submit_us=47095 skipped=0
frust_shell_common::perf: frust-perf raw n=76 total_us=49030 rebuild_us=190 layout_us=1 paint_us=501 encode_us=221 acquire_us=107 submit_us=48007 skipped=0
frust_shell_common::perf: frust-perf raw n=77 total_us=48511 rebuild_us=223 layout_us=2 paint_us=510 encode_us=222 acquire_us=118 submit_us=47434 skipped=0
frust_shell_android::app::frame: frust-perf platform-view tail depth=0 target=0 acquire_bound=false frame=360 expected_present_us=0 acquire_us=134 period_us=11138
frust_shell_common::perf: frust-perf raw n=78 total_us=48712 rebuild_us=229 layout_us=1 paint_us=560 encode_us=250 acquire_us=173 submit_us=47496 skipped=0
frust_shell_common::perf: frust-perf raw n=79 total_us=48696 rebuild_us=226 layout_us=1 paint_us=571 encode_us=272 acquire_us=193 submit_us=47430 skipped=0
frust_shell_common::perf: frust-perf raw n=80 total_us=48478 rebuild_us=236 layout_us=2 paint_us=553 encode_us=236 acquire_us=183 submit_us=47265 skipped=0
frust_shell_common::perf: frust-perf frame n=80 total_p50_ms=48 total_p95_ms=52 total_p99_ms=125 rebuild_p95_ms=0 layout_p95_ms=0 paint_p95_ms=0 encode_p95_ms=0 acquire_p95_ms=0 submit_p95_ms=51 over_60hz=80 over_120hz=80 skipped=0 total_frames=80
frust_shell_common::perf: frust-perf raw n=81 total_us=48332 rebuild_us=245 layout_us=2 paint_us=566 encode_us=249 acquire_us=164 submit_us=47105 skipped=0
frust_shell_common::perf: frust-perf raw n=82 total_us=49043 rebuild_us=200 layout_us=2 paint_us=521 encode_us=222 acquire_us=122 submit_us=47973 skipped=0
frust_shell_common::perf: frust-perf raw n=83 total_us=48439 rebuild_us=276 layout_us=2 paint_us=587 encode_us=210 acquire_us=107 submit_us=47255 skipped=0
frust_shell_common::perf: frust-perf raw n=84 total_us=48754 rebuild_us=212 layout_us=2 paint_us=545 encode_us=227 acquire_us=108 submit_us=47658 skipped=0
frust_shell_common::perf: frust-perf raw n=85 total_us=48856 rebuild_us=273 layout_us=2 paint_us=630 encode_us=249 acquire_us=152 submit_us=47549 skipped=0
frust_shell_common::perf: frust-perf raw n=86 total_us=48516 rebuild_us=194 layout_us=2 paint_us=505 encode_us=220 acquire_us=109 submit_us=47483 skipped=0
frust_shell_common::perf: frust-perf raw n=87 total_us=48290 rebuild_us=210 layout_us=2 paint_us=530 encode_us=234 acquire_us=117 submit_us=47196 skipped=0
frust_shell_common::perf: frust-perf raw n=88 total_us=48117 rebuild_us=83 layout_us=0 paint_us=156 encode_us=174 acquire_us=85 submit_us=47617 skipped=0
frust_shell_common::perf: frust-perf raw n=89 total_us=48726 rebuild_us=246 layout_us=1 paint_us=710 encode_us=218 acquire_us=115 submit_us=47433 skipped=0
frust_shell_common::perf: frust-perf raw n=90 total_us=47718 rebuild_us=115 layout_us=0 paint_us=209 encode_us=208 acquire_us=93 submit_us=47090 skipped=0
frust_shell_common::perf: frust-perf raw n=91 total_us=47924 rebuild_us=91 layout_us=0 paint_us=170 encode_us=213 acquire_us=95 submit_us=47353 skipped=0
frust_shell_common::perf: frust-perf raw n=92 total_us=48475 rebuild_us=111 layout_us=0 paint_us=193 encode_us=217 acquire_us=97 submit_us=47854 skipped=0
frust_shell_common::perf: frust-perf raw n=93 total_us=48306 rebuild_us=254 layout_us=2 paint_us=625 encode_us=246 acquire_us=141 submit_us=47035 skipped=0
frust_shell_common::perf: frust-perf raw n=94 total_us=48451 rebuild_us=365 layout_us=1 paint_us=525 encode_us=263 acquire_us=111 submit_us=47183 skipped=0
frust_shell_common::perf: frust-perf raw n=95 total_us=48957 rebuild_us=190 layout_us=1 paint_us=725 encode_us=218 acquire_us=128 submit_us=47693 skipped=0
frust_shell_common::perf: frust-perf raw n=96 total_us=48869 rebuild_us=328 layout_us=8 paint_us=542 encode_us=230 acquire_us=119 submit_us=47641 skipped=0
frust_shell_common::perf: frust-perf raw n=97 total_us=48383 rebuild_us=195 layout_us=1 paint_us=519 encode_us=244 acquire_us=135 submit_us=47287 skipped=0
frust_shell_common::perf: frust-perf raw n=98 total_us=48538 rebuild_us=259 layout_us=0 paint_us=429 encode_us=159 acquire_us=74 submit_us=47615 skipped=0
frust_shell_common::perf: frust-perf raw n=99 total_us=48023 rebuild_us=90 layout_us=0 paint_us=171 encode_us=213 acquire_us=95 submit_us=47450 skipped=0
frust_shell_common::perf: frust-perf raw n=100 total_us=48506 rebuild_us=117 layout_us=0 paint_us=188 encode_us=214 acquire_us=91 submit_us=47893 skipped=0
frust_shell_common::perf: frust-perf raw n=101 total_us=47878 rebuild_us=92 layout_us=0 paint_us=171 encode_us=230 acquire_us=96 submit_us=47285 skipped=0
frust_shell_common::perf: frust-perf raw n=102 total_us=48817 rebuild_us=328 layout_us=1 paint_us=563 encode_us=316 acquire_us=145 submit_us=47460 skipped=0
frust_shell_common::perf: frust-perf raw n=103 total_us=48518 rebuild_us=216 layout_us=2 paint_us=544 encode_us=237 acquire_us=120 submit_us=47398 skipped=0
frust_shell_common::perf: frust-perf raw n=104 total_us=48770 rebuild_us=254 layout_us=1 paint_us=628 encode_us=262 acquire_us=157 submit_us=47465 skipped=0
frust_shell_common::perf: frust-perf raw n=105 total_us=48343 rebuild_us=215 layout_us=2 paint_us=558 encode_us=233 acquire_us=112 submit_us=47221 skipped=0
frust_shell_android::app::frame: frust-perf platform-view tail depth=0 target=0 acquire_bound=false frame=480 expected_present_us=0 acquire_us=128 period_us=11128
frust_shell_common::perf: frust-perf raw n=106 total_us=48848 rebuild_us=266 layout_us=2 paint_us=616 encode_us=268 acquire_us=153 submit_us=47540 skipped=0
frust_shell_common::perf: frust-perf raw n=107 total_us=47294 rebuild_us=93 layout_us=0 paint_us=174 encode_us=221 acquire_us=97 submit_us=46706 skipped=0
frust_shell_common::perf: frust-perf raw n=108 total_us=48553 rebuild_us=90 layout_us=0 paint_us=168 encode_us=232 acquire_us=96 submit_us=47965 skipped=0
frust_shell_common::perf: frust-perf raw n=109 total_us=48493 rebuild_us=225 layout_us=2 paint_us=565 encode_us=246 acquire_us=136 submit_us=47318 skipped=0
frust_shell_common::perf: frust-perf raw n=110 total_us=49304 rebuild_us=246 layout_us=1 paint_us=626 encode_us=252 acquire_us=136 submit_us=48040 skipped=0
frust_shell_common::perf: frust-perf raw n=111 total_us=48065 rebuild_us=107 layout_us=0 paint_us=182 encode_us=203 acquire_us=101 submit_us=47470 skipped=0
frust_shell_common::perf: frust-perf raw n=112 total_us=48643 rebuild_us=222 layout_us=2 paint_us=548 encode_us=230 acquire_us=112 submit_us=47527 skipped=0
frust_shell_common::perf: frust-perf raw n=113 total_us=48902 rebuild_us=267 layout_us=2 paint_us=854 encode_us=243 acquire_us=126 submit_us=47408 skipped=0
frust_shell_common::perf: frust-perf raw n=114 total_us=48550 rebuild_us=209 layout_us=2 paint_us=544 encode_us=228 acquire_us=128 submit_us=47437 skipped=0
frust_shell_common::perf: frust-perf raw n=115 total_us=48501 rebuild_us=236 layout_us=128 paint_us=612 encode_us=227 acquire_us=122 submit_us=47174 skipped=0
frust_shell_common::perf: frust-perf raw n=116 total_us=48510 rebuild_us=210 layout_us=2 paint_us=543 encode_us=231 acquire_us=89 submit_us=47433 skipped=0
frust_shell_common::perf: frust-perf raw n=117 total_us=48664 rebuild_us=226 layout_us=2 paint_us=598 encode_us=289 acquire_us=201 submit_us=47346 skipped=0
frust_shell_common::perf: frust-perf raw n=118 total_us=48580 rebuild_us=197 layout_us=1 paint_us=615 encode_us=218 acquire_us=150 submit_us=47396 skipped=0
frust_shell_common::perf: frust-perf raw n=119 total_us=48428 rebuild_us=229 layout_us=2 paint_us=669 encode_us=205 acquire_us=95 submit_us=47227 skipped=0
frust_shell_common::perf: frust-perf raw n=120 total_us=48105 rebuild_us=213 layout_us=2 paint_us=530 encode_us=246 acquire_us=139 submit_us=46972 skipped=0
frust_shell_common::perf: frust-perf raw n=121 total_us=49344 rebuild_us=194 layout_us=2 paint_us=509 encode_us=221 acquire_us=106 submit_us=48309 skipped=0
frust_shell_common::perf: frust-perf raw n=122 total_us=48427 rebuild_us=214 layout_us=2 paint_us=550 encode_us=233 acquire_us=134 submit_us=47292 skipped=0
frust_shell_common::perf: frust-perf frame n=120 total_p50_ms=48 total_p95_ms=49 total_p99_ms=111 rebuild_p95_ms=0 layout_p95_ms=0 paint_p95_ms=0 encode_p95_ms=0 acquire_p95_ms=0 submit_p95_ms=48 over_60hz=122 over_120hz=122 skipped=0 total_frames=122
frust_shell_common::perf: frust-perf raw n=123 total_us=48848 rebuild_us=202 layout_us=2 paint_us=527 encode_us=233 acquire_us=130 submit_us=47751 skipped=0
frust_shell_common::perf: frust-perf raw n=124 total_us=48211 rebuild_us=206 layout_us=2 paint_us=600 encode_us=239 acquire_us=136 submit_us=47025 skipped=0
frust_shell_common::perf: frust-perf raw n=125 total_us=48131 rebuild_us=197 layout_us=1 paint_us=505 encode_us=220 acquire_us=123 submit_us=47080 skipped=0
frust_shell_common::perf: frust-perf raw n=126 total_us=48591 rebuild_us=203 layout_us=2 paint_us=602 encode_us=219 acquire_us=112 submit_us=47451 skipped=0
frust_shell_common::perf: frust-perf raw n=127 total_us=49296 rebuild_us=203 layout_us=1 paint_us=523 encode_us=237 acquire_us=130 submit_us=48200 skipped=0
frust_shell_common::perf: frust-perf raw n=128 total_us=48490 rebuild_us=263 layout_us=2 paint_us=600 encode_us=261 acquire_us=155 submit_us=47208 skipped=0
frust_shell_common::perf: frust-perf raw n=129 total_us=48666 rebuild_us=200 layout_us=2 paint_us=509 encode_us=215 acquire_us=104 submit_us=47634 skipped=0
frust_shell_common::perf: frust-perf raw n=130 total_us=48376 rebuild_us=216 layout_us=2 paint_us=545 encode_us=222 acquire_us=110 submit_us=47278 skipped=0
frust_shell_common::perf: frust-perf raw n=131 total_us=49052 rebuild_us=460 layout_us=1 paint_us=744 encode_us=220 acquire_us=113 submit_us=47511 skipped=0
frust_shell_common::perf: frust-perf raw n=132 total_us=48754 rebuild_us=231 layout_us=2 paint_us=747 encode_us=235 acquire_us=134 submit_us=47403 skipped=0
frust_shell_common::perf: frust-perf raw n=133 total_us=48160 rebuild_us=198 layout_us=1 paint_us=509 encode_us=220 acquire_us=123 submit_us=47106 skipped=0
frust_shell_android::app::frame: frust-perf platform-view tail depth=0 target=0 acquire_bound=false frame=600 expected_present_us=0 acquire_us=123 period_us=11135
frust_shell_common::perf: frust-perf raw n=134 total_us=48404 rebuild_us=198 layout_us=1 paint_us=506 encode_us=235 acquire_us=128 submit_us=47333 skipped=0
frust_shell_common::perf: frust-perf raw n=135 total_us=48462 rebuild_us=210 layout_us=2 paint_us=543 encode_us=233 acquire_us=140 submit_us=47333 skipped=0
frust_shell_common::perf: frust-perf raw n=136 total_us=48422 rebuild_us=208 layout_us=1 paint_us=525 encode_us=236 acquire_us=127 submit_us=47322 skipped=0
frust_shell_common::perf: frust-perf raw n=137 total_us=47678 rebuild_us=115 layout_us=0 paint_us=309 encode_us=229 acquire_us=114 submit_us=46909 skipped=0
frust_shell_common::perf: frust-perf raw n=138 total_us=48211 rebuild_us=89 layout_us=0 paint_us=166 encode_us=220 acquire_us=98 submit_us=47636 skipped=0
frust_shell_common::perf: frust-perf raw n=139 total_us=47915 rebuild_us=95 layout_us=0 paint_us=173 encode_us=216 acquire_us=93 submit_us=47335 skipped=0
frust_shell_common::perf: frust-perf raw n=140 total_us=48303 rebuild_us=92 layout_us=0 paint_us=168 encode_us=215 acquire_us=90 submit_us=47735 skipped=0
frust_shell_common::perf: frust-perf raw n=141 total_us=48763 rebuild_us=204 layout_us=1 paint_us=582 encode_us=225 acquire_us=112 submit_us=47636 skipped=0
frust_shell_common::perf: frust-perf raw n=142 total_us=48294 rebuild_us=221 layout_us=2 paint_us=570 encode_us=241 acquire_us=143 submit_us=47114 skipped=0
frust_shell_common::perf: frust-perf raw n=143 total_us=48592 rebuild_us=203 layout_us=1 paint_us=604 encode_us=223 acquire_us=111 submit_us=47447 skipped=0
frust_shell_common::perf: frust-perf raw n=144 total_us=49333 rebuild_us=215 layout_us=1 paint_us=523 encode_us=242 acquire_us=142 submit_us=48207 skipped=0
frust_shell_common::perf: frust-perf raw n=145 total_us=48525 rebuild_us=246 layout_us=2 paint_us=713 encode_us=259 acquire_us=152 submit_us=47152 skipped=0
frust_shell_common::perf: frust-perf raw n=146 total_us=48495 rebuild_us=79 layout_us=0 paint_us=151 encode_us=207 acquire_us=104 submit_us=47952 skipped=0
frust_shell_common::perf: frust-perf raw n=147 total_us=47894 rebuild_us=103 layout_us=0 paint_us=194 encode_us=221 acquire_us=103 submit_us=47270 skipped=0
frust_shell_common::perf: frust-perf raw n=148 total_us=48198 rebuild_us=94 layout_us=0 paint_us=175 encode_us=255 acquire_us=103 submit_us=47567 skipped=0
frust_shell_common::perf: frust-perf raw n=149 total_us=48764 rebuild_us=195 layout_us=1 paint_us=511 encode_us=220 acquire_us=109 submit_us=47725 skipped=0
frust_shell_common::perf: frust-perf raw n=150 total_us=48822 rebuild_us=223 layout_us=2 paint_us=581 encode_us=225 acquire_us=114 submit_us=47675 skipped=0
frust_shell_common::perf: frust-perf raw n=151 total_us=49520 rebuild_us=244 layout_us=2 paint_us=606 encode_us=265 acquire_us=171 submit_us=48230 skipped=0
frust_shell_common::perf: frust-perf raw n=152 total_us=48466 rebuild_us=241 layout_us=2 paint_us=585 encode_us=252 acquire_us=234 submit_us=47150 skipped=0
frust_shell_common::perf: frust-perf raw n=153 total_us=48798 rebuild_us=249 layout_us=2 paint_us=620 encode_us=251 acquire_us=154 submit_us=47520 skipped=0
frust_shell_common::perf: frust-perf raw n=154 total_us=48313 rebuild_us=212 layout_us=1 paint_us=627 encode_us=223 acquire_us=110 submit_us=47137 skipped=0
frust_shell_common::perf: frust-perf raw n=155 total_us=48565 rebuild_us=237 layout_us=2 paint_us=591 encode_us=251 acquire_us=229 submit_us=47253 skipped=0
frust_shell_common::perf: frust-perf raw n=156 total_us=49262 rebuild_us=627 layout_us=2 paint_us=634 encode_us=251 acquire_us=139 submit_us=47606 skipped=0
frust_shell_common::perf: frust-perf raw n=157 total_us=49167 rebuild_us=249 layout_us=2 paint_us=628 encode_us=256 acquire_us=155 submit_us=47874 skipped=0
frust_shell_common::perf: frust-perf raw n=158 total_us=48490 rebuild_us=410 layout_us=2 paint_us=637 encode_us=239 acquire_us=148 submit_us=47052 skipped=0
frust_shell_common::perf: frust-perf raw n=159 total_us=48883 rebuild_us=251 layout_us=2 paint_us=643 encode_us=207 acquire_us=93 submit_us=47684 skipped=0
frust_shell_common::perf: frust-perf raw n=160 total_us=48413 rebuild_us=237 layout_us=2 paint_us=580 encode_us=264 acquire_us=257 submit_us=47072 skipped=0
frust_shell_common::perf: frust-perf raw n=161 total_us=48446 rebuild_us=223 layout_us=2 paint_us=566 encode_us=238 acquire_us=136 submit_us=47278 skipped=0
frust_shell_android::app::frame: frust-perf platform-view tail depth=0 target=0 acquire_bound=false frame=720 expected_present_us=0 acquire_us=158 period_us=11136
frust_shell_common::perf: frust-perf raw n=162 total_us=48504 rebuild_us=252 layout_us=2 paint_us=746 encode_us=253 acquire_us=157 submit_us=47091 skipped=0
frust_shell_common::perf: frust-perf raw n=163 total_us=48491 rebuild_us=244 layout_us=2 paint_us=614 encode_us=238 acquire_us=117 submit_us=47272 skipped=0
frust_shell_common::perf: frust-perf raw n=164 total_us=48527 rebuild_us=232 layout_us=2 paint_us=574 encode_us=253 acquire_us=140 submit_us=47323 skipped=0
frust_shell_common::perf: frust-perf frame n=120 total_p50_ms=48 total_p95_ms=49 total_p99_ms=49 rebuild_p95_ms=0 layout_p95_ms=0 paint_p95_ms=0 encode_p95_ms=0 acquire_p95_ms=0 submit_p95_ms=48 over_60hz=164 over_120hz=164 skipped=0 total_frames=164
frust_shell_common::perf: frust-perf raw n=165 total_us=47903 rebuild_us=112 layout_us=0 paint_us=213 encode_us=245 acquire_us=156 submit_us=47174 skipped=0
frust_shell_common::perf: frust-perf raw n=166 total_us=48111 rebuild_us=90 layout_us=0 paint_us=166 encode_us=215 acquire_us=94 submit_us=47544 skipped=0
frust_shell_common::perf: frust-perf raw n=167 total_us=48157 rebuild_us=103 layout_us=0 paint_us=182 encode_us=215 acquire_us=106 submit_us=47547 skipped=0
frust_shell_common::perf: frust-perf raw n=168 total_us=48463 rebuild_us=226 layout_us=1 paint_us=559 encode_us=234 acquire_us=115 submit_us=47325 skipped=0
frust_shell_common::perf: frust-perf raw n=169 total_us=49088 rebuild_us=243 layout_us=2 paint_us=685 encode_us=239 acquire_us=182 submit_us=47735 skipped=0
frust_shell_common::perf: frust-perf raw n=170 total_us=47420 rebuild_us=220 layout_us=2 paint_us=560 encode_us=261 acquire_us=160 submit_us=46216 skipped=0
frust_shell_common::perf: frust-perf raw n=171 total_us=48522 rebuild_us=110 layout_us=0 paint_us=191 encode_us=191 acquire_us=95 submit_us=47931 skipped=0
frust_shell_common::perf: frust-perf raw n=172 total_us=48711 rebuild_us=235 layout_us=1 paint_us=532 encode_us=215 acquire_us=126 submit_us=47599 skipped=0
frust_shell_common::perf: frust-perf raw n=173 total_us=47901 rebuild_us=235 layout_us=2 paint_us=572 encode_us=267 acquire_us=159 submit_us=46663 skipped=0
frust_shell_common::perf: frust-perf raw n=174 total_us=48726 rebuild_us=268 layout_us=1 paint_us=1048 encode_us=228 acquire_us=90 submit_us=47089 skipped=0
frust_shell_common::perf: frust-perf raw n=175 total_us=48928 rebuild_us=118 layout_us=0 paint_us=237 encode_us=214 acquire_us=92 submit_us=48264 skipped=0
frust_shell_common::perf: frust-perf raw n=176 total_us=48107 rebuild_us=220 layout_us=2 paint_us=552 encode_us=209 acquire_us=96 submit_us=47027 skipped=0
frust_shell_common::perf: frust-perf raw n=177 total_us=48805 rebuild_us=200 layout_us=1 paint_us=503 encode_us=224 acquire_us=110 submit_us=47764 skipped=0
frust_shell_common::perf: frust-perf raw n=178 total_us=48253 rebuild_us=201 layout_us=2 paint_us=523 encode_us=244 acquire_us=137 submit_us=47143 skipped=0
frust_shell_common::perf: frust-perf raw n=179 total_us=48736 rebuild_us=203 layout_us=2 paint_us=521 encode_us=236 acquire_us=128 submit_us=47643 skipped=0
frust_shell_common::perf: frust-perf raw n=180 total_us=48551 rebuild_us=179 layout_us=2 paint_us=738 encode_us=224 acquire_us=115 submit_us=47291 skipped=0
frust_shell_common::perf: frust-perf raw n=181 total_us=49307 rebuild_us=215 layout_us=1 paint_us=710 encode_us=238 acquire_us=128 submit_us=48011 skipped=0
frust_shell_common::perf: frust-perf raw n=182 total_us=48474 rebuild_us=366 layout_us=2 paint_us=590 encode_us=239 acquire_us=133 submit_us=47142 skipped=0
frust_shell_common::perf: frust-perf raw n=183 total_us=48000 rebuild_us=213 layout_us=1 paint_us=553 encode_us=242 acquire_us=218 submit_us=46769 skipped=0
frust_shell_common::perf: frust-perf raw n=184 total_us=48736 rebuild_us=268 layout_us=2 paint_us=1020 encode_us=268 acquire_us=96 submit_us=47080 skipped=0
frust_shell_common::perf: frust-perf raw n=185 total_us=48701 rebuild_us=213 layout_us=2 paint_us=553 encode_us=209 acquire_us=90 submit_us=47633 skipped=0
frust_shell_common::perf: frust-perf raw n=186 total_us=48704 rebuild_us=220 layout_us=1 paint_us=740 encode_us=259 acquire_us=151 submit_us=47330 skipped=0
frust_shell_common::perf: frust-perf raw n=187 total_us=48280 rebuild_us=193 layout_us=1 paint_us=511 encode_us=222 acquire_us=111 submit_us=47240 skipped=0
frust_shell_common::perf: frust-perf raw n=188 total_us=48743 rebuild_us=190 layout_us=1 paint_us=734 encode_us=219 acquire_us=111 submit_us=47485 skipped=0
frust_shell_common::perf: frust-perf raw n=189 total_us=48122 rebuild_us=197 layout_us=1 paint_us=514 encode_us=224 acquire_us=113 submit_us=47070 skipped=0
frust_shell_android::app::frame: frust-perf platform-view tail depth=0 target=0 acquire_bound=false frame=840 expected_present_us=0 acquire_us=116 period_us=11134
frust_shell_common::perf: frust-perf raw n=190 total_us=48691 rebuild_us=191 layout_us=2 paint_us=502 encode_us=220 acquire_us=110 submit_us=47665 skipped=0
frust_shell_common::perf: frust-perf raw n=191 total_us=48526 rebuild_us=255 layout_us=2 paint_us=681 encode_us=254 acquire_us=141 submit_us=47190 skipped=0
frust_shell_common::perf: frust-perf raw n=192 total_us=48214 rebuild_us=186 layout_us=1 paint_us=501 encode_us=222 acquire_us=122 submit_us=47179 skipped=0
frust_shell_common::perf: frust-perf raw n=193 total_us=48938 rebuild_us=295 layout_us=2 paint_us=603 encode_us=209 acquire_us=127 submit_us=47700 skipped=0
frust_shell_common::perf: frust-perf raw n=194 total_us=48152 rebuild_us=203 layout_us=1 paint_us=519 encode_us=229 acquire_us=123 submit_us=47075 skipped=0
frust_shell_common::perf: frust-perf raw n=195 total_us=48496 rebuild_us=94 layout_us=0 paint_us=218 encode_us=219 acquire_us=110 submit_us=47852 skipped=0
frust_shell_common::perf: frust-perf raw n=196 total_us=48568 rebuild_us=218 layout_us=1 paint_us=548 encode_us=242 acquire_us=140 submit_us=47415 skipped=0
frust_shell_common::perf: frust-perf raw n=197 total_us=48540 rebuild_us=207 layout_us=1 paint_us=629 encode_us=248 acquire_us=153 submit_us=47298 skipped=0
frust_shell_common::perf: frust-perf raw n=198 total_us=48480 rebuild_us=220 layout_us=1 paint_us=717 encode_us=339 acquire_us=96 submit_us=47103 skipped=0
frust_shell_common::perf: frust-perf raw n=199 total_us=48715 rebuild_us=190 layout_us=1 paint_us=576 encode_us=220 acquire_us=122 submit_us=47603 skipped=0
frust_shell_common::perf: frust-perf raw n=200 total_us=48541 rebuild_us=217 layout_us=2 paint_us=554 encode_us=235 acquire_us=123 submit_us=47408 skipped=0
frust_shell_common::perf: frust-perf raw n=201 total_us=48695 rebuild_us=210 layout_us=1 paint_us=535 encode_us=241 acquire_us=139 submit_us=47566 skipped=0
frust_shell_common::perf: frust-perf raw n=202 total_us=48145 rebuild_us=227 layout_us=2 paint_us=570 encode_us=254 acquire_us=155 submit_us=46934 skipped=0
frust_shell_common::perf: frust-perf raw n=203 total_us=48818 rebuild_us=186 layout_us=1 paint_us=500 encode_us=220 acquire_us=110 submit_us=47799 skipped=0
frust_shell_common::perf: frust-perf raw n=204 total_us=48924 rebuild_us=220 layout_us=2 paint_us=553 encode_us=266 acquire_us=187 submit_us=47695 skipped=0
frust_shell_common::perf: frust-perf raw n=205 total_us=48651 rebuild_us=240 layout_us=1 paint_us=584 encode_us=256 acquire_us=169 submit_us=47397 skipped=0
frust_shell_common::perf: frust-perf raw n=206 total_us=48701 rebuild_us=375 layout_us=1 paint_us=558 encode_us=230 acquire_us=116 submit_us=47417 skipped=0
frust_shell_common::perf: frust-perf frame n=120 total_p50_ms=48 total_p95_ms=49 total_p99_ms=49 rebuild_p95_ms=0 layout_p95_ms=0 paint_p95_ms=0 encode_p95_ms=0 acquire_p95_ms=0 submit_p95_ms=48 over_60hz=206 over_120hz=206 skipped=0 total_frames=206
frust_shell_common::perf: frust-perf raw n=207 total_us=48268 rebuild_us=217 layout_us=2 paint_us=551 encode_us=248 acquire_us=148 submit_us=47100 skipped=0
frust_shell_common::perf: frust-perf raw n=208 total_us=49163 rebuild_us=215 layout_us=1 paint_us=573 encode_us=237 acquire_us=130 submit_us=48004 skipped=0
frust_shell_common::perf: frust-perf raw n=209 total_us=48610 rebuild_us=237 layout_us=2 paint_us=566 encode_us=254 acquire_us=152 submit_us=47396 skipped=0
frust_shell_common::perf: frust-perf raw n=210 total_us=48758 rebuild_us=220 layout_us=2 paint_us=648 encode_us=240 acquire_us=132 submit_us=47514 skipped=0
frust_shell_common::perf: frust-perf raw n=211 total_us=48664 rebuild_us=220 layout_us=2 paint_us=706 encode_us=217 acquire_us=107 submit_us=47410 skipped=0
frust_shell_common::perf: frust-perf raw n=212 total_us=48658 rebuild_us=230 layout_us=1 paint_us=668 encode_us=255 acquire_us=153 submit_us=47348 skipped=0
frust_shell_common::perf: frust-perf raw n=213 total_us=48496 rebuild_us=243 layout_us=2 paint_us=585 encode_us=259 acquire_us=158 submit_us=47248 skipped=0
frust_shell_common::perf: frust-perf raw n=214 total_us=48111 rebuild_us=213 layout_us=1 paint_us=531 encode_us=250 acquire_us=159 submit_us=46955 skipped=0
frust_shell_common::perf: frust-perf raw n=215 total_us=49415 rebuild_us=446 layout_us=2 paint_us=1403 encode_us=251 acquire_us=164 submit_us=47147 skipped=0
frust_shell_common::perf: frust-perf raw n=216 total_us=48084 rebuild_us=209 layout_us=2 paint_us=531 encode_us=237 acquire_us=126 submit_us=46978 skipped=0
frust_shell_common::perf: frust-perf raw n=217 total_us=48333 rebuild_us=240 layout_us=2 paint_us=576 encode_us=248 acquire_us=192 submit_us=47072 skipped=0
frust_shell_android::app::frame: frust-perf platform-view tail depth=0 target=0 acquire_bound=false frame=960 expected_present_us=0 acquire_us=160 period_us=11124
frust_shell_common::perf: frust-perf raw n=218 total_us=49280 rebuild_us=237 layout_us=1 paint_us=604 encode_us=258 acquire_us=177 submit_us=48001 skipped=0
frust_shell_common::perf: frust-perf raw n=219 total_us=48933 rebuild_us=263 layout_us=2 paint_us=649 encode_us=245 acquire_us=133 submit_us=47639 skipped=0
frust_shell_common::perf: frust-perf raw n=220 total_us=48471 rebuild_us=193 layout_us=1 paint_us=507 encode_us=221 acquire_us=111 submit_us=47435 skipped=0
frust_shell_common::perf: frust-perf raw n=221 total_us=48924 rebuild_us=346 layout_us=2 paint_us=687 encode_us=248 acquire_us=140 submit_us=47497 skipped=0
frust_shell_common::perf: frust-perf raw n=222 total_us=48301 rebuild_us=216 layout_us=2 paint_us=537 encode_us=330 acquire_us=129 submit_us=47085 skipped=0
frust_shell_common::perf: frust-perf raw n=223 total_us=48801 rebuild_us=197 layout_us=1 paint_us=653 encode_us=258 acquire_us=156 submit_us=47533 skipped=0
frust_shell_common::perf: frust-perf raw n=224 total_us=49055 rebuild_us=199 layout_us=2 paint_us=525 encode_us=230 acquire_us=126 submit_us=47970 skipped=0
frust_shell_common::perf: frust-perf raw n=225 total_us=48567 rebuild_us=408 layout_us=2 paint_us=569 encode_us=259 acquire_us=159 submit_us=47168 skipped=0
frust_shell_common::perf: frust-perf raw n=226 total_us=48202 rebuild_us=244 layout_us=2 paint_us=625 encode_us=248 acquire_us=145 submit_us=46936 skipped=0
frust_shell_common::perf: frust-perf raw n=227 total_us=48831 rebuild_us=197 layout_us=1 paint_us=513 encode_us=234 acquire_us=121 submit_us=47764 skipped=0
frust_shell_common::perf: frust-perf raw n=228 total_us=48633 rebuild_us=201 layout_us=2 paint_us=515 encode_us=220 acquire_us=112 submit_us=47582 skipped=0
frust_shell_common::perf: frust-perf raw n=229 total_us=48435 rebuild_us=205 layout_us=1 paint_us=520 encode_us=231 acquire_us=122 submit_us=47353 skipped=0
frust_shell_common::perf: frust-perf raw n=230 total_us=48367 rebuild_us=235 layout_us=2 paint_us=658 encode_us=339 acquire_us=121 submit_us=47010 skipped=0
frust_shell_common::perf: frust-perf raw n=231 total_us=48225 rebuild_us=217 layout_us=2 paint_us=566 encode_us=261 acquire_us=161 submit_us=47016 skipped=0
frust_shell_common::perf: frust-perf raw n=232 total_us=48528 rebuild_us=245 layout_us=1 paint_us=589 encode_us=246 acquire_us=150 submit_us=47294 skipped=0
frust_shell_common::perf: frust-perf raw n=233 total_us=48222 rebuild_us=209 layout_us=1 paint_us=532 encode_us=237 acquire_us=139 submit_us=47100 skipped=0
frust_shell_common::perf: frust-perf raw n=234 total_us=49351 rebuild_us=342 layout_us=2 paint_us=532 encode_us=256 acquire_us=94 submit_us=48123 skipped=0
frust_shell_common::perf: frust-perf raw n=235 total_us=48283 rebuild_us=191 layout_us=2 paint_us=507 encode_us=219 acquire_us=119 submit_us=47243 skipped=0
frust_shell_common::perf: frust-perf raw n=236 total_us=49479 rebuild_us=276 layout_us=2 paint_us=634 encode_us=292 acquire_us=148 submit_us=48125 skipped=0
frust_shell_common::perf: frust-perf raw n=237 total_us=48284 rebuild_us=195 layout_us=2 paint_us=509 encode_us=227 acquire_us=123 submit_us=47226 skipped=0
frust_shell_common::perf: frust-perf raw n=238 total_us=48946 rebuild_us=310 layout_us=1 paint_us=507 encode_us=220 acquire_us=119 submit_us=47787 skipped=0
frust_shell_common::perf: frust-perf raw n=239 total_us=48544 rebuild_us=200 layout_us=2 paint_us=522 encode_us=220 acquire_us=112 submit_us=47485 skipped=0
frust_shell_common::perf: frust-perf raw n=240 total_us=48511 rebuild_us=195 layout_us=1 paint_us=515 encode_us=230 acquire_us=127 submit_us=47440 skipped=0
frust_shell_common::perf: frust-perf raw n=241 total_us=48333 rebuild_us=228 layout_us=1 paint_us=574 encode_us=245 acquire_us=150 submit_us=47131 skipped=0
frust_shell_common::perf: frust-perf raw n=242 total_us=48756 rebuild_us=261 layout_us=2 paint_us=915 encode_us=204 acquire_us=101 submit_us=47271 skipped=0
frust_shell_common::perf: frust-perf raw n=243 total_us=48644 rebuild_us=197 layout_us=2 paint_us=523 encode_us=224 acquire_us=123 submit_us=47573 skipped=0
frust_shell_common::perf: frust-perf raw n=244 total_us=49188 rebuild_us=208 layout_us=1 paint_us=546 encode_us=270 acquire_us=118 submit_us=48042 skipped=0
frust_shell_common::perf: frust-perf raw n=245 total_us=48273 rebuild_us=235 layout_us=2 paint_us=571 encode_us=253 acquire_us=148 submit_us=47062 skipped=0
frust_shell_android::app::frame: frust-perf platform-view tail depth=0 target=0 acquire_bound=false frame=1080 expected_present_us=0 acquire_us=127 period_us=11133
frust_shell_common::perf: frust-perf raw n=246 total_us=48092 rebuild_us=193 layout_us=1 paint_us=514 encode_us=287 acquire_us=130 submit_us=46964 skipped=0
frust_shell_common::perf: frust-perf raw n=247 total_us=48439 rebuild_us=373 layout_us=2 paint_us=555 encode_us=243 acquire_us=141 submit_us=47123 skipped=0
frust_shell_common::perf: frust-perf raw n=248 total_us=47718 rebuild_us=77 layout_us=0 paint_us=160 encode_us=211 acquire_us=91 submit_us=47177 skipped=0
frust_shell_common::perf: frust-perf frame n=120 total_p50_ms=48 total_p95_ms=49 total_p99_ms=49 rebuild_p95_ms=0 layout_p95_ms=0 paint_p95_ms=0 encode_p95_ms=0 acquire_p95_ms=0 submit_p95_ms=48 over_60hz=248 over_120hz=248 skipped=0 total_frames=248
frust_shell_common::perf: frust-perf raw n=249 total_us=48741 rebuild_us=282 layout_us=2 paint_us=615 encode_us=253 acquire_us=158 submit_us=47428 skipped=0
frust_shell_common::perf: frust-perf raw n=250 total_us=48210 rebuild_us=252 layout_us=1 paint_us=625 encode_us=251 acquire_us=158 submit_us=46920 skipped=0
frust_shell_common::perf: frust-perf raw n=251 total_us=49050 rebuild_us=202 layout_us=1 paint_us=527 encode_us=238 acquire_us=125 submit_us=47955 skipped=0
frust_shell_common::perf: frust-perf raw n=252 total_us=48401 rebuild_us=192 layout_us=1 paint_us=506 encode_us=326 acquire_us=161 submit_us=47213 skipped=0
frust_shell_common::perf: frust-perf raw n=253 total_us=48499 rebuild_us=199 layout_us=1 paint_us=596 encode_us=225 acquire_us=116 submit_us=47358 skipped=0
frust_shell_common::perf: frust-perf raw n=254 total_us=48561 rebuild_us=229 layout_us=2 paint_us=552 encode_us=251 acquire_us=145 submit_us=47380 skipped=0
frust_shell_common::perf: frust-perf raw n=255 total_us=48018 rebuild_us=345 layout_us=1 paint_us=570 encode_us=265 acquire_us=182 submit_us=46653 skipped=0
frust_shell_common::perf: frust-perf raw n=256 total_us=48207 rebuild_us=209 layout_us=1 paint_us=552 encode_us=224 acquire_us=111 submit_us=47108 skipped=0
frust_shell_common::perf: frust-perf raw n=257 total_us=48581 rebuild_us=197 layout_us=1 paint_us=517 encode_us=233 acquire_us=123 submit_us=47506 skipped=0
frust_shell_common::perf: frust-perf raw n=258 total_us=48597 rebuild_us=327 layout_us=152 paint_us=757 encode_us=248 acquire_us=169 submit_us=46941 skipped=0
frust_shell_common::perf: frust-perf raw n=259 total_us=48493 rebuild_us=241 layout_us=2 paint_us=579 encode_us=240 acquire_us=112 submit_us=47317 skipped=0
frust_shell_common::perf: frust-perf raw n=260 total_us=48188 rebuild_us=226 layout_us=2 paint_us=522 encode_us=227 acquire_us=119 submit_us=47091 skipped=0
frust_shell_common::perf: frust-perf raw n=261 total_us=48236 rebuild_us=207 layout_us=1 paint_us=536 encode_us=251 acquire_us=166 submit_us=47072 skipped=0
frust_shell_common::perf: frust-perf raw n=262 total_us=48576 rebuild_us=208 layout_us=2 paint_us=514 encode_us=263 acquire_us=112 submit_us=47476 skipped=0
frust_shell_common::perf: frust-perf raw n=263 total_us=48480 rebuild_us=240 layout_us=2 paint_us=626 encode_us=234 acquire_us=122 submit_us=47253 skipped=0
frust_shell_common::perf: frust-perf raw n=264 total_us=48706 rebuild_us=217 layout_us=1 paint_us=789 encode_us=244 acquire_us=130 submit_us=47322 skipped=0
frust_shell_common::perf: frust-perf raw n=265 total_us=48242 rebuild_us=189 layout_us=1 paint_us=512 encode_us=261 acquire_us=113 submit_us=47163 skipped=0
frust_shell_common::perf: frust-perf raw n=266 total_us=48271 rebuild_us=216 layout_us=1 paint_us=771 encode_us=245 acquire_us=149 submit_us=46885 skipped=0
frust_shell_common::perf: frust-perf raw n=267 total_us=49127 rebuild_us=462 layout_us=2 paint_us=528 encode_us=223 acquire_us=109 submit_us=47802 skipped=0
frust_shell_common::perf: frust-perf raw n=268 total_us=48237 rebuild_us=229 layout_us=1 paint_us=582 encode_us=348 acquire_us=182 submit_us=46891 skipped=0
frust_shell_common::perf: frust-perf raw n=269 total_us=48483 rebuild_us=202 layout_us=2 paint_us=532 encode_us=230 acquire_us=120 submit_us=47395 skipped=0
frust_shell_common::perf: frust-perf raw n=270 total_us=48412 rebuild_us=187 layout_us=2 paint_us=507 encode_us=218 acquire_us=107 submit_us=47390 skipped=0
frust_shell_common::perf: frust-perf raw n=271 total_us=49318 rebuild_us=386 layout_us=2 paint_us=564 encode_us=223 acquire_us=171 submit_us=47970 skipped=0
frust_shell_common::perf: frust-perf raw n=272 total_us=48612 rebuild_us=257 layout_us=1 paint_us=919 encode_us=261 acquire_us=153 submit_us=47019 skipped=0
frust_shell_common::perf: frust-perf raw n=273 total_us=48675 rebuild_us=271 layout_us=1 paint_us=602 encode_us=260 acquire_us=155 submit_us=47383 skipped=0
frust_shell_android::app::frame: frust-perf platform-view tail depth=0 target=0 acquire_bound=false frame=1200 expected_present_us=0 acquire_us=148 period_us=11138
frust_shell_common::perf: frust-perf raw n=274 total_us=47910 rebuild_us=255 layout_us=1 paint_us=637 encode_us=266 acquire_us=160 submit_us=46589 skipped=0
frust_shell_common::perf: frust-perf raw n=275 total_us=47989 rebuild_us=142 layout_us=0 paint_us=172 encode_us=221 acquire_us=95 submit_us=47357 skipped=0
frust_shell_common::perf: frust-perf raw n=276 total_us=48059 rebuild_us=93 layout_us=0 paint_us=174 encode_us=215 acquire_us=105 submit_us=47470 skipped=0
frust_shell_common::perf: frust-perf raw n=277 total_us=48620 rebuild_us=198 layout_us=1 paint_us=657 encode_us=273 acquire_us=129 submit_us=47359 skipped=0
frust_shell_common::perf: frust-perf raw n=278 total_us=48328 rebuild_us=217 layout_us=2 paint_us=541 encode_us=265 acquire_us=180 submit_us=47120 skipped=0
frust_shell_common::perf: frust-perf raw n=279 total_us=49074 rebuild_us=191 layout_us=1 paint_us=806 encode_us=256 acquire_us=153 submit_us=47664 skipped=0
frust_shell_common::perf: frust-perf raw n=280 total_us=48695 rebuild_us=235 layout_us=1 paint_us=569 encode_us=219 acquire_us=94 submit_us=47574 skipped=0
frust_shell_common::perf: frust-perf raw n=281 total_us=49597 rebuild_us=205 layout_us=1 paint_us=535 encode_us=259 acquire_us=191 submit_us=48404 skipped=0
frust_shell_common::perf: frust-perf raw n=282 total_us=48457 rebuild_us=230 layout_us=1 paint_us=575 encode_us=207 acquire_us=95 submit_us=47345 skipped=0
frust_shell_common::perf: frust-perf raw n=283 total_us=49576 rebuild_us=271 layout_us=1 paint_us=807 encode_us=259 acquire_us=157 submit_us=48079 skipped=0
frust_shell_common::perf: frust-perf raw n=284 total_us=48883 rebuild_us=212 layout_us=1 paint_us=540 encode_us=207 acquire_us=95 submit_us=47825 skipped=0
frust_shell_common::perf: frust-perf raw n=285 total_us=48354 rebuild_us=203 layout_us=1 paint_us=614 encode_us=234 acquire_us=126 submit_us=47173 skipped=0
frust_shell_common::perf: frust-perf raw n=286 total_us=48680 rebuild_us=238 layout_us=2 paint_us=573 encode_us=236 acquire_us=124 submit_us=47504 skipped=0
frust_shell_common::perf: frust-perf raw n=287 total_us=48583 rebuild_us=227 layout_us=2 paint_us=571 encode_us=205 acquire_us=96 submit_us=47479 skipped=0
frust_shell_common::perf: frust-perf raw n=288 total_us=48365 rebuild_us=197 layout_us=1 paint_us=597 encode_us=233 acquire_us=127 submit_us=47207 skipped=0
frust_shell_common::perf: frust-perf raw n=289 total_us=48287 rebuild_us=188 layout_us=2 paint_us=506 encode_us=222 acquire_us=122 submit_us=47246 skipped=0
frust_shell_common::perf: frust-perf raw n=290 total_us=48795 rebuild_us=277 layout_us=1 paint_us=537 encode_us=232 acquire_us=119 submit_us=47626 skipped=0
frust_shell_common::perf: frust-perf frame n=120 total_p50_ms=48 total_p95_ms=49 total_p99_ms=49 rebuild_p95_ms=0 layout_p95_ms=0 paint_p95_ms=0 encode_p95_ms=0 acquire_p95_ms=0 submit_p95_ms=48 over_60hz=290 over_120hz=290 skipped=0 total_frames=290
frust_shell_common::perf: frust-perf raw n=291 total_us=48441 rebuild_us=196 layout_us=2 paint_us=509 encode_us=225 acquire_us=112 submit_us=47396 skipped=0
frust_shell_common::perf: frust-perf raw n=292 total_us=49414 rebuild_us=321 layout_us=1 paint_us=564 encode_us=262 acquire_us=176 submit_us=48087 skipped=0
frust_shell_common::perf: frust-perf raw n=293 total_us=48226 rebuild_us=249 layout_us=1 paint_us=646 encode_us=251 acquire_us=146 submit_us=46930 skipped=0
frust_shell_common::perf: frust-perf raw n=294 total_us=48618 rebuild_us=82 layout_us=0 paint_us=163 encode_us=219 acquire_us=97 submit_us=48054 skipped=0
frust_shell_common::perf: frust-perf raw n=295 total_us=48085 rebuild_us=250 layout_us=2 paint_us=667 encode_us=247 acquire_us=154 submit_us=46763 skipped=0
frust_shell_common::perf: frust-perf raw n=296 total_us=48636 rebuild_us=195 layout_us=1 paint_us=592 encode_us=222 acquire_us=109 submit_us=47513 skipped=0
frust_shell_common::perf: frust-perf raw n=297 total_us=48388 rebuild_us=230 layout_us=2 paint_us=553 encode_us=330 acquire_us=181 submit_us=47089 skipped=0
frust_shell_common::perf: frust-perf raw n=298 total_us=48190 rebuild_us=226 layout_us=2 paint_us=586 encode_us=271 acquire_us=182 submit_us=46921 skipped=0
frust_shell_common::perf: frust-perf raw n=299 total_us=48653 rebuild_us=205 layout_us=1 paint_us=530 encode_us=233 acquire_us=130 submit_us=47550 skipped=0
frust_shell_common::perf: frust-perf raw n=300 total_us=48105 rebuild_us=251 layout_us=2 paint_us=636 encode_us=256 acquire_us=269 submit_us=46688 skipped=0
frust_shell_common::perf: frust-perf raw n=301 total_us=48647 rebuild_us=218 layout_us=2 paint_us=716 encode_us=230 acquire_us=132 submit_us=47347 skipped=0
frust_shell_android::app::frame: frust-perf platform-view tail depth=0 target=0 acquire_bound=false frame=1320 expected_present_us=0 acquire_us=150 period_us=11131
frust_shell_common::perf: frust-perf raw n=302 total_us=48227 rebuild_us=191 layout_us=2 paint_us=507 encode_us=221 acquire_us=108 submit_us=47196 skipped=0
frust_shell_common::perf: frust-perf raw n=303 total_us=48536 rebuild_us=226 layout_us=2 paint_us=517 encode_us=230 acquire_us=120 submit_us=47439 skipped=0
frust_shell_common::perf: frust-perf raw n=304 total_us=48430 rebuild_us=204 layout_us=2 paint_us=526 encode_us=242 acquire_us=146 submit_us=47308 skipped=0
frust_shell_common::perf: frust-perf raw n=305 total_us=48279 rebuild_us=196 layout_us=2 paint_us=507 encode_us=220 acquire_us=103 submit_us=47249 skipped=0
frust_shell_common::perf: frust-perf raw n=306 total_us=48210 rebuild_us=205 layout_us=2 paint_us=529 encode_us=223 acquire_us=110 submit_us=47138 skipped=0
frust_shell_common::perf: frust-perf raw n=307 total_us=48216 rebuild_us=188 layout_us=1 paint_us=508 encode_us=222 acquire_us=107 submit_us=47189 skipped=0
frust_shell_common::perf: frust-perf raw n=308 total_us=48701 rebuild_us=254 layout_us=2 paint_us=606 encode_us=243 acquire_us=172 submit_us=47422 skipped=0
frust_shell_common::perf: frust-perf raw n=309 total_us=48423 rebuild_us=251 layout_us=1 paint_us=971 encode_us=260 acquire_us=154 submit_us=46784 skipped=0
frust_shell_common::perf: frust-perf raw n=310 total_us=48423 rebuild_us=235 layout_us=2 paint_us=568 encode_us=231 acquire_us=116 submit_us=47269 skipped=0
frust_shell_common::perf: frust-perf raw n=311 total_us=48510 rebuild_us=191 layout_us=1 paint_us=502 encode_us=220 acquire_us=109 submit_us=47484 skipped=0
frust_shell_common::perf: frust-perf raw n=312 total_us=48368 rebuild_us=215 layout_us=2 paint_us=544 encode_us=226 acquire_us=138 submit_us=47241 skipped=0
frust_shell_common::perf: frust-perf raw n=313 total_us=48797 rebuild_us=231 layout_us=1 paint_us=595 encode_us=245 acquire_us=198 submit_us=47524 skipped=0
frust_shell_common::perf: frust-perf raw n=314 total_us=48682 rebuild_us=195 layout_us=1 paint_us=501 encode_us=220 acquire_us=110 submit_us=47652 skipped=0
frust_shell_common::perf: frust-perf raw n=315 total_us=48057 rebuild_us=197 layout_us=1 paint_us=510 encode_us=231 acquire_us=135 submit_us=46979 skipped=0
frust_shell_common::perf: frust-perf raw n=316 total_us=48764 rebuild_us=190 layout_us=1 paint_us=502 encode_us=270 acquire_us=128 submit_us=47670 skipped=0
frust_shell_common::perf: frust-perf raw n=317 total_us=47979 rebuild_us=221 layout_us=1 paint_us=544 encode_us=248 acquire_us=143 submit_us=46819 skipped=0
frust_shell_common::perf: frust-perf raw n=318 total_us=49421 rebuild_us=213 layout_us=1 paint_us=687 encode_us=237 acquire_us=121 submit_us=48160 skipped=0
frust_shell_common::perf: frust-perf raw n=319 total_us=49364 rebuild_us=263 layout_us=2 paint_us=852 encode_us=266 acquire_us=150 submit_us=47828 skipped=0
frust_shell_common::perf: frust-perf raw n=320 total_us=48602 rebuild_us=245 layout_us=1 paint_us=820 encode_us=244 acquire_us=144 submit_us=47145 skipped=0
frust_shell_common::perf: frust-perf raw n=321 total_us=47550 rebuild_us=239 layout_us=1 paint_us=586 encode_us=262 acquire_us=165 submit_us=46294 skipped=0
frust_shell_common::perf: frust-perf raw n=322 total_us=48321 rebuild_us=87 layout_us=0 paint_us=161 encode_us=185 acquire_us=104 submit_us=47780 skipped=0
frust_shell_common::perf: frust-perf raw n=323 total_us=48493 rebuild_us=223 layout_us=1 paint_us=554 encode_us=237 acquire_us=132 submit_us=47342 skipped=0
frust_shell_common::perf: frust-perf raw n=324 total_us=48538 rebuild_us=187 layout_us=1 paint_us=502 encode_us=257 acquire_us=168 submit_us=47420 skipped=0
frust_shell_common::perf: frust-perf raw n=325 total_us=48152 rebuild_us=241 layout_us=1 paint_us=605 encode_us=253 acquire_us=180 submit_us=46869 skipped=0
frust_shell_common::perf: frust-perf raw n=326 total_us=47972 rebuild_us=206 layout_us=2 paint_us=526 encode_us=224 acquire_us=114 submit_us=46898 skipped=0
frust_shell_common::perf: frust-perf raw n=327 total_us=48644 rebuild_us=199 layout_us=2 paint_us=741 encode_us=209 acquire_us=93 submit_us=47398 skipped=0
frust_shell_common::perf: frust-perf raw n=328 total_us=48800 rebuild_us=188 layout_us=1 paint_us=507 encode_us=236 acquire_us=136 submit_us=47729 skipped=0
frust_shell_common::perf: frust-perf raw n=329 total_us=47985 rebuild_us=187 layout_us=1 paint_us=506 encode_us=272 acquire_us=150 submit_us=46866 skipped=0
frust_shell_android::app::frame: frust-perf platform-view tail depth=0 target=0 acquire_bound=false frame=1440 expected_present_us=0 acquire_us=135 period_us=11138
frust_shell_common::perf: frust-perf raw n=330 total_us=48523 rebuild_us=222 layout_us=1 paint_us=585 encode_us=243 acquire_us=138 submit_us=47332 skipped=0
frust_shell_common::perf: frust-perf raw n=331 total_us=48566 rebuild_us=209 layout_us=2 paint_us=702 encode_us=237 acquire_us=132 submit_us=47281 skipped=0
frust_shell_common::perf: frust-perf raw n=332 total_us=48646 rebuild_us=204 layout_us=1 paint_us=526 encode_us=235 acquire_us=145 submit_us=47531 skipped=0
frust_shell_common::perf: frust-perf frame n=120 total_p50_ms=48 total_p95_ms=49 total_p99_ms=49 rebuild_p95_ms=0 layout_p95_ms=0 paint_p95_ms=0 encode_p95_ms=0 acquire_p95_ms=0 submit_p95_ms=48 over_60hz=332 over_120hz=332 skipped=0 total_frames=332
frust_shell_common::perf: frust-perf raw n=333 total_us=48388 rebuild_us=220 layout_us=2 paint_us=846 encode_us=231 acquire_us=125 submit_us=46962 skipped=0
frust_shell_common::perf: frust-perf raw n=334 total_us=48131 rebuild_us=223 layout_us=2 paint_us=567 encode_us=216 acquire_us=119 submit_us=47002 skipped=0
frust_shell_common::perf: frust-perf raw n=335 total_us=48237 rebuild_us=222 layout_us=1 paint_us=559 encode_us=249 acquire_us=141 submit_us=47061 skipped=0
frust_shell_common::perf: frust-perf raw n=336 total_us=48593 rebuild_us=277 layout_us=2 paint_us=527 encode_us=221 acquire_us=125 submit_us=47438 skipped=0
frust_shell_common::perf: frust-perf raw n=337 total_us=49183 rebuild_us=209 layout_us=1 paint_us=539 encode_us=221 acquire_us=165 submit_us=48045 skipped=0
frust_shell_common::perf: frust-perf raw n=338 total_us=48182 rebuild_us=300 layout_us=2 paint_us=685 encode_us=240 acquire_us=133 submit_us=46820 skipped=0
frust_shell_common::perf: frust-perf raw n=339 total_us=48502 rebuild_us=193 layout_us=2 paint_us=504 encode_us=219 acquire_us=124 submit_us=47457 skipped=0
frust_shell_common::perf: frust-perf raw n=340 total_us=48191 rebuild_us=224 layout_us=2 paint_us=544 encode_us=232 acquire_us=125 submit_us=47061 skipped=0
frust_shell_common::perf: frust-perf raw n=341 total_us=48114 rebuild_us=215 layout_us=2 paint_us=550 encode_us=253 acquire_us=149 submit_us=46943 skipped=0
frust_shell_common::perf: frust-perf raw n=342 total_us=48621 rebuild_us=232 layout_us=2 paint_us=738 encode_us=223 acquire_us=112 submit_us=47313 skipped=0
frust_shell_common::perf: frust-perf raw n=343 total_us=49045 rebuild_us=194 layout_us=2 paint_us=507 encode_us=279 acquire_us=255 submit_us=47806 skipped=0
frust_shell_common::perf: frust-perf raw n=344 total_us=47855 rebuild_us=253 layout_us=2 paint_us=605 encode_us=262 acquire_us=158 submit_us=46573 skipped=0
frust_shell_common::perf: frust-perf raw n=345 total_us=48750 rebuild_us=211 layout_us=1 paint_us=535 encode_us=246 acquire_us=146 submit_us=47607 skipped=0
frust_shell_common::perf: frust-perf raw n=346 total_us=48043 rebuild_us=190 layout_us=2 paint_us=509 encode_us=267 acquire_us=133 submit_us=46940 skipped=0
frust_shell_common::perf: frust-perf raw n=347 total_us=48341 rebuild_us=174 layout_us=2 paint_us=484 encode_us=206 acquire_us=97 submit_us=47376 skipped=0
frust_shell_common::perf: frust-perf raw n=348 total_us=48149 rebuild_us=253 layout_us=2 paint_us=735 encode_us=256 acquire_us=157 submit_us=46745 skipped=0
frust_shell_common::perf: frust-perf raw n=349 total_us=48589 rebuild_us=371 layout_us=2 paint_us=529 encode_us=221 acquire_us=112 submit_us=47352 skipped=0
frust_shell_common::perf: frust-perf raw n=350 total_us=48441 rebuild_us=192 layout_us=1 paint_us=518 encode_us=230 acquire_us=135 submit_us=47363 skipped=0
frust_shell_common::perf: frust-perf raw n=351 total_us=47986 rebuild_us=200 layout_us=1 paint_us=525 encode_us=221 acquire_us=109 submit_us=46927 skipped=0
frust_shell_common::perf: frust-perf raw n=352 total_us=48940 rebuild_us=362 layout_us=2 paint_us=909 encode_us=227 acquire_us=120 submit_us=47318 skipped=0
frust_shell_common::perf: frust-perf raw n=353 total_us=48682 rebuild_us=381 layout_us=2 paint_us=918 encode_us=229 acquire_us=190 submit_us=46959 skipped=0
frust_shell_common::perf: frust-perf raw n=354 total_us=48406 rebuild_us=208 layout_us=2 paint_us=542 encode_us=247 acquire_us=134 submit_us=47271 skipped=0
frust_shell_common::perf: frust-perf raw n=355 total_us=48643 rebuild_us=227 layout_us=1 paint_us=723 encode_us=235 acquire_us=118 submit_us=47337 skipped=0
frust_shell_common::perf: frust-perf raw n=356 total_us=48558 rebuild_us=190 layout_us=1 paint_us=503 encode_us=217 acquire_us=107 submit_us=47538 skipped=0
frust_shell_common::perf: frust-perf raw n=357 total_us=48365 rebuild_us=228 layout_us=2 paint_us=591 encode_us=287 acquire_us=187 submit_us=47068 skipped=0
frust_shell_android::app::frame: frust-perf platform-view tail depth=0 target=0 acquire_bound=false frame=1560 expected_present_us=0 acquire_us=143 period_us=11137
frust_shell_common::perf: frust-perf raw n=358 total_us=48277 rebuild_us=227 layout_us=2 paint_us=561 encode_us=261 acquire_us=150 submit_us=47073 skipped=0
frust_shell_common::perf: frust-perf raw n=359 total_us=48479 rebuild_us=191 layout_us=1 paint_us=509 encode_us=225 acquire_us=118 submit_us=47433 skipped=0
frust_shell_common::perf: frust-perf raw n=360 total_us=48246 rebuild_us=194 layout_us=1 paint_us=511 encode_us=246 acquire_us=141 submit_us=47149 skipped=0
frust_shell_common::perf: frust-perf raw n=361 total_us=48375 rebuild_us=206 layout_us=1 paint_us=525 encode_us=241 acquire_us=152 submit_us=47249 skipped=0
frust_shell_common::perf: frust-perf raw n=362 total_us=48510 rebuild_us=203 layout_us=2 paint_us=511 encode_us=227 acquire_us=127 submit_us=47438 skipped=0
frust_shell_common::perf: frust-perf raw n=363 total_us=49006 rebuild_us=211 layout_us=2 paint_us=553 encode_us=242 acquire_us=143 submit_us=47853 skipped=0
frust_shell_common::perf: frust-perf raw n=364 total_us=48829 rebuild_us=234 layout_us=2 paint_us=716 encode_us=240 acquire_us=145 submit_us=47490 skipped=0
frust_shell_common::perf: frust-perf raw n=365 total_us=48601 rebuild_us=269 layout_us=2 paint_us=698 encode_us=259 acquire_us=187 submit_us=47185 skipped=0
frust_shell_common::perf: frust-perf raw n=366 total_us=48547 rebuild_us=202 layout_us=2 paint_us=679 encode_us=220 acquire_us=108 submit_us=47333 skipped=0
frust_shell_common::perf: frust-perf raw n=367 total_us=48468 rebuild_us=196 layout_us=1 paint_us=530 encode_us=233 acquire_us=119 submit_us=47386 skipped=0
frust_shell_common::perf: frust-perf raw n=368 total_us=48189 rebuild_us=268 layout_us=2 paint_us=626 encode_us=250 acquire_us=164 submit_us=46875 skipped=0
frust_shell_common::perf: frust-perf raw n=369 total_us=48707 rebuild_us=213 layout_us=2 paint_us=549 encode_us=239 acquire_us=134 submit_us=47567 skipped=0
frust_shell_common::perf: frust-perf raw n=370 total_us=48719 rebuild_us=237 layout_us=2 paint_us=1078 encode_us=241 acquire_us=134 submit_us=47025 skipped=0
frust_shell_common::perf: frust-perf raw n=371 total_us=48067 rebuild_us=175 layout_us=0 paint_us=352 encode_us=260 acquire_us=115 submit_us=47162 skipped=0
frust_shell_common::perf: frust-perf raw n=372 total_us=47818 rebuild_us=95 layout_us=0 paint_us=242 encode_us=213 acquire_us=94 submit_us=47173 skipped=0
frust_shell_common::perf: frust-perf raw n=373 total_us=47866 rebuild_us=96 layout_us=0 paint_us=176 encode_us=213 acquire_us=94 submit_us=47285 skipped=0
frust_shell_common::perf: frust-perf raw n=374 total_us=48440 rebuild_us=216 layout_us=1 paint_us=540 encode_us=283 acquire_us=198 submit_us=47199 skipped=0
frust_shell_common::perf: frust-perf frame n=120 total_p50_ms=48 total_p95_ms=49 total_p99_ms=49 rebuild_p95_ms=0 layout_p95_ms=0 paint_p95_ms=0 encode_p95_ms=0 acquire_p95_ms=0 submit_p95_ms=47 over_60hz=374 over_120hz=374 skipped=0 total_frames=374
frust_shell_common::perf: frust-perf raw n=375 total_us=48406 rebuild_us=195 layout_us=1 paint_us=510 encode_us=223 acquire_us=117 submit_us=47358 skipped=0
frust_shell_common::perf: frust-perf raw n=376 total_us=48458 rebuild_us=197 layout_us=1 paint_us=541 encode_us=252 acquire_us=148 submit_us=47317 skipped=0
frust_shell_common::perf: frust-perf raw n=377 total_us=48194 rebuild_us=269 layout_us=3 paint_us=650 encode_us=257 acquire_us=236 submit_us=46776 skipped=0
frust_shell_common::perf: frust-perf raw n=378 total_us=49101 rebuild_us=191 layout_us=1 paint_us=505 encode_us=224 acquire_us=110 submit_us=48066 skipped=0
frust_shell_common::perf: frust-perf raw n=379 total_us=48057 rebuild_us=194 layout_us=2 paint_us=646 encode_us=233 acquire_us=128 submit_us=46852 skipped=0
frust_shell_common::perf: frust-perf raw n=380 total_us=48761 rebuild_us=203 layout_us=1 paint_us=527 encode_us=233 acquire_us=139 submit_us=47655 skipped=0
frust_shell_common::perf: frust-perf raw n=381 total_us=48746 rebuild_us=221 layout_us=1 paint_us=570 encode_us=252 acquire_us=154 submit_us=47546 skipped=0
frust_shell_common::perf: frust-perf raw n=382 total_us=48086 rebuild_us=92 layout_us=0 paint_us=167 encode_us=215 acquire_us=96 submit_us=47514 skipped=0
frust_shell_common::perf: frust-perf raw n=383 total_us=49004 rebuild_us=248 layout_us=1 paint_us=856 encode_us=261 acquire_us=155 submit_us=47480 skipped=0
frust_shell_common::perf: frust-perf raw n=384 total_us=47841 rebuild_us=246 layout_us=1 paint_us=640 encode_us=255 acquire_us=163 submit_us=46533 skipped=0
frust_shell_common::perf: frust-perf raw n=385 total_us=48801 rebuild_us=88 layout_us=0 paint_us=243 encode_us=213 acquire_us=94 submit_us=48161 skipped=0
frust_shell_android::app::frame: frust-perf platform-view tail depth=0 target=0 acquire_bound=false frame=1680 expected_present_us=0 acquire_us=125 period_us=11134
frust_shell_common::perf: frust-perf raw n=386 total_us=48148 rebuild_us=190 layout_us=2 paint_us=506 encode_us=222 acquire_us=112 submit_us=47114 skipped=0
frust_shell_common::perf: frust-perf raw n=387 total_us=47883 rebuild_us=224 layout_us=1 paint_us=556 encode_us=255 acquire_us=160 submit_us=46684 skipped=0
frust_shell_common::perf: frust-perf raw n=388 total_us=47935 rebuild_us=98 layout_us=0 paint_us=182 encode_us=188 acquire_us=88 submit_us=47377 skipped=0
frust_shell_common::perf: frust-perf raw n=389 total_us=47671 rebuild_us=81 layout_us=0 paint_us=158 encode_us=213 acquire_us=137 submit_us=47079 skipped=0
frust_shell_common::perf: frust-perf raw n=390 total_us=48041 rebuild_us=91 layout_us=0 paint_us=177 encode_us=219 acquire_us=95 submit_us=47456 skipped=0
frust_shell_common::perf: frust-perf raw n=391 total_us=48417 rebuild_us=97 layout_us=0 paint_us=177 encode_us=228 acquire_us=104 submit_us=47809 skipped=0
frust_shell_common::perf: frust-perf raw n=392 total_us=47647 rebuild_us=95 layout_us=0 paint_us=185 encode_us=222 acquire_us=100 submit_us=47042 skipped=0
frust_shell_common::perf: frust-perf raw n=393 total_us=48373 rebuild_us=101 layout_us=0 paint_us=197 encode_us=218 acquire_us=109 submit_us=47745 skipped=0
frust_shell_common::perf: frust-perf raw n=394 total_us=48911 rebuild_us=218 layout_us=2 paint_us=555 encode_us=244 acquire_us=135 submit_us=47755 skipped=0
frust_shell_common::perf: frust-perf raw n=395 total_us=48200 rebuild_us=211 layout_us=1 paint_us=637 encode_us=240 acquire_us=135 submit_us=46973 skipped=0
frust_shell_common::perf: frust-perf raw n=396 total_us=49509 rebuild_us=238 layout_us=2 paint_us=726 encode_us=261 acquire_us=151 submit_us=48129 skipped=0
frust_shell_common::perf: frust-perf raw n=397 total_us=48383 rebuild_us=201 layout_us=2 paint_us=529 encode_us=236 acquire_us=128 submit_us=47284 skipped=0
frust_shell_common::perf: frust-perf raw n=398 total_us=48917 rebuild_us=384 layout_us=2 paint_us=688 encode_us=248 acquire_us=180 submit_us=47413 skipped=0
frust_shell_common::perf: frust-perf raw n=399 total_us=48396 rebuild_us=195 layout_us=1 paint_us=513 encode_us=226 acquire_us=134 submit_us=47325 skipped=0
frust_shell_common::perf: frust-perf raw n=400 total_us=48440 rebuild_us=208 layout_us=2 paint_us=532 encode_us=244 acquire_us=145 submit_us=47306 skipped=0
frust_shell_common::perf: frust-perf raw n=401 total_us=48338 rebuild_us=228 layout_us=2 paint_us=903 encode_us=258 acquire_us=147 submit_us=46798 skipped=0
frust_shell_common::perf: frust-perf raw n=402 total_us=48288 rebuild_us=79 layout_us=0 paint_us=156 encode_us=210 acquire_us=91 submit_us=47748 skipped=0
frust_shell_common::perf: frust-perf raw n=403 total_us=49261 rebuild_us=453 layout_us=2 paint_us=783 encode_us=248 acquire_us=136 submit_us=47636 skipped=0
frust_shell_common::perf: frust-perf raw n=404 total_us=48918 rebuild_us=227 layout_us=1 paint_us=560 encode_us=264 acquire_us=166 submit_us=47697 skipped=0
frust_shell_common::perf: frust-perf raw n=405 total_us=48136 rebuild_us=208 layout_us=2 paint_us=591 encode_us=266 acquire_us=114 submit_us=46953 skipped=0
frust_shell_common::perf: frust-perf raw n=406 total_us=48701 rebuild_us=185 layout_us=1 paint_us=502 encode_us=217 acquire_us=108 submit_us=47685 skipped=0
frust_shell_common::perf: frust-perf raw n=407 total_us=49118 rebuild_us=190 layout_us=1 paint_us=653 encode_us=240 acquire_us=133 submit_us=47899 skipped=0
frust_shell_common::perf: frust-perf raw n=408 total_us=48800 rebuild_us=385 layout_us=3 paint_us=922 encode_us=259 acquire_us=161 submit_us=47067 skipped=0
frust_shell_common::perf: frust-perf raw n=409 total_us=49289 rebuild_us=422 layout_us=2 paint_us=550 encode_us=219 acquire_us=109 submit_us=47985 skipped=0
frust_shell_common::perf: frust-perf raw n=410 total_us=48114 rebuild_us=201 layout_us=1 paint_us=526 encode_us=286 acquire_us=136 submit_us=46961 skipped=0
