frust-perf activity-create
frust_render::context: frust-perf surface-caps formats=[Rgba8UnormSrgb,Rgba8Unorm,Rgba16Float,Rgb10a2Unorm] usages=TextureUsages(COPY_SRC | COPY_DST | TEXTURE_BINDING | STORAGE_BINDING | RENDER_ATTACHMENT | STORAGE_ATOMIC) direct_to_surface=YES (Rgba8Unorm+STORAGE_BINDING)
frust_render::context: frust-perf render-path direct (Rgba8Unorm+STORAGE_BINDING)
frust_shell_common::perf: frust-perf startup init_entry=0ms font_preinit_started=0ms font_preinit_joined=0ms preinit_started=1ms preinit_joined=5ms cache_loaded=7ms pipeline_cache_restored=7ms adapter_ready=70ms device_ready=70ms renderer_ready=70ms first_rebuild_done=88ms first_encode_done=111ms first_frame_presented=113ms
frust_shell_common::perf: frust-perf raw n=1 total_us=25822 rebuild_us=159 layout_us=0 paint_us=82 encode_us=22999 acquire_us=50 submit_us=2530 skipped=0
frust_shell_common::perf: frust-perf raw n=2 total_us=44888 rebuild_us=167 layout_us=0 paint_us=80 encode_us=53 acquire_us=87 submit_us=44498 skipped=0
frust_shell_common::perf: frust-perf raw n=3 total_us=15966 rebuild_us=330 layout_us=0 paint_us=382 encode_us=11631 acquire_us=41 submit_us=3579 skipped=0
frust_shell_common::perf: frust-perf raw n=4 total_us=73609 rebuild_us=181 layout_us=0 paint_us=120 encode_us=4584 acquire_us=72 submit_us=68650 skipped=0
frust_shell_common::perf: frust-perf raw n=5 total_us=68671 rebuild_us=312 layout_us=0 paint_us=175 encode_us=23133 acquire_us=82 submit_us=44967 skipped=0
frust_shell_common::perf: frust-perf raw n=6 total_us=62218 rebuild_us=497 layout_us=0 paint_us=331 encode_us=4841 acquire_us=47 submit_us=56499 skipped=0
frust_shell_common::perf: frust-perf raw n=7 total_us=63516 rebuild_us=221 layout_us=28 paint_us=141 encode_us=108 acquire_us=41 submit_us=62975 skipped=0
frust_shell_android::app::frame: frust-perf platform-view tail depth=0 target=0 acquire_bound=false frame=120 expected_present_us=0 acquire_us=54 period_us=11117
frust_shell_android::app::input: frust-perf platform-view gesture phase=down frame=146
frust_shell_android::app::input: frust-perf platform-view gesture phase=up frame=147
frust_shell_common::perf: frust-perf raw n=8 total_us=5230 rebuild_us=343 layout_us=0 paint_us=210 encode_us=73 acquire_us=59 submit_us=4542 skipped=0
frust_shell_common::perf: frust-perf raw n=9 total_us=70777 rebuild_us=145 layout_us=0 paint_us=86 encode_us=122 acquire_us=68 submit_us=70354 skipped=0
frust_shell_common::perf: frust-perf raw n=10 total_us=39812 rebuild_us=451 layout_us=67 paint_us=218 encode_us=4568 acquire_us=106 submit_us=34400 skipped=0
frust_shell_common::perf: frust-perf raw n=11 total_us=39542 rebuild_us=472 layout_us=77 paint_us=205 encode_us=308 acquire_us=197 submit_us=38279 skipped=0
frust_shell_common::perf: frust-perf raw n=12 total_us=5207 rebuild_us=515 layout_us=64 paint_us=233 encode_us=3581 acquire_us=73 submit_us=738 skipped=0
frust_shell_common::perf: frust-perf raw n=13 total_us=32798 rebuild_us=628 layout_us=106 paint_us=255 encode_us=107 acquire_us=83 submit_us=31616 skipped=0
frust_shell_common::perf: frust-perf raw n=14 total_us=3301 rebuild_us=549 layout_us=79 paint_us=201 encode_us=187 acquire_us=96 submit_us=2186 skipped=0
frust_shell_common::perf: frust-perf raw n=15 total_us=13393 rebuild_us=736 layout_us=104 paint_us=395 encode_us=116 acquire_us=9304 submit_us=2735 skipped=0
frust_shell_common::perf: frust-perf raw n=16 total_us=15628 rebuild_us=568 layout_us=91 paint_us=246 encode_us=519 acquire_us=12991 submit_us=1210 skipped=0
frust_shell_common::perf: frust-perf raw n=17 total_us=11865 rebuild_us=567 layout_us=88 paint_us=191 encode_us=131 acquire_us=9687 submit_us=1198 skipped=0
frust_shell_common::perf: frust-perf raw n=18 total_us=11979 rebuild_us=460 layout_us=76 paint_us=166 encode_us=132 acquire_us=9419 submit_us=1724 skipped=0
frust_shell_android::app::frame: frust-perf platform-view tail depth=0 target=0 acquire_bound=true frame=169 expected_present_us=0 acquire_us=7007 period_us=11155
frust_shell_common::perf: frust-perf raw n=19 total_us=11187 rebuild_us=462 layout_us=75 paint_us=201 encode_us=129 acquire_us=9112 submit_us=1204 skipped=0
frust_shell_common::perf: frust-perf raw n=20 total_us=12328 rebuild_us=451 layout_us=74 paint_us=172 encode_us=125 acquire_us=9816 submit_us=1686 skipped=0
frust_shell_common::perf: frust-perf raw n=21 total_us=11032 rebuild_us=450 layout_us=76 paint_us=171 encode_us=157 acquire_us=8977 submit_us=1197 skipped=0
frust_shell_common::perf: frust-perf raw n=22 total_us=11758 rebuild_us=458 layout_us=73 paint_us=170 encode_us=113 acquire_us=9741 submit_us=1201 skipped=0
frust_shell_common::perf: frust-perf raw n=23 total_us=11849 rebuild_us=477 layout_us=77 paint_us=171 encode_us=138 acquire_us=9760 submit_us=1225 skipped=0
frust_shell_common::perf: frust-perf raw n=24 total_us=12304 rebuild_us=478 layout_us=79 paint_us=172 encode_us=136 acquire_us=10183 submit_us=1253 skipped=0
frust_shell_common::perf: frust-perf raw n=25 total_us=11901 rebuild_us=460 layout_us=77 paint_us=179 encode_us=123 acquire_us=9417 submit_us=1642 skipped=0
frust_shell_common::perf: frust-perf raw n=26 total_us=11176 rebuild_us=458 layout_us=75 paint_us=170 encode_us=140 acquire_us=9187 submit_us=1145 skipped=0
frust_shell_common::perf: frust-perf raw n=27 total_us=12737 rebuild_us=451 layout_us=61 paint_us=110 encode_us=158 acquire_us=9575 submit_us=2378 skipped=0
frust_shell_android::app::frame: frust-perf platform-view tail depth=0 target=0 acquire_bound=true frame=289 expected_present_us=0 acquire_us=9344 period_us=11131
frust_shell_common::perf: frust-perf raw n=28 total_us=1660 rebuild_us=202 layout_us=96 paint_us=156 encode_us=79 acquire_us=72 submit_us=1052 skipped=0
frust_shell_common::perf: frust-perf raw n=29 total_us=1738 rebuild_us=177 layout_us=0 paint_us=242 encode_us=78 acquire_us=73 submit_us=1166 skipped=0
frust_shell_common::perf: frust-perf raw n=30 total_us=2471 rebuild_us=184 layout_us=122 paint_us=205 encode_us=120 acquire_us=92 submit_us=1745 skipped=0
frust_shell_common::perf: frust-perf raw n=31 total_us=1693 rebuild_us=170 layout_us=108 paint_us=199 encode_us=104 acquire_us=59 submit_us=1049 skipped=0
frust_shell_common::perf: frust-perf raw n=32 total_us=2178 rebuild_us=203 layout_us=128 paint_us=233 encode_us=116 acquire_us=68 submit_us=1427 skipped=0
frust_shell_common::perf: frust-perf raw n=33 total_us=13794 rebuild_us=187 layout_us=113 paint_us=275 encode_us=110 acquire_us=11426 submit_us=1681 skipped=0
frust_shell_common::perf: frust-perf raw n=34 total_us=16031 rebuild_us=190 layout_us=107 paint_us=226 encode_us=196 acquire_us=13743 submit_us=1567 skipped=0
frust_shell_common::perf: frust-perf raw n=35 total_us=11794 rebuild_us=184 layout_us=105 paint_us=307 encode_us=147 acquire_us=9583 submit_us=1466 skipped=0
frust_shell_common::perf: frust-perf raw n=36 total_us=11413 rebuild_us=181 layout_us=105 paint_us=216 encode_us=160 acquire_us=9200 submit_us=1549 skipped=0
frust_shell_common::perf: frust-perf raw n=37 total_us=12020 rebuild_us=181 layout_us=109 paint_us=220 encode_us=161 acquire_us=9889 submit_us=1456 skipped=0
frust_shell_common::perf: frust-perf raw n=38 total_us=11008 rebuild_us=182 layout_us=107 paint_us=215 encode_us=165 acquire_us=8851 submit_us=1485 skipped=0
frust_shell_common::perf: frust-perf raw n=39 total_us=11982 rebuild_us=181 layout_us=106 paint_us=215 encode_us=152 acquire_us=9913 submit_us=1413 skipped=0
frust_shell_common::perf: frust-perf raw n=40 total_us=11701 rebuild_us=169 layout_us=103 paint_us=203 encode_us=3073 acquire_us=6809 submit_us=1342 skipped=0
frust_shell_common::perf: frust-perf raw n=41 total_us=61531 rebuild_us=294 layout_us=173 paint_us=324 encode_us=127 acquire_us=9456 submit_us=51154 skipped=0
frust_shell_common::perf: frust-perf raw n=42 total_us=3055 rebuild_us=216 layout_us=99 paint_us=258 encode_us=158 acquire_us=100 submit_us=2222 skipped=0
frust_shell_common::perf: frust-perf raw n=43 total_us=3883 rebuild_us=162 layout_us=94 paint_us=193 encode_us=220 acquire_us=191 submit_us=3021 skipped=0
frust_shell_common::perf: frust-perf raw n=44 total_us=7703 rebuild_us=170 layout_us=109 paint_us=202 encode_us=101 acquire_us=5335 submit_us=1784 skipped=0
frust_shell_common::perf: frust-perf raw n=45 total_us=7571 rebuild_us=160 layout_us=97 paint_us=191 encode_us=207 acquire_us=5629 submit_us=1284 skipped=0
frust_shell_common::perf: frust-perf raw n=46 total_us=7873 rebuild_us=162 layout_us=94 paint_us=194 encode_us=95 acquire_us=5988 submit_us=1337 skipped=0
frust_shell_common::perf: frust-perf raw n=47 total_us=8458 rebuild_us=161 layout_us=94 paint_us=193 encode_us=97 acquire_us=6207 submit_us=1705 skipped=0
frust_shell_common::perf: frust-perf raw n=48 total_us=7944 rebuild_us=158 layout_us=91 paint_us=193 encode_us=98 acquire_us=5987 submit_us=1414 skipped=0
frust_shell_common::perf: frust-perf raw n=49 total_us=8063 rebuild_us=163 layout_us=101 paint_us=195 encode_us=99 acquire_us=6137 submit_us=1364 skipped=0
frust_shell_common::perf: frust-perf raw n=50 total_us=7926 rebuild_us=365 layout_us=138 paint_us=303 encode_us=206 acquire_us=5615 submit_us=1297 skipped=0
frust_shell_common::perf: frust-perf raw n=51 total_us=7951 rebuild_us=923 layout_us=44 paint_us=79 encode_us=95 acquire_us=4295 submit_us=2512 skipped=0
frust_shell_android::app::frame: frust-perf platform-view tail depth=0 target=0 acquire_bound=true frame=409 expected_present_us=0 acquire_us=5387 period_us=11131
frust_shell_android::app::input: frust-perf platform-view gesture phase=down frame=449
frust_shell_android::app::input: frust-perf platform-view gesture phase=up frame=450
frust_shell_common::perf: frust-perf raw n=52 total_us=2508 rebuild_us=173 layout_us=0 paint_us=101 encode_us=82 acquire_us=79 submit_us=2071 skipped=0
frust_shell_common::perf: frust-perf raw n=53 total_us=67364 rebuild_us=838 layout_us=565 paint_us=173 encode_us=74 acquire_us=83 submit_us=65629 skipped=0
frust_shell_common::perf: frust-perf raw n=54 total_us=3673 rebuild_us=650 layout_us=87 paint_us=254 encode_us=172 acquire_us=131 submit_us=2376 skipped=0
frust_shell_common::perf: frust-perf raw n=55 total_us=5555 rebuild_us=772 layout_us=106 paint_us=301 encode_us=136 acquire_us=2932 submit_us=1306 skipped=0
frust_shell_common::perf: frust-perf raw n=56 total_us=7507 rebuild_us=562 layout_us=71 paint_us=170 encode_us=93 acquire_us=5087 submit_us=1523 skipped=0
frust_shell_common::perf: frust-perf raw n=57 total_us=6884 rebuild_us=584 layout_us=78 paint_us=182 encode_us=96 acquire_us=4508 submit_us=1434 skipped=0
frust_shell_common::perf: frust-perf raw n=58 total_us=7646 rebuild_us=498 layout_us=70 paint_us=163 encode_us=251 acquire_us=5341 submit_us=1321 skipped=0
frust_shell_common::perf: frust-perf raw n=59 total_us=6898 rebuild_us=495 layout_us=68 paint_us=158 encode_us=96 acquire_us=4665 submit_us=1413 skipped=0
frust_shell_common::perf: frust-perf raw n=60 total_us=8017 rebuild_us=501 layout_us=71 paint_us=157 encode_us=5618 acquire_us=150 submit_us=1518 skipped=0
frust_shell_common::perf: frust-perf raw n=61 total_us=37986 rebuild_us=674 layout_us=113 paint_us=252 encode_us=254 acquire_us=4706 submit_us=31985 skipped=0
frust_shell_common::perf: frust-perf raw n=62 total_us=3054 rebuild_us=551 layout_us=110 paint_us=226 encode_us=189 acquire_us=113 submit_us=1862 skipped=0
frust_shell_common::perf: frust-perf raw n=63 total_us=2005 rebuild_us=466 layout_us=60 paint_us=137 encode_us=96 acquire_us=64 submit_us=1180 skipped=0
frust_shell_common::perf: frust-perf raw n=64 total_us=7276 rebuild_us=566 layout_us=72 paint_us=163 encode_us=99 acquire_us=5104 submit_us=1270 skipped=0
frust_shell_common::perf: frust-perf raw n=65 total_us=7512 rebuild_us=464 layout_us=64 paint_us=142 encode_us=112 acquire_us=5445 submit_us=1283 skipped=0
frust_shell_common::perf: frust-perf raw n=66 total_us=7142 rebuild_us=463 layout_us=61 paint_us=139 encode_us=98 acquire_us=5147 submit_us=1232 skipped=0
frust_shell_common::perf: frust-perf raw n=67 total_us=7255 rebuild_us=463 layout_us=62 paint_us=138 encode_us=97 acquire_us=5220 submit_us=1272 skipped=0
frust_shell_common::perf: frust-perf raw n=68 total_us=6852 rebuild_us=535 layout_us=72 paint_us=155 encode_us=100 acquire_us=4651 submit_us=1336 skipped=0
frust_shell_common::perf: frust-perf raw n=69 total_us=7550 rebuild_us=460 layout_us=62 paint_us=147 encode_us=100 acquire_us=5034 submit_us=1745 skipped=0
frust_shell_common::perf: frust-perf raw n=70 total_us=7445 rebuild_us=451 layout_us=65 paint_us=147 encode_us=189 acquire_us=5405 submit_us=1186 skipped=0
frust_shell_common::perf: frust-perf raw n=71 total_us=7700 rebuild_us=492 layout_us=66 paint_us=151 encode_us=101 acquire_us=5082 submit_us=1805 skipped=0
frust_shell_common::perf: frust-perf raw n=72 total_us=6761 rebuild_us=480 layout_us=65 paint_us=150 encode_us=101 acquire_us=4684 submit_us=1276 skipped=0
frust_shell_common::perf: frust-perf raw n=73 total_us=6845 rebuild_us=477 layout_us=67 paint_us=152 encode_us=101 acquire_us=4767 submit_us=1279 skipped=0
frust_shell_common::perf: frust-perf raw n=74 total_us=6698 rebuild_us=499 layout_us=65 paint_us=145 encode_us=99 acquire_us=4578 submit_us=1309 skipped=0
frust_shell_common::perf: frust-perf raw n=75 total_us=8470 rebuild_us=459 layout_us=50 paint_us=93 encode_us=229 acquire_us=5296 submit_us=2342 skipped=0
frust_shell_android::app::frame: frust-perf platform-view tail depth=0 target=0 acquire_bound=true frame=529 expected_present_us=0 acquire_us=4869 period_us=11131
frust_shell_common::perf: frust-perf raw n=76 total_us=1746 rebuild_us=222 layout_us=86 paint_us=152 encode_us=79 acquire_us=82 submit_us=1123 skipped=0
frust_shell_common::perf: frust-perf raw n=77 total_us=2625 rebuild_us=347 layout_us=0 paint_us=421 encode_us=108 acquire_us=98 submit_us=1648 skipped=0
frust_shell_common::perf: frust-perf raw n=78 total_us=2217 rebuild_us=420 layout_us=106 paint_us=187 encode_us=98 acquire_us=81 submit_us=1323 skipped=0
frust_shell_common::perf: frust-perf raw n=79 total_us=1933 rebuild_us=193 layout_us=101 paint_us=199 encode_us=99 acquire_us=72 submit_us=1267 skipped=0
frust_shell_common::perf: frust-perf raw n=80 total_us=14299 rebuild_us=175 layout_us=85 paint_us=169 encode_us=94 acquire_us=12088 submit_us=1686 skipped=0
frust_shell_common::perf: frust-perf raw n=81 total_us=24348 rebuild_us=224 layout_us=89 paint_us=193 encode_us=218 acquire_us=21858 submit_us=1763 skipped=0
frust_shell_common::perf: frust-perf raw n=82 total_us=17027 rebuild_us=178 layout_us=79 paint_us=175 encode_us=200 acquire_us=14849 submit_us=1543 skipped=0
frust_shell_common::perf: frust-perf raw n=83 total_us=11536 rebuild_us=194 layout_us=101 paint_us=191 encode_us=158 acquire_us=9200 submit_us=1689 skipped=0
frust_shell_common::perf: frust-perf raw n=84 total_us=11473 rebuild_us=192 layout_us=99 paint_us=211 encode_us=153 acquire_us=9251 submit_us=1565 skipped=0
frust_shell_common::perf: frust-perf raw n=85 total_us=11528 rebuild_us=253 layout_us=119 paint_us=254 encode_us=177 acquire_us=9209 submit_us=1514 skipped=0
frust_shell_common::perf: frust-perf raw n=86 total_us=11465 rebuild_us=191 layout_us=94 paint_us=194 encode_us=172 acquire_us=9347 submit_us=1464 skipped=0
frust_shell_common::perf: frust-perf raw n=87 total_us=12070 rebuild_us=228 layout_us=95 paint_us=225 encode_us=3077 acquire_us=6782 submit_us=1661 skipped=0
frust_shell_common::perf: frust-perf raw n=88 total_us=60156 rebuild_us=266 layout_us=127 paint_us=326 encode_us=152 acquire_us=8560 submit_us=50722 skipped=0
frust_shell_common::perf: frust-perf raw n=89 total_us=3186 rebuild_us=213 layout_us=90 paint_us=241 encode_us=169 acquire_us=114 submit_us=2357 skipped=0
frust_shell_common::perf: frust-perf raw n=90 total_us=2227 rebuild_us=206 layout_us=108 paint_us=265 encode_us=107 acquire_us=79 submit_us=1461 skipped=0
frust_shell_common::perf: frust-perf raw n=91 total_us=7679 rebuild_us=205 layout_us=115 paint_us=241 encode_us=232 acquire_us=5359 submit_us=1525 skipped=0
frust_shell_common::perf: frust-perf raw n=92 total_us=8135 rebuild_us=176 layout_us=91 paint_us=183 encode_us=105 acquire_us=6131 submit_us=1446 skipped=0
frust_shell_common::perf: frust-perf raw n=93 total_us=7886 rebuild_us=175 layout_us=88 paint_us=189 encode_us=273 acquire_us=5675 submit_us=1484 skipped=0
frust_shell_common::perf: frust-perf raw n=94 total_us=7605 rebuild_us=217 layout_us=88 paint_us=193 encode_us=106 acquire_us=5573 submit_us=1425 skipped=0
frust_shell_common::perf: frust-perf raw n=95 total_us=7528 rebuild_us=174 layout_us=86 paint_us=187 encode_us=99 acquire_us=5569 submit_us=1411 skipped=0
frust_shell_common::perf: frust-perf raw n=96 total_us=8108 rebuild_us=176 layout_us=92 paint_us=235 encode_us=108 acquire_us=5582 submit_us=1912 skipped=0
frust_shell_common::perf: frust-perf raw n=97 total_us=7574 rebuild_us=173 layout_us=82 paint_us=181 encode_us=102 acquire_us=5459 submit_us=1574 skipped=0
frust_shell_common::perf: frust-perf raw n=98 total_us=7865 rebuild_us=559 layout_us=20 paint_us=95 encode_us=98 acquire_us=4423 submit_us=2668 skipped=0
frust_shell_android::app::frame: frust-perf platform-view tail depth=0 target=0 acquire_bound=true frame=649 expected_present_us=0 acquire_us=5228 period_us=11130
frust_shell_android::app::input: frust-perf platform-view gesture phase=down frame=752
frust_shell_android::app::input: frust-perf platform-view gesture phase=up frame=752
frust_shell_common::perf: frust-perf raw n=99 total_us=9605 rebuild_us=7077 layout_us=686 paint_us=205 encode_us=99 acquire_us=95 submit_us=1440 skipped=0
frust_shell_common::perf: frust-perf raw n=100 total_us=2685 rebuild_us=461 layout_us=61 paint_us=185 encode_us=92 acquire_us=103 submit_us=1780 skipped=0
frust_shell_common::perf: frust-perf raw n=101 total_us=2122 rebuild_us=435 layout_us=58 paint_us=169 encode_us=95 acquire_us=77 submit_us=1285 skipped=0
frust_shell_common::perf: frust-perf raw n=102 total_us=2146 rebuild_us=419 layout_us=101 paint_us=182 encode_us=91 acquire_us=73 submit_us=1276 skipped=0
frust_shell_common::perf: frust-perf raw n=103 total_us=2462 rebuild_us=740 layout_us=63 paint_us=192 encode_us=93 acquire_us=69 submit_us=1304 skipped=0
frust_shell_common::perf: frust-perf raw n=104 total_us=2698 rebuild_us=544 layout_us=73 paint_us=216 encode_us=99 acquire_us=78 submit_us=1686 skipped=0
frust_shell_common::perf: frust-perf raw n=105 total_us=14125 rebuild_us=484 layout_us=60 paint_us=193 encode_us=92 acquire_us=11536 submit_us=1758 skipped=0
frust_shell_common::perf: frust-perf raw n=106 total_us=16178 rebuild_us=500 layout_us=59 paint_us=204 encode_us=187 acquire_us=13798 submit_us=1428 skipped=0
frust_shell_common::perf: frust-perf raw n=107 total_us=12309 rebuild_us=421 layout_us=57 paint_us=218 encode_us=144 acquire_us=9677 submit_us=1790 skipped=0
frust_shell_common::perf: frust-perf raw n=108 total_us=11115 rebuild_us=424 layout_us=56 paint_us=170 encode_us=129 acquire_us=8941 submit_us=1391 skipped=0
frust_shell_common::perf: frust-perf raw n=109 total_us=11334 rebuild_us=469 layout_us=68 paint_us=200 encode_us=131 acquire_us=8979 submit_us=1483 skipped=0
frust_shell_common::perf: frust-perf raw n=110 total_us=12249 rebuild_us=422 layout_us=60 paint_us=174 encode_us=3075 acquire_us=7094 submit_us=1422 skipped=0
frust_shell_android::app::frame: frust-perf platform-view tail depth=0 target=0 acquire_bound=true frame=769 expected_present_us=0 acquire_us=7641 period_us=11199
frust_shell_common::perf: frust-perf raw n=111 total_us=64558 rebuild_us=538 layout_us=90 paint_us=224 encode_us=2109 acquire_us=7509 submit_us=54086 skipped=0
frust_shell_common::perf: frust-perf raw n=112 total_us=41665 rebuild_us=721 layout_us=50 paint_us=188 encode_us=2664 acquire_us=126 submit_us=37912 skipped=0
frust_shell_common::perf: frust-perf raw n=113 total_us=41505 rebuild_us=440 layout_us=57 paint_us=178 encode_us=2333 acquire_us=96 submit_us=38400 skipped=0
frust_shell_common::perf: frust-perf raw n=114 total_us=38707 rebuild_us=441 layout_us=54 paint_us=192 encode_us=2444 acquire_us=87 submit_us=35487 skipped=0
frust_shell_common::perf: frust-perf raw n=115 total_us=38780 rebuild_us=387 layout_us=37 paint_us=99 encode_us=129 acquire_us=71 submit_us=38054 skipped=0
frust_shell_android::app::frame: frust-perf platform-view tail depth=0 target=0 acquire_bound=false frame=790 expected_present_us=0 acquire_us=2477 period_us=11130
frust_shell_common::perf: frust-perf raw n=116 total_us=3156 rebuild_us=210 layout_us=82 paint_us=144 encode_us=2049 acquire_us=60 submit_us=609 skipped=0
frust_shell_android::app::frame: frust-perf platform-view tail depth=0 target=0 acquire_bound=false frame=910 expected_present_us=0 acquire_us=1419 period_us=11281
frust_shell_common::perf: frust-perf raw n=117 total_us=70633 rebuild_us=147 layout_us=0 paint_us=184 encode_us=73 acquire_us=63 submit_us=70164 skipped=0
frust_shell_common::perf: frust-perf raw n=118 total_us=2889 rebuild_us=180 layout_us=0 paint_us=226 encode_us=125 acquire_us=114 submit_us=2241 skipped=0
frust_shell_common::perf: frust-perf raw n=119 total_us=3636 rebuild_us=192 layout_us=0 paint_us=225 encode_us=97 acquire_us=1717 submit_us=1402 skipped=0
frust_shell_common::perf: frust-perf raw n=120 total_us=7775 rebuild_us=194 layout_us=0 paint_us=252 encode_us=210 acquire_us=5659 submit_us=1458 skipped=0
frust_shell_common::perf: frust-perf raw n=121 total_us=7665 rebuild_us=186 layout_us=0 paint_us=257 encode_us=201 acquire_us=5603 submit_us=1415 skipped=0
frust_shell_common::perf: frust-perf raw n=122 total_us=7357 rebuild_us=186 layout_us=0 paint_us=225 encode_us=95 acquire_us=5406 submit_us=1443 skipped=0
frust_shell_common::perf: frust-perf raw n=123 total_us=6808 rebuild_us=185 layout_us=0 paint_us=231 encode_us=2344 acquire_us=2974 submit_us=1071 skipped=0
frust_shell_common::perf: frust-perf raw n=124 total_us=32220 rebuild_us=252 layout_us=0 paint_us=367 encode_us=112 acquire_us=5155 submit_us=26332 skipped=0
frust_shell_common::perf: frust-perf raw n=125 total_us=2957 rebuild_us=202 layout_us=0 paint_us=304 encode_us=171 acquire_us=96 submit_us=2181 skipped=0
frust_shell_common::perf: frust-perf raw n=126 total_us=13016 rebuild_us=224 layout_us=0 paint_us=319 encode_us=124 acquire_us=11080 submit_us=1267 skipped=0
frust_shell_common::perf: frust-perf raw n=127 total_us=16359 rebuild_us=422 layout_us=1 paint_us=366 encode_us=156 acquire_us=14104 submit_us=1307 skipped=0
frust_shell_common::perf: frust-perf raw n=128 total_us=11815 rebuild_us=155 layout_us=0 paint_us=205 encode_us=184 acquire_us=9568 submit_us=1701 skipped=0
frust_shell_android::app::frame: frust-perf platform-view tail depth=0 target=0 acquire_bound=true frame=923 expected_present_us=0 acquire_us=7851 period_us=11134
frust_shell_common::perf: frust-perf raw n=129 total_us=10957 rebuild_us=150 layout_us=0 paint_us=238 encode_us=122 acquire_us=9178 submit_us=1267 skipped=0
frust_shell_common::perf: frust-perf raw n=130 total_us=10796 rebuild_us=150 layout_us=0 paint_us=194 encode_us=137 acquire_us=8992 submit_us=1320 skipped=0
frust_shell_common::perf: frust-perf raw n=131 total_us=11901 rebuild_us=148 layout_us=0 paint_us=193 encode_us=137 acquire_us=10109 submit_us=1311 skipped=0
frust_shell_common::perf: frust-perf raw n=132 total_us=10984 rebuild_us=152 layout_us=0 paint_us=247 encode_us=162 acquire_us=9078 submit_us=1343 skipped=0
frust_shell_common::perf: frust-perf frame n=120 total_p50_ms=8 total_p95_ms=41 total_p99_ms=67 rebuild_p95_ms=0 layout_p95_ms=0 paint_p95_ms=0 encode_p95_ms=2 acquire_p95_ms=12 submit_p95_ms=38 over_60hz=23 over_120hz=67 skipped=0 total_frames=132
frust_shell_common::perf: frust-perf raw n=133 total_us=11898 rebuild_us=164 layout_us=0 paint_us=204 encode_us=150 acquire_us=10029 submit_us=1350 skipped=0
frust_shell_common::perf: frust-perf raw n=134 total_us=10970 rebuild_us=162 layout_us=0 paint_us=206 encode_us=191 acquire_us=9018 submit_us=1390 skipped=0
frust_shell_common::perf: frust-perf raw n=135 total_us=11791 rebuild_us=193 layout_us=0 paint_us=208 encode_us=151 acquire_us=9651 submit_us=1586 skipped=0
frust_shell_common::perf: frust-perf raw n=136 total_us=11001 rebuild_us=167 layout_us=0 paint_us=206 encode_us=141 acquire_us=9122 submit_us=1363 skipped=0
frust_shell_common::perf: frust-perf raw n=137 total_us=11897 rebuild_us=172 layout_us=0 paint_us=213 encode_us=134 acquire_us=10032 submit_us=1344 skipped=0
frust_shell_common::perf: frust-perf raw n=138 total_us=10958 rebuild_us=165 layout_us=0 paint_us=213 encode_us=161 acquire_us=9059 submit_us=1358 skipped=0
frust_shell_common::perf: frust-perf raw n=139 total_us=13572 rebuild_us=859 layout_us=19 paint_us=82 encode_us=156 acquire_us=9994 submit_us=2459 skipped=0
frust_shell_android::app::frame: frust-perf platform-view tail depth=0 target=0 acquire_bound=true frame=1043 expected_present_us=0 acquire_us=9499 period_us=11133
