frust-perf activity-create
frust_render::context: frust-perf surface-caps formats=[Rgba8UnormSrgb,Rgba8Unorm,Rgba16Float,Rgb10a2Unorm] usages=TextureUsages(COPY_SRC | COPY_DST | TEXTURE_BINDING | STORAGE_BINDING | RENDER_ATTACHMENT | STORAGE_ATOMIC) direct_to_surface=YES (Rgba8Unorm+STORAGE_BINDING)
frust_render::context: frust-perf render-path direct (Rgba8Unorm+STORAGE_BINDING)
frust_shell_common::perf: frust-perf startup init_entry=0ms font_preinit_started=0ms font_preinit_joined=0ms preinit_started=0ms preinit_joined=6ms cache_loaded=7ms pipeline_cache_restored=7ms adapter_ready=57ms device_ready=57ms renderer_ready=57ms first_rebuild_done=63ms first_encode_done=77ms first_frame_presented=79ms
frust_shell_common::perf: frust-perf raw n=1 total_us=16054 rebuild_us=120 layout_us=0 paint_us=61 encode_us=14195 acquire_us=27 submit_us=1648 skipped=0
frust_shell_common::perf: frust-perf raw n=2 total_us=46874 rebuild_us=484 layout_us=1 paint_us=214 encode_us=24 acquire_us=24 submit_us=46125 skipped=0
frust_shell_common::perf: frust-perf raw n=3 total_us=3823 rebuild_us=263 layout_us=0 paint_us=130 encode_us=24 acquire_us=32 submit_us=3372 skipped=0
frust_shell_common::perf: frust-perf raw n=4 total_us=2647 rebuild_us=309 layout_us=0 paint_us=155 encode_us=48 acquire_us=59 submit_us=2072 skipped=0
frust_shell_common::perf: frust-perf raw n=5 total_us=23871 rebuild_us=145 layout_us=0 paint_us=70 encode_us=28 acquire_us=21685 submit_us=1941 skipped=0
frust_shell_common::perf: frust-perf raw n=6 total_us=17944 rebuild_us=404 layout_us=0 paint_us=320 encode_us=12111 acquire_us=4417 submit_us=688 skipped=0
frust_shell_common::perf: frust-perf raw n=7 total_us=77515 rebuild_us=135 layout_us=0 paint_us=745 encode_us=4530 acquire_us=6084 submit_us=66019 skipped=0
frust_shell_common::perf: frust-perf raw n=8 total_us=58680 rebuild_us=338 layout_us=0 paint_us=242 encode_us=7535 acquire_us=91 submit_us=50472 skipped=0
frust_shell_common::perf: frust-perf raw n=9 total_us=60828 rebuild_us=119 layout_us=0 paint_us=80 encode_us=5159 acquire_us=127 submit_us=55341 skipped=0
frust_shell_common::perf: frust-perf raw n=10 total_us=59637 rebuild_us=235 layout_us=25 paint_us=103 encode_us=205 acquire_us=119 submit_us=58948 skipped=0
frust_shell_android::app::frame: frust-perf platform-view tail depth=0 target=0 acquire_bound=false frame=120 expected_present_us=0 acquire_us=2348 period_us=11127
frust_shell_android::app::input: frust-perf platform-view gesture phase=down frame=141
frust_shell_android::app::input: frust-perf platform-view gesture phase=up frame=142
frust_shell_common::perf: frust-perf raw n=11 total_us=5756 rebuild_us=383 layout_us=0 paint_us=235 encode_us=78 acquire_us=91 submit_us=4966 skipped=0
frust_shell_android::app::frame: frust-perf deadline overrun_work_us=13780 budget_us=10985 total_overruns=1
frust_shell_common::perf: frust-perf raw n=12 total_us=72251 rebuild_us=402 layout_us=0 paint_us=265 encode_us=89 acquire_us=49 submit_us=71443 skipped=0
frust_shell_common::perf: frust-perf raw n=13 total_us=38734 rebuild_us=421 layout_us=63 paint_us=197 encode_us=4759 acquire_us=101 submit_us=33191 skipped=0
frust_shell_common::perf: frust-perf raw n=14 total_us=39891 rebuild_us=440 layout_us=63 paint_us=179 encode_us=88 acquire_us=72 submit_us=39048 skipped=0
frust_shell_common::perf: frust-perf raw n=15 total_us=5470 rebuild_us=785 layout_us=70 paint_us=217 encode_us=3572 acquire_us=81 submit_us=743 skipped=0
frust_shell_common::perf: frust-perf raw n=16 total_us=36609 rebuild_us=639 layout_us=100 paint_us=235 encode_us=102 acquire_us=76 submit_us=35455 skipped=0
frust_shell_common::perf: frust-perf raw n=17 total_us=2977 rebuild_us=519 layout_us=75 paint_us=258 encode_us=144 acquire_us=117 submit_us=1862 skipped=0
frust_shell_common::perf: frust-perf raw n=18 total_us=2167 rebuild_us=490 layout_us=80 paint_us=168 encode_us=100 acquire_us=65 submit_us=1262 skipped=0
frust_shell_common::perf: frust-perf raw n=19 total_us=6846 rebuild_us=918 layout_us=89 paint_us=198 encode_us=98 acquire_us=4272 submit_us=1268 skipped=0
frust_shell_common::perf: frust-perf raw n=20 total_us=7790 rebuild_us=500 layout_us=80 paint_us=172 encode_us=100 acquire_us=5626 submit_us=1309 skipped=0
frust_shell_common::perf: frust-perf raw n=21 total_us=7395 rebuild_us=472 layout_us=80 paint_us=174 encode_us=101 acquire_us=4822 submit_us=1744 skipped=0
frust_shell_common::perf: frust-perf raw n=22 total_us=6631 rebuild_us=468 layout_us=79 paint_us=202 encode_us=98 acquire_us=4515 submit_us=1267 skipped=0
frust_shell_common::perf: frust-perf raw n=23 total_us=8181 rebuild_us=497 layout_us=76 paint_us=173 encode_us=211 acquire_us=5532 submit_us=1688 skipped=0
frust_shell_common::perf: frust-perf raw n=24 total_us=6694 rebuild_us=471 layout_us=78 paint_us=171 encode_us=101 acquire_us=4612 submit_us=1258 skipped=0
frust_shell_common::perf: frust-perf raw n=25 total_us=8240 rebuild_us=467 layout_us=79 paint_us=173 encode_us=334 acquire_us=5481 submit_us=1703 skipped=0
frust_shell_common::perf: frust-perf raw n=26 total_us=7960 rebuild_us=536 layout_us=78 paint_us=174 encode_us=211 acquire_us=5683 submit_us=1276 skipped=0
frust_shell_common::perf: frust-perf raw n=27 total_us=7932 rebuild_us=435 layout_us=72 paint_us=171 encode_us=214 acquire_us=5827 submit_us=1210 skipped=0
frust_shell_common::perf: frust-perf raw n=28 total_us=7559 rebuild_us=449 layout_us=75 paint_us=172 encode_us=217 acquire_us=5441 submit_us=1203 skipped=0
frust_shell_common::perf: frust-perf raw n=29 total_us=7761 rebuild_us=454 layout_us=62 paint_us=113 encode_us=143 acquire_us=4470 submit_us=2516 skipped=0
frust_shell_android::app::frame: frust-perf platform-view tail depth=0 target=0 acquire_bound=false frame=240 expected_present_us=0 acquire_us=4959 period_us=11130
frust_shell_common::perf: frust-perf raw n=30 total_us=1892 rebuild_us=231 layout_us=102 paint_us=170 encode_us=83 acquire_us=87 submit_us=1217 skipped=0
frust_shell_common::perf: frust-perf raw n=31 total_us=1935 rebuild_us=197 layout_us=0 paint_us=231 encode_us=108 acquire_us=82 submit_us=1315 skipped=0
frust_shell_common::perf: frust-perf raw n=32 total_us=2824 rebuild_us=465 layout_us=238 paint_us=264 encode_us=114 acquire_us=98 submit_us=1642 skipped=0
frust_shell_common::perf: frust-perf raw n=33 total_us=1799 rebuild_us=179 layout_us=110 paint_us=204 encode_us=101 acquire_us=72 submit_us=1131 skipped=0
frust_shell_common::perf: frust-perf raw n=34 total_us=2067 rebuild_us=236 layout_us=126 paint_us=217 encode_us=103 acquire_us=78 submit_us=1304 skipped=0
frust_shell_common::perf: frust-perf raw n=35 total_us=3131 rebuild_us=170 layout_us=101 paint_us=196 encode_us=208 acquire_us=118 submit_us=2335 skipped=0
frust_shell_common::perf: frust-perf raw n=36 total_us=1998 rebuild_us=187 layout_us=108 paint_us=214 encode_us=126 acquire_us=70 submit_us=1289 skipped=0
frust_shell_common::perf: frust-perf raw n=37 total_us=1971 rebuild_us=188 layout_us=115 paint_us=214 encode_us=103 acquire_us=71 submit_us=1277 skipped=0
frust_shell_common::perf: frust-perf raw n=38 total_us=1921 rebuild_us=185 layout_us=115 paint_us=221 encode_us=98 acquire_us=63 submit_us=1237 skipped=0
frust_shell_common::perf: frust-perf raw n=39 total_us=4414 rebuild_us=183 layout_us=113 paint_us=216 encode_us=218 acquire_us=157 submit_us=3525 skipped=0
frust_shell_common::perf: frust-perf raw n=40 total_us=1911 rebuild_us=194 layout_us=106 paint_us=210 encode_us=99 acquire_us=69 submit_us=1232 skipped=0
frust_shell_common::perf: frust-perf raw n=41 total_us=4181 rebuild_us=198 layout_us=121 paint_us=231 encode_us=217 acquire_us=147 submit_us=3266 skipped=0
frust_shell_common::perf: frust-perf raw n=42 total_us=3875 rebuild_us=199 layout_us=118 paint_us=241 encode_us=2414 acquire_us=88 submit_us=813 skipped=0
frust_shell_common::perf: frust-perf raw n=43 total_us=60443 rebuild_us=257 layout_us=141 paint_us=288 encode_us=91 acquire_us=75 submit_us=59589 skipped=0
frust_shell_common::perf: frust-perf raw n=44 total_us=3007 rebuild_us=144 layout_us=71 paint_us=186 encode_us=178 acquire_us=116 submit_us=2310 skipped=0
frust_shell_common::perf: frust-perf raw n=45 total_us=1939 rebuild_us=184 layout_us=118 paint_us=215 encode_us=92 acquire_us=69 submit_us=1259 skipped=0
frust_shell_common::perf: frust-perf raw n=46 total_us=7419 rebuild_us=184 layout_us=114 paint_us=219 encode_us=209 acquire_us=5203 submit_us=1488 skipped=0
frust_shell_common::perf: frust-perf raw n=47 total_us=7769 rebuild_us=186 layout_us=118 paint_us=225 encode_us=89 acquire_us=5668 submit_us=1480 skipped=0
frust_shell_common::perf: frust-perf raw n=48 total_us=7860 rebuild_us=206 layout_us=118 paint_us=219 encode_us=94 acquire_us=5773 submit_us=1448 skipped=0
frust_shell_common::perf: frust-perf raw n=49 total_us=7198 rebuild_us=159 layout_us=99 paint_us=193 encode_us=100 acquire_us=5438 submit_us=1207 skipped=0
frust_shell_common::perf: frust-perf raw n=50 total_us=8288 rebuild_us=155 layout_us=97 paint_us=192 encode_us=272 acquire_us=5727 submit_us=1841 skipped=0
frust_shell_common::perf: frust-perf raw n=51 total_us=7142 rebuild_us=155 layout_us=93 paint_us=189 encode_us=92 acquire_us=5332 submit_us=1280 skipped=0
frust_shell_common::perf: frust-perf raw n=52 total_us=7808 rebuild_us=157 layout_us=94 paint_us=188 encode_us=97 acquire_us=5948 submit_us=1321 skipped=0
frust_shell_common::perf: frust-perf raw n=53 total_us=7674 rebuild_us=180 layout_us=94 paint_us=192 encode_us=95 acquire_us=5789 submit_us=1322 skipped=0
frust_shell_common::perf: frust-perf raw n=54 total_us=7778 rebuild_us=182 layout_us=97 paint_us=191 encode_us=96 acquire_us=5915 submit_us=1294 skipped=0
frust_shell_common::perf: frust-perf raw n=55 total_us=8190 rebuild_us=890 layout_us=18 paint_us=83 encode_us=88 acquire_us=4293 submit_us=2816 skipped=0
frust_shell_android::app::frame: frust-perf platform-view tail depth=0 target=0 acquire_bound=false frame=360 expected_present_us=0 acquire_us=5066 period_us=11129
frust_shell_android::app::input: frust-perf platform-view gesture phase=down frame=439
frust_shell_android::app::input: frust-perf platform-view gesture phase=up frame=439
frust_shell_common::perf: frust-perf raw n=56 total_us=3396 rebuild_us=951 layout_us=680 paint_us=204 encode_us=84 acquire_us=93 submit_us=1382 skipped=0
frust_shell_common::perf: frust-perf raw n=57 total_us=2522 rebuild_us=569 layout_us=207 paint_us=212 encode_us=128 acquire_us=115 submit_us=1288 skipped=0
frust_shell_common::perf: frust-perf raw n=58 total_us=3152 rebuild_us=897 layout_us=109 paint_us=225 encode_us=115 acquire_us=98 submit_us=1706 skipped=0
frust_shell_common::perf: frust-perf raw n=59 total_us=3818 rebuild_us=600 layout_us=84 paint_us=192 encode_us=203 acquire_us=128 submit_us=2609 skipped=0
frust_shell_common::perf: frust-perf raw n=60 total_us=2654 rebuild_us=649 layout_us=97 paint_us=231 encode_us=109 acquire_us=86 submit_us=1480 skipped=0
frust_shell_common::perf: frust-perf raw n=61 total_us=2287 rebuild_us=594 layout_us=86 paint_us=193 encode_us=96 acquire_us=73 submit_us=1243 skipped=0
frust_shell_common::perf: frust-perf raw n=62 total_us=2348 rebuild_us=630 layout_us=81 paint_us=185 encode_us=92 acquire_us=74 submit_us=1282 skipped=0
frust_shell_common::perf: frust-perf raw n=63 total_us=2331 rebuild_us=590 layout_us=82 paint_us=189 encode_us=91 acquire_us=70 submit_us=1307 skipped=0
frust_shell_common::perf: frust-perf raw n=64 total_us=2368 rebuild_us=596 layout_us=79 paint_us=219 encode_us=89 acquire_us=73 submit_us=1309 skipped=0
frust_shell_common::perf: frust-perf raw n=65 total_us=2309 rebuild_us=588 layout_us=80 paint_us=187 encode_us=89 acquire_us=72 submit_us=1290 skipped=0
frust_shell_common::perf: frust-perf raw n=66 total_us=2358 rebuild_us=592 layout_us=81 paint_us=182 encode_us=92 acquire_us=74 submit_us=1334 skipped=0
frust_shell_common::perf: frust-perf raw n=67 total_us=4388 rebuild_us=577 layout_us=79 paint_us=182 encode_us=328 acquire_us=152 submit_us=3067 skipped=0
frust_shell_common::perf: frust-perf raw n=68 total_us=4567 rebuild_us=598 layout_us=78 paint_us=177 encode_us=2574 acquire_us=99 submit_us=1039 skipped=0
frust_shell_common::perf: frust-perf raw n=69 total_us=66312 rebuild_us=741 layout_us=115 paint_us=291 encode_us=241 acquire_us=217 submit_us=64704 skipped=0
frust_shell_common::perf: frust-perf raw n=70 total_us=3224 rebuild_us=499 layout_us=58 paint_us=146 encode_us=176 acquire_us=116 submit_us=2227 skipped=0
frust_shell_common::perf: frust-perf raw n=71 total_us=14471 rebuild_us=453 layout_us=71 paint_us=171 encode_us=131 acquire_us=9555 submit_us=4087 skipped=0
frust_shell_common::perf: frust-perf raw n=72 total_us=25749 rebuild_us=541 layout_us=81 paint_us=313 encode_us=269 acquire_us=23060 submit_us=1483 skipped=0
frust_shell_android::app::frame: frust-perf platform-view tail depth=0 target=0 acquire_bound=true frame=464 expected_present_us=0 acquire_us=7662 period_us=11123
frust_shell_common::perf: frust-perf raw n=73 total_us=20178 rebuild_us=855 layout_us=78 paint_us=178 encode_us=174 acquire_us=15245 submit_us=3647 skipped=0
frust_shell_common::perf: frust-perf raw n=74 total_us=14398 rebuild_us=565 layout_us=71 paint_us=166 encode_us=278 acquire_us=11875 submit_us=1441 skipped=0
frust_shell_common::perf: frust-perf raw n=75 total_us=13137 rebuild_us=570 layout_us=77 paint_us=171 encode_us=138 acquire_us=10893 submit_us=1284 skipped=0
frust_shell_common::perf: frust-perf raw n=76 total_us=14275 rebuild_us=604 layout_us=81 paint_us=179 encode_us=99 acquire_us=10393 submit_us=2917 skipped=0
frust_shell_common::perf: frust-perf raw n=77 total_us=15510 rebuild_us=541 layout_us=73 paint_us=171 encode_us=284 acquire_us=12888 submit_us=1550 skipped=0
frust_shell_common::perf: frust-perf raw n=78 total_us=13308 rebuild_us=657 layout_us=66 paint_us=135 encode_us=194 acquire_us=9769 submit_us=2485 skipped=0
frust_shell_android::app::frame: frust-perf platform-view tail depth=0 target=0 acquire_bound=true frame=584 expected_present_us=0 acquire_us=10675 period_us=11129
frust_shell_common::perf: frust-perf raw n=79 total_us=1616 rebuild_us=207 layout_us=77 paint_us=152 encode_us=73 acquire_us=71 submit_us=1034 skipped=0
frust_shell_common::perf: frust-perf raw n=80 total_us=1534 rebuild_us=149 layout_us=0 paint_us=181 encode_us=89 acquire_us=65 submit_us=1049 skipped=0
frust_shell_common::perf: frust-perf raw n=81 total_us=2477 rebuild_us=186 layout_us=105 paint_us=175 encode_us=109 acquire_us=97 submit_us=1803 skipped=0
frust_shell_common::perf: frust-perf raw n=82 total_us=1750 rebuild_us=180 layout_us=94 paint_us=172 encode_us=98 acquire_us=70 submit_us=1133 skipped=0
frust_shell_common::perf: frust-perf raw n=83 total_us=1705 rebuild_us=175 layout_us=90 paint_us=167 encode_us=96 acquire_us=66 submit_us=1109 skipped=0
frust_shell_common::perf: frust-perf raw n=84 total_us=1939 rebuild_us=202 layout_us=108 paint_us=195 encode_us=97 acquire_us=79 submit_us=1257 skipped=0
frust_shell_common::perf: frust-perf raw n=85 total_us=1948 rebuild_us=209 layout_us=105 paint_us=197 encode_us=100 acquire_us=71 submit_us=1264 skipped=0
frust_shell_common::perf: frust-perf raw n=86 total_us=3416 rebuild_us=203 layout_us=104 paint_us=193 encode_us=209 acquire_us=125 submit_us=2580 skipped=0
frust_shell_common::perf: frust-perf raw n=87 total_us=1912 rebuild_us=200 layout_us=95 paint_us=188 encode_us=98 acquire_us=72 submit_us=1256 skipped=0
frust_shell_common::perf: frust-perf raw n=88 total_us=3973 rebuild_us=204 layout_us=101 paint_us=191 encode_us=211 acquire_us=120 submit_us=3143 skipped=0
frust_shell_common::perf: frust-perf raw n=89 total_us=1961 rebuild_us=200 layout_us=100 paint_us=194 encode_us=98 acquire_us=73 submit_us=1294 skipped=0
frust_shell_common::perf: frust-perf raw n=90 total_us=3604 rebuild_us=201 layout_us=103 paint_us=193 encode_us=208 acquire_us=191 submit_us=2706 skipped=0
frust_shell_android::app::frame: frust-perf platform-view tail depth=0 target=0 acquire_bound=false frame=599 expected_present_us=0 acquire_us=447 period_us=11166
frust_shell_common::perf: frust-perf raw n=91 total_us=3963 rebuild_us=208 layout_us=107 paint_us=230 encode_us=2425 acquire_us=109 submit_us=882 skipped=0
frust_shell_common::perf: frust-perf raw n=92 total_us=61271 rebuild_us=269 layout_us=139 paint_us=303 encode_us=92 acquire_us=77 submit_us=60390 skipped=0
frust_shell_common::perf: frust-perf raw n=93 total_us=2887 rebuild_us=155 layout_us=63 paint_us=171 encode_us=158 acquire_us=132 submit_us=2204 skipped=0
frust_shell_common::perf: frust-perf raw n=94 total_us=1955 rebuild_us=184 layout_us=99 paint_us=181 encode_us=91 acquire_us=65 submit_us=1333 skipped=0
frust_shell_common::perf: frust-perf raw n=95 total_us=7843 rebuild_us=186 layout_us=99 paint_us=188 encode_us=274 acquire_us=5595 submit_us=1498 skipped=0
frust_shell_common::perf: frust-perf raw n=96 total_us=7769 rebuild_us=192 layout_us=102 paint_us=190 encode_us=437 acquire_us=5408 submit_us=1438 skipped=0
frust_shell_common::perf: frust-perf raw n=97 total_us=6954 rebuild_us=184 layout_us=97 paint_us=184 encode_us=91 acquire_us=4960 submit_us=1435 skipped=0
frust_shell_common::perf: frust-perf raw n=98 total_us=7949 rebuild_us=183 layout_us=88 paint_us=183 encode_us=209 acquire_us=5839 submit_us=1445 skipped=0
frust_shell_common::perf: frust-perf raw n=99 total_us=7488 rebuild_us=210 layout_us=89 paint_us=188 encode_us=97 acquire_us=5432 submit_us=1469 skipped=0
frust_shell_common::perf: frust-perf raw n=100 total_us=7305 rebuild_us=150 layout_us=78 paint_us=162 encode_us=92 acquire_us=5540 submit_us=1280 skipped=0
frust_shell_common::perf: frust-perf raw n=101 total_us=7758 rebuild_us=149 layout_us=74 paint_us=158 encode_us=204 acquire_us=5821 submit_us=1349 skipped=0
frust_shell_common::perf: frust-perf raw n=102 total_us=8164 rebuild_us=185 layout_us=77 paint_us=165 encode_us=98 acquire_us=6174 submit_us=1462 skipped=0
frust_shell_common::perf: frust-perf raw n=103 total_us=7784 rebuild_us=505 layout_us=18 paint_us=87 encode_us=90 acquire_us=4679 submit_us=2402 skipped=0
frust_shell_android::app::frame: frust-perf platform-view tail depth=0 target=0 acquire_bound=false frame=719 expected_present_us=0 acquire_us=5062 period_us=11130
frust_shell_android::app::input: frust-perf platform-view gesture phase=down frame=735
frust_shell_android::app::input: frust-perf platform-view gesture phase=up frame=735
frust_shell_common::perf: frust-perf raw n=104 total_us=2313 rebuild_us=157 layout_us=0 paint_us=86 encode_us=71 acquire_us=76 submit_us=1920 skipped=0
frust_shell_common::perf: frust-perf raw n=105 total_us=66197 rebuild_us=7996 layout_us=550 paint_us=206 encode_us=79 acquire_us=75 submit_us=57290 skipped=0
frust_shell_common::perf: frust-perf raw n=106 total_us=2985 rebuild_us=375 layout_us=58 paint_us=184 encode_us=131 acquire_us=117 submit_us=2117 skipped=0
frust_shell_common::perf: frust-perf raw n=107 total_us=5541 rebuild_us=603 layout_us=85 paint_us=289 encode_us=333 acquire_us=2922 submit_us=1307 skipped=0
frust_shell_common::perf: frust-perf raw n=108 total_us=6807 rebuild_us=435 layout_us=56 paint_us=191 encode_us=91 acquire_us=4599 submit_us=1433 skipped=0
frust_shell_common::perf: frust-perf raw n=109 total_us=7608 rebuild_us=411 layout_us=55 paint_us=172 encode_us=89 acquire_us=5552 submit_us=1326 skipped=0
frust_shell_common::perf: frust-perf raw n=110 total_us=7397 rebuild_us=410 layout_us=54 paint_us=170 encode_us=94 acquire_us=5347 submit_us=1318 skipped=0
frust_shell_common::perf: frust-perf raw n=111 total_us=7772 rebuild_us=411 layout_us=58 paint_us=172 encode_us=93 acquire_us=5693 submit_us=1344 skipped=0
frust_shell_common::perf: frust-perf raw n=112 total_us=9963 rebuild_us=411 layout_us=55 paint_us=168 encode_us=7110 acquire_us=237 submit_us=1979 skipped=0
frust_shell_common::perf: frust-perf raw n=113 total_us=37628 rebuild_us=697 layout_us=81 paint_us=301 encode_us=2252 acquire_us=2273 submit_us=32021 skipped=0
frust_shell_common::perf: frust-perf raw n=114 total_us=39194 rebuild_us=347 layout_us=42 paint_us=217 encode_us=2551 acquire_us=89 submit_us=35945 skipped=0
frust_shell_common::perf: frust-perf raw n=115 total_us=38475 rebuild_us=349 layout_us=44 paint_us=186 encode_us=2583 acquire_us=99 submit_us=35211 skipped=0
frust_shell_common::perf: frust-perf raw n=116 total_us=37107 rebuild_us=707 layout_us=56 paint_us=194 encode_us=2646 acquire_us=104 submit_us=33398 skipped=0
frust_shell_common::perf: frust-perf raw n=117 total_us=37917 rebuild_us=763 layout_us=52 paint_us=184 encode_us=2277 acquire_us=88 submit_us=34552 skipped=0
frust_shell_common::perf: frust-perf raw n=118 total_us=37263 rebuild_us=723 layout_us=32 paint_us=100 encode_us=113 acquire_us=79 submit_us=36213 skipped=0
frust_shell_android::app::frame: frust-perf platform-view tail depth=0 target=0 acquire_bound=false frame=839 expected_present_us=0 acquire_us=805 period_us=11129
frust_shell_common::perf: frust-perf raw n=119 total_us=3476 rebuild_us=215 layout_us=75 paint_us=147 encode_us=2289 acquire_us=61 submit_us=686 skipped=0
frust_shell_common::perf: frust-perf raw n=120 total_us=68063 rebuild_us=190 layout_us=0 paint_us=217 encode_us=98 acquire_us=77 submit_us=67479 skipped=0
frust_shell_common::perf: frust-perf raw n=121 total_us=2710 rebuild_us=209 layout_us=0 paint_us=237 encode_us=153 acquire_us=117 submit_us=1991 skipped=0
frust_shell_common::perf: frust-perf raw n=122 total_us=13686 rebuild_us=276 layout_us=0 paint_us=296 encode_us=131 acquire_us=11515 submit_us=1465 skipped=0
frust_shell_common::perf: frust-perf raw n=123 total_us=14875 rebuild_us=199 layout_us=0 paint_us=234 encode_us=148 acquire_us=12891 submit_us=1401 skipped=0
frust_shell_common::perf: frust-perf raw n=124 total_us=11343 rebuild_us=192 layout_us=0 paint_us=220 encode_us=139 acquire_us=9484 submit_us=1306 skipped=0
frust_shell_common::perf: frust-perf raw n=125 total_us=11414 rebuild_us=170 layout_us=0 paint_us=211 encode_us=149 acquire_us=9586 submit_us=1295 skipped=0
frust_shell_android::app::frame: frust-perf platform-view tail depth=0 target=0 acquire_bound=true frame=897 expected_present_us=0 acquire_us=7324 period_us=11195
frust_shell_common::perf: frust-perf raw n=126 total_us=11074 rebuild_us=172 layout_us=0 paint_us=212 encode_us=148 acquire_us=9075 submit_us=1465 skipped=0
frust_shell_common::perf: frust-perf raw n=127 total_us=11172 rebuild_us=168 layout_us=0 paint_us=208 encode_us=2580 acquire_us=7028 submit_us=1185 skipped=0
frust_shell_common::perf: frust-perf raw n=128 total_us=29518 rebuild_us=178 layout_us=0 paint_us=238 encode_us=121 acquire_us=10258 submit_us=18720 skipped=0
frust_shell_common::perf: frust-perf raw n=129 total_us=2752 rebuild_us=160 layout_us=0 paint_us=252 encode_us=365 acquire_us=106 submit_us=1865 skipped=0
frust_shell_common::perf: frust-perf raw n=130 total_us=3410 rebuild_us=146 layout_us=0 paint_us=194 encode_us=207 acquire_us=144 submit_us=2717 skipped=0
frust_shell_common::perf: frust-perf raw n=131 total_us=7435 rebuild_us=149 layout_us=0 paint_us=184 encode_us=90 acquire_us=5821 submit_us=1189 skipped=0
frust_shell_common::perf: frust-perf raw n=132 total_us=7998 rebuild_us=145 layout_us=0 paint_us=183 encode_us=95 acquire_us=5970 submit_us=1602 skipped=0
frust_shell_common::perf: frust-perf raw n=133 total_us=7720 rebuild_us=141 layout_us=0 paint_us=181 encode_us=195 acquire_us=6042 submit_us=1159 skipped=0
frust_shell_common::perf: frust-perf raw n=134 total_us=7737 rebuild_us=139 layout_us=0 paint_us=180 encode_us=195 acquire_us=6030 submit_us=1190 skipped=0
frust_shell_common::perf: frust-perf raw n=135 total_us=7894 rebuild_us=142 layout_us=0 paint_us=182 encode_us=86 acquire_us=5881 submit_us=1601 skipped=0
frust_shell_common::perf: frust-perf raw n=136 total_us=7812 rebuild_us=142 layout_us=0 paint_us=178 encode_us=194 acquire_us=6124 submit_us=1171 skipped=0
frust_shell_common::perf: frust-perf raw n=137 total_us=8841 rebuild_us=140 layout_us=0 paint_us=178 encode_us=194 acquire_us=7199 submit_us=1128 skipped=0
frust_shell_common::perf: frust-perf raw n=138 total_us=7395 rebuild_us=138 layout_us=0 paint_us=178 encode_us=193 acquire_us=5592 submit_us=1292 skipped=0
frust_shell_common::perf: frust-perf raw n=139 total_us=7869 rebuild_us=142 layout_us=0 paint_us=181 encode_us=195 acquire_us=6142 submit_us=1207 skipped=0
frust_shell_common::perf: frust-perf raw n=140 total_us=7271 rebuild_us=146 layout_us=0 paint_us=212 encode_us=90 acquire_us=5488 submit_us=1332 skipped=0
frust_shell_common::perf: frust-perf raw n=141 total_us=8286 rebuild_us=726 layout_us=16 paint_us=76 encode_us=80 acquire_us=5154 submit_us=2231 skipped=0
frust_shell_android::app::frame: frust-perf platform-view tail depth=0 target=0 acquire_bound=true frame=1017 expected_present_us=0 acquire_us=5709 period_us=11128
