frust-perf activity-create
frust_shell_common::perf: bench-scenario-start s1
frust_render::context: frust-perf surface-caps formats=[Rgba8UnormSrgb,Rgba8Unorm,Rgba16Float,Rgb10a2Unorm] usages=TextureUsages(COPY_SRC | COPY_DST | TEXTURE_BINDING | STORAGE_BINDING | RENDER_ATTACHMENT | STORAGE_ATOMIC) direct_to_surface=YES (Rgba8Unorm+STORAGE_BINDING)
frust_render::context: frust-perf render-path direct (Rgba8Unorm+STORAGE_BINDING)
frust_shell_common::perf: bench-scenario-end s1
frust_shell_common::perf: bench-scenario-start s2
frust_shell_common::perf: frust-perf startup init_entry=0ms font_preinit_started=0ms font_preinit_joined=0ms preinit_started=0ms preinit_joined=3ms cache_loaded=4ms pipeline_cache_restored=4ms adapter_ready=55ms device_ready=55ms renderer_ready=55ms first_rebuild_done=76ms first_encode_done=76ms first_frame_presented=98ms
frust_shell_common::perf: frust-perf raw n=1 total_us=23672 rebuild_us=61 layout_us=1510 paint_us=312 encode_us=140 acquire_us=25 submit_us=21622 skipped=0
frust_shell_common::perf: frust-perf raw n=2 total_us=83356 rebuild_us=152 layout_us=2071 paint_us=451 encode_us=92 acquire_us=24 submit_us=80563 skipped=0
frust_shell_common::perf: frust-perf raw n=3 total_us=51609 rebuild_us=104 layout_us=869 paint_us=168 encode_us=107 acquire_us=43 submit_us=50318 skipped=0
frust_shell_common::perf: frust-perf raw n=4 total_us=51507 rebuild_us=112 layout_us=1184 paint_us=216 encode_us=109 acquire_us=39 submit_us=49844 skipped=0
frust_shell_common::perf: frust-perf raw n=5 total_us=42996 rebuild_us=112 layout_us=844 paint_us=296 encode_us=87 acquire_us=41 submit_us=41615 skipped=0
frust_shell_common::perf: frust-perf raw n=6 total_us=47287 rebuild_us=122 layout_us=2410 paint_us=218 encode_us=122 acquire_us=67 submit_us=44346 skipped=0
frust_shell_common::perf: frust-perf raw n=7 total_us=45910 rebuild_us=82 layout_us=1039 paint_us=189 encode_us=103 acquire_us=51 submit_us=44443 skipped=0
frust_shell_common::perf: frust-perf raw n=8 total_us=45017 rebuild_us=159 layout_us=1359 paint_us=201 encode_us=116 acquire_us=55 submit_us=43125 skipped=0
frust_shell_common::perf: frust-perf raw n=9 total_us=42151 rebuild_us=90 layout_us=833 paint_us=199 encode_us=110 acquire_us=84 submit_us=40832 skipped=0
frust_shell_common::perf: frust-perf raw n=10 total_us=41490 rebuild_us=100 layout_us=908 paint_us=191 encode_us=100 acquire_us=81 submit_us=40109 skipped=0
frust_shell_common::perf: frust-perf raw n=11 total_us=42103 rebuild_us=92 layout_us=877 paint_us=165 encode_us=95 acquire_us=74 submit_us=40797 skipped=0
frust_shell_common::perf: frust-perf raw n=12 total_us=42302 rebuild_us=80 layout_us=1029 paint_us=190 encode_us=109 acquire_us=73 submit_us=40817 skipped=0
frust_shell_common::perf: frust-perf raw n=13 total_us=41549 rebuild_us=85 layout_us=946 paint_us=194 encode_us=321 acquire_us=160 submit_us=39840 skipped=0
frust_shell_common::perf: frust-perf raw n=14 total_us=40378 rebuild_us=54 layout_us=780 paint_us=133 encode_us=83 acquire_us=68 submit_us=39258 skipped=0
frust_shell_common::perf: frust-perf raw n=15 total_us=41042 rebuild_us=54 layout_us=770 paint_us=136 encode_us=108 acquire_us=82 submit_us=39889 skipped=0
frust_shell_common::perf: frust-perf raw n=16 total_us=40944 rebuild_us=56 layout_us=970 paint_us=165 encode_us=111 acquire_us=75 submit_us=39566 skipped=0
frust_shell_common::perf: frust-perf raw n=17 total_us=39999 rebuild_us=43 layout_us=801 paint_us=136 encode_us=277 acquire_us=167 submit_us=38572 skipped=0
frust_shell_common::perf: frust-perf raw n=18 total_us=41382 rebuild_us=137 layout_us=1159 paint_us=163 encode_us=105 acquire_us=71 submit_us=39745 skipped=0
frust_shell_common::perf: frust-perf raw n=19 total_us=40705 rebuild_us=51 layout_us=780 paint_us=131 encode_us=284 acquire_us=155 submit_us=39301 skipped=0
frust_shell_common::perf: frust-perf raw n=20 total_us=40334 rebuild_us=53 layout_us=788 paint_us=132 encode_us=313 acquire_us=164 submit_us=38882 skipped=0
frust_shell_common::perf: frust-perf raw n=21 total_us=40417 rebuild_us=59 layout_us=1024 paint_us=173 encode_us=107 acquire_us=67 submit_us=38986 skipped=0
frust_shell_common::perf: frust-perf raw n=22 total_us=41311 rebuild_us=54 layout_us=1013 paint_us=165 encode_us=106 acquire_us=83 submit_us=39888 skipped=0
frust_shell_common::perf: frust-perf raw n=23 total_us=41010 rebuild_us=52 layout_us=809 paint_us=135 encode_us=86 acquire_us=64 submit_us=39862 skipped=0
frust_shell_common::perf: frust-perf raw n=24 total_us=41129 rebuild_us=57 layout_us=976 paint_us=166 encode_us=101 acquire_us=78 submit_us=39749 skipped=0
frust_shell_common::perf: frust-perf raw n=25 total_us=41114 rebuild_us=145 layout_us=1197 paint_us=176 encode_us=105 acquire_us=76 submit_us=39413 skipped=0
frust_shell_common::perf: frust-perf raw n=26 total_us=41014 rebuild_us=138 layout_us=1213 paint_us=158 encode_us=104 acquire_us=71 submit_us=39327 skipped=0
frust_shell_common::perf: frust-perf raw n=27 total_us=41812 rebuild_us=139 layout_us=1214 paint_us=163 encode_us=103 acquire_us=81 submit_us=40110 skipped=0
frust_shell_common::perf: frust-perf raw n=28 total_us=40170 rebuild_us=56 layout_us=855 paint_us=148 encode_us=99 acquire_us=78 submit_us=38933 skipped=0
frust_shell_common::perf: frust-perf raw n=29 total_us=41116 rebuild_us=76 layout_us=821 paint_us=158 encode_us=109 acquire_us=80 submit_us=39869 skipped=0
frust_shell_common::perf: frust-perf raw n=30 total_us=40630 rebuild_us=55 layout_us=985 paint_us=161 encode_us=112 acquire_us=84 submit_us=39230 skipped=0
frust_shell_android::app::frame: frust-perf platform-view tail depth=0 target=0 acquire_bound=false frame=120 expected_present_us=0 acquire_us=79 period_us=11129
frust_shell_common::perf: frust-perf raw n=31 total_us=41499 rebuild_us=132 layout_us=1158 paint_us=169 encode_us=123 acquire_us=79 submit_us=39835 skipped=0
frust_shell_common::perf: frust-perf raw n=32 total_us=41157 rebuild_us=137 layout_us=1108 paint_us=190 encode_us=106 acquire_us=91 submit_us=39522 skipped=0
frust_shell_common::perf: frust-perf raw n=33 total_us=40431 rebuild_us=47 layout_us=774 paint_us=129 encode_us=395 acquire_us=154 submit_us=38930 skipped=0
frust_shell_common::perf: frust-perf raw n=34 total_us=41724 rebuild_us=103 layout_us=1046 paint_us=175 encode_us=117 acquire_us=76 submit_us=40204 skipped=0
frust_shell_common::perf: frust-perf raw n=35 total_us=41158 rebuild_us=53 layout_us=1039 paint_us=165 encode_us=130 acquire_us=82 submit_us=39685 skipped=0
frust_shell_common::perf: frust-perf raw n=36 total_us=41342 rebuild_us=48 layout_us=953 paint_us=163 encode_us=103 acquire_us=95 submit_us=39977 skipped=0
frust_shell_common::perf: frust-perf raw n=37 total_us=40625 rebuild_us=61 layout_us=983 paint_us=167 encode_us=104 acquire_us=74 submit_us=39233 skipped=0
frust_shell_common::perf: frust-perf raw n=38 total_us=40955 rebuild_us=53 layout_us=974 paint_us=166 encode_us=104 acquire_us=78 submit_us=39577 skipped=0
frust_shell_common::perf: frust-perf raw n=39 total_us=41220 rebuild_us=62 layout_us=1001 paint_us=179 encode_us=113 acquire_us=77 submit_us=39786 skipped=0
frust_shell_common::perf: frust-perf raw n=40 total_us=40498 rebuild_us=57 layout_us=1068 paint_us=162 encode_us=100 acquire_us=79 submit_us=39030 skipped=0
frust_shell_common::perf: frust-perf raw n=41 total_us=41753 rebuild_us=50 layout_us=988 paint_us=167 encode_us=100 acquire_us=81 submit_us=40365 skipped=0
frust_shell_common::perf: frust-perf raw n=42 total_us=41000 rebuild_us=62 layout_us=1012 paint_us=170 encode_us=102 acquire_us=77 submit_us=39576 skipped=0
frust_shell_common::perf: frust-perf raw n=43 total_us=41321 rebuild_us=58 layout_us=992 paint_us=169 encode_us=104 acquire_us=70 submit_us=39925 skipped=0
frust_shell_common::perf: frust-perf raw n=44 total_us=40757 rebuild_us=52 layout_us=990 paint_us=163 encode_us=116 acquire_us=72 submit_us=39362 skipped=0
frust_shell_common::perf: frust-perf raw n=45 total_us=40336 rebuild_us=52 layout_us=1029 paint_us=160 encode_us=101 acquire_us=72 submit_us=38919 skipped=0
frust_shell_common::perf: frust-perf raw n=46 total_us=41281 rebuild_us=49 layout_us=841 paint_us=135 encode_us=148 acquire_us=81 submit_us=40024 skipped=0
frust_shell_common::perf: frust-perf raw n=47 total_us=42289 rebuild_us=82 layout_us=1545 paint_us=248 encode_us=150 acquire_us=109 submit_us=40152 skipped=0
frust_shell_common::perf: frust-perf raw n=48 total_us=41611 rebuild_us=76 layout_us=1622 paint_us=257 encode_us=150 acquire_us=96 submit_us=39408 skipped=0
frust_shell_common::perf: frust-perf frame n=48 total_p50_ms=41 total_p95_ms=51 total_p99_ms=83 rebuild_p95_ms=0 layout_p95_ms=1 paint_p95_ms=0 encode_p95_ms=0 acquire_p95_ms=0 submit_p95_ms=49 over_60hz=48 over_120hz=48 skipped=0 total_frames=48
frust_shell_common::perf: frust-perf raw n=49 total_us=41435 rebuild_us=76 layout_us=1603 paint_us=255 encode_us=164 acquire_us=115 submit_us=39219 skipped=0
frust_shell_common::perf: frust-perf raw n=50 total_us=41760 rebuild_us=73 layout_us=1553 paint_us=251 encode_us=158 acquire_us=118 submit_us=39605 skipped=0
frust_shell_common::perf: frust-perf raw n=51 total_us=42103 rebuild_us=77 layout_us=1576 paint_us=248 encode_us=130 acquire_us=93 submit_us=39977 skipped=0
frust_shell_common::perf: frust-perf raw n=52 total_us=41150 rebuild_us=79 layout_us=1603 paint_us=258 encode_us=153 acquire_us=112 submit_us=38942 skipped=0
frust_shell_common::perf: frust-perf raw n=53 total_us=42536 rebuild_us=82 layout_us=1702 paint_us=279 encode_us=150 acquire_us=106 submit_us=40214 skipped=0
frust_shell_common::perf: frust-perf raw n=54 total_us=42633 rebuild_us=79 layout_us=1635 paint_us=257 encode_us=163 acquire_us=115 submit_us=40380 skipped=0
frust_shell_common::perf: frust-perf raw n=55 total_us=41188 rebuild_us=83 layout_us=1573 paint_us=256 encode_us=160 acquire_us=120 submit_us=38994 skipped=0
frust_shell_common::perf: frust-perf raw n=56 total_us=41575 rebuild_us=81 layout_us=1403 paint_us=226 encode_us=135 acquire_us=95 submit_us=39632 skipped=0
frust_shell_common::perf: frust-perf raw n=57 total_us=41738 rebuild_us=81 layout_us=1629 paint_us=256 encode_us=156 acquire_us=104 submit_us=39509 skipped=0
frust_shell_common::perf: frust-perf raw n=58 total_us=42116 rebuild_us=77 layout_us=1326 paint_us=297 encode_us=149 acquire_us=109 submit_us=40155 skipped=0
frust_shell_common::perf: frust-perf raw n=59 total_us=42173 rebuild_us=81 layout_us=1618 paint_us=255 encode_us=168 acquire_us=104 submit_us=39943 skipped=0
frust_shell_common::perf: frust-perf raw n=60 total_us=41500 rebuild_us=79 layout_us=1561 paint_us=249 encode_us=161 acquire_us=102 submit_us=39345 skipped=0
frust_shell_common::perf: frust-perf raw n=61 total_us=41744 rebuild_us=81 layout_us=1583 paint_us=260 encode_us=176 acquire_us=115 submit_us=39527 skipped=0
frust_shell_common::perf: frust-perf raw n=62 total_us=41409 rebuild_us=88 layout_us=1662 paint_us=262 encode_us=152 acquire_us=105 submit_us=39138 skipped=0
frust_shell_common::perf: frust-perf raw n=63 total_us=42583 rebuild_us=83 layout_us=1684 paint_us=256 encode_us=151 acquire_us=95 submit_us=40311 skipped=0
frust_shell_common::perf: frust-perf raw n=64 total_us=41812 rebuild_us=82 layout_us=1581 paint_us=257 encode_us=160 acquire_us=105 submit_us=39623 skipped=0
frust_shell_android::app::frame: frust-perf platform-view tail depth=0 target=0 acquire_bound=false frame=240 expected_present_us=0 acquire_us=103 period_us=11131
frust_shell_common::perf: frust-perf raw n=65 total_us=41886 rebuild_us=75 layout_us=1552 paint_us=270 encode_us=157 acquire_us=106 submit_us=39724 skipped=0
frust_shell_common::perf: frust-perf raw n=66 total_us=42044 rebuild_us=83 layout_us=1639 paint_us=263 encode_us=165 acquire_us=106 submit_us=39785 skipped=0
frust_shell_common::perf: frust-perf raw n=67 total_us=41720 rebuild_us=134 layout_us=1617 paint_us=271 encode_us=151 acquire_us=103 submit_us=39441 skipped=0
frust_shell_common::perf: frust-perf raw n=68 total_us=41742 rebuild_us=90 layout_us=1683 paint_us=259 encode_us=152 acquire_us=105 submit_us=39451 skipped=0
frust_shell_common::perf: frust-perf raw n=69 total_us=41871 rebuild_us=83 layout_us=1567 paint_us=263 encode_us=161 acquire_us=107 submit_us=39687 skipped=0
frust_shell_common::perf: frust-perf raw n=70 total_us=41744 rebuild_us=74 layout_us=1584 paint_us=267 encode_us=158 acquire_us=101 submit_us=39557 skipped=0
frust_shell_common::perf: frust-perf raw n=71 total_us=41383 rebuild_us=75 layout_us=1606 paint_us=253 encode_us=156 acquire_us=100 submit_us=39190 skipped=0
frust_shell_common::perf: frust-perf raw n=72 total_us=41826 rebuild_us=79 layout_us=1555 paint_us=252 encode_us=154 acquire_us=100 submit_us=39683 skipped=0
frust_shell_common::perf: frust-perf raw n=73 total_us=42092 rebuild_us=86 layout_us=1683 paint_us=293 encode_us=136 acquire_us=91 submit_us=39802 skipped=0
frust_shell_common::perf: frust-perf raw n=74 total_us=41707 rebuild_us=77 layout_us=1552 paint_us=251 encode_us=155 acquire_us=98 submit_us=39572 skipped=0
frust_shell_common::perf: frust-perf raw n=75 total_us=42715 rebuild_us=84 layout_us=1678 paint_us=286 encode_us=138 acquire_us=98 submit_us=40429 skipped=0
frust_shell_common::perf: frust-perf raw n=76 total_us=41919 rebuild_us=81 layout_us=1610 paint_us=263 encode_us=164 acquire_us=110 submit_us=39688 skipped=0
frust_shell_common::perf: frust-perf raw n=77 total_us=41542 rebuild_us=80 layout_us=1599 paint_us=256 encode_us=164 acquire_us=110 submit_us=39331 skipped=0
frust_shell_common::perf: frust-perf raw n=78 total_us=42249 rebuild_us=90 layout_us=1615 paint_us=273 encode_us=155 acquire_us=107 submit_us=40006 skipped=0
frust_shell_common::perf: frust-perf raw n=79 total_us=42441 rebuild_us=83 layout_us=1615 paint_us=326 encode_us=164 acquire_us=116 submit_us=40135 skipped=0
frust_shell_common::perf: frust-perf raw n=80 total_us=41810 rebuild_us=89 layout_us=1782 paint_us=291 encode_us=167 acquire_us=110 submit_us=39370 skipped=0
frust_shell_common::perf: frust-perf raw n=81 total_us=41990 rebuild_us=89 layout_us=1704 paint_us=275 encode_us=172 acquire_us=111 submit_us=39636 skipped=0
frust_shell_common::perf: frust-perf raw n=82 total_us=41713 rebuild_us=83 layout_us=1595 paint_us=263 encode_us=164 acquire_us=113 submit_us=39492 skipped=0
frust_shell_common::perf: frust-perf raw n=83 total_us=43006 rebuild_us=87 layout_us=1626 paint_us=268 encode_us=160 acquire_us=103 submit_us=40759 skipped=0
frust_shell_common::perf: frust-perf raw n=84 total_us=41568 rebuild_us=101 layout_us=1747 paint_us=278 encode_us=161 acquire_us=114 submit_us=39165 skipped=0
frust_shell_common::perf: frust-perf raw n=85 total_us=42191 rebuild_us=77 layout_us=1635 paint_us=256 encode_us=192 acquire_us=104 submit_us=39924 skipped=0
frust_shell_common::perf: frust-perf raw n=86 total_us=41777 rebuild_us=91 layout_us=1621 paint_us=266 encode_us=166 acquire_us=91 submit_us=39540 skipped=0
frust_shell_common::perf: frust-perf raw n=87 total_us=41327 rebuild_us=82 layout_us=1567 paint_us=253 encode_us=157 acquire_us=106 submit_us=39161 skipped=0
frust_shell_common::perf: frust-perf raw n=88 total_us=42798 rebuild_us=76 layout_us=1543 paint_us=251 encode_us=150 acquire_us=104 submit_us=40671 skipped=0
frust_shell_common::perf: frust-perf raw n=89 total_us=41159 rebuild_us=81 layout_us=1411 paint_us=238 encode_us=152 acquire_us=116 submit_us=39158 skipped=0
frust_shell_common::perf: frust-perf raw n=90 total_us=41991 rebuild_us=76 layout_us=1628 paint_us=253 encode_us=155 acquire_us=115 submit_us=39762 skipped=0
frust_shell_common::perf: frust-perf raw n=91 total_us=42267 rebuild_us=82 layout_us=1603 paint_us=259 encode_us=164 acquire_us=114 submit_us=40043 skipped=0
frust_shell_common::perf: frust-perf raw n=92 total_us=41515 rebuild_us=79 layout_us=1554 paint_us=250 encode_us=155 acquire_us=113 submit_us=39361 skipped=0
frust_shell_common::perf: frust-perf raw n=93 total_us=42435 rebuild_us=80 layout_us=1547 paint_us=252 encode_us=144 acquire_us=89 submit_us=40320 skipped=0
frust_shell_common::perf: frust-perf raw n=94 total_us=42431 rebuild_us=77 layout_us=1620 paint_us=255 encode_us=154 acquire_us=101 submit_us=40222 skipped=0
frust_shell_common::perf: frust-perf raw n=95 total_us=41673 rebuild_us=79 layout_us=1565 paint_us=250 encode_us=152 acquire_us=100 submit_us=39525 skipped=0
frust_shell_common::perf: frust-perf raw n=96 total_us=42268 rebuild_us=75 layout_us=1552 paint_us=258 encode_us=139 acquire_us=95 submit_us=40146 skipped=0
frust_shell_common::perf: frust-perf frame n=96 total_p50_ms=41 total_p95_ms=45 total_p99_ms=83 rebuild_p95_ms=0 layout_p95_ms=1 paint_p95_ms=0 encode_p95_ms=0 acquire_p95_ms=0 submit_p95_ms=44 over_60hz=96 over_120hz=96 skipped=0 total_frames=96
frust_shell_common::perf: frust-perf raw n=97 total_us=41251 rebuild_us=97 layout_us=1685 paint_us=270 encode_us=154 acquire_us=100 submit_us=38943 skipped=0
frust_shell_android::app::frame: frust-perf platform-view tail depth=0 target=0 acquire_bound=false frame=360 expected_present_us=0 acquire_us=102 period_us=11129
frust_shell_common::perf: frust-perf raw n=98 total_us=42048 rebuild_us=75 layout_us=1609 paint_us=263 encode_us=137 acquire_us=110 submit_us=39852 skipped=0
frust_shell_common::perf: frust-perf raw n=99 total_us=44440 rebuild_us=89 layout_us=3525 paint_us=336 encode_us=152 acquire_us=112 submit_us=40224 skipped=0
frust_shell_common::perf: frust-perf raw n=100 total_us=42748 rebuild_us=71 layout_us=2661 paint_us=284 encode_us=120 acquire_us=88 submit_us=39521 skipped=0
frust_shell_common::perf: frust-perf raw n=101 total_us=43330 rebuild_us=69 layout_us=2669 paint_us=257 encode_us=141 acquire_us=108 submit_us=40083 skipped=0
frust_shell_common::perf: frust-perf raw n=102 total_us=44001 rebuild_us=96 layout_us=3772 paint_us=49 encode_us=85 acquire_us=74 submit_us=39922 skipped=0
frust_shell_common::perf: frust-perf raw n=103 total_us=37284 rebuild_us=62 layout_us=2617 paint_us=36 encode_us=96 acquire_us=95 submit_us=34375 skipped=0
frust_shell_common::perf: frust-perf raw n=104 total_us=38894 rebuild_us=91 layout_us=3678 paint_us=48 encode_us=96 acquire_us=81 submit_us=34898 skipped=0
frust_shell_common::perf: frust-perf raw n=105 total_us=37241 rebuild_us=76 layout_us=2656 paint_us=252 encode_us=114 acquire_us=89 submit_us=34052 skipped=0
frust_shell_common::perf: frust-perf raw n=106 total_us=41957 rebuild_us=66 layout_us=2591 paint_us=38 encode_us=86 acquire_us=117 submit_us=39055 skipped=0
frust_shell_common::perf: frust-perf raw n=107 total_us=37051 rebuild_us=56 layout_us=2617 paint_us=35 encode_us=112 acquire_us=90 submit_us=34139 skipped=0
frust_shell_common::perf: frust-perf raw n=108 total_us=38650 rebuild_us=108 layout_us=3620 paint_us=55 encode_us=127 acquire_us=104 submit_us=34632 skipped=0
frust_shell_common::perf: frust-perf raw n=109 total_us=38309 rebuild_us=76 layout_us=3124 paint_us=288 encode_us=153 acquire_us=117 submit_us=34548 skipped=0
frust_shell_common::perf: frust-perf raw n=110 total_us=42659 rebuild_us=67 layout_us=2667 paint_us=248 encode_us=122 acquire_us=105 submit_us=39449 skipped=0
frust_shell_common::perf: frust-perf raw n=111 total_us=43365 rebuild_us=71 layout_us=2716 paint_us=251 encode_us=205 acquire_us=137 submit_us=39981 skipped=0
frust_shell_common::perf: frust-perf raw n=112 total_us=43034 rebuild_us=74 layout_us=2719 paint_us=253 encode_us=172 acquire_us=103 submit_us=39710 skipped=0
frust_shell_common::perf: frust-perf raw n=113 total_us=43788 rebuild_us=69 layout_us=2723 paint_us=255 encode_us=155 acquire_us=115 submit_us=40470 skipped=0
frust_shell_common::perf: frust-perf raw n=114 total_us=43507 rebuild_us=63 layout_us=2636 paint_us=288 encode_us=156 acquire_us=139 submit_us=40222 skipped=0
frust_shell_common::perf: frust-perf raw n=115 total_us=42758 rebuild_us=68 layout_us=2690 paint_us=246 encode_us=122 acquire_us=85 submit_us=39544 skipped=0
frust_shell_common::perf: frust-perf raw n=116 total_us=43373 rebuild_us=66 layout_us=2737 paint_us=252 encode_us=145 acquire_us=90 submit_us=40080 skipped=0
frust_shell_common::perf: frust-perf raw n=117 total_us=43331 rebuild_us=63 layout_us=2654 paint_us=251 encode_us=122 acquire_us=90 submit_us=40149 skipped=0
frust_shell_common::perf: frust-perf raw n=118 total_us=43009 rebuild_us=70 layout_us=2762 paint_us=260 encode_us=117 acquire_us=94 submit_us=39704 skipped=0
frust_shell_common::perf: frust-perf raw n=119 total_us=43090 rebuild_us=62 layout_us=2701 paint_us=251 encode_us=142 acquire_us=111 submit_us=39820 skipped=0
frust_shell_common::perf: frust-perf raw n=120 total_us=42504 rebuild_us=64 layout_us=2683 paint_us=255 encode_us=119 acquire_us=89 submit_us=39291 skipped=0
frust_shell_common::perf: frust-perf raw n=121 total_us=42813 rebuild_us=62 layout_us=1285 paint_us=202 encode_us=133 acquire_us=101 submit_us=41028 skipped=0
frust_shell_common::perf: frust-perf raw n=122 total_us=40815 rebuild_us=43 layout_us=299 paint_us=184 encode_us=289 acquire_us=150 submit_us=39846 skipped=0
frust_shell_common::perf: frust-perf raw n=123 total_us=44014 rebuild_us=84 layout_us=3864 paint_us=352 encode_us=157 acquire_us=100 submit_us=39455 skipped=0
frust_shell_common::perf: frust-perf raw n=124 total_us=44290 rebuild_us=72 layout_us=2794 paint_us=260 encode_us=163 acquire_us=111 submit_us=40888 skipped=0
frust_shell_common::perf: frust-perf raw n=125 total_us=43012 rebuild_us=63 layout_us=2764 paint_us=256 encode_us=124 acquire_us=96 submit_us=39708 skipped=0
frust_shell_common::perf: frust-perf raw n=126 total_us=43305 rebuild_us=70 layout_us=2612 paint_us=277 encode_us=118 acquire_us=102 submit_us=40123 skipped=0
frust_shell_common::perf: frust-perf raw n=127 total_us=43556 rebuild_us=74 layout_us=2777 paint_us=260 encode_us=152 acquire_us=102 submit_us=40190 skipped=0
frust_shell_common::perf: frust-perf raw n=128 total_us=43245 rebuild_us=64 layout_us=2797 paint_us=261 encode_us=122 acquire_us=96 submit_us=39902 skipped=0
frust_shell_common::perf: frust-perf raw n=129 total_us=43590 rebuild_us=74 layout_us=2853 paint_us=263 encode_us=154 acquire_us=113 submit_us=40130 skipped=0
frust_shell_common::perf: frust-perf raw n=130 total_us=43190 rebuild_us=70 layout_us=2715 paint_us=257 encode_us=120 acquire_us=89 submit_us=39937 skipped=0
frust_shell_common::perf: frust-perf raw n=131 total_us=42946 rebuild_us=61 layout_us=2743 paint_us=252 encode_us=120 acquire_us=98 submit_us=39670 skipped=0
frust_shell_android::app::frame: frust-perf platform-view tail depth=0 target=0 acquire_bound=false frame=480 expected_present_us=0 acquire_us=100 period_us=11131
frust_shell_common::perf: frust-perf raw n=132 total_us=43572 rebuild_us=79 layout_us=2744 paint_us=252 encode_us=140 acquire_us=104 submit_us=40250 skipped=0
frust_shell_common::perf: frust-perf raw n=133 total_us=44109 rebuild_us=67 layout_us=2815 paint_us=256 encode_us=118 acquire_us=96 submit_us=40755 skipped=0
frust_shell_common::perf: frust-perf raw n=134 total_us=43052 rebuild_us=79 layout_us=2825 paint_us=260 encode_us=120 acquire_us=77 submit_us=39689 skipped=0
frust_shell_common::perf: frust-perf raw n=135 total_us=42559 rebuild_us=70 layout_us=2632 paint_us=237 encode_us=87 acquire_us=78 submit_us=39454 skipped=0
frust_shell_common::perf: frust-perf raw n=136 total_us=42812 rebuild_us=69 layout_us=2646 paint_us=237 encode_us=115 acquire_us=91 submit_us=39651 skipped=0
frust_shell_common::perf: frust-perf raw n=137 total_us=43566 rebuild_us=64 layout_us=2739 paint_us=258 encode_us=159 acquire_us=90 submit_us=40253 skipped=0
frust_shell_common::perf: frust-perf raw n=138 total_us=43575 rebuild_us=63 layout_us=2781 paint_us=258 encode_us=126 acquire_us=89 submit_us=40256 skipped=0
frust_shell_common::perf: frust-perf raw n=139 total_us=42955 rebuild_us=62 layout_us=2570 paint_us=234 encode_us=116 acquire_us=89 submit_us=39881 skipped=0
frust_shell_common::perf: frust-perf raw n=140 total_us=43608 rebuild_us=68 layout_us=2700 paint_us=253 encode_us=150 acquire_us=92 submit_us=40343 skipped=0
frust_shell_common::perf: frust-perf raw n=141 total_us=44287 rebuild_us=83 layout_us=3735 paint_us=339 encode_us=121 acquire_us=96 submit_us=39910 skipped=0
frust_shell_common::perf: frust-perf raw n=142 total_us=43458 rebuild_us=82 layout_us=2796 paint_us=272 encode_us=144 acquire_us=101 submit_us=40061 skipped=0
frust_shell_common::perf: frust-perf raw n=143 total_us=44076 rebuild_us=67 layout_us=2756 paint_us=256 encode_us=151 acquire_us=91 submit_us=40752 skipped=0
frust_shell_common::perf: frust-perf raw n=144 total_us=42764 rebuild_us=65 layout_us=2675 paint_us=292 encode_us=119 acquire_us=91 submit_us=39520 skipped=0
frust_shell_common::perf: frust-perf frame n=120 total_p50_ms=41 total_p95_ms=44 total_p99_ms=44 rebuild_p95_ms=0 layout_p95_ms=3 paint_p95_ms=0 encode_p95_ms=0 acquire_p95_ms=0 submit_p95_ms=40 over_60hz=144 over_120hz=144 skipped=0 total_frames=144
frust_shell_common::perf: frust-perf raw n=145 total_us=43612 rebuild_us=63 layout_us=2754 paint_us=258 encode_us=132 acquire_us=115 submit_us=40288 skipped=0
frust_shell_common::perf: frust-perf raw n=146 total_us=43552 rebuild_us=65 layout_us=2729 paint_us=252 encode_us=130 acquire_us=91 submit_us=40283 skipped=0
frust_shell_common::perf: frust-perf raw n=147 total_us=43052 rebuild_us=86 layout_us=2804 paint_us=265 encode_us=121 acquire_us=86 submit_us=39689 skipped=0
frust_shell_common::perf: frust-perf raw n=148 total_us=43146 rebuild_us=65 layout_us=2614 paint_us=236 encode_us=138 acquire_us=87 submit_us=40004 skipped=0
frust_shell_common::perf: frust-perf raw n=149 total_us=43278 rebuild_us=64 layout_us=2749 paint_us=256 encode_us=153 acquire_us=90 submit_us=39963 skipped=0
frust_shell_common::perf: frust-perf raw n=150 total_us=43389 rebuild_us=62 layout_us=2738 paint_us=254 encode_us=121 acquire_us=96 submit_us=40116 skipped=0
frust_shell_common::perf: frust-perf raw n=151 total_us=43663 rebuild_us=68 layout_us=2608 paint_us=239 encode_us=139 acquire_us=88 submit_us=40519 skipped=0
frust_shell_common::perf: frust-perf raw n=152 total_us=42458 rebuild_us=66 layout_us=2680 paint_us=258 encode_us=157 acquire_us=115 submit_us=39180 skipped=0
frust_shell_common::perf: frust-perf raw n=153 total_us=43454 rebuild_us=70 layout_us=2694 paint_us=255 encode_us=157 acquire_us=112 submit_us=40164 skipped=0
frust_shell_common::perf: frust-perf raw n=154 total_us=42845 rebuild_us=60 layout_us=2580 paint_us=235 encode_us=156 acquire_us=115 submit_us=39696 skipped=0
frust_shell_common::perf: frust-perf raw n=155 total_us=42875 rebuild_us=67 layout_us=2750 paint_us=254 encode_us=153 acquire_us=114 submit_us=39534 skipped=0
frust_shell_common::perf: frust-perf raw n=156 total_us=43168 rebuild_us=71 layout_us=2755 paint_us=254 encode_us=153 acquire_us=91 submit_us=39842 skipped=0
frust_shell_common::perf: frust-perf raw n=157 total_us=43019 rebuild_us=66 layout_us=2746 paint_us=257 encode_us=119 acquire_us=97 submit_us=39731 skipped=0
frust_shell_common::perf: frust-perf raw n=158 total_us=43362 rebuild_us=72 layout_us=2725 paint_us=247 encode_us=141 acquire_us=89 submit_us=40087 skipped=0
frust_shell_common::perf: frust-perf raw n=159 total_us=42643 rebuild_us=66 layout_us=2704 paint_us=254 encode_us=154 acquire_us=119 submit_us=39343 skipped=0
frust_shell_common::perf: frust-perf raw n=160 total_us=42805 rebuild_us=65 layout_us=2755 paint_us=255 encode_us=121 acquire_us=90 submit_us=39516 skipped=0
frust_shell_common::perf: frust-perf raw n=161 total_us=43155 rebuild_us=71 layout_us=2734 paint_us=256 encode_us=152 acquire_us=101 submit_us=39839 skipped=0
frust_shell_common::perf: frust-perf raw n=162 total_us=42994 rebuild_us=65 layout_us=2753 paint_us=256 encode_us=122 acquire_us=91 submit_us=39704 skipped=0
frust_shell_common::perf: frust-perf raw n=163 total_us=42972 rebuild_us=70 layout_us=2617 paint_us=237 encode_us=144 acquire_us=92 submit_us=39810 skipped=0
frust_shell_common::perf: frust-perf raw n=164 total_us=43092 rebuild_us=87 layout_us=3015 paint_us=253 encode_us=128 acquire_us=97 submit_us=39508 skipped=0
frust_shell_android::app::frame: frust-perf platform-view tail depth=0 target=0 acquire_bound=false frame=600 expected_present_us=0 acquire_us=94 period_us=11128
frust_shell_common::perf: frust-perf raw n=165 total_us=42843 rebuild_us=75 layout_us=2787 paint_us=317 encode_us=127 acquire_us=93 submit_us=39441 skipped=0
frust_shell_common::perf: frust-perf raw n=166 total_us=43566 rebuild_us=77 layout_us=2827 paint_us=327 encode_us=158 acquire_us=114 submit_us=40061 skipped=0
frust_shell_common::perf: frust-perf raw n=167 total_us=42292 rebuild_us=68 layout_us=2711 paint_us=247 encode_us=154 acquire_us=112 submit_us=38997 skipped=0
frust_shell_common::perf: frust-perf raw n=168 total_us=44143 rebuild_us=69 layout_us=2799 paint_us=264 encode_us=159 acquire_us=99 submit_us=40750 skipped=0
frust_shell_common::perf: frust-perf raw n=169 total_us=43537 rebuild_us=76 layout_us=2825 paint_us=261 encode_us=125 acquire_us=94 submit_us=40153 skipped=0
frust_shell_common::perf: frust-perf raw n=170 total_us=43010 rebuild_us=65 layout_us=2711 paint_us=290 encode_us=120 acquire_us=100 submit_us=39722 skipped=0
frust_shell_common::perf: frust-perf raw n=171 total_us=43141 rebuild_us=65 layout_us=2631 paint_us=243 encode_us=143 acquire_us=80 submit_us=39975 skipped=0
frust_shell_common::perf: frust-perf raw n=172 total_us=43053 rebuild_us=61 layout_us=2731 paint_us=255 encode_us=150 acquire_us=174 submit_us=39678 skipped=0
frust_shell_common::perf: frust-perf raw n=173 total_us=43691 rebuild_us=62 layout_us=2669 paint_us=247 encode_us=125 acquire_us=157 submit_us=40428 skipped=0
frust_shell_common::perf: frust-perf raw n=174 total_us=43044 rebuild_us=73 layout_us=2760 paint_us=252 encode_us=158 acquire_us=110 submit_us=39687 skipped=0
frust_shell_common::perf: frust-perf raw n=175 total_us=43189 rebuild_us=64 layout_us=2665 paint_us=250 encode_us=119 acquire_us=76 submit_us=40013 skipped=0
frust_shell_common::perf: frust-perf raw n=176 total_us=43412 rebuild_us=67 layout_us=2498 paint_us=290 encode_us=151 acquire_us=82 submit_us=40321 skipped=0
frust_shell_common::perf: frust-perf raw n=177 total_us=42978 rebuild_us=63 layout_us=2718 paint_us=246 encode_us=149 acquire_us=96 submit_us=39704 skipped=0
frust_shell_common::perf: frust-perf raw n=178 total_us=42961 rebuild_us=62 layout_us=2682 paint_us=243 encode_us=151 acquire_us=96 submit_us=39725 skipped=0
frust_shell_common::perf: frust-perf raw n=179 total_us=43742 rebuild_us=122 layout_us=2640 paint_us=257 encode_us=154 acquire_us=93 submit_us=40475 skipped=0
frust_shell_common::perf: frust-perf raw n=180 total_us=42385 rebuild_us=62 layout_us=2538 paint_us=228 encode_us=113 acquire_us=88 submit_us=39353 skipped=0
frust_shell_common::perf: frust-perf raw n=181 total_us=43785 rebuild_us=59 layout_us=2676 paint_us=248 encode_us=140 acquire_us=100 submit_us=40560 skipped=0
frust_shell_common::perf: frust-perf raw n=182 total_us=43177 rebuild_us=72 layout_us=2735 paint_us=248 encode_us=154 acquire_us=98 submit_us=39867 skipped=0
frust_shell_common::perf: frust-perf raw n=183 total_us=42745 rebuild_us=54 layout_us=2664 paint_us=247 encode_us=115 acquire_us=102 submit_us=39562 skipped=0
frust_shell_common::perf: frust-perf raw n=184 total_us=43435 rebuild_us=68 layout_us=2672 paint_us=250 encode_us=153 acquire_us=81 submit_us=40209 skipped=0
frust_shell_common::perf: frust-perf raw n=185 total_us=42943 rebuild_us=63 layout_us=2677 paint_us=254 encode_us=117 acquire_us=78 submit_us=39751 skipped=0
frust_shell_common::perf: frust-perf raw n=186 total_us=43215 rebuild_us=64 layout_us=2683 paint_us=250 encode_us=116 acquire_us=88 submit_us=40013 skipped=0
frust_shell_common::perf: frust-perf raw n=187 total_us=43289 rebuild_us=75 layout_us=2733 paint_us=253 encode_us=134 acquire_us=84 submit_us=40008 skipped=0
frust_shell_common::perf: frust-perf raw n=188 total_us=43069 rebuild_us=63 layout_us=2654 paint_us=296 encode_us=148 acquire_us=94 submit_us=39811 skipped=0
frust_shell_common::perf: frust-perf raw n=189 total_us=43706 rebuild_us=65 layout_us=2633 paint_us=312 encode_us=155 acquire_us=90 submit_us=40448 skipped=0
frust_shell_common::perf: frust-perf raw n=190 total_us=42877 rebuild_us=65 layout_us=2700 paint_us=252 encode_us=157 acquire_us=107 submit_us=39594 skipped=0
frust_shell_common::perf: frust-perf raw n=191 total_us=42744 rebuild_us=62 layout_us=2684 paint_us=247 encode_us=114 acquire_us=77 submit_us=39557 skipped=0
frust_shell_common::perf: frust-perf frame n=120 total_p50_ms=42 total_p95_ms=44 total_p99_ms=44 rebuild_p95_ms=0 layout_p95_ms=3 paint_p95_ms=0 encode_p95_ms=0 acquire_p95_ms=0 submit_p95_ms=40 over_60hz=191 over_120hz=191 skipped=0 total_frames=191
frust_shell_common::perf: frust-perf raw n=192 total_us=43143 rebuild_us=70 layout_us=2594 paint_us=232 encode_us=134 acquire_us=81 submit_us=40030 skipped=0
frust_shell_common::perf: frust-perf raw n=193 total_us=42825 rebuild_us=62 layout_us=2694 paint_us=248 encode_us=113 acquire_us=90 submit_us=39613 skipped=0
frust_shell_common::perf: frust-perf raw n=194 total_us=43418 rebuild_us=67 layout_us=2690 paint_us=253 encode_us=138 acquire_us=89 submit_us=40178 skipped=0
frust_shell_common::perf: frust-perf raw n=195 total_us=42420 rebuild_us=70 layout_us=2563 paint_us=229 encode_us=117 acquire_us=112 submit_us=39328 skipped=0
frust_shell_common::perf: frust-perf raw n=196 total_us=42901 rebuild_us=62 layout_us=2638 paint_us=246 encode_us=115 acquire_us=79 submit_us=39758 skipped=0
frust_shell_common::perf: frust-perf raw n=197 total_us=43545 rebuild_us=70 layout_us=2668 paint_us=252 encode_us=139 acquire_us=81 submit_us=40333 skipped=0
frust_shell_android::app::frame: frust-perf platform-view tail depth=0 target=0 acquire_bound=false frame=720 expected_present_us=0 acquire_us=85 period_us=11133
frust_shell_common::perf: frust-perf raw n=198 total_us=43591 rebuild_us=76 layout_us=3750 paint_us=340 encode_us=117 acquire_us=80 submit_us=39226 skipped=0
frust_shell_common::perf: frust-perf raw n=199 total_us=43788 rebuild_us=66 layout_us=2751 paint_us=269 encode_us=157 acquire_us=89 submit_us=40453 skipped=0
frust_shell_common::perf: frust-perf raw n=200 total_us=42753 rebuild_us=64 layout_us=2767 paint_us=252 encode_us=118 acquire_us=81 submit_us=39469 skipped=0
frust_shell_common::perf: frust-perf raw n=201 total_us=42637 rebuild_us=59 layout_us=2640 paint_us=300 encode_us=116 acquire_us=90 submit_us=39429 skipped=0
frust_shell_common::perf: frust-perf raw n=202 total_us=43327 rebuild_us=65 layout_us=2721 paint_us=250 encode_us=137 acquire_us=93 submit_us=40059 skipped=0
frust_shell_common::perf: frust-perf raw n=203 total_us=42563 rebuild_us=64 layout_us=2672 paint_us=250 encode_us=116 acquire_us=90 submit_us=39369 skipped=0
frust_shell_common::perf: frust-perf raw n=204 total_us=43443 rebuild_us=62 layout_us=2735 paint_us=245 encode_us=157 acquire_us=92 submit_us=40149 skipped=0
frust_shell_common::perf: frust-perf raw n=205 total_us=43008 rebuild_us=63 layout_us=2674 paint_us=249 encode_us=120 acquire_us=78 submit_us=39821 skipped=0
frust_shell_common::perf: frust-perf raw n=206 total_us=42726 rebuild_us=65 layout_us=2720 paint_us=250 encode_us=113 acquire_us=88 submit_us=39487 skipped=0
frust_shell_common::perf: frust-perf raw n=207 total_us=43381 rebuild_us=73 layout_us=2583 paint_us=235 encode_us=134 acquire_us=93 submit_us=40261 skipped=0
frust_shell_common::perf: frust-perf raw n=208 total_us=44840 rebuild_us=95 layout_us=4082 paint_us=432 encode_us=124 acquire_us=109 submit_us=39995 skipped=0
frust_shell_common::perf: frust-perf raw n=209 total_us=43245 rebuild_us=75 layout_us=2770 paint_us=315 encode_us=134 acquire_us=108 submit_us=39840 skipped=0
frust_shell_common::perf: frust-perf raw n=210 total_us=42548 rebuild_us=73 layout_us=2541 paint_us=236 encode_us=111 acquire_us=80 submit_us=39506 skipped=0
frust_shell_common::perf: frust-perf raw n=211 total_us=42469 rebuild_us=60 layout_us=2573 paint_us=231 encode_us=111 acquire_us=80 submit_us=39411 skipped=0
frust_shell_common::perf: frust-perf raw n=212 total_us=43886 rebuild_us=65 layout_us=2709 paint_us=250 encode_us=149 acquire_us=128 submit_us=40583 skipped=0
frust_shell_common::perf: frust-perf raw n=213 total_us=42877 rebuild_us=70 layout_us=2706 paint_us=257 encode_us=119 acquire_us=85 submit_us=39638 skipped=0
frust_shell_common::perf: frust-perf raw n=214 total_us=43562 rebuild_us=63 layout_us=2618 paint_us=247 encode_us=131 acquire_us=89 submit_us=40411 skipped=0
frust_shell_common::perf: frust-perf raw n=215 total_us=43217 rebuild_us=60 layout_us=2624 paint_us=250 encode_us=125 acquire_us=93 submit_us=40062 skipped=0
frust_shell_common::perf: frust-perf raw n=216 total_us=42383 rebuild_us=60 layout_us=2711 paint_us=248 encode_us=117 acquire_us=90 submit_us=39155 skipped=0
frust_shell_common::perf: frust-perf raw n=217 total_us=44076 rebuild_us=68 layout_us=2737 paint_us=258 encode_us=153 acquire_us=95 submit_us=40763 skipped=0
frust_shell_common::perf: frust-perf raw n=218 total_us=43489 rebuild_us=69 layout_us=2688 paint_us=260 encode_us=118 acquire_us=90 submit_us=40261 skipped=0
frust_shell_common::perf: frust-perf raw n=219 total_us=43182 rebuild_us=63 layout_us=2691 paint_us=246 encode_us=114 acquire_us=87 submit_us=39978 skipped=0
frust_shell_common::perf: frust-perf raw n=220 total_us=43639 rebuild_us=63 layout_us=2701 paint_us=248 encode_us=150 acquire_us=95 submit_us=40379 skipped=0
frust_shell_common::perf: frust-perf raw n=221 total_us=42527 rebuild_us=61 layout_us=2747 paint_us=251 encode_us=120 acquire_us=84 submit_us=39261 skipped=0
frust_shell_common::perf: frust-perf raw n=222 total_us=44117 rebuild_us=69 layout_us=2658 paint_us=252 encode_us=174 acquire_us=99 submit_us=40862 skipped=0
frust_shell_common::perf: frust-perf raw n=223 total_us=42986 rebuild_us=73 layout_us=2532 paint_us=237 encode_us=132 acquire_us=92 submit_us=39918 skipped=0
frust_shell_common::perf: frust-perf raw n=224 total_us=42661 rebuild_us=63 layout_us=2692 paint_us=252 encode_us=118 acquire_us=81 submit_us=39452 skipped=0
frust_shell_common::perf: frust-perf raw n=225 total_us=43704 rebuild_us=58 layout_us=2731 paint_us=258 encode_us=162 acquire_us=99 submit_us=40394 skipped=0
frust_shell_common::perf: frust-perf raw n=226 total_us=42885 rebuild_us=74 layout_us=2638 paint_us=246 encode_us=120 acquire_us=91 submit_us=39713 skipped=0
frust_shell_common::perf: frust-perf raw n=227 total_us=42746 rebuild_us=74 layout_us=2540 paint_us=272 encode_us=114 acquire_us=90 submit_us=39654 skipped=0
frust_shell_common::perf: frust-perf raw n=228 total_us=43545 rebuild_us=79 layout_us=2710 paint_us=326 encode_us=159 acquire_us=86 submit_us=40183 skipped=0
frust_shell_common::perf: frust-perf raw n=229 total_us=43171 rebuild_us=71 layout_us=2730 paint_us=253 encode_us=115 acquire_us=81 submit_us=39918 skipped=0
frust_shell_common::perf: frust-perf raw n=230 total_us=43072 rebuild_us=59 layout_us=2552 paint_us=233 encode_us=128 acquire_us=104 submit_us=39995 skipped=0
frust_shell_common::perf: frust-perf raw n=231 total_us=43107 rebuild_us=68 layout_us=2763 paint_us=249 encode_us=153 acquire_us=103 submit_us=39769 skipped=0
frust_shell_android::app::frame: frust-perf platform-view tail depth=0 target=0 acquire_bound=false frame=840 expected_present_us=0 acquire_us=91 period_us=11132
frust_shell_common::perf: frust-perf raw n=232 total_us=42870 rebuild_us=73 layout_us=2700 paint_us=257 encode_us=119 acquire_us=83 submit_us=39635 skipped=0
frust_shell_common::perf: frust-perf raw n=233 total_us=43729 rebuild_us=65 layout_us=2721 paint_us=265 encode_us=163 acquire_us=85 submit_us=40427 skipped=0
frust_shell_common::perf: frust-perf raw n=234 total_us=42646 rebuild_us=64 layout_us=2708 paint_us=251 encode_us=120 acquire_us=90 submit_us=39410 skipped=0
frust_shell_common::perf: frust-perf raw n=235 total_us=43361 rebuild_us=88 layout_us=2631 paint_us=252 encode_us=182 acquire_us=97 submit_us=40109 skipped=0
frust_shell_common::perf: frust-perf raw n=236 total_us=43191 rebuild_us=73 layout_us=2737 paint_us=249 encode_us=166 acquire_us=112 submit_us=39851 skipped=0
frust_shell_common::perf: frust-perf raw n=237 total_us=43092 rebuild_us=71 layout_us=2702 paint_us=254 encode_us=118 acquire_us=102 submit_us=39843 skipped=0
frust_shell_common::perf: frust-perf raw n=238 total_us=43200 rebuild_us=65 layout_us=2741 paint_us=253 encode_us=148 acquire_us=88 submit_us=39902 skipped=0
frust_shell_common::perf: frust-perf frame n=120 total_p50_ms=43 total_p95_ms=44 total_p99_ms=44 rebuild_p95_ms=0 layout_p95_ms=2 paint_p95_ms=0 encode_p95_ms=0 acquire_p95_ms=0 submit_p95_ms=40 over_60hz=238 over_120hz=238 skipped=0 total_frames=238
frust_shell_common::perf: frust-perf raw n=239 total_us=42329 rebuild_us=58 layout_us=2567 paint_us=237 encode_us=116 acquire_us=90 submit_us=39258 skipped=0
frust_shell_common::perf: frust-perf raw n=240 total_us=43655 rebuild_us=70 layout_us=2652 paint_us=256 encode_us=132 acquire_us=98 submit_us=40445 skipped=0
frust_shell_common::perf: frust-perf raw n=241 total_us=43365 rebuild_us=74 layout_us=2698 paint_us=257 encode_us=159 acquire_us=98 submit_us=40076 skipped=0
frust_shell_common::perf: frust-perf raw n=242 total_us=42550 rebuild_us=63 layout_us=2702 paint_us=249 encode_us=118 acquire_us=81 submit_us=39335 skipped=0
frust_shell_common::perf: frust-perf raw n=243 total_us=43473 rebuild_us=62 layout_us=2749 paint_us=246 encode_us=160 acquire_us=95 submit_us=40158 skipped=0
frust_shell_common::perf: frust-perf raw n=244 total_us=43127 rebuild_us=66 layout_us=2692 paint_us=252 encode_us=116 acquire_us=79 submit_us=39920 skipped=0
frust_shell_common::perf: frust-perf raw n=245 total_us=42822 rebuild_us=61 layout_us=2638 paint_us=309 encode_us=118 acquire_us=80 submit_us=39613 skipped=0
frust_shell_common::perf: frust-perf raw n=246 total_us=42842 rebuild_us=71 layout_us=2705 paint_us=258 encode_us=119 acquire_us=85 submit_us=39601 skipped=0
frust_shell_common::perf: frust-perf raw n=247 total_us=42247 rebuild_us=66 layout_us=2707 paint_us=252 encode_us=121 acquire_us=84 submit_us=39013 skipped=0
frust_shell_common::perf: frust-perf raw n=248 total_us=43155 rebuild_us=65 layout_us=2613 paint_us=232 encode_us=141 acquire_us=94 submit_us=40007 skipped=0
frust_shell_common::perf: frust-perf raw n=249 total_us=43547 rebuild_us=64 layout_us=2684 paint_us=249 encode_us=122 acquire_us=87 submit_us=40339 skipped=0
frust_shell_common::perf: frust-perf raw n=250 total_us=42968 rebuild_us=62 layout_us=2809 paint_us=260 encode_us=122 acquire_us=93 submit_us=39620 skipped=0
frust_shell_common::perf: frust-perf raw n=251 total_us=42964 rebuild_us=75 layout_us=2655 paint_us=241 encode_us=163 acquire_us=106 submit_us=39722 skipped=0
frust_shell_common::perf: frust-perf raw n=252 total_us=42650 rebuild_us=64 layout_us=2757 paint_us=252 encode_us=121 acquire_us=96 submit_us=39358 skipped=0
frust_shell_common::perf: frust-perf raw n=253 total_us=43307 rebuild_us=64 layout_us=2784 paint_us=256 encode_us=147 acquire_us=88 submit_us=39965 skipped=0
frust_shell_common::perf: frust-perf raw n=254 total_us=43551 rebuild_us=67 layout_us=2673 paint_us=261 encode_us=131 acquire_us=87 submit_us=40330 skipped=0
frust_shell_common::perf: frust-perf raw n=255 total_us=42662 rebuild_us=81 layout_us=2795 paint_us=249 encode_us=119 acquire_us=84 submit_us=39331 skipped=0
frust_shell_common::perf: frust-perf raw n=256 total_us=43075 rebuild_us=62 layout_us=2742 paint_us=251 encode_us=163 acquire_us=107 submit_us=39747 skipped=0
frust_shell_common::perf: frust-perf raw n=257 total_us=42397 rebuild_us=70 layout_us=2742 paint_us=248 encode_us=120 acquire_us=88 submit_us=39125 skipped=0
frust_shell_common::perf: frust-perf raw n=258 total_us=43148 rebuild_us=70 layout_us=2759 paint_us=255 encode_us=148 acquire_us=95 submit_us=39819 skipped=0
frust_shell_common::perf: frust-perf raw n=259 total_us=43094 rebuild_us=62 layout_us=2646 paint_us=253 encode_us=154 acquire_us=115 submit_us=39862 skipped=0
frust_shell_common::perf: frust-perf raw n=260 total_us=42934 rebuild_us=66 layout_us=2740 paint_us=257 encode_us=129 acquire_us=90 submit_us=39649 skipped=0
frust_shell_common::perf: frust-perf raw n=261 total_us=42576 rebuild_us=67 layout_us=2690 paint_us=249 encode_us=123 acquire_us=88 submit_us=39356 skipped=0
frust_shell_common::perf: frust-perf raw n=262 total_us=42942 rebuild_us=114 layout_us=2803 paint_us=255 encode_us=116 acquire_us=95 submit_us=39558 skipped=0
frust_shell_common::perf: frust-perf raw n=263 total_us=43155 rebuild_us=64 layout_us=2703 paint_us=249 encode_us=143 acquire_us=106 submit_us=39889 skipped=0
frust_shell_common::perf: frust-perf raw n=264 total_us=42636 rebuild_us=64 layout_us=2535 paint_us=232 encode_us=117 acquire_us=92 submit_us=39594 skipped=0
frust_shell_android::app::frame: frust-perf platform-view tail depth=0 target=0 acquire_bound=false frame=960 expected_present_us=0 acquire_us=100 period_us=11132
frust_shell_common::perf: frust-perf raw n=265 total_us=43234 rebuild_us=70 layout_us=2767 paint_us=255 encode_us=140 acquire_us=117 submit_us=39882 skipped=0
frust_shell_common::perf: frust-perf raw n=266 total_us=42692 rebuild_us=67 layout_us=2696 paint_us=252 encode_us=123 acquire_us=90 submit_us=39460 skipped=0
frust_shell_common::perf: frust-perf raw n=267 total_us=42483 rebuild_us=62 layout_us=2496 paint_us=232 encode_us=117 acquire_us=85 submit_us=39489 skipped=0
frust_shell_common::perf: frust-perf raw n=268 total_us=43250 rebuild_us=73 layout_us=2669 paint_us=301 encode_us=135 acquire_us=101 submit_us=39969 skipped=0
frust_shell_common::perf: frust-perf raw n=269 total_us=43435 rebuild_us=77 layout_us=3681 paint_us=337 encode_us=123 acquire_us=83 submit_us=39132 skipped=0
frust_shell_common::perf: frust-perf raw n=270 total_us=43311 rebuild_us=72 layout_us=2690 paint_us=257 encode_us=156 acquire_us=88 submit_us=40045 skipped=0
frust_shell_common::perf: frust-perf raw n=271 total_us=40756 rebuild_us=78 layout_us=1318 paint_us=227 encode_us=153 acquire_us=100 submit_us=38877 skipped=0
frust_shell_common::perf: frust-perf raw n=272 total_us=40141 rebuild_us=55 layout_us=432 paint_us=179 encode_us=156 acquire_us=113 submit_us=39204 skipped=0
frust_shell_common::perf: frust-perf raw n=273 total_us=41145 rebuild_us=77 layout_us=1425 paint_us=252 encode_us=161 acquire_us=103 submit_us=39124 skipped=0
frust_shell_common::perf: frust-perf raw n=274 total_us=41841 rebuild_us=83 layout_us=1567 paint_us=260 encode_us=154 acquire_us=138 submit_us=39638 skipped=0
frust_shell_common::perf: frust-perf raw n=275 total_us=41574 rebuild_us=75 layout_us=1596 paint_us=255 encode_us=167 acquire_us=133 submit_us=39345 skipped=0
frust_shell_common::perf: frust-perf raw n=276 total_us=41603 rebuild_us=119 layout_us=1735 paint_us=268 encode_us=147 acquire_us=87 submit_us=39243 skipped=0
frust_shell_common::perf: frust-perf raw n=277 total_us=41859 rebuild_us=111 layout_us=1594 paint_us=252 encode_us=300 acquire_us=182 submit_us=39417 skipped=0
frust_shell_common::perf: frust-perf raw n=278 total_us=41572 rebuild_us=78 layout_us=1547 paint_us=252 encode_us=154 acquire_us=102 submit_us=39437 skipped=0
frust_shell_common::perf: frust-perf raw n=279 total_us=41667 rebuild_us=74 layout_us=1584 paint_us=258 encode_us=151 acquire_us=99 submit_us=39499 skipped=0
frust_shell_common::perf: frust-perf raw n=280 total_us=41969 rebuild_us=81 layout_us=1584 paint_us=249 encode_us=157 acquire_us=99 submit_us=39797 skipped=0
frust_shell_common::perf: frust-perf raw n=281 total_us=40856 rebuild_us=80 layout_us=1550 paint_us=247 encode_us=153 acquire_us=103 submit_us=38720 skipped=0
frust_shell_common::perf: frust-perf raw n=282 total_us=42111 rebuild_us=77 layout_us=1535 paint_us=250 encode_us=136 acquire_us=92 submit_us=40018 skipped=0
frust_shell_common::perf: frust-perf raw n=283 total_us=41587 rebuild_us=78 layout_us=1527 paint_us=246 encode_us=161 acquire_us=94 submit_us=39479 skipped=0
frust_shell_common::perf: frust-perf raw n=284 total_us=42171 rebuild_us=86 layout_us=1450 paint_us=247 encode_us=130 acquire_us=108 submit_us=40148 skipped=0
frust_shell_common::perf: frust-perf raw n=285 total_us=41913 rebuild_us=72 layout_us=1587 paint_us=241 encode_us=155 acquire_us=99 submit_us=39757 skipped=0
frust_shell_common::perf: frust-perf raw n=286 total_us=41234 rebuild_us=76 layout_us=1524 paint_us=249 encode_us=153 acquire_us=100 submit_us=39129 skipped=0
frust_shell_common::perf: frust-perf frame n=120 total_p50_ms=43 total_p95_ms=43 total_p99_ms=44 rebuild_p95_ms=0 layout_p95_ms=2 paint_p95_ms=0 encode_p95_ms=0 acquire_p95_ms=0 submit_p95_ms=40 over_60hz=286 over_120hz=286 skipped=0 total_frames=286
frust_shell_common::perf: frust-perf raw n=287 total_us=41792 rebuild_us=77 layout_us=1522 paint_us=246 encode_us=161 acquire_us=103 submit_us=39680 skipped=0
frust_shell_common::perf: frust-perf raw n=288 total_us=41208 rebuild_us=78 layout_us=1644 paint_us=253 encode_us=155 acquire_us=142 submit_us=38934 skipped=0
frust_shell_common::perf: frust-perf raw n=289 total_us=42070 rebuild_us=80 layout_us=1610 paint_us=251 encode_us=140 acquire_us=90 submit_us=39896 skipped=0
frust_shell_common::perf: frust-perf raw n=290 total_us=40950 rebuild_us=76 layout_us=1571 paint_us=241 encode_us=152 acquire_us=103 submit_us=38803 skipped=0
frust_shell_common::perf: frust-perf raw n=291 total_us=42244 rebuild_us=84 layout_us=1562 paint_us=263 encode_us=154 acquire_us=102 submit_us=40077 skipped=0
frust_shell_common::perf: frust-perf raw n=292 total_us=41851 rebuild_us=73 layout_us=1533 paint_us=250 encode_us=161 acquire_us=107 submit_us=39724 skipped=0
frust_shell_common::perf: frust-perf raw n=293 total_us=41242 rebuild_us=81 layout_us=1595 paint_us=257 encode_us=154 acquire_us=101 submit_us=39053 skipped=0
frust_shell_common::perf: frust-perf raw n=294 total_us=42225 rebuild_us=77 layout_us=1643 paint_us=253 encode_us=133 acquire_us=112 submit_us=40005 skipped=0
frust_shell_common::perf: frust-perf raw n=295 total_us=41193 rebuild_us=76 layout_us=1519 paint_us=250 encode_us=156 acquire_us=109 submit_us=39079 skipped=0
frust_shell_common::perf: frust-perf raw n=296 total_us=41919 rebuild_us=79 layout_us=1552 paint_us=250 encode_us=149 acquire_us=107 submit_us=39779 skipped=0
frust_shell_common::perf: frust-perf raw n=297 total_us=41879 rebuild_us=74 layout_us=1530 paint_us=247 encode_us=157 acquire_us=112 submit_us=39757 skipped=0
frust_shell_common::perf: frust-perf raw n=298 total_us=41740 rebuild_us=78 layout_us=1581 paint_us=256 encode_us=168 acquire_us=115 submit_us=39540 skipped=0
frust_shell_android::app::frame: frust-perf platform-view tail depth=0 target=0 acquire_bound=false frame=1080 expected_present_us=0 acquire_us=109 period_us=11137
frust_shell_common::perf: frust-perf raw n=299 total_us=41957 rebuild_us=78 layout_us=1650 paint_us=249 encode_us=171 acquire_us=115 submit_us=39693 skipped=0
frust_shell_common::perf: frust-perf raw n=300 total_us=41123 rebuild_us=79 layout_us=1532 paint_us=259 encode_us=162 acquire_us=99 submit_us=38989 skipped=0
frust_shell_common::perf: frust-perf raw n=301 total_us=41524 rebuild_us=80 layout_us=1359 paint_us=225 encode_us=135 acquire_us=88 submit_us=39635 skipped=0
frust_shell_common::perf: frust-perf raw n=302 total_us=42336 rebuild_us=75 layout_us=1517 paint_us=265 encode_us=157 acquire_us=99 submit_us=40219 skipped=0
frust_shell_common::perf: frust-perf raw n=303 total_us=41402 rebuild_us=73 layout_us=1585 paint_us=254 encode_us=156 acquire_us=110 submit_us=39222 skipped=0
frust_shell_common::perf: frust-perf raw n=304 total_us=42152 rebuild_us=78 layout_us=1580 paint_us=254 encode_us=154 acquire_us=112 submit_us=39972 skipped=0
frust_shell_common::perf: frust-perf raw n=305 total_us=41106 rebuild_us=78 layout_us=1535 paint_us=261 encode_us=157 acquire_us=106 submit_us=38966 skipped=0
frust_shell_common::perf: frust-perf raw n=306 total_us=41889 rebuild_us=73 layout_us=1536 paint_us=257 encode_us=148 acquire_us=92 submit_us=39780 skipped=0
frust_shell_common::perf: frust-perf raw n=307 total_us=42599 rebuild_us=78 layout_us=1643 paint_us=251 encode_us=147 acquire_us=113 submit_us=40365 skipped=0
frust_shell_common::perf: frust-perf raw n=308 total_us=41498 rebuild_us=70 layout_us=1575 paint_us=249 encode_us=155 acquire_us=102 submit_us=39345 skipped=0
frust_shell_common::perf: frust-perf raw n=309 total_us=41934 rebuild_us=75 layout_us=1582 paint_us=257 encode_us=193 acquire_us=103 submit_us=39722 skipped=0
frust_shell_common::perf: frust-perf raw n=310 total_us=41286 rebuild_us=73 layout_us=1527 paint_us=250 encode_us=155 acquire_us=123 submit_us=39154 skipped=0
frust_shell_common::perf: frust-perf raw n=311 total_us=42473 rebuild_us=78 layout_us=1575 paint_us=259 encode_us=155 acquire_us=98 submit_us=40305 skipped=0
frust_shell_common::perf: frust-perf raw n=312 total_us=42250 rebuild_us=76 layout_us=1668 paint_us=248 encode_us=155 acquire_us=110 submit_us=39990 skipped=0
frust_shell_common::perf: frust-perf raw n=313 total_us=41575 rebuild_us=85 layout_us=1599 paint_us=274 encode_us=154 acquire_us=98 submit_us=39363 skipped=0
frust_shell_common::perf: frust-perf raw n=314 total_us=41501 rebuild_us=76 layout_us=1553 paint_us=256 encode_us=157 acquire_us=101 submit_us=39355 skipped=0
frust_shell_common::perf: frust-perf raw n=315 total_us=41840 rebuild_us=79 layout_us=1577 paint_us=309 encode_us=191 acquire_us=136 submit_us=39544 skipped=0
frust_shell_common::perf: frust-perf raw n=316 total_us=42112 rebuild_us=80 layout_us=1557 paint_us=301 encode_us=195 acquire_us=92 submit_us=39884 skipped=0
frust_shell_common::perf: frust-perf raw n=317 total_us=41708 rebuild_us=80 layout_us=1676 paint_us=265 encode_us=155 acquire_us=99 submit_us=39432 skipped=0
frust_shell_common::perf: frust-perf raw n=318 total_us=42043 rebuild_us=85 layout_us=1588 paint_us=254 encode_us=164 acquire_us=101 submit_us=39848 skipped=0
frust_shell_common::perf: frust-perf raw n=319 total_us=41813 rebuild_us=79 layout_us=1555 paint_us=253 encode_us=156 acquire_us=98 submit_us=39670 skipped=0
frust_shell_common::perf: frust-perf raw n=320 total_us=41299 rebuild_us=73 layout_us=1603 paint_us=250 encode_us=157 acquire_us=108 submit_us=39106 skipped=0
frust_shell_common::perf: frust-perf raw n=321 total_us=42119 rebuild_us=74 layout_us=1627 paint_us=258 encode_us=138 acquire_us=91 submit_us=39928 skipped=0
frust_shell_common::perf: frust-perf raw n=322 total_us=41431 rebuild_us=78 layout_us=1575 paint_us=254 encode_us=192 acquire_us=101 submit_us=39228 skipped=0
frust_shell_common::perf: frust-perf raw n=323 total_us=41923 rebuild_us=113 layout_us=1368 paint_us=231 encode_us=135 acquire_us=117 submit_us=39956 skipped=0
frust_shell_common::perf: frust-perf raw n=324 total_us=42097 rebuild_us=77 layout_us=1551 paint_us=254 encode_us=158 acquire_us=146 submit_us=39909 skipped=0
frust_shell_common::perf: frust-perf raw n=325 total_us=41676 rebuild_us=72 layout_us=1610 paint_us=249 encode_us=158 acquire_us=113 submit_us=39473 skipped=0
frust_shell_common::perf: frust-perf raw n=326 total_us=42508 rebuild_us=78 layout_us=1626 paint_us=252 encode_us=209 acquire_us=101 submit_us=40241 skipped=0
frust_shell_common::perf: frust-perf raw n=327 total_us=41065 rebuild_us=80 layout_us=1559 paint_us=257 encode_us=156 acquire_us=97 submit_us=38913 skipped=0
frust_shell_common::perf: frust-perf raw n=328 total_us=41802 rebuild_us=70 layout_us=1369 paint_us=228 encode_us=131 acquire_us=127 submit_us=39874 skipped=0
frust_shell_common::perf: frust-perf raw n=329 total_us=42307 rebuild_us=72 layout_us=1550 paint_us=346 encode_us=157 acquire_us=98 submit_us=40081 skipped=0
frust_shell_common::perf: frust-perf raw n=330 total_us=41063 rebuild_us=70 layout_us=1609 paint_us=258 encode_us=153 acquire_us=109 submit_us=38860 skipped=0
frust_shell_common::perf: frust-perf raw n=331 total_us=41990 rebuild_us=73 layout_us=1618 paint_us=255 encode_us=160 acquire_us=141 submit_us=39740 skipped=0
frust_shell_android::app::frame: frust-perf platform-view tail depth=0 target=0 acquire_bound=false frame=1200 expected_present_us=0 acquire_us=115 period_us=11136
frust_shell_common::perf: frust-perf raw n=332 total_us=41762 rebuild_us=75 layout_us=1572 paint_us=253 encode_us=199 acquire_us=115 submit_us=39547 skipped=0
frust_shell_common::perf: frust-perf raw n=333 total_us=42182 rebuild_us=85 layout_us=1567 paint_us=259 encode_us=149 acquire_us=146 submit_us=39973 skipped=0
frust_shell_common::perf: frust-perf raw n=334 total_us=42116 rebuild_us=87 layout_us=1685 paint_us=275 encode_us=156 acquire_us=105 submit_us=39806 skipped=0
frust_shell_common::perf: frust-perf frame n=120 total_p50_ms=42 total_p95_ms=43 total_p99_ms=44 rebuild_p95_ms=0 layout_p95_ms=2 paint_p95_ms=0 encode_p95_ms=0 acquire_p95_ms=0 submit_p95_ms=40 over_60hz=334 over_120hz=334 skipped=0 total_frames=334
frust_shell_common::perf: frust-perf raw n=335 total_us=41544 rebuild_us=83 layout_us=1684 paint_us=271 encode_us=151 acquire_us=110 submit_us=39241 skipped=0
frust_shell_common::perf: frust-perf raw n=336 total_us=41938 rebuild_us=116 layout_us=1550 paint_us=255 encode_us=158 acquire_us=105 submit_us=39752 skipped=0
frust_shell_common::perf: frust-perf raw n=337 total_us=41510 rebuild_us=73 layout_us=1562 paint_us=245 encode_us=157 acquire_us=97 submit_us=39374 skipped=0
frust_shell_common::perf: frust-perf raw n=338 total_us=42491 rebuild_us=82 layout_us=1560 paint_us=256 encode_us=189 acquire_us=90 submit_us=40312 skipped=0
frust_shell_common::perf: frust-perf raw n=339 total_us=41835 rebuild_us=78 layout_us=1614 paint_us=256 encode_us=156 acquire_us=101 submit_us=39628 skipped=0
frust_shell_common::perf: frust-perf raw n=340 total_us=41153 rebuild_us=92 layout_us=1410 paint_us=260 encode_us=152 acquire_us=95 submit_us=39142 skipped=0
frust_shell_common::perf: frust-perf raw n=341 total_us=41406 rebuild_us=77 layout_us=1571 paint_us=250 encode_us=151 acquire_us=101 submit_us=39252 skipped=0
frust_shell_common::perf: frust-perf raw n=342 total_us=41659 rebuild_us=75 layout_us=1553 paint_us=332 encode_us=155 acquire_us=99 submit_us=39443 skipped=0
frust_shell_common::perf: frust-perf raw n=343 total_us=41816 rebuild_us=81 layout_us=1565 paint_us=260 encode_us=135 acquire_us=90 submit_us=39682 skipped=0
frust_shell_common::perf: frust-perf raw n=344 total_us=41540 rebuild_us=74 layout_us=1607 paint_us=255 encode_us=154 acquire_us=111 submit_us=39338 skipped=0
frust_shell_common::perf: frust-perf raw n=345 total_us=42698 rebuild_us=81 layout_us=1668 paint_us=259 encode_us=144 acquire_us=87 submit_us=40457 skipped=0
frust_shell_common::perf: frust-perf raw n=346 total_us=41183 rebuild_us=74 layout_us=1562 paint_us=250 encode_us=190 acquire_us=99 submit_us=39005 skipped=0
frust_shell_common::perf: frust-perf raw n=347 total_us=42075 rebuild_us=74 layout_us=1553 paint_us=267 encode_us=157 acquire_us=112 submit_us=39910 skipped=0
frust_shell_common::perf: frust-perf raw n=348 total_us=42185 rebuild_us=84 layout_us=1629 paint_us=257 encode_us=136 acquire_us=102 submit_us=39975 skipped=0
frust_shell_common::perf: frust-perf raw n=349 total_us=41106 rebuild_us=75 layout_us=1598 paint_us=256 encode_us=204 acquire_us=111 submit_us=38860 skipped=0
frust_shell_common::perf: frust-perf raw n=350 total_us=42684 rebuild_us=76 layout_us=1633 paint_us=254 encode_us=153 acquire_us=99 submit_us=40466 skipped=0
frust_shell_common::perf: frust-perf raw n=351 total_us=41436 rebuild_us=76 layout_us=1369 paint_us=230 encode_us=192 acquire_us=102 submit_us=39465 skipped=0
frust_shell_common::perf: frust-perf raw n=352 total_us=41823 rebuild_us=70 layout_us=1603 paint_us=254 encode_us=155 acquire_us=147 submit_us=39591 skipped=0
frust_shell_common::perf: frust-perf raw n=353 total_us=42345 rebuild_us=73 layout_us=1663 paint_us=248 encode_us=165 acquire_us=133 submit_us=40059 skipped=0
frust_shell_common::perf: frust-perf raw n=354 total_us=41691 rebuild_us=79 layout_us=1617 paint_us=266 encode_us=164 acquire_us=130 submit_us=39433 skipped=0
frust_shell_common::perf: frust-perf raw n=355 total_us=42696 rebuild_us=73 layout_us=1558 paint_us=256 encode_us=149 acquire_us=106 submit_us=40552 skipped=0
frust_shell_common::perf: frust-perf raw n=356 total_us=41785 rebuild_us=79 layout_us=1569 paint_us=293 encode_us=155 acquire_us=101 submit_us=39586 skipped=0
frust_shell_common::perf: frust-perf raw n=357 total_us=41243 rebuild_us=71 layout_us=1615 paint_us=246 encode_us=152 acquire_us=103 submit_us=39052 skipped=0
frust_shell_common::perf: frust-perf raw n=358 total_us=42625 rebuild_us=78 layout_us=1658 paint_us=255 encode_us=139 acquire_us=91 submit_us=40402 skipped=0
frust_shell_common::perf: frust-perf raw n=359 total_us=41016 rebuild_us=86 layout_us=1579 paint_us=265 encode_us=154 acquire_us=97 submit_us=38833 skipped=0
frust_shell_common::perf: frust-perf raw n=360 total_us=42367 rebuild_us=74 layout_us=1553 paint_us=257 encode_us=141 acquire_us=112 submit_us=40228 skipped=0
frust_shell_common::perf: frust-perf raw n=361 total_us=41841 rebuild_us=77 layout_us=1606 paint_us=253 encode_us=161 acquire_us=105 submit_us=39635 skipped=0
frust_shell_common::perf: frust-perf raw n=362 total_us=41476 rebuild_us=70 layout_us=1403 paint_us=228 encode_us=151 acquire_us=103 submit_us=39518 skipped=0
frust_shell_common::perf: frust-perf raw n=363 total_us=42721 rebuild_us=74 layout_us=1654 paint_us=254 encode_us=135 acquire_us=101 submit_us=40500 skipped=0
frust_shell_common::perf: frust-perf raw n=364 total_us=41437 rebuild_us=86 layout_us=1568 paint_us=264 encode_us=154 acquire_us=100 submit_us=39262 skipped=0
frust_shell_android::app::frame: frust-perf platform-view tail depth=0 target=0 acquire_bound=false frame=1320 expected_present_us=0 acquire_us=100 period_us=11140
frust_shell_common::perf: frust-perf raw n=365 total_us=42883 rebuild_us=72 layout_us=1662 paint_us=256 encode_us=133 acquire_us=97 submit_us=40662 skipped=0
frust_shell_common::perf: frust-perf raw n=366 total_us=42137 rebuild_us=75 layout_us=1639 paint_us=272 encode_us=163 acquire_us=131 submit_us=39855 skipped=0
frust_shell_common::perf: frust-perf raw n=367 total_us=41480 rebuild_us=76 layout_us=1553 paint_us=254 encode_us=155 acquire_us=111 submit_us=39327 skipped=0
frust_shell_common::perf: frust-perf raw n=368 total_us=42218 rebuild_us=95 layout_us=1570 paint_us=257 encode_us=153 acquire_us=94 submit_us=40046 skipped=0
frust_shell_common::perf: frust-perf raw n=369 total_us=42175 rebuild_us=72 layout_us=1552 paint_us=251 encode_us=158 acquire_us=101 submit_us=40038 skipped=0
frust_shell_common::perf: frust-perf raw n=370 total_us=41639 rebuild_us=69 layout_us=1648 paint_us=249 encode_us=156 acquire_us=100 submit_us=39415 skipped=0
frust_shell_common::perf: frust-perf raw n=371 total_us=44680 rebuild_us=71 layout_us=3914 paint_us=402 encode_us=156 acquire_us=100 submit_us=40035 skipped=0
frust_shell_common::perf: frust-perf raw n=372 total_us=44135 rebuild_us=94 layout_us=3813 paint_us=355 encode_us=152 acquire_us=112 submit_us=39607 skipped=0
frust_shell_common::perf: frust-perf raw n=373 total_us=44570 rebuild_us=84 layout_us=3748 paint_us=348 encode_us=149 acquire_us=90 submit_us=40149 skipped=0
frust_shell_common::perf: frust-perf raw n=374 total_us=43596 rebuild_us=79 layout_us=3706 paint_us=342 encode_us=146 acquire_us=85 submit_us=39235 skipped=0
frust_shell_common::perf: frust-perf raw n=375 total_us=43313 rebuild_us=65 layout_us=2732 paint_us=253 encode_us=145 acquire_us=97 submit_us=40019 skipped=0
frust_shell_common::perf: frust-perf raw n=376 total_us=44429 rebuild_us=75 layout_us=3693 paint_us=393 encode_us=120 acquire_us=124 submit_us=40022 skipped=0
frust_shell_common::perf: frust-perf raw n=377 total_us=42430 rebuild_us=74 layout_us=2793 paint_us=261 encode_us=116 acquire_us=83 submit_us=39099 skipped=0
frust_shell_common::perf: frust-perf raw n=378 total_us=43739 rebuild_us=75 layout_us=2712 paint_us=260 encode_us=147 acquire_us=86 submit_us=40457 skipped=0
frust_shell_common::perf: frust-perf raw n=379 total_us=42860 rebuild_us=65 layout_us=2549 paint_us=229 encode_us=117 acquire_us=96 submit_us=39803 skipped=0
frust_shell_common::perf: frust-perf raw n=380 total_us=43594 rebuild_us=94 layout_us=2837 paint_us=264 encode_us=131 acquire_us=89 submit_us=40177 skipped=0
frust_shell_common::perf: frust-perf raw n=381 total_us=42951 rebuild_us=67 layout_us=2522 paint_us=235 encode_us=123 acquire_us=92 submit_us=39910 skipped=0
frust_shell_common::perf: frust-perf raw n=382 total_us=42642 rebuild_us=64 layout_us=2716 paint_us=254 encode_us=118 acquire_us=90 submit_us=39398 skipped=0
frust_shell_common::perf: frust-perf frame n=120 total_p50_ms=41 total_p95_ms=43 total_p99_ms=44 rebuild_p95_ms=0 layout_p95_ms=2 paint_p95_ms=0 encode_p95_ms=0 acquire_p95_ms=0 submit_p95_ms=40 over_60hz=382 over_120hz=382 skipped=0 total_frames=382
frust_shell_common::perf: frust-perf raw n=383 total_us=43152 rebuild_us=64 layout_us=2560 paint_us=239 encode_us=143 acquire_us=88 submit_us=40055 skipped=0
frust_shell_common::perf: frust-perf raw n=384 total_us=43399 rebuild_us=82 layout_us=2727 paint_us=266 encode_us=119 acquire_us=83 submit_us=40119 skipped=0
frust_shell_common::perf: frust-perf raw n=385 total_us=42901 rebuild_us=60 layout_us=2620 paint_us=244 encode_us=117 acquire_us=82 submit_us=39775 skipped=0
frust_shell_common::perf: frust-perf raw n=386 total_us=43445 rebuild_us=71 layout_us=2633 paint_us=250 encode_us=143 acquire_us=111 submit_us=40235 skipped=0
frust_shell_common::perf: frust-perf raw n=387 total_us=43187 rebuild_us=69 layout_us=2723 paint_us=254 encode_us=115 acquire_us=82 submit_us=39941 skipped=0
frust_shell_common::perf: frust-perf raw n=388 total_us=43253 rebuild_us=61 layout_us=2693 paint_us=249 encode_us=143 acquire_us=101 submit_us=40003 skipped=0
frust_shell_common::perf: frust-perf raw n=389 total_us=43025 rebuild_us=63 layout_us=2534 paint_us=233 encode_us=115 acquire_us=81 submit_us=39996 skipped=0
frust_shell_common::perf: frust-perf raw n=390 total_us=43180 rebuild_us=63 layout_us=2619 paint_us=307 encode_us=119 acquire_us=91 submit_us=39977 skipped=0
frust_shell_common::perf: frust-perf raw n=391 total_us=43299 rebuild_us=68 layout_us=2686 paint_us=252 encode_us=176 acquire_us=94 submit_us=40019 skipped=0
frust_shell_common::perf: frust-perf raw n=392 total_us=43252 rebuild_us=71 layout_us=2562 paint_us=235 encode_us=117 acquire_us=96 submit_us=40166 skipped=0
frust_shell_common::perf: frust-perf raw n=393 total_us=40810 rebuild_us=73 layout_us=514 paint_us=176 encode_us=117 acquire_us=92 submit_us=39836 skipped=0
frust_shell_common::perf: frust-perf raw n=394 total_us=41209 rebuild_us=72 layout_us=524 paint_us=335 encode_us=161 acquire_us=111 submit_us=40003 skipped=0
frust_shell_common::perf: frust-perf raw n=395 total_us=43274 rebuild_us=61 layout_us=2739 paint_us=254 encode_us=154 acquire_us=111 submit_us=39953 skipped=0
frust_shell_common::perf: frust-perf raw n=396 total_us=43819 rebuild_us=69 layout_us=2727 paint_us=261 encode_us=142 acquire_us=114 submit_us=40504 skipped=0
frust_shell_common::perf: frust-perf raw n=397 total_us=44209 rebuild_us=80 layout_us=3545 paint_us=320 encode_us=119 acquire_us=91 submit_us=40051 skipped=0
frust_shell_android::app::frame: frust-perf platform-view tail depth=0 target=0 acquire_bound=false frame=1440 expected_present_us=0 acquire_us=96 period_us=11140
frust_shell_common::perf: frust-perf raw n=398 total_us=42522 rebuild_us=88 layout_us=2728 paint_us=303 encode_us=117 acquire_us=90 submit_us=39192 skipped=0
frust_shell_common::perf: frust-perf raw n=399 total_us=44020 rebuild_us=61 layout_us=2660 paint_us=248 encode_us=164 acquire_us=110 submit_us=40774 skipped=0
frust_shell_common::perf: frust-perf raw n=400 total_us=43322 rebuild_us=64 layout_us=2633 paint_us=232 encode_us=116 acquire_us=84 submit_us=40190 skipped=0
frust_shell_common::perf: frust-perf raw n=401 total_us=42887 rebuild_us=62 layout_us=2726 paint_us=256 encode_us=112 acquire_us=85 submit_us=39643 skipped=0
frust_shell_common::perf: frust-perf raw n=402 total_us=43006 rebuild_us=71 layout_us=2710 paint_us=254 encode_us=139 acquire_us=90 submit_us=39740 skipped=0
frust_shell_common::perf: frust-perf raw n=403 total_us=44189 rebuild_us=82 layout_us=3728 paint_us=338 encode_us=118 acquire_us=91 submit_us=39829 skipped=0
frust_shell_common::perf: frust-perf raw n=404 total_us=43433 rebuild_us=72 layout_us=2764 paint_us=252 encode_us=147 acquire_us=90 submit_us=40106 skipped=0
frust_shell_common::perf: frust-perf raw n=405 total_us=43405 rebuild_us=68 layout_us=2771 paint_us=259 encode_us=155 acquire_us=103 submit_us=40048 skipped=0
frust_shell_common::perf: frust-perf raw n=406 total_us=42580 rebuild_us=81 layout_us=2741 paint_us=262 encode_us=120 acquire_us=98 submit_us=39275 skipped=0
frust_shell_common::perf: frust-perf raw n=407 total_us=43655 rebuild_us=68 layout_us=2891 paint_us=258 encode_us=146 acquire_us=99 submit_us=40191 skipped=0
frust_shell_common::perf: frust-perf raw n=408 total_us=43200 rebuild_us=65 layout_us=2815 paint_us=262 encode_us=126 acquire_us=103 submit_us=39827 skipped=0
frust_shell_common::perf: frust-perf raw n=409 total_us=43966 rebuild_us=78 layout_us=2858 paint_us=266 encode_us=156 acquire_us=105 submit_us=40500 skipped=0
frust_shell_common::perf: frust-perf raw n=410 total_us=43660 rebuild_us=70 layout_us=2831 paint_us=265 encode_us=129 acquire_us=105 submit_us=40257 skipped=0
frust_shell_common::perf: frust-perf raw n=411 total_us=43390 rebuild_us=76 layout_us=2910 paint_us=263 encode_us=128 acquire_us=92 submit_us=39919 skipped=0
frust_shell_common::perf: frust-perf raw n=412 total_us=44065 rebuild_us=73 layout_us=2794 paint_us=324 encode_us=197 acquire_us=117 submit_us=40557 skipped=0
frust_shell_common::perf: frust-perf raw n=413 total_us=43174 rebuild_us=68 layout_us=2669 paint_us=245 encode_us=126 acquire_us=107 submit_us=39957 skipped=0
frust_shell_common::perf: frust-perf raw n=414 total_us=42556 rebuild_us=68 layout_us=2645 paint_us=241 encode_us=120 acquire_us=96 submit_us=39382 skipped=0
frust_shell_common::perf: frust-perf raw n=415 total_us=44320 rebuild_us=72 layout_us=2875 paint_us=269 encode_us=164 acquire_us=116 submit_us=40822 skipped=0
frust_shell_common::perf: frust-perf raw n=416 total_us=43657 rebuild_us=77 layout_us=2823 paint_us=264 encode_us=126 acquire_us=99 submit_us=40265 skipped=0
frust_shell_common::perf: frust-perf raw n=417 total_us=42931 rebuild_us=67 layout_us=2857 paint_us=267 encode_us=129 acquire_us=95 submit_us=39515 skipped=0
frust_shell_common::perf: frust-perf raw n=418 total_us=43760 rebuild_us=68 layout_us=2826 paint_us=261 encode_us=129 acquire_us=106 submit_us=40368 skipped=0
frust_shell_common::perf: frust-perf raw n=419 total_us=43314 rebuild_us=81 layout_us=2880 paint_us=271 encode_us=124 acquire_us=135 submit_us=39820 skipped=0
frust_shell_common::perf: frust-perf raw n=420 total_us=43785 rebuild_us=70 layout_us=2888 paint_us=262 encode_us=200 acquire_us=103 submit_us=40261 skipped=0
frust_shell_common::perf: frust-perf raw n=421 total_us=43718 rebuild_us=72 layout_us=2869 paint_us=269 encode_us=133 acquire_us=92 submit_us=40281 skipped=0
frust_shell_common::perf: frust-perf raw n=422 total_us=42898 rebuild_us=68 layout_us=2836 paint_us=257 encode_us=130 acquire_us=98 submit_us=39506 skipped=0
frust_shell_common::perf: frust-perf raw n=423 total_us=43701 rebuild_us=70 layout_us=2845 paint_us=262 encode_us=150 acquire_us=106 submit_us=40264 skipped=0
frust_shell_common::perf: frust-perf raw n=424 total_us=43440 rebuild_us=70 layout_us=2848 paint_us=262 encode_us=126 acquire_us=94 submit_us=40038 skipped=0
frust_shell_common::perf: frust-perf raw n=425 total_us=43379 rebuild_us=69 layout_us=2862 paint_us=271 encode_us=141 acquire_us=107 submit_us=39927 skipped=0
frust_shell_common::perf: frust-perf raw n=426 total_us=43515 rebuild_us=67 layout_us=2678 paint_us=245 encode_us=146 acquire_us=117 submit_us=40261 skipped=0
frust_shell_common::perf: frust-perf raw n=427 total_us=42836 rebuild_us=83 layout_us=2936 paint_us=271 encode_us=129 acquire_us=93 submit_us=39321 skipped=0
frust_shell_common::perf: frust-perf raw n=428 total_us=43480 rebuild_us=72 layout_us=2859 paint_us=266 encode_us=157 acquire_us=113 submit_us=40011 skipped=0
frust_shell_common::perf: frust-perf raw n=429 total_us=42882 rebuild_us=67 layout_us=2745 paint_us=259 encode_us=131 acquire_us=95 submit_us=39583 skipped=0
frust_shell_common::perf: frust-perf frame n=120 total_p50_ms=42 total_p95_ms=44 total_p99_ms=44 rebuild_p95_ms=0 layout_p95_ms=3 paint_p95_ms=0 encode_p95_ms=0 acquire_p95_ms=0 submit_p95_ms=40 over_60hz=429 over_120hz=429 skipped=0 total_frames=429
frust_shell_common::perf: frust-perf raw n=430 total_us=42483 rebuild_us=72 layout_us=2692 paint_us=243 encode_us=118 acquire_us=107 submit_us=39248 skipped=0
frust_shell_common::perf: frust-perf raw n=431 total_us=43400 rebuild_us=69 layout_us=2819 paint_us=257 encode_us=149 acquire_us=123 submit_us=39981 skipped=0
frust_shell_android::app::frame: frust-perf platform-view tail depth=0 target=0 acquire_bound=false frame=1560 expected_present_us=0 acquire_us=107 period_us=11143
frust_shell_common::perf: frust-perf raw n=432 total_us=42532 rebuild_us=86 layout_us=2984 paint_us=270 encode_us=125 acquire_us=107 submit_us=38958 skipped=0
frust_shell_common::perf: frust-perf raw n=433 total_us=43657 rebuild_us=75 layout_us=2865 paint_us=262 encode_us=155 acquire_us=119 submit_us=40178 skipped=0
frust_shell_common::perf: frust-perf raw n=434 total_us=42918 rebuild_us=73 layout_us=2749 paint_us=327 encode_us=122 acquire_us=99 submit_us=39545 skipped=0
frust_shell_common::perf: frust-perf raw n=435 total_us=43029 rebuild_us=61 layout_us=2684 paint_us=251 encode_us=115 acquire_us=79 submit_us=39837 skipped=0
frust_shell_common::perf: frust-perf raw n=436 total_us=43095 rebuild_us=62 layout_us=2718 paint_us=248 encode_us=120 acquire_us=77 submit_us=39868 skipped=0
frust_shell_common::perf: frust-perf raw n=437 total_us=42718 rebuild_us=72 layout_us=2848 paint_us=256 encode_us=124 acquire_us=98 submit_us=39319 skipped=0
frust_shell_common::perf: frust-perf raw n=438 total_us=43491 rebuild_us=71 layout_us=2816 paint_us=261 encode_us=157 acquire_us=107 submit_us=40075 skipped=0
frust_shell_common::perf: frust-perf raw n=439 total_us=43259 rebuild_us=68 layout_us=2640 paint_us=241 encode_us=118 acquire_us=92 submit_us=40098 skipped=0
frust_shell_common::perf: frust-perf raw n=440 total_us=42925 rebuild_us=67 layout_us=2672 paint_us=240 encode_us=119 acquire_us=90 submit_us=39734 skipped=0
frust_shell_common::perf: frust-perf raw n=441 total_us=43588 rebuild_us=77 layout_us=2808 paint_us=263 encode_us=151 acquire_us=146 submit_us=40140 skipped=0
frust_shell_common::perf: frust-perf raw n=442 total_us=43135 rebuild_us=72 layout_us=2754 paint_us=259 encode_us=124 acquire_us=105 submit_us=39818 skipped=0
frust_shell_common::perf: frust-perf raw n=443 total_us=43476 rebuild_us=69 layout_us=2820 paint_us=259 encode_us=167 acquire_us=108 submit_us=40051 skipped=0
frust_shell_common::perf: frust-perf raw n=444 total_us=43337 rebuild_us=63 layout_us=2820 paint_us=259 encode_us=160 acquire_us=126 submit_us=39907 skipped=0
frust_shell_common::perf: frust-perf raw n=445 total_us=42568 rebuild_us=61 layout_us=2814 paint_us=255 encode_us=130 acquire_us=90 submit_us=39215 skipped=0
frust_shell_common::perf: frust-perf raw n=446 total_us=44487 rebuild_us=65 layout_us=2786 paint_us=258 encode_us=148 acquire_us=101 submit_us=41127 skipped=0
frust_shell_common::perf: frust-perf raw n=447 total_us=42659 rebuild_us=67 layout_us=2755 paint_us=259 encode_us=122 acquire_us=90 submit_us=39364 skipped=0
frust_shell_common::perf: frust-perf raw n=448 total_us=43904 rebuild_us=61 layout_us=2794 paint_us=283 encode_us=132 acquire_us=109 submit_us=40523 skipped=0
frust_shell_common::perf: frust-perf raw n=449 total_us=43566 rebuild_us=72 layout_us=2702 paint_us=246 encode_us=139 acquire_us=92 submit_us=40312 skipped=0
frust_shell_common::perf: frust-perf raw n=450 total_us=42711 rebuild_us=70 layout_us=2823 paint_us=254 encode_us=203 acquire_us=100 submit_us=39258 skipped=0
frust_shell_common::perf: frust-perf raw n=451 total_us=44242 rebuild_us=69 layout_us=2805 paint_us=257 encode_us=148 acquire_us=97 submit_us=40864 skipped=0
frust_shell_common::perf: frust-perf raw n=452 total_us=42544 rebuild_us=72 layout_us=2638 paint_us=258 encode_us=124 acquire_us=94 submit_us=39356 skipped=0
frust_shell_common::perf: frust-perf raw n=453 total_us=43142 rebuild_us=68 layout_us=2769 paint_us=256 encode_us=122 acquire_us=102 submit_us=39823 skipped=0
frust_shell_common::perf: frust-perf raw n=454 total_us=43997 rebuild_us=71 layout_us=2771 paint_us=254 encode_us=154 acquire_us=97 submit_us=40647 skipped=0
frust_shell_common::perf: frust-perf raw n=455 total_us=42633 rebuild_us=120 layout_us=2608 paint_us=244 encode_us=124 acquire_us=100 submit_us=39435 skipped=0
frust_shell_common::perf: frust-perf raw n=456 total_us=43878 rebuild_us=66 layout_us=2789 paint_us=261 encode_us=131 acquire_us=91 submit_us=40538 skipped=0
frust_shell_common::perf: frust-perf raw n=457 total_us=42801 rebuild_us=70 layout_us=2837 paint_us=263 encode_us=175 acquire_us=108 submit_us=39344 skipped=0
frust_shell_common::perf: frust-perf raw n=458 total_us=42770 rebuild_us=63 layout_us=2796 paint_us=255 encode_us=126 acquire_us=106 submit_us=39422 skipped=0
frust_shell_common::perf: frust-perf raw n=459 total_us=43844 rebuild_us=68 layout_us=2770 paint_us=262 encode_us=162 acquire_us=102 submit_us=40478 skipped=0
frust_shell_common::perf: frust-perf raw n=460 total_us=43176 rebuild_us=70 layout_us=2738 paint_us=303 encode_us=131 acquire_us=125 submit_us=39807 skipped=0
frust_shell_common::perf: frust-perf raw n=461 total_us=43031 rebuild_us=67 layout_us=2795 paint_us=269 encode_us=127 acquire_us=100 submit_us=39672 skipped=0
frust_shell_common::perf: frust-perf raw n=462 total_us=43456 rebuild_us=73 layout_us=2913 paint_us=263 encode_us=149 acquire_us=134 submit_us=39921 skipped=0
frust_shell_common::perf: frust-perf raw n=463 total_us=42910 rebuild_us=73 layout_us=2858 paint_us=261 encode_us=165 acquire_us=128 submit_us=39423 skipped=0
frust_shell_common::perf: frust-perf raw n=464 total_us=43484 rebuild_us=73 layout_us=2700 paint_us=247 encode_us=161 acquire_us=103 submit_us=40197 skipped=0
frust_shell_android::app::frame: frust-perf platform-view tail depth=0 target=0 acquire_bound=false frame=1680 expected_present_us=0 acquire_us=114 period_us=11146
frust_shell_common::perf: frust-perf raw n=465 total_us=43301 rebuild_us=71 layout_us=2865 paint_us=270 encode_us=186 acquire_us=123 submit_us=39783 skipped=0
frust_shell_common::perf: frust-perf raw n=466 total_us=43192 rebuild_us=68 layout_us=2844 paint_us=264 encode_us=137 acquire_us=101 submit_us=39775 skipped=0
frust_shell_common::perf: frust-perf raw n=467 total_us=43184 rebuild_us=77 layout_us=2813 paint_us=254 encode_us=168 acquire_us=109 submit_us=39761 skipped=0
frust_shell_common::perf: frust-perf raw n=468 total_us=42778 rebuild_us=107 layout_us=2814 paint_us=264 encode_us=130 acquire_us=109 submit_us=39352 skipped=0
frust_shell_common::perf: frust-perf raw n=469 total_us=44177 rebuild_us=79 layout_us=2845 paint_us=275 encode_us=175 acquire_us=126 submit_us=40675 skipped=0
frust_shell_common::perf: frust-perf raw n=470 total_us=42674 rebuild_us=75 layout_us=2736 paint_us=247 encode_us=159 acquire_us=112 submit_us=39342 skipped=0
frust_shell_common::perf: frust-perf raw n=471 total_us=43139 rebuild_us=73 layout_us=2872 paint_us=265 encode_us=129 acquire_us=102 submit_us=39696 skipped=0
frust_shell_common::perf: frust-perf raw n=472 total_us=43738 rebuild_us=81 layout_us=2895 paint_us=265 encode_us=159 acquire_us=107 submit_us=40229 skipped=0
frust_shell_common::perf: frust-perf raw n=473 total_us=42328 rebuild_us=68 layout_us=2652 paint_us=248 encode_us=126 acquire_us=94 submit_us=39139 skipped=0
frust_shell_common::perf: frust-perf raw n=474 total_us=43471 rebuild_us=69 layout_us=2825 paint_us=339 encode_us=157 acquire_us=115 submit_us=39963 skipped=0
frust_shell_common::perf: frust-perf raw n=475 total_us=43491 rebuild_us=74 layout_us=2858 paint_us=265 encode_us=163 acquire_us=110 submit_us=40019 skipped=0
frust_shell_common::perf: frust-perf raw n=476 total_us=42378 rebuild_us=66 layout_us=2790 paint_us=257 encode_us=167 acquire_us=123 submit_us=38972 skipped=0
frust_shell_common::perf: frust-perf frame n=120 total_p50_ms=43 total_p95_ms=44 total_p99_ms=44 rebuild_p95_ms=0 layout_p95_ms=3 paint_p95_ms=0 encode_p95_ms=0 acquire_p95_ms=0 submit_p95_ms=40 over_60hz=476 over_120hz=476 skipped=0 total_frames=476
frust_shell_common::perf: frust-perf raw n=477 total_us=43221 rebuild_us=69 layout_us=2870 paint_us=265 encode_us=145 acquire_us=123 submit_us=39747 skipped=0
frust_shell_common::perf: frust-perf raw n=478 total_us=43045 rebuild_us=73 layout_us=2862 paint_us=266 encode_us=126 acquire_us=109 submit_us=39606 skipped=0
frust_shell_common::perf: frust-perf raw n=479 total_us=43175 rebuild_us=73 layout_us=2731 paint_us=252 encode_us=155 acquire_us=124 submit_us=39837 skipped=0
frust_shell_common::perf: frust-perf raw n=480 total_us=43152 rebuild_us=69 layout_us=2821 paint_us=261 encode_us=135 acquire_us=114 submit_us=39749 skipped=0
frust_shell_common::perf: frust-perf raw n=481 total_us=42525 rebuild_us=67 layout_us=2820 paint_us=258 encode_us=125 acquire_us=111 submit_us=39141 skipped=0
frust_shell_common::perf: frust-perf raw n=482 total_us=44030 rebuild_us=72 layout_us=2873 paint_us=268 encode_us=153 acquire_us=108 submit_us=40554 skipped=0
frust_shell_common::perf: frust-perf raw n=483 total_us=41946 rebuild_us=73 layout_us=2696 paint_us=246 encode_us=122 acquire_us=95 submit_us=38712 skipped=0
frust_shell_common::perf: frust-perf raw n=484 total_us=44125 rebuild_us=76 layout_us=2903 paint_us=268 encode_us=154 acquire_us=89 submit_us=40631 skipped=0
frust_shell_common::perf: frust-perf raw n=485 total_us=43388 rebuild_us=60 layout_us=2672 paint_us=246 encode_us=152 acquire_us=108 submit_us=40148 skipped=0
frust_shell_common::perf: frust-perf raw n=486 total_us=42956 rebuild_us=63 layout_us=2641 paint_us=246 encode_us=115 acquire_us=90 submit_us=39799 skipped=0
frust_shell_common::perf: frust-perf raw n=487 total_us=43541 rebuild_us=72 layout_us=2763 paint_us=310 encode_us=148 acquire_us=102 submit_us=40144 skipped=0
frust_shell_common::perf: frust-perf raw n=488 total_us=42650 rebuild_us=81 layout_us=2859 paint_us=271 encode_us=128 acquire_us=112 submit_us=39197 skipped=0
frust_shell_common::perf: frust-perf raw n=489 total_us=43436 rebuild_us=74 layout_us=2750 paint_us=248 encode_us=153 acquire_us=138 submit_us=40072 skipped=0
frust_shell_common::perf: frust-perf raw n=490 total_us=43823 rebuild_us=86 layout_us=2978 paint_us=252 encode_us=123 acquire_us=91 submit_us=40290 skipped=0
frust_shell_common::perf: frust-perf raw n=491 total_us=42899 rebuild_us=62 layout_us=2678 paint_us=324 encode_us=119 acquire_us=93 submit_us=39620 skipped=0
frust_shell_common::perf: frust-perf raw n=492 total_us=43861 rebuild_us=64 layout_us=2548 paint_us=236 encode_us=177 acquire_us=105 submit_us=40730 skipped=0
frust_shell_common::perf: frust-perf raw n=493 total_us=43213 rebuild_us=72 layout_us=2804 paint_us=260 encode_us=123 acquire_us=84 submit_us=39867 skipped=0
frust_shell_common::perf: frust-perf raw n=494 total_us=42644 rebuild_us=65 layout_us=2738 paint_us=252 encode_us=119 acquire_us=88 submit_us=39380 skipped=0
