frust-perf activity-create
frust_shell_common::perf: bench-scenario-start s1
frust_render::context: frust-perf surface-caps formats=[Rgba8UnormSrgb,Rgba8Unorm,Rgba16Float,Rgb10a2Unorm] usages=TextureUsages(COPY_SRC | COPY_DST | TEXTURE_BINDING | STORAGE_BINDING | RENDER_ATTACHMENT | STORAGE_ATOMIC) direct_to_surface=YES (Rgba8Unorm+STORAGE_BINDING)
frust_render::context: frust-perf render-path direct (Rgba8Unorm+STORAGE_BINDING)
frust_shell_common::perf: bench-scenario-end s1
frust_shell_common::perf: bench-scenario-start s2
frust_shell_common::perf: frust-perf startup init_entry=0ms font_preinit_started=0ms font_preinit_joined=0ms preinit_started=0ms preinit_joined=10ms cache_loaded=10ms pipeline_cache_restored=10ms adapter_ready=54ms device_ready=54ms renderer_ready=54ms first_rebuild_done=67ms first_encode_done=67ms first_frame_presented=86ms
frust_shell_common::perf: frust-perf raw n=1 total_us=20109 rebuild_us=72 layout_us=721 paint_us=185 encode_us=180 acquire_us=50 submit_us=18899 skipped=0
frust_shell_common::perf: frust-perf raw n=2 total_us=85916 rebuild_us=2313 layout_us=526 paint_us=168 encode_us=96 acquire_us=26 submit_us=82784 skipped=0
frust_shell_common::perf: frust-perf raw n=3 total_us=56210 rebuild_us=111 layout_us=842 paint_us=172 encode_us=123 acquire_us=44 submit_us=54915 skipped=0
frust_shell_common::perf: frust-perf raw n=4 total_us=48912 rebuild_us=104 layout_us=1153 paint_us=204 encode_us=93 acquire_us=41 submit_us=47314 skipped=0
frust_shell_common::perf: frust-perf raw n=5 total_us=46091 rebuild_us=95 layout_us=874 paint_us=242 encode_us=110 acquire_us=58 submit_us=44709 skipped=0
frust_shell_common::perf: frust-perf raw n=6 total_us=46259 rebuild_us=180 layout_us=2425 paint_us=177 encode_us=86 acquire_us=46 submit_us=43342 skipped=0
frust_shell_common::perf: frust-perf raw n=7 total_us=46326 rebuild_us=96 layout_us=1245 paint_us=252 encode_us=139 acquire_us=64 submit_us=44527 skipped=0
frust_shell_common::perf: frust-perf raw n=8 total_us=44276 rebuild_us=114 layout_us=1175 paint_us=190 encode_us=160 acquire_us=72 submit_us=42563 skipped=0
frust_shell_common::perf: frust-perf raw n=9 total_us=41277 rebuild_us=84 layout_us=1022 paint_us=205 encode_us=125 acquire_us=79 submit_us=39761 skipped=0
frust_shell_common::perf: frust-perf raw n=10 total_us=42184 rebuild_us=93 layout_us=1069 paint_us=181 encode_us=110 acquire_us=81 submit_us=40647 skipped=0
frust_shell_common::perf: frust-perf raw n=11 total_us=41736 rebuild_us=81 layout_us=935 paint_us=186 encode_us=108 acquire_us=88 submit_us=40336 skipped=0
frust_shell_common::perf: frust-perf raw n=12 total_us=42426 rebuild_us=76 layout_us=911 paint_us=221 encode_us=94 acquire_us=67 submit_us=41055 skipped=0
frust_shell_common::perf: frust-perf raw n=13 total_us=40230 rebuild_us=64 layout_us=843 paint_us=172 encode_us=84 acquire_us=62 submit_us=39002 skipped=0
frust_shell_common::perf: frust-perf raw n=14 total_us=41241 rebuild_us=49 layout_us=786 paint_us=136 encode_us=110 acquire_us=77 submit_us=40080 skipped=0
frust_shell_common::perf: frust-perf raw n=15 total_us=40824 rebuild_us=54 layout_us=856 paint_us=146 encode_us=85 acquire_us=70 submit_us=39610 skipped=0
frust_shell_common::perf: frust-perf raw n=16 total_us=40271 rebuild_us=42 layout_us=811 paint_us=132 encode_us=85 acquire_us=71 submit_us=39129 skipped=0
frust_shell_common::perf: frust-perf raw n=17 total_us=40644 rebuild_us=47 layout_us=842 paint_us=136 encode_us=87 acquire_us=72 submit_us=39457 skipped=0
frust_shell_common::perf: frust-perf raw n=18 total_us=40007 rebuild_us=61 layout_us=816 paint_us=150 encode_us=288 acquire_us=177 submit_us=38513 skipped=0
frust_shell_common::perf: frust-perf raw n=19 total_us=41013 rebuild_us=134 layout_us=1205 paint_us=171 encode_us=135 acquire_us=74 submit_us=39291 skipped=0
frust_shell_common::perf: frust-perf raw n=20 total_us=40226 rebuild_us=58 layout_us=784 paint_us=147 encode_us=290 acquire_us=218 submit_us=38725 skipped=0
frust_shell_common::perf: frust-perf raw n=21 total_us=40762 rebuild_us=138 layout_us=1130 paint_us=147 encode_us=102 acquire_us=72 submit_us=39171 skipped=0
frust_shell_common::perf: frust-perf raw n=22 total_us=39897 rebuild_us=41 layout_us=822 paint_us=126 encode_us=277 acquire_us=158 submit_us=38473 skipped=0
frust_shell_common::perf: frust-perf raw n=23 total_us=41669 rebuild_us=138 layout_us=1180 paint_us=164 encode_us=124 acquire_us=81 submit_us=39979 skipped=0
frust_shell_common::perf: frust-perf raw n=24 total_us=40330 rebuild_us=53 layout_us=986 paint_us=163 encode_us=102 acquire_us=72 submit_us=38952 skipped=0
frust_shell_common::perf: frust-perf raw n=25 total_us=41379 rebuild_us=138 layout_us=1195 paint_us=168 encode_us=109 acquire_us=80 submit_us=39688 skipped=0
frust_shell_common::perf: frust-perf raw n=26 total_us=40931 rebuild_us=61 layout_us=1037 paint_us=172 encode_us=101 acquire_us=72 submit_us=39485 skipped=0
frust_shell_common::perf: frust-perf raw n=27 total_us=41071 rebuild_us=132 layout_us=1207 paint_us=160 encode_us=101 acquire_us=110 submit_us=39358 skipped=0
frust_shell_common::perf: frust-perf raw n=28 total_us=41000 rebuild_us=135 layout_us=1184 paint_us=164 encode_us=113 acquire_us=70 submit_us=39331 skipped=0
frust_shell_common::perf: frust-perf raw n=29 total_us=40064 rebuild_us=43 layout_us=777 paint_us=131 encode_us=285 acquire_us=161 submit_us=38665 skipped=0
frust_shell_common::perf: frust-perf raw n=30 total_us=40572 rebuild_us=52 layout_us=777 paint_us=131 encode_us=284 acquire_us=160 submit_us=39165 skipped=0
frust_shell_android::app::frame: frust-perf platform-view tail depth=0 target=0 acquire_bound=false frame=120 expected_present_us=0 acquire_us=135 period_us=11131
frust_shell_common::perf: frust-perf raw n=31 total_us=40012 rebuild_us=46 layout_us=827 paint_us=137 encode_us=286 acquire_us=183 submit_us=38530 skipped=0
frust_shell_common::perf: frust-perf raw n=32 total_us=41169 rebuild_us=137 layout_us=1258 paint_us=172 encode_us=114 acquire_us=74 submit_us=39411 skipped=0
frust_shell_common::perf: frust-perf raw n=33 total_us=40066 rebuild_us=46 layout_us=770 paint_us=127 encode_us=277 acquire_us=184 submit_us=38660 skipped=0
frust_shell_common::perf: frust-perf raw n=34 total_us=41121 rebuild_us=60 layout_us=981 paint_us=168 encode_us=111 acquire_us=79 submit_us=39720 skipped=0
frust_shell_common::perf: frust-perf raw n=35 total_us=41436 rebuild_us=52 layout_us=978 paint_us=159 encode_us=101 acquire_us=73 submit_us=40070 skipped=0
frust_shell_common::perf: frust-perf raw n=36 total_us=40246 rebuild_us=47 layout_us=783 paint_us=134 encode_us=354 acquire_us=205 submit_us=38722 skipped=0
frust_shell_common::perf: frust-perf raw n=37 total_us=41827 rebuild_us=84 layout_us=1448 paint_us=494 encode_us=105 acquire_us=74 submit_us=39620 skipped=0
frust_shell_common::perf: frust-perf raw n=38 total_us=40525 rebuild_us=47 layout_us=804 paint_us=141 encode_us=289 acquire_us=157 submit_us=39085 skipped=0
frust_shell_common::perf: frust-perf raw n=39 total_us=41258 rebuild_us=144 layout_us=1224 paint_us=183 encode_us=136 acquire_us=107 submit_us=39461 skipped=0
frust_shell_common::perf: frust-perf raw n=40 total_us=40601 rebuild_us=45 layout_us=787 paint_us=144 encode_us=286 acquire_us=168 submit_us=39169 skipped=0
frust_shell_common::perf: frust-perf raw n=41 total_us=40488 rebuild_us=65 layout_us=890 paint_us=160 encode_us=99 acquire_us=70 submit_us=39202 skipped=0
frust_shell_common::perf: frust-perf raw n=42 total_us=40325 rebuild_us=54 layout_us=990 paint_us=171 encode_us=106 acquire_us=74 submit_us=38927 skipped=0
frust_shell_common::perf: frust-perf raw n=43 total_us=41375 rebuild_us=52 layout_us=988 paint_us=163 encode_us=97 acquire_us=73 submit_us=39999 skipped=0
frust_shell_common::perf: frust-perf raw n=44 total_us=40595 rebuild_us=56 layout_us=994 paint_us=162 encode_us=104 acquire_us=82 submit_us=39194 skipped=0
frust_shell_common::perf: frust-perf raw n=45 total_us=40979 rebuild_us=128 layout_us=1265 paint_us=157 encode_us=107 acquire_us=114 submit_us=39206 skipped=0
frust_shell_common::perf: frust-perf raw n=46 total_us=41559 rebuild_us=134 layout_us=1352 paint_us=164 encode_us=126 acquire_us=82 submit_us=39698 skipped=0
frust_shell_common::perf: frust-perf raw n=47 total_us=41064 rebuild_us=69 layout_us=1532 paint_us=238 encode_us=151 acquire_us=98 submit_us=38974 skipped=0
frust_shell_common::perf: frust-perf raw n=48 total_us=41369 rebuild_us=72 layout_us=1549 paint_us=247 encode_us=157 acquire_us=106 submit_us=39235 skipped=0
frust_shell_common::perf: frust-perf frame n=48 total_p50_ms=41 total_p95_ms=48 total_p99_ms=85 rebuild_p95_ms=0 layout_p95_ms=1 paint_p95_ms=0 encode_p95_ms=0 acquire_p95_ms=0 submit_p95_ms=47 over_60hz=48 over_120hz=48 skipped=0 total_frames=48
frust_shell_common::perf: frust-perf raw n=49 total_us=41115 rebuild_us=76 layout_us=1607 paint_us=254 encode_us=149 acquire_us=95 submit_us=38932 skipped=0
frust_shell_common::perf: frust-perf raw n=50 total_us=41678 rebuild_us=76 layout_us=1681 paint_us=260 encode_us=147 acquire_us=84 submit_us=39428 skipped=0
frust_shell_common::perf: frust-perf raw n=51 total_us=41122 rebuild_us=71 layout_us=1538 paint_us=240 encode_us=152 acquire_us=95 submit_us=39024 skipped=0
frust_shell_common::perf: frust-perf raw n=52 total_us=41578 rebuild_us=72 layout_us=1545 paint_us=250 encode_us=181 acquire_us=103 submit_us=39425 skipped=0
frust_shell_common::perf: frust-perf raw n=53 total_us=41817 rebuild_us=73 layout_us=1540 paint_us=286 encode_us=150 acquire_us=133 submit_us=39631 skipped=0
frust_shell_common::perf: frust-perf raw n=54 total_us=41121 rebuild_us=78 layout_us=1599 paint_us=253 encode_us=149 acquire_us=139 submit_us=38900 skipped=0
frust_shell_common::perf: frust-perf raw n=55 total_us=41988 rebuild_us=74 layout_us=1618 paint_us=254 encode_us=151 acquire_us=104 submit_us=39784 skipped=0
frust_shell_common::perf: frust-perf raw n=56 total_us=40873 rebuild_us=72 layout_us=1354 paint_us=221 encode_us=147 acquire_us=97 submit_us=38979 skipped=0
frust_shell_common::perf: frust-perf raw n=57 total_us=41432 rebuild_us=72 layout_us=1529 paint_us=242 encode_us=130 acquire_us=84 submit_us=39373 skipped=0
frust_shell_common::perf: frust-perf raw n=58 total_us=41081 rebuild_us=73 layout_us=1581 paint_us=243 encode_us=150 acquire_us=97 submit_us=38936 skipped=0
frust_shell_common::perf: frust-perf raw n=59 total_us=42000 rebuild_us=88 layout_us=1622 paint_us=261 encode_us=140 acquire_us=93 submit_us=39794 skipped=0
frust_shell_common::perf: frust-perf raw n=60 total_us=40521 rebuild_us=79 layout_us=1554 paint_us=248 encode_us=154 acquire_us=105 submit_us=38378 skipped=0
frust_shell_common::perf: frust-perf raw n=61 total_us=42219 rebuild_us=75 layout_us=1550 paint_us=251 encode_us=142 acquire_us=95 submit_us=40104 skipped=0
frust_shell_common::perf: frust-perf raw n=62 total_us=41107 rebuild_us=70 layout_us=1526 paint_us=241 encode_us=148 acquire_us=92 submit_us=39028 skipped=0
frust_shell_common::perf: frust-perf raw n=63 total_us=41554 rebuild_us=70 layout_us=1591 paint_us=247 encode_us=150 acquire_us=115 submit_us=39379 skipped=0
frust_shell_common::perf: frust-perf raw n=64 total_us=41712 rebuild_us=86 layout_us=1621 paint_us=268 encode_us=152 acquire_us=96 submit_us=39486 skipped=0
frust_shell_android::app::frame: frust-perf platform-view tail depth=0 target=0 acquire_bound=false frame=240 expected_present_us=0 acquire_us=101 period_us=11128
frust_shell_common::perf: frust-perf raw n=65 total_us=41065 rebuild_us=71 layout_us=1547 paint_us=242 encode_us=151 acquire_us=110 submit_us=38941 skipped=0
frust_shell_common::perf: frust-perf raw n=66 total_us=42141 rebuild_us=74 layout_us=1553 paint_us=245 encode_us=129 acquire_us=90 submit_us=40047 skipped=0
frust_shell_common::perf: frust-perf raw n=67 total_us=40968 rebuild_us=78 layout_us=1563 paint_us=328 encode_us=149 acquire_us=107 submit_us=38741 skipped=0
frust_shell_common::perf: frust-perf raw n=68 total_us=41879 rebuild_us=76 layout_us=1548 paint_us=247 encode_us=128 acquire_us=86 submit_us=39792 skipped=0
frust_shell_common::perf: frust-perf raw n=69 total_us=41002 rebuild_us=72 layout_us=1646 paint_us=249 encode_us=157 acquire_us=91 submit_us=38785 skipped=0
frust_shell_common::perf: frust-perf raw n=70 total_us=41773 rebuild_us=72 layout_us=1534 paint_us=246 encode_us=127 acquire_us=82 submit_us=39709 skipped=0
frust_shell_common::perf: frust-perf raw n=71 total_us=41495 rebuild_us=78 layout_us=1554 paint_us=254 encode_us=152 acquire_us=91 submit_us=39364 skipped=0
frust_shell_common::perf: frust-perf raw n=72 total_us=41599 rebuild_us=74 layout_us=1604 paint_us=252 encode_us=210 acquire_us=114 submit_us=39343 skipped=0
frust_shell_common::perf: frust-perf raw n=73 total_us=41342 rebuild_us=78 layout_us=1422 paint_us=224 encode_us=154 acquire_us=92 submit_us=39370 skipped=0
frust_shell_common::perf: frust-perf raw n=74 total_us=41188 rebuild_us=71 layout_us=1567 paint_us=247 encode_us=155 acquire_us=93 submit_us=39053 skipped=0
frust_shell_common::perf: frust-perf raw n=75 total_us=42219 rebuild_us=74 layout_us=1603 paint_us=253 encode_us=144 acquire_us=84 submit_us=40058 skipped=0
frust_shell_common::perf: frust-perf raw n=76 total_us=41883 rebuild_us=74 layout_us=1541 paint_us=249 encode_us=150 acquire_us=109 submit_us=39758 skipped=0
frust_shell_common::perf: frust-perf raw n=77 total_us=41359 rebuild_us=77 layout_us=1580 paint_us=262 encode_us=151 acquire_us=130 submit_us=39157 skipped=0
frust_shell_common::perf: frust-perf raw n=78 total_us=41299 rebuild_us=76 layout_us=1632 paint_us=254 encode_us=151 acquire_us=93 submit_us=39090 skipped=0
frust_shell_common::perf: frust-perf raw n=79 total_us=41598 rebuild_us=75 layout_us=1526 paint_us=239 encode_us=145 acquire_us=96 submit_us=39514 skipped=0
frust_shell_common::perf: frust-perf raw n=80 total_us=41446 rebuild_us=73 layout_us=1534 paint_us=251 encode_us=162 acquire_us=96 submit_us=39327 skipped=0
frust_shell_common::perf: frust-perf raw n=81 total_us=41088 rebuild_us=73 layout_us=1541 paint_us=242 encode_us=151 acquire_us=94 submit_us=38984 skipped=0
frust_shell_common::perf: frust-perf raw n=82 total_us=42228 rebuild_us=76 layout_us=1550 paint_us=256 encode_us=149 acquire_us=84 submit_us=40112 skipped=0
frust_shell_common::perf: frust-perf raw n=83 total_us=41228 rebuild_us=85 layout_us=1640 paint_us=249 encode_us=150 acquire_us=108 submit_us=38994 skipped=0
frust_shell_common::perf: frust-perf raw n=84 total_us=42141 rebuild_us=73 layout_us=1544 paint_us=248 encode_us=127 acquire_us=85 submit_us=40063 skipped=0
frust_shell_common::perf: frust-perf raw n=85 total_us=41943 rebuild_us=77 layout_us=1547 paint_us=240 encode_us=151 acquire_us=94 submit_us=39832 skipped=0
frust_shell_common::perf: frust-perf raw n=86 total_us=40832 rebuild_us=76 layout_us=1594 paint_us=260 encode_us=152 acquire_us=106 submit_us=38642 skipped=0
frust_shell_common::perf: frust-perf raw n=87 total_us=41881 rebuild_us=73 layout_us=1630 paint_us=254 encode_us=167 acquire_us=103 submit_us=39651 skipped=0
frust_shell_common::perf: frust-perf raw n=88 total_us=41100 rebuild_us=81 layout_us=1663 paint_us=252 encode_us=153 acquire_us=102 submit_us=38847 skipped=0
frust_shell_common::perf: frust-perf raw n=89 total_us=41864 rebuild_us=75 layout_us=1612 paint_us=262 encode_us=144 acquire_us=95 submit_us=39674 skipped=0
frust_shell_common::perf: frust-perf raw n=90 total_us=40785 rebuild_us=77 layout_us=1379 paint_us=227 encode_us=154 acquire_us=114 submit_us=38831 skipped=0
frust_shell_common::perf: frust-perf raw n=91 total_us=41894 rebuild_us=74 layout_us=1619 paint_us=248 encode_us=137 acquire_us=90 submit_us=39723 skipped=0
frust_shell_common::perf: frust-perf raw n=92 total_us=42162 rebuild_us=75 layout_us=1632 paint_us=256 encode_us=159 acquire_us=103 submit_us=39934 skipped=0
frust_shell_common::perf: frust-perf raw n=93 total_us=41235 rebuild_us=78 layout_us=1561 paint_us=247 encode_us=156 acquire_us=111 submit_us=39080 skipped=0
frust_shell_common::perf: frust-perf raw n=94 total_us=41557 rebuild_us=75 layout_us=1564 paint_us=256 encode_us=160 acquire_us=120 submit_us=39379 skipped=0
frust_shell_common::perf: frust-perf raw n=95 total_us=41431 rebuild_us=74 layout_us=1550 paint_us=254 encode_us=158 acquire_us=104 submit_us=39290 skipped=0
frust_shell_common::perf: frust-perf raw n=96 total_us=42406 rebuild_us=84 layout_us=1582 paint_us=299 encode_us=143 acquire_us=93 submit_us=40202 skipped=0
frust_shell_common::perf: frust-perf raw n=97 total_us=40868 rebuild_us=74 layout_us=1657 paint_us=256 encode_us=157 acquire_us=103 submit_us=38619 skipped=0
frust_shell_common::perf: frust-perf frame n=97 total_p50_ms=41 total_p95_ms=46 total_p99_ms=85 rebuild_p95_ms=0 layout_p95_ms=1 paint_p95_ms=0 encode_p95_ms=0 acquire_p95_ms=0 submit_p95_ms=44 over_60hz=97 over_120hz=97 skipped=0 total_frames=97
frust_shell_android::app::frame: frust-perf platform-view tail depth=0 target=0 acquire_bound=false frame=360 expected_present_us=0 acquire_us=98 period_us=11132
frust_shell_common::perf: frust-perf raw n=98 total_us=41842 rebuild_us=85 layout_us=1599 paint_us=278 encode_us=134 acquire_us=88 submit_us=39657 skipped=0
frust_shell_common::perf: frust-perf raw n=99 total_us=40606 rebuild_us=76 layout_us=1596 paint_us=277 encode_us=165 acquire_us=127 submit_us=38363 skipped=0
frust_shell_common::perf: frust-perf raw n=100 total_us=44607 rebuild_us=87 layout_us=3639 paint_us=325 encode_us=146 acquire_us=113 submit_us=40294 skipped=0
frust_shell_common::perf: frust-perf raw n=101 total_us=44027 rebuild_us=89 layout_us=3819 paint_us=349 encode_us=168 acquire_us=118 submit_us=39481 skipped=0
frust_shell_common::perf: frust-perf raw n=102 total_us=43025 rebuild_us=64 layout_us=2815 paint_us=254 encode_us=125 acquire_us=99 submit_us=39664 skipped=0
frust_shell_common::perf: frust-perf raw n=103 total_us=43123 rebuild_us=62 layout_us=2676 paint_us=38 encode_us=99 acquire_us=82 submit_us=40163 skipped=0
frust_shell_common::perf: frust-perf raw n=104 total_us=37185 rebuild_us=66 layout_us=2751 paint_us=41 encode_us=93 acquire_us=81 submit_us=34150 skipped=0
frust_shell_common::perf: frust-perf raw n=105 total_us=36862 rebuild_us=57 layout_us=2691 paint_us=41 encode_us=90 acquire_us=97 submit_us=33884 skipped=0
frust_shell_common::perf: frust-perf raw n=106 total_us=37277 rebuild_us=91 layout_us=2666 paint_us=268 encode_us=118 acquire_us=101 submit_us=34030 skipped=0
frust_shell_common::perf: frust-perf raw n=107 total_us=42979 rebuild_us=86 layout_us=2707 paint_us=47 encode_us=107 acquire_us=93 submit_us=39936 skipped=0
frust_shell_common::perf: frust-perf raw n=108 total_us=36831 rebuild_us=71 layout_us=2661 paint_us=39 encode_us=88 acquire_us=73 submit_us=33897 skipped=0
frust_shell_common::perf: frust-perf raw n=109 total_us=37200 rebuild_us=70 layout_us=2662 paint_us=40 encode_us=89 acquire_us=75 submit_us=34261 skipped=0
frust_shell_common::perf: frust-perf raw n=110 total_us=37100 rebuild_us=75 layout_us=2732 paint_us=260 encode_us=118 acquire_us=85 submit_us=33827 skipped=0
frust_shell_common::perf: frust-perf raw n=111 total_us=42553 rebuild_us=64 layout_us=2665 paint_us=252 encode_us=117 acquire_us=83 submit_us=39369 skipped=0
frust_shell_common::perf: frust-perf raw n=112 total_us=42744 rebuild_us=63 layout_us=2588 paint_us=242 encode_us=116 acquire_us=83 submit_us=39649 skipped=0
frust_shell_common::perf: frust-perf raw n=113 total_us=42694 rebuild_us=66 layout_us=2621 paint_us=283 encode_us=164 acquire_us=98 submit_us=39460 skipped=0
frust_shell_common::perf: frust-perf raw n=114 total_us=42545 rebuild_us=56 layout_us=2696 paint_us=243 encode_us=119 acquire_us=81 submit_us=39347 skipped=0
frust_shell_common::perf: frust-perf raw n=115 total_us=43560 rebuild_us=75 layout_us=2740 paint_us=255 encode_us=137 acquire_us=88 submit_us=40262 skipped=0
frust_shell_common::perf: frust-perf raw n=116 total_us=42728 rebuild_us=59 layout_us=2621 paint_us=245 encode_us=117 acquire_us=81 submit_us=39602 skipped=0
frust_shell_common::perf: frust-perf raw n=117 total_us=42899 rebuild_us=58 layout_us=2444 paint_us=244 encode_us=113 acquire_us=81 submit_us=39956 skipped=0
frust_shell_common::perf: frust-perf raw n=118 total_us=42746 rebuild_us=61 layout_us=2620 paint_us=247 encode_us=123 acquire_us=81 submit_us=39612 skipped=0
frust_shell_common::perf: frust-perf raw n=119 total_us=42292 rebuild_us=60 layout_us=2619 paint_us=238 encode_us=118 acquire_us=81 submit_us=39173 skipped=0
frust_shell_common::perf: frust-perf raw n=120 total_us=43636 rebuild_us=78 layout_us=2634 paint_us=237 encode_us=150 acquire_us=83 submit_us=40452 skipped=0
frust_shell_common::perf: frust-perf raw n=121 total_us=43194 rebuild_us=83 layout_us=2675 paint_us=294 encode_us=116 acquire_us=84 submit_us=39940 skipped=0
frust_shell_common::perf: frust-perf raw n=122 total_us=41843 rebuild_us=54 layout_us=1506 paint_us=218 encode_us=113 acquire_us=80 submit_us=39870 skipped=0
frust_shell_common::perf: frust-perf raw n=123 total_us=40624 rebuild_us=81 layout_us=188 paint_us=199 encode_us=152 acquire_us=84 submit_us=39918 skipped=0
frust_shell_common::perf: frust-perf raw n=124 total_us=43360 rebuild_us=76 layout_us=3775 paint_us=353 encode_us=153 acquire_us=98 submit_us=38901 skipped=0
frust_shell_common::perf: frust-perf raw n=125 total_us=43904 rebuild_us=67 layout_us=2740 paint_us=252 encode_us=158 acquire_us=102 submit_us=40583 skipped=0
frust_shell_common::perf: frust-perf raw n=126 total_us=43349 rebuild_us=81 layout_us=3729 paint_us=344 encode_us=119 acquire_us=96 submit_us=38978 skipped=0
frust_shell_common::perf: frust-perf raw n=127 total_us=43217 rebuild_us=58 layout_us=2706 paint_us=248 encode_us=136 acquire_us=98 submit_us=39970 skipped=0
frust_shell_common::perf: frust-perf raw n=128 total_us=42719 rebuild_us=62 layout_us=2667 paint_us=249 encode_us=124 acquire_us=86 submit_us=39529 skipped=0
frust_shell_common::perf: frust-perf raw n=129 total_us=42440 rebuild_us=63 layout_us=2741 paint_us=250 encode_us=121 acquire_us=87 submit_us=39176 skipped=0
frust_shell_common::perf: frust-perf raw n=130 total_us=43830 rebuild_us=60 layout_us=2690 paint_us=251 encode_us=145 acquire_us=98 submit_us=40583 skipped=0
frust_shell_common::perf: frust-perf raw n=131 total_us=42867 rebuild_us=90 layout_us=2682 paint_us=238 encode_us=112 acquire_us=94 submit_us=39648 skipped=0
frust_shell_common::perf: frust-perf raw n=132 total_us=42629 rebuild_us=55 layout_us=2622 paint_us=239 encode_us=275 acquire_us=162 submit_us=39273 skipped=0
frust_shell_android::app::frame: frust-perf platform-view tail depth=0 target=0 acquire_bound=false frame=480 expected_present_us=0 acquire_us=100 period_us=11136
frust_shell_common::perf: frust-perf raw n=133 total_us=43124 rebuild_us=61 layout_us=2681 paint_us=250 encode_us=122 acquire_us=78 submit_us=39929 skipped=0
frust_shell_common::perf: frust-perf raw n=134 total_us=42109 rebuild_us=61 layout_us=2509 paint_us=226 encode_us=114 acquire_us=84 submit_us=39113 skipped=0
frust_shell_common::perf: frust-perf raw n=135 total_us=43285 rebuild_us=64 layout_us=2640 paint_us=249 encode_us=138 acquire_us=95 submit_us=40096 skipped=0
frust_shell_common::perf: frust-perf raw n=136 total_us=42378 rebuild_us=62 layout_us=2725 paint_us=254 encode_us=116 acquire_us=92 submit_us=39127 skipped=0
frust_shell_common::perf: frust-perf raw n=137 total_us=43177 rebuild_us=63 layout_us=2736 paint_us=250 encode_us=140 acquire_us=110 submit_us=39876 skipped=0
frust_shell_common::perf: frust-perf raw n=138 total_us=43239 rebuild_us=64 layout_us=2692 paint_us=249 encode_us=118 acquire_us=85 submit_us=40030 skipped=0
frust_shell_common::perf: frust-perf raw n=139 total_us=42641 rebuild_us=61 layout_us=2622 paint_us=312 encode_us=116 acquire_us=86 submit_us=39441 skipped=0
frust_shell_common::perf: frust-perf raw n=140 total_us=43020 rebuild_us=56 layout_us=2492 paint_us=229 encode_us=128 acquire_us=88 submit_us=40024 skipped=0
frust_shell_common::perf: frust-perf raw n=141 total_us=42820 rebuild_us=80 layout_us=2763 paint_us=263 encode_us=116 acquire_us=84 submit_us=39511 skipped=0
frust_shell_common::perf: frust-perf raw n=142 total_us=43107 rebuild_us=62 layout_us=2730 paint_us=247 encode_us=140 acquire_us=99 submit_us=39827 skipped=0
frust_shell_common::perf: frust-perf raw n=143 total_us=43776 rebuild_us=73 layout_us=3512 paint_us=340 encode_us=116 acquire_us=92 submit_us=39641 skipped=0
frust_shell_common::perf: frust-perf raw n=144 total_us=42890 rebuild_us=56 layout_us=2696 paint_us=249 encode_us=118 acquire_us=92 submit_us=39677 skipped=0
frust_shell_common::perf: frust-perf raw n=145 total_us=43448 rebuild_us=62 layout_us=2674 paint_us=249 encode_us=121 acquire_us=94 submit_us=40244 skipped=0
frust_shell_common::perf: frust-perf frame n=120 total_p50_ms=41 total_p95_ms=43 total_p99_ms=44 rebuild_p95_ms=0 layout_p95_ms=2 paint_p95_ms=0 encode_p95_ms=0 acquire_p95_ms=0 submit_p95_ms=40 over_60hz=145 over_120hz=145 skipped=0 total_frames=145
frust_shell_common::perf: frust-perf raw n=146 total_us=41992 rebuild_us=67 layout_us=2691 paint_us=241 encode_us=115 acquire_us=98 submit_us=38779 skipped=0
frust_shell_common::perf: frust-perf raw n=147 total_us=43406 rebuild_us=57 layout_us=2726 paint_us=247 encode_us=148 acquire_us=89 submit_us=40136 skipped=0
frust_shell_common::perf: frust-perf raw n=148 total_us=43330 rebuild_us=64 layout_us=2621 paint_us=251 encode_us=116 acquire_us=86 submit_us=40189 skipped=0
frust_shell_common::perf: frust-perf raw n=149 total_us=42750 rebuild_us=58 layout_us=2713 paint_us=252 encode_us=117 acquire_us=82 submit_us=39525 skipped=0
frust_shell_common::perf: frust-perf raw n=150 total_us=43094 rebuild_us=62 layout_us=2694 paint_us=249 encode_us=120 acquire_us=88 submit_us=39878 skipped=0
frust_shell_common::perf: frust-perf raw n=151 total_us=42574 rebuild_us=75 layout_us=2779 paint_us=256 encode_us=115 acquire_us=81 submit_us=39266 skipped=0
frust_shell_common::perf: frust-perf raw n=152 total_us=42652 rebuild_us=61 layout_us=2592 paint_us=229 encode_us=134 acquire_us=87 submit_us=39547 skipped=0
frust_shell_common::perf: frust-perf raw n=153 total_us=42650 rebuild_us=59 layout_us=2646 paint_us=287 encode_us=120 acquire_us=81 submit_us=39454 skipped=0
frust_shell_common::perf: frust-perf raw n=154 total_us=43033 rebuild_us=58 layout_us=2725 paint_us=253 encode_us=141 acquire_us=99 submit_us=39754 skipped=0
frust_shell_common::perf: frust-perf raw n=155 total_us=43098 rebuild_us=60 layout_us=2568 paint_us=236 encode_us=116 acquire_us=92 submit_us=40023 skipped=0
frust_shell_common::perf: frust-perf raw n=156 total_us=41950 rebuild_us=72 layout_us=2724 paint_us=257 encode_us=117 acquire_us=92 submit_us=38686 skipped=0
frust_shell_common::perf: frust-perf raw n=157 total_us=43000 rebuild_us=63 layout_us=2729 paint_us=248 encode_us=152 acquire_us=98 submit_us=39708 skipped=0
frust_shell_common::perf: frust-perf raw n=158 total_us=41798 rebuild_us=62 layout_us=2696 paint_us=248 encode_us=151 acquire_us=113 submit_us=38525 skipped=0
frust_shell_common::perf: frust-perf raw n=159 total_us=43317 rebuild_us=60 layout_us=2722 paint_us=249 encode_us=211 acquire_us=102 submit_us=39971 skipped=0
frust_shell_common::perf: frust-perf raw n=160 total_us=42069 rebuild_us=64 layout_us=2709 paint_us=250 encode_us=121 acquire_us=103 submit_us=38821 skipped=0
frust_shell_common::perf: frust-perf raw n=161 total_us=43156 rebuild_us=60 layout_us=2701 paint_us=250 encode_us=145 acquire_us=106 submit_us=39892 skipped=0
frust_shell_common::perf: frust-perf raw n=162 total_us=42535 rebuild_us=64 layout_us=2670 paint_us=252 encode_us=120 acquire_us=86 submit_us=39340 skipped=0
frust_shell_common::perf: frust-perf raw n=163 total_us=42689 rebuild_us=57 layout_us=2665 paint_us=252 encode_us=117 acquire_us=95 submit_us=39500 skipped=0
frust_shell_common::perf: frust-perf raw n=164 total_us=42644 rebuild_us=62 layout_us=2729 paint_us=253 encode_us=162 acquire_us=103 submit_us=39333 skipped=0
frust_shell_common::perf: frust-perf raw n=165 total_us=42296 rebuild_us=71 layout_us=2714 paint_us=251 encode_us=114 acquire_us=82 submit_us=39061 skipped=0
frust_shell_android::app::frame: frust-perf platform-view tail depth=0 target=0 acquire_bound=false frame=600 expected_present_us=0 acquire_us=91 period_us=11152
frust_shell_common::perf: frust-perf raw n=166 total_us=42592 rebuild_us=63 layout_us=2560 paint_us=233 encode_us=139 acquire_us=85 submit_us=39509 skipped=0
frust_shell_common::perf: frust-perf raw n=167 total_us=42014 rebuild_us=66 layout_us=2675 paint_us=293 encode_us=124 acquire_us=82 submit_us=38773 skipped=0
frust_shell_common::perf: frust-perf raw n=168 total_us=42867 rebuild_us=58 layout_us=2649 paint_us=245 encode_us=148 acquire_us=101 submit_us=39663 skipped=0
frust_shell_common::perf: frust-perf raw n=169 total_us=42764 rebuild_us=61 layout_us=2592 paint_us=227 encode_us=147 acquire_us=98 submit_us=39635 skipped=0
frust_shell_common::perf: frust-perf raw n=170 total_us=43757 rebuild_us=63 layout_us=2736 paint_us=338 encode_us=97 acquire_us=68 submit_us=40453 skipped=0
frust_shell_common::perf: frust-perf raw n=171 total_us=42845 rebuild_us=63 layout_us=2815 paint_us=268 encode_us=164 acquire_us=99 submit_us=39434 skipped=0
frust_shell_common::perf: frust-perf raw n=172 total_us=42825 rebuild_us=57 layout_us=2732 paint_us=245 encode_us=123 acquire_us=81 submit_us=39584 skipped=0
frust_shell_common::perf: frust-perf raw n=173 total_us=42862 rebuild_us=55 layout_us=2723 paint_us=248 encode_us=310 acquire_us=164 submit_us=39361 skipped=0
frust_shell_common::perf: frust-perf raw n=174 total_us=42844 rebuild_us=60 layout_us=2773 paint_us=255 encode_us=117 acquire_us=83 submit_us=39554 skipped=0
frust_shell_common::perf: frust-perf raw n=175 total_us=43423 rebuild_us=67 layout_us=2643 paint_us=253 encode_us=141 acquire_us=96 submit_us=40220 skipped=0
frust_shell_common::perf: frust-perf raw n=176 total_us=42884 rebuild_us=64 layout_us=2662 paint_us=251 encode_us=153 acquire_us=97 submit_us=39654 skipped=0
frust_shell_common::perf: frust-perf raw n=177 total_us=42464 rebuild_us=64 layout_us=2688 paint_us=248 encode_us=115 acquire_us=90 submit_us=39256 skipped=0
frust_shell_common::perf: frust-perf raw n=178 total_us=43901 rebuild_us=60 layout_us=2559 paint_us=231 encode_us=142 acquire_us=94 submit_us=40811 skipped=0
frust_shell_common::perf: frust-perf raw n=179 total_us=43766 rebuild_us=86 layout_us=3860 paint_us=353 encode_us=162 acquire_us=111 submit_us=39192 skipped=0
frust_shell_common::perf: frust-perf raw n=180 total_us=43528 rebuild_us=69 layout_us=2809 paint_us=267 encode_us=134 acquire_us=90 submit_us=40156 skipped=0
frust_shell_common::perf: frust-perf raw n=181 total_us=42753 rebuild_us=81 layout_us=2842 paint_us=283 encode_us=128 acquire_us=83 submit_us=39334 skipped=0
frust_shell_common::perf: frust-perf raw n=182 total_us=42638 rebuild_us=80 layout_us=2827 paint_us=263 encode_us=127 acquire_us=92 submit_us=39246 skipped=0
frust_shell_common::perf: frust-perf raw n=183 total_us=43105 rebuild_us=71 layout_us=2774 paint_us=263 encode_us=146 acquire_us=114 submit_us=39733 skipped=0
frust_shell_common::perf: frust-perf raw n=184 total_us=42871 rebuild_us=73 layout_us=2638 paint_us=245 encode_us=121 acquire_us=94 submit_us=39698 skipped=0
frust_shell_common::perf: frust-perf raw n=185 total_us=42832 rebuild_us=64 layout_us=2744 paint_us=255 encode_us=150 acquire_us=97 submit_us=39518 skipped=0
frust_shell_common::perf: frust-perf raw n=186 total_us=43135 rebuild_us=74 layout_us=2794 paint_us=257 encode_us=120 acquire_us=85 submit_us=39803 skipped=0
frust_shell_common::perf: frust-perf raw n=187 total_us=42566 rebuild_us=62 layout_us=2729 paint_us=251 encode_us=125 acquire_us=88 submit_us=39308 skipped=0
frust_shell_common::perf: frust-perf raw n=188 total_us=42843 rebuild_us=70 layout_us=2749 paint_us=257 encode_us=147 acquire_us=109 submit_us=39507 skipped=0
frust_shell_common::perf: frust-perf raw n=189 total_us=42625 rebuild_us=60 layout_us=2723 paint_us=290 encode_us=119 acquire_us=96 submit_us=39335 skipped=0
frust_shell_common::perf: frust-perf raw n=190 total_us=43121 rebuild_us=65 layout_us=2727 paint_us=298 encode_us=152 acquire_us=145 submit_us=39732 skipped=0
frust_shell_common::perf: frust-perf raw n=191 total_us=42653 rebuild_us=58 layout_us=2796 paint_us=255 encode_us=170 acquire_us=88 submit_us=39283 skipped=0
frust_shell_common::perf: frust-perf raw n=192 total_us=43219 rebuild_us=60 layout_us=2731 paint_us=258 encode_us=130 acquire_us=98 submit_us=39940 skipped=0
frust_shell_common::perf: frust-perf frame n=120 total_p50_ms=42 total_p95_ms=43 total_p99_ms=44 rebuild_p95_ms=0 layout_p95_ms=2 paint_p95_ms=0 encode_p95_ms=0 acquire_p95_ms=0 submit_p95_ms=40 over_60hz=192 over_120hz=192 skipped=0 total_frames=192
frust_shell_common::perf: frust-perf raw n=193 total_us=42300 rebuild_us=70 layout_us=2635 paint_us=238 encode_us=150 acquire_us=96 submit_us=39108 skipped=0
frust_shell_common::perf: frust-perf raw n=194 total_us=42315 rebuild_us=69 layout_us=2725 paint_us=251 encode_us=122 acquire_us=101 submit_us=39045 skipped=0
frust_shell_common::perf: frust-perf raw n=195 total_us=43587 rebuild_us=63 layout_us=2737 paint_us=293 encode_us=146 acquire_us=105 submit_us=40240 skipped=0
frust_shell_common::perf: frust-perf raw n=196 total_us=42378 rebuild_us=64 layout_us=2784 paint_us=249 encode_us=121 acquire_us=102 submit_us=39056 skipped=0
frust_shell_common::perf: frust-perf raw n=197 total_us=42746 rebuild_us=61 layout_us=2748 paint_us=255 encode_us=155 acquire_us=91 submit_us=39433 skipped=0
frust_shell_common::perf: frust-perf raw n=198 total_us=42522 rebuild_us=61 layout_us=2728 paint_us=252 encode_us=127 acquire_us=113 submit_us=39239 skipped=0
frust_shell_common::perf: frust-perf raw n=199 total_us=43193 rebuild_us=59 layout_us=2751 paint_us=255 encode_us=135 acquire_us=108 submit_us=39883 skipped=0
frust_shell_android::app::frame: frust-perf platform-view tail depth=0 target=0 acquire_bound=false frame=720 expected_present_us=0 acquire_us=102 period_us=11132
frust_shell_common::perf: frust-perf raw n=200 total_us=43124 rebuild_us=60 layout_us=2750 paint_us=254 encode_us=122 acquire_us=109 submit_us=39827 skipped=0
frust_shell_common::perf: frust-perf raw n=201 total_us=42231 rebuild_us=66 layout_us=2808 paint_us=255 encode_us=120 acquire_us=98 submit_us=38882 skipped=0
frust_shell_common::perf: frust-perf raw n=202 total_us=42845 rebuild_us=61 layout_us=2743 paint_us=249 encode_us=140 acquire_us=92 submit_us=39557 skipped=0
frust_shell_common::perf: frust-perf raw n=203 total_us=42412 rebuild_us=68 layout_us=2708 paint_us=316 encode_us=127 acquire_us=101 submit_us=39089 skipped=0
frust_shell_common::perf: frust-perf raw n=204 total_us=43210 rebuild_us=70 layout_us=2629 paint_us=242 encode_us=142 acquire_us=103 submit_us=40022 skipped=0
frust_shell_common::perf: frust-perf raw n=205 total_us=42958 rebuild_us=64 layout_us=2602 paint_us=233 encode_us=118 acquire_us=85 submit_us=39854 skipped=0
frust_shell_common::perf: frust-perf raw n=206 total_us=42311 rebuild_us=65 layout_us=2789 paint_us=257 encode_us=124 acquire_us=86 submit_us=38989 skipped=0
frust_shell_common::perf: frust-perf raw n=207 total_us=42522 rebuild_us=60 layout_us=2733 paint_us=254 encode_us=123 acquire_us=122 submit_us=39228 skipped=0
frust_shell_common::perf: frust-perf raw n=208 total_us=42307 rebuild_us=61 layout_us=2552 paint_us=233 encode_us=120 acquire_us=100 submit_us=39238 skipped=0
frust_shell_common::perf: frust-perf raw n=209 total_us=43352 rebuild_us=70 layout_us=2774 paint_us=259 encode_us=161 acquire_us=106 submit_us=39979 skipped=0
frust_shell_common::perf: frust-perf raw n=210 total_us=42240 rebuild_us=60 layout_us=2731 paint_us=256 encode_us=122 acquire_us=87 submit_us=38982 skipped=0
frust_shell_common::perf: frust-perf raw n=211 total_us=42816 rebuild_us=62 layout_us=2876 paint_us=255 encode_us=154 acquire_us=90 submit_us=39376 skipped=0
frust_shell_common::perf: frust-perf raw n=212 total_us=42413 rebuild_us=61 layout_us=2713 paint_us=253 encode_us=121 acquire_us=90 submit_us=39171 skipped=0
frust_shell_common::perf: frust-perf raw n=213 total_us=43191 rebuild_us=55 layout_us=2726 paint_us=258 encode_us=138 acquire_us=94 submit_us=39917 skipped=0
frust_shell_common::perf: frust-perf raw n=214 total_us=43081 rebuild_us=69 layout_us=2778 paint_us=264 encode_us=122 acquire_us=90 submit_us=39756 skipped=0
frust_shell_common::perf: frust-perf raw n=215 total_us=42533 rebuild_us=60 layout_us=2728 paint_us=251 encode_us=120 acquire_us=104 submit_us=39268 skipped=0
frust_shell_common::perf: frust-perf raw n=216 total_us=43718 rebuild_us=66 layout_us=2655 paint_us=236 encode_us=160 acquire_us=94 submit_us=40505 skipped=0
frust_shell_common::perf: frust-perf raw n=217 total_us=42687 rebuild_us=76 layout_us=2756 paint_us=263 encode_us=126 acquire_us=91 submit_us=39374 skipped=0
frust_shell_common::perf: frust-perf raw n=218 total_us=43228 rebuild_us=58 layout_us=2765 paint_us=258 encode_us=137 acquire_us=92 submit_us=39915 skipped=0
frust_shell_common::perf: frust-perf raw n=219 total_us=42536 rebuild_us=68 layout_us=2598 paint_us=232 encode_us=117 acquire_us=88 submit_us=39431 skipped=0
frust_shell_common::perf: frust-perf raw n=220 total_us=42891 rebuild_us=60 layout_us=2596 paint_us=236 encode_us=116 acquire_us=100 submit_us=39781 skipped=0
frust_shell_common::perf: frust-perf raw n=221 total_us=43494 rebuild_us=65 layout_us=2791 paint_us=254 encode_us=157 acquire_us=97 submit_us=40128 skipped=0
frust_shell_common::perf: frust-perf raw n=222 total_us=42334 rebuild_us=62 layout_us=2816 paint_us=263 encode_us=127 acquire_us=97 submit_us=38966 skipped=0
frust_shell_common::perf: frust-perf raw n=223 total_us=43488 rebuild_us=73 layout_us=2869 paint_us=275 encode_us=157 acquire_us=109 submit_us=40002 skipped=0
frust_shell_common::perf: frust-perf raw n=224 total_us=43022 rebuild_us=62 layout_us=2681 paint_us=249 encode_us=116 acquire_us=81 submit_us=39831 skipped=0
frust_shell_common::perf: frust-perf raw n=225 total_us=42431 rebuild_us=56 layout_us=2667 paint_us=251 encode_us=116 acquire_us=82 submit_us=39256 skipped=0
frust_shell_common::perf: frust-perf raw n=226 total_us=43560 rebuild_us=59 layout_us=2726 paint_us=245 encode_us=134 acquire_us=93 submit_us=40301 skipped=0
frust_shell_common::perf: frust-perf raw n=227 total_us=42382 rebuild_us=61 layout_us=2698 paint_us=244 encode_us=116 acquire_us=83 submit_us=39177 skipped=0
frust_shell_common::perf: frust-perf raw n=228 total_us=43518 rebuild_us=61 layout_us=2598 paint_us=235 encode_us=147 acquire_us=97 submit_us=40378 skipped=0
frust_shell_common::perf: frust-perf raw n=229 total_us=42704 rebuild_us=58 layout_us=2672 paint_us=248 encode_us=124 acquire_us=86 submit_us=39514 skipped=0
frust_shell_common::perf: frust-perf raw n=230 total_us=42574 rebuild_us=58 layout_us=2627 paint_us=249 encode_us=114 acquire_us=83 submit_us=39440 skipped=0
frust_shell_common::perf: frust-perf raw n=231 total_us=43631 rebuild_us=109 layout_us=2637 paint_us=244 encode_us=136 acquire_us=89 submit_us=40414 skipped=0
frust_shell_common::perf: frust-perf raw n=232 total_us=41951 rebuild_us=66 layout_us=2560 paint_us=241 encode_us=115 acquire_us=86 submit_us=38880 skipped=0
frust_shell_android::app::frame: frust-perf platform-view tail depth=0 target=0 acquire_bound=false frame=840 expected_present_us=0 acquire_us=86 period_us=11125
frust_shell_common::perf: frust-perf raw n=233 total_us=43008 rebuild_us=62 layout_us=2729 paint_us=251 encode_us=145 acquire_us=88 submit_us=39731 skipped=0
frust_shell_common::perf: frust-perf raw n=234 total_us=42932 rebuild_us=66 layout_us=2688 paint_us=254 encode_us=120 acquire_us=77 submit_us=39724 skipped=0
frust_shell_common::perf: frust-perf raw n=235 total_us=42480 rebuild_us=56 layout_us=2596 paint_us=247 encode_us=116 acquire_us=117 submit_us=39345 skipped=0
frust_shell_common::perf: frust-perf raw n=236 total_us=42570 rebuild_us=57 layout_us=2635 paint_us=250 encode_us=119 acquire_us=86 submit_us=39419 skipped=0
frust_shell_common::perf: frust-perf raw n=237 total_us=42424 rebuild_us=67 layout_us=2716 paint_us=247 encode_us=114 acquire_us=80 submit_us=39196 skipped=0
frust_shell_common::perf: frust-perf raw n=238 total_us=43175 rebuild_us=65 layout_us=2716 paint_us=252 encode_us=146 acquire_us=85 submit_us=39909 skipped=0
frust_shell_common::perf: frust-perf raw n=239 total_us=43206 rebuild_us=64 layout_us=2686 paint_us=245 encode_us=154 acquire_us=109 submit_us=39945 skipped=0
frust_shell_common::perf: frust-perf frame n=120 total_p50_ms=42 total_p95_ms=43 total_p99_ms=43 rebuild_p95_ms=0 layout_p95_ms=2 paint_p95_ms=0 encode_p95_ms=0 acquire_p95_ms=0 submit_p95_ms=40 over_60hz=239 over_120hz=239 skipped=0 total_frames=239
frust_shell_common::perf: frust-perf raw n=240 total_us=42909 rebuild_us=61 layout_us=2680 paint_us=249 encode_us=138 acquire_us=106 submit_us=39674 skipped=0
frust_shell_common::perf: frust-perf raw n=241 total_us=42860 rebuild_us=60 layout_us=2537 paint_us=233 encode_us=113 acquire_us=87 submit_us=39827 skipped=0
frust_shell_common::perf: frust-perf raw n=242 total_us=42280 rebuild_us=64 layout_us=2723 paint_us=258 encode_us=121 acquire_us=81 submit_us=39031 skipped=0
frust_shell_common::perf: frust-perf raw n=243 total_us=43270 rebuild_us=93 layout_us=2960 paint_us=285 encode_us=147 acquire_us=95 submit_us=39688 skipped=0
frust_shell_common::perf: frust-perf raw n=244 total_us=43769 rebuild_us=71 layout_us=3723 paint_us=344 encode_us=118 acquire_us=80 submit_us=39430 skipped=0
frust_shell_common::perf: frust-perf raw n=245 total_us=43411 rebuild_us=61 layout_us=2634 paint_us=249 encode_us=200 acquire_us=107 submit_us=40158 skipped=0
frust_shell_common::perf: frust-perf raw n=246 total_us=41640 rebuild_us=63 layout_us=2697 paint_us=254 encode_us=157 acquire_us=111 submit_us=38356 skipped=0
frust_shell_common::perf: frust-perf raw n=247 total_us=43371 rebuild_us=60 layout_us=2669 paint_us=250 encode_us=140 acquire_us=94 submit_us=40155 skipped=0
frust_shell_common::perf: frust-perf raw n=248 total_us=42724 rebuild_us=63 layout_us=2746 paint_us=249 encode_us=151 acquire_us=98 submit_us=39415 skipped=0
frust_shell_common::perf: frust-perf raw n=249 total_us=42083 rebuild_us=71 layout_us=2726 paint_us=312 encode_us=126 acquire_us=87 submit_us=38759 skipped=0
frust_shell_common::perf: frust-perf raw n=250 total_us=43111 rebuild_us=66 layout_us=2798 paint_us=271 encode_us=154 acquire_us=99 submit_us=39720 skipped=0
frust_shell_common::perf: frust-perf raw n=251 total_us=42472 rebuild_us=75 layout_us=2725 paint_us=255 encode_us=117 acquire_us=77 submit_us=39220 skipped=0
frust_shell_common::perf: frust-perf raw n=252 total_us=42683 rebuild_us=57 layout_us=2714 paint_us=244 encode_us=135 acquire_us=86 submit_us=39445 skipped=0
frust_shell_common::perf: frust-perf raw n=253 total_us=41674 rebuild_us=65 layout_us=2629 paint_us=240 encode_us=116 acquire_us=85 submit_us=38538 skipped=0
frust_shell_common::perf: frust-perf raw n=254 total_us=42901 rebuild_us=67 layout_us=2671 paint_us=257 encode_us=154 acquire_us=82 submit_us=39667 skipped=0
frust_shell_common::perf: frust-perf raw n=255 total_us=43194 rebuild_us=63 layout_us=2750 paint_us=257 encode_us=207 acquire_us=91 submit_us=39824 skipped=0
frust_shell_common::perf: frust-perf raw n=256 total_us=43123 rebuild_us=93 layout_us=2784 paint_us=246 encode_us=110 acquire_us=95 submit_us=39793 skipped=0
frust_shell_common::perf: frust-perf raw n=257 total_us=44508 rebuild_us=66 layout_us=2712 paint_us=256 encode_us=149 acquire_us=98 submit_us=41224 skipped=0
frust_shell_common::perf: frust-perf raw n=258 total_us=43098 rebuild_us=66 layout_us=2700 paint_us=311 encode_us=120 acquire_us=97 submit_us=39803 skipped=0
frust_shell_common::perf: frust-perf raw n=259 total_us=43024 rebuild_us=59 layout_us=2687 paint_us=249 encode_us=133 acquire_us=126 submit_us=39768 skipped=0
frust_shell_common::perf: frust-perf raw n=260 total_us=42977 rebuild_us=67 layout_us=2717 paint_us=246 encode_us=125 acquire_us=93 submit_us=39726 skipped=0
frust_shell_common::perf: frust-perf raw n=261 total_us=41526 rebuild_us=61 layout_us=2694 paint_us=250 encode_us=120 acquire_us=91 submit_us=38307 skipped=0
frust_shell_common::perf: frust-perf raw n=262 total_us=43356 rebuild_us=75 layout_us=2748 paint_us=261 encode_us=137 acquire_us=96 submit_us=40038 skipped=0
frust_shell_common::perf: frust-perf raw n=263 total_us=41903 rebuild_us=71 layout_us=2677 paint_us=311 encode_us=122 acquire_us=103 submit_us=38617 skipped=0
frust_shell_common::perf: frust-perf raw n=264 total_us=42592 rebuild_us=66 layout_us=2657 paint_us=287 encode_us=147 acquire_us=135 submit_us=39299 skipped=0
frust_shell_common::perf: frust-perf raw n=265 total_us=42236 rebuild_us=68 layout_us=2572 paint_us=235 encode_us=121 acquire_us=88 submit_us=39151 skipped=0
frust_shell_common::perf: frust-perf raw n=266 total_us=42620 rebuild_us=64 layout_us=2734 paint_us=248 encode_us=143 acquire_us=98 submit_us=39331 skipped=0
frust_shell_android::app::frame: frust-perf platform-view tail depth=0 target=0 acquire_bound=false frame=960 expected_present_us=0 acquire_us=97 period_us=11141
frust_shell_common::perf: frust-perf raw n=267 total_us=42770 rebuild_us=62 layout_us=2693 paint_us=248 encode_us=121 acquire_us=88 submit_us=39557 skipped=0
frust_shell_common::perf: frust-perf raw n=268 total_us=42196 rebuild_us=61 layout_us=2571 paint_us=243 encode_us=117 acquire_us=86 submit_us=39115 skipped=0
frust_shell_common::perf: frust-perf raw n=269 total_us=42620 rebuild_us=64 layout_us=2745 paint_us=251 encode_us=126 acquire_us=99 submit_us=39333 skipped=0
frust_shell_common::perf: frust-perf raw n=270 total_us=42343 rebuild_us=71 layout_us=2700 paint_us=256 encode_us=122 acquire_us=87 submit_us=39104 skipped=0
frust_shell_common::perf: frust-perf raw n=271 total_us=42611 rebuild_us=63 layout_us=2746 paint_us=251 encode_us=146 acquire_us=106 submit_us=39296 skipped=0
frust_shell_common::perf: frust-perf raw n=272 total_us=41498 rebuild_us=69 layout_us=2597 paint_us=246 encode_us=120 acquire_us=142 submit_us=38322 skipped=0
frust_shell_common::perf: frust-perf raw n=273 total_us=42742 rebuild_us=64 layout_us=2465 paint_us=227 encode_us=139 acquire_us=107 submit_us=39737 skipped=0
frust_shell_common::perf: frust-perf raw n=274 total_us=39160 rebuild_us=73 layout_us=571 paint_us=235 encode_us=157 acquire_us=98 submit_us=38023 skipped=0
frust_shell_common::perf: frust-perf raw n=275 total_us=41803 rebuild_us=74 layout_us=1577 paint_us=249 encode_us=147 acquire_us=107 submit_us=39646 skipped=0
frust_shell_common::perf: frust-perf raw n=276 total_us=40596 rebuild_us=74 layout_us=1629 paint_us=248 encode_us=160 acquire_us=99 submit_us=38384 skipped=0
frust_shell_common::perf: frust-perf raw n=277 total_us=41463 rebuild_us=80 layout_us=1659 paint_us=256 encode_us=141 acquire_us=108 submit_us=39216 skipped=0
frust_shell_common::perf: frust-perf raw n=278 total_us=40948 rebuild_us=71 layout_us=1553 paint_us=246 encode_us=151 acquire_us=112 submit_us=38812 skipped=0
frust_shell_common::perf: frust-perf raw n=279 total_us=42394 rebuild_us=74 layout_us=1611 paint_us=255 encode_us=135 acquire_us=91 submit_us=40225 skipped=0
frust_shell_common::perf: frust-perf raw n=280 total_us=41535 rebuild_us=77 layout_us=1606 paint_us=250 encode_us=160 acquire_us=104 submit_us=39336 skipped=0
frust_shell_common::perf: frust-perf raw n=281 total_us=40418 rebuild_us=72 layout_us=1527 paint_us=252 encode_us=157 acquire_us=112 submit_us=38296 skipped=0
frust_shell_common::perf: frust-perf raw n=282 total_us=41343 rebuild_us=74 layout_us=1570 paint_us=250 encode_us=204 acquire_us=120 submit_us=39122 skipped=0
frust_shell_common::perf: frust-perf raw n=283 total_us=40882 rebuild_us=72 layout_us=1355 paint_us=225 encode_us=150 acquire_us=101 submit_us=38977 skipped=0
frust_shell_common::perf: frust-perf raw n=284 total_us=41487 rebuild_us=73 layout_us=1543 paint_us=245 encode_us=137 acquire_us=109 submit_us=39378 skipped=0
frust_shell_common::perf: frust-perf raw n=285 total_us=41286 rebuild_us=87 layout_us=1695 paint_us=281 encode_us=161 acquire_us=93 submit_us=38966 skipped=0
frust_shell_common::perf: frust-perf raw n=286 total_us=41626 rebuild_us=72 layout_us=1703 paint_us=245 encode_us=95 acquire_us=89 submit_us=39420 skipped=0
frust_shell_common::perf: frust-perf raw n=287 total_us=41010 rebuild_us=70 layout_us=1585 paint_us=250 encode_us=156 acquire_us=113 submit_us=38835 skipped=0
frust_shell_common::perf: frust-perf frame n=120 total_p50_ms=42 total_p95_ms=43 total_p99_ms=43 rebuild_p95_ms=0 layout_p95_ms=2 paint_p95_ms=0 encode_p95_ms=0 acquire_p95_ms=0 submit_p95_ms=40 over_60hz=287 over_120hz=287 skipped=0 total_frames=287
frust_shell_common::perf: frust-perf raw n=288 total_us=41561 rebuild_us=72 layout_us=1542 paint_us=253 encode_us=146 acquire_us=116 submit_us=39429 skipped=0
frust_shell_common::perf: frust-perf raw n=289 total_us=40902 rebuild_us=74 layout_us=1552 paint_us=331 encode_us=220 acquire_us=113 submit_us=38610 skipped=0
frust_shell_common::perf: frust-perf raw n=290 total_us=42833 rebuild_us=73 layout_us=1606 paint_us=242 encode_us=128 acquire_us=89 submit_us=40693 skipped=0
frust_shell_common::perf: frust-perf raw n=291 total_us=40892 rebuild_us=81 layout_us=1615 paint_us=255 encode_us=219 acquire_us=119 submit_us=38601 skipped=0
frust_shell_common::perf: frust-perf raw n=292 total_us=41360 rebuild_us=73 layout_us=1541 paint_us=250 encode_us=155 acquire_us=104 submit_us=39234 skipped=0
frust_shell_common::perf: frust-perf raw n=293 total_us=41543 rebuild_us=74 layout_us=1547 paint_us=252 encode_us=172 acquire_us=135 submit_us=39360 skipped=0
frust_shell_common::perf: frust-perf raw n=294 total_us=40549 rebuild_us=71 layout_us=1603 paint_us=253 encode_us=155 acquire_us=109 submit_us=38356 skipped=0
frust_shell_common::perf: frust-perf raw n=295 total_us=42215 rebuild_us=74 layout_us=1632 paint_us=247 encode_us=139 acquire_us=104 submit_us=40017 skipped=0
frust_shell_common::perf: frust-perf raw n=296 total_us=41059 rebuild_us=79 layout_us=1640 paint_us=259 encode_us=159 acquire_us=120 submit_us=38800 skipped=0
frust_shell_common::perf: frust-perf raw n=297 total_us=41984 rebuild_us=70 layout_us=1544 paint_us=252 encode_us=132 acquire_us=145 submit_us=39838 skipped=0
frust_shell_common::perf: frust-perf raw n=298 total_us=41426 rebuild_us=74 layout_us=1528 paint_us=243 encode_us=153 acquire_us=93 submit_us=39333 skipped=0
frust_shell_common::perf: frust-perf raw n=299 total_us=41056 rebuild_us=69 layout_us=1572 paint_us=245 encode_us=149 acquire_us=140 submit_us=38879 skipped=0
frust_shell_android::app::frame: frust-perf platform-view tail depth=0 target=0 acquire_bound=false frame=1080 expected_present_us=0 acquire_us=113 period_us=11135
frust_shell_common::perf: frust-perf raw n=300 total_us=41278 rebuild_us=72 layout_us=1378 paint_us=223 encode_us=148 acquire_us=95 submit_us=39359 skipped=0
frust_shell_common::perf: frust-perf raw n=301 total_us=40921 rebuild_us=86 layout_us=1579 paint_us=269 encode_us=151 acquire_us=91 submit_us=38743 skipped=0
frust_shell_common::perf: frust-perf raw n=302 total_us=41892 rebuild_us=74 layout_us=1526 paint_us=243 encode_us=129 acquire_us=92 submit_us=39825 skipped=0
frust_shell_common::perf: frust-perf raw n=303 total_us=40927 rebuild_us=74 layout_us=1516 paint_us=306 encode_us=152 acquire_us=97 submit_us=38780 skipped=0
frust_shell_common::perf: frust-perf raw n=304 total_us=41273 rebuild_us=71 layout_us=1521 paint_us=288 encode_us=136 acquire_us=92 submit_us=39162 skipped=0
frust_shell_common::perf: frust-perf raw n=305 total_us=41244 rebuild_us=76 layout_us=1577 paint_us=246 encode_us=151 acquire_us=128 submit_us=39064 skipped=0
frust_shell_common::perf: frust-perf raw n=306 total_us=41449 rebuild_us=77 layout_us=1377 paint_us=231 encode_us=133 acquire_us=81 submit_us=39548 skipped=0
frust_shell_common::perf: frust-perf raw n=307 total_us=41183 rebuild_us=72 layout_us=1540 paint_us=244 encode_us=148 acquire_us=101 submit_us=39076 skipped=0
frust_shell_common::perf: frust-perf raw n=308 total_us=41990 rebuild_us=71 layout_us=1522 paint_us=327 encode_us=150 acquire_us=91 submit_us=39826 skipped=0
frust_shell_common::perf: frust-perf raw n=309 total_us=41383 rebuild_us=78 layout_us=1596 paint_us=250 encode_us=153 acquire_us=94 submit_us=39210 skipped=0
frust_shell_common::perf: frust-perf raw n=310 total_us=41274 rebuild_us=71 layout_us=1571 paint_us=239 encode_us=152 acquire_us=93 submit_us=39146 skipped=0
frust_shell_common::perf: frust-perf raw n=311 total_us=41478 rebuild_us=75 layout_us=1610 paint_us=245 encode_us=140 acquire_us=88 submit_us=39317 skipped=0
frust_shell_common::perf: frust-perf raw n=312 total_us=40989 rebuild_us=73 layout_us=1514 paint_us=237 encode_us=144 acquire_us=106 submit_us=38913 skipped=0
frust_shell_common::perf: frust-perf raw n=313 total_us=42081 rebuild_us=72 layout_us=1526 paint_us=247 encode_us=136 acquire_us=125 submit_us=39973 skipped=0
frust_shell_common::perf: frust-perf raw n=314 total_us=41093 rebuild_us=74 layout_us=1625 paint_us=247 encode_us=153 acquire_us=112 submit_us=38880 skipped=0
frust_shell_common::perf: frust-perf raw n=315 total_us=41826 rebuild_us=106 layout_us=1531 paint_us=249 encode_us=127 acquire_us=83 submit_us=39727 skipped=0
frust_shell_common::perf: frust-perf raw n=316 total_us=41232 rebuild_us=73 layout_us=1547 paint_us=252 encode_us=156 acquire_us=105 submit_us=39097 skipped=0
frust_shell_common::perf: frust-perf raw n=317 total_us=41521 rebuild_us=66 layout_us=1538 paint_us=240 encode_us=145 acquire_us=107 submit_us=39421 skipped=0
frust_shell_common::perf: frust-perf raw n=318 total_us=41681 rebuild_us=72 layout_us=1535 paint_us=247 encode_us=161 acquire_us=95 submit_us=39569 skipped=0
frust_shell_common::perf: frust-perf raw n=319 total_us=40556 rebuild_us=72 layout_us=1597 paint_us=250 encode_us=151 acquire_us=105 submit_us=38379 skipped=0
frust_shell_common::perf: frust-perf raw n=320 total_us=41909 rebuild_us=74 layout_us=1609 paint_us=242 encode_us=149 acquire_us=83 submit_us=39749 skipped=0
frust_shell_common::perf: frust-perf raw n=321 total_us=40992 rebuild_us=70 layout_us=1563 paint_us=245 encode_us=152 acquire_us=109 submit_us=38850 skipped=0
frust_shell_common::perf: frust-perf raw n=322 total_us=41599 rebuild_us=79 layout_us=1560 paint_us=250 encode_us=149 acquire_us=131 submit_us=39428 skipped=0
frust_shell_common::perf: frust-perf raw n=323 total_us=40874 rebuild_us=73 layout_us=1543 paint_us=327 encode_us=150 acquire_us=106 submit_us=38673 skipped=0
frust_shell_common::perf: frust-perf raw n=324 total_us=42093 rebuild_us=82 layout_us=1615 paint_us=261 encode_us=155 acquire_us=99 submit_us=39880 skipped=0
frust_shell_common::perf: frust-perf raw n=325 total_us=41333 rebuild_us=72 layout_us=1596 paint_us=246 encode_us=154 acquire_us=95 submit_us=39167 skipped=0
frust_shell_common::perf: frust-perf raw n=326 total_us=41902 rebuild_us=72 layout_us=1578 paint_us=248 encode_us=150 acquire_us=106 submit_us=39745 skipped=0
frust_shell_common::perf: frust-perf raw n=327 total_us=41393 rebuild_us=76 layout_us=1548 paint_us=244 encode_us=154 acquire_us=96 submit_us=39273 skipped=0
frust_shell_common::perf: frust-perf raw n=328 total_us=41254 rebuild_us=70 layout_us=1630 paint_us=248 encode_us=152 acquire_us=107 submit_us=39044 skipped=0
frust_shell_common::perf: frust-perf raw n=329 total_us=42201 rebuild_us=71 layout_us=1590 paint_us=237 encode_us=149 acquire_us=82 submit_us=40069 skipped=0
frust_shell_common::perf: frust-perf raw n=330 total_us=41630 rebuild_us=70 layout_us=1545 paint_us=245 encode_us=152 acquire_us=96 submit_us=39519 skipped=0
frust_shell_common::perf: frust-perf raw n=331 total_us=41557 rebuild_us=67 layout_us=1528 paint_us=246 encode_us=153 acquire_us=94 submit_us=39467 skipped=0
frust_shell_common::perf: frust-perf raw n=332 total_us=40967 rebuild_us=75 layout_us=1555 paint_us=245 encode_us=153 acquire_us=101 submit_us=38835 skipped=0
frust_shell_common::perf: frust-perf raw n=333 total_us=41882 rebuild_us=70 layout_us=1592 paint_us=245 encode_us=206 acquire_us=123 submit_us=39644 skipped=0
frust_shell_android::app::frame: frust-perf platform-view tail depth=0 target=0 acquire_bound=false frame=1200 expected_present_us=0 acquire_us=103 period_us=11137
frust_shell_common::perf: frust-perf raw n=334 total_us=40958 rebuild_us=75 layout_us=1454 paint_us=243 encode_us=169 acquire_us=109 submit_us=38905 skipped=0
frust_shell_common::perf: frust-perf raw n=335 total_us=40827 rebuild_us=81 layout_us=1545 paint_us=240 encode_us=146 acquire_us=94 submit_us=38718 skipped=0
frust_shell_common::perf: frust-perf raw n=336 total_us=42170 rebuild_us=75 layout_us=1549 paint_us=252 encode_us=129 acquire_us=90 submit_us=40072 skipped=0
frust_shell_common::perf: frust-perf frame n=120 total_p50_ms=41 total_p95_ms=43 total_p99_ms=43 rebuild_p95_ms=0 layout_p95_ms=2 paint_p95_ms=0 encode_p95_ms=0 acquire_p95_ms=0 submit_p95_ms=40 over_60hz=336 over_120hz=336 skipped=0 total_frames=336
frust_shell_common::perf: frust-perf raw n=337 total_us=41297 rebuild_us=80 layout_us=1600 paint_us=248 encode_us=146 acquire_us=94 submit_us=39126 skipped=0
frust_shell_common::perf: frust-perf raw n=338 total_us=41431 rebuild_us=69 layout_us=1578 paint_us=248 encode_us=129 acquire_us=82 submit_us=39323 skipped=0
frust_shell_common::perf: frust-perf raw n=339 total_us=41870 rebuild_us=73 layout_us=1620 paint_us=251 encode_us=152 acquire_us=102 submit_us=39671 skipped=0
frust_shell_common::perf: frust-perf raw n=340 total_us=41221 rebuild_us=68 layout_us=1542 paint_us=236 encode_us=148 acquire_us=96 submit_us=39129 skipped=0
frust_shell_common::perf: frust-perf raw n=341 total_us=41672 rebuild_us=76 layout_us=1555 paint_us=253 encode_us=153 acquire_us=100 submit_us=39532 skipped=0
frust_shell_common::perf: frust-perf raw n=342 total_us=41438 rebuild_us=70 layout_us=1595 paint_us=245 encode_us=152 acquire_us=126 submit_us=39249 skipped=0
frust_shell_common::perf: frust-perf raw n=343 total_us=41800 rebuild_us=78 layout_us=1606 paint_us=250 encode_us=145 acquire_us=89 submit_us=39630 skipped=0
frust_shell_common::perf: frust-perf raw n=344 total_us=41169 rebuild_us=74 layout_us=1615 paint_us=252 encode_us=154 acquire_us=99 submit_us=38972 skipped=0
frust_shell_common::perf: frust-perf raw n=345 total_us=41883 rebuild_us=99 layout_us=1603 paint_us=263 encode_us=158 acquire_us=105 submit_us=39652 skipped=0
frust_shell_common::perf: frust-perf raw n=346 total_us=45872 rebuild_us=197 layout_us=5639 paint_us=569 encode_us=148 acquire_us=105 submit_us=39212 skipped=0
frust_shell_common::perf: frust-perf raw n=347 total_us=42100 rebuild_us=124 layout_us=1721 paint_us=289 encode_us=152 acquire_us=97 submit_us=39714 skipped=0
frust_shell_common::perf: frust-perf raw n=348 total_us=41838 rebuild_us=78 layout_us=1615 paint_us=251 encode_us=154 acquire_us=113 submit_us=39625 skipped=0
frust_shell_common::perf: frust-perf raw n=349 total_us=41251 rebuild_us=76 layout_us=1603 paint_us=255 encode_us=162 acquire_us=113 submit_us=39040 skipped=0
frust_shell_common::perf: frust-perf raw n=350 total_us=42212 rebuild_us=71 layout_us=1530 paint_us=249 encode_us=143 acquire_us=95 submit_us=40122 skipped=0
frust_shell_common::perf: frust-perf raw n=351 total_us=40977 rebuild_us=73 layout_us=1540 paint_us=317 encode_us=145 acquire_us=107 submit_us=38793 skipped=0
frust_shell_common::perf: frust-perf raw n=352 total_us=42350 rebuild_us=75 layout_us=1529 paint_us=257 encode_us=144 acquire_us=93 submit_us=40250 skipped=0
frust_shell_common::perf: frust-perf raw n=353 total_us=42045 rebuild_us=75 layout_us=1608 paint_us=251 encode_us=150 acquire_us=96 submit_us=39863 skipped=0
frust_shell_common::perf: frust-perf raw n=354 total_us=41297 rebuild_us=70 layout_us=1555 paint_us=246 encode_us=154 acquire_us=95 submit_us=39174 skipped=0
frust_shell_common::perf: frust-perf raw n=355 total_us=41585 rebuild_us=73 layout_us=1554 paint_us=244 encode_us=157 acquire_us=102 submit_us=39453 skipped=0
frust_shell_common::perf: frust-perf raw n=356 total_us=41161 rebuild_us=72 layout_us=1627 paint_us=252 encode_us=150 acquire_us=97 submit_us=38960 skipped=0
frust_shell_common::perf: frust-perf raw n=357 total_us=42334 rebuild_us=77 layout_us=1611 paint_us=246 encode_us=135 acquire_us=84 submit_us=40178 skipped=0
frust_shell_common::perf: frust-perf raw n=358 total_us=40903 rebuild_us=76 layout_us=1587 paint_us=256 encode_us=151 acquire_us=101 submit_us=38730 skipped=0
frust_shell_common::perf: frust-perf raw n=359 total_us=41843 rebuild_us=69 layout_us=1540 paint_us=246 encode_us=127 acquire_us=91 submit_us=39767 skipped=0
frust_shell_common::perf: frust-perf raw n=360 total_us=41583 rebuild_us=78 layout_us=1537 paint_us=251 encode_us=162 acquire_us=91 submit_us=39462 skipped=0
frust_shell_common::perf: frust-perf raw n=361 total_us=41584 rebuild_us=69 layout_us=1632 paint_us=244 encode_us=151 acquire_us=107 submit_us=39380 skipped=0
frust_shell_common::perf: frust-perf raw n=362 total_us=41079 rebuild_us=71 layout_us=1601 paint_us=242 encode_us=189 acquire_us=97 submit_us=38878 skipped=0
frust_shell_common::perf: frust-perf raw n=363 total_us=41383 rebuild_us=76 layout_us=1549 paint_us=246 encode_us=150 acquire_us=111 submit_us=39249 skipped=0
frust_shell_common::perf: frust-perf raw n=364 total_us=41788 rebuild_us=72 layout_us=1561 paint_us=248 encode_us=139 acquire_us=93 submit_us=39673 skipped=0
frust_shell_common::perf: frust-perf raw n=365 total_us=41453 rebuild_us=73 layout_us=1546 paint_us=298 encode_us=151 acquire_us=98 submit_us=39286 skipped=0
frust_shell_common::perf: frust-perf raw n=366 total_us=42547 rebuild_us=79 layout_us=1650 paint_us=260 encode_us=140 acquire_us=84 submit_us=40332 skipped=0
frust_shell_common::perf: frust-perf raw n=367 total_us=41305 rebuild_us=70 layout_us=1594 paint_us=252 encode_us=153 acquire_us=93 submit_us=39139 skipped=0
frust_shell_android::app::frame: frust-perf platform-view tail depth=0 target=0 acquire_bound=false frame=1320 expected_present_us=0 acquire_us=96 period_us=11138
frust_shell_common::perf: frust-perf raw n=368 total_us=41645 rebuild_us=72 layout_us=1536 paint_us=238 encode_us=146 acquire_us=106 submit_us=39545 skipped=0
frust_shell_common::perf: frust-perf raw n=369 total_us=41687 rebuild_us=78 layout_us=1531 paint_us=250 encode_us=160 acquire_us=109 submit_us=39555 skipped=0
frust_shell_common::perf: frust-perf raw n=370 total_us=41141 rebuild_us=71 layout_us=1579 paint_us=249 encode_us=150 acquire_us=97 submit_us=38993 skipped=0
frust_shell_common::perf: frust-perf raw n=371 total_us=41917 rebuild_us=70 layout_us=1635 paint_us=247 encode_us=148 acquire_us=81 submit_us=39735 skipped=0
frust_shell_common::perf: frust-perf raw n=372 total_us=41042 rebuild_us=71 layout_us=1584 paint_us=242 encode_us=151 acquire_us=108 submit_us=38883 skipped=0
frust_shell_common::perf: frust-perf raw n=373 total_us=42414 rebuild_us=76 layout_us=1547 paint_us=254 encode_us=151 acquire_us=93 submit_us=40290 skipped=0
frust_shell_common::perf: frust-perf raw n=374 total_us=40865 rebuild_us=85 layout_us=1567 paint_us=254 encode_us=147 acquire_us=94 submit_us=38715 skipped=0
frust_shell_common::perf: frust-perf raw n=375 total_us=44105 rebuild_us=90 layout_us=3567 paint_us=326 encode_us=133 acquire_us=113 submit_us=39874 skipped=0
frust_shell_common::perf: frust-perf raw n=376 total_us=44415 rebuild_us=79 layout_us=3718 paint_us=337 encode_us=171 acquire_us=82 submit_us=40024 skipped=0
frust_shell_common::perf: frust-perf raw n=377 total_us=43214 rebuild_us=73 layout_us=3487 paint_us=308 encode_us=145 acquire_us=105 submit_us=39092 skipped=0
frust_shell_common::perf: frust-perf raw n=378 total_us=43398 rebuild_us=63 layout_us=2606 paint_us=246 encode_us=136 acquire_us=84 submit_us=40260 skipped=0
frust_shell_common::perf: frust-perf raw n=379 total_us=42882 rebuild_us=85 layout_us=3744 paint_us=342 encode_us=155 acquire_us=97 submit_us=38457 skipped=0
frust_shell_common::perf: frust-perf raw n=380 total_us=43432 rebuild_us=58 layout_us=2626 paint_us=245 encode_us=134 acquire_us=82 submit_us=40285 skipped=0
frust_shell_common::perf: frust-perf raw n=381 total_us=42687 rebuild_us=61 layout_us=2643 paint_us=245 encode_us=120 acquire_us=76 submit_us=39540 skipped=0
frust_shell_common::perf: frust-perf raw n=382 total_us=42428 rebuild_us=61 layout_us=2614 paint_us=241 encode_us=115 acquire_us=76 submit_us=39318 skipped=0
frust_shell_common::perf: frust-perf raw n=383 total_us=43957 rebuild_us=112 layout_us=2934 paint_us=280 encode_us=158 acquire_us=94 submit_us=40376 skipped=0
frust_shell_common::perf: frust-perf raw n=384 total_us=42083 rebuild_us=67 layout_us=2690 paint_us=244 encode_us=117 acquire_us=81 submit_us=38882 skipped=0
frust_shell_common::perf: frust-perf frame n=120 total_p50_ms=41 total_p95_ms=43 total_p99_ms=44 rebuild_p95_ms=0 layout_p95_ms=2 paint_p95_ms=0 encode_p95_ms=0 acquire_p95_ms=0 submit_p95_ms=40 over_60hz=384 over_120hz=384 skipped=0 total_frames=384
frust_shell_common::perf: frust-perf raw n=385 total_us=43128 rebuild_us=59 layout_us=2672 paint_us=247 encode_us=133 acquire_us=97 submit_us=39917 skipped=0
frust_shell_common::perf: frust-perf raw n=386 total_us=42166 rebuild_us=61 layout_us=2515 paint_us=224 encode_us=118 acquire_us=78 submit_us=39168 skipped=0
frust_shell_common::perf: frust-perf raw n=387 total_us=42688 rebuild_us=57 layout_us=2638 paint_us=251 encode_us=118 acquire_us=87 submit_us=39534 skipped=0
frust_shell_common::perf: frust-perf raw n=388 total_us=43159 rebuild_us=61 layout_us=2651 paint_us=250 encode_us=134 acquire_us=96 submit_us=39965 skipped=0
frust_shell_common::perf: frust-perf raw n=389 total_us=42463 rebuild_us=77 layout_us=2623 paint_us=243 encode_us=116 acquire_us=78 submit_us=39325 skipped=0
frust_shell_common::perf: frust-perf raw n=390 total_us=43238 rebuild_us=62 layout_us=2653 paint_us=245 encode_us=147 acquire_us=92 submit_us=40037 skipped=0
frust_shell_common::perf: frust-perf raw n=391 total_us=43258 rebuild_us=62 layout_us=2641 paint_us=247 encode_us=120 acquire_us=79 submit_us=40106 skipped=0
frust_shell_common::perf: frust-perf raw n=392 total_us=42598 rebuild_us=54 layout_us=2638 paint_us=247 encode_us=116 acquire_us=80 submit_us=39460 skipped=0
frust_shell_common::perf: frust-perf raw n=393 total_us=43494 rebuild_us=67 layout_us=2659 paint_us=245 encode_us=119 acquire_us=81 submit_us=40320 skipped=0
frust_shell_common::perf: frust-perf raw n=394 total_us=42392 rebuild_us=64 layout_us=2663 paint_us=249 encode_us=114 acquire_us=80 submit_us=39219 skipped=0
frust_shell_common::perf: frust-perf raw n=395 total_us=43131 rebuild_us=62 layout_us=2655 paint_us=278 encode_us=151 acquire_us=82 submit_us=39899 skipped=0
frust_shell_common::perf: frust-perf raw n=396 total_us=42064 rebuild_us=60 layout_us=1666 paint_us=243 encode_us=152 acquire_us=118 submit_us=39822 skipped=0
frust_shell_common::perf: frust-perf raw n=397 total_us=40568 rebuild_us=50 layout_us=397 paint_us=244 encode_us=150 acquire_us=109 submit_us=39616 skipped=0
frust_shell_common::perf: frust-perf raw n=398 total_us=44297 rebuild_us=80 layout_us=3556 paint_us=314 encode_us=126 acquire_us=86 submit_us=40131 skipped=0
frust_shell_common::perf: frust-perf raw n=399 total_us=43677 rebuild_us=89 layout_us=3620 paint_us=342 encode_us=146 acquire_us=96 submit_us=39381 skipped=0
frust_shell_common::perf: frust-perf raw n=400 total_us=43529 rebuild_us=62 layout_us=2679 paint_us=244 encode_us=143 acquire_us=84 submit_us=40313 skipped=0
frust_shell_android::app::frame: frust-perf platform-view tail depth=0 target=0 acquire_bound=false frame=1440 expected_present_us=0 acquire_us=87 period_us=11137
frust_shell_common::perf: frust-perf raw n=401 total_us=42618 rebuild_us=60 layout_us=2694 paint_us=244 encode_us=119 acquire_us=81 submit_us=39417 skipped=0
frust_shell_common::perf: frust-perf raw n=402 total_us=42684 rebuild_us=65 layout_us=2611 paint_us=229 encode_us=110 acquire_us=85 submit_us=39580 skipped=0
frust_shell_common::perf: frust-perf raw n=403 total_us=43144 rebuild_us=61 layout_us=2684 paint_us=249 encode_us=120 acquire_us=83 submit_us=39944 skipped=0
frust_shell_common::perf: frust-perf raw n=404 total_us=42608 rebuild_us=73 layout_us=2748 paint_us=257 encode_us=113 acquire_us=110 submit_us=39304 skipped=0
frust_shell_common::perf: frust-perf raw n=405 total_us=43271 rebuild_us=60 layout_us=2689 paint_us=249 encode_us=147 acquire_us=111 submit_us=40013 skipped=0
frust_shell_common::perf: frust-perf raw n=406 total_us=42836 rebuild_us=58 layout_us=2692 paint_us=251 encode_us=116 acquire_us=79 submit_us=39639 skipped=0
frust_shell_common::perf: frust-perf raw n=407 total_us=43258 rebuild_us=66 layout_us=2764 paint_us=274 encode_us=129 acquire_us=77 submit_us=39946 skipped=0
frust_shell_common::perf: frust-perf raw n=408 total_us=44600 rebuild_us=76 layout_us=3717 paint_us=342 encode_us=146 acquire_us=83 submit_us=40233 skipped=0
frust_shell_common::perf: frust-perf raw n=409 total_us=42645 rebuild_us=89 layout_us=2716 paint_us=294 encode_us=116 acquire_us=81 submit_us=39347 skipped=0
frust_shell_common::perf: frust-perf raw n=410 total_us=42659 rebuild_us=56 layout_us=2485 paint_us=233 encode_us=133 acquire_us=85 submit_us=39664 skipped=0
frust_shell_common::perf: frust-perf raw n=411 total_us=43682 rebuild_us=76 layout_us=3723 paint_us=340 encode_us=118 acquire_us=82 submit_us=39339 skipped=0
frust_shell_common::perf: frust-perf raw n=412 total_us=43454 rebuild_us=61 layout_us=2703 paint_us=245 encode_us=127 acquire_us=86 submit_us=40229 skipped=0
frust_shell_common::perf: frust-perf raw n=413 total_us=44483 rebuild_us=77 layout_us=3701 paint_us=396 encode_us=122 acquire_us=81 submit_us=40103 skipped=0
frust_shell_common::perf: frust-perf raw n=414 total_us=42469 rebuild_us=70 layout_us=2603 paint_us=237 encode_us=113 acquire_us=77 submit_us=39366 skipped=0
frust_shell_common::perf: frust-perf raw n=415 total_us=43613 rebuild_us=61 layout_us=2624 paint_us=251 encode_us=151 acquire_us=91 submit_us=40433 skipped=0
frust_shell_common::perf: frust-perf raw n=416 total_us=42985 rebuild_us=66 layout_us=2711 paint_us=252 encode_us=120 acquire_us=79 submit_us=39753 skipped=0
frust_shell_common::perf: frust-perf raw n=417 total_us=42876 rebuild_us=61 layout_us=2688 paint_us=263 encode_us=120 acquire_us=80 submit_us=39662 skipped=0
frust_shell_common::perf: frust-perf raw n=418 total_us=43078 rebuild_us=89 layout_us=2637 paint_us=249 encode_us=135 acquire_us=92 submit_us=39873 skipped=0
frust_shell_common::perf: frust-perf raw n=419 total_us=42661 rebuild_us=65 layout_us=2689 paint_us=257 encode_us=122 acquire_us=80 submit_us=39445 skipped=0
frust_shell_common::perf: frust-perf raw n=420 total_us=43505 rebuild_us=76 layout_us=2796 paint_us=270 encode_us=146 acquire_us=96 submit_us=40119 skipped=0
frust_shell_common::perf: frust-perf raw n=421 total_us=43469 rebuild_us=76 layout_us=2835 paint_us=263 encode_us=123 acquire_us=84 submit_us=40086 skipped=0
frust_shell_common::perf: frust-perf raw n=422 total_us=43046 rebuild_us=84 layout_us=2772 paint_us=316 encode_us=124 acquire_us=94 submit_us=39654 skipped=0
frust_shell_common::perf: frust-perf raw n=423 total_us=43694 rebuild_us=85 layout_us=2821 paint_us=272 encode_us=146 acquire_us=107 submit_us=40262 skipped=0
frust_shell_common::perf: frust-perf raw n=424 total_us=42938 rebuild_us=72 layout_us=2774 paint_us=263 encode_us=123 acquire_us=83 submit_us=39621 skipped=0
frust_shell_common::perf: frust-perf raw n=425 total_us=43139 rebuild_us=71 layout_us=2646 paint_us=241 encode_us=136 acquire_us=100 submit_us=39943 skipped=0
frust_shell_common::perf: frust-perf raw n=426 total_us=43001 rebuild_us=65 layout_us=2656 paint_us=238 encode_us=152 acquire_us=103 submit_us=39784 skipped=0
frust_shell_common::perf: frust-perf raw n=427 total_us=42679 rebuild_us=73 layout_us=2805 paint_us=264 encode_us=119 acquire_us=87 submit_us=39328 skipped=0
frust_shell_common::perf: frust-perf raw n=428 total_us=43009 rebuild_us=65 layout_us=2767 paint_us=273 encode_us=138 acquire_us=106 submit_us=39658 skipped=0
frust_shell_common::perf: frust-perf raw n=429 total_us=42424 rebuild_us=62 layout_us=2594 paint_us=235 encode_us=116 acquire_us=95 submit_us=39319 skipped=0
frust_shell_common::perf: frust-perf raw n=430 total_us=43065 rebuild_us=66 layout_us=2747 paint_us=251 encode_us=147 acquire_us=90 submit_us=39761 skipped=0
frust_shell_common::perf: frust-perf raw n=431 total_us=42298 rebuild_us=71 layout_us=2770 paint_us=259 encode_us=159 acquire_us=106 submit_us=38931 skipped=0
frust_shell_common::perf: frust-perf frame n=120 total_p50_ms=42 total_p95_ms=43 total_p99_ms=44 rebuild_p95_ms=0 layout_p95_ms=3 paint_p95_ms=0 encode_p95_ms=0 acquire_p95_ms=0 submit_p95_ms=40 over_60hz=431 over_120hz=431 skipped=0 total_frames=431
frust_shell_common::perf: frust-perf raw n=432 total_us=42789 rebuild_us=63 layout_us=2744 paint_us=254 encode_us=144 acquire_us=108 submit_us=39473 skipped=0
frust_shell_common::perf: frust-perf raw n=433 total_us=43186 rebuild_us=63 layout_us=2771 paint_us=256 encode_us=127 acquire_us=102 submit_us=39866 skipped=0
frust_shell_android::app::frame: frust-perf platform-view tail depth=0 target=0 acquire_bound=false frame=1560 expected_present_us=0 acquire_us=96 period_us=11128
frust_shell_common::perf: frust-perf raw n=434 total_us=42743 rebuild_us=57 layout_us=2725 paint_us=246 encode_us=121 acquire_us=88 submit_us=39503 skipped=0
frust_shell_common::perf: frust-perf raw n=435 total_us=42698 rebuild_us=62 layout_us=2747 paint_us=255 encode_us=143 acquire_us=97 submit_us=39391 skipped=0
frust_shell_common::perf: frust-perf raw n=436 total_us=42537 rebuild_us=75 layout_us=2718 paint_us=254 encode_us=122 acquire_us=86 submit_us=39280 skipped=0
frust_shell_common::perf: frust-perf raw n=437 total_us=43134 rebuild_us=60 layout_us=2541 paint_us=241 encode_us=140 acquire_us=101 submit_us=40048 skipped=0
frust_shell_common::perf: frust-perf raw n=438 total_us=42177 rebuild_us=62 layout_us=2649 paint_us=237 encode_us=121 acquire_us=92 submit_us=39014 skipped=0
frust_shell_common::perf: frust-perf raw n=439 total_us=42645 rebuild_us=58 layout_us=2577 paint_us=234 encode_us=128 acquire_us=140 submit_us=39506 skipped=0
frust_shell_common::perf: frust-perf raw n=440 total_us=42650 rebuild_us=64 layout_us=2765 paint_us=251 encode_us=156 acquire_us=109 submit_us=39301 skipped=0
frust_shell_common::perf: frust-perf raw n=441 total_us=42344 rebuild_us=68 layout_us=2736 paint_us=253 encode_us=118 acquire_us=87 submit_us=39080 skipped=0
frust_shell_common::perf: frust-perf raw n=442 total_us=42866 rebuild_us=63 layout_us=2742 paint_us=252 encode_us=147 acquire_us=104 submit_us=39554 skipped=0
frust_shell_common::perf: frust-perf raw n=443 total_us=42879 rebuild_us=60 layout_us=2795 paint_us=247 encode_us=155 acquire_us=117 submit_us=39502 skipped=0
frust_shell_common::perf: frust-perf raw n=444 total_us=43328 rebuild_us=65 layout_us=2748 paint_us=254 encode_us=144 acquire_us=92 submit_us=40021 skipped=0
frust_shell_common::perf: frust-perf raw n=445 total_us=43368 rebuild_us=70 layout_us=2757 paint_us=260 encode_us=121 acquire_us=102 submit_us=40056 skipped=0
frust_shell_common::perf: frust-perf raw n=446 total_us=42635 rebuild_us=72 layout_us=2798 paint_us=255 encode_us=120 acquire_us=97 submit_us=39290 skipped=0
frust_shell_common::perf: frust-perf raw n=447 total_us=42771 rebuild_us=66 layout_us=2602 paint_us=233 encode_us=120 acquire_us=102 submit_us=39645 skipped=0
frust_shell_common::perf: frust-perf raw n=448 total_us=42680 rebuild_us=59 layout_us=2774 paint_us=249 encode_us=121 acquire_us=90 submit_us=39384 skipped=0
frust_shell_common::perf: frust-perf raw n=449 total_us=43777 rebuild_us=68 layout_us=2755 paint_us=256 encode_us=144 acquire_us=105 submit_us=40447 skipped=0
frust_shell_common::perf: frust-perf raw n=450 total_us=42109 rebuild_us=69 layout_us=2578 paint_us=232 encode_us=119 acquire_us=83 submit_us=39024 skipped=0
frust_shell_common::perf: frust-perf raw n=451 total_us=43160 rebuild_us=73 layout_us=2643 paint_us=251 encode_us=129 acquire_us=89 submit_us=39971 skipped=0
frust_shell_common::perf: frust-perf raw n=452 total_us=43034 rebuild_us=64 layout_us=2756 paint_us=251 encode_us=158 acquire_us=109 submit_us=39695 skipped=0
frust_shell_common::perf: frust-perf raw n=453 total_us=42919 rebuild_us=63 layout_us=2763 paint_us=255 encode_us=122 acquire_us=89 submit_us=39624 skipped=0
frust_shell_common::perf: frust-perf raw n=454 total_us=43245 rebuild_us=69 layout_us=2791 paint_us=261 encode_us=149 acquire_us=93 submit_us=39879 skipped=0
frust_shell_common::perf: frust-perf raw n=455 total_us=42402 rebuild_us=74 layout_us=2812 paint_us=264 encode_us=162 acquire_us=102 submit_us=38985 skipped=0
frust_shell_common::perf: frust-perf raw n=456 total_us=43363 rebuild_us=61 layout_us=2779 paint_us=255 encode_us=154 acquire_us=124 submit_us=39987 skipped=0
frust_shell_common::perf: frust-perf raw n=457 total_us=42801 rebuild_us=75 layout_us=2774 paint_us=268 encode_us=125 acquire_us=93 submit_us=39465 skipped=0
frust_shell_common::perf: frust-perf raw n=458 total_us=42382 rebuild_us=71 layout_us=2813 paint_us=260 encode_us=122 acquire_us=89 submit_us=39026 skipped=0
frust_shell_common::perf: frust-perf raw n=459 total_us=43856 rebuild_us=72 layout_us=2640 paint_us=252 encode_us=147 acquire_us=98 submit_us=40645 skipped=0
frust_shell_common::perf: frust-perf raw n=460 total_us=41967 rebuild_us=74 layout_us=2721 paint_us=252 encode_us=120 acquire_us=90 submit_us=38708 skipped=0
frust_shell_common::perf: frust-perf raw n=461 total_us=43333 rebuild_us=65 layout_us=2768 paint_us=253 encode_us=148 acquire_us=100 submit_us=39996 skipped=0
frust_shell_common::perf: frust-perf raw n=462 total_us=42549 rebuild_us=68 layout_us=2732 paint_us=248 encode_us=162 acquire_us=118 submit_us=39218 skipped=0
frust_shell_common::perf: frust-perf raw n=463 total_us=42888 rebuild_us=57 layout_us=2589 paint_us=234 encode_us=117 acquire_us=89 submit_us=39799 skipped=0
frust_shell_common::perf: frust-perf raw n=464 total_us=43364 rebuild_us=67 layout_us=2687 paint_us=257 encode_us=126 acquire_us=94 submit_us=40131 skipped=0
frust_shell_common::perf: frust-perf raw n=465 total_us=42446 rebuild_us=69 layout_us=2754 paint_us=253 encode_us=123 acquire_us=90 submit_us=39155 skipped=0
frust_shell_common::perf: frust-perf raw n=466 total_us=42654 rebuild_us=67 layout_us=2780 paint_us=253 encode_us=145 acquire_us=108 submit_us=39298 skipped=0
frust_shell_common::perf: frust-perf raw n=467 total_us=42761 rebuild_us=61 layout_us=2747 paint_us=252 encode_us=121 acquire_us=95 submit_us=39483 skipped=0
frust_shell_android::app::frame: frust-perf platform-view tail depth=0 target=0 acquire_bound=false frame=1680 expected_present_us=0 acquire_us=98 period_us=11128
frust_shell_common::perf: frust-perf raw n=468 total_us=43522 rebuild_us=60 layout_us=2690 paint_us=303 encode_us=141 acquire_us=104 submit_us=40223 skipped=0
frust_shell_common::perf: frust-perf raw n=469 total_us=42393 rebuild_us=74 layout_us=2585 paint_us=243 encode_us=156 acquire_us=106 submit_us=39226 skipped=0
frust_shell_common::perf: frust-perf raw n=470 total_us=42345 rebuild_us=60 layout_us=2780 paint_us=254 encode_us=122 acquire_us=99 submit_us=39027 skipped=0
frust_shell_common::perf: frust-perf raw n=471 total_us=43549 rebuild_us=74 layout_us=2743 paint_us=258 encode_us=150 acquire_us=92 submit_us=40230 skipped=0
frust_shell_common::perf: frust-perf raw n=472 total_us=42013 rebuild_us=62 layout_us=2591 paint_us=241 encode_us=158 acquire_us=105 submit_us=38853 skipped=0
frust_shell_common::perf: frust-perf raw n=473 total_us=43176 rebuild_us=65 layout_us=2807 paint_us=260 encode_us=154 acquire_us=92 submit_us=39796 skipped=0
frust_shell_common::perf: frust-perf raw n=474 total_us=42130 rebuild_us=63 layout_us=2721 paint_us=254 encode_us=122 acquire_us=87 submit_us=38881 skipped=0
frust_shell_common::perf: frust-perf raw n=475 total_us=43270 rebuild_us=60 layout_us=2613 paint_us=238 encode_us=129 acquire_us=90 submit_us=40138 skipped=0
frust_shell_common::perf: frust-perf raw n=476 total_us=42320 rebuild_us=70 layout_us=2754 paint_us=258 encode_us=125 acquire_us=85 submit_us=39025 skipped=0
frust_shell_common::perf: frust-perf raw n=477 total_us=42403 rebuild_us=96 layout_us=2670 paint_us=252 encode_us=119 acquire_us=89 submit_us=39175 skipped=0
frust_shell_common::perf: frust-perf raw n=478 total_us=43124 rebuild_us=111 layout_us=2724 paint_us=258 encode_us=147 acquire_us=96 submit_us=39784 skipped=0
frust_shell_common::perf: frust-perf frame n=120 total_p50_ms=42 total_p95_ms=43 total_p99_ms=44 rebuild_p95_ms=0 layout_p95_ms=3 paint_p95_ms=0 encode_p95_ms=0 acquire_p95_ms=0 submit_p95_ms=40 over_60hz=478 over_120hz=478 skipped=0 total_frames=478
frust_shell_common::perf: frust-perf raw n=479 total_us=42189 rebuild_us=63 layout_us=2738 paint_us=251 encode_us=120 acquire_us=84 submit_us=38930 skipped=0
frust_shell_common::perf: frust-perf raw n=480 total_us=43301 rebuild_us=83 layout_us=3156 paint_us=238 encode_us=141 acquire_us=94 submit_us=39588 skipped=0
frust_shell_common::perf: frust-perf raw n=481 total_us=42220 rebuild_us=65 layout_us=2753 paint_us=247 encode_us=124 acquire_us=101 submit_us=38929 skipped=0
frust_shell_common::perf: frust-perf raw n=482 total_us=43106 rebuild_us=67 layout_us=2755 paint_us=257 encode_us=187 acquire_us=129 submit_us=39709 skipped=0
frust_shell_common::perf: frust-perf raw n=483 total_us=43129 rebuild_us=64 layout_us=2573 paint_us=238 encode_us=136 acquire_us=95 submit_us=40022 skipped=0
frust_shell_common::perf: frust-perf raw n=484 total_us=42083 rebuild_us=61 layout_us=2728 paint_us=250 encode_us=125 acquire_us=88 submit_us=38829 skipped=0
frust_shell_common::perf: frust-perf raw n=485 total_us=42790 rebuild_us=67 layout_us=2791 paint_us=256 encode_us=138 acquire_us=105 submit_us=39430 skipped=0
frust_shell_common::perf: frust-perf raw n=486 total_us=42021 rebuild_us=60 layout_us=2743 paint_us=257 encode_us=121 acquire_us=87 submit_us=38749 skipped=0
frust_shell_common::perf: frust-perf raw n=487 total_us=42848 rebuild_us=67 layout_us=2755 paint_us=257 encode_us=145 acquire_us=94 submit_us=39528 skipped=0
frust_shell_common::perf: frust-perf raw n=488 total_us=42638 rebuild_us=66 layout_us=2727 paint_us=258 encode_us=120 acquire_us=91 submit_us=39373 skipped=0
frust_shell_common::perf: frust-perf raw n=489 total_us=43595 rebuild_us=66 layout_us=2761 paint_us=254 encode_us=161 acquire_us=103 submit_us=40248 skipped=0
frust_shell_common::perf: frust-perf raw n=490 total_us=42961 rebuild_us=62 layout_us=2734 paint_us=250 encode_us=125 acquire_us=86 submit_us=39703 skipped=0
frust_shell_common::perf: frust-perf raw n=491 total_us=42868 rebuild_us=68 layout_us=2684 paint_us=255 encode_us=120 acquire_us=99 submit_us=39640 skipped=0
frust_shell_common::perf: frust-perf raw n=492 total_us=42840 rebuild_us=64 layout_us=2632 paint_us=238 encode_us=139 acquire_us=93 submit_us=39670 skipped=0
frust_shell_common::perf: frust-perf raw n=493 total_us=42510 rebuild_us=62 layout_us=2750 paint_us=253 encode_us=122 acquire_us=94 submit_us=39226 skipped=0
frust_shell_common::perf: frust-perf raw n=494 total_us=43850 rebuild_us=70 layout_us=2793 paint_us=255 encode_us=144 acquire_us=103 submit_us=40483 skipped=0
frust_shell_common::perf: frust-perf raw n=495 total_us=42594 rebuild_us=66 layout_us=2742 paint_us=253 encode_us=122 acquire_us=89 submit_us=39320 skipped=0
frust_shell_common::perf: frust-perf raw n=496 total_us=42636 rebuild_us=62 layout_us=2532 paint_us=231 encode_us=118 acquire_us=88 submit_us=39603 skipped=0
frust_shell_common::perf: frust-perf raw n=497 total_us=43290 rebuild_us=62 layout_us=2643 paint_us=349 encode_us=148 acquire_us=97 submit_us=39988 skipped=0
frust_shell_common::perf: frust-perf raw n=498 total_us=42460 rebuild_us=63 layout_us=2822 paint_us=254 encode_us=126 acquire_us=92 submit_us=39102 skipped=0
