frust-perf activity-create
frust_shell_common::perf: bench-scenario-start s1
frust_render::context: frust-perf surface-caps formats=[Rgba8UnormSrgb,Rgba8Unorm,Rgba16Float,Rgb10a2Unorm] usages=TextureUsages(COPY_SRC | COPY_DST | TEXTURE_BINDING | STORAGE_BINDING | RENDER_ATTACHMENT | STORAGE_ATOMIC) direct_to_surface=YES (Rgba8Unorm+STORAGE_BINDING)
frust_render::context: frust-perf render-path direct (Rgba8Unorm+STORAGE_BINDING)
frust_shell_common::perf: bench-scenario-end s1
frust_shell_common::perf: bench-scenario-start s2
frust_shell_common::perf: frust-perf startup init_entry=0ms font_preinit_started=0ms font_preinit_joined=0ms preinit_started=1ms preinit_joined=1ms cache_loaded=2ms pipeline_cache_restored=2ms adapter_ready=57ms device_ready=57ms renderer_ready=57ms first_rebuild_done=67ms first_encode_done=67ms first_frame_presented=86ms
frust_shell_common::perf: frust-perf raw n=1 total_us=19921 rebuild_us=62 layout_us=531 paint_us=126 encode_us=122 acquire_us=30 submit_us=19048 skipped=0
frust_shell_common::perf: frust-perf raw n=2 total_us=82102 rebuild_us=205 layout_us=720 paint_us=159 encode_us=211 acquire_us=60 submit_us=80744 skipped=0
frust_shell_common::perf: frust-perf raw n=3 total_us=55434 rebuild_us=101 layout_us=905 paint_us=160 encode_us=101 acquire_us=39 submit_us=54125 skipped=0
frust_shell_common::perf: frust-perf raw n=4 total_us=49894 rebuild_us=210 layout_us=2482 paint_us=375 encode_us=156 acquire_us=66 submit_us=46603 skipped=0
frust_shell_common::perf: frust-perf raw n=5 total_us=46016 rebuild_us=87 layout_us=759 paint_us=124 encode_us=101 acquire_us=55 submit_us=44887 skipped=0
frust_shell_common::perf: frust-perf raw n=6 total_us=46349 rebuild_us=116 layout_us=1209 paint_us=209 encode_us=101 acquire_us=61 submit_us=44650 skipped=0
frust_shell_common::perf: frust-perf raw n=7 total_us=45640 rebuild_us=121 layout_us=830 paint_us=156 encode_us=84 acquire_us=48 submit_us=44399 skipped=0
frust_shell_common::perf: frust-perf raw n=8 total_us=45842 rebuild_us=74 layout_us=854 paint_us=166 encode_us=85 acquire_us=51 submit_us=44611 skipped=0
frust_shell_common::perf: frust-perf raw n=9 total_us=41482 rebuild_us=95 layout_us=1027 paint_us=179 encode_us=88 acquire_us=58 submit_us=40032 skipped=0
frust_shell_common::perf: frust-perf raw n=10 total_us=43801 rebuild_us=84 layout_us=912 paint_us=167 encode_us=154 acquire_us=108 submit_us=42375 skipped=0
frust_shell_common::perf: frust-perf raw n=11 total_us=41520 rebuild_us=73 layout_us=802 paint_us=164 encode_us=104 acquire_us=80 submit_us=40294 skipped=0
frust_shell_common::perf: frust-perf raw n=12 total_us=42661 rebuild_us=81 layout_us=911 paint_us=191 encode_us=91 acquire_us=88 submit_us=41296 skipped=0
frust_shell_common::perf: frust-perf raw n=13 total_us=40528 rebuild_us=78 layout_us=863 paint_us=147 encode_us=82 acquire_us=98 submit_us=39257 skipped=0
frust_shell_common::perf: frust-perf raw n=14 total_us=40714 rebuild_us=49 layout_us=856 paint_us=130 encode_us=85 acquire_us=75 submit_us=39517 skipped=0
frust_shell_common::perf: frust-perf raw n=15 total_us=40721 rebuild_us=44 layout_us=774 paint_us=129 encode_us=83 acquire_us=76 submit_us=39613 skipped=0
frust_shell_common::perf: frust-perf raw n=16 total_us=41475 rebuild_us=142 layout_us=1168 paint_us=168 encode_us=112 acquire_us=84 submit_us=39798 skipped=0
frust_shell_common::perf: frust-perf raw n=17 total_us=40576 rebuild_us=54 layout_us=982 paint_us=163 encode_us=102 acquire_us=76 submit_us=39197 skipped=0
frust_shell_common::perf: frust-perf raw n=18 total_us=41417 rebuild_us=61 layout_us=1060 paint_us=198 encode_us=100 acquire_us=74 submit_us=39920 skipped=0
frust_shell_common::perf: frust-perf raw n=19 total_us=40800 rebuild_us=52 layout_us=1024 paint_us=166 encode_us=105 acquire_us=83 submit_us=39367 skipped=0
frust_shell_common::perf: frust-perf raw n=20 total_us=41307 rebuild_us=135 layout_us=1178 paint_us=153 encode_us=100 acquire_us=73 submit_us=39665 skipped=0
frust_shell_common::perf: frust-perf raw n=21 total_us=41257 rebuild_us=135 layout_us=1211 paint_us=162 encode_us=103 acquire_us=75 submit_us=39569 skipped=0
frust_shell_common::perf: frust-perf raw n=22 total_us=40659 rebuild_us=136 layout_us=1228 paint_us=166 encode_us=103 acquire_us=75 submit_us=38948 skipped=0
frust_shell_common::perf: frust-perf raw n=23 total_us=42263 rebuild_us=139 layout_us=1233 paint_us=167 encode_us=113 acquire_us=79 submit_us=40529 skipped=0
frust_shell_common::perf: frust-perf raw n=24 total_us=40076 rebuild_us=56 layout_us=967 paint_us=164 encode_us=104 acquire_us=76 submit_us=38707 skipped=0
frust_shell_common::perf: frust-perf raw n=25 total_us=42299 rebuild_us=132 layout_us=1197 paint_us=165 encode_us=112 acquire_us=82 submit_us=40609 skipped=0
frust_shell_common::perf: frust-perf raw n=26 total_us=40866 rebuild_us=148 layout_us=1072 paint_us=159 encode_us=101 acquire_us=72 submit_us=39312 skipped=0
frust_shell_common::perf: frust-perf raw n=27 total_us=41002 rebuild_us=53 layout_us=998 paint_us=162 encode_us=102 acquire_us=73 submit_us=39612 skipped=0
frust_shell_common::perf: frust-perf raw n=28 total_us=41325 rebuild_us=57 layout_us=1019 paint_us=159 encode_us=117 acquire_us=72 submit_us=39899 skipped=0
frust_shell_common::perf: frust-perf raw n=29 total_us=40242 rebuild_us=57 layout_us=971 paint_us=159 encode_us=105 acquire_us=83 submit_us=38865 skipped=0
frust_shell_common::perf: frust-perf raw n=30 total_us=40896 rebuild_us=48 layout_us=760 paint_us=134 encode_us=109 acquire_us=84 submit_us=39758 skipped=0
frust_shell_android::app::frame: frust-perf platform-view tail depth=0 target=0 acquire_bound=false frame=120 expected_present_us=0 acquire_us=77 period_us=11133
frust_shell_common::perf: frust-perf raw n=31 total_us=41193 rebuild_us=54 layout_us=977 paint_us=215 encode_us=101 acquire_us=80 submit_us=39763 skipped=0
frust_shell_common::perf: frust-perf raw n=32 total_us=40753 rebuild_us=58 layout_us=1011 paint_us=161 encode_us=99 acquire_us=75 submit_us=39347 skipped=0
frust_shell_common::perf: frust-perf raw n=33 total_us=41450 rebuild_us=54 layout_us=1020 paint_us=171 encode_us=103 acquire_us=77 submit_us=40021 skipped=0
frust_shell_common::perf: frust-perf raw n=34 total_us=40366 rebuild_us=72 layout_us=1009 paint_us=177 encode_us=101 acquire_us=73 submit_us=38931 skipped=0
frust_shell_common::perf: frust-perf raw n=35 total_us=41567 rebuild_us=58 layout_us=963 paint_us=163 encode_us=108 acquire_us=86 submit_us=40185 skipped=0
frust_shell_common::perf: frust-perf raw n=36 total_us=40826 rebuild_us=58 layout_us=1051 paint_us=175 encode_us=103 acquire_us=72 submit_us=39365 skipped=0
frust_shell_common::perf: frust-perf raw n=37 total_us=41360 rebuild_us=131 layout_us=1094 paint_us=150 encode_us=98 acquire_us=76 submit_us=39809 skipped=0
frust_shell_common::perf: frust-perf raw n=38 total_us=41264 rebuild_us=58 layout_us=974 paint_us=158 encode_us=98 acquire_us=73 submit_us=39902 skipped=0
frust_shell_common::perf: frust-perf raw n=39 total_us=40770 rebuild_us=72 layout_us=1015 paint_us=172 encode_us=104 acquire_us=72 submit_us=39334 skipped=0
frust_shell_common::perf: frust-perf raw n=40 total_us=40891 rebuild_us=54 layout_us=986 paint_us=164 encode_us=104 acquire_us=76 submit_us=39505 skipped=0
frust_shell_common::perf: frust-perf raw n=41 total_us=40912 rebuild_us=54 layout_us=1028 paint_us=171 encode_us=102 acquire_us=74 submit_us=39481 skipped=0
frust_shell_common::perf: frust-perf raw n=42 total_us=41653 rebuild_us=56 layout_us=1074 paint_us=167 encode_us=110 acquire_us=69 submit_us=40174 skipped=0
frust_shell_common::perf: frust-perf raw n=43 total_us=40748 rebuild_us=54 layout_us=861 paint_us=147 encode_us=99 acquire_us=82 submit_us=39503 skipped=0
frust_shell_common::perf: frust-perf raw n=44 total_us=40534 rebuild_us=56 layout_us=810 paint_us=143 encode_us=280 acquire_us=158 submit_us=39085 skipped=0
frust_shell_common::perf: frust-perf raw n=45 total_us=41703 rebuild_us=139 layout_us=1273 paint_us=169 encode_us=107 acquire_us=82 submit_us=39931 skipped=0
frust_shell_common::perf: frust-perf raw n=46 total_us=40616 rebuild_us=46 layout_us=863 paint_us=132 encode_us=290 acquire_us=158 submit_us=39124 skipped=0
frust_shell_common::perf: frust-perf raw n=47 total_us=41033 rebuild_us=83 layout_us=1535 paint_us=248 encode_us=129 acquire_us=101 submit_us=38935 skipped=0
frust_shell_common::perf: frust-perf raw n=48 total_us=41452 rebuild_us=86 layout_us=1545 paint_us=264 encode_us=159 acquire_us=104 submit_us=39291 skipped=0
frust_shell_common::perf: frust-perf frame n=48 total_p50_ms=41 total_p95_ms=49 total_p99_ms=82 rebuild_p95_ms=0 layout_p95_ms=1 paint_p95_ms=0 encode_p95_ms=0 acquire_p95_ms=0 submit_p95_ms=46 over_60hz=48 over_120hz=48 skipped=0 total_frames=48
frust_shell_common::perf: frust-perf raw n=49 total_us=41803 rebuild_us=75 layout_us=1350 paint_us=223 encode_us=138 acquire_us=80 submit_us=39934 skipped=0
frust_shell_common::perf: frust-perf raw n=50 total_us=41182 rebuild_us=86 layout_us=1668 paint_us=269 encode_us=165 acquire_us=127 submit_us=38865 skipped=0
frust_shell_common::perf: frust-perf raw n=51 total_us=42442 rebuild_us=73 layout_us=1539 paint_us=243 encode_us=127 acquire_us=96 submit_us=40362 skipped=0
frust_shell_common::perf: frust-perf raw n=52 total_us=41771 rebuild_us=76 layout_us=1548 paint_us=257 encode_us=151 acquire_us=108 submit_us=39629 skipped=0
frust_shell_common::perf: frust-perf raw n=53 total_us=41258 rebuild_us=74 layout_us=1537 paint_us=289 encode_us=152 acquire_us=108 submit_us=39096 skipped=0
frust_shell_common::perf: frust-perf raw n=54 total_us=42444 rebuild_us=80 layout_us=1525 paint_us=295 encode_us=154 acquire_us=88 submit_us=40300 skipped=0
frust_shell_common::perf: frust-perf raw n=55 total_us=40858 rebuild_us=82 layout_us=1620 paint_us=254 encode_us=146 acquire_us=99 submit_us=38653 skipped=0
frust_shell_common::perf: frust-perf raw n=56 total_us=42458 rebuild_us=75 layout_us=1538 paint_us=253 encode_us=138 acquire_us=94 submit_us=40358 skipped=0
frust_shell_common::perf: frust-perf raw n=57 total_us=41661 rebuild_us=90 layout_us=1595 paint_us=269 encode_us=161 acquire_us=124 submit_us=39418 skipped=0
frust_shell_common::perf: frust-perf raw n=58 total_us=41376 rebuild_us=77 layout_us=1619 paint_us=252 encode_us=154 acquire_us=114 submit_us=39157 skipped=0
frust_shell_common::perf: frust-perf raw n=59 total_us=41793 rebuild_us=83 layout_us=1609 paint_us=254 encode_us=154 acquire_us=93 submit_us=39598 skipped=0
frust_shell_common::perf: frust-perf raw n=60 total_us=41291 rebuild_us=75 layout_us=1529 paint_us=244 encode_us=148 acquire_us=94 submit_us=39198 skipped=0
frust_shell_common::perf: frust-perf raw n=61 total_us=41825 rebuild_us=80 layout_us=1568 paint_us=247 encode_us=147 acquire_us=98 submit_us=39682 skipped=0
frust_shell_common::perf: frust-perf raw n=62 total_us=41395 rebuild_us=80 layout_us=1604 paint_us=353 encode_us=159 acquire_us=124 submit_us=39073 skipped=0
frust_shell_common::perf: frust-perf raw n=63 total_us=41875 rebuild_us=72 layout_us=1583 paint_us=245 encode_us=138 acquire_us=84 submit_us=39751 skipped=0
frust_shell_common::perf: frust-perf raw n=64 total_us=41853 rebuild_us=84 layout_us=1607 paint_us=258 encode_us=151 acquire_us=105 submit_us=39645 skipped=0
frust_shell_android::app::frame: frust-perf platform-view tail depth=0 target=0 acquire_bound=false frame=240 expected_present_us=0 acquire_us=102 period_us=11131
frust_shell_common::perf: frust-perf raw n=65 total_us=41718 rebuild_us=79 layout_us=1557 paint_us=256 encode_us=147 acquire_us=108 submit_us=39569 skipped=0
frust_shell_common::perf: frust-perf raw n=66 total_us=41492 rebuild_us=80 layout_us=1360 paint_us=223 encode_us=156 acquire_us=123 submit_us=39547 skipped=0
frust_shell_common::perf: frust-perf raw n=67 total_us=41666 rebuild_us=75 layout_us=1566 paint_us=249 encode_us=149 acquire_us=110 submit_us=39513 skipped=0
frust_shell_common::perf: frust-perf raw n=68 total_us=41910 rebuild_us=87 layout_us=1560 paint_us=340 encode_us=134 acquire_us=86 submit_us=39699 skipped=0
frust_shell_common::perf: frust-perf raw n=69 total_us=41634 rebuild_us=86 layout_us=1607 paint_us=253 encode_us=150 acquire_us=99 submit_us=39436 skipped=0
frust_shell_common::perf: frust-perf raw n=70 total_us=41578 rebuild_us=84 layout_us=1560 paint_us=256 encode_us=148 acquire_us=93 submit_us=39434 skipped=0
frust_shell_common::perf: frust-perf raw n=71 total_us=41378 rebuild_us=77 layout_us=1583 paint_us=257 encode_us=142 acquire_us=109 submit_us=39206 skipped=0
frust_shell_common::perf: frust-perf raw n=72 total_us=41404 rebuild_us=78 layout_us=1607 paint_us=247 encode_us=151 acquire_us=101 submit_us=39217 skipped=0
frust_shell_common::perf: frust-perf raw n=73 total_us=42236 rebuild_us=82 layout_us=1709 paint_us=253 encode_us=189 acquire_us=106 submit_us=39894 skipped=0
frust_shell_common::perf: frust-perf raw n=74 total_us=41571 rebuild_us=80 layout_us=1594 paint_us=251 encode_us=154 acquire_us=117 submit_us=39371 skipped=0
frust_shell_common::perf: frust-perf raw n=75 total_us=42620 rebuild_us=114 layout_us=1555 paint_us=255 encode_us=146 acquire_us=135 submit_us=40412 skipped=0
frust_shell_common::perf: frust-perf raw n=76 total_us=41582 rebuild_us=81 layout_us=1574 paint_us=309 encode_us=161 acquire_us=111 submit_us=39345 skipped=0
frust_shell_common::perf: frust-perf raw n=77 total_us=44095 rebuild_us=75 layout_us=1601 paint_us=253 encode_us=153 acquire_us=101 submit_us=41910 skipped=0
frust_shell_common::perf: frust-perf raw n=78 total_us=39252 rebuild_us=89 layout_us=1546 paint_us=246 encode_us=142 acquire_us=114 submit_us=37112 skipped=0
frust_shell_common::perf: frust-perf raw n=79 total_us=41318 rebuild_us=77 layout_us=1565 paint_us=251 encode_us=157 acquire_us=104 submit_us=39161 skipped=0
frust_shell_common::perf: frust-perf raw n=80 total_us=42332 rebuild_us=78 layout_us=1553 paint_us=255 encode_us=163 acquire_us=155 submit_us=40126 skipped=0
frust_shell_common::perf: frust-perf raw n=81 total_us=42008 rebuild_us=79 layout_us=1609 paint_us=250 encode_us=154 acquire_us=119 submit_us=39794 skipped=0
frust_shell_common::perf: frust-perf raw n=82 total_us=41313 rebuild_us=73 layout_us=1598 paint_us=249 encode_us=156 acquire_us=112 submit_us=39123 skipped=0
frust_shell_common::perf: frust-perf raw n=83 total_us=41933 rebuild_us=77 layout_us=1428 paint_us=222 encode_us=204 acquire_us=109 submit_us=39891 skipped=0
frust_shell_common::perf: frust-perf raw n=84 total_us=41214 rebuild_us=86 layout_us=1535 paint_us=251 encode_us=151 acquire_us=121 submit_us=39067 skipped=0
frust_shell_common::perf: frust-perf raw n=85 total_us=42048 rebuild_us=77 layout_us=1551 paint_us=251 encode_us=144 acquire_us=86 submit_us=39936 skipped=0
frust_shell_common::perf: frust-perf raw n=86 total_us=41874 rebuild_us=77 layout_us=1615 paint_us=252 encode_us=222 acquire_us=112 submit_us=39594 skipped=0
frust_shell_common::perf: frust-perf raw n=87 total_us=41526 rebuild_us=72 layout_us=1557 paint_us=247 encode_us=209 acquire_us=121 submit_us=39318 skipped=0
frust_shell_common::perf: frust-perf raw n=88 total_us=42182 rebuild_us=144 layout_us=1576 paint_us=257 encode_us=158 acquire_us=113 submit_us=39932 skipped=0
frust_shell_common::perf: frust-perf raw n=89 total_us=40968 rebuild_us=82 layout_us=1548 paint_us=242 encode_us=209 acquire_us=113 submit_us=38773 skipped=0
frust_shell_common::perf: frust-perf raw n=90 total_us=42096 rebuild_us=82 layout_us=1543 paint_us=323 encode_us=134 acquire_us=90 submit_us=39922 skipped=0
frust_shell_common::perf: frust-perf raw n=91 total_us=41782 rebuild_us=76 layout_us=1605 paint_us=255 encode_us=155 acquire_us=100 submit_us=39588 skipped=0
frust_shell_common::perf: frust-perf raw n=92 total_us=42195 rebuild_us=79 layout_us=1561 paint_us=263 encode_us=142 acquire_us=94 submit_us=40052 skipped=0
frust_shell_common::perf: frust-perf raw n=93 total_us=42175 rebuild_us=81 layout_us=1546 paint_us=247 encode_us=149 acquire_us=109 submit_us=40040 skipped=0
frust_shell_common::perf: frust-perf raw n=94 total_us=41214 rebuild_us=78 layout_us=1355 paint_us=268 encode_us=150 acquire_us=92 submit_us=39269 skipped=0
frust_shell_common::perf: frust-perf raw n=95 total_us=42146 rebuild_us=76 layout_us=1543 paint_us=313 encode_us=138 acquire_us=85 submit_us=39989 skipped=0
frust_shell_common::perf: frust-perf raw n=96 total_us=41682 rebuild_us=81 layout_us=1616 paint_us=255 encode_us=166 acquire_us=101 submit_us=39460 skipped=0
frust_shell_common::perf: frust-perf frame n=96 total_p50_ms=41 total_p95_ms=46 total_p99_ms=82 rebuild_p95_ms=0 layout_p95_ms=1 paint_p95_ms=0 encode_p95_ms=0 acquire_p95_ms=0 submit_p95_ms=44 over_60hz=96 over_120hz=96 skipped=0 total_frames=96
frust_shell_common::perf: frust-perf raw n=97 total_us=42344 rebuild_us=81 layout_us=1557 paint_us=254 encode_us=138 acquire_us=103 submit_us=40207 skipped=0
frust_shell_android::app::frame: frust-perf platform-view tail depth=0 target=0 acquire_bound=false frame=360 expected_present_us=0 acquire_us=97 period_us=11135
frust_shell_common::perf: frust-perf raw n=98 total_us=41823 rebuild_us=85 layout_us=1581 paint_us=257 encode_us=149 acquire_us=96 submit_us=39654 skipped=0
frust_shell_common::perf: frust-perf raw n=99 total_us=41469 rebuild_us=86 layout_us=1634 paint_us=267 encode_us=151 acquire_us=101 submit_us=39227 skipped=0
frust_shell_common::perf: frust-perf raw n=100 total_us=44276 rebuild_us=81 layout_us=3697 paint_us=339 encode_us=141 acquire_us=85 submit_us=39932 skipped=0
frust_shell_common::perf: frust-perf raw n=101 total_us=44087 rebuild_us=86 layout_us=3698 paint_us=336 encode_us=147 acquire_us=110 submit_us=39708 skipped=0
frust_shell_common::perf: frust-perf raw n=102 total_us=43381 rebuild_us=74 layout_us=2632 paint_us=255 encode_us=153 acquire_us=111 submit_us=40153 skipped=0
frust_shell_common::perf: frust-perf raw n=103 total_us=44163 rebuild_us=73 layout_us=3636 paint_us=45 encode_us=85 acquire_us=80 submit_us=40242 skipped=0
frust_shell_common::perf: frust-perf raw n=104 total_us=37198 rebuild_us=81 layout_us=2711 paint_us=40 encode_us=86 acquire_us=78 submit_us=34200 skipped=0
frust_shell_common::perf: frust-perf raw n=105 total_us=38064 rebuild_us=63 layout_us=2672 paint_us=37 encode_us=87 acquire_us=85 submit_us=35118 skipped=0
frust_shell_common::perf: frust-perf raw n=106 total_us=37915 rebuild_us=82 layout_us=2050 paint_us=197 encode_us=301 acquire_us=218 submit_us=35066 skipped=0
frust_shell_common::perf: frust-perf raw n=107 total_us=43983 rebuild_us=82 layout_us=2741 paint_us=44 encode_us=100 acquire_us=82 submit_us=40930 skipped=0
frust_shell_common::perf: frust-perf raw n=108 total_us=37566 rebuild_us=64 layout_us=2610 paint_us=35 encode_us=87 acquire_us=85 submit_us=34681 skipped=0
frust_shell_common::perf: frust-perf raw n=109 total_us=37757 rebuild_us=108 layout_us=3067 paint_us=302 encode_us=118 acquire_us=90 submit_us=34070 skipped=0
frust_shell_common::perf: frust-perf raw n=110 total_us=43773 rebuild_us=64 layout_us=2603 paint_us=317 encode_us=118 acquire_us=80 submit_us=40588 skipped=0
frust_shell_common::perf: frust-perf raw n=111 total_us=41657 rebuild_us=72 layout_us=2535 paint_us=231 encode_us=115 acquire_us=91 submit_us=38611 skipped=0
frust_shell_common::perf: frust-perf raw n=112 total_us=43299 rebuild_us=64 layout_us=2663 paint_us=248 encode_us=154 acquire_us=101 submit_us=40067 skipped=0
frust_shell_common::perf: frust-perf raw n=113 total_us=42369 rebuild_us=64 layout_us=2541 paint_us=230 encode_us=118 acquire_us=77 submit_us=39335 skipped=0
frust_shell_common::perf: frust-perf raw n=114 total_us=43769 rebuild_us=63 layout_us=2655 paint_us=239 encode_us=138 acquire_us=124 submit_us=40548 skipped=0
frust_shell_common::perf: frust-perf raw n=115 total_us=43634 rebuild_us=68 layout_us=2725 paint_us=259 encode_us=121 acquire_us=89 submit_us=40371 skipped=0
frust_shell_common::perf: frust-perf raw n=116 total_us=42917 rebuild_us=69 layout_us=2642 paint_us=249 encode_us=115 acquire_us=87 submit_us=39753 skipped=0
frust_shell_common::perf: frust-perf raw n=117 total_us=43594 rebuild_us=70 layout_us=2642 paint_us=245 encode_us=148 acquire_us=98 submit_us=40388 skipped=0
frust_shell_common::perf: frust-perf raw n=118 total_us=43210 rebuild_us=117 layout_us=2695 paint_us=259 encode_us=126 acquire_us=90 submit_us=39920 skipped=0
frust_shell_common::perf: frust-perf raw n=119 total_us=42437 rebuild_us=61 layout_us=2709 paint_us=256 encode_us=123 acquire_us=90 submit_us=39196 skipped=0
frust_shell_common::perf: frust-perf raw n=120 total_us=43316 rebuild_us=66 layout_us=2760 paint_us=259 encode_us=140 acquire_us=99 submit_us=39990 skipped=0
frust_shell_common::perf: frust-perf raw n=121 total_us=43671 rebuild_us=66 layout_us=2766 paint_us=260 encode_us=121 acquire_us=93 submit_us=40363 skipped=0
frust_shell_common::perf: frust-perf raw n=122 total_us=39761 rebuild_us=80 layout_us=35 paint_us=155 encode_us=165 acquire_us=97 submit_us=39226 skipped=0
frust_shell_common::perf: frust-perf raw n=123 total_us=45294 rebuild_us=90 layout_us=3996 paint_us=358 encode_us=168 acquire_us=213 submit_us=40466 skipped=0
frust_shell_common::perf: frust-perf raw n=124 total_us=43269 rebuild_us=85 layout_us=3076 paint_us=247 encode_us=126 acquire_us=101 submit_us=39632 skipped=0
frust_shell_common::perf: frust-perf raw n=125 total_us=44523 rebuild_us=109 layout_us=3103 paint_us=281 encode_us=108 acquire_us=75 submit_us=40845 skipped=0
frust_shell_common::perf: frust-perf raw n=126 total_us=42834 rebuild_us=78 layout_us=2782 paint_us=282 encode_us=124 acquire_us=95 submit_us=39470 skipped=0
frust_shell_common::perf: frust-perf raw n=127 total_us=43548 rebuild_us=65 layout_us=2859 paint_us=268 encode_us=139 acquire_us=106 submit_us=40108 skipped=0
frust_shell_common::perf: frust-perf raw n=128 total_us=44006 rebuild_us=70 layout_us=2830 paint_us=265 encode_us=147 acquire_us=114 submit_us=40577 skipped=0
frust_shell_common::perf: frust-perf raw n=129 total_us=42914 rebuild_us=68 layout_us=2830 paint_us=262 encode_us=128 acquire_us=94 submit_us=39530 skipped=0
frust_shell_common::perf: frust-perf raw n=130 total_us=44490 rebuild_us=67 layout_us=2845 paint_us=267 encode_us=159 acquire_us=120 submit_us=41030 skipped=0
frust_shell_common::perf: frust-perf raw n=131 total_us=42269 rebuild_us=67 layout_us=2774 paint_us=259 encode_us=129 acquire_us=92 submit_us=38945 skipped=0
frust_shell_android::app::frame: frust-perf platform-view tail depth=0 target=0 acquire_bound=false frame=480 expected_present_us=0 acquire_us=103 period_us=11126
frust_shell_common::perf: frust-perf raw n=132 total_us=42831 rebuild_us=69 layout_us=2875 paint_us=268 encode_us=130 acquire_us=108 submit_us=39379 skipped=0
frust_shell_common::perf: frust-perf raw n=133 total_us=43704 rebuild_us=73 layout_us=2846 paint_us=266 encode_us=156 acquire_us=162 submit_us=40198 skipped=0
frust_shell_common::perf: frust-perf raw n=134 total_us=43433 rebuild_us=71 layout_us=2878 paint_us=269 encode_us=132 acquire_us=104 submit_us=39976 skipped=0
frust_shell_common::perf: frust-perf raw n=135 total_us=44028 rebuild_us=68 layout_us=2773 paint_us=324 encode_us=139 acquire_us=114 submit_us=40609 skipped=0
frust_shell_common::perf: frust-perf raw n=136 total_us=42930 rebuild_us=72 layout_us=2640 paint_us=299 encode_us=175 acquire_us=113 submit_us=39629 skipped=0
frust_shell_common::perf: frust-perf raw n=137 total_us=42851 rebuild_us=76 layout_us=2927 paint_us=267 encode_us=128 acquire_us=107 submit_us=39343 skipped=0
frust_shell_common::perf: frust-perf raw n=138 total_us=44057 rebuild_us=93 layout_us=3254 paint_us=273 encode_us=162 acquire_us=110 submit_us=40163 skipped=0
frust_shell_common::perf: frust-perf raw n=139 total_us=43831 rebuild_us=71 layout_us=2889 paint_us=277 encode_us=133 acquire_us=103 submit_us=40357 skipped=0
frust_shell_common::perf: frust-perf raw n=140 total_us=42997 rebuild_us=67 layout_us=2758 paint_us=254 encode_us=128 acquire_us=113 submit_us=39675 skipped=0
frust_shell_common::perf: frust-perf raw n=141 total_us=43843 rebuild_us=73 layout_us=2881 paint_us=270 encode_us=156 acquire_us=105 submit_us=40355 skipped=0
frust_shell_common::perf: frust-perf raw n=142 total_us=43556 rebuild_us=70 layout_us=2952 paint_us=267 encode_us=162 acquire_us=105 submit_us=39997 skipped=0
frust_shell_common::perf: frust-perf raw n=143 total_us=43661 rebuild_us=69 layout_us=2684 paint_us=251 encode_us=139 acquire_us=108 submit_us=40407 skipped=0
frust_shell_common::perf: frust-perf frame n=120 total_p50_ms=41 total_p95_ms=44 total_p99_ms=44 rebuild_p95_ms=0 layout_p95_ms=3 paint_p95_ms=0 encode_p95_ms=0 acquire_p95_ms=0 submit_p95_ms=40 over_60hz=143 over_120hz=143 skipped=0 total_frames=143
frust_shell_common::perf: frust-perf raw n=144 total_us=43336 rebuild_us=73 layout_us=2833 paint_us=273 encode_us=178 acquire_us=118 submit_us=39859 skipped=0
frust_shell_common::perf: frust-perf raw n=145 total_us=43136 rebuild_us=86 layout_us=2987 paint_us=280 encode_us=131 acquire_us=107 submit_us=39543 skipped=0
frust_shell_common::perf: frust-perf raw n=146 total_us=43947 rebuild_us=78 layout_us=2922 paint_us=270 encode_us=163 acquire_us=119 submit_us=40392 skipped=0
frust_shell_common::perf: frust-perf raw n=147 total_us=43817 rebuild_us=78 layout_us=2955 paint_us=277 encode_us=131 acquire_us=110 submit_us=40263 skipped=0
frust_shell_common::perf: frust-perf raw n=148 total_us=43258 rebuild_us=76 layout_us=2921 paint_us=274 encode_us=131 acquire_us=115 submit_us=39739 skipped=0
frust_shell_common::perf: frust-perf raw n=149 total_us=44251 rebuild_us=80 layout_us=2980 paint_us=278 encode_us=159 acquire_us=111 submit_us=40640 skipped=0
frust_shell_common::perf: frust-perf raw n=150 total_us=43177 rebuild_us=91 layout_us=2961 paint_us=285 encode_us=135 acquire_us=108 submit_us=39596 skipped=0
frust_shell_common::perf: frust-perf raw n=151 total_us=42968 rebuild_us=70 layout_us=2711 paint_us=247 encode_us=139 acquire_us=107 submit_us=39691 skipped=0
frust_shell_common::perf: frust-perf raw n=152 total_us=43494 rebuild_us=68 layout_us=2699 paint_us=250 encode_us=131 acquire_us=88 submit_us=40255 skipped=0
frust_shell_common::perf: frust-perf raw n=153 total_us=42330 rebuild_us=63 layout_us=2659 paint_us=255 encode_us=116 acquire_us=80 submit_us=39154 skipped=0
frust_shell_common::perf: frust-perf raw n=154 total_us=43454 rebuild_us=66 layout_us=2717 paint_us=253 encode_us=158 acquire_us=88 submit_us=40168 skipped=0
frust_shell_common::perf: frust-perf raw n=155 total_us=43498 rebuild_us=62 layout_us=2689 paint_us=250 encode_us=153 acquire_us=99 submit_us=40243 skipped=0
frust_shell_common::perf: frust-perf raw n=156 total_us=42404 rebuild_us=62 layout_us=2615 paint_us=254 encode_us=115 acquire_us=82 submit_us=39274 skipped=0
frust_shell_common::perf: frust-perf raw n=157 total_us=42516 rebuild_us=113 layout_us=2497 paint_us=232 encode_us=118 acquire_us=90 submit_us=39464 skipped=0
frust_shell_common::perf: frust-perf raw n=158 total_us=42863 rebuild_us=84 layout_us=2765 paint_us=255 encode_us=117 acquire_us=78 submit_us=39561 skipped=0
frust_shell_common::perf: frust-perf raw n=159 total_us=43102 rebuild_us=66 layout_us=2724 paint_us=251 encode_us=137 acquire_us=86 submit_us=39836 skipped=0
frust_shell_common::perf: frust-perf raw n=160 total_us=42701 rebuild_us=65 layout_us=2741 paint_us=253 encode_us=118 acquire_us=81 submit_us=39440 skipped=0
frust_shell_common::perf: frust-perf raw n=161 total_us=42683 rebuild_us=61 layout_us=2478 paint_us=234 encode_us=125 acquire_us=87 submit_us=39695 skipped=0
frust_shell_common::perf: frust-perf raw n=162 total_us=43154 rebuild_us=66 layout_us=2646 paint_us=314 encode_us=117 acquire_us=81 submit_us=39928 skipped=0
frust_shell_common::perf: frust-perf raw n=163 total_us=42277 rebuild_us=82 layout_us=2747 paint_us=256 encode_us=117 acquire_us=79 submit_us=38994 skipped=0
frust_shell_common::perf: frust-perf raw n=164 total_us=43270 rebuild_us=65 layout_us=2667 paint_us=244 encode_us=137 acquire_us=126 submit_us=40028 skipped=0
frust_shell_android::app::frame: frust-perf platform-view tail depth=0 target=0 acquire_bound=false frame=600 expected_present_us=0 acquire_us=89 period_us=11122
frust_shell_common::perf: frust-perf raw n=165 total_us=42294 rebuild_us=63 layout_us=2702 paint_us=250 encode_us=117 acquire_us=80 submit_us=39079 skipped=0
frust_shell_common::perf: frust-perf raw n=166 total_us=43086 rebuild_us=76 layout_us=2750 paint_us=265 encode_us=152 acquire_us=87 submit_us=39755 skipped=0
frust_shell_common::perf: frust-perf raw n=167 total_us=43079 rebuild_us=63 layout_us=2629 paint_us=301 encode_us=116 acquire_us=80 submit_us=39889 skipped=0
frust_shell_common::perf: frust-perf raw n=168 total_us=42750 rebuild_us=81 layout_us=2642 paint_us=245 encode_us=114 acquire_us=79 submit_us=39587 skipped=0
frust_shell_common::perf: frust-perf raw n=169 total_us=43535 rebuild_us=68 layout_us=2674 paint_us=252 encode_us=142 acquire_us=96 submit_us=40299 skipped=0
frust_shell_common::perf: frust-perf raw n=170 total_us=44288 rebuild_us=79 layout_us=3750 paint_us=339 encode_us=116 acquire_us=82 submit_us=39919 skipped=0
frust_shell_common::perf: frust-perf raw n=171 total_us=43661 rebuild_us=74 layout_us=2759 paint_us=257 encode_us=157 acquire_us=145 submit_us=40267 skipped=0
frust_shell_common::perf: frust-perf raw n=172 total_us=42997 rebuild_us=62 layout_us=2712 paint_us=247 encode_us=120 acquire_us=92 submit_us=39761 skipped=0
frust_shell_common::perf: frust-perf raw n=173 total_us=42846 rebuild_us=64 layout_us=2661 paint_us=251 encode_us=115 acquire_us=81 submit_us=39670 skipped=0
frust_shell_common::perf: frust-perf raw n=174 total_us=43630 rebuild_us=62 layout_us=2717 paint_us=269 encode_us=152 acquire_us=83 submit_us=40345 skipped=0
frust_shell_common::perf: frust-perf raw n=175 total_us=43640 rebuild_us=112 layout_us=2645 paint_us=245 encode_us=116 acquire_us=90 submit_us=40430 skipped=0
frust_shell_common::perf: frust-perf raw n=176 total_us=42874 rebuild_us=80 layout_us=2760 paint_us=265 encode_us=113 acquire_us=78 submit_us=39575 skipped=0
frust_shell_common::perf: frust-perf raw n=177 total_us=43107 rebuild_us=68 layout_us=2715 paint_us=256 encode_us=123 acquire_us=97 submit_us=39846 skipped=0
frust_shell_common::perf: frust-perf raw n=178 total_us=43267 rebuild_us=64 layout_us=2676 paint_us=254 encode_us=114 acquire_us=87 submit_us=40070 skipped=0
frust_shell_common::perf: frust-perf raw n=179 total_us=43347 rebuild_us=70 layout_us=2565 paint_us=232 encode_us=148 acquire_us=86 submit_us=40243 skipped=0
frust_shell_common::perf: frust-perf raw n=180 total_us=43199 rebuild_us=57 layout_us=2508 paint_us=232 encode_us=113 acquire_us=82 submit_us=40205 skipped=0
frust_shell_common::perf: frust-perf raw n=181 total_us=42441 rebuild_us=80 layout_us=2779 paint_us=261 encode_us=113 acquire_us=78 submit_us=39128 skipped=0
frust_shell_common::perf: frust-perf raw n=182 total_us=43405 rebuild_us=65 layout_us=2680 paint_us=252 encode_us=183 acquire_us=84 submit_us=40138 skipped=0
frust_shell_common::perf: frust-perf raw n=183 total_us=42720 rebuild_us=65 layout_us=2550 paint_us=229 encode_us=111 acquire_us=90 submit_us=39671 skipped=0
frust_shell_common::perf: frust-perf raw n=184 total_us=43318 rebuild_us=67 layout_us=2680 paint_us=249 encode_us=152 acquire_us=97 submit_us=40071 skipped=0
frust_shell_common::perf: frust-perf raw n=185 total_us=43461 rebuild_us=61 layout_us=2693 paint_us=255 encode_us=115 acquire_us=90 submit_us=40245 skipped=0
frust_shell_common::perf: frust-perf raw n=186 total_us=42548 rebuild_us=72 layout_us=2758 paint_us=263 encode_us=114 acquire_us=88 submit_us=39251 skipped=0
frust_shell_common::perf: frust-perf raw n=187 total_us=43075 rebuild_us=67 layout_us=2688 paint_us=252 encode_us=141 acquire_us=86 submit_us=39840 skipped=0
frust_shell_common::perf: frust-perf raw n=188 total_us=42714 rebuild_us=115 layout_us=2646 paint_us=250 encode_us=151 acquire_us=98 submit_us=39452 skipped=0
frust_shell_common::perf: frust-perf raw n=189 total_us=43623 rebuild_us=65 layout_us=2648 paint_us=247 encode_us=133 acquire_us=84 submit_us=40445 skipped=0
frust_shell_common::perf: frust-perf raw n=190 total_us=43148 rebuild_us=70 layout_us=2734 paint_us=253 encode_us=116 acquire_us=81 submit_us=39892 skipped=0
frust_shell_common::perf: frust-perf frame n=120 total_p50_ms=42 total_p95_ms=44 total_p99_ms=44 rebuild_p95_ms=0 layout_p95_ms=3 paint_p95_ms=0 encode_p95_ms=0 acquire_p95_ms=0 submit_p95_ms=40 over_60hz=190 over_120hz=190 skipped=0 total_frames=190
frust_shell_common::perf: frust-perf raw n=191 total_us=42503 rebuild_us=61 layout_us=2654 paint_us=249 encode_us=115 acquire_us=82 submit_us=39338 skipped=0
frust_shell_common::perf: frust-perf raw n=192 total_us=43291 rebuild_us=61 layout_us=2540 paint_us=228 encode_us=149 acquire_us=93 submit_us=40217 skipped=0
frust_shell_common::perf: frust-perf raw n=193 total_us=42366 rebuild_us=62 layout_us=2641 paint_us=284 encode_us=114 acquire_us=83 submit_us=39180 skipped=0
frust_shell_common::perf: frust-perf raw n=194 total_us=43672 rebuild_us=63 layout_us=2653 paint_us=251 encode_us=138 acquire_us=96 submit_us=40468 skipped=0
frust_shell_common::perf: frust-perf raw n=195 total_us=42855 rebuild_us=71 layout_us=2727 paint_us=253 encode_us=149 acquire_us=98 submit_us=39555 skipped=0
frust_shell_common::perf: frust-perf raw n=196 total_us=42349 rebuild_us=64 layout_us=2524 paint_us=227 encode_us=113 acquire_us=80 submit_us=39339 skipped=0
frust_shell_common::perf: frust-perf raw n=197 total_us=43565 rebuild_us=68 layout_us=2684 paint_us=248 encode_us=160 acquire_us=93 submit_us=40309 skipped=0
frust_shell_android::app::frame: frust-perf platform-view tail depth=0 target=0 acquire_bound=false frame=720 expected_present_us=0 acquire_us=87 period_us=11131
frust_shell_common::perf: frust-perf raw n=198 total_us=42694 rebuild_us=64 layout_us=2694 paint_us=250 encode_us=118 acquire_us=90 submit_us=39476 skipped=0
frust_shell_common::perf: frust-perf raw n=199 total_us=43467 rebuild_us=64 layout_us=2598 paint_us=240 encode_us=125 acquire_us=99 submit_us=40338 skipped=0
frust_shell_common::perf: frust-perf raw n=200 total_us=42982 rebuild_us=75 layout_us=2715 paint_us=253 encode_us=119 acquire_us=88 submit_us=39729 skipped=0
frust_shell_common::perf: frust-perf raw n=201 total_us=42577 rebuild_us=104 layout_us=2644 paint_us=246 encode_us=118 acquire_us=91 submit_us=39372 skipped=0
frust_shell_common::perf: frust-perf raw n=202 total_us=42983 rebuild_us=99 layout_us=2647 paint_us=250 encode_us=163 acquire_us=85 submit_us=39738 skipped=0
frust_shell_common::perf: frust-perf raw n=203 total_us=42322 rebuild_us=62 layout_us=2681 paint_us=254 encode_us=118 acquire_us=81 submit_us=39123 skipped=0
frust_shell_common::perf: frust-perf raw n=204 total_us=43398 rebuild_us=69 layout_us=2568 paint_us=231 encode_us=144 acquire_us=91 submit_us=40294 skipped=0
frust_shell_common::perf: frust-perf raw n=205 total_us=42637 rebuild_us=70 layout_us=2722 paint_us=253 encode_us=118 acquire_us=91 submit_us=39380 skipped=0
frust_shell_common::perf: frust-perf raw n=206 total_us=42498 rebuild_us=65 layout_us=2648 paint_us=294 encode_us=121 acquire_us=91 submit_us=39277 skipped=0
frust_shell_common::perf: frust-perf raw n=207 total_us=44045 rebuild_us=63 layout_us=2656 paint_us=307 encode_us=146 acquire_us=97 submit_us=40773 skipped=0
frust_shell_common::perf: frust-perf raw n=208 total_us=42641 rebuild_us=77 layout_us=2729 paint_us=257 encode_us=116 acquire_us=91 submit_us=39369 skipped=0
frust_shell_common::perf: frust-perf raw n=209 total_us=43291 rebuild_us=62 layout_us=2681 paint_us=251 encode_us=134 acquire_us=89 submit_us=40071 skipped=0
frust_shell_common::perf: frust-perf raw n=210 total_us=42879 rebuild_us=83 layout_us=2775 paint_us=271 encode_us=121 acquire_us=87 submit_us=39539 skipped=0
frust_shell_common::perf: frust-perf raw n=211 total_us=42139 rebuild_us=64 layout_us=2564 paint_us=233 encode_us=110 acquire_us=80 submit_us=39084 skipped=0
frust_shell_common::perf: frust-perf raw n=212 total_us=43218 rebuild_us=62 layout_us=2728 paint_us=249 encode_us=129 acquire_us=87 submit_us=39960 skipped=0
frust_shell_common::perf: frust-perf raw n=213 total_us=43851 rebuild_us=88 layout_us=3725 paint_us=337 encode_us=115 acquire_us=89 submit_us=39495 skipped=0
frust_shell_common::perf: frust-perf raw n=214 total_us=43508 rebuild_us=63 layout_us=2692 paint_us=247 encode_us=150 acquire_us=90 submit_us=40266 skipped=0
frust_shell_common::perf: frust-perf raw n=215 total_us=44696 rebuild_us=82 layout_us=3719 paint_us=346 encode_us=154 acquire_us=95 submit_us=40298 skipped=0
frust_shell_common::perf: frust-perf raw n=216 total_us=42619 rebuild_us=62 layout_us=2676 paint_us=245 encode_us=115 acquire_us=82 submit_us=39435 skipped=0
frust_shell_common::perf: frust-perf raw n=217 total_us=43397 rebuild_us=64 layout_us=2711 paint_us=252 encode_us=136 acquire_us=85 submit_us=40147 skipped=0
frust_shell_common::perf: frust-perf raw n=218 total_us=43053 rebuild_us=66 layout_us=2704 paint_us=248 encode_us=151 acquire_us=81 submit_us=39800 skipped=0
frust_shell_common::perf: frust-perf raw n=219 total_us=43749 rebuild_us=61 layout_us=2614 paint_us=251 encode_us=129 acquire_us=84 submit_us=40607 skipped=0
frust_shell_common::perf: frust-perf raw n=220 total_us=42905 rebuild_us=67 layout_us=2636 paint_us=253 encode_us=122 acquire_us=83 submit_us=39742 skipped=0
frust_shell_common::perf: frust-perf raw n=221 total_us=42548 rebuild_us=63 layout_us=2685 paint_us=248 encode_us=118 acquire_us=82 submit_us=39349 skipped=0
frust_shell_common::perf: frust-perf raw n=222 total_us=43914 rebuild_us=66 layout_us=2582 paint_us=232 encode_us=133 acquire_us=87 submit_us=40812 skipped=0
frust_shell_common::perf: frust-perf raw n=223 total_us=42771 rebuild_us=66 layout_us=2535 paint_us=231 encode_us=114 acquire_us=109 submit_us=39713 skipped=0
frust_shell_common::perf: frust-perf raw n=224 total_us=42945 rebuild_us=62 layout_us=2639 paint_us=268 encode_us=114 acquire_us=94 submit_us=39765 skipped=0
frust_shell_common::perf: frust-perf raw n=225 total_us=42896 rebuild_us=65 layout_us=2649 paint_us=254 encode_us=133 acquire_us=86 submit_us=39705 skipped=0
frust_shell_common::perf: frust-perf raw n=226 total_us=42313 rebuild_us=66 layout_us=2645 paint_us=247 encode_us=115 acquire_us=83 submit_us=39155 skipped=0
frust_shell_common::perf: frust-perf raw n=227 total_us=43570 rebuild_us=68 layout_us=2722 paint_us=254 encode_us=137 acquire_us=88 submit_us=40300 skipped=0
frust_shell_common::perf: frust-perf raw n=228 total_us=43350 rebuild_us=67 layout_us=2654 paint_us=254 encode_us=117 acquire_us=81 submit_us=40173 skipped=0
frust_shell_common::perf: frust-perf raw n=229 total_us=42396 rebuild_us=70 layout_us=2711 paint_us=254 encode_us=115 acquire_us=81 submit_us=39164 skipped=0
frust_shell_common::perf: frust-perf raw n=230 total_us=43317 rebuild_us=61 layout_us=2687 paint_us=250 encode_us=113 acquire_us=82 submit_us=40121 skipped=0
frust_shell_common::perf: frust-perf raw n=231 total_us=42533 rebuild_us=81 layout_us=2744 paint_us=260 encode_us=115 acquire_us=80 submit_us=39251 skipped=0
frust_shell_android::app::frame: frust-perf platform-view tail depth=0 target=0 acquire_bound=false frame=840 expected_present_us=0 acquire_us=82 period_us=11136
frust_shell_common::perf: frust-perf raw n=232 total_us=43198 rebuild_us=68 layout_us=2706 paint_us=249 encode_us=152 acquire_us=84 submit_us=39936 skipped=0
frust_shell_common::perf: frust-perf raw n=233 total_us=43182 rebuild_us=73 layout_us=2794 paint_us=319 encode_us=125 acquire_us=93 submit_us=39775 skipped=0
frust_shell_common::perf: frust-perf raw n=234 total_us=43486 rebuild_us=68 layout_us=2736 paint_us=263 encode_us=135 acquire_us=85 submit_us=40198 skipped=0
frust_shell_common::perf: frust-perf raw n=235 total_us=43327 rebuild_us=81 layout_us=3045 paint_us=233 encode_us=120 acquire_us=89 submit_us=39757 skipped=0
frust_shell_common::perf: frust-perf raw n=236 total_us=42109 rebuild_us=78 layout_us=2585 paint_us=234 encode_us=114 acquire_us=78 submit_us=39018 skipped=0
frust_shell_common::perf: frust-perf raw n=237 total_us=43690 rebuild_us=62 layout_us=2719 paint_us=249 encode_us=142 acquire_us=99 submit_us=40418 skipped=0
frust_shell_common::perf: frust-perf frame n=120 total_p50_ms=43 total_p95_ms=44 total_p99_ms=44 rebuild_p95_ms=0 layout_p95_ms=3 paint_p95_ms=0 encode_p95_ms=0 acquire_p95_ms=0 submit_p95_ms=40 over_60hz=237 over_120hz=237 skipped=0 total_frames=237
frust_shell_common::perf: frust-perf raw n=238 total_us=42747 rebuild_us=76 layout_us=2702 paint_us=259 encode_us=117 acquire_us=74 submit_us=39516 skipped=0
frust_shell_common::perf: frust-perf raw n=239 total_us=42831 rebuild_us=60 layout_us=2753 paint_us=254 encode_us=289 acquire_us=160 submit_us=39312 skipped=0
frust_shell_common::perf: frust-perf raw n=240 total_us=42776 rebuild_us=63 layout_us=2663 paint_us=255 encode_us=118 acquire_us=92 submit_us=39582 skipped=0
frust_shell_common::perf: frust-perf raw n=241 total_us=42298 rebuild_us=80 layout_us=2749 paint_us=251 encode_us=116 acquire_us=89 submit_us=39011 skipped=0
frust_shell_common::perf: frust-perf raw n=242 total_us=43239 rebuild_us=70 layout_us=2708 paint_us=249 encode_us=142 acquire_us=97 submit_us=39972 skipped=0
frust_shell_common::perf: frust-perf raw n=243 total_us=42851 rebuild_us=72 layout_us=2704 paint_us=249 encode_us=114 acquire_us=91 submit_us=39618 skipped=0
frust_shell_common::perf: frust-perf raw n=244 total_us=43059 rebuild_us=71 layout_us=2624 paint_us=235 encode_us=141 acquire_us=99 submit_us=39886 skipped=0
frust_shell_common::perf: frust-perf raw n=245 total_us=43201 rebuild_us=66 layout_us=2689 paint_us=250 encode_us=119 acquire_us=84 submit_us=39991 skipped=0
frust_shell_common::perf: frust-perf raw n=246 total_us=42539 rebuild_us=84 layout_us=2706 paint_us=328 encode_us=114 acquire_us=81 submit_us=39223 skipped=0
frust_shell_common::perf: frust-perf raw n=247 total_us=43130 rebuild_us=71 layout_us=2523 paint_us=233 encode_us=128 acquire_us=88 submit_us=40084 skipped=0
frust_shell_common::perf: frust-perf raw n=248 total_us=42537 rebuild_us=73 layout_us=2697 paint_us=249 encode_us=118 acquire_us=82 submit_us=39317 skipped=0
frust_shell_common::perf: frust-perf raw n=249 total_us=43749 rebuild_us=65 layout_us=2762 paint_us=249 encode_us=147 acquire_us=99 submit_us=40425 skipped=0
frust_shell_common::perf: frust-perf raw n=250 total_us=42379 rebuild_us=60 layout_us=2536 paint_us=232 encode_us=121 acquire_us=82 submit_us=39345 skipped=0
frust_shell_common::perf: frust-perf raw n=251 total_us=42672 rebuild_us=79 layout_us=2606 paint_us=240 encode_us=118 acquire_us=86 submit_us=39541 skipped=0
frust_shell_common::perf: frust-perf raw n=252 total_us=42796 rebuild_us=64 layout_us=2675 paint_us=253 encode_us=138 acquire_us=91 submit_us=39572 skipped=0
frust_shell_common::perf: frust-perf raw n=253 total_us=43680 rebuild_us=80 layout_us=3677 paint_us=339 encode_us=114 acquire_us=84 submit_us=39384 skipped=0
frust_shell_common::perf: frust-perf raw n=254 total_us=43406 rebuild_us=70 layout_us=2741 paint_us=251 encode_us=145 acquire_us=96 submit_us=40101 skipped=0
frust_shell_common::perf: frust-perf raw n=255 total_us=43190 rebuild_us=79 layout_us=3706 paint_us=344 encode_us=120 acquire_us=83 submit_us=38857 skipped=0
frust_shell_common::perf: frust-perf raw n=256 total_us=43068 rebuild_us=62 layout_us=2690 paint_us=254 encode_us=130 acquire_us=112 submit_us=39819 skipped=0
frust_shell_common::perf: frust-perf raw n=257 total_us=42836 rebuild_us=71 layout_us=2679 paint_us=255 encode_us=118 acquire_us=86 submit_us=39625 skipped=0
frust_shell_common::perf: frust-perf raw n=258 total_us=42479 rebuild_us=60 layout_us=2629 paint_us=248 encode_us=117 acquire_us=82 submit_us=39342 skipped=0
frust_shell_common::perf: frust-perf raw n=259 total_us=43244 rebuild_us=70 layout_us=2645 paint_us=255 encode_us=154 acquire_us=95 submit_us=40023 skipped=0
frust_shell_common::perf: frust-perf raw n=260 total_us=42273 rebuild_us=65 layout_us=2607 paint_us=242 encode_us=116 acquire_us=86 submit_us=39153 skipped=0
frust_shell_common::perf: frust-perf raw n=261 total_us=43524 rebuild_us=68 layout_us=2590 paint_us=314 encode_us=142 acquire_us=98 submit_us=40309 skipped=0
frust_shell_common::perf: frust-perf raw n=262 total_us=42394 rebuild_us=71 layout_us=2582 paint_us=248 encode_us=117 acquire_us=86 submit_us=39287 skipped=0
frust_shell_common::perf: frust-perf raw n=263 total_us=42760 rebuild_us=60 layout_us=2528 paint_us=231 encode_us=114 acquire_us=109 submit_us=39715 skipped=0
frust_shell_common::perf: frust-perf raw n=264 total_us=42687 rebuild_us=67 layout_us=2734 paint_us=251 encode_us=144 acquire_us=96 submit_us=39393 skipped=0
frust_shell_android::app::frame: frust-perf platform-view tail depth=0 target=0 acquire_bound=false frame=960 expected_present_us=0 acquire_us=96 period_us=11126
frust_shell_common::perf: frust-perf raw n=265 total_us=42401 rebuild_us=69 layout_us=2612 paint_us=288 encode_us=120 acquire_us=104 submit_us=39206 skipped=0
frust_shell_common::perf: frust-perf raw n=266 total_us=43166 rebuild_us=68 layout_us=2775 paint_us=269 encode_us=148 acquire_us=92 submit_us=39812 skipped=0
frust_shell_common::perf: frust-perf raw n=267 total_us=42215 rebuild_us=68 layout_us=2705 paint_us=253 encode_us=121 acquire_us=87 submit_us=38978 skipped=0
frust_shell_common::perf: frust-perf raw n=268 total_us=43226 rebuild_us=74 layout_us=2699 paint_us=252 encode_us=151 acquire_us=105 submit_us=39943 skipped=0
frust_shell_common::perf: frust-perf raw n=269 total_us=42961 rebuild_us=123 layout_us=2647 paint_us=251 encode_us=158 acquire_us=102 submit_us=39677 skipped=0
frust_shell_common::perf: frust-perf raw n=270 total_us=42479 rebuild_us=65 layout_us=2664 paint_us=250 encode_us=119 acquire_us=84 submit_us=39294 skipped=0
frust_shell_common::perf: frust-perf raw n=271 total_us=42353 rebuild_us=68 layout_us=2537 paint_us=226 encode_us=137 acquire_us=93 submit_us=39289 skipped=0
frust_shell_common::perf: frust-perf raw n=272 total_us=39358 rebuild_us=63 layout_us=13 paint_us=166 encode_us=151 acquire_us=117 submit_us=38845 skipped=0
frust_shell_common::perf: frust-perf raw n=273 total_us=40303 rebuild_us=73 layout_us=221 paint_us=268 encode_us=137 acquire_us=91 submit_us=39511 skipped=0
frust_shell_common::perf: frust-perf raw n=274 total_us=41016 rebuild_us=73 layout_us=1523 paint_us=242 encode_us=151 acquire_us=101 submit_us=38922 skipped=0
frust_shell_common::perf: frust-perf raw n=275 total_us=41994 rebuild_us=86 layout_us=1527 paint_us=311 encode_us=138 acquire_us=102 submit_us=39827 skipped=0
frust_shell_common::perf: frust-perf raw n=276 total_us=41694 rebuild_us=79 layout_us=1546 paint_us=255 encode_us=157 acquire_us=100 submit_us=39555 skipped=0
frust_shell_common::perf: frust-perf raw n=277 total_us=41230 rebuild_us=72 layout_us=1577 paint_us=246 encode_us=155 acquire_us=100 submit_us=39078 skipped=0
frust_shell_common::perf: frust-perf raw n=278 total_us=41402 rebuild_us=83 layout_us=1611 paint_us=253 encode_us=155 acquire_us=117 submit_us=39181 skipped=0
frust_shell_common::perf: frust-perf raw n=279 total_us=41089 rebuild_us=77 layout_us=1542 paint_us=249 encode_us=155 acquire_us=117 submit_us=38946 skipped=0
frust_shell_common::perf: frust-perf raw n=280 total_us=42142 rebuild_us=79 layout_us=1547 paint_us=247 encode_us=150 acquire_us=96 submit_us=40020 skipped=0
frust_shell_common::perf: frust-perf raw n=281 total_us=41122 rebuild_us=74 layout_us=1595 paint_us=259 encode_us=153 acquire_us=100 submit_us=38939 skipped=0
frust_shell_common::perf: frust-perf raw n=282 total_us=42038 rebuild_us=78 layout_us=1558 paint_us=251 encode_us=142 acquire_us=85 submit_us=39921 skipped=0
frust_shell_common::perf: frust-perf raw n=283 total_us=41452 rebuild_us=75 layout_us=1567 paint_us=246 encode_us=148 acquire_us=94 submit_us=39320 skipped=0
frust_shell_common::perf: frust-perf raw n=284 total_us=41678 rebuild_us=70 layout_us=1497 paint_us=241 encode_us=150 acquire_us=112 submit_us=39604 skipped=0
frust_shell_common::perf: frust-perf raw n=285 total_us=41443 rebuild_us=76 layout_us=1339 paint_us=219 encode_us=147 acquire_us=98 submit_us=39561 skipped=0
frust_shell_common::perf: frust-perf frame n=120 total_p50_ms=42 total_p95_ms=43 total_p99_ms=44 rebuild_p95_ms=0 layout_p95_ms=2 paint_p95_ms=0 encode_p95_ms=0 acquire_p95_ms=0 submit_p95_ms=40 over_60hz=285 over_120hz=285 skipped=0 total_frames=285
frust_shell_common::perf: frust-perf raw n=286 total_us=41253 rebuild_us=80 layout_us=1617 paint_us=245 encode_us=146 acquire_us=97 submit_us=39067 skipped=0
frust_shell_common::perf: frust-perf raw n=287 total_us=42392 rebuild_us=75 layout_us=1569 paint_us=249 encode_us=136 acquire_us=85 submit_us=40276 skipped=0
frust_shell_common::perf: frust-perf raw n=288 total_us=42098 rebuild_us=75 layout_us=1515 paint_us=240 encode_us=152 acquire_us=100 submit_us=40014 skipped=0
frust_shell_common::perf: frust-perf raw n=289 total_us=41617 rebuild_us=68 layout_us=1503 paint_us=245 encode_us=151 acquire_us=112 submit_us=39536 skipped=0
frust_shell_common::perf: frust-perf raw n=290 total_us=41154 rebuild_us=74 layout_us=1523 paint_us=253 encode_us=154 acquire_us=96 submit_us=39050 skipped=0
frust_shell_common::perf: frust-perf raw n=291 total_us=41266 rebuild_us=76 layout_us=1624 paint_us=240 encode_us=145 acquire_us=108 submit_us=39070 skipped=0
frust_shell_common::perf: frust-perf raw n=292 total_us=41743 rebuild_us=71 layout_us=1563 paint_us=244 encode_us=128 acquire_us=86 submit_us=39649 skipped=0
frust_shell_common::perf: frust-perf raw n=293 total_us=41589 rebuild_us=79 layout_us=1524 paint_us=256 encode_us=151 acquire_us=103 submit_us=39473 skipped=0
frust_shell_common::perf: frust-perf raw n=294 total_us=41741 rebuild_us=74 layout_us=1522 paint_us=246 encode_us=133 acquire_us=94 submit_us=39669 skipped=0
frust_shell_common::perf: frust-perf raw n=295 total_us=42031 rebuild_us=75 layout_us=1577 paint_us=249 encode_us=154 acquire_us=105 submit_us=39869 skipped=0
frust_shell_common::perf: frust-perf raw n=296 total_us=41237 rebuild_us=77 layout_us=1622 paint_us=246 encode_us=151 acquire_us=95 submit_us=39042 skipped=0
frust_shell_common::perf: frust-perf raw n=297 total_us=41835 rebuild_us=71 layout_us=1603 paint_us=246 encode_us=148 acquire_us=96 submit_us=39669 skipped=0
frust_shell_common::perf: frust-perf raw n=298 total_us=41548 rebuild_us=78 layout_us=1517 paint_us=243 encode_us=151 acquire_us=96 submit_us=39461 skipped=0
frust_shell_android::app::frame: frust-perf platform-view tail depth=0 target=0 acquire_bound=false frame=1080 expected_present_us=0 acquire_us=94 period_us=11134
frust_shell_common::perf: frust-perf raw n=299 total_us=42292 rebuild_us=80 layout_us=1523 paint_us=251 encode_us=137 acquire_us=91 submit_us=40208 skipped=0
frust_shell_common::perf: frust-perf raw n=300 total_us=40984 rebuild_us=77 layout_us=1575 paint_us=247 encode_us=183 acquire_us=97 submit_us=38802 skipped=0
frust_shell_common::perf: frust-perf raw n=301 total_us=42355 rebuild_us=73 layout_us=1536 paint_us=248 encode_us=136 acquire_us=82 submit_us=40279 skipped=0
frust_shell_common::perf: frust-perf raw n=302 total_us=41354 rebuild_us=80 layout_us=1526 paint_us=249 encode_us=149 acquire_us=99 submit_us=39248 skipped=0
frust_shell_common::perf: frust-perf raw n=303 total_us=41356 rebuild_us=75 layout_us=1510 paint_us=311 encode_us=148 acquire_us=96 submit_us=39214 skipped=0
frust_shell_common::perf: frust-perf raw n=304 total_us=41571 rebuild_us=76 layout_us=1517 paint_us=304 encode_us=161 acquire_us=105 submit_us=39406 skipped=0
frust_shell_common::perf: frust-perf raw n=305 total_us=41291 rebuild_us=72 layout_us=1575 paint_us=242 encode_us=149 acquire_us=96 submit_us=39155 skipped=0
frust_shell_common::perf: frust-perf raw n=306 total_us=42733 rebuild_us=75 layout_us=1608 paint_us=250 encode_us=143 acquire_us=91 submit_us=40563 skipped=0
frust_shell_common::perf: frust-perf raw n=307 total_us=41759 rebuild_us=73 layout_us=1528 paint_us=245 encode_us=149 acquire_us=97 submit_us=39665 skipped=0
frust_shell_common::perf: frust-perf raw n=308 total_us=41733 rebuild_us=70 layout_us=1330 paint_us=296 encode_us=145 acquire_us=97 submit_us=39792 skipped=0
frust_shell_common::perf: frust-perf raw n=309 total_us=41487 rebuild_us=76 layout_us=1576 paint_us=245 encode_us=154 acquire_us=105 submit_us=39329 skipped=0
frust_shell_common::perf: frust-perf raw n=310 total_us=40927 rebuild_us=79 layout_us=1574 paint_us=253 encode_us=151 acquire_us=99 submit_us=38769 skipped=0
frust_shell_common::perf: frust-perf raw n=311 total_us=42681 rebuild_us=74 layout_us=1609 paint_us=245 encode_us=151 acquire_us=93 submit_us=40506 skipped=0
frust_shell_common::perf: frust-perf raw n=312 total_us=40826 rebuild_us=78 layout_us=1566 paint_us=249 encode_us=150 acquire_us=117 submit_us=38664 skipped=0
frust_shell_common::perf: frust-perf raw n=313 total_us=42183 rebuild_us=71 layout_us=1623 paint_us=247 encode_us=134 acquire_us=85 submit_us=40021 skipped=0
frust_shell_common::perf: frust-perf raw n=314 total_us=42103 rebuild_us=73 layout_us=1641 paint_us=246 encode_us=148 acquire_us=125 submit_us=39868 skipped=0
frust_shell_common::perf: frust-perf raw n=315 total_us=43937 rebuild_us=109 layout_us=1534 paint_us=246 encode_us=151 acquire_us=95 submit_us=41799 skipped=0
frust_shell_common::perf: frust-perf raw n=316 total_us=39855 rebuild_us=71 layout_us=1513 paint_us=247 encode_us=148 acquire_us=97 submit_us=37776 skipped=0
frust_shell_common::perf: frust-perf raw n=317 total_us=40524 rebuild_us=79 layout_us=1547 paint_us=300 encode_us=152 acquire_us=96 submit_us=38348 skipped=0
frust_shell_common::perf: frust-perf raw n=318 total_us=41975 rebuild_us=73 layout_us=1543 paint_us=317 encode_us=149 acquire_us=83 submit_us=39808 skipped=0
frust_shell_common::perf: frust-perf raw n=319 total_us=41774 rebuild_us=72 layout_us=1625 paint_us=249 encode_us=151 acquire_us=107 submit_us=39566 skipped=0
frust_shell_common::perf: frust-perf raw n=320 total_us=41173 rebuild_us=72 layout_us=1521 paint_us=241 encode_us=144 acquire_us=94 submit_us=39099 skipped=0
frust_shell_common::perf: frust-perf raw n=321 total_us=41651 rebuild_us=78 layout_us=1539 paint_us=245 encode_us=195 acquire_us=97 submit_us=39494 skipped=0
frust_shell_common::perf: frust-perf raw n=322 total_us=41480 rebuild_us=73 layout_us=1565 paint_us=256 encode_us=263 acquire_us=124 submit_us=39196 skipped=0
frust_shell_common::perf: frust-perf raw n=323 total_us=42235 rebuild_us=85 layout_us=1664 paint_us=262 encode_us=130 acquire_us=96 submit_us=39996 skipped=0
frust_shell_common::perf: frust-perf raw n=324 total_us=40957 rebuild_us=112 layout_us=1556 paint_us=254 encode_us=152 acquire_us=170 submit_us=38710 skipped=0
frust_shell_common::perf: frust-perf raw n=325 total_us=42295 rebuild_us=80 layout_us=1573 paint_us=254 encode_us=158 acquire_us=97 submit_us=40132 skipped=0
frust_shell_common::perf: frust-perf raw n=326 total_us=41777 rebuild_us=78 layout_us=1560 paint_us=244 encode_us=149 acquire_us=112 submit_us=39631 skipped=0
frust_shell_common::perf: frust-perf raw n=327 total_us=41680 rebuild_us=74 layout_us=1634 paint_us=252 encode_us=154 acquire_us=114 submit_us=39449 skipped=0
frust_shell_common::perf: frust-perf raw n=328 total_us=41835 rebuild_us=78 layout_us=1668 paint_us=255 encode_us=155 acquire_us=104 submit_us=39572 skipped=0
frust_shell_common::perf: frust-perf raw n=329 total_us=41927 rebuild_us=77 layout_us=1549 paint_us=253 encode_us=156 acquire_us=100 submit_us=39789 skipped=0
frust_shell_common::perf: frust-perf raw n=330 total_us=41659 rebuild_us=74 layout_us=1583 paint_us=259 encode_us=142 acquire_us=103 submit_us=39496 skipped=0
frust_shell_common::perf: frust-perf raw n=331 total_us=40634 rebuild_us=75 layout_us=1357 paint_us=226 encode_us=148 acquire_us=114 submit_us=38712 skipped=0
frust_shell_android::app::frame: frust-perf platform-view tail depth=0 target=0 acquire_bound=false frame=1200 expected_present_us=0 acquire_us=107 period_us=11132
frust_shell_common::perf: frust-perf raw n=332 total_us=42713 rebuild_us=76 layout_us=1638 paint_us=258 encode_us=144 acquire_us=104 submit_us=40490 skipped=0
frust_shell_common::perf: frust-perf raw n=333 total_us=42056 rebuild_us=81 layout_us=1685 paint_us=272 encode_us=155 acquire_us=105 submit_us=39755 skipped=0
frust_shell_common::perf: frust-perf frame n=120 total_p50_ms=42 total_p95_ms=43 total_p99_ms=43 rebuild_p95_ms=0 layout_p95_ms=2 paint_p95_ms=0 encode_p95_ms=0 acquire_p95_ms=0 submit_p95_ms=40 over_60hz=333 over_120hz=333 skipped=0 total_frames=333
frust_shell_common::perf: frust-perf raw n=334 total_us=41086 rebuild_us=73 layout_us=1542 paint_us=248 encode_us=153 acquire_us=102 submit_us=38964 skipped=0
frust_shell_common::perf: frust-perf raw n=335 total_us=42394 rebuild_us=78 layout_us=1567 paint_us=253 encode_us=164 acquire_us=98 submit_us=40230 skipped=0
frust_shell_common::perf: frust-perf raw n=336 total_us=40960 rebuild_us=76 layout_us=1617 paint_us=254 encode_us=154 acquire_us=104 submit_us=38753 skipped=0
frust_shell_common::perf: frust-perf raw n=337 total_us=42379 rebuild_us=74 layout_us=1619 paint_us=246 encode_us=144 acquire_us=98 submit_us=40195 skipped=0
frust_shell_common::perf: frust-perf raw n=338 total_us=42024 rebuild_us=76 layout_us=1643 paint_us=259 encode_us=154 acquire_us=113 submit_us=39776 skipped=0
frust_shell_common::perf: frust-perf raw n=339 total_us=41645 rebuild_us=75 layout_us=1526 paint_us=243 encode_us=152 acquire_us=115 submit_us=39531 skipped=0
frust_shell_common::perf: frust-perf raw n=340 total_us=41246 rebuild_us=78 layout_us=1540 paint_us=247 encode_us=164 acquire_us=100 submit_us=39116 skipped=0
frust_shell_common::perf: frust-perf raw n=341 total_us=41735 rebuild_us=94 layout_us=1641 paint_us=273 encode_us=157 acquire_us=97 submit_us=39470 skipped=0
frust_shell_common::perf: frust-perf raw n=342 total_us=42114 rebuild_us=77 layout_us=1656 paint_us=248 encode_us=146 acquire_us=90 submit_us=39895 skipped=0
frust_shell_common::perf: frust-perf raw n=343 total_us=41696 rebuild_us=77 layout_us=1566 paint_us=255 encode_us=156 acquire_us=101 submit_us=39539 skipped=0
frust_shell_common::perf: frust-perf raw n=344 total_us=41213 rebuild_us=72 layout_us=1548 paint_us=247 encode_us=153 acquire_us=113 submit_us=39078 skipped=0
frust_shell_common::perf: frust-perf raw n=345 total_us=42019 rebuild_us=77 layout_us=1552 paint_us=327 encode_us=154 acquire_us=115 submit_us=39791 skipped=0
frust_shell_common::perf: frust-perf raw n=346 total_us=41311 rebuild_us=84 layout_us=1648 paint_us=257 encode_us=151 acquire_us=100 submit_us=39069 skipped=0
frust_shell_common::perf: frust-perf raw n=347 total_us=42288 rebuild_us=80 layout_us=1724 paint_us=257 encode_us=146 acquire_us=104 submit_us=39975 skipped=0
frust_shell_common::perf: frust-perf raw n=348 total_us=41804 rebuild_us=76 layout_us=1557 paint_us=239 encode_us=151 acquire_us=102 submit_us=39675 skipped=0
frust_shell_common::perf: frust-perf raw n=349 total_us=42128 rebuild_us=74 layout_us=1542 paint_us=333 encode_us=130 acquire_us=89 submit_us=39957 skipped=0
frust_shell_common::perf: frust-perf raw n=350 total_us=42188 rebuild_us=76 layout_us=1634 paint_us=253 encode_us=152 acquire_us=118 submit_us=39952 skipped=0
frust_shell_common::perf: frust-perf raw n=351 total_us=41410 rebuild_us=89 layout_us=1615 paint_us=282 encode_us=152 acquire_us=102 submit_us=39167 skipped=0
frust_shell_common::perf: frust-perf raw n=352 total_us=42336 rebuild_us=82 layout_us=1627 paint_us=249 encode_us=143 acquire_us=95 submit_us=40137 skipped=0
frust_shell_common::perf: frust-perf raw n=353 total_us=41938 rebuild_us=79 layout_us=1563 paint_us=251 encode_us=153 acquire_us=113 submit_us=39777 skipped=0
frust_shell_common::perf: frust-perf raw n=354 total_us=42166 rebuild_us=77 layout_us=1650 paint_us=247 encode_us=127 acquire_us=100 submit_us=39963 skipped=0
frust_shell_common::perf: frust-perf raw n=355 total_us=42164 rebuild_us=75 layout_us=1634 paint_us=252 encode_us=155 acquire_us=110 submit_us=39937 skipped=0
frust_shell_common::perf: frust-perf raw n=356 total_us=41589 rebuild_us=71 layout_us=1545 paint_us=240 encode_us=154 acquire_us=113 submit_us=39463 skipped=0
frust_shell_common::perf: frust-perf raw n=357 total_us=41949 rebuild_us=79 layout_us=1569 paint_us=254 encode_us=143 acquire_us=103 submit_us=39798 skipped=0
frust_shell_common::perf: frust-perf raw n=358 total_us=41407 rebuild_us=74 layout_us=1559 paint_us=297 encode_us=153 acquire_us=116 submit_us=39205 skipped=0
frust_shell_common::perf: frust-perf raw n=359 total_us=42127 rebuild_us=86 layout_us=1498 paint_us=243 encode_us=138 acquire_us=90 submit_us=40071 skipped=0
frust_shell_common::perf: frust-perf raw n=360 total_us=41545 rebuild_us=81 layout_us=1641 paint_us=248 encode_us=152 acquire_us=103 submit_us=39318 skipped=0
frust_shell_common::perf: frust-perf raw n=361 total_us=41945 rebuild_us=70 layout_us=1531 paint_us=250 encode_us=155 acquire_us=102 submit_us=39835 skipped=0
frust_shell_common::perf: frust-perf raw n=362 total_us=41907 rebuild_us=93 layout_us=1631 paint_us=254 encode_us=167 acquire_us=105 submit_us=39655 skipped=0
frust_shell_common::perf: frust-perf raw n=363 total_us=41128 rebuild_us=76 layout_us=1613 paint_us=254 encode_us=154 acquire_us=114 submit_us=38916 skipped=0
frust_shell_common::perf: frust-perf raw n=364 total_us=42233 rebuild_us=75 layout_us=1630 paint_us=256 encode_us=142 acquire_us=88 submit_us=40040 skipped=0
frust_shell_common::perf: frust-perf raw n=365 total_us=41593 rebuild_us=76 layout_us=1612 paint_us=244 encode_us=152 acquire_us=100 submit_us=39406 skipped=0
frust_shell_android::app::frame: frust-perf platform-view tail depth=0 target=0 acquire_bound=false frame=1320 expected_present_us=0 acquire_us=100 period_us=11130
frust_shell_common::perf: frust-perf raw n=366 total_us=41583 rebuild_us=73 layout_us=1536 paint_us=250 encode_us=152 acquire_us=101 submit_us=39467 skipped=0
frust_shell_common::perf: frust-perf raw n=367 total_us=42573 rebuild_us=81 layout_us=1552 paint_us=254 encode_us=153 acquire_us=103 submit_us=40428 skipped=0
frust_shell_common::perf: frust-perf raw n=368 total_us=41187 rebuild_us=71 layout_us=1596 paint_us=250 encode_us=152 acquire_us=101 submit_us=39015 skipped=0
frust_shell_common::perf: frust-perf raw n=369 total_us=42609 rebuild_us=80 layout_us=1651 paint_us=256 encode_us=142 acquire_us=101 submit_us=40377 skipped=0
frust_shell_common::perf: frust-perf raw n=370 total_us=41714 rebuild_us=94 layout_us=1589 paint_us=265 encode_us=157 acquire_us=99 submit_us=39507 skipped=0
frust_shell_common::perf: frust-perf raw n=371 total_us=41470 rebuild_us=76 layout_us=1536 paint_us=249 encode_us=152 acquire_us=110 submit_us=39344 skipped=0
frust_shell_common::perf: frust-perf raw n=372 total_us=42220 rebuild_us=73 layout_us=1545 paint_us=324 encode_us=155 acquire_us=94 submit_us=40027 skipped=0
frust_shell_common::perf: frust-perf raw n=373 total_us=43879 rebuild_us=79 layout_us=3709 paint_us=410 encode_us=152 acquire_us=109 submit_us=39419 skipped=0
frust_shell_common::perf: frust-perf raw n=374 total_us=44159 rebuild_us=69 layout_us=2786 paint_us=250 encode_us=140 acquire_us=92 submit_us=40818 skipped=0
frust_shell_common::perf: frust-perf raw n=375 total_us=43700 rebuild_us=94 layout_us=3759 paint_us=350 encode_us=122 acquire_us=87 submit_us=39283 skipped=0
frust_shell_common::perf: frust-perf raw n=376 total_us=43536 rebuild_us=65 layout_us=2746 paint_us=254 encode_us=130 acquire_us=128 submit_us=40209 skipped=0
frust_shell_common::perf: frust-perf raw n=377 total_us=43014 rebuild_us=64 layout_us=2710 paint_us=248 encode_us=168 acquire_us=106 submit_us=39715 skipped=0
frust_shell_common::perf: frust-perf raw n=378 total_us=42523 rebuild_us=72 layout_us=2695 paint_us=249 encode_us=118 acquire_us=96 submit_us=39289 skipped=0
frust_shell_common::perf: frust-perf raw n=379 total_us=43956 rebuild_us=66 layout_us=2719 paint_us=254 encode_us=154 acquire_us=92 submit_us=40669 skipped=0
frust_shell_common::perf: frust-perf raw n=380 total_us=43640 rebuild_us=85 layout_us=2859 paint_us=263 encode_us=164 acquire_us=89 submit_us=40178 skipped=0
frust_shell_common::perf: frust-perf raw n=381 total_us=42627 rebuild_us=67 layout_us=2710 paint_us=248 encode_us=121 acquire_us=86 submit_us=39392 skipped=0
frust_shell_common::perf: frust-perf frame n=120 total_p50_ms=41 total_p95_ms=43 total_p99_ms=43 rebuild_p95_ms=0 layout_p95_ms=2 paint_p95_ms=0 encode_p95_ms=0 acquire_p95_ms=0 submit_p95_ms=40 over_60hz=381 over_120hz=381 skipped=0 total_frames=381
frust_shell_common::perf: frust-perf raw n=382 total_us=43940 rebuild_us=65 layout_us=2704 paint_us=251 encode_us=144 acquire_us=89 submit_us=40685 skipped=0
frust_shell_common::perf: frust-perf raw n=383 total_us=42172 rebuild_us=84 layout_us=2732 paint_us=260 encode_us=120 acquire_us=87 submit_us=38886 skipped=0
frust_shell_common::perf: frust-perf raw n=384 total_us=43357 rebuild_us=73 layout_us=2668 paint_us=250 encode_us=154 acquire_us=97 submit_us=40113 skipped=0
frust_shell_common::perf: frust-perf raw n=385 total_us=43003 rebuild_us=69 layout_us=2694 paint_us=246 encode_us=160 acquire_us=109 submit_us=39722 skipped=0
frust_shell_common::perf: frust-perf raw n=386 total_us=42967 rebuild_us=66 layout_us=2694 paint_us=248 encode_us=117 acquire_us=85 submit_us=39756 skipped=0
frust_shell_common::perf: frust-perf raw n=387 total_us=43834 rebuild_us=68 layout_us=2726 paint_us=252 encode_us=143 acquire_us=109 submit_us=40534 skipped=0
frust_shell_common::perf: frust-perf raw n=388 total_us=43290 rebuild_us=67 layout_us=2645 paint_us=284 encode_us=156 acquire_us=104 submit_us=40032 skipped=0
frust_shell_common::perf: frust-perf raw n=389 total_us=42873 rebuild_us=59 layout_us=2654 paint_us=247 encode_us=117 acquire_us=84 submit_us=39709 skipped=0
frust_shell_common::perf: frust-perf raw n=390 total_us=43399 rebuild_us=61 layout_us=2640 paint_us=243 encode_us=127 acquire_us=86 submit_us=40238 skipped=0
frust_shell_common::perf: frust-perf raw n=391 total_us=42677 rebuild_us=62 layout_us=2658 paint_us=243 encode_us=118 acquire_us=89 submit_us=39505 skipped=0
frust_shell_common::perf: frust-perf raw n=392 total_us=43583 rebuild_us=68 layout_us=2533 paint_us=230 encode_us=130 acquire_us=86 submit_us=40533 skipped=0
frust_shell_common::perf: frust-perf raw n=393 total_us=42907 rebuild_us=71 layout_us=2649 paint_us=255 encode_us=118 acquire_us=82 submit_us=39729 skipped=0
frust_shell_common::perf: frust-perf raw n=394 total_us=40681 rebuild_us=59 layout_us=823 paint_us=168 encode_us=154 acquire_us=97 submit_us=39377 skipped=0
frust_shell_common::perf: frust-perf raw n=395 total_us=41622 rebuild_us=68 layout_us=442 paint_us=337 encode_us=135 acquire_us=122 submit_us=40515 skipped=0
frust_shell_common::perf: frust-perf raw n=396 total_us=43969 rebuild_us=78 layout_us=3794 paint_us=337 encode_us=149 acquire_us=97 submit_us=39511 skipped=0
frust_shell_common::perf: frust-perf raw n=397 total_us=43867 rebuild_us=66 layout_us=2558 paint_us=234 encode_us=143 acquire_us=84 submit_us=40779 skipped=0
frust_shell_common::perf: frust-perf raw n=398 total_us=44098 rebuild_us=88 layout_us=3537 paint_us=314 encode_us=153 acquire_us=116 submit_us=39887 skipped=0
frust_shell_android::app::frame: frust-perf platform-view tail depth=0 target=0 acquire_bound=false frame=1440 expected_present_us=0 acquire_us=95 period_us=11124
frust_shell_common::perf: frust-perf raw n=399 total_us=42890 rebuild_us=59 layout_us=2698 paint_us=249 encode_us=118 acquire_us=86 submit_us=39676 skipped=0
frust_shell_common::perf: frust-perf raw n=400 total_us=44116 rebuild_us=68 layout_us=2722 paint_us=252 encode_us=142 acquire_us=93 submit_us=40837 skipped=0
frust_shell_common::perf: frust-perf raw n=401 total_us=44108 rebuild_us=84 layout_us=3601 paint_us=318 encode_us=118 acquire_us=90 submit_us=39895 skipped=0
frust_shell_common::perf: frust-perf raw n=402 total_us=42524 rebuild_us=67 layout_us=2707 paint_us=254 encode_us=117 acquire_us=86 submit_us=39291 skipped=0
frust_shell_common::perf: frust-perf raw n=403 total_us=43491 rebuild_us=68 layout_us=2710 paint_us=257 encode_us=145 acquire_us=89 submit_us=40220 skipped=0
frust_shell_common::perf: frust-perf raw n=404 total_us=42232 rebuild_us=62 layout_us=2723 paint_us=249 encode_us=158 acquire_us=99 submit_us=38938 skipped=0
frust_shell_common::perf: frust-perf raw n=405 total_us=43679 rebuild_us=58 layout_us=2680 paint_us=253 encode_us=147 acquire_us=86 submit_us=40452 skipped=0
frust_shell_common::perf: frust-perf raw n=406 total_us=42978 rebuild_us=75 layout_us=2722 paint_us=254 encode_us=140 acquire_us=82 submit_us=39703 skipped=0
frust_shell_common::perf: frust-perf raw n=407 total_us=42778 rebuild_us=63 layout_us=2657 paint_us=254 encode_us=146 acquire_us=89 submit_us=39566 skipped=0
frust_shell_common::perf: frust-perf raw n=408 total_us=42961 rebuild_us=62 layout_us=2662 paint_us=248 encode_us=137 acquire_us=121 submit_us=39728 skipped=0
frust_shell_common::perf: frust-perf raw n=409 total_us=42805 rebuild_us=67 layout_us=2695 paint_us=254 encode_us=116 acquire_us=112 submit_us=39558 skipped=0
frust_shell_common::perf: frust-perf raw n=410 total_us=43476 rebuild_us=67 layout_us=2572 paint_us=240 encode_us=152 acquire_us=104 submit_us=40339 skipped=0
frust_shell_common::perf: frust-perf raw n=411 total_us=43828 rebuild_us=76 layout_us=2928 paint_us=267 encode_us=129 acquire_us=113 submit_us=40313 skipped=0
frust_shell_common::perf: frust-perf raw n=412 total_us=43319 rebuild_us=75 layout_us=2935 paint_us=278 encode_us=129 acquire_us=101 submit_us=39798 skipped=0
frust_shell_common::perf: frust-perf raw n=413 total_us=44084 rebuild_us=72 layout_us=2746 paint_us=245 encode_us=164 acquire_us=105 submit_us=40750 skipped=0
frust_shell_common::perf: frust-perf raw n=414 total_us=42525 rebuild_us=79 layout_us=2714 paint_us=339 encode_us=131 acquire_us=100 submit_us=39161 skipped=0
frust_shell_common::perf: frust-perf raw n=415 total_us=43989 rebuild_us=69 layout_us=2911 paint_us=273 encode_us=151 acquire_us=127 submit_us=40454 skipped=0
frust_shell_common::perf: frust-perf raw n=416 total_us=43754 rebuild_us=74 layout_us=2934 paint_us=271 encode_us=184 acquire_us=122 submit_us=40166 skipped=0
frust_shell_common::perf: frust-perf raw n=417 total_us=43082 rebuild_us=74 layout_us=2822 paint_us=260 encode_us=129 acquire_us=159 submit_us=39636 skipped=0
frust_shell_common::perf: frust-perf raw n=418 total_us=43510 rebuild_us=70 layout_us=2928 paint_us=270 encode_us=231 acquire_us=124 submit_us=39883 skipped=0
frust_shell_common::perf: frust-perf raw n=419 total_us=43402 rebuild_us=70 layout_us=2905 paint_us=284 encode_us=171 acquire_us=118 submit_us=39851 skipped=0
frust_shell_common::perf: frust-perf raw n=420 total_us=42735 rebuild_us=68 layout_us=2740 paint_us=247 encode_us=123 acquire_us=114 submit_us=39441 skipped=0
frust_shell_common::perf: frust-perf raw n=421 total_us=43856 rebuild_us=75 layout_us=2893 paint_us=266 encode_us=155 acquire_us=134 submit_us=40331 skipped=0
frust_shell_common::perf: frust-perf raw n=422 total_us=42951 rebuild_us=79 layout_us=2932 paint_us=273 encode_us=133 acquire_us=112 submit_us=39419 skipped=0
frust_shell_common::perf: frust-perf raw n=423 total_us=43688 rebuild_us=76 layout_us=2891 paint_us=270 encode_us=153 acquire_us=127 submit_us=40168 skipped=0
frust_shell_common::perf: frust-perf raw n=424 total_us=43726 rebuild_us=71 layout_us=2985 paint_us=269 encode_us=137 acquire_us=110 submit_us=40152 skipped=0
frust_shell_common::perf: frust-perf raw n=425 total_us=43074 rebuild_us=71 layout_us=2892 paint_us=271 encode_us=133 acquire_us=113 submit_us=39592 skipped=0
frust_shell_common::perf: frust-perf raw n=426 total_us=43923 rebuild_us=73 layout_us=2968 paint_us=273 encode_us=154 acquire_us=125 submit_us=40326 skipped=0
frust_shell_common::perf: frust-perf raw n=427 total_us=43498 rebuild_us=82 layout_us=2960 paint_us=286 encode_us=130 acquire_us=104 submit_us=39934 skipped=0
frust_shell_common::perf: frust-perf raw n=428 total_us=43145 rebuild_us=76 layout_us=2928 paint_us=265 encode_us=143 acquire_us=139 submit_us=39591 skipped=0
frust_shell_common::perf: frust-perf frame n=120 total_p50_ms=42 total_p95_ms=43 total_p99_ms=44 rebuild_p95_ms=0 layout_p95_ms=2 paint_p95_ms=0 encode_p95_ms=0 acquire_p95_ms=0 submit_p95_ms=40 over_60hz=428 over_120hz=428 skipped=0 total_frames=428
frust_shell_common::perf: frust-perf raw n=429 total_us=43165 rebuild_us=68 layout_us=2968 paint_us=267 encode_us=170 acquire_us=122 submit_us=39568 skipped=0
frust_shell_common::perf: frust-perf raw n=430 total_us=42780 rebuild_us=76 layout_us=2907 paint_us=270 encode_us=130 acquire_us=113 submit_us=39281 skipped=0
frust_shell_common::perf: frust-perf raw n=431 total_us=43362 rebuild_us=72 layout_us=2754 paint_us=253 encode_us=151 acquire_us=109 submit_us=40021 skipped=0
frust_shell_android::app::frame: frust-perf platform-view tail depth=0 target=0 acquire_bound=false frame=1560 expected_present_us=0 acquire_us=112 period_us=11140
frust_shell_common::perf: frust-perf raw n=432 total_us=42764 rebuild_us=74 layout_us=2914 paint_us=267 encode_us=137 acquire_us=104 submit_us=39267 skipped=0
frust_shell_common::perf: frust-perf raw n=433 total_us=43243 rebuild_us=79 layout_us=2862 paint_us=266 encode_us=154 acquire_us=137 submit_us=39743 skipped=0
frust_shell_common::perf: frust-perf raw n=434 total_us=43361 rebuild_us=75 layout_us=2806 paint_us=250 encode_us=130 acquire_us=106 submit_us=39992 skipped=0
frust_shell_common::perf: frust-perf raw n=435 total_us=42368 rebuild_us=82 layout_us=2874 paint_us=322 encode_us=133 acquire_us=100 submit_us=38855 skipped=0
frust_shell_common::perf: frust-perf raw n=436 total_us=43539 rebuild_us=75 layout_us=2846 paint_us=352 encode_us=159 acquire_us=117 submit_us=39988 skipped=0
frust_shell_common::perf: frust-perf raw n=437 total_us=42396 rebuild_us=81 layout_us=2762 paint_us=254 encode_us=130 acquire_us=118 submit_us=39048 skipped=0
frust_shell_common::perf: frust-perf raw n=438 total_us=43359 rebuild_us=79 layout_us=2897 paint_us=269 encode_us=162 acquire_us=122 submit_us=39828 skipped=0
frust_shell_common::perf: frust-perf raw n=439 total_us=43542 rebuild_us=80 layout_us=2986 paint_us=279 encode_us=131 acquire_us=104 submit_us=39960 skipped=0
frust_shell_common::perf: frust-perf raw n=440 total_us=42822 rebuild_us=70 layout_us=2699 paint_us=303 encode_us=128 acquire_us=114 submit_us=39507 skipped=0
frust_shell_common::perf: frust-perf raw n=441 total_us=43673 rebuild_us=76 layout_us=2910 paint_us=272 encode_us=158 acquire_us=118 submit_us=40136 skipped=0
frust_shell_common::perf: frust-perf raw n=442 total_us=43315 rebuild_us=76 layout_us=2909 paint_us=271 encode_us=135 acquire_us=106 submit_us=39816 skipped=0
frust_shell_common::perf: frust-perf raw n=443 total_us=43867 rebuild_us=78 layout_us=2946 paint_us=275 encode_us=171 acquire_us=116 submit_us=40280 skipped=0
frust_shell_common::perf: frust-perf raw n=444 total_us=42958 rebuild_us=73 layout_us=2916 paint_us=271 encode_us=177 acquire_us=133 submit_us=39385 skipped=0
frust_shell_common::perf: frust-perf raw n=445 total_us=43335 rebuild_us=71 layout_us=2902 paint_us=270 encode_us=133 acquire_us=113 submit_us=39844 skipped=0
frust_shell_common::perf: frust-perf raw n=446 total_us=43684 rebuild_us=78 layout_us=2816 paint_us=265 encode_us=221 acquire_us=139 submit_us=40162 skipped=0
frust_shell_common::perf: frust-perf raw n=447 total_us=42579 rebuild_us=70 layout_us=2778 paint_us=251 encode_us=132 acquire_us=106 submit_us=39239 skipped=0
frust_shell_common::perf: frust-perf raw n=448 total_us=43962 rebuild_us=76 layout_us=2919 paint_us=272 encode_us=175 acquire_us=140 submit_us=40378 skipped=0
frust_shell_common::perf: frust-perf raw n=449 total_us=43215 rebuild_us=77 layout_us=2922 paint_us=274 encode_us=176 acquire_us=120 submit_us=39643 skipped=0
frust_shell_common::perf: frust-perf raw n=450 total_us=43360 rebuild_us=84 layout_us=2800 paint_us=258 encode_us=129 acquire_us=110 submit_us=39978 skipped=0
frust_shell_common::perf: frust-perf raw n=451 total_us=43537 rebuild_us=75 layout_us=2982 paint_us=267 encode_us=163 acquire_us=102 submit_us=39945 skipped=0
frust_shell_common::perf: frust-perf raw n=452 total_us=43755 rebuild_us=72 layout_us=2896 paint_us=268 encode_us=131 acquire_us=105 submit_us=40280 skipped=0
frust_shell_common::perf: frust-perf raw n=453 total_us=42878 rebuild_us=73 layout_us=2815 paint_us=327 encode_us=129 acquire_us=102 submit_us=39429 skipped=0
frust_shell_common::perf: frust-perf raw n=454 total_us=43830 rebuild_us=78 layout_us=2880 paint_us=314 encode_us=164 acquire_us=109 submit_us=40282 skipped=0
frust_shell_common::perf: frust-perf raw n=455 total_us=42933 rebuild_us=72 layout_us=2923 paint_us=278 encode_us=130 acquire_us=103 submit_us=39425 skipped=0
frust_shell_common::perf: frust-perf raw n=456 total_us=44078 rebuild_us=77 layout_us=2952 paint_us=271 encode_us=155 acquire_us=83 submit_us=40537 skipped=0
frust_shell_common::perf: frust-perf raw n=457 total_us=43109 rebuild_us=64 layout_us=2683 paint_us=245 encode_us=152 acquire_us=136 submit_us=39827 skipped=0
frust_shell_common::perf: frust-perf raw n=458 total_us=43215 rebuild_us=61 layout_us=2647 paint_us=310 encode_us=142 acquire_us=82 submit_us=39970 skipped=0
frust_shell_common::perf: frust-perf raw n=459 total_us=42786 rebuild_us=77 layout_us=2524 paint_us=272 encode_us=133 acquire_us=83 submit_us=39694 skipped=0
frust_shell_common::perf: frust-perf raw n=460 total_us=42644 rebuild_us=68 layout_us=2693 paint_us=252 encode_us=116 acquire_us=89 submit_us=39424 skipped=0
frust_shell_common::perf: frust-perf raw n=461 total_us=43696 rebuild_us=64 layout_us=2681 paint_us=246 encode_us=158 acquire_us=87 submit_us=40458 skipped=0
frust_shell_common::perf: frust-perf raw n=462 total_us=42991 rebuild_us=73 layout_us=2565 paint_us=239 encode_us=118 acquire_us=78 submit_us=39915 skipped=0
frust_shell_common::perf: frust-perf raw n=463 total_us=42468 rebuild_us=59 layout_us=2698 paint_us=249 encode_us=117 acquire_us=80 submit_us=39262 skipped=0
frust_shell_common::perf: frust-perf raw n=464 total_us=43424 rebuild_us=65 layout_us=2693 paint_us=257 encode_us=140 acquire_us=93 submit_us=40172 skipped=0
frust_shell_android::app::frame: frust-perf platform-view tail depth=0 target=0 acquire_bound=false frame=1680 expected_present_us=0 acquire_us=86 period_us=11141
frust_shell_common::perf: frust-perf raw n=465 total_us=43357 rebuild_us=64 layout_us=2675 paint_us=245 encode_us=115 acquire_us=84 submit_us=40172 skipped=0
frust_shell_common::perf: frust-perf raw n=466 total_us=43122 rebuild_us=63 layout_us=2642 paint_us=295 encode_us=115 acquire_us=91 submit_us=39913 skipped=0
frust_shell_common::perf: frust-perf raw n=467 total_us=43327 rebuild_us=69 layout_us=2628 paint_us=283 encode_us=129 acquire_us=86 submit_us=40129 skipped=0
frust_shell_common::perf: frust-perf raw n=468 total_us=42235 rebuild_us=61 layout_us=2582 paint_us=229 encode_us=112 acquire_us=82 submit_us=39166 skipped=0
frust_shell_common::perf: frust-perf raw n=469 total_us=43485 rebuild_us=62 layout_us=2676 paint_us=249 encode_us=158 acquire_us=90 submit_us=40247 skipped=0
frust_shell_common::perf: frust-perf raw n=470 total_us=42888 rebuild_us=61 layout_us=2670 paint_us=247 encode_us=115 acquire_us=80 submit_us=39713 skipped=0
frust_shell_common::perf: frust-perf raw n=471 total_us=42845 rebuild_us=61 layout_us=2663 paint_us=282 encode_us=115 acquire_us=80 submit_us=39641 skipped=0
frust_shell_common::perf: frust-perf raw n=472 total_us=43261 rebuild_us=69 layout_us=2661 paint_us=269 encode_us=118 acquire_us=88 submit_us=40054 skipped=0
frust_shell_common::perf: frust-perf raw n=473 total_us=42652 rebuild_us=62 layout_us=2666 paint_us=249 encode_us=113 acquire_us=80 submit_us=39480 skipped=0
frust_shell_common::perf: frust-perf raw n=474 total_us=43329 rebuild_us=71 layout_us=2706 paint_us=250 encode_us=158 acquire_us=90 submit_us=40052 skipped=0
frust_shell_common::perf: frust-perf raw n=475 total_us=43056 rebuild_us=62 layout_us=2708 paint_us=250 encode_us=120 acquire_us=82 submit_us=39833 skipped=0
frust_shell_common::perf: frust-perf frame n=120 total_p50_ms=43 total_p95_ms=43 total_p99_ms=44 rebuild_p95_ms=0 layout_p95_ms=2 paint_p95_ms=0 encode_p95_ms=0 acquire_p95_ms=0 submit_p95_ms=40 over_60hz=475 over_120hz=475 skipped=0 total_frames=475
frust_shell_common::perf: frust-perf raw n=476 total_us=42689 rebuild_us=65 layout_us=2671 paint_us=253 encode_us=114 acquire_us=82 submit_us=39503 skipped=0
frust_shell_common::perf: frust-perf raw n=477 total_us=42839 rebuild_us=67 layout_us=2581 paint_us=245 encode_us=129 acquire_us=85 submit_us=39730 skipped=0
frust_shell_common::perf: frust-perf raw n=478 total_us=42395 rebuild_us=66 layout_us=2681 paint_us=250 encode_us=117 acquire_us=90 submit_us=39189 skipped=0
frust_shell_common::perf: frust-perf raw n=479 total_us=43632 rebuild_us=63 layout_us=2670 paint_us=245 encode_us=156 acquire_us=83 submit_us=40412 skipped=0
frust_shell_common::perf: frust-perf raw n=480 total_us=42884 rebuild_us=64 layout_us=2631 paint_us=253 encode_us=150 acquire_us=99 submit_us=39685 skipped=0
frust_shell_common::perf: frust-perf raw n=481 total_us=42387 rebuild_us=63 layout_us=2523 paint_us=232 encode_us=113 acquire_us=83 submit_us=39371 skipped=0
frust_shell_common::perf: frust-perf raw n=482 total_us=42748 rebuild_us=64 layout_us=2710 paint_us=251 encode_us=120 acquire_us=84 submit_us=39517 skipped=0
frust_shell_common::perf: frust-perf raw n=483 total_us=42507 rebuild_us=69 layout_us=2719 paint_us=250 encode_us=113 acquire_us=98 submit_us=39257 skipped=0
frust_shell_common::perf: frust-perf raw n=484 total_us=43069 rebuild_us=67 layout_us=2684 paint_us=250 encode_us=140 acquire_us=95 submit_us=39832 skipped=0
frust_shell_common::perf: frust-perf raw n=485 total_us=42294 rebuild_us=63 layout_us=2668 paint_us=247 encode_us=152 acquire_us=90 submit_us=39072 skipped=0
frust_shell_common::perf: frust-perf raw n=486 total_us=43682 rebuild_us=63 layout_us=2640 paint_us=252 encode_us=150 acquire_us=96 submit_us=40479 skipped=0
frust_shell_common::perf: frust-perf raw n=487 total_us=43475 rebuild_us=64 layout_us=2706 paint_us=253 encode_us=115 acquire_us=87 submit_us=40246 skipped=0
frust_shell_common::perf: frust-perf raw n=488 total_us=42829 rebuild_us=68 layout_us=2692 paint_us=247 encode_us=115 acquire_us=79 submit_us=39626 skipped=0
frust_shell_common::perf: frust-perf raw n=489 total_us=43391 rebuild_us=58 layout_us=2656 paint_us=252 encode_us=142 acquire_us=94 submit_us=40185 skipped=0
frust_shell_common::perf: frust-perf raw n=490 total_us=42789 rebuild_us=59 layout_us=2708 paint_us=246 encode_us=119 acquire_us=88 submit_us=39567 skipped=0
frust_shell_common::perf: frust-perf raw n=491 total_us=43665 rebuild_us=56 layout_us=2638 paint_us=253 encode_us=136 acquire_us=86 submit_us=40495 skipped=0
frust_shell_common::perf: frust-perf raw n=492 total_us=43217 rebuild_us=65 layout_us=2673 paint_us=245 encode_us=158 acquire_us=135 submit_us=39939 skipped=0
frust_shell_common::perf: frust-perf raw n=493 total_us=42653 rebuild_us=74 layout_us=2678 paint_us=291 encode_us=115 acquire_us=80 submit_us=39414 skipped=0
frust_shell_common::perf: frust-perf raw n=494 total_us=43360 rebuild_us=67 layout_us=2642 paint_us=249 encode_us=140 acquire_us=85 submit_us=40175 skipped=0
