frust-perf activity-create
frust_shell_common::perf: bench-scenario-start s1
frust_render::context: frust-perf surface-caps formats=[Rgba8UnormSrgb,Rgba8Unorm,Rgba16Float,Rgb10a2Unorm] usages=TextureUsages(COPY_SRC | COPY_DST | TEXTURE_BINDING | STORAGE_BINDING | RENDER_ATTACHMENT | STORAGE_ATOMIC) direct_to_surface=YES (Rgba8Unorm+STORAGE_BINDING)
frust_render::context: frust-perf render-path direct (Rgba8Unorm+STORAGE_BINDING)
frust_shell_common::perf: bench-scenario-end s1
frust_shell_common::perf: bench-scenario-start s5
frust_shell_common::perf: frust-perf startup init_entry=0ms font_preinit_started=0ms font_preinit_joined=0ms preinit_started=2ms preinit_joined=17ms cache_loaded=17ms pipeline_cache_restored=17ms adapter_ready=73ms device_ready=73ms renderer_ready=73ms first_rebuild_done=80ms first_encode_done=80ms first_frame_presented=99ms
frust_shell_common::perf: frust-perf raw n=1 total_us=19016 rebuild_us=119 layout_us=15 paint_us=19 encode_us=108 acquire_us=41 submit_us=18712 skipped=0
frust_shell_common::perf: frust-perf raw n=2 total_us=77393 rebuild_us=1495 layout_us=39 paint_us=54 encode_us=62 acquire_us=30 submit_us=75711 skipped=0
frust_shell_common::perf: frust-perf raw n=3 total_us=47604 rebuild_us=562 layout_us=83 paint_us=93 encode_us=164 acquire_us=88 submit_us=46611 skipped=0
frust_shell_common::perf: frust-perf raw n=4 total_us=51187 rebuild_us=618 layout_us=86 paint_us=171 encode_us=91 acquire_us=351 submit_us=49867 skipped=0
frust_shell_common::perf: frust-perf raw n=5 total_us=40403 rebuild_us=258 layout_us=36 paint_us=31 encode_us=65 acquire_us=60 submit_us=39951 skipped=0
frust_shell_common::perf: frust-perf raw n=6 total_us=37969 rebuild_us=568 layout_us=60 paint_us=106 encode_us=65 acquire_us=6400 submit_us=30767 skipped=0
frust_shell_common::perf: frust-perf raw n=7 total_us=40563 rebuild_us=306 layout_us=37 paint_us=32 encode_us=169 acquire_us=122 submit_us=39895 skipped=0
frust_shell_common::perf: frust-perf raw n=8 total_us=41402 rebuild_us=277 layout_us=29 paint_us=25 encode_us=66 acquire_us=55 submit_us=40948 skipped=0
frust_shell_common::perf: frust-perf raw n=9 total_us=41619 rebuild_us=295 layout_us=24 paint_us=32 encode_us=75 acquire_us=106 submit_us=41085 skipped=0
frust_shell_common::perf: frust-perf raw n=10 total_us=36917 rebuild_us=260 layout_us=23 paint_us=27 encode_us=61 acquire_us=68 submit_us=36476 skipped=0
frust_shell_common::perf: frust-perf raw n=11 total_us=45348 rebuild_us=352 layout_us=31 paint_us=29 encode_us=60 acquire_us=75 submit_us=44799 skipped=0
frust_shell_common::perf: frust-perf raw n=12 total_us=36875 rebuild_us=382 layout_us=27 paint_us=41 encode_us=79 acquire_us=72 submit_us=36272 skipped=0
frust_shell_common::perf: frust-perf raw n=13 total_us=46982 rebuild_us=298 layout_us=27 paint_us=26 encode_us=65 acquire_us=84 submit_us=46479 skipped=0
frust_shell_common::perf: frust-perf raw n=14 total_us=38521 rebuild_us=808 layout_us=65 paint_us=122 encode_us=66 acquire_us=69 submit_us=37389 skipped=0
frust_shell_common::perf: frust-perf raw n=15 total_us=46276 rebuild_us=302 layout_us=25 paint_us=25 encode_us=64 acquire_us=83 submit_us=45775 skipped=0
frust_shell_common::perf: frust-perf raw n=16 total_us=37210 rebuild_us=315 layout_us=29 paint_us=29 encode_us=67 acquire_us=86 submit_us=36682 skipped=0
frust_shell_common::perf: frust-perf raw n=17 total_us=43063 rebuild_us=340 layout_us=24 paint_us=28 encode_us=67 acquire_us=76 submit_us=42525 skipped=0
frust_shell_common::perf: frust-perf raw n=18 total_us=36277 rebuild_us=337 layout_us=26 paint_us=34 encode_us=46 acquire_us=61 submit_us=35770 skipped=0
frust_shell_common::perf: frust-perf raw n=19 total_us=46767 rebuild_us=352 layout_us=25 paint_us=25 encode_us=68 acquire_us=79 submit_us=46214 skipped=0
frust_shell_common::perf: frust-perf raw n=20 total_us=35304 rebuild_us=366 layout_us=22 paint_us=31 encode_us=69 acquire_us=89 submit_us=34725 skipped=0
frust_shell_common::perf: frust-perf raw n=21 total_us=46603 rebuild_us=374 layout_us=24 paint_us=26 encode_us=75 acquire_us=75 submit_us=46026 skipped=0
frust_shell_common::perf: frust-perf raw n=22 total_us=36928 rebuild_us=484 layout_us=29 paint_us=20 encode_us=137 acquire_us=146 submit_us=36109 skipped=0
frust_shell_common::perf: frust-perf raw n=23 total_us=44043 rebuild_us=412 layout_us=51 paint_us=28 encode_us=209 acquire_us=180 submit_us=43161 skipped=0
frust_shell_common::perf: frust-perf raw n=24 total_us=37266 rebuild_us=370 layout_us=24 paint_us=22 encode_us=48 acquire_us=59 submit_us=36741 skipped=0
frust_shell_common::perf: frust-perf raw n=25 total_us=44263 rebuild_us=410 layout_us=28 paint_us=25 encode_us=55 acquire_us=67 submit_us=43676 skipped=0
frust_shell_common::perf: frust-perf raw n=26 total_us=37787 rebuild_us=435 layout_us=26 paint_us=26 encode_us=173 acquire_us=160 submit_us=36965 skipped=0
frust_shell_common::perf: frust-perf raw n=27 total_us=46514 rebuild_us=486 layout_us=26 paint_us=29 encode_us=49 acquire_us=55 submit_us=45866 skipped=0
frust_shell_common::perf: frust-perf raw n=28 total_us=37517 rebuild_us=594 layout_us=41 paint_us=27 encode_us=50 acquire_us=61 submit_us=36742 skipped=0
frust_shell_common::perf: frust-perf raw n=29 total_us=46726 rebuild_us=492 layout_us=32 paint_us=22 encode_us=68 acquire_us=78 submit_us=46031 skipped=0
frust_shell_common::perf: frust-perf raw n=30 total_us=35998 rebuild_us=246 layout_us=12 paint_us=32 encode_us=52 acquire_us=63 submit_us=35590 skipped=0
frust_shell_android::app::frame: frust-perf platform-view tail depth=0 target=0 acquire_bound=false frame=120 expected_present_us=0 acquire_us=75 period_us=11132
frust_shell_common::perf: frust-perf raw n=31 total_us=92883 rebuild_us=262 layout_us=12 paint_us=78 encode_us=61 acquire_us=61 submit_us=92406 skipped=0
frust_shell_common::perf: frust-perf raw n=32 total_us=92878 rebuild_us=331 layout_us=17 paint_us=20 encode_us=180 acquire_us=177 submit_us=92150 skipped=0
frust_shell_common::perf: frust-perf raw n=33 total_us=99437 rebuild_us=392 layout_us=15 paint_us=22 encode_us=70 acquire_us=89 submit_us=98846 skipped=0
frust_shell_common::perf: frust-perf raw n=34 total_us=94511 rebuild_us=494 layout_us=22 paint_us=29 encode_us=66 acquire_us=66 submit_us=93831 skipped=0
frust_shell_common::perf: frust-perf raw n=35 total_us=99031 rebuild_us=399 layout_us=15 paint_us=23 encode_us=72 acquire_us=85 submit_us=98435 skipped=0
frust_shell_common::perf: frust-perf raw n=36 total_us=96436 rebuild_us=467 layout_us=20 paint_us=27 encode_us=80 acquire_us=79 submit_us=95761 skipped=0
frust_shell_common::perf: frust-perf raw n=37 total_us=97138 rebuild_us=568 layout_us=39 paint_us=28 encode_us=74 acquire_us=81 submit_us=96346 skipped=0
frust_shell_common::perf: frust-perf raw n=38 total_us=97222 rebuild_us=564 layout_us=20 paint_us=29 encode_us=99 acquire_us=100 submit_us=96407 skipped=0
frust_shell_common::perf: frust-perf frame n=38 total_p50_ms=44 total_p95_ms=99 total_p99_ms=99 rebuild_p95_ms=0 layout_p95_ms=0 paint_p95_ms=0 encode_p95_ms=0 acquire_p95_ms=0 submit_p95_ms=98 over_60hz=38 over_120hz=38 skipped=0 total_frames=38
frust_shell_common::perf: frust-perf raw n=39 total_us=99608 rebuild_us=613 layout_us=25 paint_us=35 encode_us=92 acquire_us=120 submit_us=98722 skipped=0
frust_shell_common::perf: frust-perf raw n=40 total_us=95912 rebuild_us=647 layout_us=24 paint_us=35 encode_us=98 acquire_us=97 submit_us=95007 skipped=0
frust_shell_common::perf: frust-perf raw n=41 total_us=95285 rebuild_us=568 layout_us=20 paint_us=32 encode_us=101 acquire_us=107 submit_us=94454 skipped=0
frust_shell_common::perf: frust-perf raw n=42 total_us=92620 rebuild_us=547 layout_us=19 paint_us=30 encode_us=107 acquire_us=97 submit_us=91818 skipped=0
frust_shell_common::perf: frust-perf raw n=43 total_us=93159 rebuild_us=647 layout_us=25 paint_us=34 encode_us=97 acquire_us=99 submit_us=92254 skipped=0
frust_shell_common::perf: frust-perf raw n=44 total_us=95432 rebuild_us=652 layout_us=25 paint_us=38 encode_us=112 acquire_us=118 submit_us=94485 skipped=0
frust_shell_common::perf: frust-perf raw n=45 total_us=94800 rebuild_us=553 layout_us=20 paint_us=30 encode_us=99 acquire_us=106 submit_us=93989 skipped=0
frust_shell_android::app::frame: frust-perf platform-view tail depth=0 target=0 acquire_bound=false frame=240 expected_present_us=0 acquire_us=99 period_us=11482
frust_shell_common::perf: frust-perf raw n=46 total_us=95583 rebuild_us=603 layout_us=23 paint_us=36 encode_us=103 acquire_us=88 submit_us=94727 skipped=0
frust_shell_common::perf: frust-perf raw n=47 total_us=96958 rebuild_us=550 layout_us=19 paint_us=30 encode_us=166 acquire_us=124 submit_us=96068 skipped=0
frust_shell_common::perf: frust-perf raw n=48 total_us=95914 rebuild_us=629 layout_us=30 paint_us=41 encode_us=95 acquire_us=88 submit_us=95028 skipped=0
frust_shell_common::perf: frust-perf raw n=49 total_us=96328 rebuild_us=562 layout_us=20 paint_us=31 encode_us=103 acquire_us=101 submit_us=95510 skipped=0
frust_shell_common::perf: frust-perf raw n=50 total_us=94466 rebuild_us=617 layout_us=23 paint_us=35 encode_us=94 acquire_us=89 submit_us=93605 skipped=0
frust_shell_common::perf: frust-perf raw n=51 total_us=95932 rebuild_us=548 layout_us=18 paint_us=28 encode_us=96 acquire_us=105 submit_us=95135 skipped=0
frust_shell_common::perf: frust-perf raw n=52 total_us=96991 rebuild_us=624 layout_us=23 paint_us=34 encode_us=95 acquire_us=89 submit_us=96123 skipped=0
frust_shell_common::perf: frust-perf raw n=53 total_us=92971 rebuild_us=595 layout_us=19 paint_us=31 encode_us=101 acquire_us=104 submit_us=92118 skipped=0
frust_shell_common::perf: frust-perf raw n=54 total_us=96552 rebuild_us=598 layout_us=20 paint_us=29 encode_us=100 acquire_us=132 submit_us=95672 skipped=0
frust_shell_common::perf: frust-perf raw n=55 total_us=97480 rebuild_us=593 layout_us=21 paint_us=31 encode_us=98 acquire_us=96 submit_us=96637 skipped=0
frust_shell_common::perf: frust-perf raw n=56 total_us=97750 rebuild_us=592 layout_us=20 paint_us=29 encode_us=94 acquire_us=102 submit_us=96910 skipped=0
frust_shell_common::perf: frust-perf raw n=57 total_us=95540 rebuild_us=673 layout_us=25 paint_us=35 encode_us=126 acquire_us=97 submit_us=94582 skipped=0
frust_shell_common::perf: frust-perf raw n=58 total_us=98777 rebuild_us=548 layout_us=19 paint_us=30 encode_us=97 acquire_us=101 submit_us=97979 skipped=0
frust_shell_common::perf: frust-perf raw n=59 total_us=95619 rebuild_us=681 layout_us=27 paint_us=35 encode_us=150 acquire_us=179 submit_us=94545 skipped=0
frust_shell_common::perf: frust-perf frame n=59 total_p50_ms=77 total_p95_ms=99 total_p99_ms=99 rebuild_p95_ms=0 layout_p95_ms=0 paint_p95_ms=0 encode_p95_ms=0 acquire_p95_ms=0 submit_p95_ms=98 over_60hz=59 over_120hz=59 skipped=0 total_frames=59
frust_shell_common::perf: frust-perf raw n=60 total_us=96778 rebuild_us=1097 layout_us=37 paint_us=46 encode_us=119 acquire_us=110 submit_us=95367 skipped=0
frust_shell_android::app::frame: frust-perf platform-view tail depth=0 target=0 acquire_bound=false frame=360 expected_present_us=0 acquire_us=111 period_us=11164
frust_shell_common::perf: frust-perf raw n=61 total_us=94527 rebuild_us=557 layout_us=20 paint_us=31 encode_us=100 acquire_us=97 submit_us=93720 skipped=0
frust_shell_common::perf: frust-perf raw n=62 total_us=95595 rebuild_us=568 layout_us=23 paint_us=33 encode_us=96 acquire_us=119 submit_us=94754 skipped=0
frust_shell_common::perf: frust-perf raw n=63 total_us=97418 rebuild_us=599 layout_us=21 paint_us=34 encode_us=96 acquire_us=94 submit_us=96571 skipped=0
frust_shell_common::perf: frust-perf raw n=64 total_us=95137 rebuild_us=662 layout_us=25 paint_us=35 encode_us=100 acquire_us=101 submit_us=94212 skipped=0
frust_shell_common::perf: frust-perf raw n=65 total_us=96413 rebuild_us=555 layout_us=19 paint_us=31 encode_us=102 acquire_us=107 submit_us=95598 skipped=0
frust_shell_common::perf: frust-perf raw n=66 total_us=94407 rebuild_us=551 layout_us=19 paint_us=30 encode_us=97 acquire_us=107 submit_us=93600 skipped=0
frust_shell_common::perf: frust-perf raw n=67 total_us=94260 rebuild_us=625 layout_us=23 paint_us=32 encode_us=100 acquire_us=104 submit_us=93373 skipped=0
frust_shell_common::perf: frust-perf raw n=68 total_us=96791 rebuild_us=607 layout_us=19 paint_us=31 encode_us=111 acquire_us=113 submit_us=95908 skipped=0
frust_shell_common::perf: frust-perf raw n=69 total_us=96388 rebuild_us=512 layout_us=23 paint_us=30 encode_us=332 acquire_us=147 submit_us=95342 skipped=0
frust_shell_common::perf: frust-perf raw n=70 total_us=96325 rebuild_us=552 layout_us=19 paint_us=29 encode_us=100 acquire_us=162 submit_us=95461 skipped=0
frust_shell_common::perf: frust-perf raw n=71 total_us=97028 rebuild_us=674 layout_us=25 paint_us=37 encode_us=97 acquire_us=99 submit_us=96093 skipped=0
frust_shell_common::perf: frust-perf raw n=72 total_us=93883 rebuild_us=557 layout_us=20 paint_us=30 encode_us=92 acquire_us=108 submit_us=93074 skipped=0
frust_shell_common::perf: frust-perf raw n=73 total_us=93607 rebuild_us=562 layout_us=19 paint_us=30 encode_us=98 acquire_us=109 submit_us=92786 skipped=0
frust_shell_common::perf: frust-perf raw n=74 total_us=94057 rebuild_us=563 layout_us=23 paint_us=38 encode_us=99 acquire_us=93 submit_us=93240 skipped=0
frust_shell_android::app::frame: frust-perf platform-view tail depth=0 target=0 acquire_bound=false frame=480 expected_present_us=0 acquire_us=104 period_us=11303
frust_shell_common::perf: frust-perf raw n=75 total_us=99010 rebuild_us=596 layout_us=21 paint_us=32 encode_us=101 acquire_us=90 submit_us=98167 skipped=0
frust_shell_common::perf: frust-perf raw n=76 total_us=95645 rebuild_us=620 layout_us=24 paint_us=31 encode_us=103 acquire_us=96 submit_us=94768 skipped=0
frust_shell_common::perf: frust-perf raw n=77 total_us=96018 rebuild_us=636 layout_us=39 paint_us=36 encode_us=96 acquire_us=93 submit_us=95115 skipped=0
frust_shell_common::perf: frust-perf raw n=78 total_us=92901 rebuild_us=587 layout_us=19 paint_us=55 encode_us=103 acquire_us=103 submit_us=92032 skipped=0
frust_shell_common::perf: frust-perf raw n=79 total_us=97165 rebuild_us=559 layout_us=21 paint_us=31 encode_us=104 acquire_us=134 submit_us=96314 skipped=0
frust_shell_common::perf: frust-perf raw n=80 total_us=96915 rebuild_us=600 layout_us=22 paint_us=37 encode_us=97 acquire_us=96 submit_us=96061 skipped=0
frust_shell_common::perf: frust-perf frame n=80 total_p50_ms=94 total_p95_ms=98 total_p99_ms=99 rebuild_p95_ms=0 layout_p95_ms=0 paint_p95_ms=0 encode_p95_ms=0 acquire_p95_ms=0 submit_p95_ms=97 over_60hz=80 over_120hz=80 skipped=0 total_frames=80
frust_shell_common::perf: frust-perf raw n=81 total_us=96076 rebuild_us=596 layout_us=20 paint_us=29 encode_us=137 acquire_us=147 submit_us=95144 skipped=0
frust_shell_common::perf: frust-perf raw n=82 total_us=98733 rebuild_us=672 layout_us=26 paint_us=35 encode_us=95 acquire_us=89 submit_us=97813 skipped=0
frust_shell_common::perf: frust-perf raw n=83 total_us=94703 rebuild_us=554 layout_us=19 paint_us=29 encode_us=86 acquire_us=129 submit_us=93882 skipped=0
frust_shell_common::perf: frust-perf raw n=84 total_us=97225 rebuild_us=561 layout_us=19 paint_us=31 encode_us=96 acquire_us=103 submit_us=96414 skipped=0
frust_shell_common::perf: frust-perf raw n=85 total_us=93105 rebuild_us=686 layout_us=74 paint_us=44 encode_us=92 acquire_us=83 submit_us=92123 skipped=0
frust_shell_common::perf: frust-perf raw n=86 total_us=94178 rebuild_us=544 layout_us=19 paint_us=30 encode_us=99 acquire_us=125 submit_us=93358 skipped=0
frust_shell_common::perf: frust-perf raw n=87 total_us=98227 rebuild_us=601 layout_us=24 paint_us=33 encode_us=100 acquire_us=92 submit_us=97374 skipped=0
frust_shell_common::perf: frust-perf raw n=88 total_us=92717 rebuild_us=546 layout_us=18 paint_us=29 encode_us=102 acquire_us=105 submit_us=91915 skipped=0
frust_shell_common::perf: frust-perf raw n=89 total_us=95337 rebuild_us=598 layout_us=23 paint_us=35 encode_us=165 acquire_us=122 submit_us=94391 skipped=0
frust_shell_android::app::frame: frust-perf platform-view tail depth=0 target=0 acquire_bound=false frame=600 expected_present_us=0 acquire_us=106 period_us=13035
frust_shell_common::perf: frust-perf raw n=90 total_us=99121 rebuild_us=557 layout_us=19 paint_us=31 encode_us=102 acquire_us=102 submit_us=98307 skipped=0
frust_shell_common::perf: frust-perf raw n=91 total_us=95342 rebuild_us=628 layout_us=38 paint_us=35 encode_us=104 acquire_us=109 submit_us=94427 skipped=0
frust_shell_common::perf: frust-perf raw n=92 total_us=95178 rebuild_us=628 layout_us=34 paint_us=44 encode_us=97 acquire_us=97 submit_us=94276 skipped=0
frust_shell_common::perf: frust-perf raw n=93 total_us=95258 rebuild_us=676 layout_us=25 paint_us=37 encode_us=94 acquire_us=88 submit_us=94336 skipped=0
frust_shell_common::perf: frust-perf raw n=94 total_us=96893 rebuild_us=547 layout_us=19 paint_us=30 encode_us=102 acquire_us=105 submit_us=96087 skipped=0
frust_shell_common::perf: frust-perf raw n=95 total_us=94427 rebuild_us=633 layout_us=24 paint_us=36 encode_us=98 acquire_us=101 submit_us=93534 skipped=0
frust_shell_common::perf: frust-perf raw n=96 total_us=93543 rebuild_us=552 layout_us=18 paint_us=29 encode_us=98 acquire_us=105 submit_us=92739 skipped=0
frust_shell_common::perf: frust-perf raw n=97 total_us=95806 rebuild_us=618 layout_us=29 paint_us=39 encode_us=94 acquire_us=87 submit_us=94936 skipped=0
frust_shell_common::perf: frust-perf raw n=98 total_us=92015 rebuild_us=552 layout_us=20 paint_us=31 encode_us=100 acquire_us=99 submit_us=91211 skipped=0
frust_shell_common::perf: frust-perf raw n=99 total_us=93106 rebuild_us=625 layout_us=23 paint_us=36 encode_us=98 acquire_us=100 submit_us=92222 skipped=0
frust_shell_common::perf: frust-perf raw n=100 total_us=96601 rebuild_us=555 layout_us=19 paint_us=29 encode_us=103 acquire_us=173 submit_us=95720 skipped=0
frust_shell_common::perf: frust-perf raw n=101 total_us=98870 rebuild_us=595 layout_us=22 paint_us=34 encode_us=98 acquire_us=114 submit_us=98004 skipped=0
frust_shell_common::perf: frust-perf frame n=101 total_p50_ms=94 total_p95_ms=98 total_p99_ms=99 rebuild_p95_ms=0 layout_p95_ms=0 paint_p95_ms=0 encode_p95_ms=0 acquire_p95_ms=0 submit_p95_ms=98 over_60hz=101 over_120hz=101 skipped=0 total_frames=101
frust_shell_common::perf: frust-perf raw n=102 total_us=95153 rebuild_us=589 layout_us=20 paint_us=30 encode_us=97 acquire_us=110 submit_us=94305 skipped=0
frust_shell_common::perf: frust-perf raw n=103 total_us=93091 rebuild_us=675 layout_us=25 paint_us=37 encode_us=94 acquire_us=89 submit_us=92169 skipped=0
frust_shell_common::perf: frust-perf raw n=104 total_us=94960 rebuild_us=549 layout_us=19 paint_us=30 encode_us=458 acquire_us=278 submit_us=93624 skipped=0
frust_shell_android::app::frame: frust-perf platform-view tail depth=0 target=0 acquire_bound=false frame=720 expected_present_us=0 acquire_us=142 period_us=11333
frust_shell_common::perf: frust-perf raw n=105 total_us=94421 rebuild_us=562 layout_us=19 paint_us=32 encode_us=96 acquire_us=121 submit_us=93589 skipped=0
frust_shell_common::perf: frust-perf raw n=106 total_us=94125 rebuild_us=559 layout_us=20 paint_us=30 encode_us=135 acquire_us=96 submit_us=93281 skipped=0
frust_shell_common::perf: frust-perf raw n=107 total_us=99881 rebuild_us=689 layout_us=26 paint_us=35 encode_us=99 acquire_us=83 submit_us=98946 skipped=0
frust_shell_common::perf: frust-perf raw n=108 total_us=94825 rebuild_us=679 layout_us=25 paint_us=36 encode_us=99 acquire_us=96 submit_us=93887 skipped=0
frust_shell_common::perf: frust-perf raw n=109 total_us=97857 rebuild_us=699 layout_us=36 paint_us=43 encode_us=91 acquire_us=89 submit_us=96897 skipped=0
frust_shell_common::perf: frust-perf raw n=110 total_us=95049 rebuild_us=806 layout_us=27 paint_us=38 encode_us=100 acquire_us=113 submit_us=93962 skipped=0
frust_shell_common::perf: frust-perf raw n=111 total_us=96909 rebuild_us=559 layout_us=20 paint_us=30 encode_us=102 acquire_us=102 submit_us=96095 skipped=0
frust_shell_common::perf: frust-perf raw n=112 total_us=93575 rebuild_us=696 layout_us=30 paint_us=39 encode_us=160 acquire_us=169 submit_us=92479 skipped=0
frust_shell_common::perf: frust-perf raw n=113 total_us=95699 rebuild_us=625 layout_us=20 paint_us=30 encode_us=111 acquire_us=122 submit_us=94787 skipped=0
frust_shell_common::perf: frust-perf raw n=114 total_us=93886 rebuild_us=616 layout_us=24 paint_us=34 encode_us=101 acquire_us=104 submit_us=93004 skipped=0
frust_shell_common::perf: frust-perf raw n=115 total_us=96435 rebuild_us=564 layout_us=21 paint_us=69 encode_us=97 acquire_us=117 submit_us=95565 skipped=0
frust_shell_common::perf: frust-perf raw n=116 total_us=94362 rebuild_us=572 layout_us=22 paint_us=33 encode_us=95 acquire_us=98 submit_us=93541 skipped=0
frust_shell_common::perf: frust-perf raw n=117 total_us=100629 rebuild_us=552 layout_us=20 paint_us=30 encode_us=98 acquire_us=107 submit_us=99821 skipped=0
frust_shell_common::perf: frust-perf raw n=118 total_us=95622 rebuild_us=621 layout_us=24 paint_us=34 encode_us=94 acquire_us=90 submit_us=94756 skipped=0
frust_shell_common::perf: frust-perf raw n=119 total_us=91199 rebuild_us=557 layout_us=21 paint_us=30 encode_us=96 acquire_us=96 submit_us=90396 skipped=0
frust_shell_android::app::frame: frust-perf platform-view tail depth=0 target=0 acquire_bound=false frame=840 expected_present_us=0 acquire_us=102 period_us=11156
frust_shell_common::perf: frust-perf raw n=120 total_us=95014 rebuild_us=550 layout_us=18 paint_us=29 encode_us=99 acquire_us=102 submit_us=94214 skipped=0
frust_shell_common::perf: frust-perf raw n=121 total_us=95937 rebuild_us=674 layout_us=25 paint_us=36 encode_us=97 acquire_us=87 submit_us=95017 skipped=0
frust_shell_common::perf: frust-perf raw n=122 total_us=96714 rebuild_us=709 layout_us=30 paint_us=38 encode_us=97 acquire_us=94 submit_us=95743 skipped=0
frust_shell_common::perf: frust-perf frame n=120 total_p50_ms=94 total_p95_ms=99 total_p99_ms=99 rebuild_p95_ms=0 layout_p95_ms=0 paint_p95_ms=0 encode_p95_ms=0 acquire_p95_ms=0 submit_p95_ms=98 over_60hz=122 over_120hz=122 skipped=0 total_frames=122
frust_shell_common::perf: frust-perf raw n=123 total_us=94948 rebuild_us=553 layout_us=19 paint_us=30 encode_us=93 acquire_us=101 submit_us=94151 skipped=0
frust_shell_common::perf: frust-perf raw n=124 total_us=94683 rebuild_us=640 layout_us=30 paint_us=37 encode_us=95 acquire_us=98 submit_us=93780 skipped=0
frust_shell_common::perf: frust-perf raw n=125 total_us=93695 rebuild_us=558 layout_us=19 paint_us=31 encode_us=196 acquire_us=300 submit_us=92589 skipped=0
frust_shell_common::perf: frust-perf raw n=126 total_us=94464 rebuild_us=578 layout_us=24 paint_us=42 encode_us=97 acquire_us=92 submit_us=93628 skipped=0
frust_shell_common::perf: frust-perf raw n=127 total_us=95235 rebuild_us=547 layout_us=19 paint_us=30 encode_us=102 acquire_us=165 submit_us=94371 skipped=0
frust_shell_common::perf: frust-perf raw n=128 total_us=92746 rebuild_us=598 layout_us=25 paint_us=34 encode_us=96 acquire_us=101 submit_us=91891 skipped=0
frust_shell_common::perf: frust-perf raw n=129 total_us=95415 rebuild_us=562 layout_us=21 paint_us=33 encode_us=102 acquire_us=122 submit_us=94573 skipped=0
frust_shell_common::perf: frust-perf raw n=130 total_us=93648 rebuild_us=596 layout_us=22 paint_us=33 encode_us=94 acquire_us=97 submit_us=92803 skipped=0
frust_shell_common::perf: frust-perf raw n=131 total_us=95870 rebuild_us=616 layout_us=21 paint_us=33 encode_us=100 acquire_us=105 submit_us=94993 skipped=0
frust_shell_common::perf: frust-perf raw n=132 total_us=96465 rebuild_us=603 layout_us=20 paint_us=31 encode_us=100 acquire_us=151 submit_us=95556 skipped=0
frust_shell_common::perf: frust-perf raw n=133 total_us=92320 rebuild_us=687 layout_us=27 paint_us=37 encode_us=99 acquire_us=102 submit_us=91364 skipped=0
frust_shell_common::perf: frust-perf raw n=134 total_us=95795 rebuild_us=551 layout_us=20 paint_us=30 encode_us=98 acquire_us=112 submit_us=94981 skipped=0
frust_shell_android::app::frame: frust-perf platform-view tail depth=0 target=0 acquire_bound=false frame=960 expected_present_us=0 acquire_us=110 period_us=11392
frust_shell_common::perf: frust-perf raw n=135 total_us=95841 rebuild_us=570 layout_us=23 paint_us=45 encode_us=101 acquire_us=93 submit_us=95008 skipped=0
frust_shell_common::perf: frust-perf raw n=136 total_us=93459 rebuild_us=560 layout_us=19 paint_us=32 encode_us=99 acquire_us=101 submit_us=92645 skipped=0
frust_shell_common::perf: frust-perf raw n=137 total_us=95238 rebuild_us=601 layout_us=23 paint_us=35 encode_us=168 acquire_us=166 submit_us=94243 skipped=0
frust_shell_common::perf: frust-perf raw n=138 total_us=96040 rebuild_us=555 layout_us=20 paint_us=31 encode_us=97 acquire_us=112 submit_us=95222 skipped=0
frust_shell_common::perf: frust-perf raw n=139 total_us=95012 rebuild_us=637 layout_us=25 paint_us=36 encode_us=84 acquire_us=84 submit_us=94143 skipped=0
frust_shell_common::perf: frust-perf raw n=140 total_us=96474 rebuild_us=563 layout_us=20 paint_us=31 encode_us=96 acquire_us=114 submit_us=95648 skipped=0
frust_shell_common::perf: frust-perf raw n=141 total_us=94367 rebuild_us=661 layout_us=26 paint_us=38 encode_us=95 acquire_us=90 submit_us=93455 skipped=0
frust_shell_common::perf: frust-perf raw n=142 total_us=94525 rebuild_us=607 layout_us=18 paint_us=30 encode_us=98 acquire_us=105 submit_us=93664 skipped=0
frust_shell_common::perf: frust-perf raw n=143 total_us=92459 rebuild_us=564 layout_us=21 paint_us=31 encode_us=96 acquire_us=89 submit_us=91655 skipped=0
frust_shell_common::perf: frust-perf raw n=144 total_us=94668 rebuild_us=558 layout_us=19 paint_us=30 encode_us=263 acquire_us=230 submit_us=93566 skipped=0
frust_shell_common::perf: frust-perf frame n=120 total_p50_ms=95 total_p95_ms=99 total_p99_ms=99 rebuild_p95_ms=0 layout_p95_ms=0 paint_p95_ms=0 encode_p95_ms=0 acquire_p95_ms=0 submit_p95_ms=98 over_60hz=144 over_120hz=144 skipped=0 total_frames=144
frust_shell_common::perf: frust-perf raw n=145 total_us=98629 rebuild_us=634 layout_us=24 paint_us=38 encode_us=104 acquire_us=120 submit_us=97706 skipped=0
frust_shell_common::perf: frust-perf raw n=146 total_us=92988 rebuild_us=619 layout_us=25 paint_us=34 encode_us=98 acquire_us=94 submit_us=92116 skipped=0
frust_shell_common::perf: frust-perf raw n=147 total_us=96616 rebuild_us=553 layout_us=19 paint_us=30 encode_us=103 acquire_us=101 submit_us=95808 skipped=0
frust_shell_common::perf: frust-perf raw n=148 total_us=92114 rebuild_us=615 layout_us=26 paint_us=35 encode_us=94 acquire_us=88 submit_us=91253 skipped=0
frust_shell_common::perf: frust-perf raw n=149 total_us=94693 rebuild_us=563 layout_us=20 paint_us=31 encode_us=111 acquire_us=106 submit_us=93859 skipped=0
frust_shell_android::app::frame: frust-perf platform-view tail depth=0 target=0 acquire_bound=false frame=1080 expected_present_us=0 acquire_us=107 period_us=11396
frust_shell_common::perf: frust-perf raw n=150 total_us=95103 rebuild_us=696 layout_us=32 paint_us=38 encode_us=94 acquire_us=107 submit_us=94135 skipped=0
frust_shell_common::perf: frust-perf raw n=151 total_us=92771 rebuild_us=593 layout_us=19 paint_us=28 encode_us=95 acquire_us=112 submit_us=91920 skipped=0
frust_shell_common::perf: frust-perf raw n=152 total_us=96627 rebuild_us=570 layout_us=27 paint_us=34 encode_us=101 acquire_us=103 submit_us=95789 skipped=0
frust_shell_common::perf: frust-perf raw n=153 total_us=96294 rebuild_us=615 layout_us=23 paint_us=34 encode_us=99 acquire_us=104 submit_us=95415 skipped=0
frust_shell_common::perf: frust-perf raw n=154 total_us=95294 rebuild_us=548 layout_us=19 paint_us=29 encode_us=101 acquire_us=90 submit_us=94505 skipped=0
frust_shell_common::perf: frust-perf raw n=155 total_us=97418 rebuild_us=553 layout_us=20 paint_us=35 encode_us=97 acquire_us=96 submit_us=96615 skipped=0
frust_shell_common::perf: frust-perf raw n=156 total_us=93149 rebuild_us=598 layout_us=22 paint_us=33 encode_us=95 acquire_us=102 submit_us=92296 skipped=0
frust_shell_common::perf: frust-perf raw n=157 total_us=95769 rebuild_us=567 layout_us=20 paint_us=30 encode_us=164 acquire_us=168 submit_us=94818 skipped=0
frust_shell_common::perf: frust-perf raw n=158 total_us=96832 rebuild_us=607 layout_us=25 paint_us=39 encode_us=93 acquire_us=89 submit_us=95976 skipped=0
frust_shell_common::perf: frust-perf raw n=159 total_us=94775 rebuild_us=566 layout_us=20 paint_us=31 encode_us=99 acquire_us=94 submit_us=93962 skipped=0
frust_shell_common::perf: frust-perf raw n=160 total_us=95269 rebuild_us=665 layout_us=27 paint_us=35 encode_us=94 acquire_us=98 submit_us=94348 skipped=0
frust_shell_common::perf: frust-perf raw n=161 total_us=95135 rebuild_us=605 layout_us=19 paint_us=29 encode_us=98 acquire_us=104 submit_us=94278 skipped=0
frust_shell_common::perf: frust-perf raw n=162 total_us=97010 rebuild_us=700 layout_us=30 paint_us=43 encode_us=98 acquire_us=105 submit_us=96031 skipped=0
frust_shell_common::perf: frust-perf raw n=163 total_us=95322 rebuild_us=554 layout_us=19 paint_us=31 encode_us=100 acquire_us=101 submit_us=94516 skipped=0
frust_shell_common::perf: frust-perf raw n=164 total_us=95546 rebuild_us=640 layout_us=25 paint_us=35 encode_us=96 acquire_us=131 submit_us=94616 skipped=0
frust_shell_android::app::frame: frust-perf platform-view tail depth=0 target=0 acquire_bound=false frame=1200 expected_present_us=0 acquire_us=106 period_us=12517
frust_shell_common::perf: frust-perf raw n=165 total_us=96942 rebuild_us=557 layout_us=20 paint_us=30 encode_us=102 acquire_us=97 submit_us=96135 skipped=0
frust_shell_common::perf: frust-perf frame n=120 total_p50_ms=95 total_p95_ms=98 total_p99_ms=99 rebuild_p95_ms=0 layout_p95_ms=0 paint_p95_ms=0 encode_p95_ms=0 acquire_p95_ms=0 submit_p95_ms=97 over_60hz=165 over_120hz=165 skipped=0 total_frames=165
frust_shell_common::perf: frust-perf raw n=166 total_us=93284 rebuild_us=559 layout_us=20 paint_us=31 encode_us=99 acquire_us=95 submit_us=92478 skipped=0
frust_shell_common::perf: frust-perf raw n=167 total_us=95531 rebuild_us=598 layout_us=23 paint_us=36 encode_us=97 acquire_us=101 submit_us=94674 skipped=0
frust_shell_common::perf: frust-perf raw n=168 total_us=94010 rebuild_us=559 layout_us=20 paint_us=30 encode_us=104 acquire_us=105 submit_us=93191 skipped=0
frust_shell_common::perf: frust-perf raw n=169 total_us=95187 rebuild_us=553 layout_us=20 paint_us=30 encode_us=101 acquire_us=106 submit_us=94374 skipped=0
frust_shell_common::perf: frust-perf raw n=170 total_us=97254 rebuild_us=597 layout_us=22 paint_us=32 encode_us=95 acquire_us=95 submit_us=96411 skipped=0
frust_shell_common::perf: frust-perf raw n=171 total_us=95368 rebuild_us=694 layout_us=26 paint_us=39 encode_us=100 acquire_us=99 submit_us=94408 skipped=0
frust_shell_common::perf: frust-perf raw n=172 total_us=95569 rebuild_us=550 layout_us=19 paint_us=30 encode_us=108 acquire_us=104 submit_us=94755 skipped=0
frust_shell_common::perf: frust-perf raw n=173 total_us=96386 rebuild_us=569 layout_us=24 paint_us=34 encode_us=97 acquire_us=94 submit_us=95565 skipped=0
frust_shell_common::perf: frust-perf raw n=174 total_us=97009 rebuild_us=556 layout_us=20 paint_us=31 encode_us=101 acquire_us=102 submit_us=96197 skipped=0
frust_shell_common::perf: frust-perf raw n=175 total_us=94588 rebuild_us=636 layout_us=24 paint_us=36 encode_us=94 acquire_us=89 submit_us=93706 skipped=0
frust_shell_common::perf: frust-perf raw n=176 total_us=92924 rebuild_us=573 layout_us=22 paint_us=44 encode_us=131 acquire_us=95 submit_us=92057 skipped=0
frust_shell_common::perf: frust-perf raw n=177 total_us=96706 rebuild_us=620 layout_us=25 paint_us=35 encode_us=98 acquire_us=89 submit_us=95835 skipped=0
frust_shell_common::perf: frust-perf raw n=178 total_us=96224 rebuild_us=643 layout_us=28 paint_us=38 encode_us=101 acquire_us=102 submit_us=95311 skipped=0
frust_shell_common::perf: frust-perf raw n=179 total_us=95909 rebuild_us=675 layout_us=26 paint_us=36 encode_us=144 acquire_us=135 submit_us=94890 skipped=0
frust_shell_android::app::frame: frust-perf platform-view tail depth=0 target=0 acquire_bound=false frame=1320 expected_present_us=0 acquire_us=103 period_us=12022
frust_shell_common::perf: frust-perf raw n=180 total_us=93125 rebuild_us=560 layout_us=19 paint_us=30 encode_us=105 acquire_us=100 submit_us=92309 skipped=0
frust_shell_common::perf: frust-perf raw n=181 total_us=93651 rebuild_us=681 layout_us=24 paint_us=39 encode_us=94 acquire_us=90 submit_us=92720 skipped=0
frust_shell_common::perf: frust-perf raw n=182 total_us=95526 rebuild_us=549 layout_us=19 paint_us=29 encode_us=98 acquire_us=108 submit_us=94721 skipped=0
frust_shell_common::perf: frust-perf raw n=183 total_us=94338 rebuild_us=584 layout_us=21 paint_us=33 encode_us=87 acquire_us=105 submit_us=93505 skipped=0
frust_shell_common::perf: frust-perf raw n=184 total_us=99193 rebuild_us=553 layout_us=20 paint_us=32 encode_us=94 acquire_us=97 submit_us=98394 skipped=0
frust_shell_common::perf: frust-perf raw n=185 total_us=95600 rebuild_us=661 layout_us=26 paint_us=39 encode_us=95 acquire_us=102 submit_us=94675 skipped=0
frust_shell_common::perf: frust-perf raw n=186 total_us=94369 rebuild_us=552 layout_us=20 paint_us=31 encode_us=101 acquire_us=104 submit_us=93560 skipped=0
frust_shell_common::perf: frust-perf frame n=120 total_p50_ms=95 total_p95_ms=98 total_p99_ms=99 rebuild_p95_ms=0 layout_p95_ms=0 paint_p95_ms=0 encode_p95_ms=0 acquire_p95_ms=0 submit_p95_ms=97 over_60hz=186 over_120hz=186 skipped=0 total_frames=186
frust_shell_common::perf: frust-perf raw n=187 total_us=98187 rebuild_us=649 layout_us=25 paint_us=36 encode_us=93 acquire_us=87 submit_us=97295 skipped=0
frust_shell_common::perf: frust-perf raw n=188 total_us=93613 rebuild_us=570 layout_us=21 paint_us=32 encode_us=187 acquire_us=1196 submit_us=91604 skipped=0
frust_shell_common::perf: frust-perf raw n=189 total_us=95103 rebuild_us=569 layout_us=20 paint_us=31 encode_us=97 acquire_us=114 submit_us=94269 skipped=0
frust_shell_common::perf: frust-perf raw n=190 total_us=95949 rebuild_us=606 layout_us=22 paint_us=34 encode_us=97 acquire_us=121 submit_us=95067 skipped=0
frust_shell_common::perf: frust-perf raw n=191 total_us=93311 rebuild_us=647 layout_us=28 paint_us=35 encode_us=95 acquire_us=104 submit_us=92399 skipped=0
frust_shell_common::perf: frust-perf raw n=192 total_us=93875 rebuild_us=551 layout_us=19 paint_us=31 encode_us=99 acquire_us=100 submit_us=93072 skipped=0
frust_shell_common::perf: frust-perf raw n=193 total_us=94216 rebuild_us=620 layout_us=20 paint_us=33 encode_us=84 acquire_us=89 submit_us=93367 skipped=0
frust_shell_android::app::frame: frust-perf platform-view tail depth=0 target=0 acquire_bound=false frame=1440 expected_present_us=0 acquire_us=151 period_us=11151
frust_shell_common::perf: frust-perf raw n=194 total_us=93508 rebuild_us=601 layout_us=23 paint_us=32 encode_us=101 acquire_us=113 submit_us=92636 skipped=0
frust_shell_common::perf: frust-perf raw n=195 total_us=97061 rebuild_us=583 layout_us=21 paint_us=33 encode_us=100 acquire_us=103 submit_us=96219 skipped=0
frust_shell_common::perf: frust-perf raw n=196 total_us=98316 rebuild_us=648 layout_us=25 paint_us=34 encode_us=161 acquire_us=164 submit_us=97282 skipped=0
frust_shell_common::perf: frust-perf raw n=197 total_us=97347 rebuild_us=670 layout_us=27 paint_us=36 encode_us=98 acquire_us=94 submit_us=96420 skipped=0
frust_shell_common::perf: frust-perf raw n=198 total_us=94947 rebuild_us=556 layout_us=20 paint_us=30 encode_us=91 acquire_us=96 submit_us=94152 skipped=0
frust_shell_common::perf: frust-perf raw n=199 total_us=93472 rebuild_us=611 layout_us=25 paint_us=35 encode_us=94 acquire_us=91 submit_us=92613 skipped=0
frust_shell_common::perf: frust-perf raw n=200 total_us=94136 rebuild_us=554 layout_us=19 paint_us=30 encode_us=103 acquire_us=104 submit_us=93323 skipped=0
frust_shell_common::perf: frust-perf raw n=201 total_us=98384 rebuild_us=620 layout_us=25 paint_us=36 encode_us=149 acquire_us=146 submit_us=97406 skipped=0
frust_shell_common::perf: frust-perf raw n=202 total_us=94540 rebuild_us=617 layout_us=19 paint_us=30 encode_us=100 acquire_us=93 submit_us=93678 skipped=0
frust_shell_common::perf: frust-perf raw n=203 total_us=92110 rebuild_us=592 layout_us=19 paint_us=31 encode_us=101 acquire_us=112 submit_us=91252 skipped=0
frust_shell_common::perf: frust-perf raw n=204 total_us=98659 rebuild_us=582 layout_us=22 paint_us=31 encode_us=96 acquire_us=92 submit_us=97832 skipped=0
frust_shell_common::perf: frust-perf raw n=205 total_us=95322 rebuild_us=661 layout_us=28 paint_us=39 encode_us=100 acquire_us=101 submit_us=94391 skipped=0
frust_shell_common::perf: frust-perf raw n=206 total_us=96728 rebuild_us=548 layout_us=19 paint_us=29 encode_us=100 acquire_us=105 submit_us=95926 skipped=0
frust_shell_common::perf: frust-perf raw n=207 total_us=95415 rebuild_us=557 layout_us=20 paint_us=29 encode_us=98 acquire_us=107 submit_us=94601 skipped=0
frust_shell_common::perf: frust-perf frame n=120 total_p50_ms=95 total_p95_ms=98 total_p99_ms=99 rebuild_p95_ms=0 layout_p95_ms=0 paint_p95_ms=0 encode_p95_ms=0 acquire_p95_ms=0 submit_p95_ms=97 over_60hz=207 over_120hz=207 skipped=0 total_frames=207
frust_shell_common::perf: frust-perf raw n=208 total_us=96953 rebuild_us=696 layout_us=29 paint_us=42 encode_us=152 acquire_us=135 submit_us=95896 skipped=0
frust_shell_android::app::frame: frust-perf platform-view tail depth=0 target=0 acquire_bound=false frame=1560 expected_present_us=0 acquire_us=114 period_us=12119
frust_shell_common::perf: frust-perf raw n=209 total_us=94597 rebuild_us=565 layout_us=19 paint_us=31 encode_us=131 acquire_us=120 submit_us=93728 skipped=0
frust_shell_common::perf: frust-perf raw n=210 total_us=94501 rebuild_us=624 layout_us=24 paint_us=33 encode_us=93 acquire_us=99 submit_us=93626 skipped=0
frust_shell_common::perf: frust-perf raw n=211 total_us=96608 rebuild_us=550 layout_us=19 paint_us=30 encode_us=99 acquire_us=96 submit_us=95812 skipped=0
frust_shell_common::perf: frust-perf raw n=212 total_us=98252 rebuild_us=607 layout_us=23 paint_us=37 encode_us=94 acquire_us=99 submit_us=97389 skipped=0
frust_shell_common::perf: frust-perf raw n=213 total_us=97655 rebuild_us=548 layout_us=20 paint_us=29 encode_us=98 acquire_us=105 submit_us=96854 skipped=0
frust_shell_common::perf: frust-perf raw n=214 total_us=95070 rebuild_us=581 layout_us=21 paint_us=47 encode_us=97 acquire_us=90 submit_us=94232 skipped=0
frust_shell_common::perf: frust-perf raw n=215 total_us=97212 rebuild_us=609 layout_us=29 paint_us=34 encode_us=225 acquire_us=200 submit_us=96112 skipped=0
frust_shell_common::perf: frust-perf raw n=216 total_us=91067 rebuild_us=556 layout_us=19 paint_us=53 encode_us=96 acquire_us=93 submit_us=90247 skipped=0
frust_shell_common::perf: frust-perf raw n=217 total_us=95684 rebuild_us=563 layout_us=21 paint_us=30 encode_us=92 acquire_us=99 submit_us=94877 skipped=0
frust_shell_common::perf: frust-perf raw n=218 total_us=94139 rebuild_us=599 layout_us=22 paint_us=34 encode_us=99 acquire_us=104 submit_us=93280 skipped=0
frust_shell_common::perf: frust-perf raw n=219 total_us=98396 rebuild_us=569 layout_us=24 paint_us=34 encode_us=85 acquire_us=85 submit_us=97596 skipped=0
frust_shell_common::perf: frust-perf raw n=220 total_us=96371 rebuild_us=555 layout_us=19 paint_us=30 encode_us=100 acquire_us=101 submit_us=95563 skipped=0
frust_shell_common::perf: frust-perf raw n=221 total_us=95384 rebuild_us=628 layout_us=23 paint_us=34 encode_us=95 acquire_us=97 submit_us=94504 skipped=0
frust_shell_common::perf: frust-perf raw n=222 total_us=94732 rebuild_us=552 layout_us=20 paint_us=30 encode_us=100 acquire_us=96 submit_us=93932 skipped=0
frust_shell_common::perf: frust-perf raw n=223 total_us=92958 rebuild_us=582 layout_us=20 paint_us=32 encode_us=104 acquire_us=99 submit_us=92118 skipped=0
frust_shell_android::app::frame: frust-perf platform-view tail depth=0 target=0 acquire_bound=false frame=1680 expected_present_us=0 acquire_us=134 period_us=11230
frust_shell_common::perf: frust-perf raw n=224 total_us=99054 rebuild_us=609 layout_us=23 paint_us=34 encode_us=161 acquire_us=241 submit_us=97984 skipped=0
frust_shell_common::perf: frust-perf raw n=225 total_us=95065 rebuild_us=589 layout_us=23 paint_us=31 encode_us=94 acquire_us=92 submit_us=94232 skipped=0
