frust-perf activity-create
frust_shell_common::perf: bench-scenario-start s1
frust_render::context: frust-perf surface-caps formats=[Rgba8UnormSrgb,Rgba8Unorm,Rgba16Float,Rgb10a2Unorm] usages=TextureUsages(COPY_SRC | COPY_DST | TEXTURE_BINDING | STORAGE_BINDING | RENDER_ATTACHMENT | STORAGE_ATOMIC) direct_to_surface=YES (Rgba8Unorm+STORAGE_BINDING)
frust_render::context: frust-perf render-path direct (Rgba8Unorm+STORAGE_BINDING)
frust_shell_common::perf: bench-scenario-end s1
frust_shell_common::perf: bench-scenario-start s5
frust_shell_common::perf: frust-perf startup init_entry=0ms font_preinit_started=0ms font_preinit_joined=0ms preinit_started=2ms preinit_joined=2ms cache_loaded=4ms pipeline_cache_restored=4ms adapter_ready=72ms device_ready=72ms renderer_ready=72ms first_rebuild_done=81ms first_encode_done=81ms first_frame_presented=105ms
frust_shell_common::perf: frust-perf raw n=1 total_us=24089 rebuild_us=91 layout_us=15 paint_us=24 encode_us=93 acquire_us=26 submit_us=23838 skipped=0
frust_shell_common::perf: frust-perf raw n=2 total_us=80635 rebuild_us=862 layout_us=54 paint_us=79 encode_us=95 acquire_us=58 submit_us=79485 skipped=0
frust_shell_common::perf: frust-perf raw n=3 total_us=46168 rebuild_us=282 layout_us=45 paint_us=63 encode_us=61 acquire_us=36 submit_us=45678 skipped=0
frust_shell_common::perf: frust-perf raw n=4 total_us=41065 rebuild_us=194 layout_us=25 paint_us=33 encode_us=119 acquire_us=63 submit_us=40629 skipped=0
frust_shell_common::perf: frust-perf raw n=5 total_us=54380 rebuild_us=444 layout_us=64 paint_us=108 encode_us=71 acquire_us=55 submit_us=53636 skipped=0
frust_shell_common::perf: frust-perf raw n=6 total_us=44767 rebuild_us=502 layout_us=24 paint_us=33 encode_us=61 acquire_us=52 submit_us=44092 skipped=0
frust_shell_common::perf: frust-perf raw n=7 total_us=38957 rebuild_us=231 layout_us=25 paint_us=25 encode_us=85 acquire_us=63 submit_us=38525 skipped=0
frust_shell_common::perf: frust-perf raw n=8 total_us=40869 rebuild_us=290 layout_us=26 paint_us=30 encode_us=68 acquire_us=55 submit_us=40397 skipped=0
frust_shell_common::perf: frust-perf raw n=9 total_us=43005 rebuild_us=257 layout_us=28 paint_us=26 encode_us=63 acquire_us=64 submit_us=42566 skipped=0
frust_shell_common::perf: frust-perf raw n=10 total_us=37331 rebuild_us=269 layout_us=35 paint_us=27 encode_us=90 acquire_us=120 submit_us=36788 skipped=0
frust_shell_common::perf: frust-perf raw n=11 total_us=40012 rebuild_us=298 layout_us=30 paint_us=27 encode_us=70 acquire_us=84 submit_us=39500 skipped=0
frust_shell_common::perf: frust-perf raw n=12 total_us=37718 rebuild_us=319 layout_us=23 paint_us=27 encode_us=69 acquire_us=80 submit_us=37198 skipped=0
frust_shell_common::perf: frust-perf raw n=13 total_us=39250 rebuild_us=411 layout_us=47 paint_us=41 encode_us=47 acquire_us=76 submit_us=38626 skipped=0
frust_shell_common::perf: frust-perf raw n=14 total_us=36116 rebuild_us=283 layout_us=23 paint_us=23 encode_us=147 acquire_us=153 submit_us=35485 skipped=0
frust_shell_common::perf: frust-perf raw n=15 total_us=41302 rebuild_us=317 layout_us=24 paint_us=29 encode_us=71 acquire_us=85 submit_us=40773 skipped=0
frust_shell_common::perf: frust-perf raw n=16 total_us=35979 rebuild_us=329 layout_us=23 paint_us=28 encode_us=54 acquire_us=71 submit_us=35472 skipped=0
frust_shell_common::perf: frust-perf raw n=17 total_us=41312 rebuild_us=306 layout_us=23 paint_us=28 encode_us=61 acquire_us=64 submit_us=40828 skipped=0
frust_shell_common::perf: frust-perf raw n=18 total_us=36173 rebuild_us=331 layout_us=22 paint_us=23 encode_us=66 acquire_us=81 submit_us=35648 skipped=0
frust_shell_common::perf: frust-perf raw n=19 total_us=45270 rebuild_us=314 layout_us=21 paint_us=25 encode_us=58 acquire_us=77 submit_us=44773 skipped=0
frust_shell_common::perf: frust-perf raw n=20 total_us=35719 rebuild_us=352 layout_us=56 paint_us=27 encode_us=60 acquire_us=80 submit_us=35142 skipped=0
frust_shell_common::perf: frust-perf raw n=21 total_us=44844 rebuild_us=399 layout_us=24 paint_us=28 encode_us=65 acquire_us=81 submit_us=44245 skipped=0
frust_shell_common::perf: frust-perf raw n=22 total_us=35231 rebuild_us=386 layout_us=21 paint_us=46 encode_us=66 acquire_us=100 submit_us=34611 skipped=0
frust_shell_common::perf: frust-perf raw n=23 total_us=48249 rebuild_us=405 layout_us=28 paint_us=27 encode_us=61 acquire_us=80 submit_us=47646 skipped=0
frust_shell_common::perf: frust-perf raw n=24 total_us=35699 rebuild_us=402 layout_us=24 paint_us=27 encode_us=47 acquire_us=61 submit_us=35136 skipped=0
frust_shell_common::perf: frust-perf raw n=25 total_us=46297 rebuild_us=391 layout_us=22 paint_us=26 encode_us=64 acquire_us=74 submit_us=45718 skipped=0
frust_shell_common::perf: frust-perf raw n=26 total_us=38383 rebuild_us=399 layout_us=22 paint_us=28 encode_us=59 acquire_us=94 submit_us=37779 skipped=0
frust_shell_common::perf: frust-perf raw n=27 total_us=46546 rebuild_us=405 layout_us=24 paint_us=30 encode_us=56 acquire_us=53 submit_us=45974 skipped=0
frust_shell_common::perf: frust-perf raw n=28 total_us=36881 rebuild_us=534 layout_us=34 paint_us=38 encode_us=61 acquire_us=72 submit_us=36140 skipped=0
frust_shell_common::perf: frust-perf raw n=29 total_us=46351 rebuild_us=526 layout_us=29 paint_us=49 encode_us=65 acquire_us=76 submit_us=45604 skipped=0
frust_shell_common::perf: frust-perf raw n=30 total_us=37640 rebuild_us=270 layout_us=13 paint_us=34 encode_us=66 acquire_us=79 submit_us=37175 skipped=0
frust_shell_android::app::frame: frust-perf platform-view tail depth=0 target=0 acquire_bound=false frame=120 expected_present_us=0 acquire_us=72 period_us=11135
frust_shell_common::perf: frust-perf raw n=31 total_us=93372 rebuild_us=368 layout_us=21 paint_us=87 encode_us=54 acquire_us=68 submit_us=92772 skipped=0
frust_shell_common::perf: frust-perf raw n=32 total_us=96542 rebuild_us=291 layout_us=14 paint_us=18 encode_us=62 acquire_us=78 submit_us=96078 skipped=0
frust_shell_common::perf: frust-perf raw n=33 total_us=94850 rebuild_us=517 layout_us=24 paint_us=28 encode_us=70 acquire_us=67 submit_us=94142 skipped=0
frust_shell_common::perf: frust-perf raw n=34 total_us=93661 rebuild_us=401 layout_us=15 paint_us=24 encode_us=69 acquire_us=75 submit_us=93075 skipped=0
frust_shell_common::perf: frust-perf raw n=35 total_us=92540 rebuild_us=406 layout_us=15 paint_us=33 encode_us=71 acquire_us=75 submit_us=91938 skipped=0
frust_shell_common::perf: frust-perf raw n=36 total_us=92002 rebuild_us=473 layout_us=20 paint_us=29 encode_us=77 acquire_us=78 submit_us=91322 skipped=0
frust_shell_common::perf: frust-perf raw n=37 total_us=97582 rebuild_us=464 layout_us=55 paint_us=28 encode_us=74 acquire_us=75 submit_us=96882 skipped=0
frust_shell_common::perf: frust-perf raw n=38 total_us=91427 rebuild_us=669 layout_us=27 paint_us=36 encode_us=95 acquire_us=88 submit_us=90510 skipped=0
frust_shell_common::perf: frust-perf frame n=38 total_p50_ms=41 total_p95_ms=96 total_p99_ms=97 rebuild_p95_ms=0 layout_p95_ms=0 paint_p95_ms=0 encode_p95_ms=0 acquire_p95_ms=0 submit_p95_ms=96 over_60hz=38 over_120hz=38 skipped=0 total_frames=38
frust_shell_common::perf: frust-perf raw n=39 total_us=93615 rebuild_us=561 layout_us=21 paint_us=31 encode_us=97 acquire_us=100 submit_us=92802 skipped=0
frust_shell_common::perf: frust-perf raw n=40 total_us=95510 rebuild_us=613 layout_us=25 paint_us=35 encode_us=95 acquire_us=87 submit_us=94652 skipped=0
frust_shell_common::perf: frust-perf raw n=41 total_us=96581 rebuild_us=560 layout_us=22 paint_us=32 encode_us=168 acquire_us=172 submit_us=95624 skipped=0
frust_shell_common::perf: frust-perf raw n=42 total_us=98329 rebuild_us=626 layout_us=29 paint_us=43 encode_us=94 acquire_us=118 submit_us=97416 skipped=0
frust_shell_common::perf: frust-perf raw n=43 total_us=95271 rebuild_us=602 layout_us=24 paint_us=35 encode_us=100 acquire_us=102 submit_us=94406 skipped=0
frust_shell_common::perf: frust-perf raw n=44 total_us=91372 rebuild_us=577 layout_us=20 paint_us=31 encode_us=100 acquire_us=123 submit_us=90518 skipped=0
frust_shell_android::app::frame: frust-perf platform-view tail depth=0 target=0 acquire_bound=false frame=240 expected_present_us=0 acquire_us=110 period_us=11168
frust_shell_common::perf: frust-perf raw n=45 total_us=91910 rebuild_us=610 layout_us=24 paint_us=35 encode_us=98 acquire_us=113 submit_us=91027 skipped=0
frust_shell_common::perf: frust-perf raw n=46 total_us=91838 rebuild_us=651 layout_us=23 paint_us=36 encode_us=93 acquire_us=94 submit_us=90937 skipped=0
frust_shell_common::perf: frust-perf raw n=47 total_us=96246 rebuild_us=605 layout_us=24 paint_us=38 encode_us=98 acquire_us=94 submit_us=95385 skipped=0
frust_shell_common::perf: frust-perf raw n=48 total_us=93915 rebuild_us=550 layout_us=19 paint_us=30 encode_us=100 acquire_us=111 submit_us=93103 skipped=0
frust_shell_common::perf: frust-perf raw n=49 total_us=94458 rebuild_us=570 layout_us=22 paint_us=34 encode_us=102 acquire_us=107 submit_us=93620 skipped=0
frust_shell_common::perf: frust-perf raw n=50 total_us=96285 rebuild_us=559 layout_us=19 paint_us=32 encode_us=163 acquire_us=257 submit_us=95252 skipped=0
frust_shell_common::perf: frust-perf raw n=51 total_us=95338 rebuild_us=633 layout_us=26 paint_us=38 encode_us=96 acquire_us=103 submit_us=94440 skipped=0
frust_shell_common::perf: frust-perf raw n=52 total_us=95508 rebuild_us=584 layout_us=23 paint_us=32 encode_us=95 acquire_us=108 submit_us=94665 skipped=0
frust_shell_common::perf: frust-perf raw n=53 total_us=94112 rebuild_us=649 layout_us=23 paint_us=34 encode_us=99 acquire_us=110 submit_us=93193 skipped=0
frust_shell_common::perf: frust-perf raw n=54 total_us=94469 rebuild_us=558 layout_us=21 paint_us=32 encode_us=96 acquire_us=110 submit_us=93651 skipped=0
frust_shell_common::perf: frust-perf raw n=55 total_us=93833 rebuild_us=667 layout_us=26 paint_us=36 encode_us=104 acquire_us=95 submit_us=92902 skipped=0
frust_shell_common::perf: frust-perf raw n=56 total_us=98539 rebuild_us=726 layout_us=29 paint_us=45 encode_us=92 acquire_us=90 submit_us=97554 skipped=0
frust_shell_common::perf: frust-perf raw n=57 total_us=95099 rebuild_us=561 layout_us=20 paint_us=32 encode_us=101 acquire_us=108 submit_us=94274 skipped=0
frust_shell_common::perf: frust-perf raw n=58 total_us=93624 rebuild_us=565 layout_us=20 paint_us=31 encode_us=100 acquire_us=108 submit_us=92798 skipped=0
frust_shell_common::perf: frust-perf raw n=59 total_us=93042 rebuild_us=579 layout_us=21 paint_us=33 encode_us=99 acquire_us=102 submit_us=92206 skipped=0
frust_shell_android::app::frame: frust-perf platform-view tail depth=0 target=0 acquire_bound=false frame=360 expected_present_us=0 acquire_us=102 period_us=11173
frust_shell_common::perf: frust-perf raw n=60 total_us=94662 rebuild_us=699 layout_us=31 paint_us=40 encode_us=96 acquire_us=95 submit_us=93699 skipped=0
frust_shell_common::perf: frust-perf frame n=60 total_p50_ms=80 total_p95_ms=96 total_p99_ms=98 rebuild_p95_ms=0 layout_p95_ms=0 paint_p95_ms=0 encode_p95_ms=0 acquire_p95_ms=0 submit_p95_ms=96 over_60hz=60 over_120hz=60 skipped=0 total_frames=60
frust_shell_common::perf: frust-perf raw n=61 total_us=92652 rebuild_us=571 layout_us=22 paint_us=33 encode_us=96 acquire_us=116 submit_us=91812 skipped=0
frust_shell_common::perf: frust-perf raw n=62 total_us=93405 rebuild_us=635 layout_us=25 paint_us=33 encode_us=98 acquire_us=96 submit_us=92515 skipped=0
frust_shell_common::perf: frust-perf raw n=63 total_us=96061 rebuild_us=686 layout_us=42 paint_us=50 encode_us=99 acquire_us=88 submit_us=95093 skipped=0
frust_shell_common::perf: frust-perf raw n=64 total_us=93556 rebuild_us=552 layout_us=20 paint_us=30 encode_us=110 acquire_us=113 submit_us=92729 skipped=0
frust_shell_common::perf: frust-perf raw n=65 total_us=93459 rebuild_us=571 layout_us=20 paint_us=32 encode_us=104 acquire_us=111 submit_us=92618 skipped=0
frust_shell_common::perf: frust-perf raw n=66 total_us=93874 rebuild_us=576 layout_us=22 paint_us=33 encode_us=106 acquire_us=105 submit_us=93030 skipped=0
frust_shell_common::perf: frust-perf raw n=67 total_us=92161 rebuild_us=609 layout_us=23 paint_us=36 encode_us=93 acquire_us=95 submit_us=91303 skipped=0
frust_shell_common::perf: frust-perf raw n=68 total_us=94628 rebuild_us=560 layout_us=19 paint_us=31 encode_us=97 acquire_us=95 submit_us=93823 skipped=0
frust_shell_common::perf: frust-perf raw n=69 total_us=93109 rebuild_us=556 layout_us=20 paint_us=31 encode_us=97 acquire_us=104 submit_us=92299 skipped=0
frust_shell_common::perf: frust-perf raw n=70 total_us=96420 rebuild_us=616 layout_us=24 paint_us=34 encode_us=98 acquire_us=88 submit_us=95559 skipped=0
frust_shell_common::perf: frust-perf raw n=71 total_us=95339 rebuild_us=636 layout_us=25 paint_us=36 encode_us=99 acquire_us=99 submit_us=94442 skipped=0
frust_shell_common::perf: frust-perf raw n=72 total_us=93710 rebuild_us=551 layout_us=19 paint_us=31 encode_us=98 acquire_us=94 submit_us=92914 skipped=0
frust_shell_common::perf: frust-perf raw n=73 total_us=92799 rebuild_us=665 layout_us=29 paint_us=37 encode_us=98 acquire_us=87 submit_us=91881 skipped=0
frust_shell_common::perf: frust-perf raw n=74 total_us=95146 rebuild_us=556 layout_us=20 paint_us=30 encode_us=98 acquire_us=104 submit_us=94335 skipped=0
frust_shell_android::app::frame: frust-perf platform-view tail depth=0 target=0 acquire_bound=false frame=480 expected_present_us=0 acquire_us=90 period_us=12342
frust_shell_common::perf: frust-perf raw n=75 total_us=96221 rebuild_us=621 layout_us=23 paint_us=35 encode_us=83 acquire_us=76 submit_us=95381 skipped=0
frust_shell_common::perf: frust-perf raw n=76 total_us=99305 rebuild_us=587 layout_us=23 paint_us=41 encode_us=101 acquire_us=101 submit_us=98449 skipped=0
frust_shell_common::perf: frust-perf raw n=77 total_us=93467 rebuild_us=558 layout_us=20 paint_us=32 encode_us=98 acquire_us=92 submit_us=92665 skipped=0
frust_shell_common::perf: frust-perf raw n=78 total_us=96296 rebuild_us=606 layout_us=22 paint_us=32 encode_us=98 acquire_us=97 submit_us=95438 skipped=0
frust_shell_common::perf: frust-perf raw n=79 total_us=92696 rebuild_us=625 layout_us=25 paint_us=37 encode_us=97 acquire_us=93 submit_us=91817 skipped=0
frust_shell_common::perf: frust-perf raw n=80 total_us=91149 rebuild_us=594 layout_us=19 paint_us=31 encode_us=97 acquire_us=137 submit_us=90268 skipped=0
frust_shell_common::perf: frust-perf raw n=81 total_us=96853 rebuild_us=593 layout_us=23 paint_us=32 encode_us=94 acquire_us=100 submit_us=96009 skipped=0
frust_shell_common::perf: frust-perf raw n=82 total_us=93117 rebuild_us=635 layout_us=26 paint_us=71 encode_us=97 acquire_us=104 submit_us=92182 skipped=0
frust_shell_common::perf: frust-perf frame n=82 total_p50_ms=92 total_p95_ms=96 total_p99_ms=99 rebuild_p95_ms=0 layout_p95_ms=0 paint_p95_ms=0 encode_p95_ms=0 acquire_p95_ms=0 submit_p95_ms=96 over_60hz=82 over_120hz=82 skipped=0 total_frames=82
frust_shell_common::perf: frust-perf raw n=83 total_us=93198 rebuild_us=551 layout_us=19 paint_us=31 encode_us=96 acquire_us=96 submit_us=92401 skipped=0
frust_shell_common::perf: frust-perf raw n=84 total_us=95722 rebuild_us=610 layout_us=25 paint_us=36 encode_us=96 acquire_us=92 submit_us=94861 skipped=0
frust_shell_common::perf: frust-perf raw n=85 total_us=96144 rebuild_us=554 layout_us=19 paint_us=31 encode_us=101 acquire_us=107 submit_us=95329 skipped=0
frust_shell_common::perf: frust-perf raw n=86 total_us=93264 rebuild_us=663 layout_us=31 paint_us=49 encode_us=98 acquire_us=125 submit_us=92295 skipped=0
frust_shell_common::perf: frust-perf raw n=87 total_us=91641 rebuild_us=569 layout_us=21 paint_us=32 encode_us=95 acquire_us=100 submit_us=90822 skipped=0
frust_shell_common::perf: frust-perf raw n=88 total_us=96285 rebuild_us=632 layout_us=23 paint_us=33 encode_us=98 acquire_us=93 submit_us=95403 skipped=0
frust_shell_common::perf: frust-perf raw n=89 total_us=97044 rebuild_us=669 layout_us=26 paint_us=38 encode_us=95 acquire_us=100 submit_us=96114 skipped=0
frust_shell_android::app::frame: frust-perf platform-view tail depth=0 target=0 acquire_bound=false frame=600 expected_present_us=0 acquire_us=99 period_us=11874
frust_shell_common::perf: frust-perf raw n=90 total_us=95754 rebuild_us=564 layout_us=21 paint_us=31 encode_us=103 acquire_us=96 submit_us=94937 skipped=0
frust_shell_common::perf: frust-perf raw n=91 total_us=94224 rebuild_us=579 layout_us=21 paint_us=33 encode_us=100 acquire_us=98 submit_us=93392 skipped=0
frust_shell_common::perf: frust-perf raw n=92 total_us=94271 rebuild_us=556 layout_us=19 paint_us=30 encode_us=96 acquire_us=96 submit_us=93471 skipped=0
frust_shell_common::perf: frust-perf raw n=93 total_us=93430 rebuild_us=565 layout_us=20 paint_us=31 encode_us=97 acquire_us=98 submit_us=92615 skipped=0
frust_shell_common::perf: frust-perf raw n=94 total_us=93633 rebuild_us=603 layout_us=23 paint_us=34 encode_us=165 acquire_us=174 submit_us=92632 skipped=0
frust_shell_common::perf: frust-perf raw n=95 total_us=95189 rebuild_us=598 layout_us=22 paint_us=34 encode_us=99 acquire_us=102 submit_us=94332 skipped=0
frust_shell_common::perf: frust-perf raw n=96 total_us=93259 rebuild_us=564 layout_us=21 paint_us=31 encode_us=98 acquire_us=113 submit_us=92431 skipped=0
frust_shell_common::perf: frust-perf raw n=97 total_us=93215 rebuild_us=574 layout_us=26 paint_us=34 encode_us=104 acquire_us=101 submit_us=92372 skipped=0
frust_shell_common::perf: frust-perf raw n=98 total_us=95384 rebuild_us=775 layout_us=30 paint_us=41 encode_us=97 acquire_us=104 submit_us=94335 skipped=0
frust_shell_common::perf: frust-perf raw n=99 total_us=93763 rebuild_us=560 layout_us=19 paint_us=31 encode_us=98 acquire_us=118 submit_us=92935 skipped=0
frust_shell_common::perf: frust-perf raw n=100 total_us=95747 rebuild_us=603 layout_us=25 paint_us=35 encode_us=99 acquire_us=94 submit_us=94889 skipped=0
frust_shell_common::perf: frust-perf raw n=101 total_us=95709 rebuild_us=558 layout_us=19 paint_us=31 encode_us=101 acquire_us=100 submit_us=94898 skipped=0
frust_shell_common::perf: frust-perf raw n=102 total_us=96018 rebuild_us=558 layout_us=20 paint_us=30 encode_us=98 acquire_us=104 submit_us=95204 skipped=0
frust_shell_common::perf: frust-perf raw n=103 total_us=92834 rebuild_us=598 layout_us=24 paint_us=35 encode_us=157 acquire_us=119 submit_us=91899 skipped=0
frust_shell_common::perf: frust-perf raw n=104 total_us=91227 rebuild_us=627 layout_us=24 paint_us=34 encode_us=97 acquire_us=94 submit_us=90349 skipped=0
frust_shell_common::perf: frust-perf frame n=104 total_p50_ms=93 total_p95_ms=96 total_p99_ms=98 rebuild_p95_ms=0 layout_p95_ms=0 paint_p95_ms=0 encode_p95_ms=0 acquire_p95_ms=0 submit_p95_ms=96 over_60hz=104 over_120hz=104 skipped=0 total_frames=104
frust_shell_android::app::frame: frust-perf platform-view tail depth=0 target=0 acquire_bound=false frame=720 expected_present_us=0 acquire_us=99 period_us=12121
frust_shell_common::perf: frust-perf raw n=105 total_us=98026 rebuild_us=568 layout_us=20 paint_us=33 encode_us=92 acquire_us=87 submit_us=97224 skipped=0
frust_shell_common::perf: frust-perf raw n=106 total_us=95359 rebuild_us=589 layout_us=24 paint_us=35 encode_us=98 acquire_us=86 submit_us=94525 skipped=0
frust_shell_common::perf: frust-perf raw n=107 total_us=97050 rebuild_us=730 layout_us=29 paint_us=38 encode_us=95 acquire_us=116 submit_us=96040 skipped=0
frust_shell_common::perf: frust-perf raw n=108 total_us=93696 rebuild_us=553 layout_us=19 paint_us=31 encode_us=100 acquire_us=93 submit_us=92897 skipped=0
frust_shell_common::perf: frust-perf raw n=109 total_us=93722 rebuild_us=564 layout_us=20 paint_us=31 encode_us=96 acquire_us=95 submit_us=92914 skipped=0
frust_shell_common::perf: frust-perf raw n=110 total_us=96662 rebuild_us=549 layout_us=20 paint_us=36 encode_us=99 acquire_us=101 submit_us=95854 skipped=0
frust_shell_common::perf: frust-perf raw n=111 total_us=91277 rebuild_us=608 layout_us=25 paint_us=35 encode_us=94 acquire_us=91 submit_us=90422 skipped=0
frust_shell_common::perf: frust-perf raw n=112 total_us=97387 rebuild_us=548 layout_us=20 paint_us=31 encode_us=776 acquire_us=172 submit_us=95837 skipped=0
frust_shell_common::perf: frust-perf raw n=113 total_us=93249 rebuild_us=613 layout_us=24 paint_us=36 encode_us=94 acquire_us=90 submit_us=92390 skipped=0
frust_shell_common::perf: frust-perf raw n=114 total_us=93568 rebuild_us=560 layout_us=21 paint_us=32 encode_us=99 acquire_us=99 submit_us=92755 skipped=0
frust_shell_common::perf: frust-perf raw n=115 total_us=98682 rebuild_us=589 layout_us=23 paint_us=36 encode_us=96 acquire_us=91 submit_us=97845 skipped=0
frust_shell_common::perf: frust-perf raw n=116 total_us=93471 rebuild_us=627 layout_us=20 paint_us=32 encode_us=108 acquire_us=108 submit_us=92573 skipped=0
frust_shell_common::perf: frust-perf raw n=117 total_us=96740 rebuild_us=554 layout_us=20 paint_us=33 encode_us=96 acquire_us=89 submit_us=95945 skipped=0
frust_shell_common::perf: frust-perf raw n=118 total_us=93544 rebuild_us=562 layout_us=20 paint_us=31 encode_us=100 acquire_us=90 submit_us=92739 skipped=0
frust_shell_common::perf: frust-perf raw n=119 total_us=94933 rebuild_us=556 layout_us=21 paint_us=31 encode_us=87 acquire_us=84 submit_us=94151 skipped=0
frust_shell_android::app::frame: frust-perf platform-view tail depth=0 target=0 acquire_bound=false frame=840 expected_present_us=0 acquire_us=96 period_us=12525
frust_shell_common::perf: frust-perf raw n=120 total_us=93530 rebuild_us=559 layout_us=20 paint_us=32 encode_us=142 acquire_us=107 submit_us=92668 skipped=0
frust_shell_common::perf: frust-perf raw n=121 total_us=94192 rebuild_us=608 layout_us=23 paint_us=35 encode_us=99 acquire_us=90 submit_us=93335 skipped=0
frust_shell_common::perf: frust-perf raw n=122 total_us=91219 rebuild_us=598 layout_us=24 paint_us=34 encode_us=125 acquire_us=90 submit_us=90346 skipped=0
frust_shell_common::perf: frust-perf raw n=123 total_us=91263 rebuild_us=553 layout_us=20 paint_us=31 encode_us=100 acquire_us=109 submit_us=90448 skipped=0
frust_shell_common::perf: frust-perf raw n=124 total_us=95945 rebuild_us=565 layout_us=21 paint_us=33 encode_us=94 acquire_us=95 submit_us=95135 skipped=0
frust_shell_common::perf: frust-perf raw n=125 total_us=97949 rebuild_us=566 layout_us=27 paint_us=33 encode_us=104 acquire_us=122 submit_us=97095 skipped=0
frust_shell_common::perf: frust-perf raw n=126 total_us=94848 rebuild_us=554 layout_us=20 paint_us=31 encode_us=103 acquire_us=95 submit_us=94043 skipped=0
frust_shell_common::perf: frust-perf frame n=120 total_p50_ms=93 total_p95_ms=97 total_p99_ms=98 rebuild_p95_ms=0 layout_p95_ms=0 paint_p95_ms=0 encode_p95_ms=0 acquire_p95_ms=0 submit_p95_ms=96 over_60hz=126 over_120hz=126 skipped=0 total_frames=126
frust_shell_common::perf: frust-perf raw n=127 total_us=96391 rebuild_us=655 layout_us=27 paint_us=38 encode_us=94 acquire_us=93 submit_us=95481 skipped=0
frust_shell_common::perf: frust-perf raw n=128 total_us=94637 rebuild_us=560 layout_us=21 paint_us=31 encode_us=173 acquire_us=176 submit_us=93673 skipped=0
frust_shell_common::perf: frust-perf raw n=129 total_us=95069 rebuild_us=564 layout_us=20 paint_us=32 encode_us=98 acquire_us=120 submit_us=94233 skipped=0
frust_shell_common::perf: frust-perf raw n=130 total_us=93468 rebuild_us=604 layout_us=23 paint_us=35 encode_us=93 acquire_us=95 submit_us=92615 skipped=0
frust_shell_common::perf: frust-perf raw n=131 total_us=92879 rebuild_us=637 layout_us=31 paint_us=39 encode_us=91 acquire_us=90 submit_us=91988 skipped=0
frust_shell_common::perf: frust-perf raw n=132 total_us=96733 rebuild_us=552 layout_us=19 paint_us=31 encode_us=98 acquire_us=114 submit_us=95917 skipped=0
frust_shell_common::perf: frust-perf raw n=133 total_us=91683 rebuild_us=706 layout_us=28 paint_us=40 encode_us=93 acquire_us=89 submit_us=90725 skipped=0
frust_shell_common::perf: frust-perf raw n=134 total_us=95056 rebuild_us=603 layout_us=21 paint_us=32 encode_us=99 acquire_us=108 submit_us=94191 skipped=0
frust_shell_android::app::frame: frust-perf platform-view tail depth=0 target=0 acquire_bound=false frame=960 expected_present_us=0 acquire_us=101 period_us=11973
frust_shell_common::perf: frust-perf raw n=135 total_us=91892 rebuild_us=582 layout_us=23 paint_us=35 encode_us=125 acquire_us=97 submit_us=91026 skipped=0
frust_shell_common::perf: frust-perf raw n=136 total_us=92412 rebuild_us=595 layout_us=24 paint_us=37 encode_us=97 acquire_us=87 submit_us=91570 skipped=0
frust_shell_common::perf: frust-perf raw n=137 total_us=92635 rebuild_us=573 layout_us=19 paint_us=31 encode_us=526 acquire_us=214 submit_us=91269 skipped=0
frust_shell_common::perf: frust-perf raw n=138 total_us=94577 rebuild_us=558 layout_us=19 paint_us=30 encode_us=97 acquire_us=91 submit_us=93779 skipped=0
frust_shell_common::perf: frust-perf raw n=139 total_us=97271 rebuild_us=616 layout_us=21 paint_us=32 encode_us=98 acquire_us=101 submit_us=96400 skipped=0
frust_shell_common::perf: frust-perf raw n=140 total_us=94513 rebuild_us=625 layout_us=22 paint_us=35 encode_us=97 acquire_us=102 submit_us=93628 skipped=0
frust_shell_common::perf: frust-perf raw n=141 total_us=99626 rebuild_us=615 layout_us=25 paint_us=38 encode_us=85 acquire_us=89 submit_us=98771 skipped=0
frust_shell_common::perf: frust-perf raw n=142 total_us=94434 rebuild_us=583 layout_us=22 paint_us=34 encode_us=101 acquire_us=96 submit_us=93595 skipped=0
frust_shell_common::perf: frust-perf raw n=143 total_us=97066 rebuild_us=591 layout_us=24 paint_us=33 encode_us=101 acquire_us=107 submit_us=96208 skipped=0
frust_shell_common::perf: frust-perf raw n=144 total_us=95176 rebuild_us=614 layout_us=34 paint_us=38 encode_us=85 acquire_us=82 submit_us=94321 skipped=0
frust_shell_common::perf: frust-perf raw n=145 total_us=91748 rebuild_us=589 layout_us=21 paint_us=35 encode_us=102 acquire_us=103 submit_us=90895 skipped=0
frust_shell_common::perf: frust-perf raw n=146 total_us=92208 rebuild_us=599 layout_us=24 paint_us=34 encode_us=99 acquire_us=97 submit_us=91353 skipped=0
frust_shell_common::perf: frust-perf raw n=147 total_us=97445 rebuild_us=574 layout_us=22 paint_us=32 encode_us=97 acquire_us=99 submit_us=96618 skipped=0
frust_shell_common::perf: frust-perf raw n=148 total_us=94570 rebuild_us=555 layout_us=19 paint_us=32 encode_us=110 acquire_us=119 submit_us=93734 skipped=0
frust_shell_common::perf: frust-perf frame n=120 total_p50_ms=94 total_p95_ms=97 total_p99_ms=99 rebuild_p95_ms=0 layout_p95_ms=0 paint_p95_ms=0 encode_p95_ms=0 acquire_p95_ms=0 submit_p95_ms=97 over_60hz=148 over_120hz=148 skipped=0 total_frames=148
frust_shell_android::app::frame: frust-perf platform-view tail depth=0 target=0 acquire_bound=false frame=1080 expected_present_us=0 acquire_us=101 period_us=11282
frust_shell_common::perf: frust-perf raw n=149 total_us=94831 rebuild_us=610 layout_us=22 paint_us=35 encode_us=96 acquire_us=101 submit_us=93964 skipped=0
frust_shell_common::perf: frust-perf raw n=150 total_us=94956 rebuild_us=631 layout_us=21 paint_us=33 encode_us=95 acquire_us=108 submit_us=94065 skipped=0
frust_shell_common::perf: frust-perf raw n=151 total_us=92630 rebuild_us=565 layout_us=21 paint_us=34 encode_us=99 acquire_us=121 submit_us=91787 skipped=0
frust_shell_common::perf: frust-perf raw n=152 total_us=94605 rebuild_us=553 layout_us=60 paint_us=31 encode_us=96 acquire_us=97 submit_us=93765 skipped=0
frust_shell_common::perf: frust-perf raw n=153 total_us=93210 rebuild_us=598 layout_us=23 paint_us=34 encode_us=108 acquire_us=120 submit_us=92324 skipped=0
frust_shell_common::perf: frust-perf raw n=154 total_us=95764 rebuild_us=586 layout_us=24 paint_us=33 encode_us=97 acquire_us=113 submit_us=94908 skipped=0
frust_shell_common::perf: frust-perf raw n=155 total_us=95385 rebuild_us=556 layout_us=20 paint_us=30 encode_us=96 acquire_us=113 submit_us=94567 skipped=0
frust_shell_common::perf: frust-perf raw n=156 total_us=95737 rebuild_us=556 layout_us=20 paint_us=31 encode_us=97 acquire_us=101 submit_us=94930 skipped=0
frust_shell_common::perf: frust-perf raw n=157 total_us=93542 rebuild_us=563 layout_us=20 paint_us=31 encode_us=98 acquire_us=95 submit_us=92733 skipped=0
frust_shell_common::perf: frust-perf raw n=158 total_us=91485 rebuild_us=596 layout_us=21 paint_us=69 encode_us=95 acquire_us=112 submit_us=90589 skipped=0
frust_shell_common::perf: frust-perf raw n=159 total_us=95452 rebuild_us=589 layout_us=19 paint_us=32 encode_us=84 acquire_us=95 submit_us=94631 skipped=0
frust_shell_common::perf: frust-perf raw n=160 total_us=96742 rebuild_us=568 layout_us=21 paint_us=33 encode_us=100 acquire_us=101 submit_us=95917 skipped=0
frust_shell_common::perf: frust-perf raw n=161 total_us=98974 rebuild_us=631 layout_us=26 paint_us=34 encode_us=95 acquire_us=114 submit_us=98072 skipped=0
frust_shell_common::perf: frust-perf raw n=162 total_us=94823 rebuild_us=639 layout_us=26 paint_us=42 encode_us=92 acquire_us=100 submit_us=93922 skipped=0
frust_shell_common::perf: frust-perf raw n=163 total_us=92735 rebuild_us=563 layout_us=20 paint_us=31 encode_us=101 acquire_us=96 submit_us=91922 skipped=0
frust_shell_android::app::frame: frust-perf platform-view tail depth=0 target=0 acquire_bound=false frame=1200 expected_present_us=0 acquire_us=146 period_us=11199
frust_shell_common::perf: frust-perf raw n=164 total_us=97122 rebuild_us=582 layout_us=23 paint_us=35 encode_us=182 acquire_us=281 submit_us=96016 skipped=0
frust_shell_common::perf: frust-perf raw n=165 total_us=92877 rebuild_us=560 layout_us=20 paint_us=31 encode_us=97 acquire_us=104 submit_us=92063 skipped=0
frust_shell_common::perf: frust-perf raw n=166 total_us=93046 rebuild_us=552 layout_us=19 paint_us=31 encode_us=95 acquire_us=98 submit_us=92249 skipped=0
frust_shell_common::perf: frust-perf raw n=167 total_us=95381 rebuild_us=615 layout_us=25 paint_us=37 encode_us=97 acquire_us=97 submit_us=94507 skipped=0
frust_shell_common::perf: frust-perf raw n=168 total_us=93976 rebuild_us=615 layout_us=23 paint_us=32 encode_us=122 acquire_us=95 submit_us=93086 skipped=0
frust_shell_common::perf: frust-perf raw n=169 total_us=95547 rebuild_us=611 layout_us=25 paint_us=35 encode_us=127 acquire_us=85 submit_us=94661 skipped=0
frust_shell_common::perf: frust-perf raw n=170 total_us=90583 rebuild_us=553 layout_us=20 paint_us=70 encode_us=108 acquire_us=114 submit_us=89716 skipped=0
frust_shell_common::perf: frust-perf frame n=120 total_p50_ms=94 total_p95_ms=97 total_p99_ms=99 rebuild_p95_ms=0 layout_p95_ms=0 paint_p95_ms=0 encode_p95_ms=0 acquire_p95_ms=0 submit_p95_ms=97 over_60hz=170 over_120hz=170 skipped=0 total_frames=170
frust_shell_common::perf: frust-perf raw n=171 total_us=93564 rebuild_us=574 layout_us=19 paint_us=31 encode_us=96 acquire_us=98 submit_us=92744 skipped=0
frust_shell_common::perf: frust-perf raw n=172 total_us=93647 rebuild_us=591 layout_us=22 paint_us=34 encode_us=93 acquire_us=86 submit_us=92818 skipped=0
frust_shell_common::perf: frust-perf raw n=173 total_us=95446 rebuild_us=549 layout_us=20 paint_us=31 encode_us=98 acquire_us=102 submit_us=94644 skipped=0
frust_shell_common::perf: frust-perf raw n=174 total_us=92633 rebuild_us=571 layout_us=21 paint_us=33 encode_us=115 acquire_us=112 submit_us=91778 skipped=0
frust_shell_common::perf: frust-perf raw n=175 total_us=96275 rebuild_us=569 layout_us=20 paint_us=32 encode_us=97 acquire_us=96 submit_us=95460 skipped=0
frust_shell_common::perf: frust-perf raw n=176 total_us=94133 rebuild_us=640 layout_us=24 paint_us=36 encode_us=98 acquire_us=94 submit_us=93239 skipped=0
frust_shell_common::perf: frust-perf raw n=177 total_us=98417 rebuild_us=723 layout_us=29 paint_us=43 encode_us=95 acquire_us=104 submit_us=97421 skipped=0
frust_shell_common::perf: frust-perf raw n=178 total_us=94858 rebuild_us=564 layout_us=20 paint_us=32 encode_us=101 acquire_us=93 submit_us=94045 skipped=0
frust_shell_android::app::frame: frust-perf platform-view tail depth=0 target=0 acquire_bound=false frame=1320 expected_present_us=0 acquire_us=101 period_us=11802
frust_shell_common::perf: frust-perf raw n=179 total_us=96645 rebuild_us=565 layout_us=19 paint_us=31 encode_us=103 acquire_us=114 submit_us=95809 skipped=0
frust_shell_common::perf: frust-perf raw n=180 total_us=95523 rebuild_us=632 layout_us=29 paint_us=38 encode_us=96 acquire_us=88 submit_us=94638 skipped=0
frust_shell_common::perf: frust-perf raw n=181 total_us=92335 rebuild_us=554 layout_us=22 paint_us=30 encode_us=101 acquire_us=109 submit_us=91517 skipped=0
frust_shell_common::perf: frust-perf raw n=182 total_us=94214 rebuild_us=609 layout_us=25 paint_us=35 encode_us=100 acquire_us=92 submit_us=93350 skipped=0
frust_shell_common::perf: frust-perf raw n=183 total_us=94920 rebuild_us=647 layout_us=28 paint_us=49 encode_us=100 acquire_us=99 submit_us=93996 skipped=0
frust_shell_common::perf: frust-perf raw n=184 total_us=93997 rebuild_us=552 layout_us=19 paint_us=43 encode_us=106 acquire_us=114 submit_us=93161 skipped=0
frust_shell_common::perf: frust-perf raw n=185 total_us=96470 rebuild_us=725 layout_us=25 paint_us=37 encode_us=177 acquire_us=190 submit_us=95314 skipped=0
frust_shell_common::perf: frust-perf raw n=186 total_us=98046 rebuild_us=619 layout_us=20 paint_us=31 encode_us=106 acquire_us=95 submit_us=97173 skipped=0
frust_shell_common::perf: frust-perf raw n=187 total_us=91424 rebuild_us=651 layout_us=25 paint_us=34 encode_us=97 acquire_us=87 submit_us=90528 skipped=0
frust_shell_common::perf: frust-perf raw n=188 total_us=94981 rebuild_us=574 layout_us=20 paint_us=32 encode_us=95 acquire_us=101 submit_us=94156 skipped=0
frust_shell_common::perf: frust-perf raw n=189 total_us=98226 rebuild_us=559 layout_us=19 paint_us=32 encode_us=95 acquire_us=88 submit_us=97430 skipped=0
frust_shell_common::perf: frust-perf raw n=190 total_us=98074 rebuild_us=554 layout_us=20 paint_us=30 encode_us=131 acquire_us=117 submit_us=97220 skipped=0
frust_shell_common::perf: frust-perf raw n=191 total_us=93383 rebuild_us=604 layout_us=23 paint_us=36 encode_us=99 acquire_us=91 submit_us=92528 skipped=0
frust_shell_common::perf: frust-perf raw n=192 total_us=94712 rebuild_us=551 layout_us=19 paint_us=30 encode_us=99 acquire_us=99 submit_us=93912 skipped=0
frust_shell_common::perf: frust-perf frame n=120 total_p50_ms=94 total_p95_ms=98 total_p99_ms=99 rebuild_p95_ms=0 layout_p95_ms=0 paint_p95_ms=0 encode_p95_ms=0 acquire_p95_ms=0 submit_p95_ms=97 over_60hz=192 over_120hz=192 skipped=0 total_frames=192
frust_shell_common::perf: frust-perf raw n=193 total_us=97650 rebuild_us=625 layout_us=23 paint_us=34 encode_us=91 acquire_us=91 submit_us=96784 skipped=0
frust_shell_android::app::frame: frust-perf platform-view tail depth=0 target=0 acquire_bound=false frame=1440 expected_present_us=0 acquire_us=97 period_us=11236
frust_shell_common::perf: frust-perf raw n=194 total_us=94324 rebuild_us=561 layout_us=21 paint_us=32 encode_us=92 acquire_us=104 submit_us=93511 skipped=0
frust_shell_common::perf: frust-perf raw n=195 total_us=90821 rebuild_us=554 layout_us=21 paint_us=30 encode_us=97 acquire_us=97 submit_us=90018 skipped=0
frust_shell_common::perf: frust-perf raw n=196 total_us=95643 rebuild_us=651 layout_us=26 paint_us=35 encode_us=97 acquire_us=106 submit_us=94727 skipped=0
frust_shell_common::perf: frust-perf raw n=197 total_us=93871 rebuild_us=563 layout_us=23 paint_us=32 encode_us=163 acquire_us=148 submit_us=92940 skipped=0
frust_shell_common::perf: frust-perf raw n=198 total_us=93424 rebuild_us=610 layout_us=20 paint_us=30 encode_us=94 acquire_us=104 submit_us=92564 skipped=0
frust_shell_common::perf: frust-perf raw n=199 total_us=90727 rebuild_us=556 layout_us=18 paint_us=31 encode_us=99 acquire_us=106 submit_us=89915 skipped=0
frust_shell_common::perf: frust-perf raw n=200 total_us=94624 rebuild_us=604 layout_us=24 paint_us=34 encode_us=98 acquire_us=99 submit_us=93763 skipped=0
frust_shell_common::perf: frust-perf raw n=201 total_us=96496 rebuild_us=590 layout_us=22 paint_us=33 encode_us=113 acquire_us=125 submit_us=95611 skipped=0
frust_shell_common::perf: frust-perf raw n=202 total_us=95450 rebuild_us=656 layout_us=25 paint_us=35 encode_us=99 acquire_us=92 submit_us=94539 skipped=0
frust_shell_common::perf: frust-perf raw n=203 total_us=92661 rebuild_us=568 layout_us=20 paint_us=30 encode_us=100 acquire_us=104 submit_us=91836 skipped=0
frust_shell_common::perf: frust-perf raw n=204 total_us=90813 rebuild_us=588 layout_us=22 paint_us=70 encode_us=99 acquire_us=96 submit_us=89936 skipped=0
frust_shell_common::perf: frust-perf raw n=205 total_us=93294 rebuild_us=554 layout_us=21 paint_us=33 encode_us=98 acquire_us=92 submit_us=92494 skipped=0
frust_shell_common::perf: frust-perf raw n=206 total_us=95270 rebuild_us=622 layout_us=27 paint_us=38 encode_us=93 acquire_us=104 submit_us=94384 skipped=0
frust_shell_common::perf: frust-perf raw n=207 total_us=94516 rebuild_us=566 layout_us=20 paint_us=31 encode_us=101 acquire_us=122 submit_us=93673 skipped=0
frust_shell_android::app::frame: frust-perf platform-view tail depth=0 target=0 acquire_bound=false frame=1560 expected_present_us=0 acquire_us=129 period_us=11154
frust_shell_common::perf: frust-perf raw n=208 total_us=92868 rebuild_us=561 layout_us=22 paint_us=32 encode_us=255 acquire_us=203 submit_us=91792 skipped=0
frust_shell_common::perf: frust-perf raw n=209 total_us=95973 rebuild_us=602 layout_us=22 paint_us=34 encode_us=100 acquire_us=111 submit_us=95102 skipped=0
frust_shell_common::perf: frust-perf raw n=210 total_us=95390 rebuild_us=607 layout_us=20 paint_us=32 encode_us=100 acquire_us=95 submit_us=94533 skipped=0
frust_shell_common::perf: frust-perf raw n=211 total_us=94307 rebuild_us=629 layout_us=20 paint_us=32 encode_us=106 acquire_us=100 submit_us=93419 skipped=0
frust_shell_common::perf: frust-perf raw n=212 total_us=95791 rebuild_us=689 layout_us=28 paint_us=38 encode_us=95 acquire_us=89 submit_us=94850 skipped=0
frust_shell_common::perf: frust-perf raw n=213 total_us=94213 rebuild_us=654 layout_us=23 paint_us=36 encode_us=104 acquire_us=116 submit_us=93277 skipped=0
frust_shell_common::perf: frust-perf raw n=214 total_us=91828 rebuild_us=571 layout_us=22 paint_us=34 encode_us=102 acquire_us=92 submit_us=91003 skipped=0
frust_shell_common::perf: frust-perf frame n=120 total_p50_ms=94 total_p95_ms=98 total_p99_ms=98 rebuild_p95_ms=0 layout_p95_ms=0 paint_p95_ms=0 encode_p95_ms=0 acquire_p95_ms=0 submit_p95_ms=97 over_60hz=214 over_120hz=214 skipped=0 total_frames=214
frust_shell_common::perf: frust-perf raw n=215 total_us=96012 rebuild_us=582 layout_us=22 paint_us=35 encode_us=81 acquire_us=83 submit_us=95207 skipped=0
frust_shell_common::perf: frust-perf raw n=216 total_us=97305 rebuild_us=552 layout_us=19 paint_us=31 encode_us=96 acquire_us=95 submit_us=96509 skipped=0
frust_shell_common::perf: frust-perf raw n=217 total_us=95262 rebuild_us=557 layout_us=22 paint_us=38 encode_us=97 acquire_us=104 submit_us=94441 skipped=0
frust_shell_common::perf: frust-perf raw n=218 total_us=94962 rebuild_us=587 layout_us=22 paint_us=33 encode_us=95 acquire_us=96 submit_us=94127 skipped=0
frust_shell_common::perf: frust-perf raw n=219 total_us=96184 rebuild_us=617 layout_us=24 paint_us=34 encode_us=99 acquire_us=94 submit_us=95313 skipped=0
frust_shell_common::perf: frust-perf raw n=220 total_us=97583 rebuild_us=551 layout_us=20 paint_us=29 encode_us=96 acquire_us=102 submit_us=96784 skipped=0
frust_shell_common::perf: frust-perf raw n=221 total_us=97600 rebuild_us=638 layout_us=25 paint_us=34 encode_us=96 acquire_us=96 submit_us=96709 skipped=0
frust_shell_common::perf: frust-perf raw n=222 total_us=91584 rebuild_us=637 layout_us=25 paint_us=36 encode_us=97 acquire_us=132 submit_us=90654 skipped=0
frust_shell_android::app::frame: frust-perf platform-view tail depth=0 target=0 acquire_bound=false frame=1680 expected_present_us=0 acquire_us=108 period_us=11513
frust_shell_common::perf: frust-perf raw n=223 total_us=94875 rebuild_us=644 layout_us=22 paint_us=35 encode_us=103 acquire_us=117 submit_us=93952 skipped=0
frust_shell_common::perf: frust-perf raw n=224 total_us=93730 rebuild_us=577 layout_us=21 paint_us=35 encode_us=95 acquire_us=96 submit_us=92904 skipped=0
frust_shell_common::perf: frust-perf raw n=225 total_us=94280 rebuild_us=559 layout_us=19 paint_us=76 encode_us=102 acquire_us=115 submit_us=93406 skipped=0
frust_shell_common::perf: frust-perf raw n=226 total_us=94986 rebuild_us=564 layout_us=23 paint_us=35 encode_us=99 acquire_us=106 submit_us=94155 skipped=0
frust_shell_common::perf: frust-perf raw n=227 total_us=92289 rebuild_us=657 layout_us=32 paint_us=38 encode_us=94 acquire_us=92 submit_us=91374 skipped=0
