frust-perf activity-create
frust_shell_common::perf: bench-scenario-start s1
frust_render::context: frust-perf surface-caps formats=[Rgba8UnormSrgb,Rgba8Unorm,Rgba16Float,Rgb10a2Unorm] usages=TextureUsages(COPY_SRC | COPY_DST | TEXTURE_BINDING | STORAGE_BINDING | RENDER_ATTACHMENT | STORAGE_ATOMIC) direct_to_surface=YES (Rgba8Unorm+STORAGE_BINDING)
frust_render::context: frust-perf render-path direct (Rgba8Unorm+STORAGE_BINDING)
frust_shell_common::perf: bench-scenario-end s1
frust_shell_common::perf: bench-scenario-start s5
frust_shell_common::perf: frust-perf startup init_entry=0ms font_preinit_started=0ms font_preinit_joined=0ms preinit_started=0ms preinit_joined=11ms cache_loaded=12ms pipeline_cache_restored=12ms adapter_ready=69ms device_ready=69ms renderer_ready=69ms first_rebuild_done=83ms first_encode_done=83ms first_frame_presented=101ms
frust_shell_common::perf: frust-perf raw n=1 total_us=17800 rebuild_us=264 layout_us=28 paint_us=26 encode_us=85 acquire_us=29 submit_us=17366 skipped=0
frust_shell_common::perf: frust-perf raw n=2 total_us=82556 rebuild_us=457 layout_us=43 paint_us=57 encode_us=61 acquire_us=31 submit_us=81905 skipped=0
frust_shell_common::perf: frust-perf raw n=3 total_us=55612 rebuild_us=216 layout_us=22 paint_us=25 encode_us=90 acquire_us=45 submit_us=55211 skipped=0
frust_shell_common::perf: frust-perf raw n=4 total_us=46797 rebuild_us=211 layout_us=29 paint_us=26 encode_us=59 acquire_us=49 submit_us=46421 skipped=0
frust_shell_common::perf: frust-perf raw n=5 total_us=49155 rebuild_us=151 layout_us=16 paint_us=19 encode_us=114 acquire_us=85 submit_us=48766 skipped=0
frust_shell_common::perf: frust-perf raw n=6 total_us=40320 rebuild_us=248 layout_us=25 paint_us=28 encode_us=63 acquire_us=55 submit_us=39899 skipped=0
frust_shell_common::perf: frust-perf raw n=7 total_us=40859 rebuild_us=263 layout_us=22 paint_us=30 encode_us=166 acquire_us=134 submit_us=40241 skipped=0
frust_shell_common::perf: frust-perf raw n=8 total_us=48313 rebuild_us=276 layout_us=28 paint_us=29 encode_us=97 acquire_us=79 submit_us=47803 skipped=0
frust_shell_common::perf: frust-perf raw n=9 total_us=38792 rebuild_us=247 layout_us=23 paint_us=31 encode_us=73 acquire_us=92 submit_us=38324 skipped=0
frust_shell_common::perf: frust-perf raw n=10 total_us=45242 rebuild_us=262 layout_us=25 paint_us=26 encode_us=68 acquire_us=71 submit_us=44787 skipped=0
frust_shell_common::perf: frust-perf raw n=11 total_us=36564 rebuild_us=321 layout_us=27 paint_us=47 encode_us=65 acquire_us=73 submit_us=36029 skipped=0
frust_shell_common::perf: frust-perf raw n=12 total_us=48256 rebuild_us=295 layout_us=23 paint_us=28 encode_us=103 acquire_us=80 submit_us=47724 skipped=0
frust_shell_common::perf: frust-perf raw n=13 total_us=36058 rebuild_us=273 layout_us=20 paint_us=28 encode_us=59 acquire_us=75 submit_us=35600 skipped=0
frust_shell_common::perf: frust-perf raw n=14 total_us=44471 rebuild_us=305 layout_us=22 paint_us=33 encode_us=75 acquire_us=99 submit_us=43934 skipped=0
frust_shell_common::perf: frust-perf raw n=15 total_us=34939 rebuild_us=298 layout_us=22 paint_us=24 encode_us=61 acquire_us=102 submit_us=34430 skipped=0
frust_shell_common::perf: frust-perf raw n=16 total_us=43746 rebuild_us=333 layout_us=25 paint_us=26 encode_us=81 acquire_us=91 submit_us=43187 skipped=0
frust_shell_common::perf: frust-perf raw n=17 total_us=34911 rebuild_us=336 layout_us=20 paint_us=33 encode_us=138 acquire_us=223 submit_us=34159 skipped=0
frust_shell_common::perf: frust-perf raw n=18 total_us=46641 rebuild_us=330 layout_us=24 paint_us=27 encode_us=167 acquire_us=174 submit_us=45917 skipped=0
frust_shell_common::perf: frust-perf raw n=19 total_us=36844 rebuild_us=369 layout_us=23 paint_us=26 encode_us=120 acquire_us=117 submit_us=36187 skipped=0
frust_shell_common::perf: frust-perf raw n=20 total_us=46298 rebuild_us=367 layout_us=27 paint_us=28 encode_us=64 acquire_us=73 submit_us=45736 skipped=0
frust_shell_common::perf: frust-perf raw n=21 total_us=38287 rebuild_us=374 layout_us=21 paint_us=23 encode_us=87 acquire_us=75 submit_us=37704 skipped=0
frust_shell_common::perf: frust-perf raw n=22 total_us=34665 rebuild_us=442 layout_us=23 paint_us=39 encode_us=63 acquire_us=84 submit_us=34012 skipped=0
frust_shell_common::perf: frust-perf raw n=23 total_us=35376 rebuild_us=406 layout_us=22 paint_us=26 encode_us=166 acquire_us=165 submit_us=34587 skipped=0
frust_shell_common::perf: frust-perf raw n=24 total_us=35545 rebuild_us=431 layout_us=21 paint_us=29 encode_us=61 acquire_us=77 submit_us=34924 skipped=0
frust_shell_common::perf: frust-perf raw n=25 total_us=40440 rebuild_us=421 layout_us=24 paint_us=29 encode_us=61 acquire_us=71 submit_us=39833 skipped=0
frust_shell_common::perf: frust-perf raw n=26 total_us=35356 rebuild_us=439 layout_us=23 paint_us=25 encode_us=163 acquire_us=236 submit_us=34468 skipped=0
frust_shell_common::perf: frust-perf raw n=27 total_us=41563 rebuild_us=416 layout_us=23 paint_us=23 encode_us=60 acquire_us=75 submit_us=40964 skipped=0
frust_shell_common::perf: frust-perf raw n=28 total_us=35086 rebuild_us=410 layout_us=23 paint_us=30 encode_us=62 acquire_us=73 submit_us=34487 skipped=0
frust_shell_common::perf: frust-perf raw n=29 total_us=43002 rebuild_us=515 layout_us=24 paint_us=22 encode_us=61 acquire_us=80 submit_us=42298 skipped=0
frust_shell_common::perf: frust-perf raw n=30 total_us=35077 rebuild_us=440 layout_us=25 paint_us=54 encode_us=66 acquire_us=69 submit_us=34421 skipped=0
frust_shell_android::app::frame: frust-perf platform-view tail depth=0 target=0 acquire_bound=false frame=120 expected_present_us=0 acquire_us=88 period_us=11137
frust_shell_common::perf: frust-perf raw n=31 total_us=96912 rebuild_us=370 layout_us=14 paint_us=20 encode_us=68 acquire_us=79 submit_us=96360 skipped=0
frust_shell_common::perf: frust-perf raw n=32 total_us=97787 rebuild_us=428 layout_us=18 paint_us=25 encode_us=80 acquire_us=74 submit_us=97161 skipped=0
frust_shell_common::perf: frust-perf raw n=33 total_us=93157 rebuild_us=438 layout_us=16 paint_us=24 encode_us=74 acquire_us=84 submit_us=92520 skipped=0
frust_shell_common::perf: frust-perf raw n=34 total_us=92817 rebuild_us=492 layout_us=21 paint_us=27 encode_us=80 acquire_us=104 submit_us=92090 skipped=0
frust_shell_common::perf: frust-perf raw n=35 total_us=95488 rebuild_us=401 layout_us=15 paint_us=22 encode_us=70 acquire_us=73 submit_us=94904 skipped=0
frust_shell_common::perf: frust-perf raw n=36 total_us=97573 rebuild_us=435 layout_us=20 paint_us=36 encode_us=76 acquire_us=71 submit_us=96931 skipped=0
frust_shell_common::perf: frust-perf raw n=37 total_us=95619 rebuild_us=505 layout_us=24 paint_us=28 encode_us=76 acquire_us=75 submit_us=94910 skipped=0
frust_shell_common::perf: frust-perf raw n=38 total_us=94805 rebuild_us=569 layout_us=21 paint_us=30 encode_us=97 acquire_us=93 submit_us=93991 skipped=0
frust_shell_common::perf: frust-perf frame n=38 total_p50_ms=43 total_p95_ms=97 total_p99_ms=97 rebuild_p95_ms=0 layout_p95_ms=0 paint_p95_ms=0 encode_p95_ms=0 acquire_p95_ms=0 submit_p95_ms=96 over_60hz=38 over_120hz=38 skipped=0 total_frames=38
frust_shell_common::perf: frust-perf raw n=39 total_us=96978 rebuild_us=554 layout_us=19 paint_us=30 encode_us=96 acquire_us=103 submit_us=96174 skipped=0
frust_shell_common::perf: frust-perf raw n=40 total_us=95923 rebuild_us=621 layout_us=24 paint_us=35 encode_us=92 acquire_us=89 submit_us=95060 skipped=0
frust_shell_common::perf: frust-perf raw n=41 total_us=94469 rebuild_us=561 layout_us=20 paint_us=29 encode_us=100 acquire_us=104 submit_us=93653 skipped=0
frust_shell_common::perf: frust-perf raw n=42 total_us=95433 rebuild_us=616 layout_us=24 paint_us=36 encode_us=96 acquire_us=87 submit_us=94572 skipped=0
frust_shell_common::perf: frust-perf raw n=43 total_us=95940 rebuild_us=567 layout_us=20 paint_us=31 encode_us=100 acquire_us=96 submit_us=95124 skipped=0
frust_shell_common::perf: frust-perf raw n=44 total_us=94905 rebuild_us=652 layout_us=22 paint_us=34 encode_us=121 acquire_us=93 submit_us=93982 skipped=0
frust_shell_android::app::frame: frust-perf platform-view tail depth=0 target=0 acquire_bound=false frame=240 expected_present_us=0 acquire_us=94 period_us=12527
frust_shell_common::perf: frust-perf raw n=45 total_us=95034 rebuild_us=595 layout_us=20 paint_us=29 encode_us=98 acquire_us=104 submit_us=94185 skipped=0
frust_shell_common::perf: frust-perf raw n=46 total_us=96935 rebuild_us=613 layout_us=22 paint_us=64 encode_us=94 acquire_us=98 submit_us=96042 skipped=0
frust_shell_common::perf: frust-perf raw n=47 total_us=93950 rebuild_us=575 layout_us=22 paint_us=32 encode_us=99 acquire_us=94 submit_us=93126 skipped=0
frust_shell_common::perf: frust-perf raw n=48 total_us=93093 rebuild_us=583 layout_us=21 paint_us=32 encode_us=341 acquire_us=330 submit_us=91784 skipped=0
frust_shell_common::perf: frust-perf raw n=49 total_us=96766 rebuild_us=564 layout_us=20 paint_us=29 encode_us=99 acquire_us=100 submit_us=95951 skipped=0
frust_shell_common::perf: frust-perf raw n=50 total_us=96223 rebuild_us=654 layout_us=28 paint_us=37 encode_us=93 acquire_us=100 submit_us=95308 skipped=0
frust_shell_common::perf: frust-perf raw n=51 total_us=93689 rebuild_us=561 layout_us=18 paint_us=29 encode_us=96 acquire_us=104 submit_us=92876 skipped=0
frust_shell_common::perf: frust-perf raw n=52 total_us=95889 rebuild_us=615 layout_us=26 paint_us=38 encode_us=95 acquire_us=86 submit_us=95027 skipped=0
frust_shell_common::perf: frust-perf raw n=53 total_us=93415 rebuild_us=555 layout_us=19 paint_us=29 encode_us=98 acquire_us=120 submit_us=92591 skipped=0
frust_shell_common::perf: frust-perf raw n=54 total_us=97316 rebuild_us=649 layout_us=26 paint_us=38 encode_us=156 acquire_us=167 submit_us=96278 skipped=0
frust_shell_common::perf: frust-perf raw n=55 total_us=92625 rebuild_us=662 layout_us=22 paint_us=33 encode_us=99 acquire_us=107 submit_us=91700 skipped=0
frust_shell_common::perf: frust-perf raw n=56 total_us=93038 rebuild_us=574 layout_us=23 paint_us=39 encode_us=100 acquire_us=94 submit_us=92205 skipped=0
frust_shell_common::perf: frust-perf raw n=57 total_us=92859 rebuild_us=553 layout_us=19 paint_us=30 encode_us=100 acquire_us=101 submit_us=92053 skipped=0
frust_shell_common::perf: frust-perf raw n=58 total_us=92955 rebuild_us=613 layout_us=23 paint_us=35 encode_us=110 acquire_us=124 submit_us=92047 skipped=0
frust_shell_common::perf: frust-perf raw n=59 total_us=94092 rebuild_us=607 layout_us=24 paint_us=33 encode_us=96 acquire_us=109 submit_us=93221 skipped=0
frust_shell_android::app::frame: frust-perf platform-view tail depth=0 target=0 acquire_bound=false frame=360 expected_present_us=0 acquire_us=106 period_us=11136
frust_shell_common::perf: frust-perf raw n=60 total_us=93545 rebuild_us=653 layout_us=25 paint_us=36 encode_us=97 acquire_us=91 submit_us=92640 skipped=0
frust_shell_common::perf: frust-perf frame n=60 total_p50_ms=82 total_p95_ms=96 total_p99_ms=97 rebuild_p95_ms=0 layout_p95_ms=0 paint_p95_ms=0 encode_p95_ms=0 acquire_p95_ms=0 submit_p95_ms=96 over_60hz=60 over_120hz=60 skipped=0 total_frames=60
frust_shell_common::perf: frust-perf raw n=61 total_us=97306 rebuild_us=561 layout_us=19 paint_us=31 encode_us=96 acquire_us=97 submit_us=96500 skipped=0
frust_shell_common::perf: frust-perf raw n=62 total_us=93097 rebuild_us=664 layout_us=26 paint_us=38 encode_us=98 acquire_us=92 submit_us=92176 skipped=0
frust_shell_common::perf: frust-perf raw n=63 total_us=99547 rebuild_us=552 layout_us=19 paint_us=30 encode_us=97 acquire_us=108 submit_us=98740 skipped=0
frust_shell_common::perf: frust-perf raw n=64 total_us=96798 rebuild_us=655 layout_us=61 paint_us=36 encode_us=98 acquire_us=93 submit_us=95851 skipped=0
frust_shell_common::perf: frust-perf raw n=65 total_us=96502 rebuild_us=692 layout_us=31 paint_us=36 encode_us=94 acquire_us=97 submit_us=95549 skipped=0
frust_shell_common::perf: frust-perf raw n=66 total_us=92116 rebuild_us=567 layout_us=20 paint_us=30 encode_us=100 acquire_us=97 submit_us=91299 skipped=0
frust_shell_common::perf: frust-perf raw n=67 total_us=94190 rebuild_us=578 layout_us=23 paint_us=33 encode_us=103 acquire_us=94 submit_us=93356 skipped=0
frust_shell_common::perf: frust-perf raw n=68 total_us=95869 rebuild_us=551 layout_us=19 paint_us=30 encode_us=97 acquire_us=108 submit_us=95061 skipped=0
frust_shell_common::perf: frust-perf raw n=69 total_us=98713 rebuild_us=604 layout_us=25 paint_us=35 encode_us=96 acquire_us=102 submit_us=97849 skipped=0
frust_shell_common::perf: frust-perf raw n=70 total_us=96839 rebuild_us=553 layout_us=19 paint_us=31 encode_us=99 acquire_us=106 submit_us=96028 skipped=0
frust_shell_common::perf: frust-perf raw n=71 total_us=95599 rebuild_us=617 layout_us=24 paint_us=34 encode_us=92 acquire_us=104 submit_us=94724 skipped=0
frust_shell_common::perf: frust-perf raw n=72 total_us=95239 rebuild_us=562 layout_us=19 paint_us=30 encode_us=97 acquire_us=117 submit_us=94411 skipped=0
frust_shell_common::perf: frust-perf raw n=73 total_us=94083 rebuild_us=566 layout_us=20 paint_us=30 encode_us=158 acquire_us=170 submit_us=93136 skipped=0
frust_shell_common::perf: frust-perf raw n=74 total_us=96468 rebuild_us=637 layout_us=22 paint_us=34 encode_us=96 acquire_us=90 submit_us=95586 skipped=0
frust_shell_android::app::frame: frust-perf platform-view tail depth=0 target=0 acquire_bound=false frame=480 expected_present_us=0 acquire_us=114 period_us=11132
frust_shell_common::perf: frust-perf raw n=75 total_us=96229 rebuild_us=634 layout_us=25 paint_us=35 encode_us=98 acquire_us=120 submit_us=95314 skipped=0
frust_shell_common::perf: frust-perf raw n=76 total_us=99479 rebuild_us=556 layout_us=19 paint_us=31 encode_us=88 acquire_us=99 submit_us=98684 skipped=0
frust_shell_common::perf: frust-perf raw n=77 total_us=94762 rebuild_us=578 layout_us=21 paint_us=32 encode_us=98 acquire_us=109 submit_us=93921 skipped=0
frust_shell_common::perf: frust-perf raw n=78 total_us=97729 rebuild_us=611 layout_us=20 paint_us=32 encode_us=110 acquire_us=139 submit_us=96814 skipped=0
frust_shell_common::perf: frust-perf raw n=79 total_us=96486 rebuild_us=716 layout_us=27 paint_us=36 encode_us=70 acquire_us=76 submit_us=95559 skipped=0
frust_shell_common::perf: frust-perf raw n=80 total_us=95666 rebuild_us=549 layout_us=18 paint_us=36 encode_us=96 acquire_us=98 submit_us=94866 skipped=0
frust_shell_common::perf: frust-perf raw n=81 total_us=93136 rebuild_us=665 layout_us=31 paint_us=42 encode_us=98 acquire_us=94 submit_us=92203 skipped=0
frust_shell_common::perf: frust-perf frame n=81 total_p50_ms=93 total_p95_ms=97 total_p99_ms=99 rebuild_p95_ms=0 layout_p95_ms=0 paint_p95_ms=0 encode_p95_ms=0 acquire_p95_ms=0 submit_p95_ms=96 over_60hz=81 over_120hz=81 skipped=0 total_frames=81
frust_shell_common::perf: frust-perf raw n=82 total_us=95534 rebuild_us=555 layout_us=19 paint_us=30 encode_us=97 acquire_us=114 submit_us=94717 skipped=0
frust_shell_common::perf: frust-perf raw n=83 total_us=95227 rebuild_us=612 layout_us=23 paint_us=35 encode_us=101 acquire_us=99 submit_us=94356 skipped=0
frust_shell_common::perf: frust-perf raw n=84 total_us=98911 rebuild_us=557 layout_us=19 paint_us=29 encode_us=108 acquire_us=102 submit_us=98093 skipped=0
frust_shell_common::perf: frust-perf raw n=85 total_us=96595 rebuild_us=616 layout_us=23 paint_us=35 encode_us=92 acquire_us=88 submit_us=95738 skipped=0
frust_shell_common::perf: frust-perf raw n=86 total_us=93555 rebuild_us=559 layout_us=19 paint_us=30 encode_us=86 acquire_us=88 submit_us=92770 skipped=0
frust_shell_common::perf: frust-perf raw n=87 total_us=97026 rebuild_us=561 layout_us=20 paint_us=30 encode_us=252 acquire_us=193 submit_us=95968 skipped=0
frust_shell_common::perf: frust-perf raw n=88 total_us=95401 rebuild_us=628 layout_us=22 paint_us=33 encode_us=87 acquire_us=86 submit_us=94542 skipped=0
frust_shell_common::perf: frust-perf raw n=89 total_us=93887 rebuild_us=609 layout_us=19 paint_us=30 encode_us=98 acquire_us=108 submit_us=93019 skipped=0
frust_shell_android::app::frame: frust-perf platform-view tail depth=0 target=0 acquire_bound=false frame=600 expected_present_us=0 acquire_us=106 period_us=11761
frust_shell_common::perf: frust-perf raw n=90 total_us=94303 rebuild_us=596 layout_us=22 paint_us=33 encode_us=97 acquire_us=99 submit_us=93452 skipped=0
frust_shell_common::perf: frust-perf raw n=91 total_us=93141 rebuild_us=598 layout_us=20 paint_us=30 encode_us=98 acquire_us=96 submit_us=92296 skipped=0
frust_shell_common::perf: frust-perf raw n=92 total_us=93068 rebuild_us=594 layout_us=22 paint_us=34 encode_us=105 acquire_us=118 submit_us=92192 skipped=0
frust_shell_common::perf: frust-perf raw n=93 total_us=97450 rebuild_us=610 layout_us=24 paint_us=36 encode_us=96 acquire_us=99 submit_us=96583 skipped=0
frust_shell_common::perf: frust-perf raw n=94 total_us=94292 rebuild_us=577 layout_us=22 paint_us=32 encode_us=102 acquire_us=118 submit_us=93438 skipped=0
frust_shell_common::perf: frust-perf raw n=95 total_us=94817 rebuild_us=558 layout_us=19 paint_us=31 encode_us=87 acquire_us=102 submit_us=94018 skipped=0
frust_shell_common::perf: frust-perf raw n=96 total_us=92634 rebuild_us=603 layout_us=20 paint_us=33 encode_us=97 acquire_us=117 submit_us=91761 skipped=0
frust_shell_common::perf: frust-perf raw n=97 total_us=96561 rebuild_us=620 layout_us=20 paint_us=32 encode_us=167 acquire_us=153 submit_us=95566 skipped=0
frust_shell_common::perf: frust-perf raw n=98 total_us=95140 rebuild_us=725 layout_us=25 paint_us=42 encode_us=98 acquire_us=97 submit_us=94150 skipped=0
frust_shell_common::perf: frust-perf raw n=99 total_us=97015 rebuild_us=595 layout_us=23 paint_us=31 encode_us=103 acquire_us=95 submit_us=96165 skipped=0
frust_shell_common::perf: frust-perf raw n=100 total_us=96675 rebuild_us=591 layout_us=21 paint_us=33 encode_us=101 acquire_us=102 submit_us=95823 skipped=0
frust_shell_common::perf: frust-perf raw n=101 total_us=95732 rebuild_us=695 layout_us=34 paint_us=44 encode_us=163 acquire_us=175 submit_us=94619 skipped=0
frust_shell_common::perf: frust-perf raw n=102 total_us=95843 rebuild_us=609 layout_us=23 paint_us=33 encode_us=99 acquire_us=94 submit_us=94982 skipped=0
frust_shell_common::perf: frust-perf frame n=102 total_p50_ms=94 total_p95_ms=97 total_p99_ms=99 rebuild_p95_ms=0 layout_p95_ms=0 paint_p95_ms=0 encode_p95_ms=0 acquire_p95_ms=0 submit_p95_ms=96 over_60hz=102 over_120hz=102 skipped=0 total_frames=102
frust_shell_common::perf: frust-perf raw n=103 total_us=92183 rebuild_us=659 layout_us=27 paint_us=38 encode_us=90 acquire_us=106 submit_us=91261 skipped=0
frust_shell_android::app::frame: frust-perf platform-view tail depth=0 target=0 acquire_bound=false frame=720 expected_present_us=0 acquire_us=119 period_us=12542
frust_shell_common::perf: frust-perf raw n=104 total_us=97860 rebuild_us=556 layout_us=18 paint_us=30 encode_us=100 acquire_us=142 submit_us=97010 skipped=0
frust_shell_common::perf: frust-perf raw n=105 total_us=93202 rebuild_us=635 layout_us=25 paint_us=37 encode_us=92 acquire_us=88 submit_us=92322 skipped=0
frust_shell_common::perf: frust-perf raw n=106 total_us=93698 rebuild_us=663 layout_us=25 paint_us=34 encode_us=98 acquire_us=101 submit_us=92773 skipped=0
frust_shell_common::perf: frust-perf raw n=107 total_us=93324 rebuild_us=770 layout_us=30 paint_us=39 encode_us=98 acquire_us=119 submit_us=92266 skipped=0
frust_shell_common::perf: frust-perf raw n=108 total_us=92979 rebuild_us=551 layout_us=18 paint_us=29 encode_us=96 acquire_us=96 submit_us=92186 skipped=0
frust_shell_common::perf: frust-perf raw n=109 total_us=91818 rebuild_us=584 layout_us=22 paint_us=32 encode_us=109 acquire_us=115 submit_us=90955 skipped=0
frust_shell_common::perf: frust-perf raw n=110 total_us=96204 rebuild_us=580 layout_us=24 paint_us=33 encode_us=101 acquire_us=94 submit_us=95371 skipped=0
frust_shell_common::perf: frust-perf raw n=111 total_us=98428 rebuild_us=620 layout_us=22 paint_us=35 encode_us=226 acquire_us=186 submit_us=97337 skipped=0
frust_shell_common::perf: frust-perf raw n=112 total_us=93498 rebuild_us=561 layout_us=19 paint_us=30 encode_us=171 acquire_us=162 submit_us=92554 skipped=0
frust_shell_common::perf: frust-perf raw n=113 total_us=91397 rebuild_us=590 layout_us=22 paint_us=32 encode_us=109 acquire_us=112 submit_us=90531 skipped=0
frust_shell_common::perf: frust-perf raw n=114 total_us=96146 rebuild_us=597 layout_us=22 paint_us=32 encode_us=96 acquire_us=147 submit_us=95248 skipped=0
frust_shell_common::perf: frust-perf raw n=115 total_us=97529 rebuild_us=664 layout_us=26 paint_us=38 encode_us=96 acquire_us=92 submit_us=96610 skipped=0
frust_shell_common::perf: frust-perf raw n=116 total_us=93986 rebuild_us=597 layout_us=19 paint_us=30 encode_us=97 acquire_us=115 submit_us=93125 skipped=0
frust_shell_common::perf: frust-perf raw n=117 total_us=96188 rebuild_us=654 layout_us=22 paint_us=32 encode_us=95 acquire_us=101 submit_us=95281 skipped=0
frust_shell_common::perf: frust-perf raw n=118 total_us=94346 rebuild_us=561 layout_us=20 paint_us=31 encode_us=105 acquire_us=116 submit_us=93512 skipped=0
frust_shell_android::app::frame: frust-perf platform-view tail depth=0 target=0 acquire_bound=false frame=840 expected_present_us=0 acquire_us=110 period_us=11341
frust_shell_common::perf: frust-perf raw n=119 total_us=94304 rebuild_us=638 layout_us=24 paint_us=35 encode_us=96 acquire_us=96 submit_us=93412 skipped=0
frust_shell_common::perf: frust-perf raw n=120 total_us=94894 rebuild_us=561 layout_us=19 paint_us=29 encode_us=174 acquire_us=170 submit_us=93938 skipped=0
frust_shell_common::perf: frust-perf raw n=121 total_us=93091 rebuild_us=674 layout_us=25 paint_us=39 encode_us=93 acquire_us=119 submit_us=92138 skipped=0
frust_shell_common::perf: frust-perf raw n=122 total_us=97109 rebuild_us=559 layout_us=18 paint_us=29 encode_us=100 acquire_us=110 submit_us=96289 skipped=0
frust_shell_common::perf: frust-perf raw n=123 total_us=94729 rebuild_us=702 layout_us=32 paint_us=39 encode_us=99 acquire_us=114 submit_us=93742 skipped=0
frust_shell_common::perf: frust-perf raw n=124 total_us=92858 rebuild_us=572 layout_us=19 paint_us=30 encode_us=164 acquire_us=187 submit_us=91883 skipped=0
frust_shell_common::perf: frust-perf frame n=120 total_p50_ms=94 total_p95_ms=97 total_p99_ms=99 rebuild_p95_ms=0 layout_p95_ms=0 paint_p95_ms=0 encode_p95_ms=0 acquire_p95_ms=0 submit_p95_ms=97 over_60hz=124 over_120hz=124 skipped=0 total_frames=124
frust_shell_common::perf: frust-perf raw n=125 total_us=93493 rebuild_us=642 layout_us=23 paint_us=33 encode_us=96 acquire_us=95 submit_us=92601 skipped=0
frust_shell_common::perf: frust-perf raw n=126 total_us=93627 rebuild_us=619 layout_us=28 paint_us=42 encode_us=100 acquire_us=111 submit_us=92725 skipped=0
frust_shell_common::perf: frust-perf raw n=127 total_us=91664 rebuild_us=569 layout_us=20 paint_us=32 encode_us=101 acquire_us=128 submit_us=90813 skipped=0
frust_shell_common::perf: frust-perf raw n=128 total_us=95312 rebuild_us=577 layout_us=21 paint_us=33 encode_us=100 acquire_us=105 submit_us=94474 skipped=0
frust_shell_common::perf: frust-perf raw n=129 total_us=94857 rebuild_us=633 layout_us=28 paint_us=37 encode_us=97 acquire_us=92 submit_us=93967 skipped=0
frust_shell_common::perf: frust-perf raw n=130 total_us=92756 rebuild_us=551 layout_us=19 paint_us=30 encode_us=97 acquire_us=103 submit_us=91955 skipped=0
frust_shell_common::perf: frust-perf raw n=131 total_us=96971 rebuild_us=691 layout_us=25 paint_us=37 encode_us=175 acquire_us=163 submit_us=95878 skipped=0
frust_shell_common::perf: frust-perf raw n=132 total_us=93521 rebuild_us=568 layout_us=19 paint_us=29 encode_us=108 acquire_us=110 submit_us=92684 skipped=0
frust_shell_common::perf: frust-perf raw n=133 total_us=95214 rebuild_us=598 layout_us=24 paint_us=68 encode_us=97 acquire_us=90 submit_us=94334 skipped=0
frust_shell_android::app::frame: frust-perf platform-view tail depth=0 target=0 acquire_bound=false frame=960 expected_present_us=0 acquire_us=109 period_us=13027
frust_shell_common::perf: frust-perf raw n=134 total_us=98960 rebuild_us=596 layout_us=20 paint_us=29 encode_us=97 acquire_us=106 submit_us=98109 skipped=0
frust_shell_common::perf: frust-perf raw n=135 total_us=95174 rebuild_us=699 layout_us=27 paint_us=38 encode_us=94 acquire_us=89 submit_us=94225 skipped=0
frust_shell_common::perf: frust-perf raw n=136 total_us=92474 rebuild_us=561 layout_us=19 paint_us=30 encode_us=101 acquire_us=100 submit_us=91660 skipped=0
frust_shell_common::perf: frust-perf raw n=137 total_us=97280 rebuild_us=576 layout_us=22 paint_us=33 encode_us=104 acquire_us=96 submit_us=96448 skipped=0
frust_shell_common::perf: frust-perf raw n=138 total_us=93155 rebuild_us=550 layout_us=18 paint_us=29 encode_us=101 acquire_us=103 submit_us=92352 skipped=0
frust_shell_common::perf: frust-perf raw n=139 total_us=91202 rebuild_us=642 layout_us=25 paint_us=37 encode_us=97 acquire_us=93 submit_us=90305 skipped=0
frust_shell_common::perf: frust-perf raw n=140 total_us=96383 rebuild_us=552 layout_us=19 paint_us=30 encode_us=103 acquire_us=112 submit_us=95564 skipped=0
frust_shell_common::perf: frust-perf raw n=141 total_us=92993 rebuild_us=635 layout_us=23 paint_us=35 encode_us=97 acquire_us=97 submit_us=92103 skipped=0
frust_shell_common::perf: frust-perf raw n=142 total_us=95551 rebuild_us=616 layout_us=23 paint_us=34 encode_us=180 acquire_us=170 submit_us=94525 skipped=0
frust_shell_common::perf: frust-perf raw n=143 total_us=96926 rebuild_us=658 layout_us=25 paint_us=32 encode_us=103 acquire_us=124 submit_us=95981 skipped=0
frust_shell_common::perf: frust-perf raw n=144 total_us=96380 rebuild_us=701 layout_us=30 paint_us=40 encode_us=92 acquire_us=88 submit_us=95427 skipped=0
frust_shell_common::perf: frust-perf raw n=145 total_us=94435 rebuild_us=563 layout_us=20 paint_us=30 encode_us=101 acquire_us=108 submit_us=93611 skipped=0
frust_shell_common::perf: frust-perf raw n=146 total_us=94176 rebuild_us=632 layout_us=24 paint_us=34 encode_us=96 acquire_us=128 submit_us=93260 skipped=0
frust_shell_common::perf: frust-perf frame n=120 total_p50_ms=94 total_p95_ms=97 total_p99_ms=99 rebuild_p95_ms=0 layout_p95_ms=0 paint_p95_ms=0 encode_p95_ms=0 acquire_p95_ms=0 submit_p95_ms=97 over_60hz=146 over_120hz=146 skipped=0 total_frames=146
frust_shell_common::perf: frust-perf raw n=147 total_us=93388 rebuild_us=555 layout_us=19 paint_us=30 encode_us=97 acquire_us=107 submit_us=92578 skipped=0
frust_shell_common::perf: frust-perf raw n=148 total_us=95836 rebuild_us=622 layout_us=23 paint_us=34 encode_us=96 acquire_us=88 submit_us=94971 skipped=0
frust_shell_android::app::frame: frust-perf platform-view tail depth=0 target=0 acquire_bound=false frame=1080 expected_present_us=0 acquire_us=106 period_us=13019
frust_shell_common::perf: frust-perf raw n=149 total_us=93040 rebuild_us=552 layout_us=20 paint_us=30 encode_us=98 acquire_us=110 submit_us=92227 skipped=0
frust_shell_common::perf: frust-perf raw n=150 total_us=94112 rebuild_us=610 layout_us=21 paint_us=35 encode_us=96 acquire_us=88 submit_us=93260 skipped=0
frust_shell_common::perf: frust-perf raw n=151 total_us=95991 rebuild_us=621 layout_us=22 paint_us=35 encode_us=93 acquire_us=100 submit_us=95119 skipped=0
frust_shell_common::perf: frust-perf raw n=152 total_us=96040 rebuild_us=592 layout_us=19 paint_us=29 encode_us=378 acquire_us=132 submit_us=94886 skipped=0
frust_shell_common::perf: frust-perf raw n=153 total_us=92792 rebuild_us=607 layout_us=19 paint_us=30 encode_us=95 acquire_us=104 submit_us=91934 skipped=0
frust_shell_common::perf: frust-perf raw n=154 total_us=95013 rebuild_us=598 layout_us=24 paint_us=35 encode_us=96 acquire_us=96 submit_us=94162 skipped=0
frust_shell_common::perf: frust-perf raw n=155 total_us=95248 rebuild_us=732 layout_us=28 paint_us=40 encode_us=98 acquire_us=103 submit_us=94245 skipped=0
frust_shell_common::perf: frust-perf raw n=156 total_us=94802 rebuild_us=564 layout_us=21 paint_us=30 encode_us=101 acquire_us=107 submit_us=93977 skipped=0
frust_shell_common::perf: frust-perf raw n=157 total_us=98300 rebuild_us=620 layout_us=23 paint_us=35 encode_us=99 acquire_us=95 submit_us=97426 skipped=0
frust_shell_common::perf: frust-perf raw n=158 total_us=96236 rebuild_us=563 layout_us=19 paint_us=31 encode_us=100 acquire_us=95 submit_us=95427 skipped=0
frust_shell_common::perf: frust-perf raw n=159 total_us=94119 rebuild_us=627 layout_us=22 paint_us=33 encode_us=93 acquire_us=98 submit_us=93245 skipped=0
frust_shell_common::perf: frust-perf raw n=160 total_us=95940 rebuild_us=555 layout_us=19 paint_us=30 encode_us=163 acquire_us=134 submit_us=95036 skipped=0
frust_shell_common::perf: frust-perf raw n=161 total_us=95296 rebuild_us=571 layout_us=20 paint_us=31 encode_us=108 acquire_us=116 submit_us=94448 skipped=0
frust_shell_common::perf: frust-perf raw n=162 total_us=93741 rebuild_us=629 layout_us=22 paint_us=33 encode_us=95 acquire_us=92 submit_us=92868 skipped=0
frust_shell_common::perf: frust-perf raw n=163 total_us=96688 rebuild_us=559 layout_us=19 paint_us=29 encode_us=96 acquire_us=95 submit_us=95888 skipped=0
frust_shell_android::app::frame: frust-perf platform-view tail depth=0 target=0 acquire_bound=false frame=1200 expected_present_us=0 acquire_us=104 period_us=11491
frust_shell_common::perf: frust-perf raw n=164 total_us=95839 rebuild_us=616 layout_us=25 paint_us=34 encode_us=100 acquire_us=116 submit_us=94946 skipped=0
frust_shell_common::perf: frust-perf raw n=165 total_us=92377 rebuild_us=609 layout_us=19 paint_us=31 encode_us=98 acquire_us=102 submit_us=91514 skipped=0
frust_shell_common::perf: frust-perf raw n=166 total_us=91931 rebuild_us=573 layout_us=21 paint_us=32 encode_us=99 acquire_us=99 submit_us=91106 skipped=0
frust_shell_common::perf: frust-perf raw n=167 total_us=94939 rebuild_us=624 layout_us=24 paint_us=34 encode_us=97 acquire_us=87 submit_us=94071 skipped=0
frust_shell_common::perf: frust-perf raw n=168 total_us=92821 rebuild_us=574 layout_us=20 paint_us=31 encode_us=98 acquire_us=95 submit_us=92000 skipped=0
frust_shell_common::perf: frust-perf frame n=120 total_p50_ms=94 total_p95_ms=98 total_p99_ms=99 rebuild_p95_ms=0 layout_p95_ms=0 paint_p95_ms=0 encode_p95_ms=0 acquire_p95_ms=0 submit_p95_ms=97 over_60hz=168 over_120hz=168 skipped=0 total_frames=168
frust_shell_common::perf: frust-perf raw n=169 total_us=91341 rebuild_us=553 layout_us=18 paint_us=29 encode_us=94 acquire_us=95 submit_us=90548 skipped=0
frust_shell_common::perf: frust-perf raw n=170 total_us=92928 rebuild_us=625 layout_us=23 paint_us=31 encode_us=103 acquire_us=113 submit_us=92032 skipped=0
frust_shell_common::perf: frust-perf raw n=171 total_us=93986 rebuild_us=676 layout_us=25 paint_us=36 encode_us=99 acquire_us=103 submit_us=93045 skipped=0
frust_shell_common::perf: frust-perf raw n=172 total_us=95117 rebuild_us=594 layout_us=22 paint_us=36 encode_us=97 acquire_us=94 submit_us=94271 skipped=0
frust_shell_common::perf: frust-perf raw n=173 total_us=94013 rebuild_us=602 layout_us=24 paint_us=34 encode_us=103 acquire_us=96 submit_us=93151 skipped=0
frust_shell_common::perf: frust-perf raw n=174 total_us=96746 rebuild_us=566 layout_us=20 paint_us=31 encode_us=98 acquire_us=96 submit_us=95932 skipped=0
frust_shell_common::perf: frust-perf raw n=175 total_us=95447 rebuild_us=657 layout_us=25 paint_us=36 encode_us=173 acquire_us=152 submit_us=94402 skipped=0
frust_shell_common::perf: frust-perf raw n=176 total_us=96041 rebuild_us=598 layout_us=24 paint_us=33 encode_us=96 acquire_us=96 submit_us=95193 skipped=0
frust_shell_common::perf: frust-perf raw n=177 total_us=94516 rebuild_us=732 layout_us=30 paint_us=42 encode_us=96 acquire_us=90 submit_us=93525 skipped=0
frust_shell_common::perf: frust-perf raw n=178 total_us=94859 rebuild_us=557 layout_us=19 paint_us=30 encode_us=97 acquire_us=110 submit_us=94044 skipped=0
frust_shell_android::app::frame: frust-perf platform-view tail depth=0 target=0 acquire_bound=false frame=1320 expected_present_us=0 acquire_us=103 period_us=11778
frust_shell_common::perf: frust-perf raw n=179 total_us=95641 rebuild_us=649 layout_us=23 paint_us=35 encode_us=100 acquire_us=103 submit_us=94729 skipped=0
frust_shell_common::perf: frust-perf raw n=180 total_us=92206 rebuild_us=592 layout_us=19 paint_us=29 encode_us=95 acquire_us=120 submit_us=91348 skipped=0
frust_shell_common::perf: frust-perf raw n=181 total_us=93329 rebuild_us=585 layout_us=23 paint_us=33 encode_us=97 acquire_us=99 submit_us=92490 skipped=0
frust_shell_common::perf: frust-perf raw n=182 total_us=95282 rebuild_us=565 layout_us=21 paint_us=38 encode_us=90 acquire_us=84 submit_us=94482 skipped=0
frust_shell_common::perf: frust-perf raw n=183 total_us=93739 rebuild_us=552 layout_us=19 paint_us=29 encode_us=101 acquire_us=99 submit_us=92937 skipped=0
frust_shell_common::perf: frust-perf raw n=184 total_us=91652 rebuild_us=628 layout_us=25 paint_us=36 encode_us=96 acquire_us=92 submit_us=90772 skipped=0
frust_shell_common::perf: frust-perf raw n=185 total_us=95262 rebuild_us=562 layout_us=20 paint_us=31 encode_us=96 acquire_us=114 submit_us=94437 skipped=0
frust_shell_common::perf: frust-perf raw n=186 total_us=91790 rebuild_us=629 layout_us=23 paint_us=35 encode_us=147 acquire_us=119 submit_us=90833 skipped=0
frust_shell_common::perf: frust-perf raw n=187 total_us=91777 rebuild_us=577 layout_us=21 paint_us=32 encode_us=98 acquire_us=96 submit_us=90950 skipped=0
frust_shell_common::perf: frust-perf raw n=188 total_us=95551 rebuild_us=585 layout_us=24 paint_us=33 encode_us=173 acquire_us=179 submit_us=94556 skipped=0
frust_shell_common::perf: frust-perf raw n=189 total_us=92153 rebuild_us=556 layout_us=19 paint_us=29 encode_us=97 acquire_us=116 submit_us=91334 skipped=0
frust_shell_common::perf: frust-perf raw n=190 total_us=96135 rebuild_us=609 layout_us=25 paint_us=35 encode_us=96 acquire_us=93 submit_us=95275 skipped=0
frust_shell_common::perf: frust-perf frame n=120 total_p50_ms=94 total_p95_ms=97 total_p99_ms=98 rebuild_p95_ms=0 layout_p95_ms=0 paint_p95_ms=0 encode_p95_ms=0 acquire_p95_ms=0 submit_p95_ms=96 over_60hz=190 over_120hz=190 skipped=0 total_frames=190
frust_shell_common::perf: frust-perf raw n=191 total_us=94187 rebuild_us=618 layout_us=23 paint_us=35 encode_us=92 acquire_us=91 submit_us=93325 skipped=0
frust_shell_common::perf: frust-perf raw n=192 total_us=100922 rebuild_us=554 layout_us=19 paint_us=29 encode_us=98 acquire_us=95 submit_us=100125 skipped=0
frust_shell_common::perf: frust-perf raw n=193 total_us=96544 rebuild_us=622 layout_us=22 paint_us=33 encode_us=106 acquire_us=106 submit_us=95653 skipped=0
frust_shell_android::app::frame: frust-perf platform-view tail depth=0 target=0 acquire_bound=false frame=1440 expected_present_us=0 acquire_us=104 period_us=11202
frust_shell_common::perf: frust-perf raw n=194 total_us=92503 rebuild_us=649 layout_us=25 paint_us=37 encode_us=97 acquire_us=107 submit_us=91587 skipped=0
frust_shell_common::perf: frust-perf raw n=195 total_us=94080 rebuild_us=628 layout_us=21 paint_us=31 encode_us=99 acquire_us=168 submit_us=93132 skipped=0
frust_shell_common::perf: frust-perf raw n=196 total_us=94946 rebuild_us=582 layout_us=25 paint_us=34 encode_us=157 acquire_us=90 submit_us=94056 skipped=0
frust_shell_common::perf: frust-perf raw n=197 total_us=94059 rebuild_us=596 layout_us=20 paint_us=30 encode_us=106 acquire_us=118 submit_us=93187 skipped=0
frust_shell_common::perf: frust-perf raw n=198 total_us=95445 rebuild_us=593 layout_us=27 paint_us=33 encode_us=747 acquire_us=241 submit_us=93800 skipped=0
frust_shell_common::perf: frust-perf raw n=199 total_us=96457 rebuild_us=591 layout_us=21 paint_us=34 encode_us=110 acquire_us=171 submit_us=95528 skipped=0
frust_shell_common::perf: frust-perf raw n=200 total_us=96143 rebuild_us=611 layout_us=24 paint_us=35 encode_us=101 acquire_us=97 submit_us=95273 skipped=0
frust_shell_common::perf: frust-perf raw n=201 total_us=95419 rebuild_us=563 layout_us=19 paint_us=31 encode_us=97 acquire_us=117 submit_us=94589 skipped=0
frust_shell_common::perf: frust-perf raw n=202 total_us=94724 rebuild_us=564 layout_us=20 paint_us=31 encode_us=97 acquire_us=109 submit_us=93900 skipped=0
frust_shell_common::perf: frust-perf raw n=203 total_us=94194 rebuild_us=600 layout_us=22 paint_us=37 encode_us=106 acquire_us=87 submit_us=93339 skipped=0
frust_shell_common::perf: frust-perf raw n=204 total_us=95671 rebuild_us=623 layout_us=24 paint_us=34 encode_us=102 acquire_us=94 submit_us=94792 skipped=0
frust_shell_common::perf: frust-perf raw n=205 total_us=96345 rebuild_us=555 layout_us=19 paint_us=31 encode_us=96 acquire_us=99 submit_us=95542 skipped=0
frust_shell_common::perf: frust-perf raw n=206 total_us=95012 rebuild_us=642 layout_us=32 paint_us=45 encode_us=96 acquire_us=91 submit_us=94104 skipped=0
frust_shell_common::perf: frust-perf raw n=207 total_us=95371 rebuild_us=618 layout_us=21 paint_us=31 encode_us=101 acquire_us=109 submit_us=94489 skipped=0
frust_shell_android::app::frame: frust-perf platform-view tail depth=0 target=0 acquire_bound=false frame=1560 expected_present_us=0 acquire_us=104 period_us=11252
frust_shell_common::perf: frust-perf raw n=208 total_us=95821 rebuild_us=708 layout_us=30 paint_us=40 encode_us=95 acquire_us=106 submit_us=94840 skipped=0
frust_shell_common::perf: frust-perf raw n=209 total_us=91819 rebuild_us=561 layout_us=20 paint_us=32 encode_us=100 acquire_us=98 submit_us=91006 skipped=0
frust_shell_common::perf: frust-perf raw n=210 total_us=96635 rebuild_us=565 layout_us=19 paint_us=32 encode_us=100 acquire_us=102 submit_us=95815 skipped=0
frust_shell_common::perf: frust-perf raw n=211 total_us=96986 rebuild_us=617 layout_us=23 paint_us=34 encode_us=93 acquire_us=159 submit_us=96057 skipped=0
frust_shell_common::perf: frust-perf frame n=120 total_p50_ms=94 total_p95_ms=97 total_p99_ms=98 rebuild_p95_ms=0 layout_p95_ms=0 paint_p95_ms=0 encode_p95_ms=0 acquire_p95_ms=0 submit_p95_ms=96 over_60hz=211 over_120hz=211 skipped=0 total_frames=211
frust_shell_common::perf: frust-perf raw n=212 total_us=93004 rebuild_us=735 layout_us=30 paint_us=41 encode_us=93 acquire_us=96 submit_us=92006 skipped=0
frust_shell_common::perf: frust-perf raw n=213 total_us=94025 rebuild_us=570 layout_us=20 paint_us=30 encode_us=95 acquire_us=126 submit_us=93181 skipped=0
frust_shell_common::perf: frust-perf raw n=214 total_us=92160 rebuild_us=657 layout_us=26 paint_us=36 encode_us=94 acquire_us=90 submit_us=91254 skipped=0
frust_shell_common::perf: frust-perf raw n=215 total_us=94591 rebuild_us=601 layout_us=55 paint_us=35 encode_us=101 acquire_us=96 submit_us=93701 skipped=0
frust_shell_common::perf: frust-perf raw n=216 total_us=101009 rebuild_us=595 layout_us=21 paint_us=31 encode_us=95 acquire_us=94 submit_us=100171 skipped=0
frust_shell_common::perf: frust-perf raw n=217 total_us=90686 rebuild_us=669 layout_us=26 paint_us=36 encode_us=95 acquire_us=90 submit_us=89768 skipped=0
frust_shell_common::perf: frust-perf raw n=218 total_us=91838 rebuild_us=563 layout_us=20 paint_us=52 encode_us=97 acquire_us=84 submit_us=91020 skipped=0
frust_shell_common::perf: frust-perf raw n=219 total_us=93583 rebuild_us=562 layout_us=20 paint_us=56 encode_us=99 acquire_us=94 submit_us=92749 skipped=0
frust_shell_common::perf: frust-perf raw n=220 total_us=96668 rebuild_us=626 layout_us=24 paint_us=36 encode_us=174 acquire_us=159 submit_us=95648 skipped=0
frust_shell_common::perf: frust-perf raw n=221 total_us=96652 rebuild_us=555 layout_us=18 paint_us=29 encode_us=112 acquire_us=98 submit_us=95837 skipped=0
frust_shell_common::perf: frust-perf raw n=222 total_us=94426 rebuild_us=630 layout_us=23 paint_us=33 encode_us=98 acquire_us=92 submit_us=93547 skipped=0
frust_shell_android::app::frame: frust-perf platform-view tail depth=0 target=0 acquire_bound=false frame=1680 expected_present_us=0 acquire_us=106 period_us=12542
frust_shell_common::perf: frust-perf raw n=223 total_us=94992 rebuild_us=551 layout_us=19 paint_us=29 encode_us=98 acquire_us=115 submit_us=94177 skipped=0
frust_shell_common::perf: frust-perf raw n=224 total_us=96287 rebuild_us=610 layout_us=21 paint_us=35 encode_us=93 acquire_us=90 submit_us=95437 skipped=0
frust_shell_common::perf: frust-perf raw n=225 total_us=91404 rebuild_us=612 layout_us=18 paint_us=32 encode_us=101 acquire_us=101 submit_us=90538 skipped=0
frust_shell_common::perf: frust-perf raw n=226 total_us=96170 rebuild_us=561 layout_us=20 paint_us=30 encode_us=175 acquire_us=156 submit_us=95225 skipped=0
frust_shell_common::perf: frust-perf raw n=227 total_us=92452 rebuild_us=551 layout_us=19 paint_us=30 encode_us=101 acquire_us=105 submit_us=91642 skipped=0
