frust-perf activity-create
frust_shell_common::perf: bench-scenario-start s1
frust_render::context: frust-perf surface-caps formats=[Rgba8UnormSrgb,Rgba8Unorm,Rgba16Float,Rgb10a2Unorm] usages=TextureUsages(COPY_SRC | COPY_DST | TEXTURE_BINDING | STORAGE_BINDING | RENDER_ATTACHMENT | STORAGE_ATOMIC) direct_to_surface=YES (Rgba8Unorm+STORAGE_BINDING)
frust_render::context: frust-perf render-path blit (forced (FRUST_NO_DIRECT_SURFACE, FRUST_RENDER_SCALE < 1, or cpu-tier))
frust_shell_common::perf: frust-perf startup init_entry=0ms font_preinit_started=0ms font_preinit_joined=0ms preinit_started=2ms preinit_joined=2ms cache_loaded=2ms pipeline_cache_restored=2ms adapter_ready=81ms device_ready=81ms renderer_ready=81ms first_rebuild_done=97ms first_encode_done=156ms first_frame_presented=162ms
frust_shell_common::perf: frust-perf raw n=1 total_us=65402 rebuild_us=139 layout_us=0 paint_us=425 encode_us=59474 acquire_us=132 submit_us=5230 skipped=0
frust_shell_common::perf: frust-perf raw n=2 total_us=74725 rebuild_us=209 layout_us=0 paint_us=420 encode_us=29066 acquire_us=71 submit_us=44956 skipped=0
frust_shell_common::perf: frust-perf raw n=3 total_us=50186 rebuild_us=146 layout_us=0 paint_us=279 encode_us=7448 acquire_us=38 submit_us=42273 skipped=0
frust_shell_common::perf: frust-perf raw n=4 total_us=49660 rebuild_us=154 layout_us=0 paint_us=386 encode_us=9032 acquire_us=63 submit_us=40022 skipped=0
frust_shell_common::perf: frust-perf raw n=5 total_us=41348 rebuild_us=158 layout_us=0 paint_us=339 encode_us=6886 acquire_us=130 submit_us=33831 skipped=0
frust_shell_common::perf: frust-perf raw n=6 total_us=46144 rebuild_us=176 layout_us=1 paint_us=343 encode_us=5418 acquire_us=129 submit_us=40075 skipped=0
frust_shell_common::perf: frust-perf raw n=7 total_us=33328 rebuild_us=101 layout_us=0 paint_us=111 encode_us=8385 acquire_us=83 submit_us=24646 skipped=0
frust_shell_common::perf: frust-perf raw n=8 total_us=44002 rebuild_us=83 layout_us=0 paint_us=123 encode_us=4632 acquire_us=58 submit_us=39103 skipped=0
frust_shell_common::perf: frust-perf raw n=9 total_us=42530 rebuild_us=88 layout_us=0 paint_us=138 encode_us=1853 acquire_us=54 submit_us=40394 skipped=0
frust_shell_common::perf: frust-perf raw n=10 total_us=43477 rebuild_us=98 layout_us=0 paint_us=176 encode_us=2265 acquire_us=57 submit_us=40879 skipped=0
frust_shell_common::perf: frust-perf raw n=11 total_us=32452 rebuild_us=88 layout_us=0 paint_us=132 encode_us=2237 acquire_us=62 submit_us=29930 skipped=0
frust_shell_common::perf: frust-perf raw n=12 total_us=33337 rebuild_us=85 layout_us=0 paint_us=121 encode_us=1878 acquire_us=57 submit_us=31195 skipped=0
frust_shell_common::perf: frust-perf raw n=13 total_us=35187 rebuild_us=99 layout_us=0 paint_us=153 encode_us=2668 acquire_us=79 submit_us=32187 skipped=0
frust_shell_common::perf: frust-perf raw n=14 total_us=33725 rebuild_us=79 layout_us=0 paint_us=129 encode_us=2724 acquire_us=75 submit_us=30715 skipped=0
frust_shell_common::perf: frust-perf raw n=15 total_us=33630 rebuild_us=92 layout_us=0 paint_us=148 encode_us=2485 acquire_us=74 submit_us=30829 skipped=0
frust_shell_common::perf: frust-perf raw n=16 total_us=33728 rebuild_us=91 layout_us=0 paint_us=144 encode_us=2397 acquire_us=61 submit_us=31032 skipped=0
frust_shell_common::perf: frust-perf raw n=17 total_us=32941 rebuild_us=82 layout_us=0 paint_us=148 encode_us=2213 acquire_us=58 submit_us=30438 skipped=0
frust_shell_common::perf: frust-perf raw n=18 total_us=31520 rebuild_us=78 layout_us=0 paint_us=145 encode_us=2620 acquire_us=74 submit_us=28600 skipped=0
frust_shell_common::perf: frust-perf raw n=19 total_us=31942 rebuild_us=79 layout_us=0 paint_us=131 encode_us=2725 acquire_us=74 submit_us=28930 skipped=0
frust_shell_common::perf: frust-perf raw n=20 total_us=31064 rebuild_us=75 layout_us=0 paint_us=138 encode_us=2758 acquire_us=84 submit_us=28006 skipped=0
frust_shell_common::perf: frust-perf raw n=21 total_us=31319 rebuild_us=94 layout_us=0 paint_us=162 encode_us=2542 acquire_us=114 submit_us=28405 skipped=0
frust_shell_common::perf: frust-perf raw n=22 total_us=32104 rebuild_us=91 layout_us=0 paint_us=139 encode_us=1502 acquire_us=48 submit_us=30322 skipped=0
frust_shell_common::perf: frust-perf raw n=23 total_us=31908 rebuild_us=227 layout_us=1 paint_us=327 encode_us=1598 acquire_us=53 submit_us=29699 skipped=0
frust_shell_common::perf: frust-perf raw n=24 total_us=31570 rebuild_us=91 layout_us=0 paint_us=152 encode_us=2692 acquire_us=76 submit_us=28555 skipped=0
frust_shell_common::perf: frust-perf raw n=25 total_us=31400 rebuild_us=77 layout_us=0 paint_us=133 encode_us=2840 acquire_us=71 submit_us=28275 skipped=0
frust_shell_common::perf: frust-perf raw n=26 total_us=31813 rebuild_us=72 layout_us=0 paint_us=129 encode_us=2902 acquire_us=83 submit_us=28624 skipped=0
frust_shell_common::perf: frust-perf raw n=27 total_us=30620 rebuild_us=74 layout_us=0 paint_us=131 encode_us=2848 acquire_us=79 submit_us=27485 skipped=0
frust_shell_common::perf: frust-perf raw n=28 total_us=32295 rebuild_us=125 layout_us=0 paint_us=190 encode_us=2207 acquire_us=65 submit_us=29705 skipped=0
frust_shell_common::perf: frust-perf raw n=29 total_us=31742 rebuild_us=85 layout_us=0 paint_us=147 encode_us=3285 acquire_us=84 submit_us=28139 skipped=0
frust_shell_common::perf: frust-perf raw n=30 total_us=31402 rebuild_us=86 layout_us=0 paint_us=142 encode_us=2820 acquire_us=66 submit_us=28286 skipped=0
frust_shell_common::perf: frust-perf raw n=31 total_us=31587 rebuild_us=75 layout_us=0 paint_us=135 encode_us=2665 acquire_us=82 submit_us=28627 skipped=0
frust_shell_common::perf: frust-perf raw n=32 total_us=31602 rebuild_us=68 layout_us=0 paint_us=124 encode_us=2591 acquire_us=79 submit_us=28738 skipped=0
frust_shell_common::perf: frust-perf raw n=33 total_us=31012 rebuild_us=93 layout_us=0 paint_us=149 encode_us=2565 acquire_us=80 submit_us=28123 skipped=0
frust_shell_common::perf: frust-perf raw n=34 total_us=31874 rebuild_us=76 layout_us=0 paint_us=133 encode_us=2178 acquire_us=67 submit_us=29418 skipped=0
frust_shell_android::app::frame: frust-perf platform-view tail depth=0 target=0 acquire_bound=false frame=120 expected_present_us=0 acquire_us=73 period_us=11130
frust_shell_common::perf: frust-perf raw n=35 total_us=31646 rebuild_us=127 layout_us=0 paint_us=156 encode_us=2754 acquire_us=74 submit_us=28532 skipped=0
frust_shell_common::perf: frust-perf raw n=36 total_us=31541 rebuild_us=77 layout_us=0 paint_us=138 encode_us=2604 acquire_us=84 submit_us=28637 skipped=0
frust_shell_common::perf: frust-perf raw n=37 total_us=31478 rebuild_us=72 layout_us=0 paint_us=170 encode_us=2689 acquire_us=72 submit_us=28472 skipped=0
frust_shell_common::perf: frust-perf raw n=38 total_us=30567 rebuild_us=118 layout_us=0 paint_us=128 encode_us=2643 acquire_us=71 submit_us=27604 skipped=0
frust_shell_common::perf: frust-perf raw n=39 total_us=31984 rebuild_us=83 layout_us=0 paint_us=133 encode_us=2194 acquire_us=57 submit_us=29515 skipped=0
frust_shell_common::perf: frust-perf raw n=40 total_us=31606 rebuild_us=87 layout_us=0 paint_us=145 encode_us=2678 acquire_us=74 submit_us=28620 skipped=0
frust_shell_common::perf: frust-perf raw n=41 total_us=31863 rebuild_us=78 layout_us=0 paint_us=132 encode_us=2697 acquire_us=103 submit_us=28850 skipped=0
frust_shell_common::perf: frust-perf raw n=42 total_us=31684 rebuild_us=76 layout_us=0 paint_us=133 encode_us=2629 acquire_us=77 submit_us=28767 skipped=0
frust_shell_common::perf: frust-perf raw n=43 total_us=31262 rebuild_us=77 layout_us=0 paint_us=148 encode_us=2678 acquire_us=65 submit_us=28292 skipped=0
frust_shell_common::perf: frust-perf raw n=44 total_us=31229 rebuild_us=71 layout_us=0 paint_us=125 encode_us=2564 acquire_us=76 submit_us=28391 skipped=0
frust_shell_common::perf: frust-perf raw n=45 total_us=31794 rebuild_us=81 layout_us=0 paint_us=137 encode_us=2203 acquire_us=67 submit_us=29302 skipped=0
frust_shell_common::perf: frust-perf raw n=46 total_us=31172 rebuild_us=96 layout_us=0 paint_us=162 encode_us=3325 acquire_us=73 submit_us=27514 skipped=0
frust_shell_common::perf: frust-perf raw n=47 total_us=31335 rebuild_us=73 layout_us=0 paint_us=128 encode_us=2679 acquire_us=72 submit_us=28380 skipped=0
frust_shell_common::perf: frust-perf raw n=48 total_us=31284 rebuild_us=71 layout_us=0 paint_us=130 encode_us=2655 acquire_us=70 submit_us=28355 skipped=0
frust_shell_common::perf: frust-perf raw n=49 total_us=30918 rebuild_us=86 layout_us=0 paint_us=149 encode_us=2682 acquire_us=75 submit_us=27923 skipped=0
frust_shell_common::perf: frust-perf raw n=50 total_us=31650 rebuild_us=79 layout_us=0 paint_us=137 encode_us=2192 acquire_us=66 submit_us=29173 skipped=0
frust_shell_common::perf: frust-perf raw n=51 total_us=31748 rebuild_us=83 layout_us=0 paint_us=145 encode_us=2710 acquire_us=75 submit_us=28733 skipped=0
frust_shell_common::perf: frust-perf raw n=52 total_us=31147 rebuild_us=72 layout_us=0 paint_us=128 encode_us=2708 acquire_us=72 submit_us=28164 skipped=0
frust_shell_common::perf: frust-perf raw n=53 total_us=31357 rebuild_us=75 layout_us=0 paint_us=130 encode_us=2639 acquire_us=71 submit_us=28439 skipped=0
frust_shell_common::perf: frust-perf raw n=54 total_us=30618 rebuild_us=71 layout_us=0 paint_us=130 encode_us=2690 acquire_us=113 submit_us=27611 skipped=0
frust_shell_common::perf: frust-perf raw n=55 total_us=32006 rebuild_us=101 layout_us=0 paint_us=137 encode_us=2299 acquire_us=64 submit_us=29403 skipped=0
frust_shell_common::perf: frust-perf raw n=56 total_us=31500 rebuild_us=85 layout_us=0 paint_us=147 encode_us=2742 acquire_us=68 submit_us=28455 skipped=0
frust_shell_common::perf: frust-perf raw n=57 total_us=31103 rebuild_us=79 layout_us=0 paint_us=138 encode_us=2683 acquire_us=67 submit_us=28134 skipped=0
frust_shell_common::perf: frust-perf raw n=58 total_us=31484 rebuild_us=84 layout_us=0 paint_us=149 encode_us=2693 acquire_us=78 submit_us=28478 skipped=0
frust_shell_common::perf: frust-perf frame n=58 total_p50_ms=31 total_p95_ms=50 total_p99_ms=74 rebuild_p95_ms=0 layout_p95_ms=0 paint_p95_ms=0 encode_p95_ms=9 acquire_p95_ms=0 submit_p95_ms=40 over_60hz=58 over_120hz=58 skipped=0 total_frames=58
frust_shell_common::perf: frust-perf raw n=59 total_us=30759 rebuild_us=72 layout_us=0 paint_us=130 encode_us=2765 acquire_us=72 submit_us=27716 skipped=0
frust_shell_common::perf: frust-perf raw n=60 total_us=31756 rebuild_us=82 layout_us=0 paint_us=135 encode_us=2228 acquire_us=62 submit_us=29248 skipped=0
frust_shell_common::perf: frust-perf raw n=61 total_us=31513 rebuild_us=80 layout_us=0 paint_us=145 encode_us=2797 acquire_us=70 submit_us=28418 skipped=0
frust_shell_common::perf: frust-perf raw n=62 total_us=31065 rebuild_us=82 layout_us=0 paint_us=141 encode_us=2667 acquire_us=79 submit_us=28094 skipped=0
frust_shell_common::perf: frust-perf raw n=63 total_us=31044 rebuild_us=72 layout_us=0 paint_us=135 encode_us=2613 acquire_us=70 submit_us=28153 skipped=0
frust_shell_common::perf: frust-perf raw n=64 total_us=31100 rebuild_us=82 layout_us=0 paint_us=148 encode_us=2710 acquire_us=74 submit_us=28084 skipped=0
frust_shell_common::perf: frust-perf raw n=65 total_us=31619 rebuild_us=85 layout_us=0 paint_us=134 encode_us=2249 acquire_us=61 submit_us=29087 skipped=0
frust_shell_common::perf: frust-perf raw n=66 total_us=31149 rebuild_us=88 layout_us=0 paint_us=148 encode_us=2804 acquire_us=67 submit_us=28040 skipped=0
frust_shell_common::perf: frust-perf raw n=67 total_us=31857 rebuild_us=98 layout_us=0 paint_us=181 encode_us=2667 acquire_us=66 submit_us=28842 skipped=0
frust_shell_common::perf: frust-perf raw n=68 total_us=31472 rebuild_us=73 layout_us=0 paint_us=144 encode_us=2570 acquire_us=73 submit_us=28608 skipped=0
frust_shell_common::perf: frust-perf raw n=69 total_us=30968 rebuild_us=96 layout_us=0 paint_us=180 encode_us=3543 acquire_us=84 submit_us=27062 skipped=0
frust_shell_common::perf: frust-perf raw n=70 total_us=31836 rebuild_us=107 layout_us=0 paint_us=191 encode_us=3015 acquire_us=71 submit_us=28449 skipped=0
frust_shell_common::perf: frust-perf raw n=71 total_us=32223 rebuild_us=104 layout_us=0 paint_us=190 encode_us=3433 acquire_us=89 submit_us=28404 skipped=0
frust_shell_common::perf: frust-perf raw n=72 total_us=31553 rebuild_us=220 layout_us=2 paint_us=549 encode_us=4006 acquire_us=160 submit_us=26614 skipped=0
frust_shell_common::perf: frust-perf raw n=73 total_us=31712 rebuild_us=223 layout_us=2 paint_us=562 encode_us=3910 acquire_us=81 submit_us=26931 skipped=0
frust_shell_common::perf: frust-perf raw n=74 total_us=31133 rebuild_us=92 layout_us=0 paint_us=181 encode_us=3924 acquire_us=79 submit_us=26854 skipped=0
frust_shell_common::perf: frust-perf raw n=75 total_us=31436 rebuild_us=105 layout_us=0 paint_us=185 encode_us=3030 acquire_us=73 submit_us=28040 skipped=0
frust_shell_common::perf: frust-perf raw n=76 total_us=32178 rebuild_us=338 layout_us=2 paint_us=822 encode_us=3665 acquire_us=87 submit_us=27262 skipped=0
frust_shell_common::perf: frust-perf raw n=77 total_us=32394 rebuild_us=229 layout_us=1 paint_us=566 encode_us=4610 acquire_us=115 submit_us=26871 skipped=0
frust_shell_android::app::frame: frust-perf platform-view tail depth=0 target=0 acquire_bound=false frame=240 expected_present_us=0 acquire_us=92 period_us=11139
frust_shell_common::perf: frust-perf raw n=78 total_us=31614 rebuild_us=387 layout_us=2 paint_us=669 encode_us=4173 acquire_us=98 submit_us=26284 skipped=0
frust_shell_common::perf: frust-perf raw n=79 total_us=31253 rebuild_us=109 layout_us=0 paint_us=186 encode_us=3465 acquire_us=88 submit_us=27402 skipped=0
frust_shell_common::perf: frust-perf raw n=80 total_us=32212 rebuild_us=102 layout_us=0 paint_us=188 encode_us=3025 acquire_us=86 submit_us=28808 skipped=0
frust_shell_common::perf: frust-perf raw n=81 total_us=31501 rebuild_us=229 layout_us=2 paint_us=567 encode_us=4110 acquire_us=86 submit_us=26505 skipped=0
frust_shell_common::perf: frust-perf raw n=82 total_us=31834 rebuild_us=208 layout_us=2 paint_us=539 encode_us=4523 acquire_us=82 submit_us=26478 skipped=0
frust_shell_common::perf: frust-perf raw n=83 total_us=31939 rebuild_us=214 layout_us=2 paint_us=626 encode_us=3793 acquire_us=87 submit_us=27214 skipped=0
frust_shell_common::perf: frust-perf raw n=84 total_us=32948 rebuild_us=228 layout_us=2 paint_us=735 encode_us=3666 acquire_us=85 submit_us=28229 skipped=0
frust_shell_common::perf: frust-perf raw n=85 total_us=31552 rebuild_us=311 layout_us=2 paint_us=550 encode_us=3928 acquire_us=91 submit_us=26668 skipped=0
frust_shell_common::perf: frust-perf raw n=86 total_us=32406 rebuild_us=240 layout_us=2 paint_us=581 encode_us=3865 acquire_us=94 submit_us=27621 skipped=0
frust_shell_common::perf: frust-perf raw n=87 total_us=31968 rebuild_us=228 layout_us=2 paint_us=579 encode_us=4370 acquire_us=126 submit_us=26661 skipped=0
frust_shell_common::perf: frust-perf raw n=88 total_us=31752 rebuild_us=204 layout_us=1 paint_us=531 encode_us=4065 acquire_us=102 submit_us=26845 skipped=0
frust_shell_common::perf: frust-perf raw n=89 total_us=31905 rebuild_us=242 layout_us=2 paint_us=923 encode_us=4450 acquire_us=121 submit_us=26164 skipped=0
frust_shell_common::perf: frust-perf raw n=90 total_us=31776 rebuild_us=177 layout_us=1 paint_us=523 encode_us=3888 acquire_us=96 submit_us=27088 skipped=0
frust_shell_common::perf: frust-perf raw n=91 total_us=31745 rebuild_us=265 layout_us=2 paint_us=614 encode_us=3960 acquire_us=100 submit_us=26802 skipped=0
frust_shell_common::perf: frust-perf raw n=92 total_us=32056 rebuild_us=206 layout_us=1 paint_us=521 encode_us=3966 acquire_us=95 submit_us=27263 skipped=0
frust_shell_common::perf: frust-perf raw n=93 total_us=32142 rebuild_us=230 layout_us=2 paint_us=552 encode_us=3947 acquire_us=88 submit_us=27321 skipped=0
frust_shell_common::perf: frust-perf raw n=94 total_us=32101 rebuild_us=248 layout_us=2 paint_us=592 encode_us=3899 acquire_us=82 submit_us=27275 skipped=0
frust_shell_common::perf: frust-perf raw n=95 total_us=32666 rebuild_us=209 layout_us=2 paint_us=641 encode_us=4310 acquire_us=118 submit_us=27383 skipped=0
frust_shell_common::perf: frust-perf raw n=96 total_us=33054 rebuild_us=491 layout_us=2 paint_us=1148 encode_us=4546 acquire_us=110 submit_us=26755 skipped=0
frust_shell_common::perf: frust-perf raw n=97 total_us=32175 rebuild_us=242 layout_us=1 paint_us=570 encode_us=4178 acquire_us=104 submit_us=27077 skipped=0
frust_shell_common::perf: frust-perf raw n=98 total_us=31435 rebuild_us=255 layout_us=1 paint_us=614 encode_us=4801 acquire_us=113 submit_us=25647 skipped=0
frust_shell_common::perf: frust-perf raw n=99 total_us=31777 rebuild_us=259 layout_us=2 paint_us=630 encode_us=4055 acquire_us=120 submit_us=26708 skipped=0
frust_shell_common::perf: frust-perf raw n=100 total_us=32334 rebuild_us=239 layout_us=1 paint_us=568 encode_us=4391 acquire_us=78 submit_us=27054 skipped=0
frust_shell_common::perf: frust-perf raw n=101 total_us=32063 rebuild_us=229 layout_us=1 paint_us=676 encode_us=3819 acquire_us=85 submit_us=27250 skipped=0
frust_shell_common::perf: frust-perf raw n=102 total_us=32118 rebuild_us=213 layout_us=2 paint_us=672 encode_us=3702 acquire_us=82 submit_us=27445 skipped=0
frust_shell_common::perf: frust-perf raw n=103 total_us=32509 rebuild_us=215 layout_us=2 paint_us=669 encode_us=4029 acquire_us=104 submit_us=27489 skipped=0
frust_shell_common::perf: frust-perf raw n=104 total_us=31480 rebuild_us=181 layout_us=1 paint_us=477 encode_us=3912 acquire_us=97 submit_us=26810 skipped=0
frust_shell_common::perf: frust-perf raw n=105 total_us=31588 rebuild_us=445 layout_us=2 paint_us=522 encode_us=3476 acquire_us=81 submit_us=27061 skipped=0
frust_shell_common::perf: frust-perf raw n=106 total_us=32103 rebuild_us=110 layout_us=0 paint_us=223 encode_us=2997 acquire_us=78 submit_us=28692 skipped=0
frust_shell_common::perf: frust-perf raw n=107 total_us=31587 rebuild_us=114 layout_us=0 paint_us=201 encode_us=3614 acquire_us=82 submit_us=27573 skipped=0
frust_shell_common::perf: frust-perf raw n=108 total_us=31332 rebuild_us=106 layout_us=0 paint_us=188 encode_us=3693 acquire_us=77 submit_us=27265 skipped=0
frust_shell_common::perf: frust-perf raw n=109 total_us=31719 rebuild_us=113 layout_us=0 paint_us=235 encode_us=3494 acquire_us=89 submit_us=27786 skipped=0
frust_shell_common::perf: frust-perf raw n=110 total_us=31010 rebuild_us=128 layout_us=0 paint_us=239 encode_us=3644 acquire_us=92 submit_us=26904 skipped=0
frust_shell_common::perf: frust-perf raw n=111 total_us=32214 rebuild_us=187 layout_us=0 paint_us=263 encode_us=2980 acquire_us=82 submit_us=28699 skipped=0
frust_shell_common::perf: frust-perf raw n=112 total_us=32614 rebuild_us=283 layout_us=2 paint_us=638 encode_us=3854 acquire_us=84 submit_us=27751 skipped=0
frust_shell_common::perf: frust-perf raw n=113 total_us=31882 rebuild_us=222 layout_us=1 paint_us=556 encode_us=4433 acquire_us=91 submit_us=26577 skipped=0
frust_shell_common::perf: frust-perf raw n=114 total_us=31843 rebuild_us=215 layout_us=2 paint_us=550 encode_us=3997 acquire_us=101 submit_us=26977 skipped=0
frust_shell_common::perf: frust-perf raw n=115 total_us=32742 rebuild_us=214 layout_us=2 paint_us=534 encode_us=3778 acquire_us=102 submit_us=28109 skipped=0
frust_shell_common::perf: frust-perf raw n=116 total_us=32021 rebuild_us=203 layout_us=2 paint_us=517 encode_us=4069 acquire_us=111 submit_us=27117 skipped=0
frust_shell_common::perf: frust-perf raw n=117 total_us=31823 rebuild_us=213 layout_us=2 paint_us=550 encode_us=3834 acquire_us=89 submit_us=27134 skipped=0
frust_shell_common::perf: frust-perf raw n=118 total_us=32810 rebuild_us=203 layout_us=2 paint_us=528 encode_us=4198 acquire_us=88 submit_us=27788 skipped=0
frust_shell_common::perf: frust-perf raw n=119 total_us=32851 rebuild_us=339 layout_us=3 paint_us=800 encode_us=4088 acquire_us=92 submit_us=27528 skipped=0
frust_shell_common::perf: frust-perf raw n=120 total_us=31109 rebuild_us=108 layout_us=0 paint_us=186 encode_us=3680 acquire_us=87 submit_us=27046 skipped=0
frust_shell_android::app::frame: frust-perf platform-view tail depth=0 target=0 acquire_bound=false frame=360 expected_present_us=0 acquire_us=89 period_us=11131
frust_shell_common::perf: frust-perf raw n=121 total_us=31656 rebuild_us=98 layout_us=0 paint_us=179 encode_us=3443 acquire_us=87 submit_us=27848 skipped=0
frust_shell_common::perf: frust-perf frame n=120 total_p50_ms=31 total_p95_ms=42 total_p99_ms=50 rebuild_p95_ms=0 layout_p95_ms=0 paint_p95_ms=0 encode_p95_ms=4 acquire_p95_ms=0 submit_p95_ms=39 over_60hz=121 over_120hz=121 skipped=0 total_frames=121
frust_shell_common::perf: frust-perf raw n=122 total_us=30598 rebuild_us=104 layout_us=0 paint_us=195 encode_us=3433 acquire_us=82 submit_us=26782 skipped=0
frust_shell_common::perf: frust-perf raw n=123 total_us=31836 rebuild_us=104 layout_us=0 paint_us=192 encode_us=3132 acquire_us=75 submit_us=28330 skipped=0
frust_shell_common::perf: frust-perf raw n=124 total_us=32229 rebuild_us=247 layout_us=2 paint_us=592 encode_us=4054 acquire_us=81 submit_us=27251 skipped=0
frust_shell_common::perf: frust-perf raw n=125 total_us=32424 rebuild_us=227 layout_us=2 paint_us=700 encode_us=3808 acquire_us=89 submit_us=27595 skipped=0
frust_shell_common::perf: frust-perf raw n=126 total_us=32983 rebuild_us=246 layout_us=2 paint_us=578 encode_us=3539 acquire_us=98 submit_us=28518 skipped=0
frust_shell_common::perf: frust-perf raw n=127 total_us=31615 rebuild_us=221 layout_us=2 paint_us=540 encode_us=4186 acquire_us=170 submit_us=26495 skipped=0
frust_shell_common::perf: frust-perf raw n=128 total_us=32077 rebuild_us=234 layout_us=1 paint_us=525 encode_us=3928 acquire_us=99 submit_us=27287 skipped=0
frust_shell_common::perf: frust-perf raw n=129 total_us=32468 rebuild_us=257 layout_us=2 paint_us=700 encode_us=5040 acquire_us=256 submit_us=26211 skipped=0
frust_shell_common::perf: frust-perf raw n=130 total_us=31852 rebuild_us=207 layout_us=1 paint_us=526 encode_us=4359 acquire_us=77 submit_us=26677 skipped=0
frust_shell_common::perf: frust-perf raw n=131 total_us=32542 rebuild_us=206 layout_us=2 paint_us=520 encode_us=4166 acquire_us=82 submit_us=27564 skipped=0
frust_shell_common::perf: frust-perf raw n=132 total_us=33339 rebuild_us=262 layout_us=1 paint_us=733 encode_us=3550 acquire_us=91 submit_us=28699 skipped=0
frust_shell_common::perf: frust-perf raw n=133 total_us=31520 rebuild_us=304 layout_us=2 paint_us=826 encode_us=5103 acquire_us=134 submit_us=25149 skipped=0
frust_shell_common::perf: frust-perf raw n=134 total_us=31203 rebuild_us=100 layout_us=0 paint_us=194 encode_us=3654 acquire_us=86 submit_us=27165 skipped=0
frust_shell_common::perf: frust-perf raw n=135 total_us=31405 rebuild_us=105 layout_us=0 paint_us=185 encode_us=3632 acquire_us=84 submit_us=27397 skipped=0
frust_shell_common::perf: frust-perf raw n=136 total_us=32004 rebuild_us=272 layout_us=2 paint_us=630 encode_us=4427 acquire_us=100 submit_us=26571 skipped=0
frust_shell_common::perf: frust-perf raw n=137 total_us=32521 rebuild_us=195 layout_us=1 paint_us=508 encode_us=4624 acquire_us=82 submit_us=27108 skipped=0
frust_shell_common::perf: frust-perf raw n=138 total_us=32683 rebuild_us=226 layout_us=1 paint_us=564 encode_us=4330 acquire_us=89 submit_us=27469 skipped=0
frust_shell_common::perf: frust-perf raw n=139 total_us=32126 rebuild_us=276 layout_us=1 paint_us=702 encode_us=3688 acquire_us=81 submit_us=27374 skipped=0
frust_shell_common::perf: frust-perf raw n=140 total_us=31577 rebuild_us=209 layout_us=1 paint_us=634 encode_us=4095 acquire_us=95 submit_us=26541 skipped=0
frust_shell_common::perf: frust-perf raw n=141 total_us=31685 rebuild_us=226 layout_us=2 paint_us=552 encode_us=3910 acquire_us=92 submit_us=26900 skipped=0
frust_shell_common::perf: frust-perf raw n=142 total_us=32560 rebuild_us=252 layout_us=2 paint_us=600 encode_us=3698 acquire_us=129 submit_us=27877 skipped=0
frust_shell_common::perf: frust-perf raw n=143 total_us=31831 rebuild_us=239 layout_us=2 paint_us=560 encode_us=4151 acquire_us=100 submit_us=26777 skipped=0
frust_shell_common::perf: frust-perf raw n=144 total_us=31962 rebuild_us=194 layout_us=1 paint_us=508 encode_us=4676 acquire_us=117 submit_us=26462 skipped=0
frust_shell_common::perf: frust-perf raw n=145 total_us=32154 rebuild_us=225 layout_us=1 paint_us=762 encode_us=4608 acquire_us=117 submit_us=26438 skipped=0
frust_shell_common::perf: frust-perf raw n=146 total_us=31625 rebuild_us=236 layout_us=1 paint_us=568 encode_us=4198 acquire_us=93 submit_us=26527 skipped=0
frust_shell_common::perf: frust-perf raw n=147 total_us=31254 rebuild_us=167 layout_us=1 paint_us=393 encode_us=4112 acquire_us=106 submit_us=26472 skipped=0
frust_shell_common::perf: frust-perf raw n=148 total_us=32137 rebuild_us=253 layout_us=1 paint_us=459 encode_us=3750 acquire_us=94 submit_us=27578 skipped=0
frust_shell_common::perf: frust-perf raw n=149 total_us=30792 rebuild_us=116 layout_us=0 paint_us=201 encode_us=3783 acquire_us=96 submit_us=26594 skipped=0
frust_shell_common::perf: frust-perf raw n=150 total_us=31760 rebuild_us=123 layout_us=0 paint_us=199 encode_us=3248 acquire_us=80 submit_us=28108 skipped=0
frust_shell_common::perf: frust-perf raw n=151 total_us=31806 rebuild_us=129 layout_us=0 paint_us=197 encode_us=3941 acquire_us=85 submit_us=27451 skipped=0
frust_shell_common::perf: frust-perf raw n=152 total_us=32011 rebuild_us=110 layout_us=0 paint_us=199 encode_us=3981 acquire_us=96 submit_us=27622 skipped=0
frust_shell_common::perf: frust-perf raw n=153 total_us=31132 rebuild_us=101 layout_us=0 paint_us=186 encode_us=3855 acquire_us=103 submit_us=26884 skipped=0
frust_shell_common::perf: frust-perf raw n=154 total_us=31719 rebuild_us=102 layout_us=0 paint_us=186 encode_us=3803 acquire_us=89 submit_us=27538 skipped=0
frust_shell_common::perf: frust-perf raw n=155 total_us=31509 rebuild_us=100 layout_us=0 paint_us=187 encode_us=3678 acquire_us=140 submit_us=27402 skipped=0
frust_shell_common::perf: frust-perf raw n=156 total_us=31570 rebuild_us=105 layout_us=0 paint_us=192 encode_us=3326 acquire_us=92 submit_us=27852 skipped=0
frust_shell_common::perf: frust-perf raw n=157 total_us=31531 rebuild_us=110 layout_us=0 paint_us=199 encode_us=4005 acquire_us=99 submit_us=27115 skipped=0
frust_shell_common::perf: frust-perf raw n=158 total_us=31737 rebuild_us=105 layout_us=0 paint_us=263 encode_us=3722 acquire_us=106 submit_us=27539 skipped=0
frust_shell_common::perf: frust-perf raw n=159 total_us=31530 rebuild_us=106 layout_us=0 paint_us=239 encode_us=3751 acquire_us=85 submit_us=27346 skipped=0
frust_shell_common::perf: frust-perf raw n=160 total_us=31036 rebuild_us=106 layout_us=0 paint_us=260 encode_us=3811 acquire_us=93 submit_us=26764 skipped=0
frust_shell_common::perf: frust-perf raw n=161 total_us=32124 rebuild_us=103 layout_us=0 paint_us=236 encode_us=3310 acquire_us=86 submit_us=28386 skipped=0
frust_shell_common::perf: frust-perf raw n=162 total_us=31716 rebuild_us=119 layout_us=0 paint_us=205 encode_us=3721 acquire_us=91 submit_us=27578 skipped=0
frust_shell_android::app::frame: frust-perf platform-view tail depth=0 target=0 acquire_bound=false frame=480 expected_present_us=0 acquire_us=94 period_us=11135
frust_shell_common::perf: frust-perf raw n=163 total_us=31714 rebuild_us=251 layout_us=3 paint_us=637 encode_us=4066 acquire_us=100 submit_us=26655 skipped=0
frust_shell_common::perf: frust-perf raw n=164 total_us=33049 rebuild_us=190 layout_us=1 paint_us=504 encode_us=4069 acquire_us=115 submit_us=28167 skipped=0
frust_shell_common::perf: frust-perf raw n=165 total_us=31846 rebuild_us=270 layout_us=2 paint_us=611 encode_us=4381 acquire_us=81 submit_us=26499 skipped=0
frust_shell_common::perf: frust-perf raw n=166 total_us=32162 rebuild_us=215 layout_us=2 paint_us=539 encode_us=4007 acquire_us=83 submit_us=27315 skipped=0
frust_shell_common::perf: frust-perf raw n=167 total_us=33093 rebuild_us=204 layout_us=2 paint_us=526 encode_us=3507 acquire_us=88 submit_us=28764 skipped=0
frust_shell_common::perf: frust-perf raw n=168 total_us=31790 rebuild_us=389 layout_us=2 paint_us=557 encode_us=5437 acquire_us=136 submit_us=25266 skipped=0
frust_shell_common::perf: frust-perf raw n=169 total_us=31891 rebuild_us=254 layout_us=2 paint_us=572 encode_us=4408 acquire_us=115 submit_us=26538 skipped=0
frust_shell_common::perf: frust-perf raw n=170 total_us=32084 rebuild_us=217 layout_us=2 paint_us=534 encode_us=4310 acquire_us=122 submit_us=26897 skipped=0
frust_shell_common::perf: frust-perf raw n=171 total_us=32946 rebuild_us=232 layout_us=2 paint_us=559 encode_us=3860 acquire_us=97 submit_us=28194 skipped=0
frust_shell_common::perf: frust-perf raw n=172 total_us=32247 rebuild_us=226 layout_us=2 paint_us=549 encode_us=4295 acquire_us=77 submit_us=27097 skipped=0
frust_shell_common::perf: frust-perf raw n=173 total_us=32036 rebuild_us=279 layout_us=2 paint_us=533 encode_us=4993 acquire_us=80 submit_us=26147 skipped=0
frust_shell_common::perf: frust-perf raw n=174 total_us=32033 rebuild_us=316 layout_us=2 paint_us=524 encode_us=3949 acquire_us=96 submit_us=27144 skipped=0
frust_shell_common::perf: frust-perf raw n=175 total_us=31824 rebuild_us=305 layout_us=2 paint_us=744 encode_us=5046 acquire_us=156 submit_us=25568 skipped=0
frust_shell_common::perf: frust-perf raw n=176 total_us=31588 rebuild_us=98 layout_us=0 paint_us=186 encode_us=4021 acquire_us=85 submit_us=27196 skipped=0
frust_shell_common::perf: frust-perf raw n=177 total_us=31968 rebuild_us=97 layout_us=0 paint_us=178 encode_us=3332 acquire_us=89 submit_us=28270 skipped=0
frust_shell_common::perf: frust-perf raw n=178 total_us=31535 rebuild_us=108 layout_us=0 paint_us=190 encode_us=3563 acquire_us=82 submit_us=27589 skipped=0
frust_shell_common::perf: frust-perf raw n=179 total_us=31715 rebuild_us=107 layout_us=0 paint_us=254 encode_us=3517 acquire_us=85 submit_us=27749 skipped=0
frust_shell_common::perf: frust-perf raw n=180 total_us=32748 rebuild_us=234 layout_us=2 paint_us=698 encode_us=4584 acquire_us=107 submit_us=27121 skipped=0
frust_shell_common::perf: frust-perf raw n=181 total_us=32182 rebuild_us=241 layout_us=2 paint_us=711 encode_us=4693 acquire_us=120 submit_us=26412 skipped=0
frust_shell_common::perf: frust-perf raw n=182 total_us=31326 rebuild_us=91 layout_us=0 paint_us=234 encode_us=3460 acquire_us=101 submit_us=27438 skipped=0
frust_shell_common::perf: frust-perf raw n=183 total_us=31188 rebuild_us=95 layout_us=0 paint_us=239 encode_us=3504 acquire_us=85 submit_us=27262 skipped=0
frust_shell_common::perf: frust-perf raw n=184 total_us=31900 rebuild_us=110 layout_us=0 paint_us=179 encode_us=3117 acquire_us=82 submit_us=28409 skipped=0
frust_shell_common::perf: frust-perf frame n=120 total_p50_ms=31 total_p95_ms=32 total_p99_ms=33 rebuild_p95_ms=0 layout_p95_ms=0 paint_p95_ms=0 encode_p95_ms=4 acquire_p95_ms=0 submit_p95_ms=28 over_60hz=184 over_120hz=184 skipped=0 total_frames=184
frust_shell_common::perf: frust-perf raw n=185 total_us=31843 rebuild_us=256 layout_us=1 paint_us=602 encode_us=3683 acquire_us=89 submit_us=27209 skipped=0
frust_shell_common::perf: frust-perf raw n=186 total_us=31760 rebuild_us=232 layout_us=2 paint_us=554 encode_us=4036 acquire_us=96 submit_us=26838 skipped=0
frust_shell_common::perf: frust-perf raw n=187 total_us=31869 rebuild_us=119 layout_us=0 paint_us=246 encode_us=3973 acquire_us=102 submit_us=27426 skipped=0
frust_shell_common::perf: frust-perf raw n=188 total_us=30813 rebuild_us=106 layout_us=0 paint_us=190 encode_us=3612 acquire_us=82 submit_us=26820 skipped=0
frust_shell_common::perf: frust-perf raw n=189 total_us=31706 rebuild_us=120 layout_us=0 paint_us=216 encode_us=3027 acquire_us=74 submit_us=28266 skipped=0
frust_shell_common::perf: frust-perf raw n=190 total_us=31364 rebuild_us=105 layout_us=0 paint_us=187 encode_us=3443 acquire_us=82 submit_us=27545 skipped=0
frust_shell_common::perf: frust-perf raw n=191 total_us=32348 rebuild_us=254 layout_us=2 paint_us=591 encode_us=4794 acquire_us=85 submit_us=26620 skipped=0
frust_shell_common::perf: frust-perf raw n=192 total_us=31671 rebuild_us=241 layout_us=2 paint_us=567 encode_us=4195 acquire_us=81 submit_us=26583 skipped=0
frust_shell_common::perf: frust-perf raw n=193 total_us=33687 rebuild_us=552 layout_us=2 paint_us=900 encode_us=3734 acquire_us=82 submit_us=28415 skipped=0
frust_shell_common::perf: frust-perf raw n=194 total_us=31879 rebuild_us=349 layout_us=3 paint_us=869 encode_us=5326 acquire_us=213 submit_us=25117 skipped=0
frust_shell_common::perf: frust-perf raw n=195 total_us=31493 rebuild_us=306 layout_us=2 paint_us=716 encode_us=4410 acquire_us=108 submit_us=25949 skipped=0
frust_shell_common::perf: frust-perf raw n=196 total_us=31431 rebuild_us=102 layout_us=0 paint_us=181 encode_us=3643 acquire_us=82 submit_us=27419 skipped=0
frust_shell_common::perf: frust-perf raw n=197 total_us=31397 rebuild_us=97 layout_us=0 paint_us=174 encode_us=3559 acquire_us=77 submit_us=27488 skipped=0
frust_shell_common::perf: frust-perf raw n=198 total_us=30758 rebuild_us=113 layout_us=0 paint_us=192 encode_us=3584 acquire_us=82 submit_us=26783 skipped=0
frust_shell_common::perf: frust-perf raw n=199 total_us=31600 rebuild_us=96 layout_us=0 paint_us=179 encode_us=3030 acquire_us=82 submit_us=28210 skipped=0
frust_shell_common::perf: frust-perf raw n=200 total_us=31537 rebuild_us=102 layout_us=0 paint_us=182 encode_us=3503 acquire_us=84 submit_us=27664 skipped=0
frust_shell_common::perf: frust-perf raw n=201 total_us=32125 rebuild_us=239 layout_us=2 paint_us=638 encode_us=4080 acquire_us=102 submit_us=27061 skipped=0
frust_shell_common::perf: frust-perf raw n=202 total_us=32335 rebuild_us=218 layout_us=2 paint_us=615 encode_us=3955 acquire_us=92 submit_us=27451 skipped=0
frust_shell_common::perf: frust-perf raw n=203 total_us=32643 rebuild_us=416 layout_us=2 paint_us=1273 encode_us=4256 acquire_us=111 submit_us=26582 skipped=0
frust_shell_common::perf: frust-perf raw n=204 total_us=32475 rebuild_us=234 layout_us=2 paint_us=755 encode_us=4480 acquire_us=122 submit_us=26880 skipped=0
frust_shell_common::perf: frust-perf raw n=205 total_us=31087 rebuild_us=207 layout_us=1 paint_us=528 encode_us=4293 acquire_us=83 submit_us=25972 skipped=0
frust_shell_android::app::frame: frust-perf platform-view tail depth=0 target=0 acquire_bound=false frame=600 expected_present_us=0 acquire_us=94 period_us=11132
frust_shell_common::perf: frust-perf raw n=206 total_us=31545 rebuild_us=215 layout_us=2 paint_us=540 encode_us=3619 acquire_us=87 submit_us=27079 skipped=0
frust_shell_common::perf: frust-perf raw n=207 total_us=31801 rebuild_us=196 layout_us=2 paint_us=516 encode_us=3570 acquire_us=91 submit_us=27423 skipped=0
frust_shell_common::perf: frust-perf raw n=208 total_us=31798 rebuild_us=216 layout_us=1 paint_us=536 encode_us=3933 acquire_us=94 submit_us=27015 skipped=0
frust_shell_common::perf: frust-perf raw n=209 total_us=32373 rebuild_us=348 layout_us=1 paint_us=1049 encode_us=4833 acquire_us=124 submit_us=26015 skipped=0
frust_shell_common::perf: frust-perf raw n=210 total_us=32138 rebuild_us=199 layout_us=1 paint_us=444 encode_us=4060 acquire_us=94 submit_us=27339 skipped=0
frust_shell_common::perf: frust-perf raw n=211 total_us=31867 rebuild_us=112 layout_us=0 paint_us=191 encode_us=3559 acquire_us=92 submit_us=27910 skipped=0
frust_shell_common::perf: frust-perf raw n=212 total_us=30865 rebuild_us=103 layout_us=0 paint_us=183 encode_us=3733 acquire_us=91 submit_us=26752 skipped=0
frust_shell_common::perf: frust-perf raw n=213 total_us=31163 rebuild_us=94 layout_us=0 paint_us=179 encode_us=3424 acquire_us=77 submit_us=27386 skipped=0
frust_shell_common::perf: frust-perf raw n=214 total_us=32176 rebuild_us=143 layout_us=0 paint_us=257 encode_us=2976 acquire_us=71 submit_us=28726 skipped=0
frust_shell_common::perf: frust-perf raw n=215 total_us=31302 rebuild_us=110 layout_us=0 paint_us=195 encode_us=3485 acquire_us=79 submit_us=27430 skipped=0
frust_shell_common::perf: frust-perf raw n=216 total_us=31629 rebuild_us=106 layout_us=0 paint_us=184 encode_us=3572 acquire_us=129 submit_us=27635 skipped=0
frust_shell_common::perf: frust-perf raw n=217 total_us=31925 rebuild_us=94 layout_us=0 paint_us=179 encode_us=3555 acquire_us=75 submit_us=28019 skipped=0
frust_shell_common::perf: frust-perf raw n=218 total_us=31333 rebuild_us=98 layout_us=0 paint_us=186 encode_us=3464 acquire_us=80 submit_us=27502 skipped=0
frust_shell_common::perf: frust-perf raw n=219 total_us=31391 rebuild_us=97 layout_us=0 paint_us=185 encode_us=3488 acquire_us=78 submit_us=27540 skipped=0
frust_shell_common::perf: frust-perf raw n=220 total_us=32201 rebuild_us=110 layout_us=0 paint_us=189 encode_us=3366 acquire_us=90 submit_us=28445 skipped=0
frust_shell_common::perf: frust-perf raw n=221 total_us=31795 rebuild_us=335 layout_us=2 paint_us=724 encode_us=4815 acquire_us=81 submit_us=25835 skipped=0
frust_shell_common::perf: frust-perf raw n=222 total_us=32160 rebuild_us=233 layout_us=1 paint_us=695 encode_us=3883 acquire_us=87 submit_us=27259 skipped=0
frust_shell_common::perf: frust-perf raw n=223 total_us=32411 rebuild_us=265 layout_us=2 paint_us=648 encode_us=3818 acquire_us=85 submit_us=27591 skipped=0
frust_shell_common::perf: frust-perf raw n=224 total_us=32620 rebuild_us=572 layout_us=2 paint_us=895 encode_us=4243 acquire_us=108 submit_us=26799 skipped=0
frust_shell_common::perf: frust-perf raw n=225 total_us=33242 rebuild_us=418 layout_us=2 paint_us=794 encode_us=4800 acquire_us=111 submit_us=27114 skipped=0
frust_shell_common::perf: frust-perf raw n=226 total_us=33320 rebuild_us=290 layout_us=2 paint_us=904 encode_us=5239 acquire_us=132 submit_us=26752 skipped=0
frust_shell_common::perf: frust-perf raw n=227 total_us=32769 rebuild_us=1062 layout_us=1 paint_us=539 encode_us=4091 acquire_us=80 submit_us=26994 skipped=0
frust_shell_common::perf: frust-perf raw n=228 total_us=31517 rebuild_us=111 layout_us=0 paint_us=188 encode_us=3539 acquire_us=89 submit_us=27587 skipped=0
frust_shell_common::perf: frust-perf raw n=229 total_us=31368 rebuild_us=137 layout_us=0 paint_us=184 encode_us=3545 acquire_us=87 submit_us=27412 skipped=0
frust_shell_common::perf: frust-perf raw n=230 total_us=31810 rebuild_us=106 layout_us=0 paint_us=231 encode_us=3522 acquire_us=85 submit_us=27863 skipped=0
frust_shell_common::perf: frust-perf raw n=231 total_us=32042 rebuild_us=197 layout_us=2 paint_us=631 encode_us=3963 acquire_us=98 submit_us=27149 skipped=0
frust_shell_common::perf: frust-perf raw n=232 total_us=32502 rebuild_us=244 layout_us=2 paint_us=583 encode_us=4416 acquire_us=111 submit_us=27144 skipped=0
frust_shell_common::perf: frust-perf raw n=233 total_us=32560 rebuild_us=258 layout_us=1 paint_us=603 encode_us=5208 acquire_us=142 submit_us=26345 skipped=0
frust_shell_common::perf: frust-perf raw n=234 total_us=31336 rebuild_us=198 layout_us=2 paint_us=515 encode_us=4574 acquire_us=89 submit_us=25956 skipped=0
frust_shell_common::perf: frust-perf raw n=235 total_us=32493 rebuild_us=361 layout_us=2 paint_us=1072 encode_us=3950 acquire_us=84 submit_us=27023 skipped=0
frust_shell_common::perf: frust-perf raw n=236 total_us=32318 rebuild_us=207 layout_us=1 paint_us=523 encode_us=3716 acquire_us=80 submit_us=27787 skipped=0
frust_shell_common::perf: frust-perf raw n=237 total_us=31093 rebuild_us=244 layout_us=2 paint_us=574 encode_us=3915 acquire_us=79 submit_us=26276 skipped=0
frust_shell_common::perf: frust-perf raw n=238 total_us=31796 rebuild_us=236 layout_us=2 paint_us=571 encode_us=3646 acquire_us=83 submit_us=27255 skipped=0
frust_shell_common::perf: frust-perf raw n=239 total_us=32160 rebuild_us=219 layout_us=2 paint_us=542 encode_us=4152 acquire_us=105 submit_us=27138 skipped=0
frust_shell_common::perf: frust-perf raw n=240 total_us=31819 rebuild_us=262 layout_us=2 paint_us=620 encode_us=4560 acquire_us=117 submit_us=26257 skipped=0
frust_shell_common::perf: frust-perf raw n=241 total_us=33145 rebuild_us=244 layout_us=2 paint_us=623 encode_us=4350 acquire_us=108 submit_us=27815 skipped=0
frust_shell_common::perf: frust-perf raw n=242 total_us=32330 rebuild_us=254 layout_us=2 paint_us=592 encode_us=4100 acquire_us=78 submit_us=27302 skipped=0
frust_shell_common::perf: frust-perf raw n=243 total_us=32381 rebuild_us=232 layout_us=1 paint_us=591 encode_us=4605 acquire_us=81 submit_us=26868 skipped=0
frust_shell_common::perf: frust-perf raw n=244 total_us=32011 rebuild_us=243 layout_us=1 paint_us=565 encode_us=3860 acquire_us=87 submit_us=27252 skipped=0
frust_shell_common::perf: frust-perf raw n=245 total_us=32552 rebuild_us=241 layout_us=2 paint_us=585 encode_us=4891 acquire_us=99 submit_us=26732 skipped=0
frust_shell_common::perf: frust-perf raw n=246 total_us=31626 rebuild_us=148 layout_us=0 paint_us=280 encode_us=3940 acquire_us=106 submit_us=27150 skipped=0
frust_shell_common::perf: frust-perf raw n=247 total_us=31605 rebuild_us=289 layout_us=2 paint_us=829 encode_us=4265 acquire_us=110 submit_us=26108 skipped=0
frust_shell_common::perf: frust-perf frame n=120 total_p50_ms=31 total_p95_ms=33 total_p99_ms=33 rebuild_p95_ms=0 layout_p95_ms=0 paint_p95_ms=0 encode_p95_ms=5 acquire_p95_ms=0 submit_p95_ms=28 over_60hz=247 over_120hz=247 skipped=0 total_frames=247
frust_shell_common::perf: frust-perf raw n=248 total_us=31305 rebuild_us=106 layout_us=0 paint_us=195 encode_us=3729 acquire_us=128 submit_us=27144 skipped=0
frust_shell_android::app::frame: frust-perf platform-view tail depth=0 target=0 acquire_bound=false frame=720 expected_present_us=0 acquire_us=105 period_us=11129
frust_shell_common::perf: frust-perf raw n=249 total_us=31675 rebuild_us=112 layout_us=0 paint_us=189 encode_us=3586 acquire_us=83 submit_us=27703 skipped=0
frust_shell_common::perf: frust-perf raw n=250 total_us=31578 rebuild_us=133 layout_us=0 paint_us=193 encode_us=3647 acquire_us=91 submit_us=27512 skipped=0
frust_shell_common::perf: frust-perf raw n=251 total_us=31026 rebuild_us=101 layout_us=0 paint_us=178 encode_us=3492 acquire_us=80 submit_us=27172 skipped=0
frust_shell_common::perf: frust-perf raw n=252 total_us=32000 rebuild_us=100 layout_us=0 paint_us=177 encode_us=3529 acquire_us=82 submit_us=28109 skipped=0
frust_shell_common::perf: frust-perf raw n=253 total_us=32033 rebuild_us=392 layout_us=2 paint_us=649 encode_us=3901 acquire_us=94 submit_us=26993 skipped=0
frust_shell_common::perf: frust-perf raw n=254 total_us=31952 rebuild_us=227 layout_us=2 paint_us=553 encode_us=4549 acquire_us=127 submit_us=26492 skipped=0
frust_shell_common::perf: frust-perf raw n=255 total_us=31727 rebuild_us=239 layout_us=2 paint_us=554 encode_us=4034 acquire_us=98 submit_us=26799 skipped=0
frust_shell_common::perf: frust-perf raw n=256 total_us=31716 rebuild_us=127 layout_us=0 paint_us=286 encode_us=4070 acquire_us=93 submit_us=27137 skipped=0
frust_shell_common::perf: frust-perf raw n=257 total_us=30831 rebuild_us=176 layout_us=0 paint_us=209 encode_us=4621 acquire_us=95 submit_us=25727 skipped=0
frust_shell_common::perf: frust-perf raw n=258 total_us=31946 rebuild_us=100 layout_us=0 paint_us=216 encode_us=2997 acquire_us=74 submit_us=28555 skipped=0
frust_shell_common::perf: frust-perf raw n=259 total_us=32137 rebuild_us=232 layout_us=2 paint_us=566 encode_us=4004 acquire_us=82 submit_us=27248 skipped=0
frust_shell_common::perf: frust-perf raw n=260 total_us=32071 rebuild_us=247 layout_us=2 paint_us=583 encode_us=3702 acquire_us=84 submit_us=27450 skipped=0
frust_shell_common::perf: frust-perf raw n=261 total_us=32712 rebuild_us=275 layout_us=3 paint_us=634 encode_us=5205 acquire_us=131 submit_us=26462 skipped=0
frust_shell_common::perf: frust-perf raw n=262 total_us=32223 rebuild_us=118 layout_us=1 paint_us=259 encode_us=3881 acquire_us=104 submit_us=27858 skipped=0
frust_shell_common::perf: frust-perf raw n=263 total_us=30617 rebuild_us=97 layout_us=0 paint_us=180 encode_us=3498 acquire_us=79 submit_us=26760 skipped=0
frust_shell_common::perf: frust-perf raw n=264 total_us=31516 rebuild_us=106 layout_us=0 paint_us=186 encode_us=3131 acquire_us=74 submit_us=28016 skipped=0
frust_shell_common::perf: frust-perf raw n=265 total_us=31901 rebuild_us=105 layout_us=0 paint_us=189 encode_us=3528 acquire_us=81 submit_us=27996 skipped=0
frust_shell_common::perf: frust-perf raw n=266 total_us=31664 rebuild_us=107 layout_us=0 paint_us=197 encode_us=3604 acquire_us=91 submit_us=27661 skipped=0
frust_shell_common::perf: frust-perf raw n=267 total_us=31642 rebuild_us=93 layout_us=0 paint_us=175 encode_us=3492 acquire_us=83 submit_us=27797 skipped=0
frust_shell_common::perf: frust-perf raw n=268 total_us=31928 rebuild_us=93 layout_us=0 paint_us=176 encode_us=3380 acquire_us=88 submit_us=28188 skipped=0
frust_shell_common::perf: frust-perf raw n=269 total_us=31578 rebuild_us=135 layout_us=0 paint_us=249 encode_us=3547 acquire_us=81 submit_us=27564 skipped=0
frust_shell_common::perf: frust-perf raw n=270 total_us=31397 rebuild_us=106 layout_us=0 paint_us=190 encode_us=3501 acquire_us=80 submit_us=27518 skipped=0
frust_shell_common::perf: frust-perf raw n=271 total_us=32279 rebuild_us=280 layout_us=2 paint_us=545 encode_us=4262 acquire_us=80 submit_us=27107 skipped=0
frust_shell_common::perf: frust-perf raw n=272 total_us=31899 rebuild_us=93 layout_us=0 paint_us=177 encode_us=3477 acquire_us=95 submit_us=28054 skipped=0
frust_shell_common::perf: frust-perf raw n=273 total_us=31208 rebuild_us=106 layout_us=0 paint_us=196 encode_us=3800 acquire_us=98 submit_us=27005 skipped=0
frust_shell_common::perf: frust-perf raw n=274 total_us=31603 rebuild_us=103 layout_us=0 paint_us=186 encode_us=3658 acquire_us=91 submit_us=27562 skipped=0
frust_shell_common::perf: frust-perf raw n=275 total_us=31761 rebuild_us=108 layout_us=0 paint_us=261 encode_us=3766 acquire_us=91 submit_us=27532 skipped=0
frust_shell_common::perf: frust-perf raw n=276 total_us=31793 rebuild_us=247 layout_us=2 paint_us=743 encode_us=3769 acquire_us=82 submit_us=26947 skipped=0
frust_shell_common::perf: frust-perf raw n=277 total_us=31901 rebuild_us=223 layout_us=2 paint_us=537 encode_us=4422 acquire_us=123 submit_us=26593 skipped=0
frust_shell_common::perf: frust-perf raw n=278 total_us=32566 rebuild_us=219 layout_us=2 paint_us=666 encode_us=3921 acquire_us=100 submit_us=27656 skipped=0
frust_shell_common::perf: frust-perf raw n=279 total_us=32286 rebuild_us=659 layout_us=2 paint_us=547 encode_us=4069 acquire_us=102 submit_us=26905 skipped=0
frust_shell_common::perf: frust-perf raw n=280 total_us=32367 rebuild_us=371 layout_us=2 paint_us=602 encode_us=4871 acquire_us=131 submit_us=26388 skipped=0
frust_shell_common::perf: frust-perf raw n=281 total_us=31644 rebuild_us=213 layout_us=2 paint_us=545 encode_us=4043 acquire_us=104 submit_us=26735 skipped=0
frust_shell_common::perf: frust-perf raw n=282 total_us=32252 rebuild_us=211 layout_us=2 paint_us=527 encode_us=4179 acquire_us=81 submit_us=27251 skipped=0
frust_shell_common::perf: frust-perf raw n=283 total_us=32067 rebuild_us=217 layout_us=2 paint_us=534 encode_us=3643 acquire_us=84 submit_us=27584 skipped=0
frust_shell_common::perf: frust-perf raw n=284 total_us=32115 rebuild_us=245 layout_us=2 paint_us=584 encode_us=3531 acquire_us=82 submit_us=27668 skipped=0
frust_shell_common::perf: frust-perf raw n=285 total_us=32506 rebuild_us=236 layout_us=2 paint_us=590 encode_us=5190 acquire_us=132 submit_us=26353 skipped=0
frust_shell_common::perf: frust-perf raw n=286 total_us=31872 rebuild_us=252 layout_us=2 paint_us=604 encode_us=4023 acquire_us=96 submit_us=26892 skipped=0
frust_shell_common::perf: frust-perf raw n=287 total_us=32699 rebuild_us=263 layout_us=2 paint_us=632 encode_us=5048 acquire_us=118 submit_us=26634 skipped=0
frust_shell_common::perf: frust-perf raw n=288 total_us=31864 rebuild_us=96 layout_us=0 paint_us=177 encode_us=3636 acquire_us=105 submit_us=27847 skipped=0
frust_shell_common::perf: frust-perf raw n=289 total_us=31251 rebuild_us=106 layout_us=0 paint_us=194 encode_us=3453 acquire_us=81 submit_us=27415 skipped=0
frust_shell_common::perf: frust-perf raw n=290 total_us=30649 rebuild_us=100 layout_us=0 paint_us=182 encode_us=3474 acquire_us=77 submit_us=26813 skipped=0
frust_shell_android::app::frame: frust-perf platform-view tail depth=0 target=0 acquire_bound=false frame=840 expected_present_us=0 acquire_us=86 period_us=11127
frust_shell_common::perf: frust-perf raw n=291 total_us=31944 rebuild_us=121 layout_us=0 paint_us=176 encode_us=3021 acquire_us=71 submit_us=28551 skipped=0
frust_shell_common::perf: frust-perf raw n=292 total_us=31375 rebuild_us=104 layout_us=0 paint_us=181 encode_us=3539 acquire_us=83 submit_us=27466 skipped=0
frust_shell_common::perf: frust-perf raw n=293 total_us=31274 rebuild_us=101 layout_us=0 paint_us=188 encode_us=3525 acquire_us=82 submit_us=27376 skipped=0
frust_shell_common::perf: frust-perf raw n=294 total_us=31440 rebuild_us=96 layout_us=0 paint_us=177 encode_us=3402 acquire_us=90 submit_us=27673 skipped=0
frust_shell_common::perf: frust-perf raw n=295 total_us=32022 rebuild_us=100 layout_us=0 paint_us=184 encode_us=3470 acquire_us=88 submit_us=28176 skipped=0
frust_shell_common::perf: frust-perf raw n=296 total_us=33030 rebuild_us=366 layout_us=3 paint_us=1259 encode_us=3994 acquire_us=78 submit_us=27328 skipped=0
frust_shell_common::perf: frust-perf raw n=297 total_us=32199 rebuild_us=203 layout_us=2 paint_us=586 encode_us=4397 acquire_us=79 submit_us=26929 skipped=0
frust_shell_common::perf: frust-perf raw n=298 total_us=32355 rebuild_us=203 layout_us=2 paint_us=809 encode_us=3745 acquire_us=86 submit_us=27508 skipped=0
frust_shell_common::perf: frust-perf raw n=299 total_us=31949 rebuild_us=297 layout_us=2 paint_us=544 encode_us=4247 acquire_us=113 submit_us=26743 skipped=0
frust_shell_common::perf: frust-perf raw n=300 total_us=32273 rebuild_us=253 layout_us=2 paint_us=613 encode_us=4876 acquire_us=100 submit_us=26427 skipped=0
frust_shell_common::perf: frust-perf raw n=301 total_us=32414 rebuild_us=339 layout_us=2 paint_us=557 encode_us=4767 acquire_us=126 submit_us=26621 skipped=0
frust_shell_common::perf: frust-perf raw n=302 total_us=32090 rebuild_us=296 layout_us=2 paint_us=601 encode_us=3586 acquire_us=85 submit_us=27518 skipped=0
frust_shell_common::perf: frust-perf raw n=303 total_us=32265 rebuild_us=206 layout_us=1 paint_us=525 encode_us=4949 acquire_us=81 submit_us=26502 skipped=0
frust_shell_common::perf: frust-perf raw n=304 total_us=32342 rebuild_us=202 layout_us=1 paint_us=516 encode_us=4054 acquire_us=84 submit_us=27483 skipped=0
frust_shell_common::perf: frust-perf raw n=305 total_us=31987 rebuild_us=245 layout_us=1 paint_us=585 encode_us=3789 acquire_us=82 submit_us=27282 skipped=0
frust_shell_common::perf: frust-perf raw n=306 total_us=32006 rebuild_us=247 layout_us=2 paint_us=780 encode_us=4653 acquire_us=101 submit_us=26220 skipped=0
frust_shell_common::perf: frust-perf raw n=307 total_us=32299 rebuild_us=204 layout_us=2 paint_us=526 encode_us=4365 acquire_us=101 submit_us=27099 skipped=0
frust_shell_common::perf: frust-perf raw n=308 total_us=31636 rebuild_us=248 layout_us=2 paint_us=607 encode_us=4524 acquire_us=107 submit_us=26146 skipped=0
frust_shell_common::perf: frust-perf raw n=309 total_us=31893 rebuild_us=195 layout_us=1 paint_us=522 encode_us=4425 acquire_us=100 submit_us=26645 skipped=0
frust_shell_common::perf: frust-perf raw n=310 total_us=32108 rebuild_us=196 layout_us=1 paint_us=505 encode_us=4261 acquire_us=87 submit_us=27056 skipped=0
frust_shell_common::perf: frust-perf frame n=120 total_p50_ms=31 total_p95_ms=32 total_p99_ms=33 rebuild_p95_ms=0 layout_p95_ms=0 paint_p95_ms=0 encode_p95_ms=4 acquire_p95_ms=0 submit_p95_ms=28 over_60hz=310 over_120hz=310 skipped=0 total_frames=310
frust_shell_common::perf: frust-perf raw n=311 total_us=31937 rebuild_us=214 layout_us=1 paint_us=531 encode_us=4100 acquire_us=78 submit_us=27010 skipped=0
frust_shell_common::perf: frust-perf raw n=312 total_us=31756 rebuild_us=206 layout_us=2 paint_us=534 encode_us=3701 acquire_us=80 submit_us=27230 skipped=0
frust_shell_common::perf: frust-perf raw n=313 total_us=32277 rebuild_us=269 layout_us=2 paint_us=618 encode_us=3983 acquire_us=103 submit_us=27300 skipped=0
frust_shell_common::perf: frust-perf raw n=314 total_us=32235 rebuild_us=281 layout_us=2 paint_us=575 encode_us=5212 acquire_us=155 submit_us=26008 skipped=0
frust_shell_common::perf: frust-perf raw n=315 total_us=31795 rebuild_us=271 layout_us=2 paint_us=650 encode_us=4923 acquire_us=96 submit_us=25850 skipped=0
frust_shell_common::perf: frust-perf raw n=316 total_us=32148 rebuild_us=194 layout_us=2 paint_us=503 encode_us=4344 acquire_us=120 submit_us=26984 skipped=0
frust_shell_common::perf: frust-perf raw n=317 total_us=32139 rebuild_us=254 layout_us=2 paint_us=570 encode_us=4601 acquire_us=136 submit_us=26574 skipped=0
frust_shell_common::perf: frust-perf raw n=318 total_us=32198 rebuild_us=232 layout_us=2 paint_us=577 encode_us=3950 acquire_us=80 submit_us=27354 skipped=0
frust_shell_common::perf: frust-perf raw n=319 total_us=32511 rebuild_us=330 layout_us=1 paint_us=533 encode_us=3952 acquire_us=95 submit_us=27598 skipped=0
frust_shell_common::perf: frust-perf raw n=320 total_us=32888 rebuild_us=333 layout_us=2 paint_us=548 encode_us=4035 acquire_us=93 submit_us=27874 skipped=0
frust_shell_common::perf: frust-perf raw n=321 total_us=32182 rebuild_us=251 layout_us=2 paint_us=582 encode_us=4069 acquire_us=103 submit_us=27172 skipped=0
frust_shell_common::perf: frust-perf raw n=322 total_us=32419 rebuild_us=289 layout_us=1 paint_us=629 encode_us=3993 acquire_us=85 submit_us=27420 skipped=0
frust_shell_common::perf: frust-perf raw n=323 total_us=33332 rebuild_us=339 layout_us=2 paint_us=842 encode_us=3609 acquire_us=93 submit_us=28444 skipped=0
frust_shell_common::perf: frust-perf raw n=324 total_us=31143 rebuild_us=111 layout_us=0 paint_us=190 encode_us=3420 acquire_us=85 submit_us=27334 skipped=0
frust_shell_common::perf: frust-perf raw n=325 total_us=31308 rebuild_us=168 layout_us=0 paint_us=251 encode_us=3398 acquire_us=73 submit_us=27416 skipped=0
frust_shell_common::perf: frust-perf raw n=326 total_us=31264 rebuild_us=111 layout_us=0 paint_us=230 encode_us=3296 acquire_us=127 submit_us=27497 skipped=0
frust_shell_common::perf: frust-perf raw n=327 total_us=31499 rebuild_us=131 layout_us=0 paint_us=263 encode_us=3487 acquire_us=76 submit_us=27540 skipped=0
frust_shell_common::perf: frust-perf raw n=328 total_us=31359 rebuild_us=149 layout_us=0 paint_us=204 encode_us=3348 acquire_us=97 submit_us=27558 skipped=0
frust_shell_common::perf: frust-perf raw n=329 total_us=30656 rebuild_us=121 layout_us=0 paint_us=194 encode_us=3280 acquire_us=83 submit_us=26974 skipped=0
frust_shell_common::perf: frust-perf raw n=330 total_us=32198 rebuild_us=116 layout_us=0 paint_us=189 encode_us=2692 acquire_us=85 submit_us=29114 skipped=0
frust_shell_common::perf: frust-perf raw n=331 total_us=31418 rebuild_us=112 layout_us=0 paint_us=192 encode_us=3441 acquire_us=81 submit_us=27589 skipped=0
frust_shell_common::perf: frust-perf raw n=332 total_us=31893 rebuild_us=145 layout_us=0 paint_us=291 encode_us=3483 acquire_us=94 submit_us=27876 skipped=0
frust_shell_common::perf: frust-perf raw n=333 total_us=31529 rebuild_us=99 layout_us=0 paint_us=174 encode_us=3444 acquire_us=81 submit_us=27729 skipped=0
frust_shell_android::app::frame: frust-perf platform-view tail depth=0 target=0 acquire_bound=false frame=960 expected_present_us=0 acquire_us=87 period_us=11133
frust_shell_common::perf: frust-perf raw n=334 total_us=31621 rebuild_us=96 layout_us=0 paint_us=174 encode_us=3427 acquire_us=91 submit_us=27830 skipped=0
frust_shell_common::perf: frust-perf raw n=335 total_us=31284 rebuild_us=114 layout_us=0 paint_us=229 encode_us=3486 acquire_us=82 submit_us=27370 skipped=0
frust_shell_common::perf: frust-perf raw n=336 total_us=31443 rebuild_us=105 layout_us=0 paint_us=187 encode_us=3515 acquire_us=82 submit_us=27550 skipped=0
frust_shell_common::perf: frust-perf raw n=337 total_us=31748 rebuild_us=107 layout_us=0 paint_us=189 encode_us=3526 acquire_us=95 submit_us=27828 skipped=0
frust_shell_common::perf: frust-perf raw n=338 total_us=31740 rebuild_us=103 layout_us=0 paint_us=183 encode_us=3700 acquire_us=84 submit_us=27668 skipped=0
frust_shell_common::perf: frust-perf raw n=339 total_us=31858 rebuild_us=100 layout_us=0 paint_us=179 encode_us=3436 acquire_us=127 submit_us=28013 skipped=0
frust_shell_common::perf: frust-perf raw n=340 total_us=30922 rebuild_us=97 layout_us=0 paint_us=174 encode_us=3475 acquire_us=82 submit_us=27091 skipped=0
frust_shell_common::perf: frust-perf raw n=341 total_us=32516 rebuild_us=108 layout_us=0 paint_us=195 encode_us=3037 acquire_us=81 submit_us=29093 skipped=0
frust_shell_common::perf: frust-perf raw n=342 total_us=31303 rebuild_us=108 layout_us=0 paint_us=186 encode_us=3618 acquire_us=80 submit_us=27307 skipped=0
frust_shell_common::perf: frust-perf raw n=343 total_us=31761 rebuild_us=110 layout_us=0 paint_us=190 encode_us=3555 acquire_us=82 submit_us=27821 skipped=0
frust_shell_common::perf: frust-perf raw n=344 total_us=31596 rebuild_us=112 layout_us=0 paint_us=197 encode_us=3672 acquire_us=88 submit_us=27525 skipped=0
frust_shell_common::perf: frust-perf raw n=345 total_us=30947 rebuild_us=100 layout_us=0 paint_us=184 encode_us=3656 acquire_us=80 submit_us=26925 skipped=0
frust_shell_common::perf: frust-perf raw n=346 total_us=32524 rebuild_us=130 layout_us=0 paint_us=208 encode_us=2982 acquire_us=91 submit_us=29111 skipped=0
frust_shell_common::perf: frust-perf raw n=347 total_us=31663 rebuild_us=107 layout_us=0 paint_us=191 encode_us=4010 acquire_us=92 submit_us=27260 skipped=0
frust_shell_common::perf: frust-perf raw n=348 total_us=31872 rebuild_us=106 layout_us=0 paint_us=187 encode_us=3553 acquire_us=76 submit_us=27947 skipped=0
frust_shell_common::perf: frust-perf raw n=349 total_us=31333 rebuild_us=102 layout_us=0 paint_us=178 encode_us=3559 acquire_us=89 submit_us=27402 skipped=0
frust_shell_common::perf: frust-perf raw n=350 total_us=32333 rebuild_us=103 layout_us=0 paint_us=192 encode_us=3470 acquire_us=87 submit_us=28479 skipped=0
frust_shell_common::perf: frust-perf raw n=351 total_us=30450 rebuild_us=99 layout_us=0 paint_us=179 encode_us=3598 acquire_us=83 submit_us=26488 skipped=0
