frust-perf activity-create
frust_render::context: frust-perf surface-caps formats=[Rgba8UnormSrgb,Rgba8Unorm,Rgba16Float,Rgb10a2Unorm] usages=TextureUsages(COPY_SRC | COPY_DST | TEXTURE_BINDING | STORAGE_BINDING | RENDER_ATTACHMENT | STORAGE_ATOMIC) direct_to_surface=YES (Rgba8Unorm+STORAGE_BINDING)
frust_render::context: frust-perf render-path hybrid-direct (vello_hybrid into the acquired swapchain view (RENDER_ATTACHMENT, surface-reported format))
frust_render::hybrid_tier: frust-perf hybrid strip_us=2119 record_us=581
frust_shell_common::perf: frust-perf startup init_entry=0ms font_preinit_started=0ms font_preinit_joined=0ms preinit_started=0ms preinit_joined=18ms cache_loaded=19ms pipeline_cache_restored=19ms adapter_ready=436ms device_ready=436ms renderer_ready=436ms first_rebuild_done=439ms first_encode_done=440ms first_frame_presented=444ms
frust_shell_common::perf: frust-perf raw n=1 total_us=5060 rebuild_us=158 layout_us=19 paint_us=77 encode_us=30 acquire_us=23 submit_us=4751 skipped=0
frust_shell_android::app::frame: frust-perf platform-view tail depth=0 target=0 acquire_bound=false frame=120 expected_present_us=0 acquire_us=23 period_us=11131
frust_shell_android::app::input: frust-perf platform-view gesture phase=down frame=140
frust_shell_android::app::input: frust-perf platform-view gesture phase=up frame=141
frust_render::hybrid_tier: frust-perf hybrid strip_us=2041 record_us=945
frust_shell_common::perf: frust-perf raw n=2 total_us=5851 rebuild_us=151 layout_us=0 paint_us=82 encode_us=71 acquire_us=46 submit_us=5499 skipped=0
frust_render::hybrid_tier: frust-perf hybrid strip_us=2320 record_us=1040
frust_shell_common::perf: frust-perf raw n=3 total_us=13193 rebuild_us=6877 layout_us=1080 paint_us=227 encode_us=50 acquire_us=51 submit_us=4906 skipped=0
frust_render::hybrid_tier: frust-perf hybrid strip_us=2731 record_us=577
frust_shell_common::perf: frust-perf raw n=4 total_us=11795 rebuild_us=396 layout_us=154 paint_us=182 encode_us=51 acquire_us=23 submit_us=10986 skipped=0
frust_render::hybrid_tier: frust-perf hybrid strip_us=2958 record_us=747
frust_shell_common::perf: frust-perf raw n=5 total_us=29919 rebuild_us=601 layout_us=98 paint_us=249 encode_us=69 acquire_us=781 submit_us=28120 skipped=0
frust_render::hybrid_tier: frust-perf hybrid strip_us=2797 record_us=1618
frust_shell_common::perf: frust-perf raw n=6 total_us=20676 rebuild_us=443 layout_us=73 paint_us=173 encode_us=63 acquire_us=56 submit_us=19866 skipped=0
frust_render::hybrid_tier: frust-perf hybrid strip_us=2767 record_us=545
frust_shell_common::perf: frust-perf raw n=7 total_us=16278 rebuild_us=479 layout_us=97 paint_us=206 encode_us=62 acquire_us=48 submit_us=15384 skipped=0
frust_render::hybrid_tier: frust-perf hybrid strip_us=3017 record_us=595
frust_shell_common::perf: frust-perf raw n=8 total_us=16425 rebuild_us=489 layout_us=85 paint_us=170 encode_us=46 acquire_us=49 submit_us=15583 skipped=0
frust_render::hybrid_tier: frust-perf hybrid strip_us=2996 record_us=580
frust_shell_common::perf: frust-perf raw n=9 total_us=16190 rebuild_us=500 layout_us=90 paint_us=187 encode_us=50 acquire_us=65 submit_us=15295 skipped=0
frust_render::hybrid_tier: frust-perf hybrid strip_us=2960 record_us=598
frust_shell_common::perf: frust-perf raw n=10 total_us=15534 rebuild_us=518 layout_us=97 paint_us=197 encode_us=42 acquire_us=60 submit_us=14618 skipped=0
frust_render::hybrid_tier: frust-perf hybrid strip_us=2281 record_us=602
frust_shell_common::perf: frust-perf raw n=11 total_us=15321 rebuild_us=556 layout_us=96 paint_us=201 encode_us=72 acquire_us=45 submit_us=14349 skipped=0
frust_render::hybrid_tier: frust-perf hybrid strip_us=2508 record_us=524
frust_shell_common::perf: frust-perf raw n=12 total_us=17012 rebuild_us=1587 layout_us=102 paint_us=249 encode_us=58 acquire_us=62 submit_us=14950 skipped=0
frust_render::hybrid_tier: frust-perf hybrid strip_us=2065 record_us=461
frust_shell_common::perf: frust-perf raw n=13 total_us=15718 rebuild_us=543 layout_us=81 paint_us=170 encode_us=46 acquire_us=52 submit_us=14823 skipped=0
frust_render::hybrid_tier: frust-perf hybrid strip_us=2697 record_us=540
frust_shell_common::perf: frust-perf raw n=14 total_us=15152 rebuild_us=636 layout_us=117 paint_us=221 encode_us=125 acquire_us=136 submit_us=13913 skipped=0
frust_render::hybrid_tier: frust-perf hybrid strip_us=2112 record_us=515
frust_shell_common::perf: frust-perf raw n=15 total_us=15312 rebuild_us=502 layout_us=87 paint_us=174 encode_us=49 acquire_us=56 submit_us=14442 skipped=0
frust_render::hybrid_tier: frust-perf hybrid strip_us=2085 record_us=551
frust_shell_common::perf: frust-perf raw n=16 total_us=15021 rebuild_us=466 layout_us=85 paint_us=206 encode_us=49 acquire_us=53 submit_us=14160 skipped=0
frust_render::hybrid_tier: frust-perf hybrid strip_us=2418 record_us=551
frust_shell_common::perf: frust-perf raw n=17 total_us=15413 rebuild_us=525 layout_us=110 paint_us=173 encode_us=53 acquire_us=56 submit_us=14494 skipped=0
frust_render::hybrid_tier: frust-perf hybrid strip_us=2406 record_us=540
frust_shell_common::perf: frust-perf raw n=18 total_us=15211 rebuild_us=518 layout_us=85 paint_us=174 encode_us=72 acquire_us=65 submit_us=14295 skipped=0
frust_render::hybrid_tier: frust-perf hybrid strip_us=2117 record_us=512
frust_shell_common::perf: frust-perf raw n=19 total_us=15357 rebuild_us=470 layout_us=78 paint_us=205 encode_us=47 acquire_us=54 submit_us=14501 skipped=0
frust_render::hybrid_tier: frust-perf hybrid strip_us=2710 record_us=558
frust_shell_common::perf: frust-perf raw n=20 total_us=14727 rebuild_us=444 layout_us=120 paint_us=162 encode_us=123 acquire_us=148 submit_us=13728 skipped=0
frust_render::hybrid_tier: frust-perf hybrid strip_us=2014 record_us=503
frust_shell_common::perf: frust-perf raw n=21 total_us=15813 rebuild_us=520 layout_us=97 paint_us=171 encode_us=53 acquire_us=81 submit_us=14888 skipped=0
frust_render::hybrid_tier: frust-perf hybrid strip_us=2352 record_us=517
frust_shell_common::perf: frust-perf raw n=22 total_us=15274 rebuild_us=541 layout_us=80 paint_us=190 encode_us=49 acquire_us=59 submit_us=14353 skipped=0
frust_render::hybrid_tier: frust-perf hybrid strip_us=2002 record_us=440
frust_shell_common::perf: frust-perf raw n=23 total_us=14571 rebuild_us=448 layout_us=76 paint_us=160 encode_us=51 acquire_us=54 submit_us=13780 skipped=0
frust_render::hybrid_tier: frust-perf hybrid strip_us=1711 record_us=375
frust_shell_common::perf: frust-perf raw n=24 total_us=6463 rebuild_us=513 layout_us=73 paint_us=118 encode_us=55 acquire_us=52 submit_us=5650 skipped=0
frust_shell_android::app::frame: frust-perf platform-view tail depth=0 target=0 acquire_bound=false frame=240 expected_present_us=0 acquire_us=66 period_us=11129
frust_render::hybrid_tier: frust-perf hybrid strip_us=1538 record_us=441
frust_shell_common::perf: frust-perf raw n=25 total_us=4289 rebuild_us=223 layout_us=113 paint_us=190 encode_us=55 acquire_us=79 submit_us=3627 skipped=0
frust_render::hybrid_tier: frust-perf hybrid strip_us=1565 record_us=427
frust_shell_common::perf: frust-perf raw n=26 total_us=10207 rebuild_us=154 layout_us=0 paint_us=203 encode_us=50 acquire_us=57 submit_us=9740 skipped=0
frust_render::hybrid_tier: frust-perf hybrid strip_us=2133 record_us=677
frust_shell_common::perf: frust-perf raw n=27 total_us=27525 rebuild_us=174 layout_us=118 paint_us=220 encode_us=64 acquire_us=80 submit_us=26867 skipped=0
frust_render::hybrid_tier: frust-perf hybrid strip_us=2466 record_us=628
frust_shell_common::perf: frust-perf raw n=28 total_us=18292 rebuild_us=173 layout_us=96 paint_us=237 encode_us=62 acquire_us=68 submit_us=17655 skipped=0
frust_render::hybrid_tier: frust-perf hybrid strip_us=2465 record_us=577
frust_shell_common::perf: frust-perf raw n=29 total_us=15779 rebuild_us=190 layout_us=126 paint_us=242 encode_us=60 acquire_us=58 submit_us=15100 skipped=0
frust_render::hybrid_tier: frust-perf hybrid strip_us=2473 record_us=578
frust_shell_common::perf: frust-perf raw n=30 total_us=15824 rebuild_us=188 layout_us=117 paint_us=212 encode_us=61 acquire_us=64 submit_us=15180 skipped=0
frust_render::hybrid_tier: frust-perf hybrid strip_us=2437 record_us=601
frust_shell_common::perf: frust-perf raw n=31 total_us=15210 rebuild_us=190 layout_us=118 paint_us=218 encode_us=59 acquire_us=63 submit_us=14559 skipped=0
frust_render::hybrid_tier: frust-perf hybrid strip_us=2606 record_us=603
frust_shell_common::perf: frust-perf raw n=32 total_us=15920 rebuild_us=176 layout_us=110 paint_us=240 encode_us=69 acquire_us=57 submit_us=15265 skipped=0
frust_render::hybrid_tier: frust-perf hybrid strip_us=2429 record_us=570
frust_shell_common::perf: frust-perf raw n=33 total_us=15608 rebuild_us=425 layout_us=147 paint_us=211 encode_us=56 acquire_us=56 submit_us=14710 skipped=0
frust_render::hybrid_tier: frust-perf hybrid strip_us=3407 record_us=604
frust_shell_common::perf: frust-perf raw n=34 total_us=14645 rebuild_us=207 layout_us=109 paint_us=227 encode_us=74 acquire_us=56 submit_us=13970 skipped=0
frust_render::hybrid_tier: frust-perf hybrid strip_us=2924 record_us=534
frust_shell_common::perf: frust-perf raw n=35 total_us=15207 rebuild_us=158 layout_us=101 paint_us=200 encode_us=73 acquire_us=62 submit_us=14610 skipped=0
frust_render::hybrid_tier: frust-perf hybrid strip_us=3478 record_us=585
frust_shell_common::perf: frust-perf raw n=36 total_us=14899 rebuild_us=161 layout_us=109 paint_us=181 encode_us=49 acquire_us=59 submit_us=14337 skipped=0
frust_render::hybrid_tier: frust-perf hybrid strip_us=3427 record_us=624
frust_shell_common::perf: frust-perf raw n=37 total_us=14813 rebuild_us=173 layout_us=111 paint_us=190 encode_us=62 acquire_us=53 submit_us=14222 skipped=0
frust_render::hybrid_tier: frust-perf hybrid strip_us=3442 record_us=567
frust_shell_common::perf: frust-perf raw n=38 total_us=15159 rebuild_us=173 layout_us=102 paint_us=216 encode_us=53 acquire_us=52 submit_us=14561 skipped=0
frust_render::hybrid_tier: frust-perf hybrid strip_us=3457 record_us=569
frust_shell_common::perf: frust-perf raw n=39 total_us=15447 rebuild_us=340 layout_us=125 paint_us=239 encode_us=51 acquire_us=62 submit_us=14628 skipped=0
frust_render::hybrid_tier: frust-perf hybrid strip_us=3435 record_us=517
frust_shell_common::perf: frust-perf raw n=40 total_us=15340 rebuild_us=158 layout_us=115 paint_us=196 encode_us=50 acquire_us=50 submit_us=14769 skipped=0
frust_render::hybrid_tier: frust-perf hybrid strip_us=3448 record_us=564
frust_shell_common::perf: frust-perf raw n=41 total_us=15218 rebuild_us=159 layout_us=96 paint_us=199 encode_us=56 acquire_us=55 submit_us=14651 skipped=0
frust_render::hybrid_tier: frust-perf hybrid strip_us=3464 record_us=561
frust_shell_common::perf: frust-perf raw n=42 total_us=14456 rebuild_us=161 layout_us=110 paint_us=190 encode_us=46 acquire_us=57 submit_us=13890 skipped=0
frust_render::hybrid_tier: frust-perf hybrid strip_us=3006 record_us=537
frust_shell_common::perf: frust-perf raw n=43 total_us=15939 rebuild_us=149 layout_us=106 paint_us=183 encode_us=42 acquire_us=51 submit_us=15406 skipped=0
frust_render::hybrid_tier: frust-perf hybrid strip_us=3454 record_us=574
frust_shell_common::perf: frust-perf raw n=44 total_us=15417 rebuild_us=173 layout_us=114 paint_us=193 encode_us=51 acquire_us=55 submit_us=14828 skipped=0
frust_render::hybrid_tier: frust-perf hybrid strip_us=3339 record_us=458
frust_shell_common::perf: frust-perf raw n=45 total_us=14902 rebuild_us=161 layout_us=117 paint_us=188 encode_us=48 acquire_us=55 submit_us=14330 skipped=0
frust_render::hybrid_tier: frust-perf hybrid strip_us=2574 record_us=383
frust_shell_common::perf: frust-perf raw n=46 total_us=6053 rebuild_us=860 layout_us=16 paint_us=72 encode_us=40 acquire_us=45 submit_us=5018 skipped=0
frust_shell_android::app::frame: frust-perf platform-view tail depth=0 target=0 acquire_bound=false frame=360 expected_present_us=0 acquire_us=51 period_us=11129
frust_shell_android::app::input: frust-perf platform-view gesture phase=down frame=442
frust_shell_android::app::input: frust-perf platform-view gesture phase=up frame=442
frust_render::hybrid_tier: frust-perf hybrid strip_us=2366 record_us=386
frust_shell_common::perf: frust-perf raw n=47 total_us=4823 rebuild_us=156 layout_us=0 paint_us=90 encode_us=54 acquire_us=77 submit_us=4445 skipped=0
frust_render::hybrid_tier: frust-perf hybrid strip_us=2624 record_us=589
frust_shell_common::perf: frust-perf raw n=48 total_us=14206 rebuild_us=966 layout_us=655 paint_us=198 encode_us=53 acquire_us=81 submit_us=12249 skipped=0
frust_render::hybrid_tier: frust-perf hybrid strip_us=2550 record_us=539
frust_shell_common::perf: frust-perf raw n=49 total_us=12187 rebuild_us=563 layout_us=189 paint_us=198 encode_us=61 acquire_us=93 submit_us=11081 skipped=0
frust_render::hybrid_tier: frust-perf hybrid strip_us=2493 record_us=476
frust_shell_common::perf: frust-perf raw n=50 total_us=31229 rebuild_us=686 layout_us=102 paint_us=253 encode_us=81 acquire_us=826 submit_us=29278 skipped=0
frust_render::hybrid_tier: frust-perf hybrid strip_us=3500 record_us=602
frust_shell_common::perf: frust-perf raw n=51 total_us=18430 rebuild_us=508 layout_us=83 paint_us=191 encode_us=59 acquire_us=67 submit_us=17519 skipped=0
frust_render::hybrid_tier: frust-perf hybrid strip_us=3485 record_us=623
frust_shell_common::perf: frust-perf raw n=52 total_us=16473 rebuild_us=535 layout_us=82 paint_us=172 encode_us=55 acquire_us=67 submit_us=15560 skipped=0
frust_render::hybrid_tier: frust-perf hybrid strip_us=3780 record_us=623
frust_shell_common::perf: frust-perf raw n=53 total_us=16033 rebuild_us=525 layout_us=76 paint_us=170 encode_us=110 acquire_us=148 submit_us=15003 skipped=0
frust_render::hybrid_tier: frust-perf hybrid strip_us=3476 record_us=595
frust_shell_common::perf: frust-perf raw n=54 total_us=15834 rebuild_us=533 layout_us=73 paint_us=173 encode_us=56 acquire_us=61 submit_us=14935 skipped=0
frust_render::hybrid_tier: frust-perf hybrid strip_us=3423 record_us=529
frust_shell_common::perf: frust-perf raw n=55 total_us=15785 rebuild_us=528 layout_us=82 paint_us=185 encode_us=42 acquire_us=52 submit_us=14893 skipped=0
frust_render::hybrid_tier: frust-perf hybrid strip_us=3935 record_us=599
frust_shell_common::perf: frust-perf raw n=56 total_us=14975 rebuild_us=532 layout_us=68 paint_us=176 encode_us=61 acquire_us=57 submit_us=14079 skipped=0
frust_render::hybrid_tier: frust-perf hybrid strip_us=3415 record_us=510
frust_shell_common::perf: frust-perf raw n=57 total_us=16091 rebuild_us=485 layout_us=64 paint_us=200 encode_us=53 acquire_us=49 submit_us=15237 skipped=0
frust_render::hybrid_tier: frust-perf hybrid strip_us=3412 record_us=579
frust_shell_common::perf: frust-perf raw n=58 total_us=14593 rebuild_us=458 layout_us=61 paint_us=170 encode_us=41 acquire_us=51 submit_us=13809 skipped=0
frust_render::hybrid_tier: frust-perf hybrid strip_us=3269 record_us=472
frust_shell_common::perf: frust-perf raw n=59 total_us=15579 rebuild_us=528 layout_us=74 paint_us=152 encode_us=45 acquire_us=43 submit_us=14734 skipped=0
frust_render::hybrid_tier: frust-perf hybrid strip_us=3436 record_us=545
frust_shell_common::perf: frust-perf raw n=60 total_us=14943 rebuild_us=570 layout_us=82 paint_us=165 encode_us=44 acquire_us=54 submit_us=14025 skipped=0
frust_render::hybrid_tier: frust-perf hybrid strip_us=3384 record_us=473
frust_shell_common::perf: frust-perf raw n=61 total_us=15173 rebuild_us=450 layout_us=63 paint_us=153 encode_us=37 acquire_us=606 submit_us=13862 skipped=0
frust_render::hybrid_tier: frust-perf hybrid strip_us=3905 record_us=585
frust_shell_common::perf: frust-perf raw n=62 total_us=14813 rebuild_us=540 layout_us=64 paint_us=132 encode_us=44 acquire_us=50 submit_us=13982 skipped=0
frust_render::hybrid_tier: frust-perf hybrid strip_us=3320 record_us=528
frust_shell_common::perf: frust-perf raw n=63 total_us=15513 rebuild_us=469 layout_us=69 paint_us=141 encode_us=55 acquire_us=58 submit_us=14719 skipped=0
frust_render::hybrid_tier: frust-perf hybrid strip_us=3426 record_us=552
frust_shell_common::perf: frust-perf raw n=64 total_us=15084 rebuild_us=444 layout_us=60 paint_us=147 encode_us=41 acquire_us=46 submit_us=14344 skipped=0
frust_render::hybrid_tier: frust-perf hybrid strip_us=3386 record_us=669
frust_shell_common::perf: frust-perf raw n=65 total_us=15049 rebuild_us=443 layout_us=63 paint_us=149 encode_us=41 acquire_us=57 submit_us=14294 skipped=0
frust_render::hybrid_tier: frust-perf hybrid strip_us=3355 record_us=458
frust_shell_common::perf: frust-perf raw n=66 total_us=15306 rebuild_us=492 layout_us=86 paint_us=171 encode_us=47 acquire_us=46 submit_us=14462 skipped=0
frust_render::hybrid_tier: frust-perf hybrid strip_us=3425 record_us=554
frust_shell_common::perf: frust-perf raw n=67 total_us=15078 rebuild_us=449 layout_us=68 paint_us=145 encode_us=44 acquire_us=54 submit_us=14315 skipped=0
frust_render::hybrid_tier: frust-perf hybrid strip_us=3273 record_us=366
frust_shell_common::perf: frust-perf raw n=68 total_us=15509 rebuild_us=807 layout_us=71 paint_us=155 encode_us=38 acquire_us=46 submit_us=14389 skipped=0
frust_render::hybrid_tier: frust-perf hybrid strip_us=3083 record_us=447
frust_shell_common::perf: frust-perf raw n=69 total_us=6109 rebuild_us=489 layout_us=49 paint_us=87 encode_us=47 acquire_us=51 submit_us=5383 skipped=0
frust_shell_android::app::frame: frust-perf platform-view tail depth=0 target=0 acquire_bound=false frame=480 expected_present_us=0 acquire_us=64 period_us=11123
frust_render::hybrid_tier: frust-perf hybrid strip_us=2805 record_us=493
frust_shell_common::perf: frust-perf raw n=70 total_us=5594 rebuild_us=247 layout_us=108 paint_us=163 encode_us=78 acquire_us=93 submit_us=4902 skipped=0
frust_render::hybrid_tier: frust-perf hybrid strip_us=3472 record_us=508
frust_shell_common::perf: frust-perf raw n=71 total_us=14214 rebuild_us=150 layout_us=0 paint_us=174 encode_us=49 acquire_us=65 submit_us=13774 skipped=0
frust_render::hybrid_tier: frust-perf hybrid strip_us=4285 record_us=624
frust_shell_common::perf: frust-perf raw n=72 total_us=27425 rebuild_us=262 layout_us=131 paint_us=258 encode_us=85 acquire_us=110 submit_us=26577 skipped=0
frust_render::hybrid_tier: frust-perf hybrid strip_us=4047 record_us=848
frust_shell_common::perf: frust-perf raw n=73 total_us=18057 rebuild_us=174 layout_us=98 paint_us=166 encode_us=66 acquire_us=93 submit_us=17457 skipped=0
frust_render::hybrid_tier: frust-perf hybrid strip_us=3980 record_us=613
frust_shell_android::app::frame: frust-perf platform-view tail depth=0 target=0 acquire_bound=false frame=600 expected_present_us=0 acquire_us=76 period_us=11286
frust_shell_common::perf: frust-perf raw n=74 total_us=15211 rebuild_us=175 layout_us=91 paint_us=162 encode_us=48 acquire_us=60 submit_us=14673 skipped=0
frust_render::hybrid_tier: frust-perf hybrid strip_us=3937 record_us=619
frust_shell_common::perf: frust-perf raw n=75 total_us=14953 rebuild_us=204 layout_us=94 paint_us=161 encode_us=46 acquire_us=59 submit_us=14387 skipped=0
frust_render::hybrid_tier: frust-perf hybrid strip_us=3906 record_us=599
frust_shell_common::perf: frust-perf raw n=76 total_us=14511 rebuild_us=178 layout_us=93 paint_us=156 encode_us=48 acquire_us=51 submit_us=13983 skipped=0
frust_render::hybrid_tier: frust-perf hybrid strip_us=3323 record_us=547
frust_shell_common::perf: frust-perf raw n=77 total_us=15603 rebuild_us=166 layout_us=89 paint_us=218 encode_us=46 acquire_us=52 submit_us=15029 skipped=0
frust_render::hybrid_tier: frust-perf hybrid strip_us=3937 record_us=565
frust_shell_common::perf: frust-perf raw n=78 total_us=15226 rebuild_us=168 layout_us=87 paint_us=161 encode_us=44 acquire_us=52 submit_us=14711 skipped=0
frust_render::hybrid_tier: frust-perf hybrid strip_us=2944 record_us=557
frust_shell_common::perf: frust-perf raw n=79 total_us=14198 rebuild_us=158 layout_us=92 paint_us=175 encode_us=56 acquire_us=51 submit_us=13663 skipped=0
frust_render::hybrid_tier: frust-perf hybrid strip_us=2915 record_us=526
frust_shell_common::perf: frust-perf raw n=80 total_us=15294 rebuild_us=151 layout_us=82 paint_us=190 encode_us=57 acquire_us=57 submit_us=14755 skipped=0
frust_render::hybrid_tier: frust-perf hybrid strip_us=3081 record_us=558
frust_shell_common::perf: frust-perf raw n=81 total_us=14563 rebuild_us=154 layout_us=88 paint_us=149 encode_us=44 acquire_us=52 submit_us=14074 skipped=0
frust_render::hybrid_tier: frust-perf hybrid strip_us=2937 record_us=480
frust_shell_common::perf: frust-perf raw n=82 total_us=14806 rebuild_us=142 layout_us=86 paint_us=156 encode_us=41 acquire_us=45 submit_us=14334 skipped=0
frust_render::hybrid_tier: frust-perf hybrid strip_us=3016 record_us=536
frust_shell_common::perf: frust-perf raw n=83 total_us=15017 rebuild_us=150 layout_us=82 paint_us=145 encode_us=55 acquire_us=51 submit_us=14532 skipped=0
frust_render::hybrid_tier: frust-perf hybrid strip_us=2989 record_us=547
frust_shell_common::perf: frust-perf raw n=84 total_us=15347 rebuild_us=158 layout_us=88 paint_us=151 encode_us=45 acquire_us=54 submit_us=14849 skipped=0
frust_render::hybrid_tier: frust-perf hybrid strip_us=2985 record_us=568
frust_shell_common::perf: frust-perf raw n=85 total_us=15078 rebuild_us=143 layout_us=84 paint_us=168 encode_us=38 acquire_us=46 submit_us=14596 skipped=0
frust_render::hybrid_tier: frust-perf hybrid strip_us=2982 record_us=532
frust_shell_common::perf: frust-perf raw n=86 total_us=15268 rebuild_us=163 layout_us=94 paint_us=186 encode_us=56 acquire_us=51 submit_us=14716 skipped=0
frust_render::hybrid_tier: frust-perf hybrid strip_us=3034 record_us=533
frust_shell_common::perf: frust-perf raw n=87 total_us=14981 rebuild_us=149 layout_us=88 paint_us=151 encode_us=48 acquire_us=54 submit_us=14487 skipped=0
frust_render::hybrid_tier: frust-perf hybrid strip_us=3458 record_us=593
frust_shell_common::perf: frust-perf raw n=88 total_us=15120 rebuild_us=149 layout_us=89 paint_us=176 encode_us=48 acquire_us=53 submit_us=14601 skipped=0
frust_render::hybrid_tier: frust-perf hybrid strip_us=3472 record_us=570
frust_shell_common::perf: frust-perf raw n=89 total_us=15165 rebuild_us=166 layout_us=87 paint_us=178 encode_us=55 acquire_us=56 submit_us=14621 skipped=0
frust_render::hybrid_tier: frust-perf hybrid strip_us=3330 record_us=433
frust_shell_common::perf: frust-perf raw n=90 total_us=15144 rebuild_us=165 layout_us=91 paint_us=223 encode_us=47 acquire_us=58 submit_us=14558 skipped=0
frust_render::hybrid_tier: frust-perf hybrid strip_us=2576 record_us=459
frust_shell_common::perf: frust-perf raw n=91 total_us=5467 rebuild_us=478 layout_us=15 paint_us=82 encode_us=42 acquire_us=51 submit_us=4796 skipped=0
frust_shell_android::app::frame: frust-perf platform-view tail depth=0 target=0 acquire_bound=false frame=720 expected_present_us=0 acquire_us=51 period_us=11130
frust_shell_android::app::input: frust-perf platform-view gesture phase=down frame=743
frust_shell_android::app::input: frust-perf platform-view gesture phase=up frame=743
frust_render::hybrid_tier: frust-perf hybrid strip_us=2035 record_us=337
frust_shell_common::perf: frust-perf raw n=92 total_us=4205 rebuild_us=149 layout_us=0 paint_us=82 encode_us=41 acquire_us=69 submit_us=3862 skipped=0
frust_render::hybrid_tier: frust-perf hybrid strip_us=2233 record_us=438
frust_shell_common::perf: frust-perf raw n=93 total_us=11777 rebuild_us=6718 layout_us=615 paint_us=206 encode_us=48 acquire_us=70 submit_us=4117 skipped=0
frust_render::hybrid_tier: frust-perf hybrid strip_us=2275 record_us=424
frust_shell_common::perf: frust-perf raw n=94 total_us=11661 rebuild_us=337 layout_us=88 paint_us=190 encode_us=46 acquire_us=36 submit_us=10962 skipped=0
frust_render::hybrid_tier: frust-perf hybrid strip_us=3735 record_us=713
frust_shell_common::perf: frust-perf raw n=95 total_us=29419 rebuild_us=459 layout_us=53 paint_us=160 encode_us=44 acquire_us=1408 submit_us=27293 skipped=0
frust_render::hybrid_tier: frust-perf hybrid strip_us=3536 record_us=638
frust_shell_common::perf: frust-perf raw n=96 total_us=18033 rebuild_us=420 layout_us=56 paint_us=222 encode_us=72 acquire_us=83 submit_us=17176 skipped=0
frust_render::hybrid_tier: frust-perf hybrid strip_us=3664 record_us=620
frust_shell_common::perf: frust-perf raw n=97 total_us=16497 rebuild_us=417 layout_us=55 paint_us=231 encode_us=65 acquire_us=74 submit_us=15654 skipped=0
frust_render::hybrid_tier: frust-perf hybrid strip_us=3445 record_us=575
frust_shell_common::perf: frust-perf raw n=98 total_us=16085 rebuild_us=461 layout_us=70 paint_us=191 encode_us=46 acquire_us=68 submit_us=15246 skipped=0
frust_render::hybrid_tier: frust-perf hybrid strip_us=2986 record_us=509
frust_shell_common::perf: frust-perf raw n=99 total_us=16009 rebuild_us=457 layout_us=63 paint_us=215 encode_us=52 acquire_us=51 submit_us=15167 skipped=0
frust_render::hybrid_tier: frust-perf hybrid strip_us=2997 record_us=541
frust_shell_common::perf: frust-perf raw n=100 total_us=15683 rebuild_us=427 layout_us=57 paint_us=180 encode_us=51 acquire_us=56 submit_us=14911 skipped=0
frust_render::hybrid_tier: frust-perf hybrid strip_us=2722 record_us=476
frust_shell_common::perf: frust-perf raw n=101 total_us=15617 rebuild_us=403 layout_us=62 paint_us=172 encode_us=49 acquire_us=51 submit_us=14878 skipped=0
frust_render::hybrid_tier: frust-perf hybrid strip_us=3134 record_us=581
frust_shell_common::perf: frust-perf raw n=102 total_us=15396 rebuild_us=443 layout_us=60 paint_us=186 encode_us=59 acquire_us=57 submit_us=14588 skipped=0
frust_render::hybrid_tier: frust-perf hybrid strip_us=3192 record_us=587
frust_shell_common::perf: frust-perf raw n=103 total_us=15303 rebuild_us=449 layout_us=56 paint_us=203 encode_us=50 acquire_us=60 submit_us=14482 skipped=0
frust_render::hybrid_tier: frust-perf hybrid strip_us=2716 record_us=550
frust_shell_common::perf: frust-perf raw n=104 total_us=15306 rebuild_us=401 layout_us=56 paint_us=193 encode_us=45 acquire_us=52 submit_us=14556 skipped=0
frust_render::hybrid_tier: frust-perf hybrid strip_us=3140 record_us=570
frust_shell_common::perf: frust-perf raw n=105 total_us=15191 rebuild_us=416 layout_us=55 paint_us=164 encode_us=55 acquire_us=55 submit_us=14442 skipped=0
frust_render::hybrid_tier: frust-perf hybrid strip_us=3130 record_us=577
frust_shell_common::perf: frust-perf raw n=106 total_us=15219 rebuild_us=405 layout_us=54 paint_us=167 encode_us=90 acquire_us=57 submit_us=14443 skipped=0
frust_render::hybrid_tier: frust-perf hybrid strip_us=2696 record_us=451
frust_shell_common::perf: frust-perf raw n=107 total_us=15350 rebuild_us=386 layout_us=53 paint_us=157 encode_us=40 acquire_us=46 submit_us=14666 skipped=0
frust_render::hybrid_tier: frust-perf hybrid strip_us=3315 record_us=607
frust_shell_common::perf: frust-perf raw n=108 total_us=15200 rebuild_us=410 layout_us=56 paint_us=135 encode_us=57 acquire_us=60 submit_us=14480 skipped=0
frust_render::hybrid_tier: frust-perf hybrid strip_us=3076 record_us=521
frust_shell_common::perf: frust-perf raw n=109 total_us=15223 rebuild_us=415 layout_us=55 paint_us=166 encode_us=51 acquire_us=57 submit_us=14476 skipped=0
frust_render::hybrid_tier: frust-perf hybrid strip_us=2728 record_us=532
frust_shell_common::perf: frust-perf raw n=110 total_us=15451 rebuild_us=372 layout_us=48 paint_us=145 encode_us=40 acquire_us=45 submit_us=14798 skipped=0
frust_render::hybrid_tier: frust-perf hybrid strip_us=3131 record_us=573
frust_shell_common::perf: frust-perf raw n=111 total_us=15352 rebuild_us=410 layout_us=56 paint_us=156 encode_us=47 acquire_us=71 submit_us=14610 skipped=0
frust_render::hybrid_tier: frust-perf hybrid strip_us=3170 record_us=554
frust_shell_common::perf: frust-perf raw n=112 total_us=15336 rebuild_us=411 layout_us=54 paint_us=207 encode_us=48 acquire_us=57 submit_us=14555 skipped=0
frust_render::hybrid_tier: frust-perf hybrid strip_us=2640 record_us=414
frust_shell_common::perf: frust-perf raw n=113 total_us=14788 rebuild_us=379 layout_us=60 paint_us=161 encode_us=44 acquire_us=52 submit_us=14088 skipped=0
frust_render::hybrid_tier: frust-perf hybrid strip_us=2821 record_us=466
frust_shell_common::perf: frust-perf raw n=114 total_us=6792 rebuild_us=410 layout_us=40 paint_us=95 encode_us=50 acquire_us=55 submit_us=6140 skipped=0
frust_shell_android::app::frame: frust-perf platform-view tail depth=0 target=0 acquire_bound=false frame=840 expected_present_us=0 acquire_us=55 period_us=11124
frust_render::hybrid_tier: frust-perf hybrid strip_us=2293 record_us=436
frust_shell_common::perf: frust-perf raw n=115 total_us=5048 rebuild_us=215 layout_us=82 paint_us=150 encode_us=59 acquire_us=83 submit_us=4456 skipped=0
frust_render::hybrid_tier: frust-perf hybrid strip_us=2243 record_us=547
frust_shell_common::perf: frust-perf raw n=116 total_us=12893 rebuild_us=266 layout_us=0 paint_us=214 encode_us=55 acquire_us=73 submit_us=12283 skipped=0
frust_render::hybrid_tier: frust-perf hybrid strip_us=3517 record_us=752
frust_shell_common::perf: frust-perf raw n=117 total_us=28061 rebuild_us=277 layout_us=0 paint_us=406 encode_us=57 acquire_us=70 submit_us=27248 skipped=0
frust_render::hybrid_tier: frust-perf hybrid strip_us=3186 record_us=721
frust_shell_common::perf: frust-perf raw n=118 total_us=18413 rebuild_us=193 layout_us=0 paint_us=233 encode_us=69 acquire_us=81 submit_us=17834 skipped=0
frust_render::hybrid_tier: frust-perf hybrid strip_us=3187 record_us=584
frust_shell_common::perf: frust-perf raw n=119 total_us=15868 rebuild_us=175 layout_us=0 paint_us=207 encode_us=54 acquire_us=60 submit_us=15370 skipped=0
frust_render::hybrid_tier: frust-perf hybrid strip_us=3188 record_us=597
frust_shell_common::perf: frust-perf raw n=120 total_us=15670 rebuild_us=181 layout_us=0 paint_us=229 encode_us=51 acquire_us=61 submit_us=15145 skipped=0
frust_render::hybrid_tier: frust-perf hybrid strip_us=3192 record_us=595
frust_shell_common::perf: frust-perf raw n=121 total_us=15306 rebuild_us=180 layout_us=0 paint_us=230 encode_us=62 acquire_us=62 submit_us=14770 skipped=0
frust_render::hybrid_tier: frust-perf hybrid strip_us=3239 record_us=609
frust_shell_common::perf: frust-perf raw n=122 total_us=16100 rebuild_us=194 layout_us=0 paint_us=257 encode_us=56 acquire_us=60 submit_us=15530 skipped=0
frust_render::hybrid_tier: frust-perf hybrid strip_us=3132 record_us=637
frust_shell_common::perf: frust-perf raw n=123 total_us=15164 rebuild_us=180 layout_us=0 paint_us=250 encode_us=47 acquire_us=55 submit_us=14630 skipped=0
frust_render::hybrid_tier: frust-perf hybrid strip_us=2864 record_us=570
frust_shell_common::perf: frust-perf raw n=124 total_us=15607 rebuild_us=177 layout_us=0 paint_us=236 encode_us=71 acquire_us=55 submit_us=15066 skipped=0
frust_render::hybrid_tier: frust-perf hybrid strip_us=4041 record_us=625
frust_shell_common::perf: frust-perf raw n=125 total_us=14192 rebuild_us=176 layout_us=0 paint_us=221 encode_us=57 acquire_us=68 submit_us=13668 skipped=0
frust_render::hybrid_tier: frust-perf hybrid strip_us=3470 record_us=659
frust_shell_common::perf: frust-perf raw n=126 total_us=15523 rebuild_us=153 layout_us=0 paint_us=206 encode_us=50 acquire_us=72 submit_us=15040 skipped=0
frust_render::hybrid_tier: frust-perf hybrid strip_us=2915 record_us=525
frust_shell_common::perf: frust-perf raw n=127 total_us=15222 rebuild_us=209 layout_us=0 paint_us=230 encode_us=53 acquire_us=53 submit_us=14674 skipped=0
frust_render::hybrid_tier: frust-perf hybrid strip_us=4067 record_us=535
frust_shell_common::perf: frust-perf raw n=128 total_us=14760 rebuild_us=240 layout_us=0 paint_us=297 encode_us=59 acquire_us=68 submit_us=14094 skipped=0
frust_render::hybrid_tier: frust-perf hybrid strip_us=2969 record_us=555
frust_shell_common::perf: frust-perf raw n=129 total_us=15010 rebuild_us=161 layout_us=0 paint_us=195 encode_us=46 acquire_us=51 submit_us=14554 skipped=0
frust_render::hybrid_tier: frust-perf hybrid strip_us=3465 record_us=575
frust_shell_common::perf: frust-perf raw n=130 total_us=15474 rebuild_us=160 layout_us=0 paint_us=200 encode_us=61 acquire_us=49 submit_us=15002 skipped=0
frust_render::hybrid_tier: frust-perf hybrid strip_us=3433 record_us=553
frust_shell_common::perf: frust-perf raw n=131 total_us=15048 rebuild_us=160 layout_us=0 paint_us=207 encode_us=48 acquire_us=55 submit_us=14575 skipped=0
frust_render::hybrid_tier: frust-perf hybrid strip_us=2968 record_us=565
frust_shell_common::perf: frust-perf raw n=132 total_us=15254 rebuild_us=154 layout_us=0 paint_us=180 encode_us=50 acquire_us=46 submit_us=14823 skipped=0
frust_render::hybrid_tier: frust-perf hybrid strip_us=3723 record_us=557
frust_shell_common::perf: frust-perf raw n=133 total_us=14719 rebuild_us=160 layout_us=0 paint_us=208 encode_us=124 acquire_us=138 submit_us=14087 skipped=0
frust_render::hybrid_tier: frust-perf hybrid strip_us=3326 record_us=532
frust_shell_common::perf: frust-perf raw n=134 total_us=14707 rebuild_us=157 layout_us=0 paint_us=204 encode_us=51 acquire_us=58 submit_us=14235 skipped=0
frust_shell_common::perf: frust-perf frame n=120 total_p50_ms=15 total_p95_ms=18 total_p99_ms=29 rebuild_p95_ms=0 layout_p95_ms=0 paint_p95_ms=0 encode_p95_ms=0 acquire_p95_ms=0 submit_p95_ms=17 over_60hz=13 over_120hz=122 skipped=0 total_frames=134
frust_render::hybrid_tier: frust-perf hybrid strip_us=2866 record_us=422
frust_shell_common::perf: frust-perf raw n=135 total_us=15516 rebuild_us=150 layout_us=0 paint_us=194 encode_us=53 acquire_us=52 submit_us=15065 skipped=0
frust_render::hybrid_tier: frust-perf hybrid strip_us=3027 record_us=465
frust_shell_common::perf: frust-perf raw n=136 total_us=6337 rebuild_us=799 layout_us=16 paint_us=75 encode_us=50 acquire_us=55 submit_us=5340 skipped=0
frust_shell_android::app::frame: frust-perf platform-view tail depth=0 target=0 acquire_bound=false frame=960 expected_present_us=0 acquire_us=61 period_us=11127
