frust-perf activity-create
frust_shell_common::perf: bench-scenario-start s1
frust_render::context: frust-perf surface-caps formats=[Rgba8UnormSrgb,Rgba8Unorm,Rgba16Float,Rgb10a2Unorm] usages=TextureUsages(COPY_SRC | COPY_DST | TEXTURE_BINDING | STORAGE_BINDING | RENDER_ATTACHMENT | STORAGE_ATOMIC) direct_to_surface=YES (Rgba8Unorm+STORAGE_BINDING)
frust_render::context: frust-perf render-path direct (Rgba8Unorm+STORAGE_BINDING)
frust_shell_common::perf: bench-scenario-end s1
frust_shell_common::perf: bench-scenario-start s5
frust_shell_common::perf: frust-perf startup init_entry=0ms font_preinit_started=0ms font_preinit_joined=0ms preinit_started=0ms preinit_joined=18ms cache_loaded=18ms pipeline_cache_restored=18ms adapter_ready=47ms device_ready=47ms renderer_ready=47ms first_rebuild_done=62ms first_encode_done=62ms first_frame_presented=111ms
frust_shell_common::perf: frust-perf raw n=1 total_us=48622 rebuild_us=128 layout_us=16 paint_us=23 encode_us=89 acquire_us=38 submit_us=48325 skipped=0 gpu_q=0
frust_shell_common::perf: frust-perf raw n=2 total_us=15880 rebuild_us=117 layout_us=12 paint_us=18 encode_us=38 acquire_us=55 submit_us=15637 skipped=0 gpu_q=0
frust_shell_common::perf: frust-perf raw n=3 total_us=48028 rebuild_us=130 layout_us=14 paint_us=22 encode_us=33 acquire_us=33 submit_us=47793 skipped=0 gpu_q=0
frust_shell_common::perf: frust-perf raw n=4 total_us=38955 rebuild_us=310 layout_us=44 paint_us=66 encode_us=38 acquire_us=29 submit_us=38465 skipped=0 gpu_q=0
frust_shell_common::perf: frust-perf raw n=5 total_us=22919 rebuild_us=690 layout_us=47 paint_us=71 encode_us=54 acquire_us=5612 submit_us=16442 skipped=0 gpu_q=0
frust_shell_android::app::frame: frust-perf platform-view tail depth=0 target=0 acquire_bound=true frame=31 expected_present_us=0 acquire_us=4849 period_us=8262
frust_shell_common::perf: frust-perf raw n=6 total_us=28674 rebuild_us=286 layout_us=44 paint_us=62 encode_us=40 acquire_us=15107 submit_us=13134 skipped=0 gpu_q=0
frust_shell_common::perf: frust-perf raw n=7 total_us=24203 rebuild_us=825 layout_us=39 paint_us=55 encode_us=56 acquire_us=11749 submit_us=11477 skipped=0 gpu_q=0
frust_shell_common::perf: frust-perf raw n=8 total_us=22590 rebuild_us=336 layout_us=41 paint_us=61 encode_us=59 acquire_us=4710 submit_us=17381 skipped=0 gpu_q=0
frust_shell_common::perf: frust-perf raw n=9 total_us=24304 rebuild_us=394 layout_us=40 paint_us=63 encode_us=48 acquire_us=7272 submit_us=16484 skipped=0 gpu_q=0
frust_shell_common::perf: frust-perf raw n=10 total_us=14427 rebuild_us=404 layout_us=44 paint_us=65 encode_us=134 acquire_us=117 submit_us=13661 skipped=0 gpu_q=0
frust_shell_common::perf: frust-perf raw n=11 total_us=22918 rebuild_us=373 layout_us=37 paint_us=68 encode_us=49 acquire_us=10725 submit_us=11664 skipped=0 gpu_q=0
frust_shell_common::perf: frust-perf raw n=12 total_us=7945 rebuild_us=389 layout_us=58 paint_us=111 encode_us=37 acquire_us=4763 submit_us=2585 skipped=0 gpu_q=0
frust_shell_common::perf: frust-perf raw n=13 total_us=17906 rebuild_us=353 layout_us=41 paint_us=75 encode_us=39 acquire_us=5877 submit_us=11519 skipped=0 gpu_q=0
frust_shell_common::perf: frust-perf raw n=14 total_us=18055 rebuild_us=464 layout_us=49 paint_us=56 encode_us=38 acquire_us=4653 submit_us=12793 skipped=0 gpu_q=0
frust_shell_common::perf: frust-perf raw n=15 total_us=16120 rebuild_us=332 layout_us=34 paint_us=50 encode_us=55 acquire_us=3635 submit_us=12012 skipped=0 gpu_q=0
frust_shell_common::perf: frust-perf raw n=16 total_us=24250 rebuild_us=340 layout_us=36 paint_us=45 encode_us=37 acquire_us=16172 submit_us=7616 skipped=0 gpu_q=0
frust_shell_common::perf: frust-perf raw n=17 total_us=5732 rebuild_us=461 layout_us=40 paint_us=65 encode_us=65 acquire_us=54 submit_us=5043 skipped=0 gpu_q=0
frust_shell_common::perf: frust-perf raw n=18 total_us=14283 rebuild_us=589 layout_us=50 paint_us=128 encode_us=40 acquire_us=9493 submit_us=3981 skipped=0 gpu_q=0
frust_shell_common::perf: frust-perf raw n=19 total_us=16200 rebuild_us=402 layout_us=42 paint_us=56 encode_us=45 acquire_us=13084 submit_us=2569 skipped=0 gpu_q=0
frust_shell_common::perf: frust-perf raw n=20 total_us=16746 rebuild_us=480 layout_us=43 paint_us=62 encode_us=42 acquire_us=12106 submit_us=4010 skipped=0 gpu_q=0
frust_shell_common::perf: frust-perf raw n=21 total_us=15448 rebuild_us=639 layout_us=43 paint_us=76 encode_us=39 acquire_us=12418 submit_us=2230 skipped=0 gpu_q=0
frust_shell_common::perf: frust-perf raw n=22 total_us=14013 rebuild_us=440 layout_us=39 paint_us=57 encode_us=47 acquire_us=7817 submit_us=5611 skipped=0 gpu_q=0
frust_shell_common::perf: frust-perf raw n=23 total_us=19346 rebuild_us=479 layout_us=42 paint_us=64 encode_us=38 acquire_us=10368 submit_us=8353 skipped=0 gpu_q=0
frust_shell_common::perf: frust-perf raw n=24 total_us=18499 rebuild_us=528 layout_us=46 paint_us=62 encode_us=35 acquire_us=6735 submit_us=11091 skipped=0 gpu_q=0
frust_shell_common::perf: frust-perf raw n=25 total_us=16643 rebuild_us=574 layout_us=44 paint_us=63 encode_us=36 acquire_us=6250 submit_us=9674 skipped=0 gpu_q=0
frust_shell_common::perf: frust-perf raw n=26 total_us=11283 rebuild_us=704 layout_us=37 paint_us=53 encode_us=45 acquire_us=6333 submit_us=4109 skipped=0 gpu_q=0
frust_shell_common::perf: frust-perf raw n=27 total_us=14987 rebuild_us=460 layout_us=42 paint_us=55 encode_us=42 acquire_us=3474 submit_us=10912 skipped=0 gpu_q=0
frust_shell_common::perf: frust-perf raw n=28 total_us=17707 rebuild_us=510 layout_us=38 paint_us=60 encode_us=47 acquire_us=70 submit_us=16980 skipped=0 gpu_q=0
frust_shell_common::perf: frust-perf raw n=29 total_us=15834 rebuild_us=482 layout_us=36 paint_us=69 encode_us=46 acquire_us=58 submit_us=15140 skipped=0 gpu_q=0
frust_shell_common::perf: frust-perf raw n=30 total_us=10833 rebuild_us=703 layout_us=40 paint_us=61 encode_us=36 acquire_us=72 submit_us=9919 skipped=0 gpu_q=0
frust_shell_common::perf: frust-perf raw n=31 total_us=15129 rebuild_us=636 layout_us=42 paint_us=61 encode_us=41 acquire_us=47 submit_us=14299 skipped=0 gpu_q=0
frust_shell_common::perf: frust-perf raw n=32 total_us=18950 rebuild_us=561 layout_us=37 paint_us=61 encode_us=69 acquire_us=77 submit_us=18142 skipped=0 gpu_q=0
frust_shell_common::perf: frust-perf raw n=33 total_us=9794 rebuild_us=615 layout_us=41 paint_us=59 encode_us=60 acquire_us=74 submit_us=8943 skipped=0 gpu_q=0
frust_shell_common::perf: frust-perf raw n=34 total_us=15066 rebuild_us=843 layout_us=45 paint_us=61 encode_us=39 acquire_us=59 submit_us=14016 skipped=0 gpu_q=0
frust_shell_common::perf: frust-perf raw n=35 total_us=18856 rebuild_us=580 layout_us=36 paint_us=60 encode_us=38 acquire_us=52 submit_us=18088 skipped=0 gpu_q=0
frust_shell_android::app::frame: frust-perf platform-view tail depth=0 target=0 acquire_bound=false frame=87 expected_present_us=0 acquire_us=564 period_us=8271
frust_shell_common::perf: frust-perf raw n=36 total_us=7417 rebuild_us=562 layout_us=36 paint_us=57 encode_us=42 acquire_us=77 submit_us=6640 skipped=0 gpu_q=0
frust_shell_common::perf: frust-perf raw n=37 total_us=16665 rebuild_us=626 layout_us=45 paint_us=79 encode_us=36 acquire_us=47 submit_us=15830 skipped=0 gpu_q=0
frust_shell_common::perf: frust-perf raw n=38 total_us=13055 rebuild_us=620 layout_us=33 paint_us=57 encode_us=35 acquire_us=47 submit_us=12260 skipped=0 gpu_q=0
frust_shell_common::perf: frust-perf raw n=39 total_us=16279 rebuild_us=709 layout_us=40 paint_us=66 encode_us=51 acquire_us=58 submit_us=15353 skipped=0 gpu_q=0
frust_shell_common::perf: frust-perf raw n=40 total_us=15728 rebuild_us=640 layout_us=41 paint_us=60 encode_us=5570 acquire_us=104 submit_us=9311 skipped=0 gpu_q=0
frust_shell_common::perf: frust-perf raw n=41 total_us=17850 rebuild_us=612 layout_us=37 paint_us=52 encode_us=46 acquire_us=49 submit_us=17052 skipped=0 gpu_q=0
frust_shell_common::perf: frust-perf raw n=42 total_us=16800 rebuild_us=525 layout_us=32 paint_us=53 encode_us=49 acquire_us=69 submit_us=16071 skipped=0 gpu_q=0
frust_shell_common::perf: frust-perf raw n=43 total_us=10925 rebuild_us=608 layout_us=33 paint_us=54 encode_us=70 acquire_us=75 submit_us=10082 skipped=0 gpu_q=0
frust_shell_common::perf: frust-perf raw n=44 total_us=15219 rebuild_us=746 layout_us=49 paint_us=65 encode_us=34 acquire_us=54 submit_us=14269 skipped=0 gpu_q=0
frust_shell_common::perf: frust-perf raw n=45 total_us=14364 rebuild_us=679 layout_us=40 paint_us=62 encode_us=41 acquire_us=69 submit_us=13471 skipped=0 gpu_q=0
frust_shell_common::perf: frust-perf raw n=46 total_us=20120 rebuild_us=710 layout_us=36 paint_us=84 encode_us=37 acquire_us=51 submit_us=19199 skipped=0 gpu_q=0
frust_shell_common::perf: frust-perf raw n=47 total_us=10920 rebuild_us=603 layout_us=30 paint_us=112 encode_us=44 acquire_us=78 submit_us=10050 skipped=0 gpu_q=0
frust_shell_common::perf: frust-perf raw n=48 total_us=15088 rebuild_us=950 layout_us=39 paint_us=59 encode_us=39 acquire_us=49 submit_us=13950 skipped=0 gpu_q=0
frust_shell_common::perf: frust-perf raw n=49 total_us=17181 rebuild_us=673 layout_us=33 paint_us=55 encode_us=45 acquire_us=73 submit_us=16300 skipped=0 gpu_q=0
frust_shell_common::perf: frust-perf raw n=50 total_us=11331 rebuild_us=650 layout_us=34 paint_us=56 encode_us=45 acquire_us=76 submit_us=10467 skipped=0 gpu_q=0
frust_shell_common::perf: frust-perf raw n=51 total_us=15567 rebuild_us=712 layout_us=40 paint_us=60 encode_us=36 acquire_us=48 submit_us=14670 skipped=0 gpu_q=0
frust_shell_common::perf: frust-perf raw n=52 total_us=15813 rebuild_us=764 layout_us=36 paint_us=56 encode_us=83 acquire_us=55 submit_us=14817 skipped=0 gpu_q=0
frust_shell_common::perf: frust-perf raw n=53 total_us=17042 rebuild_us=792 layout_us=39 paint_us=59 encode_us=37 acquire_us=57 submit_us=16056 skipped=0 gpu_q=0
frust_shell_common::perf: frust-perf raw n=54 total_us=11817 rebuild_us=933 layout_us=131 paint_us=59 encode_us=43 acquire_us=103 submit_us=10545 skipped=0 gpu_q=0
frust_shell_common::perf: frust-perf raw n=55 total_us=17065 rebuild_us=804 layout_us=43 paint_us=63 encode_us=42 acquire_us=54 submit_us=16057 skipped=0 gpu_q=0
frust_shell_common::perf: frust-perf raw n=56 total_us=16262 rebuild_us=743 layout_us=34 paint_us=49 encode_us=48 acquire_us=67 submit_us=15319 skipped=0 gpu_q=0
frust_shell_common::perf: frust-perf raw n=57 total_us=10984 rebuild_us=946 layout_us=121 paint_us=81 encode_us=45 acquire_us=70 submit_us=9719 skipped=0 gpu_q=0
frust_shell_common::perf: frust-perf raw n=58 total_us=16575 rebuild_us=852 layout_us=43 paint_us=62 encode_us=45 acquire_us=59 submit_us=15511 skipped=0 gpu_q=0
frust_shell_common::perf: frust-perf raw n=59 total_us=16948 rebuild_us=803 layout_us=36 paint_us=57 encode_us=38 acquire_us=61 submit_us=15950 skipped=0 gpu_q=0
frust_shell_common::perf: frust-perf raw n=60 total_us=11254 rebuild_us=719 layout_us=35 paint_us=55 encode_us=41 acquire_us=66 submit_us=10335 skipped=0 gpu_q=0
frust_shell_common::perf: frust-perf raw n=61 total_us=14992 rebuild_us=883 layout_us=48 paint_us=63 encode_us=36 acquire_us=50 submit_us=13909 skipped=0 gpu_q=0
frust_shell_common::perf: frust-perf raw n=62 total_us=17530 rebuild_us=848 layout_us=41 paint_us=61 encode_us=47 acquire_us=57 submit_us=16474 skipped=0 gpu_q=0
frust_shell_common::perf: frust-perf raw n=63 total_us=16689 rebuild_us=819 layout_us=37 paint_us=58 encode_us=40 acquire_us=88 submit_us=15644 skipped=0 gpu_q=0
frust_shell_common::perf: frust-perf raw n=64 total_us=13070 rebuild_us=938 layout_us=43 paint_us=63 encode_us=38 acquire_us=72 submit_us=11914 skipped=0 gpu_q=0
frust_shell_common::perf: frust-perf raw n=65 total_us=16130 rebuild_us=1028 layout_us=41 paint_us=64 encode_us=36 acquire_us=47 submit_us=14912 skipped=0 gpu_q=0
frust_shell_common::perf: frust-perf raw n=66 total_us=15658 rebuild_us=1078 layout_us=44 paint_us=62 encode_us=49 acquire_us=70 submit_us=14352 skipped=0 gpu_q=0
frust_shell_common::perf: frust-perf raw n=67 total_us=16998 rebuild_us=940 layout_us=40 paint_us=60 encode_us=36 acquire_us=56 submit_us=15864 skipped=0 gpu_q=0
frust_shell_common::perf: frust-perf raw n=68 total_us=13881 rebuild_us=839 layout_us=40 paint_us=59 encode_us=50 acquire_us=71 submit_us=12819 skipped=0 gpu_q=0
frust_shell_common::perf: frust-perf raw n=69 total_us=14756 rebuild_us=854 layout_us=74 paint_us=91 encode_us=47 acquire_us=69 submit_us=13619 skipped=0 gpu_q=0
frust_shell_common::perf: frust-perf raw n=70 total_us=16669 rebuild_us=754 layout_us=36 paint_us=49 encode_us=48 acquire_us=69 submit_us=15711 skipped=0 gpu_q=0
frust_shell_common::perf: frust-perf raw n=71 total_us=13690 rebuild_us=809 layout_us=91 paint_us=54 encode_us=43 acquire_us=72 submit_us=12617 skipped=0 gpu_q=0
frust_shell_common::perf: frust-perf raw n=72 total_us=15308 rebuild_us=989 layout_us=40 paint_us=58 encode_us=44 acquire_us=75 submit_us=14100 skipped=0 gpu_q=0
frust_shell_common::perf: frust-perf raw n=73 total_us=15699 rebuild_us=1076 layout_us=49 paint_us=66 encode_us=47 acquire_us=72 submit_us=14387 skipped=0 gpu_q=0
frust_shell_common::perf: frust-perf raw n=74 total_us=16062 rebuild_us=993 layout_us=40 paint_us=60 encode_us=48 acquire_us=80 submit_us=14837 skipped=0 gpu_q=0
frust_shell_common::perf: frust-perf raw n=75 total_us=16379 rebuild_us=811 layout_us=36 paint_us=145 encode_us=55 acquire_us=80 submit_us=15249 skipped=0 gpu_q=0
frust_shell_common::perf: frust-perf raw n=76 total_us=14042 rebuild_us=686 layout_us=27 paint_us=48 encode_us=75 acquire_us=80 submit_us=13125 skipped=0 gpu_q=0
frust_shell_common::perf: frust-perf raw n=77 total_us=22643 rebuild_us=916 layout_us=30 paint_us=48 encode_us=75 acquire_us=79 submit_us=21493 skipped=0 gpu_q=0
frust_shell_common::perf: frust-perf raw n=78 total_us=21690 rebuild_us=676 layout_us=24 paint_us=93 encode_us=81 acquire_us=119 submit_us=20694 skipped=0 gpu_q=0
frust_shell_common::perf: frust-perf raw n=79 total_us=21565 rebuild_us=697 layout_us=25 paint_us=46 encode_us=75 acquire_us=110 submit_us=20610 skipped=0 gpu_q=0
frust_shell_common::perf: frust-perf raw n=80 total_us=21538 rebuild_us=798 layout_us=26 paint_us=49 encode_us=75 acquire_us=107 submit_us=20480 skipped=0 gpu_q=0
frust_shell_common::perf: frust-perf raw n=81 total_us=23326 rebuild_us=699 layout_us=25 paint_us=47 encode_us=153 acquire_us=128 submit_us=22272 skipped=0 gpu_q=0
frust_shell_common::perf: frust-perf raw n=82 total_us=22051 rebuild_us=850 layout_us=24 paint_us=46 encode_us=136 acquire_us=145 submit_us=20848 skipped=0 gpu_q=0
frust_shell_common::perf: frust-perf raw n=83 total_us=20651 rebuild_us=716 layout_us=26 paint_us=112 encode_us=200 acquire_us=213 submit_us=19381 skipped=0 gpu_q=0
frust_shell_common::perf: frust-perf raw n=84 total_us=21356 rebuild_us=678 layout_us=24 paint_us=48 encode_us=73 acquire_us=112 submit_us=20418 skipped=0 gpu_q=0
frust_shell_common::perf: frust-perf raw n=85 total_us=22128 rebuild_us=687 layout_us=24 paint_us=45 encode_us=77 acquire_us=89 submit_us=21204 skipped=0 gpu_q=0
frust_shell_common::perf: frust-perf raw n=86 total_us=21942 rebuild_us=1031 layout_us=26 paint_us=45 encode_us=76 acquire_us=109 submit_us=20652 skipped=0 gpu_q=0
frust_shell_common::perf: frust-perf raw n=87 total_us=21560 rebuild_us=682 layout_us=25 paint_us=45 encode_us=75 acquire_us=94 submit_us=20637 skipped=0 gpu_q=0
frust_shell_common::perf: frust-perf raw n=88 total_us=23196 rebuild_us=741 layout_us=22 paint_us=148 encode_us=70 acquire_us=105 submit_us=22106 skipped=0 gpu_q=0
frust_shell_common::perf: frust-perf raw n=89 total_us=20929 rebuild_us=652 layout_us=22 paint_us=43 encode_us=81 acquire_us=107 submit_us=20021 skipped=0 gpu_q=0
frust_shell_common::perf: frust-perf raw n=90 total_us=23046 rebuild_us=653 layout_us=22 paint_us=43 encode_us=77 acquire_us=103 submit_us=22146 skipped=0 gpu_q=0
frust_shell_common::perf: frust-perf raw n=91 total_us=21858 rebuild_us=867 layout_us=24 paint_us=42 encode_us=135 acquire_us=110 submit_us=20677 skipped=0 gpu_q=0
frust_shell_common::perf: frust-perf raw n=92 total_us=20286 rebuild_us=847 layout_us=31 paint_us=52 encode_us=153 acquire_us=179 submit_us=19020 skipped=0 gpu_q=0
frust_shell_common::perf: frust-perf raw n=93 total_us=21733 rebuild_us=704 layout_us=31 paint_us=44 encode_us=77 acquire_us=115 submit_us=20759 skipped=0 gpu_q=0
frust_shell_common::perf: frust-perf raw n=94 total_us=21976 rebuild_us=786 layout_us=27 paint_us=49 encode_us=73 acquire_us=91 submit_us=20946 skipped=0 gpu_q=0
frust_shell_common::perf: frust-perf raw n=95 total_us=22289 rebuild_us=721 layout_us=30 paint_us=54 encode_us=76 acquire_us=88 submit_us=21317 skipped=0 gpu_q=0
frust_shell_android::app::frame: frust-perf platform-view tail depth=0 target=0 acquire_bound=false frame=207 expected_present_us=0 acquire_us=105 period_us=8267
frust_shell_common::perf: frust-perf raw n=96 total_us=23233 rebuild_us=677 layout_us=23 paint_us=44 encode_us=73 acquire_us=100 submit_us=22314 skipped=0 gpu_q=0
frust_shell_common::perf: frust-perf raw n=97 total_us=23718 rebuild_us=1114 layout_us=28 paint_us=53 encode_us=434 acquire_us=222 submit_us=21864 skipped=0 gpu_q=0
frust_shell_common::perf: frust-perf raw n=98 total_us=21245 rebuild_us=1080 layout_us=38 paint_us=74 encode_us=196 acquire_us=217 submit_us=19635 skipped=0 gpu_q=0
frust_shell_common::perf: frust-perf raw n=99 total_us=23395 rebuild_us=1056 layout_us=40 paint_us=72 encode_us=194 acquire_us=170 submit_us=21861 skipped=0 gpu_q=0
frust_shell_common::perf: frust-perf raw n=100 total_us=21432 rebuild_us=1278 layout_us=40 paint_us=71 encode_us=199 acquire_us=192 submit_us=19649 skipped=0 gpu_q=0
frust_shell_common::perf: frust-perf raw n=101 total_us=22459 rebuild_us=684 layout_us=23 paint_us=45 encode_us=225 acquire_us=214 submit_us=21265 skipped=0 gpu_q=0
frust_shell_common::perf: frust-perf raw n=102 total_us=23233 rebuild_us=1466 layout_us=74 paint_us=78 encode_us=193 acquire_us=196 submit_us=21223 skipped=0 gpu_q=0
frust_shell_common::perf: frust-perf raw n=103 total_us=21807 rebuild_us=970 layout_us=30 paint_us=57 encode_us=201 acquire_us=200 submit_us=20346 skipped=0 gpu_q=0
frust_shell_common::perf: frust-perf raw n=104 total_us=21276 rebuild_us=1220 layout_us=38 paint_us=94 encode_us=204 acquire_us=220 submit_us=19499 skipped=0 gpu_q=0
frust_shell_common::perf: frust-perf raw n=105 total_us=21869 rebuild_us=640 layout_us=24 paint_us=45 encode_us=147 acquire_us=141 submit_us=20869 skipped=0 gpu_q=0
frust_shell_common::perf: frust-perf raw n=106 total_us=21540 rebuild_us=950 layout_us=33 paint_us=62 encode_us=204 acquire_us=177 submit_us=20111 skipped=0 gpu_q=0
frust_shell_common::perf: frust-perf raw n=107 total_us=21815 rebuild_us=667 layout_us=23 paint_us=45 encode_us=236 acquire_us=160 submit_us=20683 skipped=0 gpu_q=0
frust_shell_common::perf: frust-perf raw n=108 total_us=21119 rebuild_us=742 layout_us=28 paint_us=50 encode_us=139 acquire_us=118 submit_us=20039 skipped=0 gpu_q=0
frust_shell_common::perf: frust-perf frame n=108 total_p50_ms=17 total_p95_ms=24 total_p99_ms=48 rebuild_p95_ms=1 layout_p95_ms=0 paint_p95_ms=0 encode_p95_ms=0 acquire_p95_ms=11 submit_p95_ms=22 over_60hz=61 over_120hz=105 skipped=0 total_frames=108
frust_shell_common::perf: frust-perf raw n=109 total_us=21185 rebuild_us=771 layout_us=33 paint_us=49 encode_us=100 acquire_us=114 submit_us=20115 skipped=0 gpu_q=0
frust_shell_common::perf: frust-perf raw n=110 total_us=22035 rebuild_us=683 layout_us=25 paint_us=45 encode_us=76 acquire_us=101 submit_us=21103 skipped=0 gpu_q=0
frust_shell_common::perf: frust-perf raw n=111 total_us=22228 rebuild_us=674 layout_us=24 paint_us=45 encode_us=75 acquire_us=87 submit_us=21320 skipped=0 gpu_q=0
frust_shell_common::perf: frust-perf raw n=112 total_us=21777 rebuild_us=686 layout_us=27 paint_us=47 encode_us=77 acquire_us=107 submit_us=20831 skipped=0 gpu_q=0
frust_shell_common::perf: frust-perf raw n=113 total_us=22216 rebuild_us=702 layout_us=27 paint_us=46 encode_us=75 acquire_us=103 submit_us=21260 skipped=0 gpu_q=0
frust_shell_common::perf: frust-perf raw n=114 total_us=22241 rebuild_us=661 layout_us=24 paint_us=44 encode_us=76 acquire_us=94 submit_us=21340 skipped=0 gpu_q=0
frust_shell_common::perf: frust-perf raw n=115 total_us=21944 rebuild_us=767 layout_us=26 paint_us=48 encode_us=75 acquire_us=112 submit_us=20912 skipped=0 gpu_q=0
frust_shell_common::perf: frust-perf raw n=116 total_us=21636 rebuild_us=966 layout_us=27 paint_us=48 encode_us=75 acquire_us=84 submit_us=20433 skipped=0 gpu_q=0
frust_shell_common::perf: frust-perf raw n=117 total_us=23547 rebuild_us=773 layout_us=27 paint_us=49 encode_us=76 acquire_us=116 submit_us=22503 skipped=0 gpu_q=0
frust_shell_common::perf: frust-perf raw n=118 total_us=19778 rebuild_us=883 layout_us=45 paint_us=56 encode_us=151 acquire_us=191 submit_us=18449 skipped=0 gpu_q=0
frust_shell_common::perf: frust-perf raw n=119 total_us=21879 rebuild_us=492 layout_us=20 paint_us=33 encode_us=74 acquire_us=107 submit_us=21151 skipped=0 gpu_q=0
frust_shell_common::perf: frust-perf raw n=120 total_us=22626 rebuild_us=678 layout_us=23 paint_us=44 encode_us=73 acquire_us=86 submit_us=21719 skipped=0 gpu_q=0
frust_shell_common::perf: frust-perf raw n=121 total_us=21727 rebuild_us=772 layout_us=25 paint_us=47 encode_us=78 acquire_us=112 submit_us=20690 skipped=0 gpu_q=0
frust_shell_common::perf: frust-perf raw n=122 total_us=22022 rebuild_us=761 layout_us=27 paint_us=52 encode_us=72 acquire_us=103 submit_us=21004 skipped=0 gpu_q=0
frust_shell_common::perf: frust-perf raw n=123 total_us=21495 rebuild_us=678 layout_us=24 paint_us=44 encode_us=79 acquire_us=116 submit_us=20552 skipped=0 gpu_q=0
frust_shell_common::perf: frust-perf raw n=124 total_us=21154 rebuild_us=673 layout_us=23 paint_us=44 encode_us=76 acquire_us=124 submit_us=20211 skipped=0 gpu_q=0
frust_shell_common::perf: frust-perf raw n=125 total_us=21315 rebuild_us=691 layout_us=28 paint_us=50 encode_us=72 acquire_us=127 submit_us=20344 skipped=0 gpu_q=0
frust_shell_common::perf: frust-perf raw n=126 total_us=22737 rebuild_us=585 layout_us=24 paint_us=43 encode_us=70 acquire_us=76 submit_us=21938 skipped=0 gpu_q=0
frust_shell_common::perf: frust-perf raw n=127 total_us=21766 rebuild_us=627 layout_us=34 paint_us=48 encode_us=109 acquire_us=140 submit_us=20805 skipped=0 gpu_q=0
frust_shell_common::perf: frust-perf raw n=128 total_us=22413 rebuild_us=921 layout_us=34 paint_us=62 encode_us=1051 acquire_us=306 submit_us=20036 skipped=0 gpu_q=0
frust_shell_common::perf: frust-perf raw n=129 total_us=21522 rebuild_us=1152 layout_us=37 paint_us=66 encode_us=206 acquire_us=212 submit_us=19846 skipped=0 gpu_q=0
frust_shell_common::perf: frust-perf raw n=130 total_us=22259 rebuild_us=557 layout_us=20 paint_us=37 encode_us=310 acquire_us=145 submit_us=21188 skipped=0 gpu_q=0
frust_shell_common::perf: frust-perf raw n=131 total_us=22671 rebuild_us=1519 layout_us=43 paint_us=211 encode_us=206 acquire_us=211 submit_us=20478 skipped=0 gpu_q=0
frust_shell_common::perf: frust-perf raw n=132 total_us=19847 rebuild_us=624 layout_us=22 paint_us=169 encode_us=124 acquire_us=109 submit_us=18798 skipped=0 gpu_q=0
frust_shell_common::perf: frust-perf raw n=133 total_us=22824 rebuild_us=551 layout_us=26 paint_us=40 encode_us=97 acquire_us=82 submit_us=22025 skipped=0 gpu_q=0
frust_shell_common::perf: frust-perf raw n=134 total_us=21934 rebuild_us=1081 layout_us=32 paint_us=63 encode_us=205 acquire_us=201 submit_us=20350 skipped=0 gpu_q=0
frust_shell_common::perf: frust-perf raw n=135 total_us=23365 rebuild_us=990 layout_us=34 paint_us=66 encode_us=159 acquire_us=169 submit_us=21944 skipped=0 gpu_q=0
frust_shell_common::perf: frust-perf raw n=136 total_us=23266 rebuild_us=1098 layout_us=29 paint_us=52 encode_us=343 acquire_us=147 submit_us=21594 skipped=0 gpu_q=0
frust_shell_common::perf: frust-perf raw n=137 total_us=20801 rebuild_us=679 layout_us=21 paint_us=45 encode_us=198 acquire_us=243 submit_us=19613 skipped=0 gpu_q=0
frust_shell_common::perf: frust-perf raw n=138 total_us=22823 rebuild_us=1804 layout_us=40 paint_us=136 encode_us=252 acquire_us=172 submit_us=20416 skipped=0 gpu_q=0
frust_shell_common::perf: frust-perf raw n=139 total_us=22575 rebuild_us=693 layout_us=27 paint_us=46 encode_us=125 acquire_us=130 submit_us=21551 skipped=0 gpu_q=0
frust_shell_common::perf: frust-perf raw n=140 total_us=21965 rebuild_us=1083 layout_us=39 paint_us=159 encode_us=204 acquire_us=232 submit_us=20246 skipped=0 gpu_q=0
frust_shell_common::perf: frust-perf raw n=141 total_us=20902 rebuild_us=586 layout_us=22 paint_us=40 encode_us=201 acquire_us=271 submit_us=19780 skipped=0 gpu_q=0
frust_shell_common::perf: frust-perf raw n=142 total_us=22145 rebuild_us=676 layout_us=27 paint_us=47 encode_us=225 acquire_us=244 submit_us=20924 skipped=0 gpu_q=0
frust_shell_android::app::frame: frust-perf platform-view tail depth=0 target=0 acquire_bound=false frame=327 expected_present_us=0 acquire_us=211 period_us=8270
frust_shell_common::perf: frust-perf raw n=143 total_us=22379 rebuild_us=1147 layout_us=36 paint_us=66 encode_us=198 acquire_us=209 submit_us=20721 skipped=0 gpu_q=0
frust_shell_common::perf: frust-perf raw n=144 total_us=22430 rebuild_us=875 layout_us=32 paint_us=63 encode_us=233 acquire_us=187 submit_us=21036 skipped=0 gpu_q=0
frust_shell_common::perf: frust-perf raw n=145 total_us=21012 rebuild_us=923 layout_us=35 paint_us=63 encode_us=178 acquire_us=136 submit_us=19675 skipped=0 gpu_q=0
frust_shell_common::perf: frust-perf raw n=146 total_us=22318 rebuild_us=698 layout_us=32 paint_us=52 encode_us=166 acquire_us=437 submit_us=20930 skipped=0 gpu_q=0
frust_shell_common::perf: frust-perf raw n=147 total_us=21843 rebuild_us=1033 layout_us=42 paint_us=80 encode_us=157 acquire_us=139 submit_us=20390 skipped=0 gpu_q=0
frust_shell_common::perf: frust-perf raw n=148 total_us=23738 rebuild_us=811 layout_us=31 paint_us=58 encode_us=183 acquire_us=204 submit_us=22448 skipped=0 gpu_q=0
frust_shell_common::perf: frust-perf raw n=149 total_us=21715 rebuild_us=1160 layout_us=43 paint_us=76 encode_us=209 acquire_us=211 submit_us=20014 skipped=0 gpu_q=0
frust_shell_common::perf: frust-perf raw n=150 total_us=21584 rebuild_us=1037 layout_us=35 paint_us=67 encode_us=192 acquire_us=205 submit_us=20047 skipped=0 gpu_q=0
frust_shell_common::perf: frust-perf raw n=151 total_us=23175 rebuild_us=705 layout_us=25 paint_us=47 encode_us=197 acquire_us=225 submit_us=21974 skipped=0 gpu_q=0
frust_shell_common::perf: frust-perf raw n=152 total_us=22073 rebuild_us=1268 layout_us=42 paint_us=74 encode_us=274 acquire_us=211 submit_us=20200 skipped=0 gpu_q=0
frust_shell_common::perf: frust-perf raw n=153 total_us=22327 rebuild_us=685 layout_us=29 paint_us=49 encode_us=195 acquire_us=198 submit_us=21169 skipped=0 gpu_q=0
frust_shell_common::perf: frust-perf raw n=154 total_us=22684 rebuild_us=1020 layout_us=34 paint_us=177 encode_us=217 acquire_us=178 submit_us=21055 skipped=0 gpu_q=0
frust_shell_common::perf: frust-perf raw n=155 total_us=21727 rebuild_us=1163 layout_us=37 paint_us=70 encode_us=198 acquire_us=202 submit_us=20056 skipped=0 gpu_q=0
frust_shell_common::perf: frust-perf raw n=156 total_us=22675 rebuild_us=1039 layout_us=31 paint_us=63 encode_us=223 acquire_us=210 submit_us=21106 skipped=0 gpu_q=0
frust_shell_common::perf: frust-perf raw n=157 total_us=23091 rebuild_us=1512 layout_us=39 paint_us=132 encode_us=200 acquire_us=155 submit_us=21051 skipped=0 gpu_q=0
frust_shell_common::perf: frust-perf raw n=158 total_us=21117 rebuild_us=780 layout_us=27 paint_us=53 encode_us=208 acquire_us=214 submit_us=19831 skipped=0 gpu_q=0
frust_shell_common::perf: frust-perf raw n=159 total_us=23041 rebuild_us=1563 layout_us=34 paint_us=65 encode_us=195 acquire_us=188 submit_us=20992 skipped=0 gpu_q=0
frust_shell_common::perf: frust-perf raw n=160 total_us=21615 rebuild_us=900 layout_us=31 paint_us=59 encode_us=308 acquire_us=178 submit_us=20137 skipped=0 gpu_q=0
frust_shell_common::perf: frust-perf raw n=161 total_us=22369 rebuild_us=1001 layout_us=30 paint_us=60 encode_us=179 acquire_us=183 submit_us=20913 skipped=0 gpu_q=0
frust_shell_common::perf: frust-perf raw n=162 total_us=22306 rebuild_us=744 layout_us=29 paint_us=51 encode_us=146 acquire_us=174 submit_us=21160 skipped=0 gpu_q=0
frust_shell_common::perf: frust-perf raw n=163 total_us=22998 rebuild_us=760 layout_us=27 paint_us=52 encode_us=195 acquire_us=242 submit_us=21720 skipped=0 gpu_q=0
frust_shell_common::perf: frust-perf raw n=164 total_us=21517 rebuild_us=1343 layout_us=41 paint_us=75 encode_us=202 acquire_us=250 submit_us=19603 skipped=0 gpu_q=0
frust_shell_common::perf: frust-perf raw n=165 total_us=22466 rebuild_us=621 layout_us=22 paint_us=41 encode_us=205 acquire_us=241 submit_us=21334 skipped=0 gpu_q=0
frust_shell_common::perf: frust-perf raw n=166 total_us=22421 rebuild_us=754 layout_us=26 paint_us=51 encode_us=203 acquire_us=201 submit_us=21183 skipped=0 gpu_q=0
frust_shell_common::perf: frust-perf raw n=167 total_us=22797 rebuild_us=1376 layout_us=39 paint_us=87 encode_us=197 acquire_us=157 submit_us=20937 skipped=0 gpu_q=0
frust_shell_common::perf: frust-perf raw n=168 total_us=23978 rebuild_us=997 layout_us=32 paint_us=65 encode_us=189 acquire_us=202 submit_us=22489 skipped=0 gpu_q=0
frust_shell_common::perf: frust-perf raw n=169 total_us=21864 rebuild_us=1233 layout_us=35 paint_us=68 encode_us=197 acquire_us=210 submit_us=20119 skipped=0 gpu_q=0
frust_shell_common::perf: frust-perf raw n=170 total_us=21453 rebuild_us=690 layout_us=29 paint_us=49 encode_us=200 acquire_us=224 submit_us=20257 skipped=0 gpu_q=0
frust_shell_common::perf: frust-perf raw n=171 total_us=22439 rebuild_us=1010 layout_us=34 paint_us=68 encode_us=200 acquire_us=196 submit_us=20928 skipped=0 gpu_q=0
frust_shell_common::perf: frust-perf raw n=172 total_us=22788 rebuild_us=1905 layout_us=43 paint_us=73 encode_us=194 acquire_us=179 submit_us=20391 skipped=0 gpu_q=0
frust_shell_common::perf: frust-perf raw n=173 total_us=19555 rebuild_us=731 layout_us=34 paint_us=51 encode_us=218 acquire_us=124 submit_us=18395 skipped=0 gpu_q=0
frust_shell_common::perf: frust-perf raw n=174 total_us=20857 rebuild_us=359 layout_us=15 paint_us=21 encode_us=61 acquire_us=102 submit_us=20296 skipped=0 gpu_q=0
frust_shell_common::perf: frust-perf raw n=175 total_us=21612 rebuild_us=525 layout_us=25 paint_us=39 encode_us=71 acquire_us=100 submit_us=20850 skipped=0 gpu_q=0
frust_shell_common::perf: frust-perf raw n=176 total_us=21062 rebuild_us=440 layout_us=18 paint_us=29 encode_us=70 acquire_us=99 submit_us=20403 skipped=0 gpu_q=0
frust_shell_common::perf: frust-perf raw n=177 total_us=22107 rebuild_us=559 layout_us=28 paint_us=43 encode_us=73 acquire_us=88 submit_us=21314 skipped=0 gpu_q=0
frust_shell_common::perf: frust-perf raw n=178 total_us=22058 rebuild_us=1162 layout_us=31 paint_us=45 encode_us=96 acquire_us=103 submit_us=20619 skipped=0 gpu_q=0
frust_shell_common::perf: frust-perf raw n=179 total_us=23132 rebuild_us=770 layout_us=36 paint_us=48 encode_us=75 acquire_us=102 submit_us=22099 skipped=0 gpu_q=0
frust_shell_common::perf: frust-perf raw n=180 total_us=23117 rebuild_us=2078 layout_us=36 paint_us=63 encode_us=255 acquire_us=199 submit_us=20484 skipped=0 gpu_q=0
frust_shell_common::perf: frust-perf raw n=181 total_us=21029 rebuild_us=969 layout_us=29 paint_us=55 encode_us=205 acquire_us=208 submit_us=19561 skipped=0 gpu_q=0
frust_shell_common::perf: frust-perf raw n=182 total_us=23983 rebuild_us=953 layout_us=24 paint_us=62 encode_us=149 acquire_us=170 submit_us=22622 skipped=0 gpu_q=0
frust_shell_common::perf: frust-perf raw n=183 total_us=22170 rebuild_us=1173 layout_us=42 paint_us=85 encode_us=203 acquire_us=225 submit_us=20440 skipped=0 gpu_q=0
frust_shell_common::perf: frust-perf raw n=184 total_us=21763 rebuild_us=772 layout_us=24 paint_us=50 encode_us=193 acquire_us=206 submit_us=20517 skipped=0 gpu_q=0
frust_shell_common::perf: frust-perf raw n=185 total_us=22334 rebuild_us=1980 layout_us=39 paint_us=71 encode_us=198 acquire_us=194 submit_us=19849 skipped=0 gpu_q=0
frust_shell_common::perf: frust-perf raw n=186 total_us=22597 rebuild_us=914 layout_us=32 paint_us=60 encode_us=194 acquire_us=237 submit_us=21157 skipped=0 gpu_q=0
frust_shell_common::perf: frust-perf raw n=187 total_us=22828 rebuild_us=1189 layout_us=34 paint_us=90 encode_us=199 acquire_us=193 submit_us=21119 skipped=0 gpu_q=0
frust_shell_common::perf: frust-perf raw n=188 total_us=21850 rebuild_us=626 layout_us=24 paint_us=42 encode_us=156 acquire_us=138 submit_us=20861 skipped=0 gpu_q=0
frust_shell_android::app::frame: frust-perf platform-view tail depth=0 target=0 acquire_bound=false frame=447 expected_present_us=0 acquire_us=177 period_us=8276
frust_shell_common::perf: frust-perf raw n=189 total_us=22337 rebuild_us=590 layout_us=21 paint_us=38 encode_us=173 acquire_us=170 submit_us=21343 skipped=0 gpu_q=0
frust_shell_common::perf: frust-perf raw n=190 total_us=22054 rebuild_us=1167 layout_us=35 paint_us=71 encode_us=194 acquire_us=213 submit_us=20370 skipped=0 gpu_q=0
frust_shell_common::perf: frust-perf raw n=191 total_us=22216 rebuild_us=897 layout_us=30 paint_us=57 encode_us=172 acquire_us=167 submit_us=20892 skipped=0 gpu_q=0
frust_shell_common::perf: frust-perf raw n=192 total_us=23557 rebuild_us=1927 layout_us=34 paint_us=62 encode_us=174 acquire_us=194 submit_us=21163 skipped=0 gpu_q=0
frust_shell_common::perf: frust-perf raw n=193 total_us=21424 rebuild_us=864 layout_us=29 paint_us=57 encode_us=203 acquire_us=192 submit_us=20076 skipped=0 gpu_q=0
frust_shell_common::perf: frust-perf raw n=194 total_us=23433 rebuild_us=943 layout_us=29 paint_us=61 encode_us=173 acquire_us=191 submit_us=22033 skipped=0 gpu_q=0
frust_shell_common::perf: frust-perf raw n=195 total_us=22335 rebuild_us=916 layout_us=42 paint_us=68 encode_us=160 acquire_us=167 submit_us=20979 skipped=0 gpu_q=0
frust_shell_common::perf: frust-perf raw n=196 total_us=22178 rebuild_us=1152 layout_us=38 paint_us=71 encode_us=206 acquire_us=223 submit_us=20485 skipped=0 gpu_q=0
frust_shell_common::perf: frust-perf raw n=197 total_us=22204 rebuild_us=1620 layout_us=35 paint_us=68 encode_us=261 acquire_us=213 submit_us=20005 skipped=0 gpu_q=0
frust_shell_common::perf: frust-perf raw n=198 total_us=22366 rebuild_us=674 layout_us=24 paint_us=42 encode_us=290 acquire_us=367 submit_us=20965 skipped=0 gpu_q=0
frust_shell_common::perf: frust-perf raw n=199 total_us=23072 rebuild_us=1441 layout_us=55 paint_us=356 encode_us=196 acquire_us=194 submit_us=20828 skipped=0 gpu_q=0
frust_shell_common::perf: frust-perf frame n=120 total_p50_ms=22 total_p95_ms=23 total_p99_ms=23 rebuild_p95_ms=1 layout_p95_ms=0 paint_p95_ms=0 encode_p95_ms=0 acquire_p95_ms=0 submit_p95_ms=22 over_60hz=152 over_120hz=196 skipped=0 total_frames=199
frust_shell_common::perf: frust-perf raw n=200 total_us=21259 rebuild_us=601 layout_us=23 paint_us=39 encode_us=322 acquire_us=176 submit_us=20096 skipped=0 gpu_q=0
frust_shell_common::perf: frust-perf raw n=201 total_us=24086 rebuild_us=632 layout_us=24 paint_us=42 encode_us=181 acquire_us=151 submit_us=23054 skipped=0 gpu_q=0
frust_shell_common::perf: frust-perf raw n=202 total_us=19519 rebuild_us=1206 layout_us=42 paint_us=77 encode_us=243 acquire_us=170 submit_us=17778 skipped=0 gpu_q=0
frust_shell_common::perf: frust-perf raw n=203 total_us=22436 rebuild_us=979 layout_us=31 paint_us=62 encode_us=196 acquire_us=210 submit_us=20956 skipped=0 gpu_q=0
frust_shell_common::perf: frust-perf raw n=204 total_us=21426 rebuild_us=1202 layout_us=35 paint_us=66 encode_us=227 acquire_us=198 submit_us=19695 skipped=0 gpu_q=0
frust_shell_common::perf: frust-perf raw n=205 total_us=22625 rebuild_us=831 layout_us=26 paint_us=49 encode_us=183 acquire_us=189 submit_us=21344 skipped=0 gpu_q=0
frust_shell_common::perf: frust-perf raw n=206 total_us=22653 rebuild_us=1333 layout_us=35 paint_us=82 encode_us=177 acquire_us=188 submit_us=20837 skipped=0 gpu_q=0
frust_shell_common::perf: frust-perf raw n=207 total_us=21800 rebuild_us=933 layout_us=30 paint_us=82 encode_us=202 acquire_us=285 submit_us=20265 skipped=0 gpu_q=0
frust_shell_common::perf: frust-perf raw n=208 total_us=21220 rebuild_us=1002 layout_us=31 paint_us=70 encode_us=196 acquire_us=199 submit_us=19719 skipped=0 gpu_q=0
frust_shell_common::perf: frust-perf raw n=209 total_us=22872 rebuild_us=677 layout_us=36 paint_us=43 encode_us=113 acquire_us=90 submit_us=21910 skipped=0 gpu_q=0
frust_shell_common::perf: frust-perf raw n=210 total_us=22252 rebuild_us=893 layout_us=30 paint_us=57 encode_us=197 acquire_us=215 submit_us=20857 skipped=0 gpu_q=0
frust_shell_common::perf: frust-perf raw n=211 total_us=23531 rebuild_us=1663 layout_us=31 paint_us=189 encode_us=135 acquire_us=118 submit_us=21393 skipped=0 gpu_q=0
frust_shell_common::perf: frust-perf raw n=212 total_us=22378 rebuild_us=686 layout_us=24 paint_us=44 encode_us=158 acquire_us=373 submit_us=21090 skipped=0 gpu_q=0
frust_shell_common::perf: frust-perf raw n=213 total_us=22090 rebuild_us=1436 layout_us=45 paint_us=89 encode_us=285 acquire_us=608 submit_us=19625 skipped=0 gpu_q=0
frust_shell_common::perf: frust-perf raw n=214 total_us=21670 rebuild_us=1028 layout_us=31 paint_us=62 encode_us=201 acquire_us=175 submit_us=20171 skipped=0 gpu_q=0
frust_shell_common::perf: frust-perf raw n=215 total_us=23408 rebuild_us=1123 layout_us=33 paint_us=61 encode_us=173 acquire_us=171 submit_us=21845 skipped=0 gpu_q=0
frust_shell_common::perf: frust-perf raw n=216 total_us=22127 rebuild_us=1086 layout_us=38 paint_us=71 encode_us=337 acquire_us=244 submit_us=20349 skipped=0 gpu_q=0
frust_shell_common::perf: frust-perf raw n=217 total_us=21589 rebuild_us=966 layout_us=30 paint_us=61 encode_us=205 acquire_us=226 submit_us=20097 skipped=0 gpu_q=0
frust_shell_common::perf: frust-perf raw n=218 total_us=22209 rebuild_us=887 layout_us=37 paint_us=55 encode_us=159 acquire_us=164 submit_us=20904 skipped=0 gpu_q=0
frust_shell_common::perf: frust-perf raw n=219 total_us=22955 rebuild_us=1081 layout_us=33 paint_us=67 encode_us=199 acquire_us=204 submit_us=21369 skipped=0 gpu_q=0
frust_shell_common::perf: frust-perf raw n=220 total_us=22145 rebuild_us=1884 layout_us=50 paint_us=73 encode_us=205 acquire_us=211 submit_us=19719 skipped=0 gpu_q=0
frust_shell_common::perf: frust-perf raw n=221 total_us=22469 rebuild_us=487 layout_us=19 paint_us=34 encode_us=154 acquire_us=144 submit_us=21629 skipped=0 gpu_q=0
frust_shell_common::perf: frust-perf raw n=222 total_us=22350 rebuild_us=1070 layout_us=36 paint_us=70 encode_us=204 acquire_us=232 submit_us=20736 skipped=0 gpu_q=0
frust_shell_common::perf: frust-perf raw n=223 total_us=21952 rebuild_us=1562 layout_us=41 paint_us=75 encode_us=206 acquire_us=226 submit_us=19840 skipped=0 gpu_q=0
frust_shell_common::perf: frust-perf raw n=224 total_us=22445 rebuild_us=940 layout_us=147 paint_us=71 encode_us=172 acquire_us=187 submit_us=20925 skipped=0 gpu_q=0
frust_shell_common::perf: frust-perf raw n=225 total_us=21951 rebuild_us=1589 layout_us=38 paint_us=71 encode_us=200 acquire_us=168 submit_us=19882 skipped=0 gpu_q=0
frust_shell_common::perf: frust-perf raw n=226 total_us=22094 rebuild_us=969 layout_us=31 paint_us=62 encode_us=194 acquire_us=218 submit_us=20619 skipped=0 gpu_q=0
frust_shell_common::perf: frust-perf raw n=227 total_us=22577 rebuild_us=1387 layout_us=33 paint_us=64 encode_us=224 acquire_us=202 submit_us=20664 skipped=0 gpu_q=0
frust_shell_common::perf: frust-perf raw n=228 total_us=22318 rebuild_us=1115 layout_us=31 paint_us=62 encode_us=492 acquire_us=182 submit_us=20433 skipped=0 gpu_q=0
frust_shell_common::perf: frust-perf raw n=229 total_us=23509 rebuild_us=899 layout_us=29 paint_us=55 encode_us=160 acquire_us=173 submit_us=22190 skipped=0 gpu_q=0
frust_shell_common::perf: frust-perf raw n=230 total_us=21865 rebuild_us=834 layout_us=25 paint_us=51 encode_us=196 acquire_us=225 submit_us=20531 skipped=0 gpu_q=0
frust_shell_common::perf: frust-perf raw n=231 total_us=22738 rebuild_us=1150 layout_us=37 paint_us=70 encode_us=207 acquire_us=215 submit_us=21058 skipped=0 gpu_q=0
frust_shell_common::perf: frust-perf raw n=232 total_us=22645 rebuild_us=1312 layout_us=35 paint_us=67 encode_us=169 acquire_us=179 submit_us=20880 skipped=0 gpu_q=0
frust_shell_common::perf: frust-perf raw n=233 total_us=21966 rebuild_us=652 layout_us=24 paint_us=44 encode_us=178 acquire_us=178 submit_us=20887 skipped=0 gpu_q=0
frust_shell_common::perf: frust-perf raw n=234 total_us=23261 rebuild_us=1063 layout_us=37 paint_us=69 encode_us=202 acquire_us=224 submit_us=21664 skipped=0 gpu_q=0
frust_shell_common::perf: frust-perf raw n=235 total_us=20419 rebuild_us=625 layout_us=23 paint_us=41 encode_us=260 acquire_us=234 submit_us=19234 skipped=0 gpu_q=0
frust_shell_android::app::frame: frust-perf platform-view tail depth=0 target=0 acquire_bound=false frame=567 expected_present_us=0 acquire_us=196 period_us=8266
frust_shell_common::perf: frust-perf raw n=236 total_us=22447 rebuild_us=647 layout_us=23 paint_us=42 encode_us=161 acquire_us=166 submit_us=21405 skipped=0 gpu_q=0
frust_shell_common::perf: frust-perf raw n=237 total_us=22427 rebuild_us=1056 layout_us=36 paint_us=68 encode_us=203 acquire_us=225 submit_us=20836 skipped=0 gpu_q=0
frust_shell_common::perf: frust-perf raw n=238 total_us=21244 rebuild_us=978 layout_us=31 paint_us=63 encode_us=209 acquire_us=186 submit_us=19774 skipped=0 gpu_q=0
frust_shell_common::perf: frust-perf raw n=239 total_us=21823 rebuild_us=824 layout_us=28 paint_us=53 encode_us=160 acquire_us=163 submit_us=20594 skipped=0 gpu_q=0
frust_shell_common::perf: frust-perf raw n=240 total_us=21655 rebuild_us=934 layout_us=28 paint_us=29 encode_us=188 acquire_us=255 submit_us=20218 skipped=0 gpu_q=0
frust_shell_common::perf: frust-perf raw n=241 total_us=23208 rebuild_us=1002 layout_us=25 paint_us=219 encode_us=139 acquire_us=149 submit_us=21671 skipped=0 gpu_q=0
frust_shell_common::perf: frust-perf raw n=242 total_us=21264 rebuild_us=708 layout_us=23 paint_us=45 encode_us=207 acquire_us=278 submit_us=20000 skipped=0 gpu_q=0
frust_shell_common::perf: frust-perf raw n=243 total_us=21983 rebuild_us=1205 layout_us=41 paint_us=90 encode_us=207 acquire_us=207 submit_us=20231 skipped=0 gpu_q=0
frust_shell_common::perf: frust-perf raw n=244 total_us=22187 rebuild_us=1230 layout_us=35 paint_us=62 encode_us=177 acquire_us=143 submit_us=20538 skipped=0 gpu_q=0
frust_shell_common::perf: frust-perf raw n=245 total_us=22924 rebuild_us=1075 layout_us=37 paint_us=70 encode_us=212 acquire_us=253 submit_us=21275 skipped=0 gpu_q=0
frust_shell_common::perf: frust-perf raw n=246 total_us=21297 rebuild_us=1099 layout_us=42 paint_us=74 encode_us=209 acquire_us=235 submit_us=19636 skipped=0 gpu_q=0
frust_shell_common::perf: frust-perf raw n=247 total_us=20506 rebuild_us=636 layout_us=23 paint_us=93 encode_us=203 acquire_us=189 submit_us=19359 skipped=0 gpu_q=0
frust_shell_common::perf: frust-perf raw n=248 total_us=21602 rebuild_us=760 layout_us=26 paint_us=47 encode_us=137 acquire_us=133 submit_us=20497 skipped=0 gpu_q=0
frust_shell_common::perf: frust-perf raw n=249 total_us=22075 rebuild_us=803 layout_us=28 paint_us=46 encode_us=142 acquire_us=155 submit_us=20899 skipped=0 gpu_q=0
frust_shell_common::perf: frust-perf raw n=250 total_us=20584 rebuild_us=802 layout_us=27 paint_us=47 encode_us=140 acquire_us=143 submit_us=19423 skipped=0 gpu_q=0
frust_shell_common::perf: frust-perf raw n=251 total_us=21324 rebuild_us=669 layout_us=23 paint_us=43 encode_us=72 acquire_us=97 submit_us=20417 skipped=0 gpu_q=0
frust_shell_common::perf: frust-perf raw n=252 total_us=21499 rebuild_us=760 layout_us=30 paint_us=52 encode_us=74 acquire_us=90 submit_us=20491 skipped=0 gpu_q=0
frust_shell_common::perf: frust-perf raw n=253 total_us=21272 rebuild_us=667 layout_us=24 paint_us=44 encode_us=73 acquire_us=101 submit_us=20360 skipped=0 gpu_q=0
frust_shell_common::perf: frust-perf raw n=254 total_us=21618 rebuild_us=789 layout_us=26 paint_us=49 encode_us=75 acquire_us=100 submit_us=20577 skipped=0 gpu_q=0
frust_shell_common::perf: frust-perf raw n=255 total_us=22087 rebuild_us=1028 layout_us=28 paint_us=47 encode_us=76 acquire_us=89 submit_us=20816 skipped=0 gpu_q=0
frust_shell_common::perf: frust-perf raw n=256 total_us=21834 rebuild_us=677 layout_us=23 paint_us=47 encode_us=76 acquire_us=86 submit_us=20923 skipped=0 gpu_q=0
frust_shell_common::perf: frust-perf raw n=257 total_us=21765 rebuild_us=665 layout_us=22 paint_us=42 encode_us=75 acquire_us=119 submit_us=20839 skipped=0 gpu_q=0
frust_shell_common::perf: frust-perf raw n=258 total_us=21295 rebuild_us=644 layout_us=21 paint_us=43 encode_us=72 acquire_us=87 submit_us=20426 skipped=0 gpu_q=0
frust_shell_common::perf: frust-perf raw n=259 total_us=22734 rebuild_us=704 layout_us=30 paint_us=52 encode_us=73 acquire_us=81 submit_us=21792 skipped=0 gpu_q=0
frust_shell_common::perf: frust-perf raw n=260 total_us=22019 rebuild_us=810 layout_us=25 paint_us=44 encode_us=139 acquire_us=140 submit_us=20857 skipped=0 gpu_q=0
frust_shell_common::perf: frust-perf raw n=261 total_us=20688 rebuild_us=786 layout_us=30 paint_us=51 encode_us=152 acquire_us=176 submit_us=19491 skipped=0 gpu_q=0
frust_shell_common::perf: frust-perf raw n=262 total_us=21564 rebuild_us=654 layout_us=22 paint_us=43 encode_us=139 acquire_us=147 submit_us=20556 skipped=0 gpu_q=0
frust_shell_common::perf: frust-perf raw n=263 total_us=20618 rebuild_us=619 layout_us=19 paint_us=40 encode_us=150 acquire_us=176 submit_us=19611 skipped=0 gpu_q=0
frust_shell_common::perf: frust-perf raw n=264 total_us=21700 rebuild_us=679 layout_us=23 paint_us=44 encode_us=74 acquire_us=123 submit_us=20755 skipped=0 gpu_q=0
frust_shell_common::perf: frust-perf raw n=265 total_us=21825 rebuild_us=649 layout_us=22 paint_us=41 encode_us=78 acquire_us=104 submit_us=20929 skipped=0 gpu_q=0
frust_shell_common::perf: frust-perf raw n=266 total_us=21635 rebuild_us=790 layout_us=34 paint_us=55 encode_us=77 acquire_us=150 submit_us=20526 skipped=0 gpu_q=0
frust_shell_common::perf: frust-perf raw n=267 total_us=21382 rebuild_us=706 layout_us=28 paint_us=53 encode_us=74 acquire_us=84 submit_us=20434 skipped=0 gpu_q=0
frust_shell_common::perf: frust-perf raw n=268 total_us=23937 rebuild_us=683 layout_us=24 paint_us=45 encode_us=71 acquire_us=85 submit_us=23026 skipped=0 gpu_q=0
frust_shell_common::perf: frust-perf raw n=269 total_us=21544 rebuild_us=1031 layout_us=28 paint_us=52 encode_us=194 acquire_us=191 submit_us=20046 skipped=0 gpu_q=0
frust_shell_common::perf: frust-perf raw n=270 total_us=21776 rebuild_us=671 layout_us=25 paint_us=46 encode_us=159 acquire_us=146 submit_us=20727 skipped=0 gpu_q=0
frust_shell_common::perf: frust-perf raw n=271 total_us=23074 rebuild_us=1138 layout_us=35 paint_us=69 encode_us=194 acquire_us=197 submit_us=21438 skipped=0 gpu_q=0
frust_shell_common::perf: frust-perf raw n=272 total_us=20504 rebuild_us=724 layout_us=31 paint_us=64 encode_us=208 acquire_us=253 submit_us=19222 skipped=0 gpu_q=0
frust_shell_common::perf: frust-perf raw n=273 total_us=24209 rebuild_us=1070 layout_us=34 paint_us=58 encode_us=152 acquire_us=131 submit_us=22761 skipped=0 gpu_q=0
frust_shell_common::perf: frust-perf raw n=274 total_us=23201 rebuild_us=1494 layout_us=41 paint_us=75 encode_us=236 acquire_us=182 submit_us=21169 skipped=0 gpu_q=0
frust_shell_common::perf: frust-perf raw n=275 total_us=21127 rebuild_us=975 layout_us=31 paint_us=64 encode_us=266 acquire_us=212 submit_us=19577 skipped=0 gpu_q=0
frust_shell_common::perf: frust-perf raw n=276 total_us=22767 rebuild_us=1252 layout_us=179 paint_us=71 encode_us=201 acquire_us=224 submit_us=20837 skipped=0 gpu_q=0
frust_shell_common::perf: frust-perf raw n=277 total_us=22467 rebuild_us=1180 layout_us=102 paint_us=75 encode_us=260 acquire_us=191 submit_us=20657 skipped=0 gpu_q=0
frust_shell_common::perf: frust-perf raw n=278 total_us=22674 rebuild_us=1136 layout_us=37 paint_us=72 encode_us=204 acquire_us=207 submit_us=21016 skipped=0 gpu_q=0
frust_shell_common::perf: frust-perf raw n=279 total_us=23258 rebuild_us=1758 layout_us=36 paint_us=68 encode_us=202 acquire_us=171 submit_us=21022 skipped=0 gpu_q=0
frust_shell_common::perf: frust-perf raw n=280 total_us=21531 rebuild_us=1067 layout_us=37 paint_us=70 encode_us=239 acquire_us=820 submit_us=19295 skipped=0 gpu_q=0
frust_shell_common::perf: frust-perf raw n=281 total_us=22036 rebuild_us=1362 layout_us=36 paint_us=67 encode_us=194 acquire_us=188 submit_us=20187 skipped=0 gpu_q=0
frust_shell_common::perf: frust-perf raw n=282 total_us=22591 rebuild_us=646 layout_us=23 paint_us=42 encode_us=162 acquire_us=164 submit_us=21553 skipped=0 gpu_q=0
frust_shell_android::app::frame: frust-perf platform-view tail depth=0 target=0 acquire_bound=false frame=687 expected_present_us=0 acquire_us=263 period_us=8267
frust_shell_common::perf: frust-perf raw n=283 total_us=22483 rebuild_us=1336 layout_us=45 paint_us=68 encode_us=353 acquire_us=243 submit_us=20435 skipped=0 gpu_q=0
frust_shell_common::perf: frust-perf raw n=284 total_us=21786 rebuild_us=1013 layout_us=33 paint_us=65 encode_us=205 acquire_us=168 submit_us=20298 skipped=0 gpu_q=0
frust_shell_common::perf: frust-perf raw n=285 total_us=22469 rebuild_us=1052 layout_us=32 paint_us=63 encode_us=196 acquire_us=220 submit_us=20904 skipped=0 gpu_q=0
frust_shell_common::perf: frust-perf raw n=286 total_us=22856 rebuild_us=1384 layout_us=35 paint_us=67 encode_us=199 acquire_us=188 submit_us=20980 skipped=0 gpu_q=0
frust_shell_common::perf: frust-perf raw n=287 total_us=22266 rebuild_us=996 layout_us=35 paint_us=67 encode_us=175 acquire_us=194 submit_us=20796 skipped=0 gpu_q=0
frust_shell_common::perf: frust-perf raw n=288 total_us=21576 rebuild_us=668 layout_us=24 paint_us=45 encode_us=140 acquire_us=152 submit_us=20544 skipped=0 gpu_q=0
frust_shell_common::perf: frust-perf raw n=289 total_us=20358 rebuild_us=935 layout_us=32 paint_us=73 encode_us=466 acquire_us=194 submit_us=18654 skipped=0 gpu_q=0
frust_shell_common::perf: frust-perf raw n=290 total_us=22790 rebuild_us=785 layout_us=35 paint_us=55 encode_us=135 acquire_us=105 submit_us=21674 skipped=0 gpu_q=0
frust_shell_common::perf: frust-perf frame n=120 total_p50_ms=22 total_p95_ms=23 total_p99_ms=24 rebuild_p95_ms=1 layout_p95_ms=0 paint_p95_ms=0 encode_p95_ms=0 acquire_p95_ms=0 submit_p95_ms=22 over_60hz=243 over_120hz=287 skipped=0 total_frames=290
frust_shell_common::perf: frust-perf raw n=291 total_us=21187 rebuild_us=766 layout_us=25 paint_us=50 encode_us=211 acquire_us=190 submit_us=19941 skipped=0 gpu_q=0
frust_shell_common::perf: frust-perf raw n=292 total_us=22268 rebuild_us=991 layout_us=32 paint_us=57 encode_us=201 acquire_us=221 submit_us=20763 skipped=0 gpu_q=0
frust_shell_common::perf: frust-perf raw n=293 total_us=22443 rebuild_us=619 layout_us=22 paint_us=40 encode_us=424 acquire_us=201 submit_us=21135 skipped=0 gpu_q=0
frust_shell_common::perf: frust-perf raw n=294 total_us=21267 rebuild_us=629 layout_us=23 paint_us=41 encode_us=176 acquire_us=203 submit_us=20193 skipped=0 gpu_q=0
frust_shell_common::perf: frust-perf raw n=295 total_us=21747 rebuild_us=773 layout_us=54 paint_us=69 encode_us=196 acquire_us=149 submit_us=20503 skipped=0 gpu_q=0
frust_shell_common::perf: frust-perf raw n=296 total_us=22896 rebuild_us=994 layout_us=33 paint_us=65 encode_us=159 acquire_us=185 submit_us=21458 skipped=0 gpu_q=0
frust_shell_common::perf: frust-perf raw n=297 total_us=21948 rebuild_us=1461 layout_us=37 paint_us=70 encode_us=204 acquire_us=207 submit_us=19965 skipped=0 gpu_q=0
frust_shell_common::perf: frust-perf raw n=298 total_us=20994 rebuild_us=995 layout_us=33 paint_us=63 encode_us=197 acquire_us=212 submit_us=19491 skipped=0 gpu_q=0
frust_shell_common::perf: frust-perf raw n=299 total_us=22171 rebuild_us=824 layout_us=32 paint_us=55 encode_us=161 acquire_us=181 submit_us=20915 skipped=0 gpu_q=0
frust_shell_common::perf: frust-perf raw n=300 total_us=23632 rebuild_us=1154 layout_us=35 paint_us=66 encode_us=219 acquire_us=188 submit_us=21968 skipped=0 gpu_q=0
