bench-scenario-start s3
bench-scenario-start s3-create1k
bench-scenario-end s3-create1k
flutter-perf raw n=2 build_us=4 raster_us=23837 total_us=23903
flutter-perf raw n=3 build_us=9485 raster_us=7948 total_us=29898
bench-scenario-start s3-create10k
bench-scenario-end s3-create10k
flutter-perf raw n=4 build_us=1525 raster_us=3828 total_us=6199
bench-scenario-start s3-update
bench-scenario-end s3-update
flutter-perf raw n=5 build_us=2951 raster_us=3737 total_us=7396
bench-scenario-start s3-swap
bench-scenario-end s3-swap
flutter-perf raw n=6 build_us=2270 raster_us=2676 total_us=6258
bench-scenario-start s3-clear
bench-scenario-end s3-clear
flutter-perf raw n=7 build_us=1257 raster_us=1483 total_us=3262
bench-scenario-start s3-create1k
bench-scenario-end s3-create1k
flutter-perf raw n=8 build_us=25184 raster_us=3771 total_us=31545
bench-scenario-start s3-create10k
bench-scenario-end s3-create10k
flutter-perf raw n=9 build_us=5597 raster_us=2125 total_us=8855
bench-scenario-start s3-update
bench-scenario-end s3-update
flutter-perf raw n=10 build_us=4889 raster_us=3092 total_us=10271
bench-scenario-start s3-swap
bench-scenario-end s3-swap
flutter-perf raw n=11 build_us=7670 raster_us=2885 total_us=13061
bench-scenario-start s3-clear
bench-scenario-end s3-clear
flutter-perf raw n=12 build_us=4051 raster_us=1985 total_us=8648
bench-scenario-start s3-create1k
bench-scenario-end s3-create1k
flutter-perf raw n=13 build_us=24753 raster_us=2540 total_us=29818
bench-scenario-start s3-create10k
bench-scenario-end s3-create10k
flutter-perf raw n=14 build_us=24048 raster_us=3258 total_us=27997
bench-scenario-start s3-update
bench-scenario-end s3-update
flutter-perf raw n=15 build_us=9126 raster_us=2922 total_us=14752
bench-scenario-start s3-swap
bench-scenario-end s3-swap
flutter-perf raw n=16 build_us=7816 raster_us=3038 total_us=13510
bench-scenario-start s3-clear
bench-scenario-end s3-clear
flutter-perf raw n=17 build_us=4382 raster_us=2113 total_us=9258
bench-scenario-start s3-create1k
bench-scenario-end s3-create1k
flutter-perf raw n=18 build_us=25384 raster_us=2652 total_us=29097
bench-scenario-start s3-create10k
bench-scenario-end s3-create10k
flutter-perf raw n=19 build_us=17834 raster_us=2757 total_us=22586
bench-scenario-start s3-update
bench-scenario-end s3-update
flutter-perf raw n=20 build_us=8689 raster_us=3032 total_us=14105
bench-scenario-start s3-swap
bench-scenario-end s3-swap
flutter-perf raw n=21 build_us=8168 raster_us=2946 total_us=14618
bench-scenario-start s3-clear
bench-scenario-end s3-clear
flutter-perf raw n=22 build_us=4156 raster_us=2048 total_us=8705
bench-scenario-start s3-create1k
bench-scenario-end s3-create1k
flutter-perf raw n=23 build_us=18828 raster_us=1377 total_us=21493
bench-scenario-start s3-create10k
bench-scenario-end s3-create10k
flutter-perf raw n=24 build_us=17142 raster_us=2738 total_us=21921
bench-scenario-start s3-update
bench-scenario-end s3-update
flutter-perf raw n=25 build_us=7949 raster_us=2952 total_us=13349
bench-scenario-start s3-swap
bench-scenario-end s3-swap
flutter-perf raw n=26 build_us=8117 raster_us=2780 total_us=13365
bench-scenario-start s3-clear
bench-scenario-end s3-clear
flutter-perf raw n=27 build_us=4075 raster_us=2737 total_us=9774
bench-scenario-start s3-create1k
bench-scenario-end s3-create1k
flutter-perf raw n=28 build_us=21679 raster_us=2454 total_us=26617
bench-scenario-start s3-create10k
bench-scenario-end s3-create10k
flutter-perf raw n=29 build_us=14648 raster_us=2101 total_us=17855
bench-scenario-start s3-update
bench-scenario-end s3-update
flutter-perf raw n=30 build_us=3146 raster_us=2754 total_us=9694
bench-scenario-start s3-swap
bench-scenario-end s3-swap
flutter-perf raw n=31 build_us=3014 raster_us=2769 total_us=10102
bench-scenario-start s3-clear
bench-scenario-end s3-clear
flutter-perf raw n=32 build_us=4190 raster_us=2130 total_us=10597
bench-scenario-start s3-create1k
bench-scenario-end s3-create1k
flutter-perf raw n=33 build_us=11991 raster_us=1415 total_us=14478
bench-scenario-start s3-create10k
bench-scenario-end s3-create10k
flutter-perf raw n=34 build_us=7941 raster_us=2092 total_us=10703
bench-scenario-start s3-update
bench-scenario-end s3-update
flutter-perf raw n=35 build_us=2948 raster_us=2476 total_us=5943
bench-scenario-start s3-swap
bench-scenario-end s3-swap
flutter-perf raw n=36 build_us=7737 raster_us=2608 total_us=11651
bench-scenario-start s3-clear
bench-scenario-end s3-clear
flutter-perf raw n=37 build_us=4256 raster_us=1361 total_us=6908
bench-scenario-start s3-create1k
bench-scenario-end s3-create1k
flutter-perf raw n=38 build_us=24691 raster_us=2435 total_us=28133
bench-scenario-start s3-create10k
bench-scenario-end s3-create10k
flutter-perf raw n=39 build_us=21454 raster_us=2540 total_us=24631
bench-scenario-start s3-update
bench-scenario-end s3-update
flutter-perf raw n=40 build_us=8010 raster_us=2846 total_us=11909
bench-scenario-start s3-swap
bench-scenario-end s3-swap
flutter-perf raw n=41 build_us=7998 raster_us=2955 total_us=13403
bench-scenario-start s3-clear
bench-scenario-end s3-clear
flutter-perf raw n=42 build_us=4205 raster_us=1930 total_us=8702
bench-scenario-start s3-create1k
bench-scenario-end s3-create1k
flutter-perf raw n=43 build_us=19394 raster_us=2405 total_us=24084
bench-scenario-start s3-create10k
bench-scenario-end s3-create10k
flutter-perf raw n=44 build_us=21343 raster_us=2655 total_us=25695
bench-scenario-start s3-update
bench-scenario-end s3-update
flutter-perf raw n=45 build_us=8317 raster_us=2915 total_us=14579
bench-scenario-start s3-swap
bench-scenario-end s3-swap
flutter-perf raw n=46 build_us=7709 raster_us=2936 total_us=12986
bench-scenario-start s3-clear
bench-scenario-end s3-clear
flutter-perf raw n=47 build_us=4088 raster_us=2171 total_us=10715
bench-scenario-start s3-create1k
bench-scenario-end s3-create1k
flutter-perf raw n=48 build_us=24396 raster_us=2550 total_us=30109
bench-scenario-start s3-create10k
bench-scenario-end s3-create10k
flutter-perf raw n=49 build_us=17493 raster_us=2580 total_us=22054
bench-scenario-start s3-update
bench-scenario-end s3-update
flutter-perf raw n=50 build_us=9125 raster_us=2832 total_us=14337
bench-scenario-start s3-swap
bench-scenario-end s3-swap
flutter-perf raw n=51 build_us=7772 raster_us=1769 total_us=12268
bench-scenario-start s3-clear
bench-scenario-end s3-clear
flutter-perf raw n=52 build_us=4279 raster_us=1953 total_us=8724
bench-scenario-start s3-create1k
bench-scenario-end s3-create1k
flutter-perf raw n=53 build_us=17906 raster_us=2596 total_us=22550
bench-scenario-start s3-create10k
bench-scenario-end s3-create10k
flutter-perf raw n=54 build_us=16115 raster_us=2637 total_us=20721
bench-scenario-start s3-update
bench-scenario-end s3-update
flutter-perf raw n=55 build_us=9382 raster_us=2822 total_us=14877
bench-scenario-start s3-swap
bench-scenario-end s3-swap
flutter-perf raw n=56 build_us=7594 raster_us=2758 total_us=12801
bench-scenario-start s3-clear
bench-scenario-end s3-clear
flutter-perf raw n=57 build_us=4317 raster_us=1939 total_us=10531
bench-scenario-start s3-create1k
bench-scenario-end s3-create1k
flutter-perf raw n=58 build_us=25678 raster_us=2481 total_us=31250
bench-scenario-start s3-create10k
bench-scenario-end s3-create10k
flutter-perf raw n=59 build_us=13671 raster_us=2618 total_us=18562
bench-scenario-start s3-update
bench-scenario-end s3-update
flutter-perf raw n=60 build_us=9614 raster_us=3063 total_us=16537
bench-scenario-start s3-swap
bench-scenario-end s3-swap
flutter-perf raw n=61 build_us=8009 raster_us=2824 total_us=13047
bench-scenario-start s3-clear
bench-scenario-end s3-clear
flutter-perf raw n=62 build_us=4430 raster_us=2093 total_us=9264
bench-scenario-start s3-create1k
bench-scenario-end s3-create1k
flutter-perf raw n=63 build_us=21170 raster_us=2456 total_us=25867
bench-scenario-start s3-create10k
bench-scenario-end s3-create10k
flutter-perf raw n=64 build_us=23157 raster_us=2729 total_us=28733
bench-scenario-start s3-update
bench-scenario-end s3-update
flutter-perf raw n=65 build_us=3214 raster_us=2969 total_us=9029
bench-scenario-start s3-swap
bench-scenario-end s3-swap
flutter-perf raw n=66 build_us=3124 raster_us=2884 total_us=7520
bench-scenario-start s3-clear
bench-scenario-end s3-clear
flutter-perf raw n=67 build_us=4347 raster_us=1667 total_us=8593
bench-scenario-start s3-create1k
bench-scenario-end s3-create1k
flutter-perf raw n=68 build_us=10723 raster_us=1746 total_us=13053
bench-scenario-start s3-create10k
bench-scenario-end s3-create10k
flutter-perf raw n=69 build_us=13902 raster_us=2608 total_us=17272
bench-scenario-start s3-update
bench-scenario-end s3-update
flutter-perf raw n=70 build_us=4006 raster_us=2473 total_us=7149
bench-scenario-start s3-swap
bench-scenario-end s3-swap
flutter-perf raw n=71 build_us=3524 raster_us=2308 total_us=6607
bench-scenario-start s3-clear
bench-scenario-end s3-clear
flutter-perf raw n=72 build_us=2262 raster_us=1830 total_us=4933
bench-scenario-start s3-create1k
bench-scenario-end s3-create1k
flutter-perf raw n=73 build_us=13223 raster_us=1360 total_us=15238
bench-scenario-start s3-create10k
bench-scenario-end s3-create10k
flutter-perf raw n=74 build_us=7399 raster_us=1954 total_us=9898
bench-scenario-start s3-update
bench-scenario-end s3-update
flutter-perf raw n=75 build_us=4659 raster_us=2817 total_us=8131
bench-scenario-start s3-swap
bench-scenario-end s3-swap
flutter-perf raw n=76 build_us=4316 raster_us=2613 total_us=7592
bench-scenario-start s3-clear
bench-scenario-end s3-clear
flutter-perf raw n=77 build_us=2350 raster_us=1651 total_us=4566
bench-scenario-start s3-create1k
bench-scenario-end s3-create1k
flutter-perf raw n=78 build_us=15337 raster_us=2418 total_us=18267
bench-scenario-start s3-create10k
bench-scenario-end s3-create10k
flutter-perf raw n=79 build_us=13528 raster_us=1736 total_us=16306
bench-scenario-start s3-update
bench-scenario-end s3-update
flutter-perf raw n=80 build_us=4249 raster_us=2342 total_us=7352
bench-scenario-start s3-swap
bench-scenario-end s3-swap
flutter-perf raw n=81 build_us=3797 raster_us=2488 total_us=6812
bench-scenario-start s3-clear
bench-scenario-end s3-clear
flutter-perf raw n=82 build_us=2236 raster_us=1553 total_us=4406
bench-scenario-start s3-create1k
bench-scenario-end s3-create1k
flutter-perf raw n=83 build_us=11776 raster_us=1686 total_us=13937
bench-scenario-start s3-create10k
bench-scenario-end s3-create10k
flutter-perf raw n=84 build_us=15172 raster_us=2117 total_us=17949
bench-scenario-start s3-update
bench-scenario-end s3-update
flutter-perf raw n=85 build_us=4276 raster_us=2710 total_us=7638
bench-scenario-start s3-swap
bench-scenario-end s3-swap
flutter-perf raw n=86 build_us=4696 raster_us=2511 total_us=7875
bench-scenario-start s3-clear
bench-scenario-end s3-clear
flutter-perf raw n=87 build_us=2065 raster_us=1820 total_us=4473
bench-scenario-start s3-create1k
bench-scenario-end s3-create1k
flutter-perf raw n=88 build_us=12904 raster_us=1637 total_us=15076
bench-scenario-start s3-create10k
bench-scenario-end s3-create10k
flutter-perf raw n=89 build_us=11145 raster_us=1471 total_us=13245
bench-scenario-start s3-update
bench-scenario-end s3-update
flutter-perf raw n=90 build_us=4909 raster_us=2832 total_us=8683
bench-scenario-start s3-swap
bench-scenario-end s3-swap
flutter-perf raw n=91 build_us=4139 raster_us=2481 total_us=7155
bench-scenario-start s3-clear
bench-scenario-end s3-clear
flutter-perf raw n=92 build_us=2763 raster_us=1605 total_us=4894
bench-scenario-start s3-create1k
bench-scenario-end s3-create1k
flutter-perf raw n=93 build_us=14838 raster_us=1671 total_us=17171
bench-scenario-start s3-create10k
bench-scenario-end s3-create10k
flutter-perf raw n=94 build_us=12994 raster_us=1408 total_us=14940
