bench-scenario-start s3
bench-scenario-start s3-create1k
bench-scenario-end s3-create1k
flutter-perf raw n=2 build_us=3 raster_us=23305 total_us=23355
flutter-perf raw n=3 build_us=5978 raster_us=6310 total_us=31352
flutter-perf raw n=5 build_us=160 raster_us=1258 total_us=9124
bench-scenario-start s3-create10k
bench-scenario-end s3-create10k
flutter-perf raw n=6 build_us=1797 raster_us=2833 total_us=6365
bench-scenario-start s3-update
bench-scenario-end s3-update
flutter-perf raw n=7 build_us=2843 raster_us=2164 total_us=6350
bench-scenario-start s3-swap
bench-scenario-end s3-swap
flutter-perf raw n=8 build_us=2509 raster_us=2949 total_us=7366
bench-scenario-start s3-clear
bench-scenario-end s3-clear
flutter-perf raw n=9 build_us=1193 raster_us=1128 total_us=4722
bench-scenario-start s3-create1k
bench-scenario-end s3-create1k
flutter-perf raw n=10 build_us=31728 raster_us=3575 total_us=36294
bench-scenario-start s3-create10k
bench-scenario-end s3-create10k
flutter-perf raw n=11 build_us=21703 raster_us=2542 total_us=24900
bench-scenario-start s3-update
bench-scenario-end s3-update
flutter-perf raw n=12 build_us=9135 raster_us=2523 total_us=12675
bench-scenario-start s3-swap
bench-scenario-end s3-swap
flutter-perf raw n=13 build_us=7382 raster_us=2451 total_us=11036
bench-scenario-start s3-clear
bench-scenario-end s3-clear
flutter-perf raw n=14 build_us=3961 raster_us=1726 total_us=6976
bench-scenario-start s3-create1k
bench-scenario-end s3-create1k
flutter-perf raw n=15 build_us=24743 raster_us=2491 total_us=28349
bench-scenario-start s3-create10k
bench-scenario-end s3-create10k
flutter-perf raw n=16 build_us=14099 raster_us=2747 total_us=18743
bench-scenario-start s3-update
bench-scenario-end s3-update
flutter-perf raw n=17 build_us=7723 raster_us=2947 total_us=12671
bench-scenario-start s3-swap
bench-scenario-end s3-swap
flutter-perf raw n=18 build_us=5077 raster_us=2000 total_us=8898
bench-scenario-start s3-clear
bench-scenario-end s3-clear
flutter-perf raw n=19 build_us=4284 raster_us=1864 total_us=8688
bench-scenario-start s3-create1k
bench-scenario-end s3-create1k
flutter-perf raw n=20 build_us=21380 raster_us=2603 total_us=26718
bench-scenario-start s3-create10k
bench-scenario-end s3-create10k
flutter-perf raw n=21 build_us=13619 raster_us=2579 total_us=18052
bench-scenario-start s3-update
bench-scenario-end s3-update
flutter-perf raw n=22 build_us=8755 raster_us=2920 total_us=12776
bench-scenario-start s3-swap
bench-scenario-end s3-swap
flutter-perf raw n=23 build_us=8185 raster_us=2434 total_us=11983
bench-scenario-start s3-clear
bench-scenario-end s3-clear
flutter-perf raw n=24 build_us=4086 raster_us=1521 total_us=6993
bench-scenario-start s3-create1k
bench-scenario-end s3-create1k
flutter-perf raw n=25 build_us=24721 raster_us=2413 total_us=28154
bench-scenario-start s3-create10k
bench-scenario-end s3-create10k
flutter-perf raw n=26 build_us=20750 raster_us=2445 total_us=23933
bench-scenario-start s3-update
bench-scenario-end s3-update
flutter-perf raw n=27 build_us=7902 raster_us=2412 total_us=11250
bench-scenario-start s3-swap
bench-scenario-end s3-swap
flutter-perf raw n=28 build_us=8655 raster_us=2864 total_us=14088
bench-scenario-start s3-clear
bench-scenario-end s3-clear
flutter-perf raw n=29 build_us=4110 raster_us=1965 total_us=8773
bench-scenario-start s3-create1k
bench-scenario-end s3-create1k
flutter-perf raw n=30 build_us=17428 raster_us=2684 total_us=22431
bench-scenario-start s3-create10k
bench-scenario-end s3-create10k
flutter-perf raw n=31 build_us=12474 raster_us=1381 total_us=15194
bench-scenario-start s3-update
bench-scenario-end s3-update
flutter-perf raw n=32 build_us=9118 raster_us=2946 total_us=16095
bench-scenario-start s3-swap
bench-scenario-end s3-swap
flutter-perf raw n=33 build_us=7916 raster_us=2907 total_us=13323
bench-scenario-start s3-clear
bench-scenario-end s3-clear
flutter-perf raw n=34 build_us=4115 raster_us=2244 total_us=10224
bench-scenario-start s3-create1k
bench-scenario-end s3-create1k
flutter-perf raw n=35 build_us=20554 raster_us=2422 total_us=25538
bench-scenario-start s3-create10k
bench-scenario-end s3-create10k
flutter-perf raw n=36 build_us=14265 raster_us=2575 total_us=18559
bench-scenario-start s3-update
bench-scenario-end s3-update
flutter-perf raw n=37 build_us=9327 raster_us=2923 total_us=15929
bench-scenario-start s3-swap
bench-scenario-end s3-swap
flutter-perf raw n=38 build_us=8172 raster_us=2695 total_us=13211
bench-scenario-start s3-clear
bench-scenario-end s3-clear
flutter-perf raw n=39 build_us=4208 raster_us=1902 total_us=8742
bench-scenario-start s3-create1k
bench-scenario-end s3-create1k
flutter-perf raw n=40 build_us=22067 raster_us=2389 total_us=26853
bench-scenario-start s3-create10k
bench-scenario-end s3-create10k
flutter-perf raw n=41 build_us=13029 raster_us=1755 total_us=16421
bench-scenario-start s3-update
bench-scenario-end s3-update
flutter-perf raw n=42 build_us=9367 raster_us=2862 total_us=14890
bench-scenario-start s3-swap
bench-scenario-end s3-swap
flutter-perf raw n=43 build_us=8336 raster_us=3057 total_us=13818
bench-scenario-start s3-clear
bench-scenario-end s3-clear
flutter-perf raw n=44 build_us=1868 raster_us=2143 total_us=5441
bench-scenario-start s3-create1k
bench-scenario-end s3-create1k
flutter-perf raw n=45 build_us=10287 raster_us=1781 total_us=13360
bench-scenario-start s3-create10k
bench-scenario-end s3-create10k
flutter-perf raw n=46 build_us=13103 raster_us=2575 total_us=17347
bench-scenario-start s3-update
bench-scenario-end s3-update
flutter-perf raw n=47 build_us=9304 raster_us=2999 total_us=16442
bench-scenario-start s3-swap
bench-scenario-end s3-swap
flutter-perf raw n=48 build_us=6868 raster_us=2800 total_us=12070
bench-scenario-start s3-clear
bench-scenario-end s3-clear
flutter-perf raw n=49 build_us=4230 raster_us=1871 total_us=8450
bench-scenario-start s3-create1k
bench-scenario-end s3-create1k
flutter-perf raw n=50 build_us=24652 raster_us=2598 total_us=29449
bench-scenario-start s3-create10k
bench-scenario-end s3-create10k
flutter-perf raw n=51 build_us=19595 raster_us=2613 total_us=23905
bench-scenario-start s3-update
bench-scenario-end s3-update
flutter-perf raw n=52 build_us=8152 raster_us=1876 total_us=12234
bench-scenario-start s3-swap
bench-scenario-end s3-swap
flutter-perf raw n=53 build_us=7774 raster_us=2721 total_us=11554
bench-scenario-start s3-clear
bench-scenario-end s3-clear
flutter-perf raw n=54 build_us=4340 raster_us=1953 total_us=7689
bench-scenario-start s3-create1k
bench-scenario-end s3-create1k
flutter-perf raw n=55 build_us=25434 raster_us=2446 total_us=28973
bench-scenario-start s3-create10k
bench-scenario-end s3-create10k
flutter-perf raw n=56 build_us=20142 raster_us=2631 total_us=23399
bench-scenario-start s3-update
bench-scenario-end s3-update
flutter-perf raw n=57 build_us=9178 raster_us=2417 total_us=12649
bench-scenario-start s3-swap
bench-scenario-end s3-swap
flutter-perf raw n=58 build_us=7696 raster_us=2408 total_us=11384
bench-scenario-start s3-clear
bench-scenario-end s3-clear
flutter-perf raw n=59 build_us=4061 raster_us=1827 total_us=9858
bench-scenario-start s3-create1k
bench-scenario-end s3-create1k
flutter-perf raw n=60 build_us=20673 raster_us=2417 total_us=25382
bench-scenario-start s3-create10k
bench-scenario-end s3-create10k
flutter-perf raw n=61 build_us=21530 raster_us=2899 total_us=27920
bench-scenario-start s3-update
bench-scenario-end s3-update
flutter-perf raw n=62 build_us=9301 raster_us=2897 total_us=14553
bench-scenario-start s3-swap
bench-scenario-end s3-swap
flutter-perf raw n=63 build_us=8450 raster_us=2892 total_us=13941
bench-scenario-start s3-clear
bench-scenario-end s3-clear
flutter-perf raw n=64 build_us=4346 raster_us=1834 total_us=8679
bench-scenario-start s3-create1k
bench-scenario-end s3-create1k
flutter-perf raw n=65 build_us=25818 raster_us=2408 total_us=29440
bench-scenario-start s3-create10k
bench-scenario-end s3-create10k
flutter-perf raw n=66 build_us=24204 raster_us=2816 total_us=28136
bench-scenario-start s3-update
bench-scenario-end s3-update
flutter-perf raw n=67 build_us=9126 raster_us=2511 total_us=12620
bench-scenario-start s3-swap
bench-scenario-end s3-swap
flutter-perf raw n=68 build_us=8188 raster_us=3129 total_us=12763
bench-scenario-start s3-clear
bench-scenario-end s3-clear
flutter-perf raw n=69 build_us=4104 raster_us=1688 total_us=6891
bench-scenario-start s3-create1k
bench-scenario-end s3-create1k
flutter-perf raw n=70 build_us=24077 raster_us=2363 total_us=27450
bench-scenario-start s3-create10k
bench-scenario-end s3-create10k
flutter-perf raw n=71 build_us=17564 raster_us=2715 total_us=23013
bench-scenario-start s3-update
bench-scenario-end s3-update
flutter-perf raw n=72 build_us=6788 raster_us=2875 total_us=11987
bench-scenario-start s3-swap
bench-scenario-end s3-swap
flutter-perf raw n=73 build_us=8132 raster_us=2866 total_us=15388
bench-scenario-start s3-clear
bench-scenario-end s3-clear
flutter-perf raw n=74 build_us=4083 raster_us=1703 total_us=8089
bench-scenario-start s3-create1k
bench-scenario-end s3-create1k
flutter-perf raw n=75 build_us=22421 raster_us=2534 total_us=27641
bench-scenario-start s3-create10k
bench-scenario-end s3-create10k
flutter-perf raw n=76 build_us=22961 raster_us=2711 total_us=28920
bench-scenario-start s3-update
bench-scenario-end s3-update
flutter-perf raw n=77 build_us=7338 raster_us=1767 total_us=10694
bench-scenario-start s3-swap
bench-scenario-end s3-swap
flutter-perf raw n=78 build_us=8469 raster_us=3095 total_us=14012
bench-scenario-start s3-clear
bench-scenario-end s3-clear
flutter-perf raw n=79 build_us=4064 raster_us=2126 total_us=10367
bench-scenario-start s3-create1k
bench-scenario-end s3-create1k
flutter-perf raw n=80 build_us=18168 raster_us=2447 total_us=23039
bench-scenario-start s3-create10k
bench-scenario-end s3-create10k
flutter-perf raw n=81 build_us=23467 raster_us=2682 total_us=30482
bench-scenario-start s3-update
bench-scenario-end s3-update
flutter-perf raw n=82 build_us=8853 raster_us=2977 total_us=14529
bench-scenario-start s3-swap
bench-scenario-end s3-swap
flutter-perf raw n=83 build_us=8286 raster_us=2906 total_us=14445
bench-scenario-start s3-clear
bench-scenario-end s3-clear
flutter-perf raw n=84 build_us=4350 raster_us=1829 total_us=8595
bench-scenario-start s3-create1k
bench-scenario-end s3-create1k
flutter-perf raw n=85 build_us=22925 raster_us=2508 total_us=27442
bench-scenario-start s3-create10k
bench-scenario-end s3-create10k
flutter-perf raw n=86 build_us=24023 raster_us=2608 total_us=30374
bench-scenario-start s3-update
bench-scenario-end s3-update
flutter-perf raw n=87 build_us=9326 raster_us=2837 total_us=14659
bench-scenario-start s3-swap
bench-scenario-end s3-swap
flutter-perf raw n=88 build_us=7795 raster_us=2784 total_us=13722
bench-scenario-start s3-clear
bench-scenario-end s3-clear
flutter-perf raw n=89 build_us=3986 raster_us=1901 total_us=8620
bench-scenario-start s3-create1k
bench-scenario-end s3-create1k
flutter-perf raw n=90 build_us=23495 raster_us=2705 total_us=28390
bench-scenario-start s3-create10k
bench-scenario-end s3-create10k
flutter-perf raw n=91 build_us=20251 raster_us=2981 total_us=26313
bench-scenario-start s3-update
bench-scenario-end s3-update
flutter-perf raw n=92 build_us=9944 raster_us=2851 total_us=16590
bench-scenario-start s3-swap
bench-scenario-end s3-swap
flutter-perf raw n=93 build_us=7545 raster_us=2953 total_us=12851
bench-scenario-start s3-clear
bench-scenario-end s3-clear
flutter-perf raw n=94 build_us=4635 raster_us=1994 total_us=9120
bench-scenario-start s3-create1k
bench-scenario-end s3-create1k
flutter-perf raw n=95 build_us=23501 raster_us=2694 total_us=28558
