bench-scenario-start s3
bench-scenario-start s3-create1k
flutter-perf raw n=2 build_us=5 raster_us=10116 total_us=10168
bench-scenario-end s3-create1k
flutter-perf raw n=3 build_us=9454 raster_us=8364 total_us=22039
bench-scenario-start s3-create10k
bench-scenario-end s3-create10k
flutter-perf raw n=4 build_us=1940 raster_us=4003 total_us=7010
bench-scenario-start s3-update
bench-scenario-end s3-update
flutter-perf raw n=5 build_us=3188 raster_us=4128 total_us=8601
bench-scenario-start s3-swap
bench-scenario-end s3-swap
flutter-perf raw n=6 build_us=2582 raster_us=2549 total_us=6439
bench-scenario-start s3-clear
bench-scenario-end s3-clear
flutter-perf raw n=7 build_us=1217 raster_us=1372 total_us=3828
bench-scenario-start s3-create1k
bench-scenario-end s3-create1k
flutter-perf raw n=8 build_us=30047 raster_us=3781 total_us=37569
bench-scenario-start s3-create10k
bench-scenario-end s3-create10k
flutter-perf raw n=9 build_us=8732 raster_us=1866 total_us=13054
bench-scenario-start s3-update
bench-scenario-end s3-update
flutter-perf raw n=10 build_us=3267 raster_us=2684 total_us=7380
bench-scenario-start s3-swap
bench-scenario-end s3-swap
flutter-perf raw n=11 build_us=7853 raster_us=3151 total_us=13802
bench-scenario-start s3-clear
bench-scenario-end s3-clear
flutter-perf raw n=12 build_us=4313 raster_us=2389 total_us=9301
bench-scenario-start s3-create1k
bench-scenario-end s3-create1k
flutter-perf raw n=13 build_us=25439 raster_us=2723 total_us=30529
bench-scenario-start s3-create10k
bench-scenario-end s3-create10k
flutter-perf raw n=14 build_us=25058 raster_us=2702 total_us=29300
bench-scenario-start s3-update
bench-scenario-end s3-update
flutter-perf raw n=15 build_us=8826 raster_us=3039 total_us=14490
bench-scenario-start s3-swap
bench-scenario-end s3-swap
flutter-perf raw n=16 build_us=8721 raster_us=3110 total_us=14179
bench-scenario-start s3-clear
bench-scenario-end s3-clear
flutter-perf raw n=17 build_us=4536 raster_us=2150 total_us=10808
bench-scenario-start s3-create1k
bench-scenario-end s3-create1k
flutter-perf raw n=18 build_us=25173 raster_us=2771 total_us=32157
bench-scenario-start s3-create10k
bench-scenario-end s3-create10k
flutter-perf raw n=19 build_us=15860 raster_us=3037 total_us=21291
bench-scenario-start s3-update
bench-scenario-end s3-update
flutter-perf raw n=20 build_us=9339 raster_us=3206 total_us=15473
bench-scenario-start s3-swap
bench-scenario-end s3-swap
flutter-perf raw n=21 build_us=7774 raster_us=3142 total_us=13294
bench-scenario-start s3-clear
bench-scenario-end s3-clear
flutter-perf raw n=22 build_us=4070 raster_us=2431 total_us=9142
bench-scenario-start s3-create1k
bench-scenario-end s3-create1k
flutter-perf raw n=23 build_us=20667 raster_us=2724 total_us=25696
bench-scenario-start s3-create10k
bench-scenario-end s3-create10k
flutter-perf raw n=24 build_us=14099 raster_us=2983 total_us=18762
bench-scenario-start s3-update
bench-scenario-end s3-update
flutter-perf raw n=25 build_us=8920 raster_us=3193 total_us=16381
bench-scenario-start s3-swap
bench-scenario-end s3-swap
flutter-perf raw n=26 build_us=8424 raster_us=3296 total_us=14140
bench-scenario-start s3-clear
bench-scenario-end s3-clear
flutter-perf raw n=27 build_us=4393 raster_us=2677 total_us=9796
bench-scenario-start s3-create1k
bench-scenario-end s3-create1k
flutter-perf raw n=28 build_us=11909 raster_us=1928 total_us=14854
bench-scenario-start s3-create10k
bench-scenario-end s3-create10k
flutter-perf raw n=29 build_us=14243 raster_us=2887 total_us=19155
bench-scenario-start s3-update
bench-scenario-end s3-update
flutter-perf raw n=30 build_us=9487 raster_us=3278 total_us=15401
bench-scenario-start s3-swap
bench-scenario-end s3-swap
flutter-perf raw n=31 build_us=7892 raster_us=3119 total_us=13295
bench-scenario-start s3-clear
bench-scenario-end s3-clear
flutter-perf raw n=32 build_us=4410 raster_us=2248 total_us=11312
bench-scenario-start s3-create1k
bench-scenario-end s3-create1k
flutter-perf raw n=33 build_us=21534 raster_us=2715 total_us=27922
bench-scenario-start s3-create10k
bench-scenario-end s3-create10k
flutter-perf raw n=34 build_us=12973 raster_us=2785 total_us=19013
bench-scenario-start s3-update
bench-scenario-end s3-update
flutter-perf raw n=35 build_us=3896 raster_us=2536 total_us=8023
bench-scenario-start s3-swap
bench-scenario-end s3-swap
flutter-perf raw n=36 build_us=7246 raster_us=3155 total_us=12832
bench-scenario-start s3-clear
bench-scenario-end s3-clear
flutter-perf raw n=37 build_us=4394 raster_us=2069 total_us=8945
bench-scenario-start s3-create1k
bench-scenario-end s3-create1k
flutter-perf raw n=38 build_us=24518 raster_us=2800 total_us=30033
bench-scenario-start s3-create10k
bench-scenario-end s3-create10k
flutter-perf raw n=39 build_us=16071 raster_us=2745 total_us=23002
bench-scenario-start s3-update
bench-scenario-end s3-update
flutter-perf raw n=40 build_us=9401 raster_us=3210 total_us=14947
bench-scenario-start s3-swap
bench-scenario-end s3-swap
flutter-perf raw n=41 build_us=7832 raster_us=3332 total_us=13886
bench-scenario-start s3-clear
bench-scenario-end s3-clear
flutter-perf raw n=42 build_us=4230 raster_us=2343 total_us=9107
bench-scenario-start s3-create1k
bench-scenario-end s3-create1k
flutter-perf raw n=43 build_us=24574 raster_us=2649 total_us=29675
bench-scenario-start s3-create10k
bench-scenario-end s3-create10k
flutter-perf raw n=44 build_us=21342 raster_us=2971 total_us=27611
bench-scenario-start s3-update
bench-scenario-end s3-update
flutter-perf raw n=45 build_us=9536 raster_us=3128 total_us=15337
bench-scenario-start s3-swap
bench-scenario-end s3-swap
flutter-perf raw n=46 build_us=7861 raster_us=3274 total_us=14537
bench-scenario-start s3-clear
bench-scenario-end s3-clear
flutter-perf raw n=47 build_us=4399 raster_us=2147 total_us=9061
bench-scenario-start s3-create1k
bench-scenario-end s3-create1k
flutter-perf raw n=48 build_us=24660 raster_us=2587 total_us=29630
bench-scenario-start s3-create10k
bench-scenario-end s3-create10k
flutter-perf raw n=49 build_us=19804 raster_us=2883 total_us=25343
bench-scenario-start s3-update
bench-scenario-end s3-update
flutter-perf raw n=50 build_us=3564 raster_us=3075 total_us=8465
bench-scenario-start s3-swap
bench-scenario-end s3-swap
flutter-perf raw n=51 build_us=3245 raster_us=2275 total_us=7271
bench-scenario-start s3-clear
bench-scenario-end s3-clear
flutter-perf raw n=52 build_us=1953 raster_us=2265 total_us=5877
bench-scenario-start s3-create1k
bench-scenario-end s3-create1k
flutter-perf raw n=53 build_us=24942 raster_us=2694 total_us=30858
bench-scenario-start s3-create10k
bench-scenario-end s3-create10k
flutter-perf raw n=54 build_us=15152 raster_us=2856 total_us=19732
bench-scenario-start s3-update
bench-scenario-end s3-update
flutter-perf raw n=55 build_us=9834 raster_us=3171 total_us=15659
bench-scenario-start s3-swap
bench-scenario-end s3-swap
flutter-perf raw n=56 build_us=8568 raster_us=3162 total_us=14112
bench-scenario-start s3-clear
bench-scenario-end s3-clear
flutter-perf raw n=57 build_us=3835 raster_us=1997 total_us=8360
bench-scenario-start s3-create1k
bench-scenario-end s3-create1k
flutter-perf raw n=58 build_us=20860 raster_us=2708 total_us=26054
bench-scenario-start s3-create10k
bench-scenario-end s3-create10k
flutter-perf raw n=59 build_us=13151 raster_us=2762 total_us=17725
bench-scenario-start s3-update
bench-scenario-end s3-update
flutter-perf raw n=60 build_us=9414 raster_us=3174 total_us=16665
bench-scenario-start s3-swap
bench-scenario-end s3-swap
flutter-perf raw n=61 build_us=7664 raster_us=3206 total_us=13276
bench-scenario-start s3-clear
bench-scenario-end s3-clear
flutter-perf raw n=62 build_us=4259 raster_us=2193 total_us=9952
bench-scenario-start s3-create1k
bench-scenario-end s3-create1k
flutter-perf raw n=63 build_us=17926 raster_us=2813 total_us=22991
bench-scenario-start s3-create10k
bench-scenario-end s3-create10k
flutter-perf raw n=64 build_us=14512 raster_us=2702 total_us=18951
bench-scenario-start s3-update
bench-scenario-end s3-update
flutter-perf raw n=65 build_us=9402 raster_us=3074 total_us=15189
bench-scenario-start s3-swap
bench-scenario-end s3-swap
flutter-perf raw n=66 build_us=7941 raster_us=3086 total_us=13337
bench-scenario-start s3-clear
bench-scenario-end s3-clear
flutter-perf raw n=67 build_us=4122 raster_us=2317 total_us=9277
bench-scenario-start s3-create1k
bench-scenario-end s3-create1k
flutter-perf raw n=68 build_us=23168 raster_us=2849 total_us=28462
bench-scenario-start s3-create10k
bench-scenario-end s3-create10k
flutter-perf raw n=69 build_us=22056 raster_us=2352 total_us=28020
bench-scenario-start s3-update
bench-scenario-end s3-update
flutter-perf raw n=70 build_us=8706 raster_us=3080 total_us=14395
bench-scenario-start s3-swap
bench-scenario-end s3-swap
flutter-perf raw n=71 build_us=9159 raster_us=3236 total_us=14947
bench-scenario-start s3-clear
bench-scenario-end s3-clear
flutter-perf raw n=72 build_us=4590 raster_us=2507 total_us=9853
bench-scenario-start s3-create1k
bench-scenario-end s3-create1k
flutter-perf raw n=73 build_us=22993 raster_us=2778 total_us=29695
bench-scenario-start s3-create10k
bench-scenario-end s3-create10k
flutter-perf raw n=74 build_us=20439 raster_us=2891 total_us=26435
bench-scenario-start s3-update
bench-scenario-end s3-update
flutter-perf raw n=75 build_us=8458 raster_us=3133 total_us=14408
bench-scenario-start s3-swap
bench-scenario-end s3-swap
flutter-perf raw n=76 build_us=8409 raster_us=3160 total_us=14849
bench-scenario-start s3-clear
bench-scenario-end s3-clear
flutter-perf raw n=77 build_us=4273 raster_us=2099 total_us=8779
bench-scenario-start s3-create1k
bench-scenario-end s3-create1k
flutter-perf raw n=78 build_us=23123 raster_us=2595 total_us=28255
bench-scenario-start s3-create10k
bench-scenario-end s3-create10k
flutter-perf raw n=79 build_us=21044 raster_us=2991 total_us=26802
bench-scenario-start s3-update
bench-scenario-end s3-update
flutter-perf raw n=80 build_us=3478 raster_us=3117 total_us=9997
bench-scenario-start s3-swap
bench-scenario-end s3-swap
flutter-perf raw n=81 build_us=2915 raster_us=3067 total_us=7537
bench-scenario-start s3-clear
bench-scenario-end s3-clear
flutter-perf raw n=82 build_us=4040 raster_us=2271 total_us=8751
bench-scenario-start s3-create1k
bench-scenario-end s3-create1k
flutter-perf raw n=83 build_us=24856 raster_us=2669 total_us=29881
bench-scenario-start s3-create10k
bench-scenario-end s3-create10k
flutter-perf raw n=84 build_us=20111 raster_us=2962 total_us=25117
bench-scenario-start s3-update
bench-scenario-end s3-update
flutter-perf raw n=85 build_us=8727 raster_us=3125 total_us=15348
bench-scenario-start s3-swap
bench-scenario-end s3-swap
flutter-perf raw n=86 build_us=8035 raster_us=3220 total_us=13866
bench-scenario-start s3-clear
bench-scenario-end s3-clear
flutter-perf raw n=87 build_us=4185 raster_us=2256 total_us=9047
bench-scenario-start s3-create1k
bench-scenario-end s3-create1k
flutter-perf raw n=88 build_us=25015 raster_us=2683 total_us=30276
bench-scenario-start s3-create10k
bench-scenario-end s3-create10k
flutter-perf raw n=89 build_us=21243 raster_us=2807 total_us=27168
bench-scenario-start s3-update
bench-scenario-end s3-update
flutter-perf raw n=90 build_us=9948 raster_us=3198 total_us=15647
bench-scenario-start s3-swap
bench-scenario-end s3-swap
flutter-perf raw n=91 build_us=8311 raster_us=3154 total_us=13940
bench-scenario-start s3-clear
bench-scenario-end s3-clear
flutter-perf raw n=92 build_us=4241 raster_us=2281 total_us=9886
bench-scenario-start s3-create1k
bench-scenario-end s3-create1k
