bench-scenario-start s3
bench-scenario-start s3-create1k
flutter-perf raw n=2 build_us=6 raster_us=10136 total_us=10195
bench-scenario-end s3-create1k
flutter-perf raw n=3 build_us=9354 raster_us=8369 total_us=21433
bench-scenario-start s3-create10k
bench-scenario-end s3-create10k
flutter-perf raw n=4 build_us=1139 raster_us=3981 total_us=6169
bench-scenario-start s3-update
bench-scenario-end s3-update
flutter-perf raw n=5 build_us=3182 raster_us=4201 total_us=8505
bench-scenario-start s3-swap
bench-scenario-end s3-swap
flutter-perf raw n=6 build_us=2337 raster_us=2429 total_us=6561
bench-scenario-start s3-clear
bench-scenario-end s3-clear
flutter-perf raw n=7 build_us=1367 raster_us=1560 total_us=5273
bench-scenario-start s3-create1k
bench-scenario-end s3-create1k
flutter-perf raw n=8 build_us=30670 raster_us=3865 total_us=38934
bench-scenario-start s3-create10k
bench-scenario-end s3-create10k
flutter-perf raw n=9 build_us=8597 raster_us=2240 total_us=13904
bench-scenario-start s3-update
bench-scenario-end s3-update
flutter-perf raw n=10 build_us=8804 raster_us=3074 total_us=16192
bench-scenario-start s3-swap
bench-scenario-end s3-swap
flutter-perf raw n=11 build_us=8676 raster_us=3057 total_us=14266
bench-scenario-start s3-clear
bench-scenario-end s3-clear
flutter-perf raw n=12 build_us=4027 raster_us=1943 total_us=7736
bench-scenario-start s3-create1k
bench-scenario-end s3-create1k
flutter-perf raw n=13 build_us=10236 raster_us=2530 total_us=17150
bench-scenario-start s3-create10k
bench-scenario-end s3-create10k
flutter-perf raw n=14 build_us=14414 raster_us=2176 total_us=17309
bench-scenario-start s3-update
bench-scenario-end s3-update
flutter-perf raw n=15 build_us=3415 raster_us=2976 total_us=8259
bench-scenario-start s3-swap
bench-scenario-end s3-swap
flutter-perf raw n=16 build_us=8757 raster_us=3379 total_us=14650
bench-scenario-start s3-clear
bench-scenario-end s3-clear
flutter-perf raw n=17 build_us=4781 raster_us=2191 total_us=9822
bench-scenario-start s3-create1k
bench-scenario-end s3-create1k
flutter-perf raw n=18 build_us=24196 raster_us=2613 total_us=28749
bench-scenario-start s3-create10k
bench-scenario-end s3-create10k
flutter-perf raw n=19 build_us=19673 raster_us=2936 total_us=25318
bench-scenario-start s3-update
bench-scenario-end s3-update
flutter-perf raw n=20 build_us=6938 raster_us=3088 total_us=12454
bench-scenario-start s3-swap
bench-scenario-end s3-swap
flutter-perf raw n=21 build_us=5935 raster_us=2909 total_us=11813
bench-scenario-start s3-clear
bench-scenario-end s3-clear
flutter-perf raw n=22 build_us=4727 raster_us=2373 total_us=10500
bench-scenario-start s3-create1k
bench-scenario-end s3-create1k
flutter-perf raw n=23 build_us=23204 raster_us=2720 total_us=28415
bench-scenario-start s3-create10k
bench-scenario-end s3-create10k
flutter-perf raw n=24 build_us=23820 raster_us=3007 total_us=30619
bench-scenario-start s3-update
bench-scenario-end s3-update
flutter-perf raw n=25 build_us=8277 raster_us=3348 total_us=14248
bench-scenario-start s3-swap
bench-scenario-end s3-swap
flutter-perf raw n=26 build_us=8275 raster_us=3217 total_us=14070
bench-scenario-start s3-clear
bench-scenario-end s3-clear
flutter-perf raw n=27 build_us=4395 raster_us=2621 total_us=9585
bench-scenario-start s3-create1k
bench-scenario-end s3-create1k
flutter-perf raw n=28 build_us=10635 raster_us=1266 total_us=13119
bench-scenario-start s3-create10k
bench-scenario-end s3-create10k
flutter-perf raw n=29 build_us=24371 raster_us=3074 total_us=31102
bench-scenario-start s3-update
bench-scenario-end s3-update
flutter-perf raw n=30 build_us=9031 raster_us=3120 total_us=14606
bench-scenario-start s3-swap
bench-scenario-end s3-swap
flutter-perf raw n=31 build_us=8309 raster_us=3102 total_us=13996
bench-scenario-start s3-clear
bench-scenario-end s3-clear
flutter-perf raw n=32 build_us=4400 raster_us=2172 total_us=9134
bench-scenario-start s3-create1k
bench-scenario-end s3-create1k
flutter-perf raw n=33 build_us=18614 raster_us=2913 total_us=23727
bench-scenario-start s3-create10k
bench-scenario-end s3-create10k
flutter-perf raw n=34 build_us=23633 raster_us=3036 total_us=30092
bench-scenario-start s3-update
bench-scenario-end s3-update
flutter-perf raw n=35 build_us=8846 raster_us=2999 total_us=14419
bench-scenario-start s3-swap
bench-scenario-end s3-swap
flutter-perf raw n=36 build_us=7796 raster_us=3016 total_us=14935
bench-scenario-start s3-clear
bench-scenario-end s3-clear
flutter-perf raw n=37 build_us=4708 raster_us=2110 total_us=9293
bench-scenario-start s3-create1k
bench-scenario-end s3-create1k
flutter-perf raw n=38 build_us=18779 raster_us=2724 total_us=23781
bench-scenario-start s3-create10k
bench-scenario-end s3-create10k
flutter-perf raw n=39 build_us=20773 raster_us=2917 total_us=26022
bench-scenario-start s3-update
bench-scenario-end s3-update
flutter-perf raw n=40 build_us=9172 raster_us=3271 total_us=17542
bench-scenario-start s3-swap
bench-scenario-end s3-swap
flutter-perf raw n=41 build_us=7779 raster_us=3097 total_us=13247
bench-scenario-start s3-clear
bench-scenario-end s3-clear
flutter-perf raw n=42 build_us=4067 raster_us=2139 total_us=8757
bench-scenario-start s3-create1k
bench-scenario-end s3-create1k
flutter-perf raw n=43 build_us=22580 raster_us=2782 total_us=27943
bench-scenario-start s3-create10k
bench-scenario-end s3-create10k
flutter-perf raw n=44 build_us=20780 raster_us=3060 total_us=27381
bench-scenario-start s3-update
bench-scenario-end s3-update
flutter-perf raw n=45 build_us=8497 raster_us=3014 total_us=15211
bench-scenario-start s3-swap
bench-scenario-end s3-swap
flutter-perf raw n=46 build_us=7862 raster_us=3110 total_us=13312
bench-scenario-start s3-clear
bench-scenario-end s3-clear
flutter-perf raw n=47 build_us=4250 raster_us=2353 total_us=11142
bench-scenario-start s3-create1k
bench-scenario-end s3-create1k
flutter-perf raw n=48 build_us=19594 raster_us=2600 total_us=24602
bench-scenario-start s3-create10k
bench-scenario-end s3-create10k
flutter-perf raw n=49 build_us=21241 raster_us=2833 total_us=26192
bench-scenario-start s3-update
bench-scenario-end s3-update
flutter-perf raw n=50 build_us=3182 raster_us=3226 total_us=10382
bench-scenario-start s3-swap
bench-scenario-end s3-swap
flutter-perf raw n=51 build_us=2960 raster_us=3369 total_us=10744
bench-scenario-start s3-clear
bench-scenario-end s3-clear
flutter-perf raw n=52 build_us=1725 raster_us=2203 total_us=8398
bench-scenario-start s3-create1k
bench-scenario-end s3-create1k
flutter-perf raw n=53 build_us=24229 raster_us=2921 total_us=30952
bench-scenario-start s3-create10k
bench-scenario-end s3-create10k
flutter-perf raw n=54 build_us=19310 raster_us=2846 total_us=23883
bench-scenario-start s3-update
bench-scenario-end s3-update
flutter-perf raw n=55 build_us=7894 raster_us=3053 total_us=13343
bench-scenario-start s3-swap
bench-scenario-end s3-swap
flutter-perf raw n=56 build_us=7814 raster_us=3147 total_us=13560
bench-scenario-start s3-clear
bench-scenario-end s3-clear
flutter-perf raw n=57 build_us=3891 raster_us=2271 total_us=8776
bench-scenario-start s3-create1k
bench-scenario-end s3-create1k
flutter-perf raw n=58 build_us=25397 raster_us=2662 total_us=30565
bench-scenario-start s3-create10k
bench-scenario-end s3-create10k
flutter-perf raw n=59 build_us=20414 raster_us=3082 total_us=26232
bench-scenario-start s3-update
bench-scenario-end s3-update
flutter-perf raw n=60 build_us=8717 raster_us=3195 total_us=15615
bench-scenario-start s3-swap
bench-scenario-end s3-swap
flutter-perf raw n=61 build_us=7788 raster_us=3247 total_us=13385
bench-scenario-start s3-clear
bench-scenario-end s3-clear
flutter-perf raw n=62 build_us=4125 raster_us=2306 total_us=9079
bench-scenario-start s3-create1k
bench-scenario-end s3-create1k
flutter-perf raw n=63 build_us=24484 raster_us=2643 total_us=29709
bench-scenario-start s3-create10k
bench-scenario-end s3-create10k
flutter-perf raw n=64 build_us=21623 raster_us=3120 total_us=28285
bench-scenario-start s3-update
bench-scenario-end s3-update
flutter-perf raw n=65 build_us=9805 raster_us=3150 total_us=15383
bench-scenario-start s3-swap
bench-scenario-end s3-swap
flutter-perf raw n=66 build_us=9080 raster_us=3130 total_us=14578
bench-scenario-start s3-clear
bench-scenario-end s3-clear
flutter-perf raw n=67 build_us=4012 raster_us=2222 total_us=9074
bench-scenario-start s3-create1k
bench-scenario-end s3-create1k
flutter-perf raw n=68 build_us=25922 raster_us=2462 total_us=29493
bench-scenario-start s3-create10k
bench-scenario-end s3-create10k
flutter-perf raw n=69 build_us=7825 raster_us=2557 total_us=12342
bench-scenario-start s3-update
bench-scenario-end s3-update
flutter-perf raw n=70 build_us=3033 raster_us=3175 total_us=8022
bench-scenario-start s3-swap
bench-scenario-end s3-swap
flutter-perf raw n=71 build_us=8365 raster_us=3264 total_us=14181
bench-scenario-start s3-clear
bench-scenario-end s3-clear
flutter-perf raw n=72 build_us=4362 raster_us=2349 total_us=9334
bench-scenario-start s3-create1k
bench-scenario-end s3-create1k
flutter-perf raw n=73 build_us=21896 raster_us=2722 total_us=27361
bench-scenario-start s3-create10k
bench-scenario-end s3-create10k
flutter-perf raw n=74 build_us=23344 raster_us=3031 total_us=30169
bench-scenario-start s3-update
bench-scenario-end s3-update
flutter-perf raw n=75 build_us=8569 raster_us=3200 total_us=14409
bench-scenario-start s3-swap
bench-scenario-end s3-swap
flutter-perf raw n=76 build_us=8009 raster_us=3212 total_us=14089
bench-scenario-start s3-clear
bench-scenario-end s3-clear
flutter-perf raw n=77 build_us=4365 raster_us=2189 total_us=9114
bench-scenario-start s3-create1k
bench-scenario-end s3-create1k
flutter-perf raw n=78 build_us=18549 raster_us=2640 total_us=23543
bench-scenario-start s3-create10k
bench-scenario-end s3-create10k
flutter-perf raw n=79 build_us=13591 raster_us=2842 total_us=18167
bench-scenario-start s3-update
bench-scenario-end s3-update
flutter-perf raw n=80 build_us=9536 raster_us=3105 total_us=16852
bench-scenario-start s3-swap
bench-scenario-end s3-swap
flutter-perf raw n=81 build_us=7049 raster_us=3007 total_us=12398
bench-scenario-start s3-clear
bench-scenario-end s3-clear
flutter-perf raw n=82 build_us=4500 raster_us=2272 total_us=10971
bench-scenario-start s3-create1k
bench-scenario-end s3-create1k
flutter-perf raw n=83 build_us=18707 raster_us=2715 total_us=23680
bench-scenario-start s3-create10k
bench-scenario-end s3-create10k
flutter-perf raw n=84 build_us=13960 raster_us=2867 total_us=19144
bench-scenario-start s3-update
bench-scenario-end s3-update
flutter-perf raw n=85 build_us=9489 raster_us=3239 total_us=16758
bench-scenario-start s3-swap
bench-scenario-end s3-swap
flutter-perf raw n=86 build_us=7034 raster_us=2989 total_us=12129
bench-scenario-start s3-clear
bench-scenario-end s3-clear
flutter-perf raw n=87 build_us=4481 raster_us=2360 total_us=9405
bench-scenario-start s3-create1k
bench-scenario-end s3-create1k
flutter-perf raw n=88 build_us=19124 raster_us=2629 total_us=24173
bench-scenario-start s3-create10k
bench-scenario-end s3-create10k
flutter-perf raw n=89 build_us=9294 raster_us=2134 total_us=13999
bench-scenario-start s3-update
bench-scenario-end s3-update
flutter-perf raw n=90 build_us=3384 raster_us=2879 total_us=7935
bench-scenario-start s3-swap
bench-scenario-end s3-swap
flutter-perf raw n=91 build_us=8528 raster_us=3170 total_us=14238
bench-scenario-start s3-clear
bench-scenario-end s3-clear
flutter-perf raw n=92 build_us=4308 raster_us=2177 total_us=8968
bench-scenario-start s3-create1k
bench-scenario-end s3-create1k
flutter-perf raw n=93 build_us=24653 raster_us=2645 total_us=29984
