bench-scenario-start s3
bench-scenario-start s3-create1k
bench-scenario-end s3-create1k
flutter-perf raw n=2 build_us=4 raster_us=10212 total_us=10262
flutter-perf raw n=3 build_us=6434 raster_us=8129 total_us=16516
bench-scenario-start s3-create10k
bench-scenario-end s3-create10k
flutter-perf raw n=4 build_us=1693 raster_us=3851 total_us=6183
bench-scenario-start s3-update
bench-scenario-end s3-update
flutter-perf raw n=5 build_us=3110 raster_us=3248 total_us=6918
bench-scenario-start s3-swap
bench-scenario-end s3-swap
flutter-perf raw n=6 build_us=2528 raster_us=2520 total_us=7441
bench-scenario-start s3-clear
bench-scenario-end s3-clear
flutter-perf raw n=7 build_us=1257 raster_us=1584 total_us=6196
bench-scenario-start s3-create1k
bench-scenario-end s3-create1k
flutter-perf raw n=8 build_us=30356 raster_us=3860 total_us=37430
bench-scenario-start s3-create10k
bench-scenario-end s3-create10k
flutter-perf raw n=9 build_us=9011 raster_us=1942 total_us=12301
bench-scenario-start s3-update
bench-scenario-end s3-update
flutter-perf raw n=10 build_us=8424 raster_us=3059 total_us=14207
bench-scenario-start s3-swap
bench-scenario-end s3-swap
flutter-perf raw n=11 build_us=6757 raster_us=2843 total_us=12072
bench-scenario-start s3-clear
bench-scenario-end s3-clear
flutter-perf raw n=12 build_us=4362 raster_us=1998 total_us=8975
bench-scenario-start s3-create1k
bench-scenario-end s3-create1k
flutter-perf raw n=13 build_us=23632 raster_us=2651 total_us=28689
bench-scenario-start s3-create10k
bench-scenario-end s3-create10k
flutter-perf raw n=14 build_us=23847 raster_us=3037 total_us=29530
bench-scenario-start s3-update
bench-scenario-end s3-update
flutter-perf raw n=15 build_us=8067 raster_us=3067 total_us=13901
bench-scenario-start s3-swap
bench-scenario-end s3-swap
flutter-perf raw n=16 build_us=8623 raster_us=3096 total_us=14410
bench-scenario-start s3-clear
bench-scenario-end s3-clear
flutter-perf raw n=17 build_us=4150 raster_us=2164 total_us=9170
bench-scenario-start s3-create1k
bench-scenario-end s3-create1k
flutter-perf raw n=18 build_us=24677 raster_us=2719 total_us=29746
bench-scenario-start s3-create10k
bench-scenario-end s3-create10k
flutter-perf raw n=19 build_us=20803 raster_us=2959 total_us=27847
bench-scenario-start s3-update
bench-scenario-end s3-update
flutter-perf raw n=20 build_us=3824 raster_us=3061 total_us=8644
bench-scenario-start s3-swap
bench-scenario-end s3-swap
flutter-perf raw n=21 build_us=3481 raster_us=3005 total_us=8136
bench-scenario-start s3-clear
bench-scenario-end s3-clear
flutter-perf raw n=22 build_us=2045 raster_us=2266 total_us=6005
bench-scenario-start s3-create1k
bench-scenario-end s3-create1k
flutter-perf raw n=23 build_us=24909 raster_us=2845 total_us=31081
bench-scenario-start s3-create10k
bench-scenario-end s3-create10k
flutter-perf raw n=24 build_us=19979 raster_us=3109 total_us=26266
bench-scenario-start s3-update
bench-scenario-end s3-update
flutter-perf raw n=25 build_us=8848 raster_us=3098 total_us=14359
bench-scenario-start s3-swap
bench-scenario-end s3-swap
flutter-perf raw n=26 build_us=8481 raster_us=3091 total_us=14218
bench-scenario-start s3-clear
bench-scenario-end s3-clear
flutter-perf raw n=27 build_us=3893 raster_us=3289 total_us=9964
bench-scenario-start s3-create1k
bench-scenario-end s3-create1k
flutter-perf raw n=28 build_us=13462 raster_us=2772 total_us=17885
bench-scenario-start s3-create10k
bench-scenario-end s3-create10k
flutter-perf raw n=29 build_us=16088 raster_us=1290 total_us=18671
bench-scenario-start s3-update
bench-scenario-end s3-update
flutter-perf raw n=30 build_us=8893 raster_us=3211 total_us=14815
bench-scenario-start s3-swap
bench-scenario-end s3-swap
flutter-perf raw n=31 build_us=8311 raster_us=3474 total_us=14256
bench-scenario-start s3-clear
bench-scenario-end s3-clear
flutter-perf raw n=32 build_us=4214 raster_us=2030 total_us=8710
bench-scenario-start s3-create1k
bench-scenario-end s3-create1k
flutter-perf raw n=33 build_us=21052 raster_us=2805 total_us=26476
bench-scenario-start s3-create10k
bench-scenario-end s3-create10k
flutter-perf raw n=34 build_us=13311 raster_us=2793 total_us=17928
bench-scenario-start s3-update
bench-scenario-end s3-update
flutter-perf raw n=35 build_us=8944 raster_us=3346 total_us=16561
bench-scenario-start s3-swap
bench-scenario-end s3-swap
flutter-perf raw n=36 build_us=7538 raster_us=3259 total_us=13316
bench-scenario-start s3-clear
bench-scenario-end s3-clear
flutter-perf raw n=37 build_us=4575 raster_us=2078 total_us=9902
bench-scenario-start s3-create1k
bench-scenario-end s3-create1k
flutter-perf raw n=38 build_us=18259 raster_us=3039 total_us=23899
bench-scenario-start s3-create10k
bench-scenario-end s3-create10k
flutter-perf raw n=39 build_us=15722 raster_us=2822 total_us=20341
bench-scenario-start s3-update
bench-scenario-end s3-update
flutter-perf raw n=40 build_us=8970 raster_us=3059 total_us=14595
bench-scenario-start s3-swap
bench-scenario-end s3-swap
flutter-perf raw n=41 build_us=8506 raster_us=3241 total_us=14978
bench-scenario-start s3-clear
bench-scenario-end s3-clear
flutter-perf raw n=42 build_us=4468 raster_us=2051 total_us=9045
bench-scenario-start s3-create1k
bench-scenario-end s3-create1k
flutter-perf raw n=43 build_us=22095 raster_us=2640 total_us=26782
bench-scenario-start s3-create10k
bench-scenario-end s3-create10k
flutter-perf raw n=44 build_us=20460 raster_us=2894 total_us=26125
bench-scenario-start s3-update
bench-scenario-end s3-update
flutter-perf raw n=45 build_us=9192 raster_us=3193 total_us=15152
bench-scenario-start s3-swap
bench-scenario-end s3-swap
flutter-perf raw n=46 build_us=7828 raster_us=3140 total_us=13266
bench-scenario-start s3-clear
bench-scenario-end s3-clear
flutter-perf raw n=47 build_us=4476 raster_us=2353 total_us=9652
bench-scenario-start s3-create1k
bench-scenario-end s3-create1k
flutter-perf raw n=48 build_us=19033 raster_us=2642 total_us=24055
bench-scenario-start s3-create10k
bench-scenario-end s3-create10k
flutter-perf raw n=49 build_us=15661 raster_us=2819 total_us=21219
bench-scenario-start s3-update
bench-scenario-end s3-update
flutter-perf raw n=50 build_us=8143 raster_us=3070 total_us=13805
bench-scenario-start s3-swap
bench-scenario-end s3-swap
flutter-perf raw n=51 build_us=7908 raster_us=2001 total_us=14081
bench-scenario-start s3-clear
bench-scenario-end s3-clear
flutter-perf raw n=52 build_us=4060 raster_us=2112 total_us=8630
bench-scenario-start s3-create1k
bench-scenario-end s3-create1k
flutter-perf raw n=53 build_us=24040 raster_us=2689 total_us=29434
bench-scenario-start s3-create10k
bench-scenario-end s3-create10k
flutter-perf raw n=54 build_us=20420 raster_us=2934 total_us=25638
bench-scenario-start s3-update
bench-scenario-end s3-update
flutter-perf raw n=55 build_us=8885 raster_us=3167 total_us=14765
bench-scenario-start s3-swap
bench-scenario-end s3-swap
flutter-perf raw n=56 build_us=7771 raster_us=3177 total_us=13458
bench-scenario-start s3-clear
bench-scenario-end s3-clear
flutter-perf raw n=57 build_us=4331 raster_us=2269 total_us=9351
bench-scenario-start s3-create1k
bench-scenario-end s3-create1k
flutter-perf raw n=58 build_us=19445 raster_us=2664 total_us=24563
bench-scenario-start s3-create10k
bench-scenario-end s3-create10k
flutter-perf raw n=59 build_us=16568 raster_us=2988 total_us=21557
bench-scenario-start s3-update
bench-scenario-end s3-update
flutter-perf raw n=60 build_us=7977 raster_us=2949 total_us=13463
bench-scenario-start s3-swap
bench-scenario-end s3-swap
flutter-perf raw n=61 build_us=7820 raster_us=3115 total_us=14163
bench-scenario-start s3-clear
bench-scenario-end s3-clear
flutter-perf raw n=62 build_us=4456 raster_us=2175 total_us=9147
bench-scenario-start s3-create1k
bench-scenario-end s3-create1k
flutter-perf raw n=63 build_us=25581 raster_us=2681 total_us=30823
bench-scenario-start s3-create10k
bench-scenario-end s3-create10k
flutter-perf raw n=64 build_us=17854 raster_us=3053 total_us=23473
bench-scenario-start s3-update
bench-scenario-end s3-update
flutter-perf raw n=65 build_us=3170 raster_us=2766 total_us=8976
bench-scenario-start s3-swap
bench-scenario-end s3-swap
flutter-perf raw n=66 build_us=3256 raster_us=3499 total_us=10638
bench-scenario-start s3-clear
bench-scenario-end s3-clear
flutter-perf raw n=67 build_us=4085 raster_us=2355 total_us=10225
bench-scenario-start s3-create1k
bench-scenario-end s3-create1k
flutter-perf raw n=68 build_us=21242 raster_us=2731 total_us=26301
bench-scenario-start s3-create10k
bench-scenario-end s3-create10k
flutter-perf raw n=69 build_us=14409 raster_us=1910 total_us=17880
bench-scenario-start s3-update
bench-scenario-end s3-update
flutter-perf raw n=70 build_us=9219 raster_us=3179 total_us=15756
bench-scenario-start s3-swap
bench-scenario-end s3-swap
flutter-perf raw n=71 build_us=7254 raster_us=3215 total_us=12849
bench-scenario-start s3-clear
bench-scenario-end s3-clear
flutter-perf raw n=72 build_us=4180 raster_us=2032 total_us=9552
bench-scenario-start s3-create1k
bench-scenario-end s3-create1k
flutter-perf raw n=73 build_us=18164 raster_us=2609 total_us=23196
bench-scenario-start s3-create10k
bench-scenario-end s3-create10k
flutter-perf raw n=74 build_us=21253 raster_us=3055 total_us=27366
bench-scenario-start s3-update
bench-scenario-end s3-update
flutter-perf raw n=75 build_us=8721 raster_us=3259 total_us=16046
bench-scenario-start s3-swap
bench-scenario-end s3-swap
flutter-perf raw n=76 build_us=8559 raster_us=3204 total_us=14283
bench-scenario-start s3-clear
bench-scenario-end s3-clear
flutter-perf raw n=77 build_us=4533 raster_us=2296 total_us=10856
bench-scenario-start s3-create1k
bench-scenario-end s3-create1k
flutter-perf raw n=78 build_us=21492 raster_us=2722 total_us=28333
bench-scenario-start s3-create10k
bench-scenario-end s3-create10k
flutter-perf raw n=79 build_us=23395 raster_us=2442 total_us=28232
bench-scenario-start s3-update
bench-scenario-end s3-update
flutter-perf raw n=80 build_us=3392 raster_us=3124 total_us=8117
bench-scenario-start s3-swap
bench-scenario-end s3-swap
flutter-perf raw n=81 build_us=3192 raster_us=3129 total_us=7891
bench-scenario-start s3-clear
bench-scenario-end s3-clear
flutter-perf raw n=82 build_us=3688 raster_us=2049 total_us=8478
bench-scenario-start s3-create1k
bench-scenario-end s3-create1k
flutter-perf raw n=83 build_us=23215 raster_us=2833 total_us=28585
bench-scenario-start s3-create10k
bench-scenario-end s3-create10k
flutter-perf raw n=84 build_us=20553 raster_us=2974 total_us=26896
bench-scenario-start s3-update
bench-scenario-end s3-update
flutter-perf raw n=85 build_us=8220 raster_us=3230 total_us=13796
bench-scenario-start s3-swap
bench-scenario-end s3-swap
flutter-perf raw n=86 build_us=7853 raster_us=3169 total_us=13487
bench-scenario-start s3-clear
bench-scenario-end s3-clear
flutter-perf raw n=87 build_us=4534 raster_us=2109 total_us=9242
bench-scenario-start s3-create1k
bench-scenario-end s3-create1k
flutter-perf raw n=88 build_us=18500 raster_us=2639 total_us=23902
bench-scenario-start s3-create10k
bench-scenario-end s3-create10k
flutter-perf raw n=89 build_us=21044 raster_us=2951 total_us=26772
bench-scenario-start s3-update
bench-scenario-end s3-update
flutter-perf raw n=90 build_us=8196 raster_us=3295 total_us=14052
bench-scenario-start s3-swap
bench-scenario-end s3-swap
flutter-perf raw n=91 build_us=7792 raster_us=3169 total_us=13581
bench-scenario-start s3-clear
bench-scenario-end s3-clear
flutter-perf raw n=92 build_us=4609 raster_us=2618 total_us=10799
bench-scenario-start s3-create1k
bench-scenario-end s3-create1k
flutter-perf raw n=93 build_us=24802 raster_us=2851 total_us=30133
