bench-scenario-start s3
bench-scenario-start s3-create1k
bench-scenario-end s3-create1k
flutter-perf raw n=2 build_us=3 raster_us=11958 total_us=12022
flutter-perf raw n=3 build_us=6958 raster_us=8104 total_us=17158
bench-scenario-start s3-create10k
bench-scenario-end s3-create10k
flutter-perf raw n=4 build_us=2301 raster_us=3275 total_us=7033
bench-scenario-start s3-update
bench-scenario-end s3-update
flutter-perf raw n=5 build_us=3203 raster_us=3386 total_us=7146
bench-scenario-start s3-swap
bench-scenario-end s3-swap
flutter-perf raw n=6 build_us=2335 raster_us=2567 total_us=8444
bench-scenario-start s3-clear
bench-scenario-end s3-clear
flutter-perf raw n=7 build_us=1106 raster_us=1372 total_us=5349
bench-scenario-start s3-create1k
bench-scenario-end s3-create1k
flutter-perf raw n=8 build_us=27042 raster_us=4055 total_us=33365
bench-scenario-start s3-create10k
bench-scenario-end s3-create10k
flutter-perf raw n=9 build_us=9869 raster_us=2396 total_us=16419
bench-scenario-start s3-update
bench-scenario-end s3-update
flutter-perf raw n=10 build_us=6807 raster_us=3131 total_us=12350
bench-scenario-start s3-swap
bench-scenario-end s3-swap
flutter-perf raw n=11 build_us=4293 raster_us=2815 total_us=9674
bench-scenario-start s3-clear
bench-scenario-end s3-clear
flutter-perf raw n=12 build_us=4505 raster_us=1974 total_us=10608
bench-scenario-start s3-create1k
bench-scenario-end s3-create1k
flutter-perf raw n=13 build_us=21676 raster_us=2592 total_us=26602
bench-scenario-start s3-create10k
bench-scenario-end s3-create10k
flutter-perf raw n=14 build_us=15098 raster_us=1442 total_us=17589
bench-scenario-start s3-update
bench-scenario-end s3-update
flutter-perf raw n=15 build_us=10820 raster_us=3162 total_us=16689
bench-scenario-start s3-swap
bench-scenario-end s3-swap
flutter-perf raw n=16 build_us=8846 raster_us=3129 total_us=14398
bench-scenario-start s3-clear
bench-scenario-end s3-clear
flutter-perf raw n=17 build_us=4629 raster_us=2326 total_us=9723
bench-scenario-start s3-create1k
bench-scenario-end s3-create1k
flutter-perf raw n=18 build_us=22753 raster_us=2730 total_us=26717
bench-scenario-start s3-create10k
bench-scenario-end s3-create10k
flutter-perf raw n=19 build_us=20133 raster_us=2832 total_us=24673
bench-scenario-start s3-update
bench-scenario-end s3-update
flutter-perf raw n=20 build_us=9028 raster_us=3357 total_us=15231
bench-scenario-start s3-swap
bench-scenario-end s3-swap
flutter-perf raw n=21 build_us=8272 raster_us=3366 total_us=13950
bench-scenario-start s3-clear
bench-scenario-end s3-clear
flutter-perf raw n=22 build_us=4371 raster_us=2606 total_us=10504
bench-scenario-start s3-create1k
bench-scenario-end s3-create1k
flutter-perf raw n=23 build_us=22367 raster_us=2705 total_us=27820
bench-scenario-start s3-create10k
bench-scenario-end s3-create10k
flutter-perf raw n=24 build_us=24022 raster_us=3020 total_us=30781
bench-scenario-start s3-update
bench-scenario-end s3-update
flutter-perf raw n=25 build_us=9153 raster_us=3303 total_us=15229
bench-scenario-start s3-swap
bench-scenario-end s3-swap
flutter-perf raw n=26 build_us=8646 raster_us=3285 total_us=14406
bench-scenario-start s3-clear
bench-scenario-end s3-clear
flutter-perf raw n=27 build_us=4486 raster_us=2394 total_us=9431
bench-scenario-start s3-create1k
bench-scenario-end s3-create1k
flutter-perf raw n=28 build_us=11829 raster_us=1505 total_us=13823
bench-scenario-start s3-create10k
bench-scenario-end s3-create10k
flutter-perf raw n=29 build_us=10389 raster_us=1550 total_us=12676
bench-scenario-start s3-update
bench-scenario-end s3-update
flutter-perf raw n=30 build_us=8757 raster_us=3187 total_us=14554
bench-scenario-start s3-swap
bench-scenario-end s3-swap
flutter-perf raw n=31 build_us=8875 raster_us=3216 total_us=14567
bench-scenario-start s3-clear
bench-scenario-end s3-clear
flutter-perf raw n=32 build_us=4352 raster_us=2052 total_us=8848
bench-scenario-start s3-create1k
bench-scenario-end s3-create1k
flutter-perf raw n=33 build_us=19727 raster_us=2686 total_us=24769
bench-scenario-start s3-create10k
bench-scenario-end s3-create10k
flutter-perf raw n=34 build_us=9432 raster_us=2085 total_us=12796
bench-scenario-start s3-update
bench-scenario-end s3-update
flutter-perf raw n=35 build_us=3052 raster_us=2954 total_us=7800
bench-scenario-start s3-swap
bench-scenario-end s3-swap
flutter-perf raw n=36 build_us=7314 raster_us=3168 total_us=12892
bench-scenario-start s3-clear
bench-scenario-end s3-clear
flutter-perf raw n=37 build_us=4524 raster_us=2326 total_us=11302
bench-scenario-start s3-create1k
bench-scenario-end s3-create1k
flutter-perf raw n=38 build_us=25085 raster_us=2767 total_us=31092
bench-scenario-start s3-create10k
bench-scenario-end s3-create10k
flutter-perf raw n=39 build_us=20116 raster_us=2906 total_us=24753
bench-scenario-start s3-update
bench-scenario-end s3-update
flutter-perf raw n=40 build_us=9217 raster_us=3204 total_us=16764
bench-scenario-start s3-swap
bench-scenario-end s3-swap
flutter-perf raw n=41 build_us=7846 raster_us=3263 total_us=13607
bench-scenario-start s3-clear
bench-scenario-end s3-clear
flutter-perf raw n=42 build_us=4251 raster_us=2272 total_us=9325
bench-scenario-start s3-create1k
bench-scenario-end s3-create1k
flutter-perf raw n=43 build_us=19553 raster_us=2675 total_us=24820
bench-scenario-start s3-create10k
bench-scenario-end s3-create10k
flutter-perf raw n=44 build_us=21799 raster_us=2967 total_us=30102
bench-scenario-start s3-update
bench-scenario-end s3-update
flutter-perf raw n=45 build_us=6363 raster_us=3156 total_us=12006
bench-scenario-start s3-swap
bench-scenario-end s3-swap
flutter-perf raw n=46 build_us=8427 raster_us=3210 total_us=14499
bench-scenario-start s3-clear
bench-scenario-end s3-clear
flutter-perf raw n=47 build_us=4408 raster_us=2253 total_us=9120
bench-scenario-start s3-create1k
bench-scenario-end s3-create1k
flutter-perf raw n=48 build_us=24866 raster_us=2693 total_us=31854
bench-scenario-start s3-create10k
bench-scenario-end s3-create10k
flutter-perf raw n=49 build_us=15902 raster_us=3060 total_us=20734
bench-scenario-start s3-update
bench-scenario-end s3-update
flutter-perf raw n=50 build_us=9222 raster_us=3099 total_us=14917
bench-scenario-start s3-swap
bench-scenario-end s3-swap
flutter-perf raw n=51 build_us=8489 raster_us=2014 total_us=13216
bench-scenario-start s3-clear
bench-scenario-end s3-clear
flutter-perf raw n=52 build_us=4122 raster_us=2233 total_us=9066
bench-scenario-start s3-create1k
bench-scenario-end s3-create1k
flutter-perf raw n=53 build_us=21333 raster_us=2651 total_us=26406
bench-scenario-start s3-create10k
bench-scenario-end s3-create10k
flutter-perf raw n=54 build_us=13932 raster_us=3132 total_us=18827
bench-scenario-start s3-update
bench-scenario-end s3-update
flutter-perf raw n=55 build_us=9713 raster_us=3190 total_us=15619
bench-scenario-start s3-swap
bench-scenario-end s3-swap
flutter-perf raw n=56 build_us=8514 raster_us=3157 total_us=14108
bench-scenario-start s3-clear
bench-scenario-end s3-clear
flutter-perf raw n=57 build_us=4264 raster_us=2266 total_us=9236
bench-scenario-start s3-create1k
bench-scenario-end s3-create1k
flutter-perf raw n=58 build_us=22146 raster_us=2679 total_us=27512
bench-scenario-start s3-create10k
bench-scenario-end s3-create10k
flutter-perf raw n=59 build_us=15079 raster_us=1928 total_us=18385
bench-scenario-start s3-update
bench-scenario-end s3-update
flutter-perf raw n=60 build_us=9349 raster_us=3330 total_us=15213
bench-scenario-start s3-swap
bench-scenario-end s3-swap
flutter-perf raw n=61 build_us=7895 raster_us=3329 total_us=13620
bench-scenario-start s3-clear
bench-scenario-end s3-clear
flutter-perf raw n=62 build_us=4514 raster_us=2182 total_us=9434
bench-scenario-start s3-create1k
bench-scenario-end s3-create1k
flutter-perf raw n=63 build_us=18960 raster_us=2640 total_us=24061
bench-scenario-start s3-create10k
bench-scenario-end s3-create10k
flutter-perf raw n=64 build_us=14706 raster_us=1874 total_us=18533
bench-scenario-start s3-update
bench-scenario-end s3-update
flutter-perf raw n=65 build_us=8732 raster_us=3415 total_us=14694
bench-scenario-start s3-swap
bench-scenario-end s3-swap
flutter-perf raw n=66 build_us=7887 raster_us=3112 total_us=13399
bench-scenario-start s3-clear
bench-scenario-end s3-clear
flutter-perf raw n=67 build_us=4345 raster_us=2145 total_us=9213
bench-scenario-start s3-create1k
bench-scenario-end s3-create1k
flutter-perf raw n=68 build_us=23015 raster_us=2717 total_us=30078
bench-scenario-start s3-create10k
bench-scenario-end s3-create10k
flutter-perf raw n=69 build_us=23659 raster_us=3190 total_us=30825
bench-scenario-start s3-update
bench-scenario-end s3-update
flutter-perf raw n=70 build_us=8723 raster_us=3142 total_us=14437
bench-scenario-start s3-swap
bench-scenario-end s3-swap
flutter-perf raw n=71 build_us=9310 raster_us=3222 total_us=15042
bench-scenario-start s3-clear
bench-scenario-end s3-clear
flutter-perf raw n=72 build_us=4132 raster_us=2205 total_us=9764
bench-scenario-start s3-create1k
bench-scenario-end s3-create1k
flutter-perf raw n=73 build_us=24383 raster_us=2734 total_us=29466
bench-scenario-start s3-create10k
bench-scenario-end s3-create10k
flutter-perf raw n=74 build_us=16851 raster_us=2789 total_us=24751
bench-scenario-start s3-update
bench-scenario-end s3-update
flutter-perf raw n=75 build_us=8271 raster_us=3229 total_us=14005
bench-scenario-start s3-swap
bench-scenario-end s3-swap
flutter-perf raw n=76 build_us=8213 raster_us=3259 total_us=14054
bench-scenario-start s3-clear
bench-scenario-end s3-clear
flutter-perf raw n=77 build_us=4371 raster_us=2240 total_us=9165
bench-scenario-start s3-create1k
bench-scenario-end s3-create1k
flutter-perf raw n=78 build_us=20079 raster_us=2651 total_us=25171
bench-scenario-start s3-create10k
bench-scenario-end s3-create10k
flutter-perf raw n=79 build_us=21325 raster_us=2945 total_us=28098
bench-scenario-start s3-update
bench-scenario-end s3-update
flutter-perf raw n=80 build_us=3669 raster_us=3159 total_us=9088
bench-scenario-start s3-swap
bench-scenario-end s3-swap
flutter-perf raw n=81 build_us=2887 raster_us=2857 total_us=7341
bench-scenario-start s3-clear
bench-scenario-end s3-clear
flutter-perf raw n=82 build_us=4344 raster_us=2284 total_us=9106
bench-scenario-start s3-create1k
bench-scenario-end s3-create1k
flutter-perf raw n=83 build_us=25803 raster_us=2777 total_us=30906
bench-scenario-start s3-create10k
bench-scenario-end s3-create10k
flutter-perf raw n=84 build_us=19348 raster_us=2804 total_us=23937
bench-scenario-start s3-update
bench-scenario-end s3-update
flutter-perf raw n=85 build_us=6250 raster_us=3233 total_us=11897
bench-scenario-start s3-swap
bench-scenario-end s3-swap
flutter-perf raw n=86 build_us=8145 raster_us=3073 total_us=14122
bench-scenario-start s3-clear
bench-scenario-end s3-clear
flutter-perf raw n=87 build_us=4379 raster_us=2239 total_us=10369
bench-scenario-start s3-create1k
bench-scenario-end s3-create1k
flutter-perf raw n=88 build_us=21564 raster_us=2620 total_us=26423
bench-scenario-start s3-create10k
bench-scenario-end s3-create10k
flutter-perf raw n=89 build_us=13604 raster_us=2840 total_us=18348
bench-scenario-start s3-update
bench-scenario-end s3-update
flutter-perf raw n=90 build_us=9398 raster_us=3158 total_us=16493
bench-scenario-start s3-swap
bench-scenario-end s3-swap
flutter-perf raw n=91 build_us=8336 raster_us=3032 total_us=13785
bench-scenario-start s3-clear
bench-scenario-end s3-clear
flutter-perf raw n=92 build_us=4146 raster_us=2463 total_us=9412
bench-scenario-start s3-create1k
bench-scenario-end s3-create1k
flutter-perf raw n=93 build_us=21825 raster_us=2751 total_us=26885
