bench-scenario-start s3
bench-scenario-start s3-create1k
bench-scenario-end s3-create1k
flutter-perf raw n=2 build_us=4 raster_us=10136 total_us=10211
flutter-perf raw n=3 build_us=9935 raster_us=8244 total_us=20990
bench-scenario-start s3-create10k
bench-scenario-end s3-create10k
flutter-perf raw n=4 build_us=1155 raster_us=2498 total_us=4179
bench-scenario-start s3-update
bench-scenario-end s3-update
flutter-perf raw n=5 build_us=3124 raster_us=3485 total_us=7168
bench-scenario-start s3-swap
bench-scenario-end s3-swap
flutter-perf raw n=6 build_us=2572 raster_us=1945 total_us=7279
bench-scenario-start s3-clear
bench-scenario-end s3-clear
flutter-perf raw n=7 build_us=1227 raster_us=1381 total_us=5498
bench-scenario-start s3-create1k
bench-scenario-end s3-create1k
flutter-perf raw n=8 build_us=28576 raster_us=4262 total_us=36810
bench-scenario-start s3-create10k
bench-scenario-end s3-create10k
flutter-perf raw n=9 build_us=7994 raster_us=1808 total_us=10980
bench-scenario-start s3-update
bench-scenario-end s3-update
flutter-perf raw n=10 build_us=8621 raster_us=2966 total_us=14510
bench-scenario-start s3-swap
bench-scenario-end s3-swap
flutter-perf raw n=11 build_us=8274 raster_us=2756 total_us=13313
bench-scenario-start s3-clear
bench-scenario-end s3-clear
flutter-perf raw n=12 build_us=4370 raster_us=2292 total_us=9586
bench-scenario-start s3-create1k
bench-scenario-end s3-create1k
flutter-perf raw n=13 build_us=18782 raster_us=2629 total_us=23738
bench-scenario-start s3-create10k
bench-scenario-end s3-create10k
flutter-perf raw n=14 build_us=19739 raster_us=2970 total_us=24404
bench-scenario-start s3-update
bench-scenario-end s3-update
flutter-perf raw n=15 build_us=9857 raster_us=3200 total_us=17203
bench-scenario-start s3-swap
bench-scenario-end s3-swap
flutter-perf raw n=16 build_us=7699 raster_us=3124 total_us=13173
bench-scenario-start s3-clear
bench-scenario-end s3-clear
flutter-perf raw n=17 build_us=3900 raster_us=2147 total_us=8611
bench-scenario-start s3-create1k
bench-scenario-end s3-create1k
flutter-perf raw n=18 build_us=24573 raster_us=2824 total_us=29727
bench-scenario-start s3-create10k
bench-scenario-end s3-create10k
flutter-perf raw n=19 build_us=21033 raster_us=3007 total_us=27831
bench-scenario-start s3-update
bench-scenario-end s3-update
flutter-perf raw n=20 build_us=3579 raster_us=3191 total_us=9796
bench-scenario-start s3-swap
bench-scenario-end s3-swap
flutter-perf raw n=21 build_us=3076 raster_us=3151 total_us=10003
bench-scenario-start s3-clear
bench-scenario-end s3-clear
flutter-perf raw n=22 build_us=4315 raster_us=2313 total_us=9077
bench-scenario-start s3-create1k
bench-scenario-end s3-create1k
flutter-perf raw n=23 build_us=24670 raster_us=2590 total_us=29785
bench-scenario-start s3-create10k
bench-scenario-end s3-create10k
flutter-perf raw n=24 build_us=19399 raster_us=2792 total_us=24264
bench-scenario-start s3-update
bench-scenario-end s3-update
flutter-perf raw n=25 build_us=6213 raster_us=3153 total_us=11754
bench-scenario-start s3-swap
bench-scenario-end s3-swap
flutter-perf raw n=26 build_us=8552 raster_us=3080 total_us=15383
bench-scenario-start s3-clear
bench-scenario-end s3-clear
flutter-perf raw n=27 build_us=4265 raster_us=2576 total_us=9267
bench-scenario-start s3-create1k
bench-scenario-end s3-create1k
flutter-perf raw n=28 build_us=12617 raster_us=2734 total_us=17098
bench-scenario-start s3-create10k
bench-scenario-end s3-create10k
flutter-perf raw n=29 build_us=14626 raster_us=3159 total_us=20106
bench-scenario-start s3-update
bench-scenario-end s3-update
flutter-perf raw n=30 build_us=8705 raster_us=3257 total_us=14430
bench-scenario-start s3-swap
bench-scenario-end s3-swap
flutter-perf raw n=31 build_us=8532 raster_us=3124 total_us=14123
bench-scenario-start s3-clear
bench-scenario-end s3-clear
flutter-perf raw n=32 build_us=4117 raster_us=2285 total_us=8961
bench-scenario-start s3-create1k
bench-scenario-end s3-create1k
flutter-perf raw n=33 build_us=21635 raster_us=2751 total_us=27037
bench-scenario-start s3-create10k
bench-scenario-end s3-create10k
flutter-perf raw n=34 build_us=16767 raster_us=2984 total_us=21755
bench-scenario-start s3-update
bench-scenario-end s3-update
flutter-perf raw n=35 build_us=8843 raster_us=3112 total_us=14332
bench-scenario-start s3-swap
bench-scenario-end s3-swap
flutter-perf raw n=36 build_us=8423 raster_us=3238 total_us=15040
bench-scenario-start s3-clear
bench-scenario-end s3-clear
flutter-perf raw n=37 build_us=4604 raster_us=1892 total_us=8937
bench-scenario-start s3-create1k
bench-scenario-end s3-create1k
flutter-perf raw n=38 build_us=19069 raster_us=2708 total_us=24096
bench-scenario-start s3-create10k
bench-scenario-end s3-create10k
flutter-perf raw n=39 build_us=16648 raster_us=2889 total_us=23388
bench-scenario-start s3-update
bench-scenario-end s3-update
flutter-perf raw n=40 build_us=8562 raster_us=3161 total_us=14037
bench-scenario-start s3-swap
bench-scenario-end s3-swap
flutter-perf raw n=41 build_us=8699 raster_us=2958 total_us=14211
bench-scenario-start s3-clear
bench-scenario-end s3-clear
flutter-perf raw n=42 build_us=4450 raster_us=1992 total_us=8969
bench-scenario-start s3-create1k
bench-scenario-end s3-create1k
flutter-perf raw n=43 build_us=19195 raster_us=2608 total_us=24381
bench-scenario-start s3-create10k
bench-scenario-end s3-create10k
flutter-perf raw n=44 build_us=16066 raster_us=2963 total_us=20825
bench-scenario-start s3-update
bench-scenario-end s3-update
flutter-perf raw n=45 build_us=9345 raster_us=3200 total_us=14953
bench-scenario-start s3-swap
bench-scenario-end s3-swap
flutter-perf raw n=46 build_us=7785 raster_us=3107 total_us=14309
bench-scenario-start s3-clear
bench-scenario-end s3-clear
flutter-perf raw n=47 build_us=4101 raster_us=2119 total_us=8709
bench-scenario-start s3-create1k
bench-scenario-end s3-create1k
flutter-perf raw n=48 build_us=25237 raster_us=2683 total_us=30248
bench-scenario-start s3-create10k
bench-scenario-end s3-create10k
flutter-perf raw n=49 build_us=18275 raster_us=2731 total_us=22989
bench-scenario-start s3-update
bench-scenario-end s3-update
flutter-perf raw n=50 build_us=5700 raster_us=3188 total_us=11337
bench-scenario-start s3-swap
bench-scenario-end s3-swap
flutter-perf raw n=51 build_us=8707 raster_us=1945 total_us=13255
bench-scenario-start s3-clear
bench-scenario-end s3-clear
flutter-perf raw n=52 build_us=4414 raster_us=2065 total_us=8997
bench-scenario-start s3-create1k
bench-scenario-end s3-create1k
flutter-perf raw n=53 build_us=24691 raster_us=2761 total_us=30816
bench-scenario-start s3-create10k
bench-scenario-end s3-create10k
flutter-perf raw n=54 build_us=15438 raster_us=2758 total_us=20194
bench-scenario-start s3-update
bench-scenario-end s3-update
flutter-perf raw n=55 build_us=9368 raster_us=3200 total_us=16714
bench-scenario-start s3-swap
bench-scenario-end s3-swap
flutter-perf raw n=56 build_us=8151 raster_us=2932 total_us=13666
bench-scenario-start s3-clear
bench-scenario-end s3-clear
flutter-perf raw n=57 build_us=4502 raster_us=2536 total_us=9699
bench-scenario-start s3-create1k
bench-scenario-end s3-create1k
flutter-perf raw n=58 build_us=20640 raster_us=2701 total_us=25725
bench-scenario-start s3-create10k
bench-scenario-end s3-create10k
flutter-perf raw n=59 build_us=14511 raster_us=2857 total_us=19701
bench-scenario-start s3-update
bench-scenario-end s3-update
flutter-perf raw n=60 build_us=9305 raster_us=2998 total_us=16099
bench-scenario-start s3-swap
bench-scenario-end s3-swap
flutter-perf raw n=61 build_us=7301 raster_us=3372 total_us=12934
bench-scenario-start s3-clear
bench-scenario-end s3-clear
flutter-perf raw n=62 build_us=4548 raster_us=2217 total_us=9353
bench-scenario-start s3-create1k
bench-scenario-end s3-create1k
flutter-perf raw n=63 build_us=22092 raster_us=2749 total_us=27442
bench-scenario-start s3-create10k
bench-scenario-end s3-create10k
flutter-perf raw n=64 build_us=12939 raster_us=2697 total_us=17457
bench-scenario-start s3-update
bench-scenario-end s3-update
flutter-perf raw n=65 build_us=9570 raster_us=3059 total_us=16967
bench-scenario-start s3-swap
bench-scenario-end s3-swap
flutter-perf raw n=66 build_us=8506 raster_us=3162 total_us=14373
bench-scenario-start s3-clear
bench-scenario-end s3-clear
flutter-perf raw n=67 build_us=4308 raster_us=1931 total_us=8802
bench-scenario-start s3-create1k
bench-scenario-end s3-create1k
flutter-perf raw n=68 build_us=22300 raster_us=2867 total_us=27327
bench-scenario-start s3-create10k
bench-scenario-end s3-create10k
flutter-perf raw n=69 build_us=24111 raster_us=2939 total_us=30121
bench-scenario-start s3-update
bench-scenario-end s3-update
flutter-perf raw n=70 build_us=8812 raster_us=3217 total_us=14614
bench-scenario-start s3-swap
bench-scenario-end s3-swap
flutter-perf raw n=71 build_us=8055 raster_us=3139 total_us=13808
bench-scenario-start s3-clear
bench-scenario-end s3-clear
flutter-perf raw n=72 build_us=4430 raster_us=2153 total_us=9066
bench-scenario-start s3-create1k
bench-scenario-end s3-create1k
flutter-perf raw n=73 build_us=18349 raster_us=2675 total_us=23380
bench-scenario-start s3-create10k
bench-scenario-end s3-create10k
flutter-perf raw n=74 build_us=23346 raster_us=3151 total_us=29654
bench-scenario-start s3-update
bench-scenario-end s3-update
flutter-perf raw n=75 build_us=8841 raster_us=3006 total_us=14379
bench-scenario-start s3-swap
bench-scenario-end s3-swap
flutter-perf raw n=76 build_us=7819 raster_us=3164 total_us=13318
bench-scenario-start s3-clear
bench-scenario-end s3-clear
flutter-perf raw n=77 build_us=4836 raster_us=2024 total_us=9346
bench-scenario-start s3-create1k
bench-scenario-end s3-create1k
flutter-perf raw n=78 build_us=18987 raster_us=2640 total_us=24029
bench-scenario-start s3-create10k
bench-scenario-end s3-create10k
flutter-perf raw n=79 build_us=21031 raster_us=3087 total_us=26859
bench-scenario-start s3-update
bench-scenario-end s3-update
flutter-perf raw n=80 build_us=8611 raster_us=3186 total_us=14397
bench-scenario-start s3-swap
bench-scenario-end s3-swap
flutter-perf raw n=81 build_us=8004 raster_us=3287 total_us=13922
bench-scenario-start s3-clear
bench-scenario-end s3-clear
flutter-perf raw n=82 build_us=4148 raster_us=2172 total_us=8796
bench-scenario-start s3-create1k
bench-scenario-end s3-create1k
flutter-perf raw n=83 build_us=19178 raster_us=2645 total_us=24238
bench-scenario-start s3-create10k
bench-scenario-end s3-create10k
flutter-perf raw n=84 build_us=19032 raster_us=3027 total_us=24268
bench-scenario-start s3-update
bench-scenario-end s3-update
flutter-perf raw n=85 build_us=3026 raster_us=2879 total_us=7365
bench-scenario-start s3-swap
bench-scenario-end s3-swap
flutter-perf raw n=86 build_us=3020 raster_us=2665 total_us=7459
bench-scenario-start s3-clear
bench-scenario-end s3-clear
flutter-perf raw n=87 build_us=4460 raster_us=2048 total_us=8937
bench-scenario-start s3-create1k
bench-scenario-end s3-create1k
flutter-perf raw n=88 build_us=23424 raster_us=2802 total_us=28835
bench-scenario-start s3-create10k
bench-scenario-end s3-create10k
flutter-perf raw n=89 build_us=21286 raster_us=3017 total_us=27645
bench-scenario-start s3-update
bench-scenario-end s3-update
flutter-perf raw n=90 build_us=9428 raster_us=3157 total_us=14995
bench-scenario-start s3-swap
bench-scenario-end s3-swap
flutter-perf raw n=91 build_us=7965 raster_us=3013 total_us=13310
bench-scenario-start s3-clear
bench-scenario-end s3-clear
flutter-perf raw n=92 build_us=4373 raster_us=2425 total_us=10233
bench-scenario-start s3-create1k
bench-scenario-end s3-create1k
flutter-perf raw n=93 build_us=24546 raster_us=2825 total_us=29572
