bench-scenario-start s3
bench-scenario-start s3-create1k
flutter-perf raw n=2 build_us=3 raster_us=10051 total_us=10103
bench-scenario-end s3-create1k
flutter-perf raw n=3 build_us=9242 raster_us=8300 total_us=21703
bench-scenario-start s3-create10k
bench-scenario-end s3-create10k
flutter-perf raw n=4 build_us=1508 raster_us=3645 total_us=5693
bench-scenario-start s3-update
bench-scenario-end s3-update
flutter-perf raw n=5 build_us=3097 raster_us=4218 total_us=8679
bench-scenario-start s3-swap
bench-scenario-end s3-swap
flutter-perf raw n=6 build_us=2309 raster_us=2384 total_us=6285
bench-scenario-start s3-clear
bench-scenario-end s3-clear
flutter-perf raw n=7 build_us=1283 raster_us=1497 total_us=6184
bench-scenario-start s3-create1k
bench-scenario-end s3-create1k
flutter-perf raw n=8 build_us=31688 raster_us=4242 total_us=39339
bench-scenario-start s3-create10k
bench-scenario-end s3-create10k
flutter-perf raw n=9 build_us=15317 raster_us=2642 total_us=19808
bench-scenario-start s3-update
bench-scenario-end s3-update
flutter-perf raw n=10 build_us=9419 raster_us=3076 total_us=14839
bench-scenario-start s3-swap
bench-scenario-end s3-swap
flutter-perf raw n=11 build_us=8513 raster_us=2922 total_us=15182
bench-scenario-start s3-clear
bench-scenario-end s3-clear
flutter-perf raw n=12 build_us=4192 raster_us=2166 total_us=8885
bench-scenario-start s3-create1k
bench-scenario-end s3-create1k
flutter-perf raw n=13 build_us=10511 raster_us=2673 total_us=15498
bench-scenario-start s3-create10k
bench-scenario-end s3-create10k
flutter-perf raw n=14 build_us=13746 raster_us=2228 total_us=18077
bench-scenario-start s3-update
bench-scenario-end s3-update
flutter-perf raw n=15 build_us=3726 raster_us=3195 total_us=9957
bench-scenario-start s3-swap
bench-scenario-end s3-swap
flutter-perf raw n=16 build_us=8772 raster_us=3057 total_us=14309
bench-scenario-start s3-clear
bench-scenario-end s3-clear
flutter-perf raw n=17 build_us=4768 raster_us=2410 total_us=9864
bench-scenario-start s3-create1k
bench-scenario-end s3-create1k
flutter-perf raw n=18 build_us=22233 raster_us=2685 total_us=27544
bench-scenario-start s3-create10k
bench-scenario-end s3-create10k
flutter-perf raw n=19 build_us=12232 raster_us=2775 total_us=16837
bench-scenario-start s3-update
bench-scenario-end s3-update
flutter-perf raw n=20 build_us=7350 raster_us=3275 total_us=13089
bench-scenario-start s3-swap
bench-scenario-end s3-swap
flutter-perf raw n=21 build_us=8329 raster_us=3532 total_us=14530
bench-scenario-start s3-clear
bench-scenario-end s3-clear
flutter-perf raw n=22 build_us=4188 raster_us=2062 total_us=8776
bench-scenario-start s3-create1k
bench-scenario-end s3-create1k
flutter-perf raw n=23 build_us=20979 raster_us=2755 total_us=26101
bench-scenario-start s3-create10k
bench-scenario-end s3-create10k
flutter-perf raw n=24 build_us=23195 raster_us=2905 total_us=30487
bench-scenario-start s3-update
bench-scenario-end s3-update
flutter-perf raw n=25 build_us=9224 raster_us=3115 total_us=15082
bench-scenario-start s3-swap
bench-scenario-end s3-swap
flutter-perf raw n=26 build_us=8022 raster_us=3333 total_us=13908
bench-scenario-start s3-clear
bench-scenario-end s3-clear
flutter-perf raw n=27 build_us=4099 raster_us=2452 total_us=10459
bench-scenario-start s3-create1k
bench-scenario-end s3-create1k
flutter-perf raw n=28 build_us=12489 raster_us=1887 total_us=15667
bench-scenario-start s3-create10k
bench-scenario-end s3-create10k
flutter-perf raw n=29 build_us=14818 raster_us=2901 total_us=19775
bench-scenario-start s3-update
bench-scenario-end s3-update
flutter-perf raw n=30 build_us=9305 raster_us=3097 total_us=15101
bench-scenario-start s3-swap
bench-scenario-end s3-swap
flutter-perf raw n=31 build_us=8154 raster_us=3110 total_us=13647
bench-scenario-start s3-clear
bench-scenario-end s3-clear
flutter-perf raw n=32 build_us=4002 raster_us=2198 total_us=8960
bench-scenario-start s3-create1k
bench-scenario-end s3-create1k
flutter-perf raw n=33 build_us=23103 raster_us=2898 total_us=28396
bench-scenario-start s3-create10k
bench-scenario-end s3-create10k
flutter-perf raw n=34 build_us=20047 raster_us=3044 total_us=26552
bench-scenario-start s3-update
bench-scenario-end s3-update
flutter-perf raw n=35 build_us=7872 raster_us=3186 total_us=13641
bench-scenario-start s3-swap
bench-scenario-end s3-swap
flutter-perf raw n=36 build_us=8396 raster_us=3060 total_us=14225
bench-scenario-start s3-clear
bench-scenario-end s3-clear
flutter-perf raw n=37 build_us=4084 raster_us=1988 total_us=8727
bench-scenario-start s3-create1k
bench-scenario-end s3-create1k
flutter-perf raw n=38 build_us=24288 raster_us=2787 total_us=29436
bench-scenario-start s3-create10k
bench-scenario-end s3-create10k
flutter-perf raw n=39 build_us=15714 raster_us=2878 total_us=23368
bench-scenario-start s3-update
bench-scenario-end s3-update
flutter-perf raw n=40 build_us=8649 raster_us=3179 total_us=14244
bench-scenario-start s3-swap
bench-scenario-end s3-swap
flutter-perf raw n=41 build_us=8217 raster_us=3052 total_us=13909
bench-scenario-start s3-clear
bench-scenario-end s3-clear
flutter-perf raw n=42 build_us=4218 raster_us=2097 total_us=8827
bench-scenario-start s3-create1k
bench-scenario-end s3-create1k
flutter-perf raw n=43 build_us=24399 raster_us=2898 total_us=30007
bench-scenario-start s3-create10k
bench-scenario-end s3-create10k
flutter-perf raw n=44 build_us=20712 raster_us=3107 total_us=26764
bench-scenario-start s3-update
bench-scenario-end s3-update
flutter-perf raw n=45 build_us=8783 raster_us=3241 total_us=14668
bench-scenario-start s3-swap
bench-scenario-end s3-swap
flutter-perf raw n=46 build_us=7412 raster_us=3104 total_us=12964
bench-scenario-start s3-clear
bench-scenario-end s3-clear
flutter-perf raw n=47 build_us=4231 raster_us=2067 total_us=10388
bench-scenario-start s3-create1k
bench-scenario-end s3-create1k
flutter-perf raw n=48 build_us=20034 raster_us=2641 total_us=24983
bench-scenario-start s3-create10k
bench-scenario-end s3-create10k
flutter-perf raw n=49 build_us=16049 raster_us=2866 total_us=21748
bench-scenario-start s3-update
bench-scenario-end s3-update
flutter-perf raw n=50 build_us=9742 raster_us=3096 total_us=14974
bench-scenario-start s3-swap
bench-scenario-end s3-swap
flutter-perf raw n=51 build_us=8413 raster_us=2760 total_us=13928
bench-scenario-start s3-clear
bench-scenario-end s3-clear
flutter-perf raw n=52 build_us=5088 raster_us=2430 total_us=11125
bench-scenario-start s3-create1k
bench-scenario-end s3-create1k
flutter-perf raw n=53 build_us=24881 raster_us=2875 total_us=31734
bench-scenario-start s3-create10k
bench-scenario-end s3-create10k
flutter-perf raw n=54 build_us=20234 raster_us=2855 total_us=25076
bench-scenario-start s3-update
bench-scenario-end s3-update
flutter-perf raw n=55 build_us=8948 raster_us=3143 total_us=15777
bench-scenario-start s3-swap
bench-scenario-end s3-swap
flutter-perf raw n=56 build_us=7986 raster_us=3057 total_us=13552
bench-scenario-start s3-clear
bench-scenario-end s3-clear
flutter-perf raw n=57 build_us=4173 raster_us=2151 total_us=8963
bench-scenario-start s3-create1k
bench-scenario-end s3-create1k
flutter-perf raw n=58 build_us=24624 raster_us=2688 total_us=29770
bench-scenario-start s3-create10k
bench-scenario-end s3-create10k
flutter-perf raw n=59 build_us=18757 raster_us=3016 total_us=23906
bench-scenario-start s3-update
bench-scenario-end s3-update
flutter-perf raw n=60 build_us=7237 raster_us=3007 total_us=12616
bench-scenario-start s3-swap
bench-scenario-end s3-swap
flutter-perf raw n=61 build_us=8062 raster_us=3063 total_us=15573
bench-scenario-start s3-clear
bench-scenario-end s3-clear
flutter-perf raw n=62 build_us=4322 raster_us=2014 total_us=8873
bench-scenario-start s3-create1k
bench-scenario-end s3-create1k
flutter-perf raw n=63 build_us=20998 raster_us=2670 total_us=25912
bench-scenario-start s3-create10k
bench-scenario-end s3-create10k
flutter-perf raw n=64 build_us=14043 raster_us=2144 total_us=17254
bench-scenario-start s3-update
bench-scenario-end s3-update
flutter-perf raw n=65 build_us=9334 raster_us=3252 total_us=15120
bench-scenario-start s3-swap
bench-scenario-end s3-swap
flutter-perf raw n=66 build_us=8298 raster_us=3186 total_us=14066
bench-scenario-start s3-clear
bench-scenario-end s3-clear
flutter-perf raw n=67 build_us=4250 raster_us=2122 total_us=8975
bench-scenario-start s3-create1k
bench-scenario-end s3-create1k
flutter-perf raw n=68 build_us=20720 raster_us=2909 total_us=26220
bench-scenario-start s3-create10k
bench-scenario-end s3-create10k
flutter-perf raw n=69 build_us=23017 raster_us=3008 total_us=29968
bench-scenario-start s3-update
bench-scenario-end s3-update
flutter-perf raw n=70 build_us=8695 raster_us=3207 total_us=14453
bench-scenario-start s3-swap
bench-scenario-end s3-swap
flutter-perf raw n=71 build_us=8199 raster_us=3277 total_us=14122
bench-scenario-start s3-clear
bench-scenario-end s3-clear
flutter-perf raw n=72 build_us=4231 raster_us=2098 total_us=8893
bench-scenario-start s3-create1k
bench-scenario-end s3-create1k
flutter-perf raw n=73 build_us=17651 raster_us=2759 total_us=22971
bench-scenario-start s3-create10k
bench-scenario-end s3-create10k
flutter-perf raw n=74 build_us=15225 raster_us=2884 total_us=19914
bench-scenario-start s3-update
bench-scenario-end s3-update
flutter-perf raw n=75 build_us=9320 raster_us=3152 total_us=15962
bench-scenario-start s3-swap
bench-scenario-end s3-swap
flutter-perf raw n=76 build_us=5057 raster_us=3061 total_us=10073
bench-scenario-start s3-clear
bench-scenario-end s3-clear
flutter-perf raw n=77 build_us=4636 raster_us=2207 total_us=11112
bench-scenario-start s3-create1k
bench-scenario-end s3-create1k
flutter-perf raw n=78 build_us=21754 raster_us=2799 total_us=27372
bench-scenario-start s3-create10k
bench-scenario-end s3-create10k
flutter-perf raw n=79 build_us=23139 raster_us=2882 total_us=30278
bench-scenario-start s3-update
bench-scenario-end s3-update
flutter-perf raw n=80 build_us=9153 raster_us=3234 total_us=14917
bench-scenario-start s3-swap
bench-scenario-end s3-swap
flutter-perf raw n=81 build_us=7514 raster_us=3215 total_us=13252
bench-scenario-start s3-clear
bench-scenario-end s3-clear
flutter-perf raw n=82 build_us=4419 raster_us=2037 total_us=8388
bench-scenario-start s3-create1k
bench-scenario-end s3-create1k
flutter-perf raw n=83 build_us=18563 raster_us=2715 total_us=23703
bench-scenario-start s3-create10k
bench-scenario-end s3-create10k
flutter-perf raw n=84 build_us=13977 raster_us=2804 total_us=18768
bench-scenario-start s3-update
bench-scenario-end s3-update
flutter-perf raw n=85 build_us=9043 raster_us=3254 total_us=15972
bench-scenario-start s3-swap
bench-scenario-end s3-swap
flutter-perf raw n=86 build_us=8118 raster_us=3176 total_us=13692
bench-scenario-start s3-clear
bench-scenario-end s3-clear
flutter-perf raw n=87 build_us=4365 raster_us=2073 total_us=9005
bench-scenario-start s3-create1k
bench-scenario-end s3-create1k
flutter-perf raw n=88 build_us=18795 raster_us=2698 total_us=23879
bench-scenario-start s3-create10k
bench-scenario-end s3-create10k
flutter-perf raw n=89 build_us=15351 raster_us=2744 total_us=19895
bench-scenario-start s3-update
bench-scenario-end s3-update
flutter-perf raw n=90 build_us=8507 raster_us=3009 total_us=13962
bench-scenario-start s3-swap
bench-scenario-end s3-swap
flutter-perf raw n=91 build_us=8208 raster_us=3021 total_us=13834
bench-scenario-start s3-clear
bench-scenario-end s3-clear
flutter-perf raw n=92 build_us=4083 raster_us=2196 total_us=8952
bench-scenario-start s3-create1k
bench-scenario-end s3-create1k
