frust_shell_common::perf: frust-perf raw n=1771 total_us=2027 rebuild_us=71 layout_us=0 paint_us=28 encode_us=15 acquire_us=241 submit_us=1670 skipped=0 gpu_q=1 gpu_total_us=3518 gpu_prepass_us=0 gpu_main_us=3518 gpu_composite_us=0 gpu_blit_us=0
frust_shell_common::perf: frust-perf raw n=1772 total_us=2655 rebuild_us=66 layout_us=0 paint_us=23 encode_us=16 acquire_us=389 submit_us=2159 skipped=0 gpu_q=1 gpu_total_us=3522 gpu_prepass_us=0 gpu_main_us=3522 gpu_composite_us=0 gpu_blit_us=0
frust_shell_common::perf: frust-perf raw n=1773 total_us=1821 rebuild_us=70 layout_us=0 paint_us=26 encode_us=11 acquire_us=45 submit_us=1667 skipped=0 gpu_q=1 gpu_total_us=3543 gpu_prepass_us=0 gpu_main_us=3543 gpu_composite_us=0 gpu_blit_us=0
frust_shell_common::perf: frust-perf raw n=1774 total_us=2330 rebuild_us=71 layout_us=0 paint_us=27 encode_us=13 acquire_us=175 submit_us=2041 skipped=0 gpu_q=1 gpu_total_us=3527 gpu_prepass_us=0 gpu_main_us=3527 gpu_composite_us=0 gpu_blit_us=0
frust_shell_android::app::frame: frust-perf platform-view tail depth=0 target=0 acquire_bound=false frame=2204 expected_present_us=0 acquire_us=336 period_us=11180
frust_shell_common::perf: frust-perf raw n=1775 total_us=2538 rebuild_us=71 layout_us=0 paint_us=27 encode_us=26 acquire_us=130 submit_us=2281 skipped=0 gpu_q=1 gpu_total_us=3523 gpu_prepass_us=0 gpu_main_us=3523 gpu_composite_us=0 gpu_blit_us=0
frust_shell_common::perf: frust-perf raw n=1776 total_us=2017 rebuild_us=67 layout_us=0 paint_us=24 encode_us=12 acquire_us=206 submit_us=1706 skipped=0 gpu_q=1 gpu_total_us=3530 gpu_prepass_us=0 gpu_main_us=3530 gpu_composite_us=0 gpu_blit_us=0
frust_shell_common::perf: frust-perf raw n=1777 total_us=2373 rebuild_us=69 layout_us=0 paint_us=26 encode_us=13 acquire_us=413 submit_us=1849 skipped=0 gpu_q=1 gpu_total_us=3523 gpu_prepass_us=0 gpu_main_us=3523 gpu_composite_us=0 gpu_blit_us=0
frust_shell_common::perf: frust-perf raw n=1778 total_us=2435 rebuild_us=69 layout_us=0 paint_us=25 encode_us=12 acquire_us=395 submit_us=1932 skipped=0 gpu_q=1 gpu_total_us=3530 gpu_prepass_us=0 gpu_main_us=3530 gpu_composite_us=0 gpu_blit_us=0
frust_shell_common::perf: frust-perf raw n=1779 total_us=2427 rebuild_us=71 layout_us=0 paint_us=27 encode_us=13 acquire_us=505 submit_us=1809 skipped=0 gpu_q=1 gpu_total_us=3529 gpu_prepass_us=0 gpu_main_us=3529 gpu_composite_us=0 gpu_blit_us=0
frust_shell_common::perf: frust-perf raw n=1780 total_us=1902 rebuild_us=68 layout_us=0 paint_us=24 encode_us=11 acquire_us=246 submit_us=1550 skipped=0 gpu_q=1 gpu_total_us=3526 gpu_prepass_us=0 gpu_main_us=3526 gpu_composite_us=0 gpu_blit_us=0
frust_shell_common::perf: frust-perf raw n=1781 total_us=1803 rebuild_us=70 layout_us=0 paint_us=25 encode_us=11 acquire_us=47 submit_us=1648 skipped=0 gpu_q=1 gpu_total_us=3534 gpu_prepass_us=0 gpu_main_us=3534 gpu_composite_us=0 gpu_blit_us=0
frust_shell_common::perf: frust-perf raw n=1782 total_us=3472 rebuild_us=62 layout_us=0 paint_us=23 encode_us=31 acquire_us=92 submit_us=3262 skipped=0 gpu_q=1 gpu_total_us=3537 gpu_prepass_us=0 gpu_main_us=3537 gpu_composite_us=0 gpu_blit_us=0
frust_shell_common::perf: frust-perf raw n=1783 total_us=1980 rebuild_us=69 layout_us=0 paint_us=29 encode_us=12 acquire_us=48 submit_us=1819 skipped=0 gpu_q=1 gpu_total_us=3520 gpu_prepass_us=0 gpu_main_us=3520 gpu_composite_us=0 gpu_blit_us=0
frust_shell_common::perf: frust-perf raw n=1784 total_us=3746 rebuild_us=176 layout_us=0 paint_us=33 encode_us=12 acquire_us=1653 submit_us=1869 skipped=0 gpu_q=1 gpu_total_us=3520 gpu_prepass_us=0 gpu_main_us=3520 gpu_composite_us=0 gpu_blit_us=0
frust_shell_common::perf: frust-perf raw n=1785 total_us=2537 rebuild_us=72 layout_us=0 paint_us=26 encode_us=28 acquire_us=559 submit_us=1850 skipped=0 gpu_q=1 gpu_total_us=3529 gpu_prepass_us=0 gpu_main_us=3529 gpu_composite_us=0 gpu_blit_us=0
frust_shell_common::perf: frust-perf raw n=1786 total_us=2768 rebuild_us=75 layout_us=0 paint_us=29 encode_us=12 acquire_us=748 submit_us=1901 skipped=0 gpu_q=1 gpu_total_us=3539 gpu_prepass_us=0 gpu_main_us=3539 gpu_composite_us=0 gpu_blit_us=0
frust_shell_common::perf: frust-perf raw n=1787 total_us=2472 rebuild_us=76 layout_us=0 paint_us=24 encode_us=32 acquire_us=535 submit_us=1802 skipped=0 gpu_q=1 gpu_total_us=3551 gpu_prepass_us=0 gpu_main_us=3551 gpu_composite_us=0 gpu_blit_us=0
frust_shell_common::perf: frust-perf raw n=1788 total_us=2515 rebuild_us=77 layout_us=0 paint_us=27 encode_us=12 acquire_us=777 submit_us=1620 skipped=0 gpu_q=1 gpu_total_us=3566 gpu_prepass_us=0 gpu_main_us=3566 gpu_composite_us=0 gpu_blit_us=0
frust_shell_common::perf: frust-perf raw n=1789 total_us=3272 rebuild_us=98 layout_us=0 paint_us=34 encode_us=13 acquire_us=1292 submit_us=1831 skipped=0 gpu_q=1 gpu_total_us=3573 gpu_prepass_us=0 gpu_main_us=3573 gpu_composite_us=0 gpu_blit_us=0
frust_shell_common::perf: frust-perf raw n=1790 total_us=2515 rebuild_us=69 layout_us=0 paint_us=25 encode_us=12 acquire_us=760 submit_us=1646 skipped=0 gpu_q=1 gpu_total_us=3550 gpu_prepass_us=0 gpu_main_us=3550 gpu_composite_us=0 gpu_blit_us=0
frust_shell_common::perf: frust-perf raw n=1791 total_us=3754 rebuild_us=65 layout_us=0 paint_us=24 encode_us=12 acquire_us=1906 submit_us=1745 skipped=0 gpu_q=1 gpu_total_us=3634 gpu_prepass_us=0 gpu_main_us=3634 gpu_composite_us=0 gpu_blit_us=0
frust_shell_common::perf: frust-perf raw n=1792 total_us=2487 rebuild_us=68 layout_us=0 paint_us=26 encode_us=26 acquire_us=86 submit_us=2278 skipped=0 gpu_q=1 gpu_total_us=3689 gpu_prepass_us=0 gpu_main_us=3689 gpu_composite_us=0 gpu_blit_us=0
frust_shell_common::perf: frust-perf raw n=1793 total_us=2630 rebuild_us=63 layout_us=0 paint_us=25 encode_us=12 acquire_us=175 submit_us=2353 skipped=0 gpu_q=1 gpu_total_us=3728 gpu_prepass_us=0 gpu_main_us=3728 gpu_composite_us=0 gpu_blit_us=0
frust_shell_common::perf: frust-perf raw n=1794 total_us=2722 rebuild_us=95 layout_us=0 paint_us=28 encode_us=12 acquire_us=820 submit_us=1765 skipped=0 gpu_q=1 gpu_total_us=3679 gpu_prepass_us=0 gpu_main_us=3679 gpu_composite_us=0 gpu_blit_us=0
frust_shell_common::perf: frust-perf raw n=1795 total_us=1794 rebuild_us=70 layout_us=0 paint_us=24 encode_us=26 acquire_us=121 submit_us=1551 skipped=0 gpu_q=1 gpu_total_us=3665 gpu_prepass_us=0 gpu_main_us=3665 gpu_composite_us=0 gpu_blit_us=0
frust_shell_common::perf: frust-perf raw n=1796 total_us=2426 rebuild_us=70 layout_us=0 paint_us=26 encode_us=36 acquire_us=159 submit_us=2132 skipped=0 gpu_q=1 gpu_total_us=3668 gpu_prepass_us=0 gpu_main_us=3668 gpu_composite_us=0 gpu_blit_us=0
frust_shell_common::perf: frust-perf raw n=1797 total_us=4022 rebuild_us=74 layout_us=0 paint_us=28 encode_us=38 acquire_us=105 submit_us=3775 skipped=0 gpu_q=1 gpu_total_us=3668 gpu_prepass_us=0 gpu_main_us=3668 gpu_composite_us=0 gpu_blit_us=0
frust_shell_common::perf: frust-perf raw n=1798 total_us=3011 rebuild_us=72 layout_us=0 paint_us=27 encode_us=41 acquire_us=622 submit_us=2247 skipped=0 gpu_q=1 gpu_total_us=3669 gpu_prepass_us=0 gpu_main_us=3669 gpu_composite_us=0 gpu_blit_us=0
frust_shell_common::perf: frust-perf raw n=1799 total_us=2245 rebuild_us=72 layout_us=0 paint_us=27 encode_us=11 acquire_us=51 submit_us=2082 skipped=0 gpu_q=1 gpu_total_us=3661 gpu_prepass_us=0 gpu_main_us=3661 gpu_composite_us=0 gpu_blit_us=0
frust_shell_common::perf: frust-perf raw n=1800 total_us=8386 rebuild_us=97 layout_us=0 paint_us=26 encode_us=11 acquire_us=242 submit_us=8007 skipped=0 gpu_q=1 gpu_total_us=3665 gpu_prepass_us=0 gpu_main_us=3665 gpu_composite_us=0 gpu_blit_us=0
frust_shell_common::perf: frust-perf raw n=1801 total_us=2127 rebuild_us=75 layout_us=0 paint_us=25 encode_us=16 acquire_us=62 submit_us=1947 skipped=0 gpu_q=1 gpu_total_us=3664 gpu_prepass_us=0 gpu_main_us=3664 gpu_composite_us=0 gpu_blit_us=0
frust_shell_common::perf: frust-perf raw n=1802 total_us=2250 rebuild_us=69 layout_us=0 paint_us=25 encode_us=12 acquire_us=156 submit_us=1987 skipped=0 gpu_q=1 gpu_total_us=3686 gpu_prepass_us=0 gpu_main_us=3686 gpu_composite_us=0 gpu_blit_us=0
frust_shell_common::perf: frust-perf raw n=1803 total_us=2787 rebuild_us=64 layout_us=0 paint_us=22 encode_us=11 acquire_us=352 submit_us=2336 skipped=0 gpu_q=1 gpu_total_us=3670 gpu_prepass_us=0 gpu_main_us=3670 gpu_composite_us=0 gpu_blit_us=0
frust_shell_common::perf: frust-perf raw n=1804 total_us=2810 rebuild_us=68 layout_us=0 paint_us=25 encode_us=11 acquire_us=523 submit_us=2181 skipped=0 gpu_q=1 gpu_total_us=3661 gpu_prepass_us=0 gpu_main_us=3661 gpu_composite_us=0 gpu_blit_us=0
frust_shell_common::perf: frust-perf raw n=1805 total_us=1902 rebuild_us=63 layout_us=0 paint_us=24 encode_us=11 acquire_us=46 submit_us=1756 skipped=0 gpu_q=1 gpu_total_us=3678 gpu_prepass_us=0 gpu_main_us=3678 gpu_composite_us=0 gpu_blit_us=0
frust_shell_common::perf: frust-perf raw n=1806 total_us=2063 rebuild_us=65 layout_us=0 paint_us=24 encode_us=11 acquire_us=49 submit_us=1913 skipped=0 gpu_q=1 gpu_total_us=3658 gpu_prepass_us=0 gpu_main_us=3658 gpu_composite_us=0 gpu_blit_us=0
frust-perf activity-create
frust_render::context: frust-perf render-path engine-direct (frust-engine into the acquired swapchain view (RENDER_ATTACHMENT, surface-reported format, surface-owned depth))
frust_shell_common::perf: frust-perf startup init_entry=0ms font_preinit_started=0ms font_preinit_joined=0ms preinit_started=2ms preinit_joined=47ms cache_loaded=50ms pipeline_cache_restored=50ms adapter_ready=96ms device_ready=96ms renderer_ready=96ms first_rebuild_done=104ms first_encode_done=104ms first_frame_presented=273ms
frust_shell_common::perf: frust-perf raw n=1 total_us=169007 rebuild_us=128 layout_us=0 paint_us=58 encode_us=3 acquire_us=33 submit_us=168783 skipped=0 gpu_q=0
frust_shell_common::perf: frust-perf raw n=2 total_us=55978 rebuild_us=296 layout_us=0 paint_us=199 encode_us=33 acquire_us=26 submit_us=55420 skipped=0 gpu_q=0
frust_shell_common::perf: frust-perf raw n=3 total_us=44981 rebuild_us=135 layout_us=0 paint_us=79 encode_us=56 acquire_us=27 submit_us=44682 skipped=0 gpu_q=0
frust_shell_common::perf: frust-perf raw n=4 total_us=29246 rebuild_us=660 layout_us=21 paint_us=67 encode_us=55 acquire_us=36 submit_us=28404 skipped=0 gpu_q=0
frust_shell_android::app::frame: frust-perf platform-view tail depth=0 target=0 acquire_bound=false frame=120 expected_present_us=0 acquire_us=31 period_us=11136
frust_shell_android::app::input: frust-perf platform-view gesture phase=down frame=142
frust_shell_android::app::input: frust-perf platform-view gesture phase=up frame=143
frust_shell_common::perf: frust-perf raw n=5 total_us=5852 rebuild_us=181 layout_us=0 paint_us=83 encode_us=45 acquire_us=52 submit_us=5487 skipped=0 gpu_q=1 gpu_total_us=654 gpu_prepass_us=0 gpu_main_us=654 gpu_composite_us=0 gpu_blit_us=0
frust_shell_common::perf: frust-perf raw n=6 total_us=21041 rebuild_us=148 layout_us=0 paint_us=98 encode_us=42 acquire_us=31 submit_us=20720 skipped=0 gpu_q=1 gpu_total_us=34887 gpu_prepass_us=296 gpu_main_us=12061 gpu_composite_us=22528 gpu_blit_us=0
frust_shell_common::perf: frust-perf raw n=7 total_us=26174 rebuild_us=8540 layout_us=1336 paint_us=209 encode_us=39 acquire_us=44 submit_us=16002 skipped=0 gpu_q=1 gpu_total_us=25158 gpu_prepass_us=0 gpu_main_us=12345 gpu_composite_us=12813 gpu_blit_us=0
frust_shell_common::perf: frust-perf raw n=8 total_us=17436 rebuild_us=1343 layout_us=335 paint_us=311 encode_us=99 acquire_us=1749 submit_us=13598 skipped=0 gpu_q=1 gpu_total_us=7231 gpu_prepass_us=0 gpu_main_us=7231 gpu_composite_us=0 gpu_blit_us=0
frust_shell_common::perf: frust-perf raw n=9 total_us=20268 rebuild_us=500 layout_us=76 paint_us=187 encode_us=47 acquire_us=5195 submit_us=14259 skipped=0 gpu_q=1 gpu_total_us=15354 gpu_prepass_us=0 gpu_main_us=15354 gpu_composite_us=0 gpu_blit_us=0
frust_shell_common::perf: frust-perf raw n=10 total_us=14344 rebuild_us=682 layout_us=100 paint_us=196 encode_us=115 acquire_us=65 submit_us=13183 skipped=0 gpu_q=1 gpu_total_us=16501 gpu_prepass_us=0 gpu_main_us=16501 gpu_composite_us=0 gpu_blit_us=0
frust_shell_common::perf: frust-perf raw n=11 total_us=14563 rebuild_us=605 layout_us=92 paint_us=187 encode_us=53 acquire_us=55 submit_us=13568 skipped=0 gpu_q=1 gpu_total_us=15886 gpu_prepass_us=0 gpu_main_us=15886 gpu_composite_us=0 gpu_blit_us=0
frust_shell_common::perf: frust-perf raw n=12 total_us=16314 rebuild_us=622 layout_us=99 paint_us=214 encode_us=83 acquire_us=51 submit_us=15243 skipped=0 gpu_q=1 gpu_total_us=15872 gpu_prepass_us=0 gpu_main_us=6815 gpu_composite_us=9056 gpu_blit_us=0
frust_shell_common::perf: frust-perf raw n=13 total_us=15721 rebuild_us=526 layout_us=83 paint_us=172 encode_us=66 acquire_us=49 submit_us=14822 skipped=0 gpu_q=1 gpu_total_us=13524 gpu_prepass_us=0 gpu_main_us=6248 gpu_composite_us=7276 gpu_blit_us=0
frust_shell_common::perf: frust-perf raw n=14 total_us=15830 rebuild_us=607 layout_us=97 paint_us=224 encode_us=48 acquire_us=62 submit_us=14790 skipped=0 gpu_q=1 gpu_total_us=13624 gpu_prepass_us=0 gpu_main_us=6269 gpu_composite_us=7354 gpu_blit_us=0
frust_shell_common::perf: frust-perf raw n=15 total_us=13570 rebuild_us=601 layout_us=99 paint_us=247 encode_us=54 acquire_us=55 submit_us=12512 skipped=0 gpu_q=1 gpu_total_us=15093 gpu_prepass_us=577 gpu_main_us=6125 gpu_composite_us=8390 gpu_blit_us=0
frust_shell_common::perf: frust-perf raw n=16 total_us=17054 rebuild_us=525 layout_us=120 paint_us=182 encode_us=71 acquire_us=1001 submit_us=15153 skipped=0 gpu_q=1 gpu_total_us=15299 gpu_prepass_us=355 gpu_main_us=6324 gpu_composite_us=8619 gpu_blit_us=0
frust_shell_common::perf: frust-perf raw n=17 total_us=11138 rebuild_us=519 layout_us=90 paint_us=195 encode_us=120 acquire_us=69 submit_us=10142 skipped=0 gpu_q=1 gpu_total_us=14490 gpu_prepass_us=296 gpu_main_us=5706 gpu_composite_us=8487 gpu_blit_us=0
frust_shell_common::perf: frust-perf raw n=18 total_us=11140 rebuild_us=524 layout_us=87 paint_us=1028 encode_us=108 acquire_us=101 submit_us=9289 skipped=0 gpu_q=1 gpu_total_us=12513 gpu_prepass_us=368 gpu_main_us=5150 gpu_composite_us=6995 gpu_blit_us=0
frust_shell_common::perf: frust-perf raw n=19 total_us=11576 rebuild_us=470 layout_us=79 paint_us=152 encode_us=44 acquire_us=52 submit_us=10777 skipped=0 gpu_q=1 gpu_total_us=10392 gpu_prepass_us=401 gpu_main_us=4706 gpu_composite_us=5284 gpu_blit_us=0
frust_shell_common::perf: frust-perf raw n=20 total_us=11024 rebuild_us=440 layout_us=78 paint_us=188 encode_us=44 acquire_us=48 submit_us=10223 skipped=0 gpu_q=1 gpu_total_us=10297 gpu_prepass_us=279 gpu_main_us=4756 gpu_composite_us=5261 gpu_blit_us=0
frust_shell_common::perf: frust-perf raw n=21 total_us=10980 rebuild_us=477 layout_us=81 paint_us=168 encode_us=44 acquire_us=52 submit_us=10158 skipped=0 gpu_q=1 gpu_total_us=10324 gpu_prepass_us=315 gpu_main_us=4585 gpu_composite_us=5423 gpu_blit_us=0
frust_shell_common::perf: frust-perf raw n=22 total_us=11313 rebuild_us=450 layout_us=80 paint_us=162 encode_us=58 acquire_us=51 submit_us=10511 skipped=0 gpu_q=1 gpu_total_us=10529 gpu_prepass_us=267 gpu_main_us=4894 gpu_composite_us=5367 gpu_blit_us=0
frust_shell_common::perf: frust-perf raw n=23 total_us=10978 rebuild_us=455 layout_us=78 paint_us=186 encode_us=43 acquire_us=51 submit_us=10162 skipped=0 gpu_q=1 gpu_total_us=10188 gpu_prepass_us=221 gpu_main_us=4578 gpu_composite_us=5387 gpu_blit_us=0
frust_shell_common::perf: frust-perf raw n=24 total_us=10909 rebuild_us=502 layout_us=81 paint_us=161 encode_us=106 acquire_us=1130 submit_us=8926 skipped=0 gpu_q=1 gpu_total_us=10271 gpu_prepass_us=241 gpu_main_us=4589 gpu_composite_us=5440 gpu_blit_us=0
frust_shell_common::perf: frust-perf raw n=25 total_us=11403 rebuild_us=484 layout_us=85 paint_us=164 encode_us=45 acquire_us=58 submit_us=10564 skipped=0 gpu_q=1 gpu_total_us=10567 gpu_prepass_us=229 gpu_main_us=4919 gpu_composite_us=5418 gpu_blit_us=0
frust_shell_common::perf: frust-perf raw n=26 total_us=10328 rebuild_us=427 layout_us=71 paint_us=144 encode_us=59 acquire_us=57 submit_us=9569 skipped=0 gpu_q=1 gpu_total_us=10183 gpu_prepass_us=0 gpu_main_us=4591 gpu_composite_us=5592 gpu_blit_us=0
frust_shell_common::perf: frust-perf raw n=27 total_us=10753 rebuild_us=463 layout_us=80 paint_us=155 encode_us=43 acquire_us=53 submit_us=9956 skipped=0 gpu_q=1 gpu_total_us=10217 gpu_prepass_us=258 gpu_main_us=4571 gpu_composite_us=5387 gpu_blit_us=0
frust_shell_common::perf: frust-perf raw n=28 total_us=10678 rebuild_us=537 layout_us=89 paint_us=180 encode_us=47 acquire_us=57 submit_us=9765 skipped=0 gpu_q=1 gpu_total_us=10684 gpu_prepass_us=340 gpu_main_us=4623 gpu_composite_us=5720 gpu_blit_us=0
frust_shell_common::perf: frust-perf raw n=29 total_us=10227 rebuild_us=533 layout_us=89 paint_us=191 encode_us=46 acquire_us=58 submit_us=9308 skipped=0 gpu_q=1 gpu_total_us=10652 gpu_prepass_us=315 gpu_main_us=4619 gpu_composite_us=5717 gpu_blit_us=0
frust_shell_common::perf: frust-perf raw n=30 total_us=10535 rebuild_us=594 layout_us=90 paint_us=185 encode_us=115 acquire_us=123 submit_us=9426 skipped=0 gpu_q=1 gpu_total_us=10894 gpu_prepass_us=215 gpu_main_us=4955 gpu_composite_us=5723 gpu_blit_us=0
frust_shell_common::perf: frust-perf raw n=31 total_us=6478 rebuild_us=547 layout_us=74 paint_us=135 encode_us=54 acquire_us=56 submit_us=5610 skipped=0 gpu_q=1 gpu_total_us=10948 gpu_prepass_us=225 gpu_main_us=5014 gpu_composite_us=5708 gpu_blit_us=0
frust_shell_android::app::frame: frust-perf platform-view tail depth=0 target=0 acquire_bound=false frame=240 expected_present_us=0 acquire_us=109 period_us=11134
frust_shell_common::perf: frust-perf raw n=32 total_us=10266 rebuild_us=240 layout_us=141 paint_us=250 encode_us=283 acquire_us=167 submit_us=9183 skipped=0 gpu_q=1 gpu_total_us=10667 gpu_prepass_us=0 gpu_main_us=4967 gpu_composite_us=5699 gpu_blit_us=0
frust_shell_common::perf: frust-perf raw n=33 total_us=10612 rebuild_us=130 layout_us=0 paint_us=171 encode_us=36 acquire_us=55 submit_us=10217 skipped=0 gpu_q=1 gpu_total_us=10950 gpu_prepass_us=277 gpu_main_us=4957 gpu_composite_us=5715 gpu_blit_us=0
frust_shell_common::perf: frust-perf raw n=34 total_us=21877 rebuild_us=208 layout_us=137 paint_us=211 encode_us=53 acquire_us=71 submit_us=21195 skipped=0 gpu_q=1 gpu_total_us=7456 gpu_prepass_us=269 gpu_main_us=7187 gpu_composite_us=0 gpu_blit_us=0
frust_shell_common::perf: frust-perf raw n=35 total_us=21524 rebuild_us=174 layout_us=135 paint_us=200 encode_us=59 acquire_us=65 submit_us=20890 skipped=0 gpu_q=1 gpu_total_us=7110 gpu_prepass_us=0 gpu_main_us=7110 gpu_composite_us=0 gpu_blit_us=0
frust_shell_common::perf: frust-perf raw n=36 total_us=15412 rebuild_us=200 layout_us=171 paint_us=226 encode_us=56 acquire_us=58 submit_us=14700 skipped=0 gpu_q=1 gpu_total_us=15079 gpu_prepass_us=0 gpu_main_us=15079 gpu_composite_us=0 gpu_blit_us=0
frust_shell_common::perf: frust-perf raw n=37 total_us=12695 rebuild_us=167 layout_us=119 paint_us=219 encode_us=54 acquire_us=53 submit_us=12081 skipped=0 gpu_q=1 gpu_total_us=22892 gpu_prepass_us=0 gpu_main_us=10321 gpu_composite_us=12571 gpu_blit_us=0
frust_shell_common::perf: frust-perf raw n=38 total_us=11467 rebuild_us=171 layout_us=117 paint_us=288 encode_us=209 acquire_us=121 submit_us=10557 skipped=0 gpu_q=1 gpu_total_us=20415 gpu_prepass_us=0 gpu_main_us=7890 gpu_composite_us=12524 gpu_blit_us=0
frust_shell_common::perf: frust-perf raw n=39 total_us=11106 rebuild_us=182 layout_us=171 paint_us=213 encode_us=45 acquire_us=46 submit_us=10446 skipped=0 gpu_q=1 gpu_total_us=15033 gpu_prepass_us=0 gpu_main_us=6329 gpu_composite_us=8704 gpu_blit_us=0
frust_shell_common::perf: frust-perf raw n=40 total_us=10717 rebuild_us=214 layout_us=136 paint_us=220 encode_us=49 acquire_us=60 submit_us=10036 skipped=0 gpu_q=1 gpu_total_us=12308 gpu_prepass_us=327 gpu_main_us=4993 gpu_composite_us=6986 gpu_blit_us=0
frust_shell_common::perf: frust-perf raw n=41 total_us=10263 rebuild_us=186 layout_us=126 paint_us=223 encode_us=57 acquire_us=56 submit_us=9611 skipped=0 gpu_q=1 gpu_total_us=10751 gpu_prepass_us=303 gpu_main_us=4621 gpu_composite_us=5826 gpu_blit_us=0
frust_shell_common::perf: frust-perf raw n=42 total_us=9475 rebuild_us=146 layout_us=110 paint_us=177 encode_us=48 acquire_us=55 submit_us=8936 skipped=0 gpu_q=1 gpu_total_us=10345 gpu_prepass_us=0 gpu_main_us=4609 gpu_composite_us=5736 gpu_blit_us=0
frust_shell_common::perf: frust-perf raw n=43 total_us=10869 rebuild_us=148 layout_us=106 paint_us=203 encode_us=45 acquire_us=50 submit_us=10315 skipped=0 gpu_q=1 gpu_total_us=10496 gpu_prepass_us=215 gpu_main_us=4583 gpu_composite_us=5697 gpu_blit_us=0
frust_shell_common::perf: frust-perf raw n=44 total_us=9985 rebuild_us=172 layout_us=119 paint_us=208 encode_us=44 acquire_us=60 submit_us=9380 skipped=0 gpu_q=1 gpu_total_us=10233 gpu_prepass_us=0 gpu_main_us=4571 gpu_composite_us=5662 gpu_blit_us=0
frust_shell_common::perf: frust-perf raw n=45 total_us=13901 rebuild_us=161 layout_us=118 paint_us=186 encode_us=113 acquire_us=118 submit_us=13203 skipped=0 gpu_q=1 gpu_total_us=10811 gpu_prepass_us=0 gpu_main_us=4824 gpu_composite_us=5987 gpu_blit_us=0
frust_shell_common::perf: frust-perf raw n=46 total_us=11151 rebuild_us=539 layout_us=155 paint_us=259 encode_us=96 acquire_us=56 submit_us=10045 skipped=0 gpu_q=1 gpu_total_us=10531 gpu_prepass_us=0 gpu_main_us=4841 gpu_composite_us=5690 gpu_blit_us=0
frust_shell_common::perf: frust-perf raw n=47 total_us=11077 rebuild_us=193 layout_us=126 paint_us=261 encode_us=44 acquire_us=32 submit_us=10417 skipped=0 gpu_q=1 gpu_total_us=10555 gpu_prepass_us=0 gpu_main_us=4837 gpu_composite_us=5718 gpu_blit_us=0
frust_shell_common::perf: frust-perf raw n=48 total_us=11143 rebuild_us=194 layout_us=135 paint_us=279 encode_us=44 acquire_us=42 submit_us=10445 skipped=0 gpu_q=1 gpu_total_us=10588 gpu_prepass_us=0 gpu_main_us=4873 gpu_composite_us=5714 gpu_blit_us=0
frust_shell_common::perf: frust-perf raw n=49 total_us=12411 rebuild_us=302 layout_us=251 paint_us=271 encode_us=139 acquire_us=108 submit_us=11338 skipped=0 gpu_q=1 gpu_total_us=10576 gpu_prepass_us=0 gpu_main_us=4816 gpu_composite_us=5760 gpu_blit_us=0
frust_shell_common::perf: frust-perf raw n=50 total_us=10868 rebuild_us=185 layout_us=161 paint_us=244 encode_us=39 acquire_us=34 submit_us=10202 skipped=0 gpu_q=1 gpu_total_us=10590 gpu_prepass_us=0 gpu_main_us=4840 gpu_composite_us=5750 gpu_blit_us=0
frust_shell_common::perf: frust-perf raw n=51 total_us=13280 rebuild_us=146 layout_us=108 paint_us=228 encode_us=45 acquire_us=47 submit_us=12704 skipped=0 gpu_q=1 gpu_total_us=10676 gpu_prepass_us=0 gpu_main_us=4845 gpu_composite_us=5830 gpu_blit_us=0
frust_shell_common::perf: frust-perf raw n=52 total_us=12017 rebuild_us=149 layout_us=117 paint_us=215 encode_us=46 acquire_us=49 submit_us=11439 skipped=0 gpu_q=1 gpu_total_us=10632 gpu_prepass_us=0 gpu_main_us=4863 gpu_composite_us=5769 gpu_blit_us=0
frust_shell_common::perf: frust-perf raw n=53 total_us=12649 rebuild_us=148 layout_us=111 paint_us=186 encode_us=57 acquire_us=54 submit_us=12090 skipped=0 gpu_q=1 gpu_total_us=10669 gpu_prepass_us=0 gpu_main_us=4908 gpu_composite_us=5760 gpu_blit_us=0
frust_shell_common::perf: frust-perf raw n=54 total_us=13371 rebuild_us=145 layout_us=112 paint_us=185 encode_us=49 acquire_us=48 submit_us=12830 skipped=0 gpu_q=1 gpu_total_us=12230 gpu_prepass_us=241 gpu_main_us=4919 gpu_composite_us=7069 gpu_blit_us=0
frust_shell_common::perf: frust-perf raw n=55 total_us=12775 rebuild_us=143 layout_us=101 paint_us=168 encode_us=44 acquire_us=41 submit_us=12276 skipped=0 gpu_q=1 gpu_total_us=12018 gpu_prepass_us=233 gpu_main_us=4909 gpu_composite_us=6875 gpu_blit_us=0
frust_shell_common::perf: frust-perf raw n=56 total_us=12593 rebuild_us=155 layout_us=107 paint_us=180 encode_us=46 acquire_us=47 submit_us=12055 skipped=0 gpu_q=1 gpu_total_us=12099 gpu_prepass_us=296 gpu_main_us=4958 gpu_composite_us=6844 gpu_blit_us=0
frust_shell_common::perf: frust-perf raw n=57 total_us=9346 rebuild_us=918 layout_us=17 paint_us=76 encode_us=80 acquire_us=54 submit_us=8199 skipped=0 gpu_q=1 gpu_total_us=12139 gpu_prepass_us=289 gpu_main_us=5021 gpu_composite_us=6827 gpu_blit_us=0
frust_shell_android::app::frame: frust-perf platform-view tail depth=0 target=0 acquire_bound=false frame=360 expected_present_us=0 acquire_us=48 period_us=11132
frust_shell_android::app::input: frust-perf platform-view gesture phase=down frame=458
frust_shell_android::app::input: frust-perf platform-view gesture phase=up frame=458
frust_shell_common::perf: frust-perf raw n=58 total_us=4543 rebuild_us=162 layout_us=0 paint_us=87 encode_us=52 acquire_us=74 submit_us=4166 skipped=0 gpu_q=1 gpu_total_us=12169 gpu_prepass_us=250 gpu_main_us=5046 gpu_composite_us=6873 gpu_blit_us=0
frust_shell_common::perf: frust-perf raw n=59 total_us=18092 rebuild_us=1021 layout_us=776 paint_us=265 encode_us=67 acquire_us=103 submit_us=15857 skipped=0 gpu_q=1 gpu_total_us=12165 gpu_prepass_us=223 gpu_main_us=5059 gpu_composite_us=6882 gpu_blit_us=0
frust_shell_common::perf: frust-perf raw n=60 total_us=17467 rebuild_us=478 layout_us=204 paint_us=169 encode_us=110 acquire_us=78 submit_us=16426 skipped=0 gpu_q=1 gpu_total_us=8242 gpu_prepass_us=0 gpu_main_us=8242 gpu_composite_us=0 gpu_blit_us=0
frust_shell_common::perf: frust-perf raw n=61 total_us=18823 rebuild_us=600 layout_us=86 paint_us=217 encode_us=65 acquire_us=64 submit_us=17788 skipped=0 gpu_q=1 gpu_total_us=8168 gpu_prepass_us=0 gpu_main_us=8168 gpu_composite_us=0 gpu_blit_us=0
frust_shell_common::perf: frust-perf raw n=62 total_us=14771 rebuild_us=615 layout_us=88 paint_us=217 encode_us=58 acquire_us=64 submit_us=13726 skipped=0 gpu_q=1 gpu_total_us=18063 gpu_prepass_us=0 gpu_main_us=18063 gpu_composite_us=0 gpu_blit_us=0
frust_shell_common::perf: frust-perf raw n=63 total_us=13210 rebuild_us=588 layout_us=89 paint_us=240 encode_us=96 acquire_us=60 submit_us=12136 skipped=0 gpu_q=1 gpu_total_us=16423 gpu_prepass_us=0 gpu_main_us=16423 gpu_composite_us=0 gpu_blit_us=0
frust_shell_common::perf: frust-perf raw n=64 total_us=13797 rebuild_us=537 layout_us=78 paint_us=170 encode_us=75 acquire_us=61 submit_us=12874 skipped=0 gpu_q=1 gpu_total_us=17730 gpu_prepass_us=0 gpu_main_us=7088 gpu_composite_us=10642 gpu_blit_us=0
frust_shell_common::perf: frust-perf raw n=65 total_us=13342 rebuild_us=661 layout_us=90 paint_us=206 encode_us=67 acquire_us=53 submit_us=12263 skipped=0 gpu_q=1 gpu_total_us=14287 gpu_prepass_us=0 gpu_main_us=5665 gpu_composite_us=8621 gpu_blit_us=0
frust_shell_common::perf: frust-perf raw n=66 total_us=12985 rebuild_us=614 layout_us=82 paint_us=178 encode_us=42 acquire_us=52 submit_us=12014 skipped=0 gpu_q=1 gpu_total_us=12307 gpu_prepass_us=0 gpu_main_us=5167 gpu_composite_us=7140 gpu_blit_us=0
frust_shell_common::perf: frust-perf raw n=67 total_us=13261 rebuild_us=559 layout_us=78 paint_us=189 encode_us=54 acquire_us=56 submit_us=12322 skipped=0 gpu_q=1 gpu_total_us=12311 gpu_prepass_us=0 gpu_main_us=5156 gpu_composite_us=7155 gpu_blit_us=0
frust_shell_common::perf: frust-perf raw n=68 total_us=12745 rebuild_us=468 layout_us=68 paint_us=149 encode_us=55 acquire_us=49 submit_us=11954 skipped=0 gpu_q=1 gpu_total_us=12234 gpu_prepass_us=0 gpu_main_us=5199 gpu_composite_us=7034 gpu_blit_us=0
frust_shell_common::perf: frust-perf raw n=69 total_us=12855 rebuild_us=522 layout_us=103 paint_us=161 encode_us=42 acquire_us=53 submit_us=11972 skipped=0 gpu_q=1 gpu_total_us=12531 gpu_prepass_us=326 gpu_main_us=5078 gpu_composite_us=7126 gpu_blit_us=0
frust_shell_common::perf: frust-perf raw n=70 total_us=11977 rebuild_us=554 layout_us=76 paint_us=173 encode_us=111 acquire_us=120 submit_us=10940 skipped=0 gpu_q=1 gpu_total_us=11977 gpu_prepass_us=0 gpu_main_us=5122 gpu_composite_us=6855 gpu_blit_us=0
frust_shell_common::perf: frust-perf raw n=71 total_us=11712 rebuild_us=515 layout_us=69 paint_us=175 encode_us=52 acquire_us=49 submit_us=10850 skipped=0 gpu_q=1 gpu_total_us=11882 gpu_prepass_us=0 gpu_main_us=5060 gpu_composite_us=6822 gpu_blit_us=0
frust_shell_common::perf: frust-perf raw n=72 total_us=11670 rebuild_us=521 layout_us=77 paint_us=155 encode_us=50 acquire_us=50 submit_us=10814 skipped=0 gpu_q=1 gpu_total_us=11790 gpu_prepass_us=0 gpu_main_us=5002 gpu_composite_us=6787 gpu_blit_us=0
frust_shell_common::perf: frust-perf raw n=73 total_us=12940 rebuild_us=516 layout_us=70 paint_us=161 encode_us=47 acquire_us=50 submit_us=12094 skipped=0 gpu_q=1 gpu_total_us=11355 gpu_prepass_us=284 gpu_main_us=4928 gpu_composite_us=6142 gpu_blit_us=0
frust_shell_common::perf: frust-perf raw n=74 total_us=12253 rebuild_us=514 layout_us=69 paint_us=153 encode_us=39 acquire_us=36 submit_us=11440 skipped=0 gpu_q=1 gpu_total_us=11206 gpu_prepass_us=286 gpu_main_us=4605 gpu_composite_us=6314 gpu_blit_us=0
frust_shell_android::app::frame: frust-perf platform-view tail depth=0 target=0 acquire_bound=false frame=480 expected_present_us=0 acquire_us=558 period_us=11137
frust_shell_common::perf: frust-perf raw n=75 total_us=15747 rebuild_us=470 layout_us=64 paint_us=135 encode_us=47 acquire_us=2079 submit_us=12949 skipped=0 gpu_q=1 gpu_total_us=11045 gpu_prepass_us=236 gpu_main_us=4525 gpu_composite_us=6283 gpu_blit_us=0
frust_shell_common::perf: frust-perf raw n=76 total_us=12903 rebuild_us=436 layout_us=60 paint_us=123 encode_us=290 acquire_us=71 submit_us=11921 skipped=0 gpu_q=1 gpu_total_us=11484 gpu_prepass_us=252 gpu_main_us=4940 gpu_composite_us=6290 gpu_blit_us=0
frust_shell_common::perf: frust-perf raw n=77 total_us=10778 rebuild_us=486 layout_us=61 paint_us=137 encode_us=103 acquire_us=74 submit_us=9915 skipped=0 gpu_q=1 gpu_total_us=11104 gpu_prepass_us=219 gpu_main_us=4588 gpu_composite_us=6297 gpu_blit_us=0
frust_shell_common::perf: frust-perf raw n=78 total_us=12493 rebuild_us=915 layout_us=82 paint_us=167 encode_us=39 acquire_us=36 submit_us=11252 skipped=0 gpu_q=1 gpu_total_us=10933 gpu_prepass_us=0 gpu_main_us=4597 gpu_composite_us=6336 gpu_blit_us=0
frust_shell_common::perf: frust-perf raw n=79 total_us=12507 rebuild_us=606 layout_us=83 paint_us=181 encode_us=35 acquire_us=47 submit_us=11553 skipped=0 gpu_q=1 gpu_total_us=11419 gpu_prepass_us=0 gpu_main_us=4872 gpu_composite_us=6546 gpu_blit_us=0
frust_shell_common::perf: frust-perf raw n=80 total_us=12277 rebuild_us=477 layout_us=65 paint_us=144 encode_us=38 acquire_us=50 submit_us=11500 skipped=0 gpu_q=1 gpu_total_us=10891 gpu_prepass_us=0 gpu_main_us=4564 gpu_composite_us=6327 gpu_blit_us=0
frust_shell_common::perf: frust-perf raw n=81 total_us=12912 rebuild_us=438 layout_us=65 paint_us=136 encode_us=34 acquire_us=44 submit_us=12193 skipped=0 gpu_q=1 gpu_total_us=10851 gpu_prepass_us=0 gpu_main_us=4557 gpu_composite_us=6294 gpu_blit_us=0
frust_shell_common::perf: frust-perf raw n=82 total_us=12103 rebuild_us=425 layout_us=62 paint_us=130 encode_us=31 acquire_us=43 submit_us=11408 skipped=0 gpu_q=1 gpu_total_us=11538 gpu_prepass_us=315 gpu_main_us=4610 gpu_composite_us=6611 gpu_blit_us=0
frust_shell_common::perf: frust-perf raw n=83 total_us=13167 rebuild_us=404 layout_us=57 paint_us=122 encode_us=37 acquire_us=48 submit_us=12497 skipped=0 gpu_q=1 gpu_total_us=11585 gpu_prepass_us=0 gpu_main_us=4940 gpu_composite_us=6645 gpu_blit_us=0
frust_shell_common::perf: frust-perf raw n=84 total_us=9213 rebuild_us=435 layout_us=49 paint_us=81 encode_us=43 acquire_us=48 submit_us=8554 skipped=0 gpu_q=1 gpu_total_us=11900 gpu_prepass_us=261 gpu_main_us=5009 gpu_composite_us=6629 gpu_blit_us=0
frust_shell_android::app::frame: frust-perf platform-view tail depth=0 target=0 acquire_bound=false frame=600 expected_present_us=0 acquire_us=85 period_us=11134
frust_shell_common::perf: frust-perf raw n=85 total_us=4513 rebuild_us=250 layout_us=111 paint_us=169 encode_us=44 acquire_us=74 submit_us=3862 skipped=0 gpu_q=1 gpu_total_us=11917 gpu_prepass_us=226 gpu_main_us=5038 gpu_composite_us=6653 gpu_blit_us=0
frust_shell_common::perf: frust-perf raw n=86 total_us=16898 rebuild_us=429 layout_us=1 paint_us=491 encode_us=44 acquire_us=73 submit_us=15858 skipped=0 gpu_q=1 gpu_total_us=11952 gpu_prepass_us=254 gpu_main_us=5065 gpu_composite_us=6632 gpu_blit_us=0
frust_shell_common::perf: frust-perf raw n=87 total_us=21891 rebuild_us=235 layout_us=143 paint_us=248 encode_us=50 acquire_us=66 submit_us=21147 skipped=0 gpu_q=1 gpu_total_us=8692 gpu_prepass_us=263 gpu_main_us=8428 gpu_composite_us=0 gpu_blit_us=0
frust_shell_common::perf: frust-perf raw n=88 total_us=16289 rebuild_us=165 layout_us=101 paint_us=151 encode_us=47 acquire_us=54 submit_us=15768 skipped=0 gpu_q=1 gpu_total_us=8546 gpu_prepass_us=0 gpu_main_us=8546 gpu_composite_us=0 gpu_blit_us=0
frust_shell_common::perf: frust-perf raw n=89 total_us=10840 rebuild_us=176 layout_us=107 paint_us=170 encode_us=40 acquire_us=53 submit_us=10293 skipped=0 gpu_q=1 gpu_total_us=17651 gpu_prepass_us=0 gpu_main_us=17651 gpu_composite_us=0 gpu_blit_us=0
frust_shell_common::perf: frust-perf raw n=90 total_us=12634 rebuild_us=176 layout_us=111 paint_us=180 encode_us=53 acquire_us=50 submit_us=12061 skipped=0 gpu_q=1 gpu_total_us=21150 gpu_prepass_us=0 gpu_main_us=7559 gpu_composite_us=13590 gpu_blit_us=0
frust_shell_common::perf: frust-perf raw n=91 total_us=11869 rebuild_us=168 layout_us=101 paint_us=163 encode_us=46 acquire_us=48 submit_us=11340 skipped=0 gpu_q=1 gpu_total_us=14739 gpu_prepass_us=289 gpu_main_us=6247 gpu_composite_us=8202 gpu_blit_us=0
frust_shell_common::perf: frust-perf raw n=92 total_us=11550 rebuild_us=160 layout_us=98 paint_us=172 encode_us=110 acquire_us=111 submit_us=10897 skipped=0 gpu_q=1 gpu_total_us=11842 gpu_prepass_us=0 gpu_main_us=5187 gpu_composite_us=6654 gpu_blit_us=0
frust_shell_common::perf: frust-perf raw n=93 total_us=12344 rebuild_us=163 layout_us=93 paint_us=151 encode_us=46 acquire_us=44 submit_us=11845 skipped=0 gpu_q=1 gpu_total_us=11383 gpu_prepass_us=0 gpu_main_us=4748 gpu_composite_us=6634 gpu_blit_us=0
frust_shell_common::perf: frust-perf raw n=94 total_us=11661 rebuild_us=158 layout_us=100 paint_us=149 encode_us=45 acquire_us=47 submit_us=11159 skipped=0 gpu_q=1 gpu_total_us=11344 gpu_prepass_us=0 gpu_main_us=4722 gpu_composite_us=6621 gpu_blit_us=0
frust_shell_common::perf: frust-perf raw n=95 total_us=15641 rebuild_us=164 layout_us=92 paint_us=165 encode_us=59 acquire_us=2278 submit_us=12880 skipped=0 gpu_q=1 gpu_total_us=11335 gpu_prepass_us=0 gpu_main_us=4718 gpu_composite_us=6617 gpu_blit_us=0
frust_shell_common::perf: frust-perf raw n=96 total_us=11173 rebuild_us=149 layout_us=93 paint_us=144 encode_us=94 acquire_us=69 submit_us=10622 skipped=0 gpu_q=1 gpu_total_us=11666 gpu_prepass_us=0 gpu_main_us=5062 gpu_composite_us=6603 gpu_blit_us=0
frust_shell_common::perf: frust-perf raw n=97 total_us=11112 rebuild_us=411 layout_us=138 paint_us=188 encode_us=73 acquire_us=60 submit_us=10240 skipped=0 gpu_q=1 gpu_total_us=11312 gpu_prepass_us=0 gpu_main_us=4694 gpu_composite_us=6618 gpu_blit_us=0
frust_shell_common::perf: frust-perf raw n=98 total_us=10319 rebuild_us=183 layout_us=102 paint_us=187 encode_us=35 acquire_us=38 submit_us=9771 skipped=0 gpu_q=1 gpu_total_us=11489 gpu_prepass_us=0 gpu_main_us=4628 gpu_composite_us=6860 gpu_blit_us=0
frust_shell_common::perf: frust-perf raw n=99 total_us=11574 rebuild_us=142 layout_us=86 paint_us=147 encode_us=106 acquire_us=86 submit_us=11004 skipped=0 gpu_q=1 gpu_total_us=10440 gpu_prepass_us=0 gpu_main_us=4731 gpu_composite_us=5709 gpu_blit_us=0
frust_shell_common::perf: frust-perf raw n=100 total_us=12983 rebuild_us=148 layout_us=90 paint_us=143 encode_us=38 acquire_us=34 submit_us=12528 skipped=0 gpu_q=1 gpu_total_us=10534 gpu_prepass_us=0 gpu_main_us=4778 gpu_composite_us=5755 gpu_blit_us=0
frust_shell_common::perf: frust-perf raw n=101 total_us=9782 rebuild_us=421 layout_us=216 paint_us=461 encode_us=45 acquire_us=62 submit_us=8574 skipped=0 gpu_q=1 gpu_total_us=10528 gpu_prepass_us=0 gpu_main_us=4776 gpu_composite_us=5751 gpu_blit_us=0
frust_shell_common::perf: frust-perf raw n=102 total_us=12251 rebuild_us=195 layout_us=114 paint_us=201 encode_us=111 acquire_us=137 submit_us=11491 skipped=0 gpu_q=1 gpu_total_us=10617 gpu_prepass_us=0 gpu_main_us=4816 gpu_composite_us=5800 gpu_blit_us=0
frust_shell_common::perf: frust-perf raw n=103 total_us=10484 rebuild_us=287 layout_us=134 paint_us=301 encode_us=39 acquire_us=31 submit_us=9690 skipped=0 gpu_q=1 gpu_total_us=10648 gpu_prepass_us=0 gpu_main_us=4880 gpu_composite_us=5768 gpu_blit_us=0
frust_shell_common::perf: frust-perf raw n=104 total_us=10600 rebuild_us=144 layout_us=88 paint_us=148 encode_us=117 acquire_us=98 submit_us=10003 skipped=0 gpu_q=1 gpu_total_us=10609 gpu_prepass_us=0 gpu_main_us=4855 gpu_composite_us=5754 gpu_blit_us=0
frust_shell_common::perf: frust-perf raw n=105 total_us=13530 rebuild_us=131 layout_us=77 paint_us=122 encode_us=38 acquire_us=38 submit_us=13121 skipped=0 gpu_q=1 gpu_total_us=10687 gpu_prepass_us=0 gpu_main_us=4914 gpu_composite_us=5772 gpu_blit_us=0
frust_shell_common::perf: frust-perf raw n=106 total_us=10726 rebuild_us=438 layout_us=218 paint_us=482 encode_us=46 acquire_us=45 submit_us=9494 skipped=0 gpu_q=1 gpu_total_us=10702 gpu_prepass_us=0 gpu_main_us=4929 gpu_composite_us=5773 gpu_blit_us=0
frust_shell_common::perf: frust-perf raw n=107 total_us=13300 rebuild_us=301 layout_us=158 paint_us=281 encode_us=148 acquire_us=98 submit_us=12312 skipped=0 gpu_q=1 gpu_total_us=10858 gpu_prepass_us=0 gpu_main_us=4914 gpu_composite_us=5943 gpu_blit_us=0
frust_shell_common::perf: frust-perf raw n=108 total_us=11695 rebuild_us=178 layout_us=104 paint_us=185 encode_us=49 acquire_us=51 submit_us=11125 skipped=0 gpu_q=1 gpu_total_us=11807 gpu_prepass_us=0 gpu_main_us=4884 gpu_composite_us=6923 gpu_blit_us=0
frust_shell_common::perf: frust-perf raw n=109 total_us=12517 rebuild_us=147 layout_us=92 paint_us=155 encode_us=52 acquire_us=52 submit_us=12017 skipped=0 gpu_q=1 gpu_total_us=11739 gpu_prepass_us=0 gpu_main_us=4884 gpu_composite_us=6855 gpu_blit_us=0
frust_shell_common::perf: frust-perf raw n=110 total_us=12824 rebuild_us=149 layout_us=92 paint_us=159 encode_us=46 acquire_us=49 submit_us=12326 skipped=0 gpu_q=1 gpu_total_us=11731 gpu_prepass_us=0 gpu_main_us=4886 gpu_composite_us=6844 gpu_blit_us=0
frust_shell_common::perf: frust-perf raw n=111 total_us=8010 rebuild_us=481 layout_us=16 paint_us=81 encode_us=46 acquire_us=54 submit_us=7329 skipped=0 gpu_q=1 gpu_total_us=11774 gpu_prepass_us=0 gpu_main_us=4923 gpu_composite_us=6851 gpu_blit_us=0
frust_shell_android::app::frame: frust-perf platform-view tail depth=0 target=0 acquire_bound=false frame=720 expected_present_us=0 acquire_us=61 period_us=11134
frust_shell_android::app::input: frust-perf platform-view gesture phase=down frame=771
frust_shell_android::app::input: frust-perf platform-view gesture phase=up frame=771
frust_shell_common::perf: frust-perf raw n=112 total_us=13434 rebuild_us=8690 layout_us=710 paint_us=231 encode_us=62 acquire_us=88 submit_us=3649 skipped=0 gpu_q=1 gpu_total_us=11851 gpu_prepass_us=0 gpu_main_us=4973 gpu_composite_us=6878 gpu_blit_us=0
frust_shell_common::perf: frust-perf raw n=113 total_us=20252 rebuild_us=452 layout_us=58 paint_us=175 encode_us=45 acquire_us=65 submit_us=19455 skipped=0 gpu_q=1 gpu_total_us=11800 gpu_prepass_us=0 gpu_main_us=4984 gpu_composite_us=6815 gpu_blit_us=0
frust_shell_common::perf: frust-perf raw n=114 total_us=22935 rebuild_us=557 layout_us=76 paint_us=251 encode_us=57 acquire_us=65 submit_us=21927 skipped=0 gpu_q=1 gpu_total_us=8253 gpu_prepass_us=0 gpu_main_us=8253 gpu_composite_us=0 gpu_blit_us=0
frust_shell_common::perf: frust-perf raw n=115 total_us=15810 rebuild_us=468 layout_us=63 paint_us=177 encode_us=74 acquire_us=81 submit_us=14946 skipped=0 gpu_q=1 gpu_total_us=8209 gpu_prepass_us=0 gpu_main_us=8209 gpu_composite_us=0 gpu_blit_us=0
frust_shell_common::perf: frust-perf raw n=116 total_us=14389 rebuild_us=1484 layout_us=222 paint_us=637 encode_us=110 acquire_us=132 submit_us=11802 skipped=0 gpu_q=1 gpu_total_us=18011 gpu_prepass_us=0 gpu_main_us=18011 gpu_composite_us=0 gpu_blit_us=0
frust_shell_common::perf: frust-perf raw n=117 total_us=14993 rebuild_us=403 layout_us=57 paint_us=195 encode_us=69 acquire_us=1023 submit_us=13243 skipped=0 gpu_q=1 gpu_total_us=21807 gpu_prepass_us=0 gpu_main_us=7959 gpu_composite_us=13848 gpu_blit_us=0
frust_shell_common::perf: frust-perf raw n=118 total_us=11804 rebuild_us=458 layout_us=70 paint_us=219 encode_us=103 acquire_us=73 submit_us=10879 skipped=0 gpu_q=1 gpu_total_us=14802 gpu_prepass_us=0 gpu_main_us=5914 gpu_composite_us=8887 gpu_blit_us=0
frust_shell_common::perf: frust-perf raw n=119 total_us=12937 rebuild_us=805 layout_us=95 paint_us=211 encode_us=38 acquire_us=43 submit_us=11742 skipped=0 gpu_q=1 gpu_total_us=12293 gpu_prepass_us=0 gpu_main_us=5209 gpu_composite_us=7083 gpu_blit_us=0
frust_shell_common::perf: frust-perf raw n=120 total_us=13176 rebuild_us=408 layout_us=55 paint_us=167 encode_us=51 acquire_us=51 submit_us=12441 skipped=0 gpu_q=1 gpu_total_us=12535 gpu_prepass_us=252 gpu_main_us=5135 gpu_composite_us=7147 gpu_blit_us=0
frust_shell_common::perf: frust-perf raw n=121 total_us=11988 rebuild_us=408 layout_us=61 paint_us=171 encode_us=45 acquire_us=78 submit_us=11223 skipped=0 gpu_q=1 gpu_total_us=12210 gpu_prepass_us=0 gpu_main_us=5145 gpu_composite_us=7064 gpu_blit_us=0
frust_shell_common::perf: frust-perf raw n=122 total_us=12368 rebuild_us=470 layout_us=61 paint_us=231 encode_us=49 acquire_us=51 submit_us=11503 skipped=0 gpu_q=1 gpu_total_us=12082 gpu_prepass_us=0 gpu_main_us=5022 gpu_composite_us=7060 gpu_blit_us=0
frust_shell_common::perf: frust-perf raw n=123 total_us=12408 rebuild_us=423 layout_us=57 paint_us=160 encode_us=87 acquire_us=82 submit_us=11597 skipped=0 gpu_q=1 gpu_total_us=11800 gpu_prepass_us=0 gpu_main_us=4984 gpu_composite_us=6816 gpu_blit_us=0
frust_shell_common::perf: frust-perf raw n=124 total_us=12048 rebuild_us=438 layout_us=60 paint_us=157 encode_us=65 acquire_us=53 submit_us=11273 skipped=0 gpu_q=1 gpu_total_us=11980 gpu_prepass_us=0 gpu_main_us=5139 gpu_composite_us=6841 gpu_blit_us=0
frust_shell_common::perf: frust-perf raw n=125 total_us=12751 rebuild_us=459 layout_us=66 paint_us=171 encode_us=49 acquire_us=46 submit_us=11957 skipped=0 gpu_q=1 gpu_total_us=11341 gpu_prepass_us=298 gpu_main_us=4830 gpu_composite_us=6212 gpu_blit_us=0
frust_shell_common::perf: frust-perf raw n=126 total_us=11742 rebuild_us=474 layout_us=60 paint_us=162 encode_us=117 acquire_us=121 submit_us=10804 skipped=0 gpu_q=1 gpu_total_us=11278 gpu_prepass_us=290 gpu_main_us=4634 gpu_composite_us=6354 gpu_blit_us=0
frust_shell_common::perf: frust-perf raw n=127 total_us=11941 rebuild_us=423 layout_us=61 paint_us=157 encode_us=49 acquire_us=42 submit_us=11205 skipped=0 gpu_q=1 gpu_total_us=11269 gpu_prepass_us=327 gpu_main_us=4554 gpu_composite_us=6386 gpu_blit_us=0
frust_shell_common::perf: frust-perf raw n=128 total_us=12133 rebuild_us=447 layout_us=64 paint_us=184 encode_us=48 acquire_us=45 submit_us=11342 skipped=0 gpu_q=1 gpu_total_us=11563 gpu_prepass_us=282 gpu_main_us=4943 gpu_composite_us=6337 gpu_blit_us=0
frust_shell_common::perf: frust-perf raw n=129 total_us=12105 rebuild_us=501 layout_us=66 paint_us=182 encode_us=49 acquire_us=43 submit_us=11261 skipped=0 gpu_q=1 gpu_total_us=11192 gpu_prepass_us=234 gpu_main_us=4628 gpu_composite_us=6329 gpu_blit_us=0
frust_shell_common::perf: frust-perf raw n=130 total_us=12214 rebuild_us=424 layout_us=58 paint_us=160 encode_us=51 acquire_us=44 submit_us=11475 skipped=0 gpu_q=1 gpu_total_us=11208 gpu_prepass_us=217 gpu_main_us=4633 gpu_composite_us=6357 gpu_blit_us=0
frust_shell_common::perf: frust-perf raw n=131 total_us=12178 rebuild_us=427 layout_us=65 paint_us=170 encode_us=47 acquire_us=44 submit_us=11422 skipped=0 gpu_q=1 gpu_total_us=11339 gpu_prepass_us=0 gpu_main_us=4994 gpu_composite_us=6344 gpu_blit_us=0
frust_shell_common::perf: frust-perf raw n=132 total_us=12396 rebuild_us=477 layout_us=64 paint_us=161 encode_us=57 acquire_us=2355 submit_us=9279 skipped=0 gpu_q=1 gpu_total_us=11247 gpu_prepass_us=221 gpu_main_us=4667 gpu_composite_us=6359 gpu_blit_us=0
frust_shell_common::perf: frust-perf raw n=133 total_us=11896 rebuild_us=386 layout_us=56 paint_us=150 encode_us=47 acquire_us=720 submit_us=10535 skipped=0 gpu_q=1 gpu_total_us=11235 gpu_prepass_us=0 gpu_main_us=4672 gpu_composite_us=6563 gpu_blit_us=0
frust_shell_common::perf: frust-perf raw n=134 total_us=12689 rebuild_us=410 layout_us=59 paint_us=159 encode_us=169 acquire_us=681 submit_us=11208 skipped=0 gpu_q=1 gpu_total_us=11494 gpu_prepass_us=293 gpu_main_us=4631 gpu_composite_us=6569 gpu_blit_us=0
frust_shell_common::perf: frust-perf raw n=135 total_us=12349 rebuild_us=359 layout_us=45 paint_us=172 encode_us=37 acquire_us=44 submit_us=11690 skipped=0 gpu_q=1 gpu_total_us=11531 gpu_prepass_us=317 gpu_main_us=4632 gpu_composite_us=6581 gpu_blit_us=0
frust_shell_common::perf: frust-perf raw n=136 total_us=10828 rebuild_us=1407 layout_us=116 paint_us=152 encode_us=106 acquire_us=127 submit_us=8917 skipped=0 gpu_q=1 gpu_total_us=11758 gpu_prepass_us=259 gpu_main_us=4893 gpu_composite_us=6605 gpu_blit_us=0
frust_shell_android::app::frame: frust-perf platform-view tail depth=0 target=0 acquire_bound=false frame=840 expected_present_us=0 acquire_us=409 period_us=11137
frust_shell_common::perf: frust-perf raw n=137 total_us=3698 rebuild_us=207 layout_us=82 paint_us=140 encode_us=44 acquire_us=71 submit_us=3151 skipped=0 gpu_q=1 gpu_total_us=11739 gpu_prepass_us=250 gpu_main_us=4879 gpu_composite_us=6609 gpu_blit_us=0
frust_shell_common::perf: frust-perf raw n=138 total_us=7924 rebuild_us=217 layout_us=0 paint_us=278 encode_us=86 acquire_us=136 submit_us=7204 skipped=0 gpu_q=1 gpu_total_us=11772 gpu_prepass_us=256 gpu_main_us=4898 gpu_composite_us=6616 gpu_blit_us=0
frust_shell_common::perf: frust-perf frame n=120 total_p50_ms=12 total_p95_ms=18 total_p99_ms=21 rebuild_p95_ms=0 layout_p95_ms=0 paint_p95_ms=0 encode_p95_ms=0 acquire_p95_ms=0 submit_p95_ms=16 over_60hz=18 over_120hz=131 skipped=0 total_frames=138
frust_shell_common::perf: frust-perf raw n=139 total_us=18767 rebuild_us=232 layout_us=0 paint_us=273 encode_us=77 acquire_us=87 submit_us=18096 skipped=0 gpu_q=1 gpu_total_us=8249 gpu_prepass_us=223 gpu_main_us=8026 gpu_composite_us=0 gpu_blit_us=0
frust_shell_common::perf: frust-perf raw n=140 total_us=15648 rebuild_us=181 layout_us=0 paint_us=224 encode_us=72 acquire_us=65 submit_us=15105 skipped=0 gpu_q=1 gpu_total_us=8042 gpu_prepass_us=0 gpu_main_us=8042 gpu_composite_us=0 gpu_blit_us=0
frust_shell_common::perf: frust-perf raw n=141 total_us=12894 rebuild_us=215 layout_us=0 paint_us=305 encode_us=87 acquire_us=55 submit_us=12230 skipped=0 gpu_q=1 gpu_total_us=17646 gpu_prepass_us=0 gpu_main_us=17646 gpu_composite_us=0 gpu_blit_us=0
frust_shell_common::perf: frust-perf raw n=142 total_us=12115 rebuild_us=173 layout_us=0 paint_us=205 encode_us=66 acquire_us=600 submit_us=11069 skipped=0 gpu_q=1 gpu_total_us=21824 gpu_prepass_us=0 gpu_main_us=7970 gpu_composite_us=13854 gpu_blit_us=0
frust_shell_common::perf: frust-perf raw n=143 total_us=11525 rebuild_us=198 layout_us=0 paint_us=248 encode_us=54 acquire_us=56 submit_us=10966 skipped=0 gpu_q=1 gpu_total_us=15407 gpu_prepass_us=0 gpu_main_us=6811 gpu_composite_us=8595 gpu_blit_us=0
frust_shell_common::perf: frust-perf raw n=144 total_us=12421 rebuild_us=212 layout_us=0 paint_us=341 encode_us=135 acquire_us=151 submit_us=11579 skipped=0 gpu_q=1 gpu_total_us=12403 gpu_prepass_us=287 gpu_main_us=5318 gpu_composite_us=6796 gpu_blit_us=0
frust_shell_common::perf: frust-perf raw n=145 total_us=12625 rebuild_us=210 layout_us=0 paint_us=255 encode_us=53 acquire_us=43 submit_us=12062 skipped=0 gpu_q=1 gpu_total_us=11624 gpu_prepass_us=0 gpu_main_us=4831 gpu_composite_us=6793 gpu_blit_us=0
frust_shell_common::perf: frust-perf raw n=146 total_us=12573 rebuild_us=164 layout_us=0 paint_us=202 encode_us=70 acquire_us=52 submit_us=12082 skipped=0 gpu_q=1 gpu_total_us=11583 gpu_prepass_us=0 gpu_main_us=4807 gpu_composite_us=6776 gpu_blit_us=0
frust_shell_common::perf: frust-perf raw n=147 total_us=11436 rebuild_us=173 layout_us=0 paint_us=217 encode_us=123 acquire_us=131 submit_us=10790 skipped=0 gpu_q=1 gpu_total_us=11535 gpu_prepass_us=0 gpu_main_us=4782 gpu_composite_us=6752 gpu_blit_us=0
frust_shell_common::perf: frust-perf raw n=148 total_us=11474 rebuild_us=166 layout_us=0 paint_us=222 encode_us=53 acquire_us=51 submit_us=10979 skipped=0 gpu_q=1 gpu_total_us=11919 gpu_prepass_us=0 gpu_main_us=5109 gpu_composite_us=6810 gpu_blit_us=0
frust_shell_common::perf: frust-perf raw n=149 total_us=10819 rebuild_us=153 layout_us=0 paint_us=224 encode_us=43 acquire_us=44 submit_us=10353 skipped=0 gpu_q=1 gpu_total_us=11614 gpu_prepass_us=246 gpu_main_us=4769 gpu_composite_us=6598 gpu_blit_us=0
frust_shell_common::perf: frust-perf raw n=150 total_us=10538 rebuild_us=164 layout_us=0 paint_us=210 encode_us=54 acquire_us=50 submit_us=10058 skipped=0 gpu_q=1 gpu_total_us=11200 gpu_prepass_us=0 gpu_main_us=4609 gpu_composite_us=6591 gpu_blit_us=0
frust_shell_common::perf: frust-perf raw n=151 total_us=11509 rebuild_us=156 layout_us=0 paint_us=195 encode_us=49 acquire_us=51 submit_us=11055 skipped=0 gpu_q=1 gpu_total_us=10748 gpu_prepass_us=0 gpu_main_us=4873 gpu_composite_us=5875 gpu_blit_us=0
frust_shell_common::perf: frust-perf raw n=152 total_us=10718 rebuild_us=152 layout_us=0 paint_us=197 encode_us=41 acquire_us=42 submit_us=10284 skipped=0 gpu_q=1 gpu_total_us=10622 gpu_prepass_us=0 gpu_main_us=4851 gpu_composite_us=5770 gpu_blit_us=0
frust_shell_common::perf: frust-perf raw n=153 total_us=11379 rebuild_us=158 layout_us=0 paint_us=198 encode_us=47 acquire_us=48 submit_us=10925 skipped=0 gpu_q=1 gpu_total_us=10678 gpu_prepass_us=0 gpu_main_us=4893 gpu_composite_us=5785 gpu_blit_us=0
frust_shell_common::perf: frust-perf raw n=154 total_us=10483 rebuild_us=147 layout_us=0 paint_us=183 encode_us=43 acquire_us=42 submit_us=10066 skipped=0 gpu_q=1 gpu_total_us=10550 gpu_prepass_us=0 gpu_main_us=4798 gpu_composite_us=5751 gpu_blit_us=0
frust_shell_common::perf: frust-perf raw n=155 total_us=12772 rebuild_us=155 layout_us=0 paint_us=223 encode_us=142 acquire_us=118 submit_us=12131 skipped=0 gpu_q=1 gpu_total_us=10535 gpu_prepass_us=0 gpu_main_us=4798 gpu_composite_us=5737 gpu_blit_us=0
frust_shell_common::perf: frust-perf raw n=156 total_us=11314 rebuild_us=417 layout_us=1 paint_us=356 encode_us=111 acquire_us=63 submit_us=10365 skipped=0 gpu_q=1 gpu_total_us=10624 gpu_prepass_us=0 gpu_main_us=4821 gpu_composite_us=5803 gpu_blit_us=0
frust_shell_common::perf: frust-perf raw n=157 total_us=11734 rebuild_us=187 layout_us=0 paint_us=234 encode_us=39 acquire_us=38 submit_us=11235 skipped=0 gpu_q=1 gpu_total_us=10677 gpu_prepass_us=0 gpu_main_us=4873 gpu_composite_us=5804 gpu_blit_us=0
frust_shell_common::perf: frust-perf raw n=158 total_us=12723 rebuild_us=149 layout_us=0 paint_us=211 encode_us=52 acquire_us=51 submit_us=12259 skipped=0 gpu_q=1 gpu_total_us=10653 gpu_prepass_us=0 gpu_main_us=4882 gpu_composite_us=5770 gpu_blit_us=0
frust_shell_common::perf: frust-perf raw n=159 total_us=12794 rebuild_us=143 layout_us=0 paint_us=185 encode_us=44 acquire_us=43 submit_us=12377 skipped=0 gpu_q=1 gpu_total_us=10844 gpu_prepass_us=0 gpu_main_us=4901 gpu_composite_us=5942 gpu_blit_us=0
frust_shell_common::perf: frust-perf raw n=160 total_us=12060 rebuild_us=153 layout_us=0 paint_us=200 encode_us=51 acquire_us=50 submit_us=11604 skipped=0 gpu_q=1 gpu_total_us=11753 gpu_prepass_us=0 gpu_main_us=4874 gpu_composite_us=6878 gpu_blit_us=0
frust_shell_common::perf: frust-perf raw n=161 total_us=12271 rebuild_us=148 layout_us=0 paint_us=194 encode_us=50 acquire_us=48 submit_us=11829 skipped=0 gpu_q=1 gpu_total_us=12051 gpu_prepass_us=225 gpu_main_us=4931 gpu_composite_us=6894 gpu_blit_us=0
frust_shell_common::perf: frust-perf raw n=162 total_us=12606 rebuild_us=145 layout_us=0 paint_us=186 encode_us=48 acquire_us=43 submit_us=12183 skipped=0 gpu_q=1 gpu_total_us=11824 gpu_prepass_us=0 gpu_main_us=4990 gpu_composite_us=6834 gpu_blit_us=0
frust_shell_common::perf: frust-perf raw n=163 total_us=9124 rebuild_us=723 layout_us=15 paint_us=79 encode_us=46 acquire_us=50 submit_us=8209 skipped=0 gpu_q=1 gpu_total_us=11818 gpu_prepass_us=0 gpu_main_us=4986 gpu_composite_us=6832 gpu_blit_us=0
frust_shell_android::app::frame: frust-perf platform-view tail depth=0 target=0 acquire_bound=false frame=960 expected_present_us=0 acquire_us=49 period_us=11131
