frust-perf activity-create
frust_render::context: frust-perf surface-caps formats=[Rgba8UnormSrgb,Rgba8Unorm,Rgba16Float,Rgb10a2Unorm] usages=TextureUsages(COPY_SRC | COPY_DST | TEXTURE_BINDING | STORAGE_BINDING | RENDER_ATTACHMENT | STORAGE_ATOMIC) direct_to_surface=YES (Rgba8Unorm+STORAGE_BINDING)
frust_render::context: frust-perf render-path hybrid-direct (vello_hybrid into the acquired swapchain view (RENDER_ATTACHMENT, surface-reported format))
frust_render::hybrid_tier: frust-perf hybrid strip_us=1505 record_us=13005
frust_shell_common::perf: frust-perf startup init_entry=0ms font_preinit_started=0ms font_preinit_joined=0ms preinit_started=0ms preinit_joined=21ms cache_loaded=22ms pipeline_cache_restored=22ms adapter_ready=500ms device_ready=500ms renderer_ready=500ms first_rebuild_done=504ms first_encode_done=504ms first_frame_presented=520ms
frust_shell_common::perf: frust-perf raw n=1 total_us=16681 rebuild_us=315 layout_us=77 paint_us=176 encode_us=34 acquire_us=25 submit_us=16053 skipped=0
frust_shell_android::app::frame: frust-perf platform-view tail depth=0 target=0 acquire_bound=false frame=120 expected_present_us=0 acquire_us=25 period_us=11132
frust_shell_android::app::input: frust-perf platform-view gesture phase=down frame=143
frust_shell_android::app::input: frust-perf platform-view gesture phase=up frame=143
frust_render::hybrid_tier: frust-perf hybrid strip_us=758 record_us=1201
frust_shell_common::perf: frust-perf raw n=2 total_us=3803 rebuild_us=150 layout_us=0 paint_us=77 encode_us=55 acquire_us=44 submit_us=3474 skipped=0
frust_render::hybrid_tier: frust-perf hybrid strip_us=1361 record_us=546
frust_shell_common::perf: frust-perf raw n=3 total_us=11419 rebuild_us=6679 layout_us=1052 paint_us=187 encode_us=48 acquire_us=44 submit_us=3407 skipped=0
frust_render::hybrid_tier: frust-perf hybrid strip_us=1318 record_us=2411
frust_shell_common::perf: frust-perf raw n=4 total_us=13827 rebuild_us=374 layout_us=142 paint_us=172 encode_us=38 acquire_us=23 submit_us=13075 skipped=0
frust_render::hybrid_tier: frust-perf hybrid strip_us=1414 record_us=4125
frust_shell_common::perf: frust-perf raw n=5 total_us=34043 rebuild_us=542 layout_us=105 paint_us=212 encode_us=47 acquire_us=742 submit_us=32392 skipped=0
frust_render::hybrid_tier: frust-perf hybrid strip_us=1516 record_us=3208
frust_shell_common::perf: frust-perf raw n=6 total_us=21612 rebuild_us=454 layout_us=85 paint_us=324 encode_us=92 acquire_us=69 submit_us=20586 skipped=0
frust_render::hybrid_tier: frust-perf hybrid strip_us=1693 record_us=2588
frust_shell_common::perf: frust-perf raw n=7 total_us=19405 rebuild_us=570 layout_us=94 paint_us=256 encode_us=51 acquire_us=46 submit_us=18387 skipped=0
frust_render::hybrid_tier: frust-perf hybrid strip_us=1572 record_us=2524
frust_shell_common::perf: frust-perf raw n=8 total_us=18797 rebuild_us=512 layout_us=82 paint_us=191 encode_us=76 acquire_us=47 submit_us=17886 skipped=0
frust_render::hybrid_tier: frust-perf hybrid strip_us=1548 record_us=2234
frust_shell_common::perf: frust-perf raw n=9 total_us=18181 rebuild_us=508 layout_us=72 paint_us=168 encode_us=57 acquire_us=54 submit_us=17320 skipped=0
frust_render::hybrid_tier: frust-perf hybrid strip_us=2537 record_us=3489
frust_shell_common::perf: frust-perf raw n=10 total_us=17389 rebuild_us=470 layout_us=82 paint_us=171 encode_us=52 acquire_us=54 submit_us=16557 skipped=0
frust_render::hybrid_tier: frust-perf hybrid strip_us=1814 record_us=2836
frust_shell_common::perf: frust-perf raw n=11 total_us=17657 rebuild_us=495 layout_us=88 paint_us=202 encode_us=65 acquire_us=55 submit_us=16750 skipped=0
frust_render::hybrid_tier: frust-perf hybrid strip_us=1730 record_us=2561
frust_shell_common::perf: frust-perf raw n=12 total_us=16964 rebuild_us=476 layout_us=84 paint_us=201 encode_us=52 acquire_us=55 submit_us=16093 skipped=0
frust_render::hybrid_tier: frust-perf hybrid strip_us=1493 record_us=2004
frust_shell_common::perf: frust-perf raw n=13 total_us=16676 rebuild_us=446 layout_us=79 paint_us=155 encode_us=46 acquire_us=48 submit_us=15899 skipped=0
frust_render::hybrid_tier: frust-perf hybrid strip_us=1537 record_us=2231
frust_shell_common::perf: frust-perf raw n=14 total_us=17174 rebuild_us=831 layout_us=78 paint_us=202 encode_us=50 acquire_us=52 submit_us=15960 skipped=0
frust_render::hybrid_tier: frust-perf hybrid strip_us=1497 record_us=582
frust_shell_common::perf: frust-perf raw n=15 total_us=16839 rebuild_us=419 layout_us=75 paint_us=151 encode_us=46 acquire_us=48 submit_us=16097 skipped=0
frust_render::hybrid_tier: frust-perf hybrid strip_us=1710 record_us=2141
frust_shell_common::perf: frust-perf raw n=16 total_us=15145 rebuild_us=436 layout_us=77 paint_us=217 encode_us=55 acquire_us=55 submit_us=14301 skipped=0
frust_render::hybrid_tier: frust-perf hybrid strip_us=1432 record_us=549
frust_shell_common::perf: frust-perf raw n=17 total_us=17012 rebuild_us=559 layout_us=98 paint_us=192 encode_us=53 acquire_us=50 submit_us=16057 skipped=0
frust_render::hybrid_tier: frust-perf hybrid strip_us=1772 record_us=2131
frust_shell_common::perf: frust-perf raw n=18 total_us=15714 rebuild_us=509 layout_us=92 paint_us=184 encode_us=55 acquire_us=56 submit_us=14815 skipped=0
frust_render::hybrid_tier: frust-perf hybrid strip_us=1488 record_us=2314
frust_shell_common::perf: frust-perf raw n=19 total_us=16789 rebuild_us=445 layout_us=78 paint_us=185 encode_us=47 acquire_us=67 submit_us=15966 skipped=0
frust_render::hybrid_tier: frust-perf hybrid strip_us=1630 record_us=600
frust_shell_common::perf: frust-perf raw n=20 total_us=16585 rebuild_us=454 layout_us=77 paint_us=163 encode_us=64 acquire_us=74 submit_us=15751 skipped=0
frust_render::hybrid_tier: frust-perf hybrid strip_us=1425 record_us=1997
frust_shell_common::perf: frust-perf raw n=21 total_us=15286 rebuild_us=444 layout_us=79 paint_us=183 encode_us=51 acquire_us=58 submit_us=14469 skipped=0
frust_render::hybrid_tier: frust-perf hybrid strip_us=1052 record_us=340
frust_shell_common::perf: frust-perf raw n=22 total_us=7913 rebuild_us=546 layout_us=70 paint_us=120 encode_us=47 acquire_us=52 submit_us=7076 skipped=0
frust_shell_android::app::frame: frust-perf platform-view tail depth=0 target=0 acquire_bound=false frame=240 expected_present_us=0 acquire_us=58 period_us=11127
frust_render::hybrid_tier: frust-perf hybrid strip_us=1182 record_us=555
frust_shell_common::perf: frust-perf raw n=23 total_us=4553 rebuild_us=248 layout_us=127 paint_us=202 encode_us=70 acquire_us=96 submit_us=3807 skipped=0
frust_render::hybrid_tier: frust-perf hybrid strip_us=1906 record_us=2044
frust_shell_common::perf: frust-perf raw n=24 total_us=10639 rebuild_us=193 layout_us=0 paint_us=278 encode_us=79 acquire_us=96 submit_us=9991 skipped=0
frust_render::hybrid_tier: frust-perf hybrid strip_us=1733 record_us=684
frust_shell_common::perf: frust-perf raw n=25 total_us=29497 rebuild_us=440 layout_us=233 paint_us=255 encode_us=74 acquire_us=70 submit_us=28423 skipped=0
frust_render::hybrid_tier: frust-perf hybrid strip_us=1736 record_us=779
frust_shell_common::perf: frust-perf raw n=26 total_us=18878 rebuild_us=196 layout_us=125 paint_us=238 encode_us=76 acquire_us=76 submit_us=18165 skipped=0
frust_render::hybrid_tier: frust-perf hybrid strip_us=1676 record_us=674
frust_shell_common::perf: frust-perf raw n=27 total_us=15919 rebuild_us=167 layout_us=99 paint_us=188 encode_us=58 acquire_us=61 submit_us=15345 skipped=0
frust_render::hybrid_tier: frust-perf hybrid strip_us=1694 record_us=629
frust_shell_common::perf: frust-perf raw n=28 total_us=15800 rebuild_us=171 layout_us=119 paint_us=212 encode_us=60 acquire_us=84 submit_us=15152 skipped=0
frust_render::hybrid_tier: frust-perf hybrid strip_us=1782 record_us=2173
frust_shell_common::perf: frust-perf raw n=29 total_us=16072 rebuild_us=178 layout_us=117 paint_us=199 encode_us=65 acquire_us=62 submit_us=15448 skipped=0
frust_render::hybrid_tier: frust-perf hybrid strip_us=1730 record_us=2330
frust_shell_common::perf: frust-perf raw n=30 total_us=16825 rebuild_us=180 layout_us=118 paint_us=210 encode_us=64 acquire_us=82 submit_us=16168 skipped=0
frust_render::hybrid_tier: frust-perf hybrid strip_us=1664 record_us=2344
frust_shell_common::perf: frust-perf raw n=31 total_us=15853 rebuild_us=151 layout_us=98 paint_us=202 encode_us=105 acquire_us=76 submit_us=15219 skipped=0
frust_render::hybrid_tier: frust-perf hybrid strip_us=1773 record_us=2428
frust_shell_common::perf: frust-perf raw n=32 total_us=18201 rebuild_us=166 layout_us=117 paint_us=219 encode_us=55 acquire_us=53 submit_us=17590 skipped=0
frust_render::hybrid_tier: frust-perf hybrid strip_us=1923 record_us=3464
frust_shell_common::perf: frust-perf raw n=33 total_us=16994 rebuild_us=155 layout_us=105 paint_us=196 encode_us=114 acquire_us=146 submit_us=16276 skipped=0
frust_render::hybrid_tier: frust-perf hybrid strip_us=1711 record_us=2169
frust_shell_common::perf: frust-perf raw n=34 total_us=16959 rebuild_us=157 layout_us=97 paint_us=196 encode_us=60 acquire_us=80 submit_us=16367 skipped=0
frust_render::hybrid_tier: frust-perf hybrid strip_us=1644 record_us=691
frust_shell_common::perf: frust-perf raw n=35 total_us=17418 rebuild_us=150 layout_us=96 paint_us=184 encode_us=41 acquire_us=61 submit_us=16885 skipped=0
frust_render::hybrid_tier: frust-perf hybrid strip_us=1621 record_us=640
frust_shell_common::perf: frust-perf raw n=36 total_us=16504 rebuild_us=149 layout_us=94 paint_us=195 encode_us=50 acquire_us=51 submit_us=15962 skipped=0
frust_render::hybrid_tier: frust-perf hybrid strip_us=1655 record_us=2114
frust_shell_common::perf: frust-perf raw n=37 total_us=16384 rebuild_us=144 layout_us=97 paint_us=184 encode_us=46 acquire_us=60 submit_us=15849 skipped=0
frust_render::hybrid_tier: frust-perf hybrid strip_us=1694 record_us=681
frust_shell_common::perf: frust-perf raw n=38 total_us=17536 rebuild_us=157 layout_us=104 paint_us=187 encode_us=64 acquire_us=74 submit_us=16947 skipped=0
frust_render::hybrid_tier: frust-perf hybrid strip_us=1946 record_us=672
frust_shell_common::perf: frust-perf raw n=39 total_us=16038 rebuild_us=145 layout_us=97 paint_us=185 encode_us=107 acquire_us=134 submit_us=15367 skipped=0
frust_render::hybrid_tier: frust-perf hybrid strip_us=1685 record_us=650
frust_shell_common::perf: frust-perf raw n=40 total_us=16141 rebuild_us=149 layout_us=99 paint_us=183 encode_us=49 acquire_us=57 submit_us=15600 skipped=0
frust_render::hybrid_tier: frust-perf hybrid strip_us=1682 record_us=672
frust_shell_common::perf: frust-perf raw n=41 total_us=15881 rebuild_us=154 layout_us=101 paint_us=196 encode_us=53 acquire_us=57 submit_us=15318 skipped=0
frust_render::hybrid_tier: frust-perf hybrid strip_us=1581 record_us=532
frust_shell_common::perf: frust-perf raw n=42 total_us=17002 rebuild_us=163 layout_us=115 paint_us=207 encode_us=58 acquire_us=56 submit_us=16399 skipped=0
frust_render::hybrid_tier: frust-perf hybrid strip_us=1162 record_us=467
frust_shell_common::perf: frust-perf raw n=43 total_us=6633 rebuild_us=884 layout_us=15 paint_us=73 encode_us=55 acquire_us=55 submit_us=5549 skipped=0
frust_shell_android::app::frame: frust-perf platform-view tail depth=0 target=0 acquire_bound=false frame=360 expected_present_us=0 acquire_us=64 period_us=11126
frust_shell_android::app::input: frust-perf platform-view gesture phase=down frame=445
frust_shell_android::app::input: frust-perf platform-view gesture phase=up frame=445
frust_render::hybrid_tier: frust-perf hybrid strip_us=904 record_us=348
frust_shell_common::perf: frust-perf raw n=44 total_us=3339 rebuild_us=134 layout_us=0 paint_us=80 encode_us=55 acquire_us=68 submit_us=3000 skipped=0
frust_render::hybrid_tier: frust-perf hybrid strip_us=1168 record_us=484
frust_shell_common::perf: frust-perf raw n=45 total_us=11378 rebuild_us=975 layout_us=615 paint_us=228 encode_us=69 acquire_us=75 submit_us=9413 skipped=0
frust_render::hybrid_tier: frust-perf hybrid strip_us=1820 record_us=687
frust_shell_common::perf: frust-perf raw n=46 total_us=14144 rebuild_us=555 layout_us=143 paint_us=170 encode_us=57 acquire_us=73 submit_us=13144 skipped=0
frust_render::hybrid_tier: frust-perf hybrid strip_us=1753 record_us=2129
frust_shell_common::perf: frust-perf raw n=47 total_us=31206 rebuild_us=943 layout_us=98 paint_us=205 encode_us=85 acquire_us=62 submit_us=29810 skipped=0
frust_render::hybrid_tier: frust-perf hybrid strip_us=1711 record_us=823
frust_shell_common::perf: frust-perf raw n=48 total_us=20486 rebuild_us=456 layout_us=64 paint_us=144 encode_us=74 acquire_us=65 submit_us=19681 skipped=0
frust_render::hybrid_tier: frust-perf hybrid strip_us=1705 record_us=689
frust_shell_common::perf: frust-perf raw n=49 total_us=16296 rebuild_us=470 layout_us=65 paint_us=178 encode_us=58 acquire_us=63 submit_us=15459 skipped=0
frust_render::hybrid_tier: frust-perf hybrid strip_us=1712 record_us=701
frust_shell_common::perf: frust-perf raw n=50 total_us=17343 rebuild_us=565 layout_us=73 paint_us=165 encode_us=49 acquire_us=63 submit_us=16425 skipped=0
frust_render::hybrid_tier: frust-perf hybrid strip_us=1659 record_us=599
frust_shell_common::perf: frust-perf raw n=51 total_us=16688 rebuild_us=555 layout_us=73 paint_us=165 encode_us=58 acquire_us=60 submit_us=15774 skipped=0
frust_render::hybrid_tier: frust-perf hybrid strip_us=1654 record_us=696
frust_shell_common::perf: frust-perf raw n=52 total_us=16601 rebuild_us=463 layout_us=62 paint_us=146 encode_us=57 acquire_us=64 submit_us=15805 skipped=0
frust_render::hybrid_tier: frust-perf hybrid strip_us=1850 record_us=2183
frust_shell_common::perf: frust-perf raw n=53 total_us=16434 rebuild_us=517 layout_us=68 paint_us=154 encode_us=57 acquire_us=56 submit_us=15579 skipped=0
frust_render::hybrid_tier: frust-perf hybrid strip_us=1820 record_us=2152
frust_shell_common::perf: frust-perf raw n=54 total_us=17402 rebuild_us=491 layout_us=64 paint_us=143 encode_us=45 acquire_us=50 submit_us=16607 skipped=0
frust_render::hybrid_tier: frust-perf hybrid strip_us=1878 record_us=2197
frust_shell_common::perf: frust-perf raw n=55 total_us=17289 rebuild_us=503 layout_us=68 paint_us=153 encode_us=66 acquire_us=83 submit_us=16414 skipped=0
frust_render::hybrid_tier: frust-perf hybrid strip_us=1720 record_us=695
frust_shell_common::perf: frust-perf raw n=56 total_us=17364 rebuild_us=508 layout_us=68 paint_us=162 encode_us=45 acquire_us=56 submit_us=16522 skipped=0
frust_render::hybrid_tier: frust-perf hybrid strip_us=1794 record_us=1890
frust_shell_common::perf: frust-perf raw n=57 total_us=16494 rebuild_us=496 layout_us=77 paint_us=169 encode_us=50 acquire_us=57 submit_us=15643 skipped=0
frust_render::hybrid_tier: frust-perf hybrid strip_us=1970 record_us=776
frust_shell_common::perf: frust-perf raw n=58 total_us=16897 rebuild_us=471 layout_us=67 paint_us=179 encode_us=117 acquire_us=149 submit_us=15912 skipped=0
frust_render::hybrid_tier: frust-perf hybrid strip_us=1709 record_us=2203
frust_shell_common::perf: frust-perf raw n=59 total_us=16729 rebuild_us=479 layout_us=65 paint_us=146 encode_us=47 acquire_us=56 submit_us=15933 skipped=0
frust_render::hybrid_tier: frust-perf hybrid strip_us=1709 record_us=645
frust_shell_common::perf: frust-perf raw n=60 total_us=18638 rebuild_us=460 layout_us=67 paint_us=142 encode_us=44 acquire_us=53 submit_us=17869 skipped=0
frust_render::hybrid_tier: frust-perf hybrid strip_us=1782 record_us=2087
frust_shell_common::perf: frust-perf raw n=61 total_us=14863 rebuild_us=435 layout_us=61 paint_us=136 encode_us=49 acquire_us=58 submit_us=14121 skipped=0
frust_render::hybrid_tier: frust-perf hybrid strip_us=1776 record_us=2262
frust_shell_common::perf: frust-perf raw n=62 total_us=17721 rebuild_us=526 layout_us=76 paint_us=175 encode_us=46 acquire_us=54 submit_us=16842 skipped=0
frust_render::hybrid_tier: frust-perf hybrid strip_us=1435 record_us=2050
frust_shell_common::perf: frust-perf raw n=63 total_us=18002 rebuild_us=435 layout_us=74 paint_us=147 encode_us=48 acquire_us=91 submit_us=17206 skipped=0
frust_render::hybrid_tier: frust-perf hybrid strip_us=1331 record_us=538
frust_shell_common::perf: frust-perf raw n=64 total_us=8100 rebuild_us=504 layout_us=54 paint_us=96 encode_us=47 acquire_us=58 submit_us=7338 skipped=0
frust_shell_android::app::frame: frust-perf platform-view tail depth=0 target=0 acquire_bound=false frame=480 expected_present_us=0 acquire_us=67 period_us=11124
frust_render::hybrid_tier: frust-perf hybrid strip_us=1184 record_us=407
frust_shell_common::perf: frust-perf raw n=65 total_us=3568 rebuild_us=181 layout_us=79 paint_us=124 encode_us=44 acquire_us=71 submit_us=3067 skipped=0
frust_render::hybrid_tier: frust-perf hybrid strip_us=1802 record_us=769
frust_shell_common::perf: frust-perf raw n=66 total_us=12163 rebuild_us=153 layout_us=0 paint_us=196 encode_us=56 acquire_us=77 submit_us=11679 skipped=0
frust_render::hybrid_tier: frust-perf hybrid strip_us=1815 record_us=726
frust_shell_android::app::frame: frust-perf platform-view tail depth=0 target=0 acquire_bound=false frame=600 expected_present_us=0 acquire_us=67 period_us=10859
frust_shell_common::perf: frust-perf raw n=67 total_us=29125 rebuild_us=423 layout_us=168 paint_us=184 encode_us=51 acquire_us=60 submit_us=28237 skipped=0
frust_render::hybrid_tier: frust-perf hybrid strip_us=1717 record_us=809
frust_shell_common::perf: frust-perf raw n=68 total_us=18841 rebuild_us=192 layout_us=106 paint_us=187 encode_us=56 acquire_us=63 submit_us=18233 skipped=0
frust_render::hybrid_tier: frust-perf hybrid strip_us=1720 record_us=690
frust_shell_common::perf: frust-perf raw n=69 total_us=16467 rebuild_us=146 layout_us=76 paint_us=143 encode_us=47 acquire_us=56 submit_us=15997 skipped=0
frust_render::hybrid_tier: frust-perf hybrid strip_us=1751 record_us=706
frust_shell_common::perf: frust-perf raw n=70 total_us=16111 rebuild_us=424 layout_us=218 paint_us=171 encode_us=68 acquire_us=60 submit_us=15168 skipped=0
frust_render::hybrid_tier: frust-perf hybrid strip_us=1781 record_us=751
frust_shell_common::perf: frust-perf raw n=71 total_us=16592 rebuild_us=157 layout_us=95 paint_us=161 encode_us=51 acquire_us=58 submit_us=16067 skipped=0
frust_render::hybrid_tier: frust-perf hybrid strip_us=1779 record_us=742
frust_shell_common::perf: frust-perf raw n=72 total_us=16791 rebuild_us=210 layout_us=127 paint_us=208 encode_us=56 acquire_us=57 submit_us=16130 skipped=0
frust_render::hybrid_tier: frust-perf hybrid strip_us=1706 record_us=709
frust_shell_common::perf: frust-perf raw n=73 total_us=16447 rebuild_us=145 layout_us=85 paint_us=157 encode_us=47 acquire_us=56 submit_us=15954 skipped=0
frust_render::hybrid_tier: frust-perf hybrid strip_us=1651 record_us=676
frust_shell_common::perf: frust-perf raw n=74 total_us=16067 rebuild_us=167 layout_us=98 paint_us=171 encode_us=59 acquire_us=55 submit_us=15515 skipped=0
frust_render::hybrid_tier: frust-perf hybrid strip_us=1654 record_us=732
frust_shell_common::perf: frust-perf raw n=75 total_us=15964 rebuild_us=159 layout_us=87 paint_us=180 encode_us=57 acquire_us=56 submit_us=15424 skipped=0
frust_render::hybrid_tier: frust-perf hybrid strip_us=1634 record_us=709
frust_shell_common::perf: frust-perf raw n=76 total_us=15879 rebuild_us=144 layout_us=76 paint_us=150 encode_us=51 acquire_us=53 submit_us=15403 skipped=0
frust_render::hybrid_tier: frust-perf hybrid strip_us=1648 record_us=669
frust_shell_common::perf: frust-perf raw n=77 total_us=15862 rebuild_us=155 layout_us=97 paint_us=210 encode_us=46 acquire_us=56 submit_us=15295 skipped=0
frust_render::hybrid_tier: frust-perf hybrid strip_us=1771 record_us=656
frust_shell_common::perf: frust-perf raw n=78 total_us=16856 rebuild_us=158 layout_us=93 paint_us=155 encode_us=54 acquire_us=56 submit_us=16338 skipped=0
frust_render::hybrid_tier: frust-perf hybrid strip_us=1693 record_us=660
frust_shell_common::perf: frust-perf raw n=79 total_us=16512 rebuild_us=415 layout_us=139 paint_us=194 encode_us=53 acquire_us=63 submit_us=15646 skipped=0
frust_render::hybrid_tier: frust-perf hybrid strip_us=1647 record_us=714
frust_shell_common::perf: frust-perf raw n=80 total_us=15530 rebuild_us=155 layout_us=88 paint_us=158 encode_us=52 acquire_us=57 submit_us=15017 skipped=0
frust_render::hybrid_tier: frust-perf hybrid strip_us=1670 record_us=665
frust_shell_common::perf: frust-perf raw n=81 total_us=16914 rebuild_us=162 layout_us=83 paint_us=161 encode_us=51 acquire_us=54 submit_us=16400 skipped=0
frust_render::hybrid_tier: frust-perf hybrid strip_us=1660 record_us=681
frust_shell_common::perf: frust-perf raw n=82 total_us=16276 rebuild_us=154 layout_us=87 paint_us=161 encode_us=45 acquire_us=57 submit_us=15768 skipped=0
frust_render::hybrid_tier: frust-perf hybrid strip_us=1696 record_us=653
frust_shell_common::perf: frust-perf raw n=83 total_us=15699 rebuild_us=142 layout_us=74 paint_us=152 encode_us=49 acquire_us=52 submit_us=15228 skipped=0
frust_render::hybrid_tier: frust-perf hybrid strip_us=1493 record_us=535
frust_shell_common::perf: frust-perf raw n=84 total_us=16489 rebuild_us=156 layout_us=93 paint_us=167 encode_us=47 acquire_us=74 submit_us=15949 skipped=0
frust_render::hybrid_tier: frust-perf hybrid strip_us=1187 record_us=462
frust_shell_common::perf: frust-perf raw n=85 total_us=7396 rebuild_us=476 layout_us=16 paint_us=76 encode_us=56 acquire_us=57 submit_us=6713 skipped=0
frust_shell_android::app::frame: frust-perf platform-view tail depth=0 target=0 acquire_bound=false frame=720 expected_present_us=0 acquire_us=58 period_us=11128
frust_shell_android::app::input: frust-perf platform-view gesture phase=down frame=747
frust_shell_android::app::input: frust-perf platform-view gesture phase=up frame=747
frust_render::hybrid_tier: frust-perf hybrid strip_us=807 record_us=331
frust_shell_common::perf: frust-perf raw n=86 total_us=2888 rebuild_us=132 layout_us=0 paint_us=132 encode_us=43 acquire_us=62 submit_us=2517 skipped=0
frust_render::hybrid_tier: frust-perf hybrid strip_us=1010 record_us=374
frust_shell_common::perf: frust-perf raw n=87 total_us=11254 rebuild_us=6505 layout_us=837 paint_us=196 encode_us=52 acquire_us=66 submit_us=3594 skipped=0
frust_render::hybrid_tier: frust-perf hybrid strip_us=1106 record_us=407
frust_shell_common::perf: frust-perf raw n=88 total_us=14614 rebuild_us=290 layout_us=44 paint_us=118 encode_us=34 acquire_us=46 submit_us=14078 skipped=0
frust_render::hybrid_tier: frust-perf hybrid strip_us=1767 record_us=660
frust_shell_common::perf: frust-perf raw n=89 total_us=29981 rebuild_us=693 layout_us=57 paint_us=169 encode_us=51 acquire_us=55 submit_us=28953 skipped=0
frust_render::hybrid_tier: frust-perf hybrid strip_us=1741 record_us=796
frust_shell_common::perf: frust-perf raw n=90 total_us=21078 rebuild_us=851 layout_us=40 paint_us=145 encode_us=54 acquire_us=67 submit_us=19918 skipped=0
frust_render::hybrid_tier: frust-perf hybrid strip_us=1706 record_us=723
frust_shell_common::perf: frust-perf raw n=91 total_us=17167 rebuild_us=388 layout_us=60 paint_us=165 encode_us=74 acquire_us=71 submit_us=16408 skipped=0
frust_render::hybrid_tier: frust-perf hybrid strip_us=1771 record_us=688
frust_shell_common::perf: frust-perf raw n=92 total_us=17652 rebuild_us=367 layout_us=72 paint_us=242 encode_us=58 acquire_us=65 submit_us=16845 skipped=0
frust_render::hybrid_tier: frust-perf hybrid strip_us=1700 record_us=704
frust_shell_common::perf: frust-perf raw n=93 total_us=17114 rebuild_us=788 layout_us=113 paint_us=223 encode_us=52 acquire_us=59 submit_us=15877 skipped=0
frust_render::hybrid_tier: frust-perf hybrid strip_us=1889 record_us=2304
frust_shell_common::perf: frust-perf raw n=94 total_us=17320 rebuild_us=372 layout_us=58 paint_us=183 encode_us=53 acquire_us=63 submit_us=16589 skipped=0
frust_render::hybrid_tier: frust-perf hybrid strip_us=1697 record_us=2422
frust_shell_common::perf: frust-perf raw n=95 total_us=17080 rebuild_us=432 layout_us=61 paint_us=227 encode_us=64 acquire_us=74 submit_us=16219 skipped=0
frust_render::hybrid_tier: frust-perf hybrid strip_us=1817 record_us=2363
frust_shell_common::perf: frust-perf raw n=96 total_us=17866 rebuild_us=392 layout_us=63 paint_us=150 encode_us=51 acquire_us=56 submit_us=17152 skipped=0
frust_render::hybrid_tier: frust-perf hybrid strip_us=1714 record_us=2428
frust_shell_common::perf: frust-perf raw n=97 total_us=17552 rebuild_us=813 layout_us=71 paint_us=209 encode_us=71 acquire_us=71 submit_us=16314 skipped=0
frust_render::hybrid_tier: frust-perf hybrid strip_us=1426 record_us=2016
frust_shell_common::perf: frust-perf raw n=98 total_us=17560 rebuild_us=364 layout_us=48 paint_us=165 encode_us=47 acquire_us=54 submit_us=16880 skipped=0
frust_render::hybrid_tier: frust-perf hybrid strip_us=1993 record_us=2472
frust_shell_common::perf: frust-perf raw n=99 total_us=18274 rebuild_us=411 layout_us=63 paint_us=171 encode_us=53 acquire_us=64 submit_us=17510 skipped=0
frust_render::hybrid_tier: frust-perf hybrid strip_us=1614 record_us=2243
frust_shell_common::perf: frust-perf raw n=100 total_us=16038 rebuild_us=380 layout_us=52 paint_us=149 encode_us=52 acquire_us=61 submit_us=15341 skipped=0
frust_render::hybrid_tier: frust-perf hybrid strip_us=1736 record_us=585
frust_shell_common::perf: frust-perf raw n=101 total_us=17882 rebuild_us=389 layout_us=57 paint_us=160 encode_us=110 acquire_us=131 submit_us=17032 skipped=0
frust_render::hybrid_tier: frust-perf hybrid strip_us=1521 record_us=657
frust_shell_common::perf: frust-perf raw n=102 total_us=16474 rebuild_us=352 layout_us=49 paint_us=150 encode_us=51 acquire_us=58 submit_us=15811 skipped=0
frust_render::hybrid_tier: frust-perf hybrid strip_us=1586 record_us=663
frust_shell_common::perf: frust-perf raw n=103 total_us=15929 rebuild_us=409 layout_us=60 paint_us=170 encode_us=48 acquire_us=53 submit_us=15185 skipped=0
frust_render::hybrid_tier: frust-perf hybrid strip_us=1603 record_us=681
frust_shell_common::perf: frust-perf raw n=104 total_us=16981 rebuild_us=476 layout_us=57 paint_us=172 encode_us=50 acquire_us=60 submit_us=16164 skipped=0
frust_render::hybrid_tier: frust-perf hybrid strip_us=1475 record_us=1950
frust_shell_common::perf: frust-perf raw n=105 total_us=16715 rebuild_us=800 layout_us=70 paint_us=190 encode_us=51 acquire_us=52 submit_us=15549 skipped=0
frust_render::hybrid_tier: frust-perf hybrid strip_us=1200 record_us=2077
frust_shell_common::perf: frust-perf raw n=106 total_us=8569 rebuild_us=393 layout_us=42 paint_us=126 encode_us=49 acquire_us=61 submit_us=7896 skipped=0
frust_shell_android::app::frame: frust-perf platform-view tail depth=0 target=0 acquire_bound=false frame=840 expected_present_us=0 acquire_us=61 period_us=11128
frust_render::hybrid_tier: frust-perf hybrid strip_us=1051 record_us=468
frust_shell_common::perf: frust-perf raw n=107 total_us=3732 rebuild_us=189 layout_us=72 paint_us=154 encode_us=45 acquire_us=68 submit_us=3200 skipped=0
frust_render::hybrid_tier: frust-perf hybrid strip_us=1593 record_us=723
frust_shell_common::perf: frust-perf raw n=108 total_us=10683 rebuild_us=133 layout_us=0 paint_us=170 encode_us=53 acquire_us=76 submit_us=10249 skipped=0
frust_render::hybrid_tier: frust-perf hybrid strip_us=1684 record_us=691
frust_shell_common::perf: frust-perf raw n=109 total_us=28190 rebuild_us=442 layout_us=1 paint_us=297 encode_us=61 acquire_us=69 submit_us=27317 skipped=0
frust_render::hybrid_tier: frust-perf hybrid strip_us=1554 record_us=700
frust_shell_common::perf: frust-perf raw n=110 total_us=18222 rebuild_us=189 layout_us=0 paint_us=264 encode_us=53 acquire_us=66 submit_us=17648 skipped=0
frust_render::hybrid_tier: frust-perf hybrid strip_us=1596 record_us=682
frust_shell_common::perf: frust-perf raw n=111 total_us=16413 rebuild_us=166 layout_us=0 paint_us=177 encode_us=54 acquire_us=56 submit_us=15958 skipped=0
frust_render::hybrid_tier: frust-perf hybrid strip_us=1630 record_us=717
frust_shell_common::perf: frust-perf raw n=112 total_us=16775 rebuild_us=221 layout_us=0 paint_us=253 encode_us=57 acquire_us=62 submit_us=16181 skipped=0
frust_render::hybrid_tier: frust-perf hybrid strip_us=1549 record_us=659
frust_shell_common::perf: frust-perf raw n=113 total_us=16254 rebuild_us=179 layout_us=0 paint_us=186 encode_us=55 acquire_us=56 submit_us=15776 skipped=0
frust_render::hybrid_tier: frust-perf hybrid strip_us=1583 record_us=693
frust_shell_common::perf: frust-perf raw n=114 total_us=15941 rebuild_us=171 layout_us=0 paint_us=221 encode_us=81 acquire_us=60 submit_us=15405 skipped=0
frust_render::hybrid_tier: frust-perf hybrid strip_us=1646 record_us=771
frust_shell_common::perf: frust-perf raw n=115 total_us=16099 rebuild_us=147 layout_us=0 paint_us=194 encode_us=59 acquire_us=54 submit_us=15642 skipped=0
frust_render::hybrid_tier: frust-perf hybrid strip_us=1625 record_us=674
frust_shell_common::perf: frust-perf raw n=116 total_us=15466 rebuild_us=159 layout_us=0 paint_us=210 encode_us=54 acquire_us=52 submit_us=14987 skipped=0
frust_render::hybrid_tier: frust-perf hybrid strip_us=1646 record_us=664
frust_shell_common::perf: frust-perf raw n=117 total_us=16180 rebuild_us=165 layout_us=0 paint_us=228 encode_us=46 acquire_us=96 submit_us=15642 skipped=0
frust_render::hybrid_tier: frust-perf hybrid strip_us=1746 record_us=660
frust_shell_common::perf: frust-perf raw n=118 total_us=16134 rebuild_us=152 layout_us=0 paint_us=206 encode_us=56 acquire_us=58 submit_us=15658 skipped=0
frust_render::hybrid_tier: frust-perf hybrid strip_us=1678 record_us=673
frust_shell_common::perf: frust-perf raw n=119 total_us=15802 rebuild_us=163 layout_us=0 paint_us=199 encode_us=54 acquire_us=56 submit_us=15326 skipped=0
frust_render::hybrid_tier: frust-perf hybrid strip_us=1656 record_us=698
frust_shell_common::perf: frust-perf raw n=120 total_us=16427 rebuild_us=146 layout_us=0 paint_us=195 encode_us=53 acquire_us=56 submit_us=15975 skipped=0
frust_render::hybrid_tier: frust-perf hybrid strip_us=1632 record_us=648
frust_shell_common::perf: frust-perf raw n=121 total_us=16035 rebuild_us=151 layout_us=0 paint_us=198 encode_us=51 acquire_us=78 submit_us=15555 skipped=0
frust_render::hybrid_tier: frust-perf hybrid strip_us=1693 record_us=678
frust_shell_common::perf: frust-perf raw n=122 total_us=15864 rebuild_us=147 layout_us=0 paint_us=194 encode_us=46 acquire_us=57 submit_us=15416 skipped=0
frust_render::hybrid_tier: frust-perf hybrid strip_us=1721 record_us=672
frust_shell_common::perf: frust-perf raw n=123 total_us=16754 rebuild_us=138 layout_us=0 paint_us=222 encode_us=50 acquire_us=62 submit_us=16279 skipped=0
frust_render::hybrid_tier: frust-perf hybrid strip_us=1655 record_us=682
frust_shell_common::perf: frust-perf raw n=124 total_us=16638 rebuild_us=420 layout_us=1 paint_us=317 encode_us=46 acquire_us=56 submit_us=15795 skipped=0
frust_shell_common::perf: frust-perf frame n=120 total_p50_ms=16 total_p95_ms=21 total_p99_ms=31 rebuild_p95_ms=0 layout_p95_ms=0 paint_p95_ms=0 encode_p95_ms=0 acquire_p95_ms=0 submit_p95_ms=20 over_60hz=58 over_120hz=114 skipped=0 total_frames=124
frust_render::hybrid_tier: frust-perf hybrid strip_us=1657 record_us=668
frust_shell_common::perf: frust-perf raw n=125 total_us=15988 rebuild_us=153 layout_us=0 paint_us=196 encode_us=54 acquire_us=72 submit_us=15510 skipped=0
frust_render::hybrid_tier: frust-perf hybrid strip_us=1512 record_us=514
frust_shell_common::perf: frust-perf raw n=126 total_us=16129 rebuild_us=161 layout_us=0 paint_us=196 encode_us=52 acquire_us=58 submit_us=15660 skipped=0
frust_render::hybrid_tier: frust-perf hybrid strip_us=1140 record_us=569
frust_shell_common::perf: frust-perf raw n=127 total_us=6574 rebuild_us=765 layout_us=16 paint_us=77 encode_us=49 acquire_us=57 submit_us=5608 skipped=0
frust_shell_android::app::frame: frust-perf platform-view tail depth=0 target=0 acquire_bound=false frame=960 expected_present_us=0 acquire_us=60 period_us=11127
